2022-12-25 22:12:32.419 22983-23063 chatty                  pid-22983                            I  uid=10213(com.inforcegames.app3dmodelling) AudioTrack identical 8 lines
2022-12-25 22:12:32.421 22983-23063 AudioTrack              pid-22983                            V  obtainBuffer(192) returned 192 = 192 + 0 err 0
2022-12-25 22:12:32.425 22983-23063 AudioTrack              pid-22983                            V  obtainBuffer(192) returned 192 = 64 + 128 err 0
2022-12-25 22:12:32.425 22983-23063 AudioTrack              pid-22983                            V  obtainBuffer(128) returned 128 = 128 + 0 err 0
2022-12-25 22:12:32.430 22983-23063 AudioTrack              pid-22983                            V  obtainBuffer(192) returned 192 = 192 + 0 err 0
2022-12-25 22:12:32.503 22983-23063 chatty                  pid-22983                            I  uid=10213(com.inforcegames.app3dmodelling) AudioTrack identical 18 lines
2022-12-25 22:12:32.505 22983-23063 AudioTrack              pid-22983                            V  obtainBuffer(192) returned 192 = 192 + 0 err 0
2022-12-25 22:12:32.510 22983-23063 AudioTrack              pid-22983                            V  obtainBuffer(192) returned 192 = 128 + 64 err 0
2022-12-25 22:12:32.510 22983-23063 AudioTrack              pid-22983                            V  obtainBuffer(64) returned 64 = 64 + 0 err 0
2022-12-25 22:12:32.514 22983-23063 AudioTrack              pid-22983                            V  obtainBuffer(192) returned 192 = 192 + 0 err 0
2022-12-25 22:12:32.541 22983-23063 chatty                  pid-22983                            I  uid=10213(com.inforcegames.app3dmodelling) AudioTrack identical 7 lines
2022-12-25 22:12:32.545 22983-23063 AudioTrack              pid-22983                            V  obtainBuffer(192) returned 192 = 192 + 0 err 0
2022-12-25 22:12:32.548  1302-1462  ThermalEngine           pid-1302                             D  sensor_wait: msm_therm Wait done.
2022-12-25 22:12:32.548  1302-1463  ThermalEngine           pid-1302                             D  sensor_wait: quiet_therm Wait done.
2022-12-25 22:12:32.550  1302-1462  ThermalEngine           pid-1302                             D  sensor_monitor: msm_therm Reading 38000 .
2022-12-25 22:12:32.550  1302-1462  ThermalEngine           pid-1302                             I  Sensor:msm_therm:38000 mC
2022-12-25 22:12:32.550  1302-1462  ThermalEngine           pid-1302                             D  update_active_thresh: msm_therm Active(1), Hi(1) 44000, Lo(0) -2147483648, desc(0) Interval(1) 1000
2022-12-25 22:12:32.550  1302-1462  ThermalEngine           pid-1302                             D  sensor_monitor: msm_therm Sensor wait.
2022-12-25 22:12:32.550  1302-1462  ThermalEngine           pid-1302                             D  sensor_wait: msm_therm Wait start. 1000ms
2022-12-25 22:12:32.550 22983-23063 AudioTrack              pid-22983                            V  obtainBuffer(192) returned 192 = 192 + 0 err 0
2022-12-25 22:12:32.551  1302-1463  ThermalEngine           pid-1302                             D  sensor_monitor: quiet_therm Reading 37000 .
2022-12-25 22:12:32.551  1302-1463  ThermalEngine           pid-1302                             I  Sensor:quiet_therm:37000 mC
2022-12-25 22:12:32.551  1302-1463  ThermalEngine           pid-1302                             D  update_active_thresh: quiet_therm Active(1), Hi(1) 40000, Lo(0) -2147483648, desc(0) Interval(1) 1000
2022-12-25 22:12:32.551  1302-1463  ThermalEngine           pid-1302                             D  sensor_monitor: quiet_therm Sensor wait.
2022-12-25 22:12:32.551  1302-1463  ThermalEngine           pid-1302                             D  sensor_wait: quiet_therm Wait start. 1000ms
2022-12-25 22:12:32.554 22983-23063 AudioTrack              pid-22983                            V  obtainBuffer(192) returned 192 = 64 + 128 err 0
2022-12-25 22:12:32.554 22983-23063 AudioTrack              pid-22983                            V  obtainBuffer(128) returned 128 = 128 + 0 err 0
2022-12-25 22:12:32.558 22983-23063 AudioTrack              pid-22983                            V  obtainBuffer(192) returned 192 = 192 + 0 err 0
2022-12-25 22:12:32.630 22983-23063 chatty                  pid-22983                            I  uid=10213(com.inforcegames.app3dmodelling) AudioTrack identical 18 lines
2022-12-25 22:12:32.634 22983-23063 AudioTrack              pid-22983                            V  obtainBuffer(192) returned 192 = 192 + 0 err 0
2022-12-25 22:12:32.638 22983-23063 AudioTrack              pid-22983                            V  obtainBuffer(192) returned 192 = 128 + 64 err 0
2022-12-25 22:12:32.638 22983-23063 AudioTrack              pid-22983                            V  obtainBuffer(64) returned 64 = 64 + 0 err 0
2022-12-25 22:12:32.642 22983-23063 AudioTrack              pid-22983                            V  obtainBuffer(192) returned 192 = 192 + 0 err 0
2022-12-25 22:12:32.673 22983-23063 chatty                  pid-22983                            I  uid=10213(com.inforcegames.app3dmodelling) AudioTrack identical 8 lines
2022-12-25 22:12:32.678 22983-23063 AudioTrack              pid-22983                            V  obtainBuffer(192) returned 192 = 192 + 0 err 0
2022-12-25 22:12:32.682 22983-23063 AudioTrack              pid-22983                            V  obtainBuffer(192) returned 192 = 64 + 128 err 0
2022-12-25 22:12:32.682 22983-23063 AudioTrack              pid-22983                            V  obtainBuffer(128) returned 128 = 128 + 0 err 0
2022-12-25 22:12:32.686 22983-23063 AudioTrack              pid-22983                            V  obtainBuffer(192) returned 192 = 192 + 0 err 0
2022-12-25 22:12:32.758 22983-23063 chatty                  pid-22983                            I  uid=10213(com.inforcegames.app3dmodelling) AudioTrack identical 18 lines
2022-12-25 22:12:32.761 22983-23063 AudioTrack              pid-22983                            V  obtainBuffer(192) returned 192 = 192 + 0 err 0
2022-12-25 22:12:32.766 22983-23063 AudioTrack              pid-22983                            V  obtainBuffer(192) returned 192 = 128 + 64 err 0
2022-12-25 22:12:32.766 22983-23063 AudioTrack              pid-22983                            V  obtainBuffer(64) returned 64 = 64 + 0 err 0
2022-12-25 22:12:32.771 22983-23063 AudioTrack              pid-22983                            V  obtainBuffer(192) returned 192 = 192 + 0 err 0
2022-12-25 22:12:32.802 22983-23063 chatty                  pid-22983                            I  uid=10213(com.inforcegames.app3dmodelling) AudioTrack identical 8 lines
2022-12-25 22:12:32.805 22983-23063 AudioTrack              pid-22983                            V  obtainBuffer(192) returned 192 = 192 + 0 err 0
2022-12-25 22:12:32.809 22983-23063 AudioTrack              pid-22983                            V  obtainBuffer(192) returned 192 = 64 + 128 err 0
2022-12-25 22:12:32.809 22983-23063 AudioTrack              pid-22983                            V  obtainBuffer(128) returned 128 = 128 + 0 err 0
2022-12-25 22:12:32.814 22983-23063 AudioTrack              pid-22983                            V  obtainBuffer(192) returned 192 = 192 + 0 err 0
2022-12-25 22:12:32.886 22983-23063 chatty                  pid-22983                            I  uid=10213(com.inforcegames.app3dmodelling) AudioTrack identical 18 lines
2022-12-25 22:12:32.889 22983-23063 AudioTrack              pid-22983                            V  obtainBuffer(192) returned 192 = 192 + 0 err 0
2022-12-25 22:12:32.893 22983-23063 AudioTrack              pid-22983                            V  obtainBuffer(192) returned 192 = 128 + 64 err 0
2022-12-25 22:12:32.893 22983-23063 AudioTrack              pid-22983                            V  obtainBuffer(64) returned 64 = 64 + 0 err 0
2022-12-25 22:12:32.898 22983-23063 AudioTrack              pid-22983                            V  obtainBuffer(192) returned 192 = 192 + 0 err 0
2022-12-25 22:12:32.929 22983-23063 chatty                  pid-22983                            I  uid=10213(com.inforcegames.app3dmodelling) AudioTrack identical 8 lines
2022-12-25 22:12:32.934 22983-23063 AudioTrack              pid-22983                            V  obtainBuffer(192) returned 192 = 192 + 0 err 0
2022-12-25 22:12:32.938 22983-23063 AudioTrack              pid-22983                            V  obtainBuffer(192) returned 192 = 64 + 128 err 0
2022-12-25 22:12:32.938 22983-23063 AudioTrack              pid-22983                            V  obtainBuffer(128) returned 128 = 128 + 0 err 0
2022-12-25 22:12:32.942 22983-23063 AudioTrack              pid-22983                            V  obtainBuffer(192) returned 192 = 192 + 0 err 0
2022-12-25 22:12:33.013 22983-23063 chatty                  pid-22983                            I  uid=10213(com.inforcegames.app3dmodelling) AudioTrack identical 18 lines
2022-12-25 22:12:33.018 22983-23063 AudioTrack              pid-22983                            V  obtainBuffer(192) returned 192 = 192 + 0 err 0
2022-12-25 22:12:33.022 22983-23063 AudioTrack              pid-22983                            V  obtainBuffer(192) returned 192 = 128 + 64 err 0
2022-12-25 22:12:33.022 22983-23063 AudioTrack              pid-22983                            V  obtainBuffer(64) returned 64 = 64 + 0 err 0
2022-12-25 22:12:33.027 22983-23063 AudioTrack              pid-22983                            V  obtainBuffer(192) returned 192 = 192 + 0 err 0
2022-12-25 22:12:33.057 22983-23063 chatty                  pid-22983                            I  uid=10213(com.inforcegames.app3dmodelling) AudioTrack identical 8 lines
2022-12-25 22:12:33.062 22983-23063 AudioTrack              pid-22983                            V  obtainBuffer(192) returned 192 = 192 + 0 err 0
2022-12-25 22:12:33.066 22983-23063 AudioTrack              pid-22983                            V  obtainBuffer(192) returned 192 = 64 + 128 err 0
2022-12-25 22:12:33.066 22983-23063 AudioTrack              pid-22983                            V  obtainBuffer(128) returned 128 = 128 + 0 err 0
2022-12-25 22:12:33.070 22983-23063 AudioTrack              pid-22983                            V  obtainBuffer(192) returned 192 = 192 + 0 err 0
2022-12-25 22:12:33.143 22983-23063 chatty                  pid-22983                            I  uid=10213(com.inforcegames.app3dmodelling) AudioTrack identical 18 lines
2022-12-25 22:12:33.146 22983-23063 AudioTrack              pid-22983                            V  obtainBuffer(192) returned 192 = 192 + 0 err 0
2022-12-25 22:12:33.150 22983-23063 AudioTrack              pid-22983                            V  obtainBuffer(192) returned 192 = 128 + 64 err 0
2022-12-25 22:12:33.150 22983-23063 AudioTrack              pid-22983                            V  obtainBuffer(64) returned 64 = 64 + 0 err 0
2022-12-25 22:12:33.154 22983-23063 AudioTrack              pid-22983                            V  obtainBuffer(192) returned 192 = 192 + 0 err 0
2022-12-25 22:12:33.162 22983-23063 chatty                  pid-22983                            I  uid=10213(com.inforcegames.app3dmodelling) AudioTrack identical 2 lines
2022-12-25 22:12:33.165 22983-23063 AudioTrack              pid-22983                            V  obtainBuffer(192) returned 192 = 192 + 0 err 0
2022-12-25 22:12:33.167   688-688   audio_hw_spkr_prot      pid-688                              D  audio_extn_fbsp_get_parameters: Speaker protection disabled
2022-12-25 22:12:33.168   688-688   audio_hw_extn           pid-688                              D  audio_extn_get_parameters: returns 
2022-12-25 22:12:33.168   743-743   hash_map_utils          pid-743                              I  key: 'hifi_mode' value: ''
2022-12-25 22:12:33.170 22983-23063 AudioTrack              pid-22983                            V  obtainBuffer(192) returned 192 = 192 + 0 err 0
2022-12-25 22:12:33.171 22983-23868 AudioManager            pid-22983                            D  getStreamVolume isRestricted mode = 0
2022-12-25 22:12:33.175 22983-23063 AudioTrack              pid-22983                            V  obtainBuffer(192) returned 192 = 192 + 0 err 0
2022-12-25 22:12:33.176   688-688   audio_hw_spkr_prot      pid-688                              D  audio_extn_fbsp_get_parameters: Speaker protection disabled
2022-12-25 22:12:33.177   688-688   audio_hw_extn           pid-688                              D  audio_extn_get_parameters: returns 
2022-12-25 22:12:33.177   743-743   hash_map_utils          pid-743                              I  key: 'hifi_mode' value: ''
2022-12-25 22:12:33.178 22983-23063 AudioTrack              pid-22983                            V  obtainBuffer(192) returned 192 = 192 + 0 err 0
2022-12-25 22:12:33.186 22983-23063 chatty                  pid-22983                            I  uid=10213(com.inforcegames.app3dmodelling) AudioTrack identical 2 lines
2022-12-25 22:12:33.189 22983-23063 AudioTrack              pid-22983                            V  obtainBuffer(192) returned 192 = 192 + 0 err 0
2022-12-25 22:12:33.193 22983-23063 AudioTrack              pid-22983                            V  obtainBuffer(192) returned 192 = 64 + 128 err 0
2022-12-25 22:12:33.193 22983-23063 AudioTrack              pid-22983                            V  obtainBuffer(128) returned 128 = 128 + 0 err 0
2022-12-25 22:12:33.198 22983-23063 AudioTrack              pid-22983                            V  obtainBuffer(192) returned 192 = 192 + 0 err 0
2022-12-25 22:12:33.262 22983-23063 chatty                  pid-22983                            I  uid=10213(com.inforcegames.app3dmodelling) AudioTrack identical 16 lines
2022-12-25 22:12:33.266 22983-23063 AudioTrack              pid-22983                            V  obtainBuffer(192) returned 192 = 192 + 0 err 0
2022-12-25 22:12:33.268 22532-22652 Finsky                  pid-22532                            I  [9074] htq.run(3): Stats for Executor: BlockingExecutor klh@d15c871[Running, pool size = 0, active threads = 0, queued tasks = 0, completed tasks = 11]
2022-12-25 22:12:33.269 22983-23063 AudioTrack              pid-22983                            V  obtainBuffer(192) returned 192 = 192 + 0 err 0
2022-12-25 22:12:33.270 22532-22652 Finsky                  pid-22532                            I  [9074] htq.run(3): Stats for Executor: LightweightExecutor klh@dbef656[Running, pool size = 4, active threads = 0, queued tasks = 0, completed tasks = 90]
2022-12-25 22:12:33.274 22983-23063 AudioTrack              pid-22983                            V  obtainBuffer(192) returned 192 = 192 + 0 err 0
2022-12-25 22:12:33.278 22983-23063 AudioTrack              pid-22983                            V  obtainBuffer(192) returned 192 = 128 + 64 err 0
2022-12-25 22:12:33.278 22983-23063 AudioTrack              pid-22983                            V  obtainBuffer(64) returned 64 = 64 + 0 err 0
2022-12-25 22:12:33.282 22983-23063 AudioTrack              pid-22983                            V  obtainBuffer(192) returned 192 = 192 + 0 err 0
2022-12-25 22:12:33.315 22983-23063 chatty                  pid-22983                            I  uid=10213(com.inforcegames.app3dmodelling) AudioTrack identical 8 lines
2022-12-25 22:12:33.317 22983-23063 AudioTrack              pid-22983                            V  obtainBuffer(192) returned 192 = 192 + 0 err 0
2022-12-25 22:12:33.322 22983-23063 AudioTrack              pid-22983                            V  obtainBuffer(192) returned 192 = 64 + 128 err 0
2022-12-25 22:12:33.322 22983-23063 AudioTrack              pid-22983                            V  obtainBuffer(128) returned 128 = 128 + 0 err 0
2022-12-25 22:12:33.327 22983-23063 AudioTrack              pid-22983                            V  obtainBuffer(192) returned 192 = 192 + 0 err 0
2022-12-25 22:12:33.399 22983-23063 chatty                  pid-22983                            I  uid=10213(com.inforcegames.app3dmodelling) AudioTrack identical 18 lines
2022-12-25 22:12:33.402 22983-23063 AudioTrack              pid-22983                            V  obtainBuffer(192) returned 192 = 192 + 0 err 0
2022-12-25 22:12:33.405 22983-23063 AudioTrack              pid-22983                            V  obtainBuffer(192) returned 192 = 128 + 64 err 0
2022-12-25 22:12:33.405 22983-23063 AudioTrack              pid-22983                            V  obtainBuffer(64) returned 64 = 64 + 0 err 0
2022-12-25 22:12:33.410 22983-23063 AudioTrack              pid-22983                            V  obtainBuffer(192) returned 192 = 192 + 0 err 0
2022-12-25 22:12:33.442 22983-23063 chatty                  pid-22983                            I  uid=10213(com.inforcegames.app3dmodelling) AudioTrack identical 8 lines
2022-12-25 22:12:33.447 22983-23063 AudioTrack              pid-22983                            V  obtainBuffer(192) returned 192 = 192 + 0 err 0
2022-12-25 22:12:33.450 22983-23063 AudioTrack              pid-22983                            V  obtainBuffer(192) returned 192 = 64 + 128 err 0
2022-12-25 22:12:33.450 22983-23063 AudioTrack              pid-22983                            V  obtainBuffer(128) returned 128 = 128 + 0 err 0
2022-12-25 22:12:33.454 22983-23063 AudioTrack              pid-22983                            V  obtainBuffer(192) returned 192 = 192 + 0 err 0
2022-12-25 22:12:33.526 22983-23063 chatty                  pid-22983                            I  uid=10213(com.inforcegames.app3dmodelling) AudioTrack identical 18 lines
2022-12-25 22:12:33.531 22983-23063 AudioTrack              pid-22983                            V  obtainBuffer(192) returned 192 = 192 + 0 err 0
2022-12-25 22:12:33.534 22983-23063 AudioTrack              pid-22983                            V  obtainBuffer(192) returned 192 = 128 + 64 err 0
2022-12-25 22:12:33.534 22983-23063 AudioTrack              pid-22983                            V  obtainBuffer(64) returned 64 = 64 + 0 err 0
2022-12-25 22:12:33.538 22983-23063 AudioTrack              pid-22983                            V  obtainBuffer(192) returned 192 = 192 + 0 err 0
2022-12-25 22:12:33.542 22983-23063 chatty                  pid-22983                            I  uid=10213(com.inforcegames.app3dmodelling) AudioTrack identical 1 line
2022-12-25 22:12:33.546 22983-23063 AudioTrack              pid-22983                            V  obtainBuffer(192) returned 192 = 192 + 0 err 0
2022-12-25 22:12:33.550  1302-1462  ThermalEngine           pid-1302                             D  sensor_wait: msm_therm Wait done.
2022-12-25 22:12:33.551 22983-23063 AudioTrack              pid-22983                            V  obtainBuffer(192) returned 192 = 192 + 0 err 0
2022-12-25 22:12:33.551  1302-1462  ThermalEngine           pid-1302                             D  sensor_monitor: msm_therm Reading 38000 .
2022-12-25 22:12:33.551  1302-1462  ThermalEngine           pid-1302                             I  Sensor:msm_therm:38000 mC
2022-12-25 22:12:33.551  1302-1462  ThermalEngine           pid-1302                             D  update_active_thresh: msm_therm Active(1), Hi(1) 44000, Lo(0) -2147483648, desc(0) Interval(1) 1000
2022-12-25 22:12:33.551  1302-1462  ThermalEngine           pid-1302                             D  sensor_monitor: msm_therm Sensor wait.
2022-12-25 22:12:33.551  1302-1462  ThermalEngine           pid-1302                             D  sensor_wait: msm_therm Wait start. 1000ms
2022-12-25 22:12:33.551  1302-1463  ThermalEngine           pid-1302                             D  sensor_wait: quiet_therm Wait done.
2022-12-25 22:12:33.552  1302-1463  ThermalEngine           pid-1302                             D  sensor_monitor: quiet_therm Reading 37000 .
2022-12-25 22:12:33.552  1302-1463  ThermalEngine           pid-1302                             I  Sensor:quiet_therm:37000 mC
2022-12-25 22:12:33.553  1302-1463  ThermalEngine           pid-1302                             D  update_active_thresh: quiet_therm Active(1), Hi(1) 40000, Lo(0) -2147483648, desc(0) Interval(1) 1000
2022-12-25 22:12:33.553  1302-1463  ThermalEngine           pid-1302                             D  sensor_monitor: quiet_therm Sensor wait.
2022-12-25 22:12:33.553  1302-1463  ThermalEngine           pid-1302                             D  sensor_wait: quiet_therm Wait start. 1000ms
2022-12-25 22:12:33.554 22983-23063 AudioTrack              pid-22983                            V  obtainBuffer(192) returned 192 = 192 + 0 err 0
2022-12-25 22:12:33.570 22983-23063 chatty                  pid-22983                            I  uid=10213(com.inforcegames.app3dmodelling) AudioTrack identical 4 lines
2022-12-25 22:12:33.574 22983-23063 AudioTrack              pid-22983                            V  obtainBuffer(192) returned 192 = 192 + 0 err 0
2022-12-25 22:12:33.578 22983-23063 AudioTrack              pid-22983                            V  obtainBuffer(192) returned 192 = 64 + 128 err 0
2022-12-25 22:12:33.578 22983-23063 AudioTrack              pid-22983                            V  obtainBuffer(128) returned 128 = 128 + 0 err 0
2022-12-25 22:12:33.583 22983-23063 AudioTrack              pid-22983                            V  obtainBuffer(192) returned 192 = 192 + 0 err 0
2022-12-25 22:12:33.653 22983-23063 chatty                  pid-22983                            I  uid=10213(com.inforcegames.app3dmodelling) AudioTrack identical 18 lines
2022-12-25 22:12:33.658 22983-23063 AudioTrack              pid-22983                            V  obtainBuffer(192) returned 192 = 192 + 0 err 0
2022-12-25 22:12:33.663 22983-23063 AudioTrack              pid-22983                            V  obtainBuffer(192) returned 192 = 128 + 64 err 0
2022-12-25 22:12:33.663 22983-23063 AudioTrack              pid-22983                            V  obtainBuffer(64) returned 64 = 64 + 0 err 0
2022-12-25 22:12:33.667 22983-23063 AudioTrack              pid-22983                            V  obtainBuffer(192) returned 192 = 192 + 0 err 0
2022-12-25 22:12:33.698 22983-23063 chatty                  pid-22983                            I  uid=10213(com.inforcegames.app3dmodelling) AudioTrack identical 8 lines
2022-12-25 22:12:33.702 22983-23063 AudioTrack              pid-22983                            V  obtainBuffer(192) returned 192 = 192 + 0 err 0
2022-12-25 22:12:33.705 22983-23063 AudioTrack              pid-22983                            V  obtainBuffer(192) returned 192 = 64 + 128 err 0
2022-12-25 22:12:33.705 22983-23063 AudioTrack              pid-22983                            V  obtainBuffer(128) returned 128 = 128 + 0 err 0
2022-12-25 22:12:33.710 22983-23063 AudioTrack              pid-22983                            V  obtainBuffer(192) returned 192 = 192 + 0 err 0
2022-12-25 22:12:33.721 22983-23063 chatty                  pid-22983                            I  uid=10213(com.inforcegames.app3dmodelling) AudioTrack identical 3 lines
2022-12-25 22:12:33.725 22983-23063 AudioTrack              pid-22983                            V  obtainBuffer(192) returned 192 = 192 + 0 err 0
2022-12-25 22:12:33.730 22532-22652 Finsky                  pid-22532                            I  [9074] htq.run(3): Stats for Executor: bgExecutor klh@5e146d7[Running, pool size = 4, active threads = 0, queued tasks = 0, completed tasks = 182]
2022-12-25 22:12:33.730 22983-23063 AudioTrack              pid-22983                            V  obtainBuffer(192) returned 192 = 192 + 0 err 0
2022-12-25 22:12:33.782 22983-23063 chatty                  pid-22983                            I  uid=10213(com.inforcegames.app3dmodelling) AudioTrack identical 13 lines
2022-12-25 22:12:33.787 22983-23063 AudioTrack              pid-22983                            V  obtainBuffer(192) returned 192 = 192 + 0 err 0
2022-12-25 22:12:33.790 22983-23063 AudioTrack              pid-22983                            V  obtainBuffer(192) returned 192 = 128 + 64 err 0
2022-12-25 22:12:33.790 22983-23063 AudioTrack              pid-22983                            V  obtainBuffer(64) returned 64 = 64 + 0 err 0
2022-12-25 22:12:33.794 22983-23063 AudioTrack              pid-22983                            V  obtainBuffer(192) returned 192 = 192 + 0 err 0
2022-12-25 22:12:33.826 22983-23063 chatty                  pid-22983                            I  uid=10213(com.inforcegames.app3dmodelling) AudioTrack identical 8 lines
2022-12-25 22:12:33.829 22983-23063 AudioTrack              pid-22983                            V  obtainBuffer(192) returned 192 = 192 + 0 err 0
2022-12-25 22:12:33.834 22983-23063 AudioTrack              pid-22983                            V  obtainBuffer(192) returned 192 = 64 + 128 err 0
2022-12-25 22:12:33.834 22983-23063 AudioTrack              pid-22983                            V  obtainBuffer(128) returned 128 = 128 + 0 err 0
2022-12-25 22:12:33.838 22983-23063 AudioTrack              pid-22983                            V  obtainBuffer(192) returned 192 = 192 + 0 err 0
2022-12-25 22:12:33.870 29589-29589 linker                  pid-29589                            A  CANNOT LINK EXECUTABLE "/system/bin/dpmd": "/system/lib64/libdpmframework.so" is 32-bit instead of 64-bit
2022-12-25 22:12:33.909 22983-23063 chatty                  pid-22983                            I  uid=10213(com.inforcegames.app3dmodelling) AudioTrack identical 18 lines
2022-12-25 22:12:33.914 22983-23063 AudioTrack              pid-22983                            V  obtainBuffer(192) returned 192 = 192 + 0 err 0
2022-12-25 22:12:33.917 22983-23063 AudioTrack              pid-22983                            V  obtainBuffer(192) returned 192 = 128 + 64 err 0
2022-12-25 22:12:33.917 22983-23063 AudioTrack              pid-22983                            V  obtainBuffer(64) returned 64 = 64 + 0 err 0
2022-12-25 22:12:33.922 22983-23063 AudioTrack              pid-22983                            V  obtainBuffer(192) returned 192 = 192 + 0 err 0
2022-12-25 22:12:33.953 22983-23063 chatty                  pid-22983                            I  uid=10213(com.inforcegames.app3dmodelling) AudioTrack identical 8 lines
2022-12-25 22:12:33.957 22983-23063 AudioTrack              pid-22983                            V  obtainBuffer(192) returned 192 = 192 + 0 err 0
2022-12-25 22:12:33.961 22983-23063 AudioTrack              pid-22983                            V  obtainBuffer(192) returned 192 = 64 + 128 err 0
2022-12-25 22:12:33.962 22983-23063 AudioTrack              pid-22983                            V  obtainBuffer(128) returned 128 = 128 + 0 err 0
2022-12-25 22:12:33.966 22983-23063 AudioTrack              pid-22983                            V  obtainBuffer(192) returned 192 = 192 + 0 err 0
2022-12-25 22:12:34.006 22983-23063 chatty                  pid-22983                            I  uid=10213(com.inforcegames.app3dmodelling) AudioTrack identical 10 lines
2022-12-25 22:12:34.009 22983-23063 AudioTrack              pid-22983                            V  obtainBuffer(192) returned 192 = 192 + 0 err 0
2022-12-25 22:12:34.011  1302-1457  ThermalEngine           pid-1302                             D  sensor_wait: backlight_therm Wait done.
2022-12-25 22:12:34.013  1302-1457  ThermalEngine           pid-1302                             D  sensor_monitor: backlight_therm Reading 36000 .
2022-12-25 22:12:34.013  1302-1457  ThermalEngine           pid-1302                             I  Sensor:backlight_therm:36000 mC
2022-12-25 22:12:34.013  1302-1457  ThermalEngine           pid-1302                             D  update_active_thresh: backlight_therm Active(1), Hi(1) 45000, Lo(0) -2147483648, desc(0) Interval(1) 2000
2022-12-25 22:12:34.013  1302-1457  ThermalEngine           pid-1302                             D  sensor_monitor: backlight_therm Sensor wait.
2022-12-25 22:12:34.013  1302-1457  ThermalEngine           pid-1302                             D  sensor_wait: backlight_therm Wait start. 2000ms
2022-12-25 22:12:34.014 22983-23063 AudioTrack              pid-22983                            V  obtainBuffer(192) returned 192 = 192 + 0 err 0
2022-12-25 22:12:34.037 22983-23063 chatty                  pid-22983                            I  uid=10213(com.inforcegames.app3dmodelling) AudioTrack identical 6 lines
2022-12-25 22:12:34.041 22983-23063 AudioTrack              pid-22983                            V  obtainBuffer(192) returned 192 = 192 + 0 err 0
2022-12-25 22:12:34.045 22983-23063 AudioTrack              pid-22983                            V  obtainBuffer(192) returned 192 = 128 + 64 err 0
2022-12-25 22:12:34.045 22983-23063 AudioTrack              pid-22983                            V  obtainBuffer(64) returned 64 = 64 + 0 err 0
2022-12-25 22:12:34.050 22983-23063 AudioTrack              pid-22983                            V  obtainBuffer(192) returned 192 = 192 + 0 err 0
2022-12-25 22:12:34.081 22983-23063 chatty                  pid-22983                            I  uid=10213(com.inforcegames.app3dmodelling) AudioTrack identical 8 lines
2022-12-25 22:12:34.085 22983-23063 AudioTrack              pid-22983                            V  obtainBuffer(192) returned 192 = 192 + 0 err 0
2022-12-25 22:12:34.089 22983-23063 AudioTrack              pid-22983                            V  obtainBuffer(192) returned 192 = 64 + 128 err 0
2022-12-25 22:12:34.090 22983-23063 AudioTrack              pid-22983                            V  obtainBuffer(128) returned 128 = 128 + 0 err 0
2022-12-25 22:12:34.093 22983-23063 AudioTrack              pid-22983                            V  obtainBuffer(192) returned 192 = 192 + 0 err 0
2022-12-25 22:12:34.166 22983-23063 chatty                  pid-22983                            I  uid=10213(com.inforcegames.app3dmodelling) AudioTrack identical 18 lines
2022-12-25 22:12:34.170 22983-23063 AudioTrack              pid-22983                            V  obtainBuffer(192) returned 192 = 192 + 0 err 0
2022-12-25 22:12:34.174 22983-23063 AudioTrack              pid-22983                            V  obtainBuffer(192) returned 192 = 128 + 64 err 0
2022-12-25 22:12:34.174 22983-23063 AudioTrack              pid-22983                            V  obtainBuffer(64) returned 64 = 64 + 0 err 0
2022-12-25 22:12:34.177 22983-23063 AudioTrack              pid-22983                            V  obtainBuffer(192) returned 192 = 192 + 0 err 0
2022-12-25 22:12:34.209 22983-23063 chatty                  pid-22983                            I  uid=10213(com.inforcegames.app3dmodelling) AudioTrack identical 8 lines
2022-12-25 22:12:34.213 22983-23063 AudioTrack              pid-22983                            V  obtainBuffer(192) returned 192 = 192 + 0 err 0
2022-12-25 22:12:34.218 22983-23063 AudioTrack              pid-22983                            V  obtainBuffer(192) returned 192 = 64 + 128 err 0
2022-12-25 22:12:34.218 22983-23063 AudioTrack              pid-22983                            V  obtainBuffer(128) returned 128 = 128 + 0 err 0
2022-12-25 22:12:34.221 22983-23063 AudioTrack              pid-22983                            V  obtainBuffer(192) returned 192 = 192 + 0 err 0
2022-12-25 22:12:34.294 22983-23063 chatty                  pid-22983                            I  uid=10213(com.inforcegames.app3dmodelling) AudioTrack identical 18 lines
2022-12-25 22:12:34.298 22983-23063 AudioTrack              pid-22983                            V  obtainBuffer(192) returned 192 = 192 + 0 err 0
2022-12-25 22:12:34.302 22983-23063 AudioTrack              pid-22983                            V  obtainBuffer(192) returned 192 = 128 + 64 err 0
2022-12-25 22:12:34.302 22983-23063 AudioTrack              pid-22983                            V  obtainBuffer(64) returned 64 = 64 + 0 err 0
2022-12-25 22:12:34.307 22983-23063 AudioTrack              pid-22983                            V  obtainBuffer(192) returned 192 = 192 + 0 err 0
2022-12-25 22:12:34.338 22983-23063 chatty                  pid-22983                            I  uid=10213(com.inforcegames.app3dmodelling) AudioTrack identical 8 lines
2022-12-25 22:12:34.342 22983-23063 AudioTrack              pid-22983                            V  obtainBuffer(192) returned 192 = 192 + 0 err 0
2022-12-25 22:12:34.346 22983-23063 AudioTrack              pid-22983                            V  obtainBuffer(192) returned 192 = 64 + 128 err 0
2022-12-25 22:12:34.346 22983-23063 AudioTrack              pid-22983                            V  obtainBuffer(128) returned 128 = 128 + 0 err 0
2022-12-25 22:12:34.349 22983-23063 AudioTrack              pid-22983                            V  obtainBuffer(192) returned 192 = 192 + 0 err 0
2022-12-25 22:12:34.422 22983-23063 chatty                  pid-22983                            I  uid=10213(com.inforcegames.app3dmodelling) AudioTrack identical 18 lines
2022-12-25 22:12:34.425 22983-23063 AudioTrack              pid-22983                            V  obtainBuffer(192) returned 192 = 192 + 0 err 0
2022-12-25 22:12:34.430 22983-23063 AudioTrack              pid-22983                            V  obtainBuffer(192) returned 192 = 128 + 64 err 0
2022-12-25 22:12:34.430 22983-23063 AudioTrack              pid-22983                            V  obtainBuffer(64) returned 64 = 64 + 0 err 0
2022-12-25 22:12:34.434 22983-23063 AudioTrack              pid-22983                            V  obtainBuffer(192) returned 192 = 192 + 0 err 0
2022-12-25 22:12:34.466 22983-23063 chatty                  pid-22983                            I  uid=10213(com.inforcegames.app3dmodelling) AudioTrack identical 8 lines
2022-12-25 22:12:34.469 22983-23063 AudioTrack              pid-22983                            V  obtainBuffer(192) returned 192 = 192 + 0 err 0
2022-12-25 22:12:34.473 22983-23063 AudioTrack              pid-22983                            V  obtainBuffer(192) returned 192 = 64 + 128 err 0
2022-12-25 22:12:34.473 22983-23063 AudioTrack              pid-22983                            V  obtainBuffer(128) returned 128 = 128 + 0 err 0
2022-12-25 22:12:34.478 22983-23063 AudioTrack              pid-22983                            V  obtainBuffer(192) returned 192 = 192 + 0 err 0
2022-12-25 22:12:34.510 22983-23063 chatty                  pid-22983                            I  uid=10213(com.inforcegames.app3dmodelling) AudioTrack identical 8 lines
2022-12-25 22:12:34.514 22983-23063 AudioTrack              pid-22983                            V  obtainBuffer(192) returned 192 = 192 + 0 err 0
2022-12-25 22:12:34.516  2853-2870  m.android.phon          pid-2853                             I  Background concurrent copying GC freed 40146(4MB) AllocSpace objects, 4(64KB) LOS objects, 49% free, 5MB/10MB, paused 265us total 136.813ms
2022-12-25 22:12:34.518 22983-23063 AudioTrack              pid-22983                            V  obtainBuffer(192) returned 192 = 192 + 0 err 0
2022-12-25 22:12:34.546 22983-23063 chatty                  pid-22983                            I  uid=10213(com.inforcegames.app3dmodelling) AudioTrack identical 7 lines
2022-12-25 22:12:34.550 22983-23063 AudioTrack              pid-22983                            V  obtainBuffer(192) returned 192 = 192 + 0 err 0
2022-12-25 22:12:34.551  1302-1462  ThermalEngine           pid-1302                             D  sensor_wait: msm_therm Wait done.
2022-12-25 22:12:34.552  1302-1462  ThermalEngine           pid-1302                             D  sensor_monitor: msm_therm Reading 38000 .
2022-12-25 22:12:34.552  1302-1462  ThermalEngine           pid-1302                             I  Sensor:msm_therm:38000 mC
2022-12-25 22:12:34.552  1302-1462  ThermalEngine           pid-1302                             D  update_active_thresh: msm_therm Active(1), Hi(1) 44000, Lo(0) -2147483648, desc(0) Interval(1) 1000
2022-12-25 22:12:34.552  1302-1462  ThermalEngine           pid-1302                             D  sensor_monitor: msm_therm Sensor wait.
2022-12-25 22:12:34.552  1302-1462  ThermalEngine           pid-1302                             D  sensor_wait: msm_therm Wait start. 1000ms
2022-12-25 22:12:34.553  1302-1463  ThermalEngine           pid-1302                             D  sensor_wait: quiet_therm Wait done.
2022-12-25 22:12:34.554 22983-23063 AudioTrack              pid-22983                            V  obtainBuffer(192) returned 192 = 192 + 0 err 0
2022-12-25 22:12:34.554  1302-1463  ThermalEngine           pid-1302                             D  sensor_monitor: quiet_therm Reading 37000 .
2022-12-25 22:12:34.554  1302-1463  ThermalEngine           pid-1302                             I  Sensor:quiet_therm:37000 mC
2022-12-25 22:12:34.554  1302-1463  ThermalEngine           pid-1302                             D  update_active_thresh: quiet_therm Active(1), Hi(1) 40000, Lo(0) -2147483648, desc(0) Interval(1) 1000
2022-12-25 22:12:34.554  1302-1463  ThermalEngine           pid-1302                             D  sensor_monitor: quiet_therm Sensor wait.
2022-12-25 22:12:34.554  1302-1463  ThermalEngine           pid-1302                             D  sensor_wait: quiet_therm Wait start. 1000ms
2022-12-25 22:12:34.557 22983-23063 AudioTrack              pid-22983                            V  obtainBuffer(192) returned 192 = 128 + 64 err 0
2022-12-25 22:12:34.557 22983-23063 AudioTrack              pid-22983                            V  obtainBuffer(64) returned 64 = 64 + 0 err 0
2022-12-25 22:12:34.561 22983-23063 AudioTrack              pid-22983                            V  obtainBuffer(192) returned 192 = 192 + 0 err 0
2022-12-25 22:12:34.593 22983-23063 chatty                  pid-22983                            I  uid=10213(com.inforcegames.app3dmodelling) AudioTrack identical 8 lines
2022-12-25 22:12:34.598 22983-23063 AudioTrack              pid-22983                            V  obtainBuffer(192) returned 192 = 192 + 0 err 0
2022-12-25 22:12:34.601 22983-23063 AudioTrack              pid-22983                            V  obtainBuffer(192) returned 192 = 64 + 128 err 0
2022-12-25 22:12:34.601 22983-23063 AudioTrack              pid-22983                            V  obtainBuffer(128) returned 128 = 128 + 0 err 0
2022-12-25 22:12:34.606 22983-23063 AudioTrack              pid-22983                            V  obtainBuffer(192) returned 192 = 192 + 0 err 0
2022-12-25 22:12:34.677 22983-23063 chatty                  pid-22983                            I  uid=10213(com.inforcegames.app3dmodelling) AudioTrack identical 18 lines
2022-12-25 22:12:34.683 22983-23063 AudioTrack              pid-22983                            V  obtainBuffer(192) returned 192 = 192 + 0 err 0
2022-12-25 22:12:34.686 22983-23063 AudioTrack              pid-22983                            V  obtainBuffer(192) returned 192 = 128 + 64 err 0
2022-12-25 22:12:34.686 22983-23063 AudioTrack              pid-22983                            V  obtainBuffer(64) returned 64 = 64 + 0 err 0
2022-12-25 22:12:34.690 22983-23063 AudioTrack              pid-22983                            V  obtainBuffer(192) returned 192 = 192 + 0 err 0
2022-12-25 22:12:34.721 22983-23063 chatty                  pid-22983                            I  uid=10213(com.inforcegames.app3dmodelling) AudioTrack identical 8 lines
2022-12-25 22:12:34.725 22983-23063 AudioTrack              pid-22983                            V  obtainBuffer(192) returned 192 = 192 + 0 err 0
2022-12-25 22:12:34.730 22983-23063 AudioTrack              pid-22983                            V  obtainBuffer(192) returned 192 = 64 + 128 err 0
2022-12-25 22:12:34.730 22983-23063 AudioTrack              pid-22983                            V  obtainBuffer(128) returned 128 = 128 + 0 err 0
2022-12-25 22:12:34.735 22983-23063 AudioTrack              pid-22983                            V  obtainBuffer(192) returned 192 = 192 + 0 err 0
2022-12-25 22:12:34.758 22983-23063 chatty                  pid-22983                            I  uid=10213(com.inforcegames.app3dmodelling) AudioTrack identical 6 lines
2022-12-25 22:12:34.762 22983-23063 AudioTrack              pid-22983                            V  obtainBuffer(192) returned 192 = 192 + 0 err 0
2022-12-25 22:12:34.765 13316-13371 MobileSignalController  pid-13316                            D  onSignalStrengthsChanged: SignalStrength: 99 0 -120 -160 -120 -160 -1 26 -92 -10 192 2147483647 0 2147483647 99 255 2147483647 gsm|lte use_rsrp_and_rssnr_for_lte_level  [-120, -115, -110, -105, -97] [-115, -105, -95, -85]
2022-12-25 22:12:34.765 13316-13371 NetworkCon...troller(1) pid-13316                            D  4G level = 5
2022-12-25 22:12:34.765 22983-23063 AudioTrack              pid-22983                            V  obtainBuffer(192) returned 192 = 192 + 0 err 0
2022-12-25 22:12:34.806 22983-23063 chatty                  pid-22983                            I  uid=10213(com.inforcegames.app3dmodelling) AudioTrack identical 10 lines
2022-12-25 22:12:34.809 22983-23063 AudioTrack              pid-22983                            V  obtainBuffer(192) returned 192 = 192 + 0 err 0
2022-12-25 22:12:34.813 22983-23063 AudioTrack              pid-22983                            V  obtainBuffer(192) returned 192 = 128 + 64 err 0
2022-12-25 22:12:34.813 22983-23063 AudioTrack              pid-22983                            V  obtainBuffer(64) returned 64 = 64 + 0 err 0
2022-12-25 22:12:34.818 22983-23063 AudioTrack              pid-22983                            V  obtainBuffer(192) returned 192 = 192 + 0 err 0
2022-12-25 22:12:34.850 22983-23063 chatty                  pid-22983                            I  uid=10213(com.inforcegames.app3dmodelling) AudioTrack identical 8 lines
2022-12-25 22:12:34.854 22983-23063 AudioTrack              pid-22983                            V  obtainBuffer(192) returned 192 = 192 + 0 err 0
2022-12-25 22:12:34.857 22983-23063 AudioTrack              pid-22983                            V  obtainBuffer(192) returned 192 = 64 + 128 err 0
2022-12-25 22:12:34.857 22983-23063 AudioTrack              pid-22983                            V  obtainBuffer(128) returned 128 = 128 + 0 err 0
2022-12-25 22:12:34.862 22983-23063 AudioTrack              pid-22983                            V  obtainBuffer(192) returned 192 = 192 + 0 err 0
2022-12-25 22:12:34.934 22983-23063 chatty                  pid-22983                            I  uid=10213(com.inforcegames.app3dmodelling) AudioTrack identical 18 lines
2022-12-25 22:12:34.937 22983-23063 AudioTrack              pid-22983                            V  obtainBuffer(192) returned 192 = 192 + 0 err 0
2022-12-25 22:12:34.941 22983-23063 AudioTrack              pid-22983                            V  obtainBuffer(192) returned 192 = 128 + 64 err 0
2022-12-25 22:12:34.941 22983-23063 AudioTrack              pid-22983                            V  obtainBuffer(64) returned 64 = 64 + 0 err 0
2022-12-25 22:12:34.946 22983-23063 AudioTrack              pid-22983                            V  obtainBuffer(192) returned 192 = 192 + 0 err 0
2022-12-25 22:12:34.979 22983-23063 chatty                  pid-22983                            I  uid=10213(com.inforcegames.app3dmodelling) AudioTrack identical 8 lines
2022-12-25 22:12:34.981 22983-23063 AudioTrack              pid-22983                            V  obtainBuffer(192) returned 192 = 192 + 0 err 0
2022-12-25 22:12:34.985 22983-23063 AudioTrack              pid-22983                            V  obtainBuffer(192) returned 192 = 64 + 128 err 0
2022-12-25 22:12:34.985 22983-23063 AudioTrack              pid-22983                            V  obtainBuffer(128) returned 128 = 128 + 0 err 0
2022-12-25 22:12:34.990 22983-23063 AudioTrack              pid-22983                            V  obtainBuffer(192) returned 192 = 192 + 0 err 0
2022-12-25 22:12:35.025 22983-23063 chatty                  pid-22983                            I  uid=10213(com.inforcegames.app3dmodelling) AudioTrack identical 9 lines
2022-12-25 22:12:35.030 22983-23063 AudioTrack              pid-22983                            V  obtainBuffer(192) returned 192 = 192 + 0 err 0
2022-12-25 22:12:35.031  2820-5429  DPMJ                    pid-2820                             I  |REQ:RCVR| DPM creating socket
2022-12-25 22:12:35.034 22983-23063 AudioTrack              pid-22983                            V  obtainBuffer(192) returned 192 = 192 + 0 err 0
2022-12-25 22:12:35.062 22983-23063 chatty                  pid-22983                            I  uid=10213(com.inforcegames.app3dmodelling) AudioTrack identical 7 lines
2022-12-25 22:12:35.065 22983-23063 AudioTrack              pid-22983                            V  obtainBuffer(192) returned 192 = 192 + 0 err 0
2022-12-25 22:12:35.069 22983-23063 AudioTrack              pid-22983                            V  obtainBuffer(192) returned 192 = 128 + 64 err 0
2022-12-25 22:12:35.069 22983-23063 AudioTrack              pid-22983                            V  obtainBuffer(64) returned 64 = 64 + 0 err 0
2022-12-25 22:12:35.073 22983-23063 AudioTrack              pid-22983                            V  obtainBuffer(192) returned 192 = 192 + 0 err 0
2022-12-25 22:12:35.106 22983-23063 chatty                  pid-22983                            I  uid=10213(com.inforcegames.app3dmodelling) AudioTrack identical 8 lines
2022-12-25 22:12:35.110 22983-23063 AudioTrack              pid-22983                            V  obtainBuffer(192) returned 192 = 192 + 0 err 0
2022-12-25 22:12:35.113 22983-23063 AudioTrack              pid-22983                            V  obtainBuffer(192) returned 192 = 64 + 128 err 0
2022-12-25 22:12:35.113 22983-23063 AudioTrack              pid-22983                            V  obtainBuffer(128) returned 128 = 128 + 0 err 0
2022-12-25 22:12:35.117 22983-23063 AudioTrack              pid-22983                            V  obtainBuffer(192) returned 192 = 192 + 0 err 0
2022-12-25 22:12:35.186 22983-23063 chatty                  pid-22983                            I  uid=10213(com.inforcegames.app3dmodelling) AudioTrack identical 17 lines
2022-12-25 22:12:35.189 22983-23063 AudioTrack              pid-22983                            V  obtainBuffer(192) returned 192 = 192 + 0 err 0
2022-12-25 22:12:35.193 13316-13316 SignalClusterView       pid-13316                            D  updateMobileTypeImage  0
2022-12-25 22:12:35.194 22983-23063 AudioTrack              pid-22983                            V  obtainBuffer(192) returned 192 = 192 + 0 err 0
2022-12-25 22:12:35.195 13316-13316 SignalClusterView       pid-13316                            D  updateMobileTypeImage  0
2022-12-25 22:12:35.196 13316-13316 SignalClusterView       pid-13316                            D  updateMobileTypeImage  0
2022-12-25 22:12:35.198 22983-23063 AudioTrack              pid-22983                            V  obtainBuffer(192) returned 192 = 128 + 64 err 0
2022-12-25 22:12:35.198 22983-23063 AudioTrack              pid-22983                            V  obtainBuffer(64) returned 64 = 64 + 0 err 0
2022-12-25 22:12:35.203 22983-23063 AudioTrack              pid-22983                            V  obtainBuffer(192) returned 192 = 192 + 0 err 0
2022-12-25 22:12:35.234 22983-23063 chatty                  pid-22983                            I  uid=10213(com.inforcegames.app3dmodelling) AudioTrack identical 8 lines
2022-12-25 22:12:35.237 22983-23063 AudioTrack              pid-22983                            V  obtainBuffer(192) returned 192 = 192 + 0 err 0
2022-12-25 22:12:35.242 22983-23063 AudioTrack              pid-22983                            V  obtainBuffer(192) returned 192 = 64 + 128 err 0
2022-12-25 22:12:35.242 22983-23063 AudioTrack              pid-22983                            V  obtainBuffer(128) returned 128 = 128 + 0 err 0
2022-12-25 22:12:35.244   688-688   audio_hw_spkr_prot      pid-688                              D  audio_extn_fbsp_get_parameters: Speaker protection disabled
2022-12-25 22:12:35.244   688-688   audio_hw_extn           pid-688                              D  audio_extn_get_parameters: returns 
2022-12-25 22:12:35.245   743-743   hash_map_utils          pid-743                              I  key: 'hifi_mode' value: ''
2022-12-25 22:12:35.246 22983-23063 AudioTrack              pid-22983                            V  obtainBuffer(192) returned 192 = 192 + 0 err 0
2022-12-25 22:12:35.247 22983-23868 AudioManager            pid-22983                            D  getStreamVolume isRestricted mode = 0
2022-12-25 22:12:35.251 22983-23063 AudioTrack              pid-22983                            V  obtainBuffer(192) returned 192 = 192 + 0 err 0
2022-12-25 22:12:35.252   688-688   audio_hw_spkr_prot      pid-688                              D  audio_extn_fbsp_get_parameters: Speaker protection disabled
2022-12-25 22:12:35.252   688-688   audio_hw_extn           pid-688                              D  audio_extn_get_parameters: returns 
2022-12-25 22:12:35.253   743-743   hash_map_utils          pid-743                              I  key: 'hifi_mode' value: ''
2022-12-25 22:12:35.254 22983-23063 AudioTrack              pid-22983                            V  obtainBuffer(192) returned 192 = 192 + 0 err 0
2022-12-25 22:12:35.319 22983-23063 chatty                  pid-22983                            I  uid=10213(com.inforcegames.app3dmodelling) AudioTrack identical 16 lines
2022-12-25 22:12:35.321 22983-23063 AudioTrack              pid-22983                            V  obtainBuffer(192) returned 192 = 192 + 0 err 0
2022-12-25 22:12:35.326 22983-23063 AudioTrack              pid-22983                            V  obtainBuffer(192) returned 192 = 128 + 64 err 0
2022-12-25 22:12:35.326 22983-23063 AudioTrack              pid-22983                            V  obtainBuffer(64) returned 64 = 64 + 0 err 0
