2022-12-25 22:12:38.438 22983-23063 AudioTrack              pid-22983                            V  obtainBuffer(192) returned 192 = 192 + 0 err 0
2022-12-25 22:12:38.443 22983-23063 AudioTrack              pid-22983                            V  obtainBuffer(192) returned 192 = 64 + 128 err 0
2022-12-25 22:12:38.443 22983-23063 AudioTrack              pid-22983                            V  obtainBuffer(128) returned 128 = 128 + 0 err 0
2022-12-25 22:12:38.445 22983-23063 AudioTrack              pid-22983                            V  obtainBuffer(192) returned 192 = 192 + 0 err 0
2022-12-25 22:12:38.518 22983-23063 chatty                  pid-22983                            I  uid=10213(com.inforcegames.app3dmodelling) AudioTrack identical 18 lines
2022-12-25 22:12:38.522 22983-23063 AudioTrack              pid-22983                            V  obtainBuffer(192) returned 192 = 192 + 0 err 0
2022-12-25 22:12:38.526 22983-23063 AudioTrack              pid-22983                            V  obtainBuffer(192) returned 192 = 128 + 64 err 0
2022-12-25 22:12:38.527 22983-23063 AudioTrack              pid-22983                            V  obtainBuffer(64) returned 64 = 64 + 0 err 0
2022-12-25 22:12:38.529 22983-23063 AudioTrack              pid-22983                            V  obtainBuffer(192) returned 192 = 192 + 0 err 0
2022-12-25 22:12:38.550 22983-23063 chatty                  pid-22983                            I  uid=10213(com.inforcegames.app3dmodelling) AudioTrack identical 5 lines
2022-12-25 22:12:38.555 22983-23063 AudioTrack              pid-22983                            V  obtainBuffer(192) returned 192 = 192 + 0 err 0
2022-12-25 22:12:38.557  1302-1462  ThermalEngine           pid-1302                             D  sensor_wait: msm_therm Wait done.
2022-12-25 22:12:38.558 22983-23063 AudioTrack              pid-22983                            V  obtainBuffer(192) returned 192 = 192 + 0 err 0
2022-12-25 22:12:38.558  1302-1463  ThermalEngine           pid-1302                             D  sensor_wait: quiet_therm Wait done.
2022-12-25 22:12:38.559  1302-1462  ThermalEngine           pid-1302                             D  sensor_monitor: msm_therm Reading 38000 .
2022-12-25 22:12:38.559  1302-1462  ThermalEngine           pid-1302                             I  Sensor:msm_therm:38000 mC
2022-12-25 22:12:38.559  1302-1462  ThermalEngine           pid-1302                             D  update_active_thresh: msm_therm Active(1), Hi(1) 44000, Lo(0) -2147483648, desc(0) Interval(1) 1000
2022-12-25 22:12:38.559  1302-1462  ThermalEngine           pid-1302                             D  sensor_monitor: msm_therm Sensor wait.
2022-12-25 22:12:38.559  1302-1462  ThermalEngine           pid-1302                             D  sensor_wait: msm_therm Wait start. 1000ms
2022-12-25 22:12:38.560  1302-1463  ThermalEngine           pid-1302                             D  sensor_monitor: quiet_therm Reading 37000 .
2022-12-25 22:12:38.560  1302-1463  ThermalEngine           pid-1302                             I  Sensor:quiet_therm:37000 mC
2022-12-25 22:12:38.560  1302-1463  ThermalEngine           pid-1302                             D  update_active_thresh: quiet_therm Active(1), Hi(1) 40000, Lo(0) -2147483648, desc(0) Interval(1) 1000
2022-12-25 22:12:38.560  1302-1463  ThermalEngine           pid-1302                             D  sensor_monitor: quiet_therm Sensor wait.
2022-12-25 22:12:38.560  1302-1463  ThermalEngine           pid-1302                             D  sensor_wait: quiet_therm Wait start. 1000ms
2022-12-25 22:12:38.561 22983-23063 AudioTrack              pid-22983                            V  obtainBuffer(192) returned 192 = 192 + 0 err 0
2022-12-25 22:12:38.566 22983-23063 AudioTrack              pid-22983                            V  obtainBuffer(192) returned 192 = 192 + 0 err 0
2022-12-25 22:12:38.570 22983-23063 AudioTrack              pid-22983                            V  obtainBuffer(192) returned 192 = 64 + 128 err 0
2022-12-25 22:12:38.570 22983-23063 AudioTrack              pid-22983                            V  obtainBuffer(128) returned 128 = 128 + 0 err 0
2022-12-25 22:12:38.573 22983-23063 AudioTrack              pid-22983                            V  obtainBuffer(192) returned 192 = 192 + 0 err 0
2022-12-25 22:12:38.646 22983-23063 chatty                  pid-22983                            I  uid=10213(com.inforcegames.app3dmodelling) AudioTrack identical 18 lines
2022-12-25 22:12:38.649 22983-23063 AudioTrack              pid-22983                            V  obtainBuffer(192) returned 192 = 192 + 0 err 0
2022-12-25 22:12:38.654 22983-23063 AudioTrack              pid-22983                            V  obtainBuffer(192) returned 192 = 128 + 64 err 0
2022-12-25 22:12:38.654 22983-23063 AudioTrack              pid-22983                            V  obtainBuffer(64) returned 64 = 64 + 0 err 0
2022-12-25 22:12:38.659 22983-23063 AudioTrack              pid-22983                            V  obtainBuffer(192) returned 192 = 192 + 0 err 0
2022-12-25 22:12:38.689 22983-23063 chatty                  pid-22983                            I  uid=10213(com.inforcegames.app3dmodelling) AudioTrack identical 8 lines
2022-12-25 22:12:38.693 22983-23063 AudioTrack              pid-22983                            V  obtainBuffer(192) returned 192 = 192 + 0 err 0
2022-12-25 22:12:38.698 22983-23063 AudioTrack              pid-22983                            V  obtainBuffer(192) returned 192 = 64 + 128 err 0
2022-12-25 22:12:38.698 22983-23063 AudioTrack              pid-22983                            V  obtainBuffer(128) returned 128 = 128 + 0 err 0
2022-12-25 22:12:38.702 22983-23063 AudioTrack              pid-22983                            V  obtainBuffer(192) returned 192 = 192 + 0 err 0
2022-12-25 22:12:38.773 22983-23063 chatty                  pid-22983                            I  uid=10213(com.inforcegames.app3dmodelling) AudioTrack identical 18 lines
2022-12-25 22:12:38.777 22983-23063 AudioTrack              pid-22983                            V  obtainBuffer(192) returned 192 = 192 + 0 err 0
2022-12-25 22:12:38.782 22983-23063 AudioTrack              pid-22983                            V  obtainBuffer(192) returned 192 = 128 + 64 err 0
2022-12-25 22:12:38.782 22983-23063 AudioTrack              pid-22983                            V  obtainBuffer(64) returned 64 = 64 + 0 err 0
2022-12-25 22:12:38.786 22983-23063 AudioTrack              pid-22983                            V  obtainBuffer(192) returned 192 = 192 + 0 err 0
2022-12-25 22:12:38.818 22983-23063 chatty                  pid-22983                            I  uid=10213(com.inforcegames.app3dmodelling) AudioTrack identical 8 lines
2022-12-25 22:12:38.822 22983-23063 AudioTrack              pid-22983                            V  obtainBuffer(192) returned 192 = 192 + 0 err 0
2022-12-25 22:12:38.826 22983-23063 AudioTrack              pid-22983                            V  obtainBuffer(192) returned 192 = 64 + 128 err 0
2022-12-25 22:12:38.826 22983-23063 AudioTrack              pid-22983                            V  obtainBuffer(128) returned 128 = 128 + 0 err 0
2022-12-25 22:12:38.830 22983-23063 AudioTrack              pid-22983                            V  obtainBuffer(192) returned 192 = 192 + 0 err 0
2022-12-25 22:12:38.841 22983-23063 chatty                  pid-22983                            I  uid=10213(com.inforcegames.app3dmodelling) AudioTrack identical 3 lines
2022-12-25 22:12:38.846 22983-23063 AudioTrack              pid-22983                            V  obtainBuffer(192) returned 192 = 192 + 0 err 0
2022-12-25 22:12:38.846 22983-22983 Ads                     pid-22983                            I  Use RequestConfiguration.Builder().setTestDeviceIds(Arrays.asList("5A5EC914A569F7A81DB426CC1EC8BFE2")) to get test ads on this device.
2022-12-25 22:12:38.849 22983-23063 AudioTrack              pid-22983                            V  obtainBuffer(192) returned 192 = 192 + 0 err 0
2022-12-25 22:12:38.873 22983-23063 chatty                  pid-22983                            I  uid=10213(com.inforcegames.app3dmodelling) AudioTrack identical 6 lines
2022-12-25 22:12:38.877 22983-23063 AudioTrack              pid-22983                            V  obtainBuffer(192) returned 192 = 192 + 0 err 0
2022-12-25 22:12:38.878 22983-27662 AudioManager            pid-22983                            I  In isSpeakerphoneOn(), calling application: com.inforcegames.app3dmodelling
2022-12-25 22:12:38.878  2280-2291  AudioService            pid-2280                             I  In isSpeakerphoneOn(), mForcedUseForCommExt: 0
2022-12-25 22:12:38.881 22983-27662 AudioManager            pid-22983                            D  getStreamVolume isRestricted mode = 0
2022-12-25 22:12:38.881 22983-23063 AudioTrack              pid-22983                            V  obtainBuffer(192) returned 192 = 192 + 0 err 0
2022-12-25 22:12:38.886 22983-23063 AudioTrack              pid-22983                            V  obtainBuffer(192) returned 192 = 192 + 0 err 0
2022-12-25 22:12:38.886   688-2399  audio_hw_spkr_prot      pid-688                              D  audio_extn_fbsp_get_parameters: Speaker protection disabled
2022-12-25 22:12:38.886   688-2399  audio_hw_extn           pid-688                              D  audio_extn_get_parameters: returns 
2022-12-25 22:12:38.888   743-743   hash_map_utils          pid-743                              I  key: 'hifi_mode' value: ''
2022-12-25 22:12:38.890 22983-23063 AudioTrack              pid-22983                            V  obtainBuffer(192) returned 192 = 192 + 0 err 0
2022-12-25 22:12:38.890 29590-29590 linker                  pid-29590                            A  CANNOT LINK EXECUTABLE "/system/bin/dpmd": "/system/lib64/libdpmframework.so" is 32-bit instead of 64-bit
2022-12-25 22:12:38.893 22983-23063 AudioTrack              pid-22983                            V  obtainBuffer(192) returned 192 = 192 + 0 err 0
2022-12-25 22:12:38.894 22983-27662 AudioManager            pid-22983                            D  getStreamVolume isRestricted mode = 0
2022-12-25 22:12:38.897 22983-23063 AudioTrack              pid-22983                            V  obtainBuffer(192) returned 192 = 192 + 0 err 0
2022-12-25 22:12:38.901 22983-23063 chatty                  pid-22983                            I  uid=10213(com.inforcegames.app3dmodelling) AudioTrack identical 1 line
2022-12-25 22:12:38.906 22983-23063 AudioTrack              pid-22983                            V  obtainBuffer(192) returned 192 = 192 + 0 err 0
2022-12-25 22:12:38.909 22983-23063 AudioTrack              pid-22983                            V  obtainBuffer(192) returned 192 = 128 + 64 err 0
2022-12-25 22:12:38.909 22983-23063 AudioTrack              pid-22983                            V  obtainBuffer(64) returned 64 = 64 + 0 err 0
2022-12-25 22:12:38.910 22983-22983 ConnectionStatusConfig  pid-22983                            W  Dynamic lookup for intent failed for action: com.google.android.gms.ads.service.CACHE
2022-12-25 22:12:38.913 22983-23063 AudioTrack              pid-22983                            V  obtainBuffer(192) returned 192 = 192 + 0 err 0
2022-12-25 22:12:38.917 22983-23063 AudioTrack              pid-22983                            V  obtainBuffer(192) returned 192 = 192 + 0 err 0
2022-12-25 22:12:38.919  2280-6825  CompatibilityInfo       pid-2280                             D  mCompatibilityFlags - 0
2022-12-25 22:12:38.919  2280-6825  CompatibilityInfo       pid-2280                             D  applicationDensity - 440
2022-12-25 22:12:38.919  2280-6825  CompatibilityInfo       pid-2280                             D  applicationScale - 1.0
2022-12-25 22:12:38.921 22983-23063 AudioTrack              pid-22983                            V  obtainBuffer(192) returned 192 = 192 + 0 err 0
2022-12-25 22:12:38.937 22983-23063 chatty                  pid-22983                            I  uid=10213(com.inforcegames.app3dmodelling) AudioTrack identical 4 lines
2022-12-25 22:12:38.941 22983-23063 AudioTrack              pid-22983                            V  obtainBuffer(192) returned 192 = 192 + 0 err 0
2022-12-25 22:12:38.942 17758-17758 BoundBrokerSvc          pid-17758                            D  onBind: Intent { act=com.google.android.gms.ads.service.CACHE pkg=com.google.android.gms }
2022-12-25 22:12:38.942 17758-17758 BoundBrokerSvc          pid-17758                            D  Loading bound service for intent: Intent { act=com.google.android.gms.ads.service.CACHE pkg=com.google.android.gms }
2022-12-25 22:12:38.945 22983-23063 AudioTrack              pid-22983                            V  obtainBuffer(192) returned 192 = 192 + 0 err 0
2022-12-25 22:12:38.949 22983-23063 AudioTrack              pid-22983                            V  obtainBuffer(192) returned 192 = 192 + 0 err 0
2022-12-25 22:12:38.953 22983-23063 AudioTrack              pid-22983                            V  obtainBuffer(192) returned 192 = 64 + 128 err 0
2022-12-25 22:12:38.953 22983-23063 AudioTrack              pid-22983                            V  obtainBuffer(128) returned 128 = 128 + 0 err 0
2022-12-25 22:12:38.957 22983-23063 AudioTrack              pid-22983                            V  obtainBuffer(192) returned 192 = 192 + 0 err 0
2022-12-25 22:12:38.961 22983-23063 chatty                  pid-22983                            I  uid=10213(com.inforcegames.app3dmodelling) AudioTrack identical 1 line
2022-12-25 22:12:38.965 22983-23063 AudioTrack              pid-22983                            V  obtainBuffer(192) returned 192 = 192 + 0 err 0
2022-12-25 22:12:38.966 22983-29601 Ads                     pid-22983                            E  Couldn't create RTB adapter : 
                                                                                                    android.os.RemoteException
                                                                                                    	at com.google.android.gms.internal.ads.zzbtw.zzc(com.google.android.gms:play-services-ads-lite@@21.0.0:4)
                                                                                                    	at com.google.android.gms.internal.ads.zzbty.zzbI(com.google.android.gms:play-services-ads-lite@@21.0.0:8)
                                                                                                    	at com.google.android.gms.internal.ads.zzaqw.onTransact(com.google.android.gms:play-services-ads-base@@21.0.0:3)
                                                                                                    	at android.os.Binder.transact(Binder.java:667)
                                                                                                    	at afj.bd(:com.google.android.gms.policy_ads_fdr_dynamite@224400003@224400003057.484457631.484457631:2)
                                                                                                    	at com.google.android.gms.ads.internal.mediation.client.b.c(:com.google.android.gms.policy_ads_fdr_dynamite@224400003@224400003057.484457631.484457631:1)
                                                                                                    	at com.google.android.gms.ads.nonagon.adapter.e.b(:com.google.android.gms.policy_ads_fdr_dynamite@224400003@224400003057.484457631.484457631:1)
                                                                                                    	at com.google.android.gms.ads.nonagon.signals.ei.a(:com.google.android.gms.policy_ads_fdr_dynamite@224400003@224400003057.484457631.484457631:3)
                                                                                                    	at brk.a(:com.google.android.gms.policy_ads_fdr_dynamite@224400003@224400003057.484457631.484457631:2)
                                                                                                    	at bqt.run(:com.google.android.gms.policy_ads_fdr_dynamite@224400003@224400003057.484457631.484457631:3)
                                                                                                    	at brm.run(:com.google.android.gms.policy_ads_fdr_dynamite@224400003@224400003057.484457631.484457631:0)
                                                                                                    	at java.util.concurrent.ThreadPoolExecutor.runWorker(ThreadPoolExecutor.java:1167)
                                                                                                    	at java.util.concurrent.ThreadPoolExecutor$Worker.run(ThreadPoolExecutor.java:641)
                                                                                                    	at java.lang.Thread.run(Thread.java:764)
2022-12-25 22:12:38.969 22983-23063 AudioTrack              pid-22983                            V  obtainBuffer(192) returned 192 = 192 + 0 err 0
2022-12-25 22:12:38.985 22983-23063 chatty                  pid-22983                            I  uid=10213(com.inforcegames.app3dmodelling) AudioTrack identical 4 lines
2022-12-25 22:12:38.989 22983-23063 AudioTrack              pid-22983                            V  obtainBuffer(192) returned 192 = 192 + 0 err 0
2022-12-25 22:12:38.990 22983-29605 ConnectionStatusConfig  pid-22983                            W  Dynamic lookup for intent failed for action: com.google.android.gms.ads.service.START
2022-12-25 22:12:38.994 22983-23063 AudioTrack              pid-22983                            V  obtainBuffer(192) returned 192 = 192 + 0 err 0
2022-12-25 22:12:38.996  2280-5696  CompatibilityInfo       pid-2280                             D  mCompatibilityFlags - 0
2022-12-25 22:12:38.997  2280-5696  CompatibilityInfo       pid-2280                             D  applicationDensity - 440
2022-12-25 22:12:38.997  2280-5696  CompatibilityInfo       pid-2280                             D  applicationScale - 1.0
2022-12-25 22:12:38.998 22983-23063 AudioTrack              pid-22983                            V  obtainBuffer(192) returned 192 = 192 + 0 err 0
2022-12-25 22:12:39.001 22983-23063 AudioTrack              pid-22983                            V  obtainBuffer(192) returned 192 = 192 + 0 err 0
2022-12-25 22:12:39.002 17758-17758 BoundBrokerSvc          pid-17758                            D  onBind: Intent { act=com.google.android.gms.ads.service.START pkg=com.google.android.gms }
2022-12-25 22:12:39.002 17758-17758 BoundBrokerSvc          pid-17758                            D  Loading bound service for intent: Intent { act=com.google.android.gms.ads.service.START pkg=com.google.android.gms }
2022-12-25 22:12:39.006 22983-23063 AudioTrack              pid-22983                            V  obtainBuffer(192) returned 192 = 192 + 0 err 0
2022-12-25 22:12:39.025 22983-23063 chatty                  pid-22983                            I  uid=10213(com.inforcegames.app3dmodelling) AudioTrack identical 5 lines
2022-12-25 22:12:39.029 22983-23063 AudioTrack              pid-22983                            V  obtainBuffer(192) returned 192 = 192 + 0 err 0
2022-12-25 22:12:39.033  2820-5429  DPMJ                    pid-2820                             I  |REQ:RCVR| DPM creating socket
2022-12-25 22:12:39.034 22983-23063 AudioTrack              pid-22983                            V  obtainBuffer(192) returned 192 = 192 + 0 err 0
2022-12-25 22:12:39.037 22983-23063 AudioTrack              pid-22983                            V  obtainBuffer(192) returned 192 = 128 + 64 err 0
2022-12-25 22:12:39.037 22983-23063 AudioTrack              pid-22983                            V  obtainBuffer(64) returned 64 = 64 + 0 err 0
2022-12-25 22:12:39.042 22983-23063 AudioTrack              pid-22983                            V  obtainBuffer(192) returned 192 = 192 + 0 err 0
2022-12-25 22:12:39.073 22983-23063 chatty                  pid-22983                            I  uid=10213(com.inforcegames.app3dmodelling) AudioTrack identical 8 lines
2022-12-25 22:12:39.077 22983-23063 AudioTrack              pid-22983                            V  obtainBuffer(192) returned 192 = 192 + 0 err 0
2022-12-25 22:12:39.082 22983-23063 AudioTrack              pid-22983                            V  obtainBuffer(192) returned 192 = 64 + 128 err 0
2022-12-25 22:12:39.082 22983-23063 AudioTrack              pid-22983                            V  obtainBuffer(128) returned 128 = 128 + 0 err 0
2022-12-25 22:12:39.085 22983-23063 AudioTrack              pid-22983                            V  obtainBuffer(192) returned 192 = 192 + 0 err 0
2022-12-25 22:12:39.098 22983-23063 chatty                  pid-22983                            I  uid=10213(com.inforcegames.app3dmodelling) AudioTrack identical 3 lines
2022-12-25 22:12:39.101 22983-23063 AudioTrack              pid-22983                            V  obtainBuffer(192) returned 192 = 192 + 0 err 0
2022-12-25 22:12:39.102  2280-2291  CompatibilityInfo       pid-2280                             D  mCompatibilityFlags - 0
2022-12-25 22:12:39.102  2280-2291  CompatibilityInfo       pid-2280                             D  applicationDensity - 440
2022-12-25 22:12:39.102  2280-2291  CompatibilityInfo       pid-2280                             D  applicationScale - 1.0
2022-12-25 22:12:39.105 22983-23063 AudioTrack              pid-22983                            V  obtainBuffer(192) returned 192 = 192 + 0 err 0
2022-12-25 22:12:39.113 22983-23063 chatty                  pid-22983                            I  uid=10213(com.inforcegames.app3dmodelling) AudioTrack identical 2 lines
2022-12-25 22:12:39.117 22983-23063 AudioTrack              pid-22983                            V  obtainBuffer(192) returned 192 = 192 + 0 err 0
2022-12-25 22:12:39.117  2280-2291  CompatibilityInfo       pid-2280                             D  mCompatibilityFlags - 0
2022-12-25 22:12:39.117  2280-2291  CompatibilityInfo       pid-2280                             D  applicationDensity - 440
2022-12-25 22:12:39.117  2280-2291  CompatibilityInfo       pid-2280                             D  applicationScale - 1.0
2022-12-25 22:12:39.121 22983-23063 AudioTrack              pid-22983                            V  obtainBuffer(192) returned 192 = 192 + 0 err 0
2022-12-25 22:12:39.125 22983-23063 chatty                  pid-22983                            I  uid=10213(com.inforcegames.app3dmodelling) AudioTrack identical 1 line
2022-12-25 22:12:39.129 22983-23063 AudioTrack              pid-22983                            V  obtainBuffer(192) returned 192 = 192 + 0 err 0
2022-12-25 22:12:39.130  2280-5696  CompatibilityInfo       pid-2280                             D  mCompatibilityFlags - 0
2022-12-25 22:12:39.130  2280-5696  CompatibilityInfo       pid-2280                             D  applicationDensity - 440
2022-12-25 22:12:39.130  2280-5696  CompatibilityInfo       pid-2280                             D  applicationScale - 1.0
2022-12-25 22:12:39.133 22983-23063 AudioTrack              pid-22983                            V  obtainBuffer(192) returned 192 = 192 + 0 err 0
2022-12-25 22:12:39.141 22983-23063 chatty                  pid-22983                            I  uid=10213(com.inforcegames.app3dmodelling) AudioTrack identical 2 lines
2022-12-25 22:12:39.145 22983-23063 AudioTrack              pid-22983                            V  obtainBuffer(192) returned 192 = 192 + 0 err 0
2022-12-25 22:12:39.146  2280-5696  CompatibilityInfo       pid-2280                             D  mCompatibilityFlags - 0
2022-12-25 22:12:39.146  2280-5696  CompatibilityInfo       pid-2280                             D  applicationDensity - 440
2022-12-25 22:12:39.146  2280-5696  CompatibilityInfo       pid-2280                             D  applicationScale - 1.0
2022-12-25 22:12:39.149 22983-23063 AudioTrack              pid-22983                            V  obtainBuffer(192) returned 192 = 192 + 0 err 0
2022-12-25 22:12:39.153 22983-23063 AudioTrack              pid-22983                            V  obtainBuffer(192) returned 192 = 192 + 0 err 0
2022-12-25 22:12:39.156 17758-29606 Icing                   pid-17758                            I  IndexChimeraService.getServiceInterface callingPackage=com.google.android.gms componentName=null serviceId=30
2022-12-25 22:12:39.157 22983-23063 AudioTrack              pid-22983                            V  obtainBuffer(192) returned 192 = 192 + 0 err 0
2022-12-25 22:12:39.161 22983-23063 AudioTrack              pid-22983                            V  obtainBuffer(192) returned 192 = 192 + 0 err 0
2022-12-25 22:12:39.165 22983-23063 AudioTrack              pid-22983                            V  obtainBuffer(192) returned 192 = 128 + 64 err 0
2022-12-25 22:12:39.165 22983-23063 AudioTrack              pid-22983                            V  obtainBuffer(64) returned 64 = 64 + 0 err 0
2022-12-25 22:12:39.169 22983-23063 AudioTrack              pid-22983                            V  obtainBuffer(192) returned 192 = 192 + 0 err 0
2022-12-25 22:12:39.197 22983-23063 chatty                  pid-22983                            I  uid=10213(com.inforcegames.app3dmodelling) AudioTrack identical 7 lines
2022-12-25 22:12:39.201 22983-23063 AudioTrack              pid-22983                            V  obtainBuffer(192) returned 192 = 192 + 0 err 0
2022-12-25 22:12:39.204 17758-18913 Icing                   pid-17758                            W  No valid account for uploading user actions
2022-12-25 22:12:39.205 22983-23063 AudioTrack              pid-22983                            V  obtainBuffer(192) returned 192 = 192 + 0 err 0
2022-12-25 22:12:39.209 22983-23063 AudioTrack              pid-22983                            V  obtainBuffer(192) returned 192 = 64 + 128 err 0
2022-12-25 22:12:39.209 22983-23063 AudioTrack              pid-22983                            V  obtainBuffer(128) returned 128 = 128 + 0 err 0
2022-12-25 22:12:39.213 22983-23063 AudioTrack              pid-22983                            V  obtainBuffer(192) returned 192 = 192 + 0 err 0
2022-12-25 22:12:39.217 22983-23063 AudioTrack              pid-22983                            V  obtainBuffer(192) returned 192 = 192 + 0 err 0
2022-12-25 22:12:39.218 17758-18913 Icing                   pid-17758                            I  Usage reports ok 0, Failed Usage reports 0, indexed 0, rejected 0
2022-12-25 22:12:39.221 22983-23063 AudioTrack              pid-22983                            V  obtainBuffer(192) returned 192 = 192 + 0 err 0
2022-12-25 22:12:39.281 22983-23063 chatty                  pid-22983                            I  uid=10213(com.inforcegames.app3dmodelling) AudioTrack identical 15 lines
2022-12-25 22:12:39.286 22983-23063 AudioTrack              pid-22983                            V  obtainBuffer(192) returned 192 = 192 + 0 err 0
2022-12-25 22:12:39.288 17758-25334 Ads                     pid-17758                            I  SDK version: afma-sdk-a-v224400999.221310000.1
2022-12-25 22:12:39.289 22983-23063 AudioTrack              pid-22983                            V  obtainBuffer(192) returned 192 = 192 + 0 err 0
2022-12-25 22:12:39.290 17758-25334 Ads                     pid-17758                            I  HTTP timeout: 60000 milliseconds.
2022-12-25 22:12:39.293 22983-23063 AudioTrack              pid-22983                            V  obtainBuffer(192) returned 192 = 128 + 64 err 0
2022-12-25 22:12:39.293 22983-23063 AudioTrack              pid-22983                            V  obtainBuffer(64) returned 64 = 64 + 0 err 0
2022-12-25 22:12:39.298 22983-23063 AudioTrack              pid-22983                            V  obtainBuffer(192) returned 192 = 192 + 0 err 0
2022-12-25 22:12:39.329 22983-23063 chatty                  pid-22983                            I  uid=10213(com.inforcegames.app3dmodelling) AudioTrack identical 8 lines
2022-12-25 22:12:39.333 22983-23063 AudioTrack              pid-22983                            V  obtainBuffer(192) returned 192 = 192 + 0 err 0
2022-12-25 22:12:39.337 22983-23063 AudioTrack              pid-22983                            V  obtainBuffer(192) returned 192 = 64 + 128 err 0
2022-12-25 22:12:39.337 22983-23063 AudioTrack              pid-22983                            V  obtainBuffer(128) returned 128 = 128 + 0 err 0
2022-12-25 22:12:39.341 22983-23063 AudioTrack              pid-22983                            V  obtainBuffer(192) returned 192 = 192 + 0 err 0
2022-12-25 22:12:39.373 22983-23063 chatty                  pid-22983                            I  uid=10213(com.inforcegames.app3dmodelling) AudioTrack identical 8 lines
2022-12-25 22:12:39.377 22983-23063 AudioTrack              pid-22983                            V  obtainBuffer(192) returned 192 = 192 + 0 err 0
2022-12-25 22:12:39.379   688-2399  audio_hw_spkr_prot      pid-688                              D  audio_extn_fbsp_get_parameters: Speaker protection disabled
2022-12-25 22:12:39.379   688-2399  audio_hw_extn           pid-688                              D  audio_extn_get_parameters: returns 
2022-12-25 22:12:39.379   743-743   hash_map_utils          pid-743                              I  key: 'hifi_mode' value: ''
2022-12-25 22:12:39.381 22983-23063 AudioTrack              pid-22983                            V  obtainBuffer(192) returned 192 = 192 + 0 err 0
2022-12-25 22:12:39.381 22983-23868 AudioManager            pid-22983                            D  getStreamVolume isRestricted mode = 0
2022-12-25 22:12:39.385 22983-23063 AudioTrack              pid-22983                            V  obtainBuffer(192) returned 192 = 192 + 0 err 0
2022-12-25 22:12:39.385   688-2399  audio_hw_spkr_prot      pid-688                              D  audio_extn_fbsp_get_parameters: Speaker protection disabled
2022-12-25 22:12:39.385   688-2399  audio_hw_extn           pid-688                              D  audio_extn_get_parameters: returns 
2022-12-25 22:12:39.386   743-743   hash_map_utils          pid-743                              I  key: 'hifi_mode' value: ''
2022-12-25 22:12:39.389 22983-23063 AudioTrack              pid-22983                            V  obtainBuffer(192) returned 192 = 192 + 0 err 0
2022-12-25 22:12:39.414 22983-23063 chatty                  pid-22983                            I  uid=10213(com.inforcegames.app3dmodelling) AudioTrack identical 6 lines
2022-12-25 22:12:39.417 22983-23063 AudioTrack              pid-22983                            V  obtainBuffer(192) returned 192 = 192 + 0 err 0
2022-12-25 22:12:39.421 22983-23063 AudioTrack              pid-22983                            V  obtainBuffer(192) returned 192 = 128 + 64 err 0
2022-12-25 22:12:39.421 22983-23063 AudioTrack              pid-22983                            V  obtainBuffer(64) returned 64 = 64 + 0 err 0
2022-12-25 22:12:39.426 22983-23063 AudioTrack              pid-22983                            V  obtainBuffer(192) returned 192 = 192 + 0 err 0
2022-12-25 22:12:39.458 22983-23063 chatty                  pid-22983                            I  uid=10213(com.inforcegames.app3dmodelling) AudioTrack identical 8 lines
2022-12-25 22:12:39.461 22983-23063 AudioTrack              pid-22983                            V  obtainBuffer(192) returned 192 = 192 + 0 err 0
2022-12-25 22:12:39.465 22983-23063 AudioTrack              pid-22983                            V  obtainBuffer(192) returned 192 = 64 + 128 err 0
2022-12-25 22:12:39.465 22983-23063 AudioTrack              pid-22983                            V  obtainBuffer(128) returned 128 = 128 + 0 err 0
2022-12-25 22:12:39.469 22983-23063 AudioTrack              pid-22983                            V  obtainBuffer(192) returned 192 = 192 + 0 err 0
2022-12-25 22:12:39.542 22983-23063 chatty                  pid-22983                            I  uid=10213(com.inforcegames.app3dmodelling) AudioTrack identical 18 lines
2022-12-25 22:12:39.545 22983-23063 AudioTrack              pid-22983                            V  obtainBuffer(192) returned 192 = 192 + 0 err 0
2022-12-25 22:12:39.550 22983-23063 AudioTrack              pid-22983                            V  obtainBuffer(192) returned 192 = 128 + 64 err 0
2022-12-25 22:12:39.550 22983-23063 AudioTrack              pid-22983                            V  obtainBuffer(64) returned 64 = 64 + 0 err 0
2022-12-25 22:12:39.554 22983-23063 AudioTrack              pid-22983                            V  obtainBuffer(192) returned 192 = 192 + 0 err 0
2022-12-25 22:12:39.558 22983-23063 AudioTrack              pid-22983                            V  obtainBuffer(192) returned 192 = 192 + 0 err 0
2022-12-25 22:12:39.559  1302-1462  ThermalEngine           pid-1302                             D  sensor_wait: msm_therm Wait done.
2022-12-25 22:12:39.560  1302-1463  ThermalEngine           pid-1302                             D  sensor_wait: quiet_therm Wait done.
2022-12-25 22:12:39.560  1302-1462  ThermalEngine           pid-1302                             D  sensor_monitor: msm_therm Reading 38000 .
2022-12-25 22:12:39.561  1302-1462  ThermalEngine           pid-1302                             I  Sensor:msm_therm:38000 mC
2022-12-25 22:12:39.561  1302-1462  ThermalEngine           pid-1302                             D  update_active_thresh: msm_therm Active(1), Hi(1) 44000, Lo(0) -2147483648, desc(0) Interval(1) 1000
2022-12-25 22:12:39.561  1302-1462  ThermalEngine           pid-1302                             D  sensor_monitor: msm_therm Sensor wait.
2022-12-25 22:12:39.561  1302-1462  ThermalEngine           pid-1302                             D  sensor_wait: msm_therm Wait start. 1000ms
2022-12-25 22:12:39.561 22983-23063 AudioTrack              pid-22983                            V  obtainBuffer(192) returned 192 = 192 + 0 err 0
2022-12-25 22:12:39.563  1302-1463  ThermalEngine           pid-1302                             D  sensor_monitor: quiet_therm Reading 37000 .
2022-12-25 22:12:39.563  1302-1463  ThermalEngine           pid-1302                             I  Sensor:quiet_therm:37000 mC
2022-12-25 22:12:39.563  1302-1463  ThermalEngine           pid-1302                             D  update_active_thresh: quiet_therm Active(1), Hi(1) 40000, Lo(0) -2147483648, desc(0) Interval(1) 1000
2022-12-25 22:12:39.563  1302-1463  ThermalEngine           pid-1302                             D  sensor_monitor: quiet_therm Sensor wait.
2022-12-25 22:12:39.563  1302-1463  ThermalEngine           pid-1302                             D  sensor_wait: quiet_therm Wait start. 1000ms
2022-12-25 22:12:39.566 22983-23063 AudioTrack              pid-22983                            V  obtainBuffer(192) returned 192 = 192 + 0 err 0
2022-12-25 22:12:39.585 22983-23063 chatty                  pid-22983                            I  uid=10213(com.inforcegames.app3dmodelling) AudioTrack identical 5 lines
2022-12-25 22:12:39.589 22983-23063 AudioTrack              pid-22983                            V  obtainBuffer(192) returned 192 = 192 + 0 err 0
2022-12-25 22:12:39.593 22983-23063 AudioTrack              pid-22983                            V  obtainBuffer(192) returned 192 = 64 + 128 err 0
2022-12-25 22:12:39.594 22983-23063 AudioTrack              pid-22983                            V  obtainBuffer(128) returned 128 = 128 + 0 err 0
2022-12-25 22:12:39.597 22983-23063 AudioTrack              pid-22983                            V  obtainBuffer(192) returned 192 = 192 + 0 err 0
2022-12-25 22:12:39.669 22983-23063 chatty                  pid-22983                            I  uid=10213(com.inforcegames.app3dmodelling) AudioTrack identical 18 lines
2022-12-25 22:12:39.673 22983-23063 AudioTrack              pid-22983                            V  obtainBuffer(192) returned 192 = 192 + 0 err 0
2022-12-25 22:12:39.677 22983-23063 AudioTrack              pid-22983                            V  obtainBuffer(192) returned 192 = 128 + 64 err 0
2022-12-25 22:12:39.677 22983-23063 AudioTrack              pid-22983                            V  obtainBuffer(64) returned 64 = 64 + 0 err 0
2022-12-25 22:12:39.681 22983-23063 AudioTrack              pid-22983                            V  obtainBuffer(192) returned 192 = 192 + 0 err 0
2022-12-25 22:12:39.713 22983-23063 chatty                  pid-22983                            I  uid=10213(com.inforcegames.app3dmodelling) AudioTrack identical 8 lines
2022-12-25 22:12:39.717 22983-23063 AudioTrack              pid-22983                            V  obtainBuffer(192) returned 192 = 192 + 0 err 0
2022-12-25 22:12:39.721 22983-23063 AudioTrack              pid-22983                            V  obtainBuffer(192) returned 192 = 64 + 128 err 0
2022-12-25 22:12:39.721 22983-23063 AudioTrack              pid-22983                            V  obtainBuffer(128) returned 128 = 128 + 0 err 0
2022-12-25 22:12:39.725 22983-23063 AudioTrack              pid-22983                            V  obtainBuffer(192) returned 192 = 192 + 0 err 0
2022-12-25 22:12:39.797 22983-23063 chatty                  pid-22983                            I  uid=10213(com.inforcegames.app3dmodelling) AudioTrack identical 18 lines
2022-12-25 22:12:39.802 22983-23063 AudioTrack              pid-22983                            V  obtainBuffer(192) returned 192 = 192 + 0 err 0
2022-12-25 22:12:39.806 22983-23063 AudioTrack              pid-22983                            V  obtainBuffer(192) returned 192 = 128 + 64 err 0
2022-12-25 22:12:39.806 22983-23063 AudioTrack              pid-22983                            V  obtainBuffer(64) returned 64 = 64 + 0 err 0
2022-12-25 22:12:39.810 22983-23063 AudioTrack              pid-22983                            V  obtainBuffer(192) returned 192 = 192 + 0 err 0
2022-12-25 22:12:39.818 22983-23063 chatty                  pid-22983                            I  uid=10213(com.inforcegames.app3dmodelling) AudioTrack identical 2 lines
2022-12-25 22:12:39.822 22983-23063 AudioTrack              pid-22983                            V  obtainBuffer(192) returned 192 = 192 + 0 err 0
2022-12-25 22:12:39.822 17758-17772 gle.android.gm          pid-17758                            I  Background concurrent copying GC freed 124339(6MB) AllocSpace objects, 93(12MB) LOS objects, 50% free, 16MB/33MB, paused 245us total 175.098ms
2022-12-25 22:12:39.825 22983-23063 AudioTrack              pid-22983                            V  obtainBuffer(192) returned 192 = 192 + 0 err 0
2022-12-25 22:12:39.829 22983-23063 AudioTrack              pid-22983                            V  obtainBuffer(192) returned 192 = 192 + 0 err 0
2022-12-25 22:12:39.832 17758-17770 System                  pid-17758                            W  A resource failed to call close. 
2022-12-25 22:12:39.833 22983-23063 AudioTrack              pid-22983                            V  obtainBuffer(192) returned 192 = 192 + 0 err 0
2022-12-25 22:12:39.842 22983-23063 chatty                  pid-22983                            I  uid=10213(com.inforcegames.app3dmodelling) AudioTrack identical 2 lines
2022-12-25 22:12:39.845 22983-23063 AudioTrack              pid-22983                            V  obtainBuffer(192) returned 192 = 192 + 0 err 0
2022-12-25 22:12:39.849 22983-23063 AudioTrack              pid-22983                            V  obtainBuffer(192) returned 192 = 64 + 128 err 0
2022-12-25 22:12:39.849 22983-23063 AudioTrack              pid-22983                            V  obtainBuffer(128) returned 128 = 128 + 0 err 0
2022-12-25 22:12:39.854 22983-23063 AudioTrack              pid-22983                            V  obtainBuffer(192) returned 192 = 192 + 0 err 0
2022-12-25 22:12:39.925 22983-23063 chatty                  pid-22983                            I  uid=10213(com.inforcegames.app3dmodelling) AudioTrack identical 18 lines
2022-12-25 22:12:39.929 22983-23063 AudioTrack              pid-22983                            V  obtainBuffer(192) returned 192 = 192 + 0 err 0
2022-12-25 22:12:39.933 22983-23063 AudioTrack              pid-22983                            V  obtainBuffer(192) returned 192 = 128 + 64 err 0
2022-12-25 22:12:39.933 22983-23063 AudioTrack              pid-22983                            V  obtainBuffer(64) returned 64 = 64 + 0 err 0
2022-12-25 22:12:39.938 22983-23063 AudioTrack              pid-22983                            V  obtainBuffer(192) returned 192 = 192 + 0 err 0
2022-12-25 22:12:39.946 22983-23063 chatty                  pid-22983                            I  uid=10213(com.inforcegames.app3dmodelling) AudioTrack identical 2 lines
2022-12-25 22:12:39.949 22983-23063 AudioTrack              pid-22983                            V  obtainBuffer(192) returned 192 = 192 + 0 err 0
2022-12-25 22:12:39.950  2280-6825  CompatibilityInfo       pid-2280                             D  mCompatibilityFlags - 0
2022-12-25 22:12:39.950  2280-6825  CompatibilityInfo       pid-2280                             D  applicationDensity - 440
2022-12-25 22:12:39.950  2280-6825  CompatibilityInfo       pid-2280                             D  applicationScale - 1.0
2022-12-25 22:12:39.954 22983-23063 AudioTrack              pid-22983                            V  obtainBuffer(192) returned 192 = 192 + 0 err 0
2022-12-25 22:12:39.956 17758-17758 BoundBrokerSvc          pid-17758                            D  onBind: Intent { act=com.google.android.gms.measurement.START pkg=com.google.android.gms }
2022-12-25 22:12:39.956 17758-17758 BoundBrokerSvc          pid-17758                            D  Loading bound service for intent: Intent { act=com.google.android.gms.measurement.START pkg=com.google.android.gms }
2022-12-25 22:12:39.957 22983-23063 AudioTrack              pid-22983                            V  obtainBuffer(192) returned 192 = 192 + 0 err 0
2022-12-25 22:12:39.961 22983-23063 AudioTrack              pid-22983                            V  obtainBuffer(192) returned 192 = 192 + 0 err 0
2022-12-25 22:12:39.962 22983-22983 EgretLoader             pid-22983                            D  EgretLoader(Context context)
2022-12-25 22:12:39.962 22983-22983 EgretLoader             pid-22983                            D  The context is not activity
2022-12-25 22:12:39.965 22983-23063 AudioTrack              pid-22983                            V  obtainBuffer(192) returned 192 = 192 + 0 err 0
2022-12-25 22:12:39.969 22983-23063 chatty                  pid-22983                            I  uid=10213(com.inforcegames.app3dmodelling) AudioTrack identical 1 line
2022-12-25 22:12:39.973 22983-23063 AudioTrack              pid-22983                            V  obtainBuffer(192) returned 192 = 192 + 0 err 0
2022-12-25 22:12:39.977 22983-23063 AudioTrack              pid-22983                            V  obtainBuffer(192) returned 192 = 64 + 128 err 0
2022-12-25 22:12:39.977 22983-23063 AudioTrack              pid-22983                            V  obtainBuffer(128) returned 128 = 128 + 0 err 0
2022-12-25 22:12:39.981 22983-23063 AudioTrack              pid-22983                            V  obtainBuffer(192) returned 192 = 192 + 0 err 0
2022-12-25 22:12:40.013 22983-23063 chatty                  pid-22983                            I  uid=10213(com.inforcegames.app3dmodelling) AudioTrack identical 8 lines
2022-12-25 22:12:40.017 22983-23063 AudioTrack              pid-22983                            V  obtainBuffer(192) returned 192 = 192 + 0 err 0
2022-12-25 22:12:40.019  1302-1457  ThermalEngine           pid-1302                             D  sensor_wait: backlight_therm Wait done.
2022-12-25 22:12:40.020  1302-1457  ThermalEngine           pid-1302                             D  sensor_monitor: backlight_therm Reading 36000 .
2022-12-25 22:12:40.020  1302-1457  ThermalEngine           pid-1302                             I  Sensor:backlight_therm:36000 mC
2022-12-25 22:12:40.020  1302-1457  ThermalEngine           pid-1302                             D  update_active_thresh: backlight_therm Active(1), Hi(1) 45000, Lo(0) -2147483648, desc(0) Interval(1) 2000
2022-12-25 22:12:40.020  1302-1457  ThermalEngine           pid-1302                             D  sensor_monitor: backlight_therm Sensor wait.
2022-12-25 22:12:40.020  1302-1457  ThermalEngine           pid-1302                             D  sensor_wait: backlight_therm Wait start. 2000ms
2022-12-25 22:12:40.021 22983-23063 AudioTrack              pid-22983                            V  obtainBuffer(192) returned 192 = 192 + 0 err 0
2022-12-25 22:12:40.054 22983-23063 chatty                  pid-22983                            I  uid=10213(com.inforcegames.app3dmodelling) AudioTrack identical 8 lines
2022-12-25 22:12:40.057 22983-23063 AudioTrack              pid-22983                            V  obtainBuffer(192) returned 192 = 192 + 0 err 0
2022-12-25 22:12:40.061 22983-23063 AudioTrack              pid-22983                            V  obtainBuffer(192) returned 192 = 128 + 64 err 0
2022-12-25 22:12:40.061 22983-23063 AudioTrack              pid-22983                            V  obtainBuffer(64) returned 64 = 64 + 0 err 0
2022-12-25 22:12:40.065 22983-23063 AudioTrack              pid-22983                            V  obtainBuffer(192) returned 192 = 192 + 0 err 0
2022-12-25 22:12:40.097 22983-23063 chatty                  pid-22983                            I  uid=10213(com.inforcegames.app3dmodelling) AudioTrack identical 8 lines
2022-12-25 22:12:40.101 22983-23063 AudioTrack              pid-22983                            V  obtainBuffer(192) returned 192 = 192 + 0 err 0
2022-12-25 22:12:40.105 22983-23063 AudioTrack              pid-22983                            V  obtainBuffer(192) returned 192 = 64 + 128 err 0
2022-12-25 22:12:40.105 22983-23063 AudioTrack              pid-22983                            V  obtainBuffer(128) returned 128 = 128 + 0 err 0
2022-12-25 22:12:40.109 22983-23063 AudioTrack              pid-22983                            V  obtainBuffer(192) returned 192 = 192 + 0 err 0
2022-12-25 22:12:40.117 22983-23063 chatty                  pid-22983                            I  uid=10213(com.inforcegames.app3dmodelling) AudioTrack identical 2 lines
2022-12-25 22:12:40.121 22983-23063 AudioTrack              pid-22983                            V  obtainBuffer(192) returned 192 = 192 + 0 err 0
2022-12-25 22:12:40.122  2280-3246  CompatibilityInfo       pid-2280                             D  mCompatibilityFlags - 0
2022-12-25 22:12:40.122  2280-3246  CompatibilityInfo       pid-2280                             D  applicationDensity - 440
2022-12-25 22:12:40.122  2280-3246  CompatibilityInfo       pid-2280                             D  applicationScale - 1.0
2022-12-25 22:12:40.125 22983-23063 AudioTrack              pid-22983                            V  obtainBuffer(192) returned 192 = 192 + 0 err 0
2022-12-25 22:12:40.181 22983-23063 chatty                  pid-22983                            I  uid=10213(com.inforcegames.app3dmodelling) AudioTrack identical 14 lines
2022-12-25 22:12:40.185 22983-23063 AudioTrack              pid-22983                            V  obtainBuffer(192) returned 192 = 192 + 0 err 0
2022-12-25 22:12:40.189 22983-23063 AudioTrack              pid-22983                            V  obtainBuffer(192) returned 192 = 128 + 64 err 0
2022-12-25 22:12:40.189 22983-23063 AudioTrack              pid-22983                            V  obtainBuffer(64) returned 64 = 64 + 0 err 0
2022-12-25 22:12:40.193 22983-23063 AudioTrack              pid-22983                            V  obtainBuffer(192) returned 192 = 192 + 0 err 0
2022-12-25 22:12:40.197 22983-23063 AudioTrack              pid-22983                            V  obtainBuffer(192) returned 192 = 192 + 0 err 0
2022-12-25 22:12:40.199 13316-13316 SignalClusterView       pid-13316                            D  updateMobileTypeImage  0
2022-12-25 22:12:40.200 13316-13316 chatty                  pid-13316                            I  uid=1000(system) com.android.systemui identical 1 line
2022-12-25 22:12:40.200 13316-13316 SignalClusterView       pid-13316                            D  updateMobileTypeImage  0
2022-12-25 22:12:40.201 22983-23063 AudioTrack              pid-22983                            V  obtainBuffer(192) returned 192 = 192 + 0 err 0
2022-12-25 22:12:40.202 32738-22016 NetworkScheduler        pid-32738                            W  Error inserting period=3460000 preferred_charging_state=1 preferred_network_type=1 target_class=com.google.android.gms.measurement.PackageMeasurementTaskService required_network_type=0 runtime=1672002760185 required_idleness_state=0 source=16 service_kind=0 target_package=com.google.android.gms persistence_level=1 source_version=224814000 last_runtime=0 user_id=0 job_id=-1 requires_charging=0 tag=Measurement.PackageMeasurementTaskService.UPLOAD_TASK_TAG flex_time=1729000 task_type=0 retry_strategy={"maximum_backoff_seconds":{"3600":0},"initial_backoff_seconds":{"30":0},"retry_policy":{"0":0}} [CONTEXT service_id=218 ]
                                                                                                    android.database.sqlite.SQLiteConstraintException: UNIQUE constraint failed: pending_ops.tag, pending_ops.target_class, pending_ops.target_package, pending_ops.user_id (code 2067 SQLITE_CONSTRAINT_UNIQUE)
                                                                                                    	at android.database.sqlite.SQLiteConnection.nativeExecuteForLastInsertedRowId(Native Method)
                                                                                                    	at android.database.sqlite.SQLiteConnection.executeForLastInsertedRowId(SQLiteConnection.java:796)
