                                                                                                    	at java.io.FileReader.<init>(FileReader.java:72)
                                                                                                    	at com.miui.powercenter.utils.r.b(Unknown Source:27)
                                                                                                    	at com.miui.powercenter.batteryhistory.b.a(Unknown Source:136)
                                                                                                    	at com.miui.powercenter.batteryhistory.b.b(Unknown Source:0)
                                                                                                    	at com.miui.powercenter.provider.b$a.a(Unknown Source:36)
                                                                                                    	at com.miui.powercenter.provider.b$a.doInBackground(Unknown Source:2)
                                                                                                    	at android.os.AsyncTask$2.call(AsyncTask.java:333)
                                                                                                    	at java.util.concurrent.FutureTask.run(FutureTask.java:266)
                                                                                                    	at android.os.AsyncTask$SerialExecutor$1.run(AsyncTask.java:245)
                                                                                                    	at java.util.concurrent.ThreadPoolExecutor.runWorker(ThreadPoolExecutor.java:1167)
                                                                                                    	at java.util.concurrent.ThreadPoolExecutor$Worker.run(ThreadPoolExecutor.java:641)
                                                                                                    	at java.lang.Thread.run(Thread.java:764)
2022-12-25 22:12:41.215 30883-29614 PowerUtils              pid-30883                            I  getQuickChargerType: 
2022-12-25 22:12:41.217 22983-23063 AudioTrack              pid-22983                            V  obtainBuffer(192) returned 192 = 192 + 0 err 0
2022-12-25 22:12:41.219  3526-4074  PowerCheckerService     pid-3526                             W  Time interval is too short since last check
2022-12-25 22:12:41.221 22983-23063 AudioTrack              pid-22983                            V  obtainBuffer(192) returned 192 = 192 + 0 err 0
2022-12-25 22:12:41.225 30883-29614 PowerUtils              pid-30883                            E  getQuickChargerType
                                                                                                    java.io.FileNotFoundException: /sys/class/qcom-battery/quick_charge_type (No such file or directory)
                                                                                                    	at java.io.FileInputStream.open0(Native Method)
                                                                                                    	at java.io.FileInputStream.open(FileInputStream.java:231)
                                                                                                    	at java.io.FileInputStream.<init>(FileInputStream.java:165)
                                                                                                    	at java.io.FileReader.<init>(FileReader.java:72)
                                                                                                    	at com.miui.powercenter.utils.r.b(Unknown Source:27)
                                                                                                    	at com.miui.powercenter.batteryhistory.b.a(Unknown Source:3)
                                                                                                    	at com.miui.powercenter.batteryhistory.b.b(Unknown Source:94)
                                                                                                    	at com.miui.powercenter.provider.b$a.a(Unknown Source:36)
                                                                                                    	at com.miui.powercenter.provider.b$a.doInBackground(Unknown Source:2)
                                                                                                    	at android.os.AsyncTask$2.call(AsyncTask.java:333)
                                                                                                    	at java.util.concurrent.FutureTask.run(FutureTask.java:266)
                                                                                                    	at android.os.AsyncTask$SerialExecutor$1.run(AsyncTask.java:245)
                                                                                                    	at java.util.concurrent.ThreadPoolExecutor.runWorker(ThreadPoolExecutor.java:1167)
                                                                                                    	at java.util.concurrent.ThreadPoolExecutor$Worker.run(ThreadPoolExecutor.java:641)
                                                                                                    	at java.lang.Thread.run(Thread.java:764)
2022-12-25 22:12:41.225 30883-29614 PowerUtils              pid-30883                            I  getQuickChargerType: 
2022-12-25 22:12:41.225 22983-23063 AudioTrack              pid-22983                            V  obtainBuffer(192) returned 192 = 192 + 0 err 0
2022-12-25 22:12:41.226 30883-29614 BatteryChargeTimeHelper pid-30883                            I  Use history time, 0.52 1h33m9s503ms
2022-12-25 22:12:41.229 22983-23063 AudioTrack              pid-22983                            V  obtainBuffer(192) returned 192 = 192 + 0 err 0
2022-12-25 22:12:41.232   688-2399  audio_hw_spkr_prot      pid-688                              D  audio_extn_fbsp_get_parameters: Speaker protection disabled
2022-12-25 22:12:41.232   688-2399  audio_hw_extn           pid-688                              D  audio_extn_get_parameters: returns 
2022-12-25 22:12:41.233   743-743   hash_map_utils          pid-743                              I  key: 'hifi_mode' value: ''
2022-12-25 22:12:41.234 22983-23063 AudioTrack              pid-22983                            V  obtainBuffer(192) returned 192 = 192 + 0 err 0
2022-12-25 22:12:41.235 22983-23868 AudioManager            pid-22983                            D  getStreamVolume isRestricted mode = 0
2022-12-25 22:12:41.237   688-2399  audio_hw_spkr_prot      pid-688                              D  audio_extn_fbsp_get_parameters: Speaker protection disabled
2022-12-25 22:12:41.237   688-2399  audio_hw_extn           pid-688                              D  audio_extn_get_parameters: returns 
2022-12-25 22:12:41.237   743-743   hash_map_utils          pid-743                              I  key: 'hifi_mode' value: ''
2022-12-25 22:12:41.237 22983-23063 AudioTrack              pid-22983                            V  obtainBuffer(192) returned 192 = 192 + 0 err 0
2022-12-25 22:12:41.249 22983-23063 chatty                  pid-22983                            I  uid=10213(com.inforcegames.app3dmodelling) AudioTrack identical 3 lines
2022-12-25 22:12:41.253 22983-23063 AudioTrack              pid-22983                            V  obtainBuffer(192) returned 192 = 192 + 0 err 0
2022-12-25 22:12:41.257 22983-23063 AudioTrack              pid-22983                            V  obtainBuffer(192) returned 192 = 64 + 128 err 0
2022-12-25 22:12:41.257 22983-23063 AudioTrack              pid-22983                            V  obtainBuffer(128) returned 128 = 128 + 0 err 0
2022-12-25 22:12:41.261 22983-23063 AudioTrack              pid-22983                            V  obtainBuffer(192) returned 192 = 192 + 0 err 0
2022-12-25 22:12:41.334 22983-23063 chatty                  pid-22983                            I  uid=10213(com.inforcegames.app3dmodelling) AudioTrack identical 18 lines
2022-12-25 22:12:41.337 22983-23063 AudioTrack              pid-22983                            V  obtainBuffer(192) returned 192 = 192 + 0 err 0
2022-12-25 22:12:41.341 22983-23063 AudioTrack              pid-22983                            V  obtainBuffer(192) returned 192 = 128 + 64 err 0
2022-12-25 22:12:41.341 22983-23063 AudioTrack              pid-22983                            V  obtainBuffer(64) returned 64 = 64 + 0 err 0
2022-12-25 22:12:41.345 22983-23063 AudioTrack              pid-22983                            V  obtainBuffer(192) returned 192 = 192 + 0 err 0
2022-12-25 22:12:41.377 22983-23063 chatty                  pid-22983                            I  uid=10213(com.inforcegames.app3dmodelling) AudioTrack identical 8 lines
2022-12-25 22:12:41.381 22983-23063 AudioTrack              pid-22983                            V  obtainBuffer(192) returned 192 = 192 + 0 err 0
2022-12-25 22:12:41.386 22983-23063 AudioTrack              pid-22983                            V  obtainBuffer(192) returned 192 = 64 + 128 err 0
2022-12-25 22:12:41.386 22983-23063 AudioTrack              pid-22983                            V  obtainBuffer(128) returned 128 = 128 + 0 err 0
2022-12-25 22:12:41.389 22983-23063 AudioTrack              pid-22983                            V  obtainBuffer(192) returned 192 = 192 + 0 err 0
2022-12-25 22:12:41.441 22983-23063 chatty                  pid-22983                            I  uid=10213(com.inforcegames.app3dmodelling) AudioTrack identical 13 lines
2022-12-25 22:12:41.446 22983-23063 AudioTrack              pid-22983                            V  obtainBuffer(192) returned 192 = 192 + 0 err 0
2022-12-25 22:12:41.448 29616-29616 Perf                    pid-29616                            I  Connecting to perf service.
2022-12-25 22:12:41.449 22983-23063 AudioTrack              pid-22983                            V  obtainBuffer(192) returned 192 = 192 + 0 err 0
2022-12-25 22:12:41.461 22983-23063 chatty                  pid-22983                            I  uid=10213(com.inforcegames.app3dmodelling) AudioTrack identical 3 lines
2022-12-25 22:12:41.465 22983-23063 AudioTrack              pid-22983                            V  obtainBuffer(192) returned 192 = 192 + 0 err 0
2022-12-25 22:12:41.469 22983-23063 AudioTrack              pid-22983                            V  obtainBuffer(192) returned 192 = 128 + 64 err 0
2022-12-25 22:12:41.469 22983-23063 AudioTrack              pid-22983                            V  obtainBuffer(64) returned 64 = 64 + 0 err 0
2022-12-25 22:12:41.473 22983-23063 AudioTrack              pid-22983                            V  obtainBuffer(192) returned 192 = 192 + 0 err 0
2022-12-25 22:12:41.505 22983-23063 chatty                  pid-22983                            I  uid=10213(com.inforcegames.app3dmodelling) AudioTrack identical 8 lines
2022-12-25 22:12:41.509 22983-23063 AudioTrack              pid-22983                            V  obtainBuffer(192) returned 192 = 192 + 0 err 0
2022-12-25 22:12:41.513 22983-23063 AudioTrack              pid-22983                            V  obtainBuffer(192) returned 192 = 64 + 128 err 0
2022-12-25 22:12:41.513 22983-23063 AudioTrack              pid-22983                            V  obtainBuffer(128) returned 128 = 128 + 0 err 0
2022-12-25 22:12:41.515   688-688   audio_hw_spkr_prot      pid-688                              D  audio_extn_fbsp_get_parameters: Speaker protection disabled
2022-12-25 22:12:41.515   688-688   audio_hw_extn           pid-688                              D  audio_extn_get_parameters: returns 
2022-12-25 22:12:41.515   743-743   hash_map_utils          pid-743                              I  key: 'hifi_mode' value: ''
2022-12-25 22:12:41.517 22983-23868 AudioManager            pid-22983                            D  getStreamVolume isRestricted mode = 0
2022-12-25 22:12:41.517 22983-23063 AudioTrack              pid-22983                            V  obtainBuffer(192) returned 192 = 192 + 0 err 0
2022-12-25 22:12:41.518   688-688   audio_hw_spkr_prot      pid-688                              D  audio_extn_fbsp_get_parameters: Speaker protection disabled
2022-12-25 22:12:41.518   688-688   audio_hw_extn           pid-688                              D  audio_extn_get_parameters: returns 
2022-12-25 22:12:41.519   743-743   hash_map_utils          pid-743                              I  key: 'hifi_mode' value: ''
2022-12-25 22:12:41.521 22983-23063 AudioTrack              pid-22983                            V  obtainBuffer(192) returned 192 = 192 + 0 err 0
2022-12-25 22:12:41.558 22983-23063 chatty                  pid-22983                            I  uid=10213(com.inforcegames.app3dmodelling) AudioTrack identical 9 lines
2022-12-25 22:12:41.561 22983-23063 AudioTrack              pid-22983                            V  obtainBuffer(192) returned 192 = 192 + 0 err 0
2022-12-25 22:12:41.563  1302-1462  ThermalEngine           pid-1302                             D  sensor_wait: msm_therm Wait done.
2022-12-25 22:12:41.565  1302-1462  ThermalEngine           pid-1302                             D  sensor_monitor: msm_therm Reading 38000 .
2022-12-25 22:12:41.565  1302-1462  ThermalEngine           pid-1302                             I  Sensor:msm_therm:38000 mC
2022-12-25 22:12:41.565  1302-1462  ThermalEngine           pid-1302                             D  update_active_thresh: msm_therm Active(1), Hi(1) 44000, Lo(0) -2147483648, desc(0) Interval(1) 1000
2022-12-25 22:12:41.565  1302-1462  ThermalEngine           pid-1302                             D  sensor_monitor: msm_therm Sensor wait.
2022-12-25 22:12:41.565  1302-1462  ThermalEngine           pid-1302                             D  sensor_wait: msm_therm Wait start. 1000ms
2022-12-25 22:12:41.565  1302-1463  ThermalEngine           pid-1302                             D  sensor_wait: quiet_therm Wait done.
2022-12-25 22:12:41.565 22983-23063 AudioTrack              pid-22983                            V  obtainBuffer(192) returned 192 = 192 + 0 err 0
2022-12-25 22:12:41.566  1302-1463  ThermalEngine           pid-1302                             D  sensor_monitor: quiet_therm Reading 37000 .
2022-12-25 22:12:41.566  1302-1463  ThermalEngine           pid-1302                             I  Sensor:quiet_therm:37000 mC
2022-12-25 22:12:41.566  1302-1463  ThermalEngine           pid-1302                             D  update_active_thresh: quiet_therm Active(1), Hi(1) 40000, Lo(0) -2147483648, desc(0) Interval(1) 1000
2022-12-25 22:12:41.566  1302-1463  ThermalEngine           pid-1302                             D  sensor_monitor: quiet_therm Sensor wait.
2022-12-25 22:12:41.566  1302-1463  ThermalEngine           pid-1302                             D  sensor_wait: quiet_therm Wait start. 1000ms
2022-12-25 22:12:41.569 22983-23063 AudioTrack              pid-22983                            V  obtainBuffer(192) returned 192 = 192 + 0 err 0
2022-12-25 22:12:41.590 22983-23063 chatty                  pid-22983                            I  uid=10213(com.inforcegames.app3dmodelling) AudioTrack identical 5 lines
2022-12-25 22:12:41.593 22983-23063 AudioTrack              pid-22983                            V  obtainBuffer(192) returned 192 = 192 + 0 err 0
2022-12-25 22:12:41.597 22983-23063 AudioTrack              pid-22983                            V  obtainBuffer(192) returned 192 = 128 + 64 err 0
2022-12-25 22:12:41.597 22983-23063 AudioTrack              pid-22983                            V  obtainBuffer(64) returned 64 = 64 + 0 err 0
2022-12-25 22:12:41.601 22983-23063 AudioTrack              pid-22983                            V  obtainBuffer(192) returned 192 = 192 + 0 err 0
2022-12-25 22:12:41.633 22983-23063 chatty                  pid-22983                            I  uid=10213(com.inforcegames.app3dmodelling) AudioTrack identical 8 lines
2022-12-25 22:12:41.637 22983-23063 AudioTrack              pid-22983                            V  obtainBuffer(192) returned 192 = 192 + 0 err 0
2022-12-25 22:12:41.641 22983-23063 AudioTrack              pid-22983                            V  obtainBuffer(192) returned 192 = 64 + 128 err 0
2022-12-25 22:12:41.641 22983-23063 AudioTrack              pid-22983                            V  obtainBuffer(128) returned 128 = 128 + 0 err 0
2022-12-25 22:12:41.645 22983-23063 AudioTrack              pid-22983                            V  obtainBuffer(192) returned 192 = 192 + 0 err 0
2022-12-25 22:12:41.717 22983-23063 chatty                  pid-22983                            I  uid=10213(com.inforcegames.app3dmodelling) AudioTrack identical 18 lines
2022-12-25 22:12:41.721 22983-23063 AudioTrack              pid-22983                            V  obtainBuffer(192) returned 192 = 192 + 0 err 0
2022-12-25 22:12:41.725 22983-23063 AudioTrack              pid-22983                            V  obtainBuffer(192) returned 192 = 128 + 64 err 0
2022-12-25 22:12:41.725 22983-23063 AudioTrack              pid-22983                            V  obtainBuffer(64) returned 64 = 64 + 0 err 0
2022-12-25 22:12:41.729 22983-23063 AudioTrack              pid-22983                            V  obtainBuffer(192) returned 192 = 192 + 0 err 0
2022-12-25 22:12:41.761 22983-23063 chatty                  pid-22983                            I  uid=10213(com.inforcegames.app3dmodelling) AudioTrack identical 8 lines
2022-12-25 22:12:41.765 22983-23063 AudioTrack              pid-22983                            V  obtainBuffer(192) returned 192 = 192 + 0 err 0
2022-12-25 22:12:41.770 22983-23063 AudioTrack              pid-22983                            V  obtainBuffer(192) returned 192 = 64 + 128 err 0
2022-12-25 22:12:41.770 22983-23063 AudioTrack              pid-22983                            V  obtainBuffer(128) returned 128 = 128 + 0 err 0
2022-12-25 22:12:41.774 22983-23063 AudioTrack              pid-22983                            V  obtainBuffer(192) returned 192 = 192 + 0 err 0
2022-12-25 22:12:41.809 22983-23063 chatty                  pid-22983                            I  uid=10213(com.inforcegames.app3dmodelling) AudioTrack identical 9 lines
2022-12-25 22:12:41.813 22983-23063 AudioTrack              pid-22983                            V  obtainBuffer(192) returned 192 = 192 + 0 err 0
2022-12-25 22:12:41.817 23138-23223 chromium                pid-23138                            E  [ERROR:tile_manager.cc(826)] WARNING: tile memory limits exceeded, some content may not draw
2022-12-25 22:12:41.817 22983-23063 AudioTrack              pid-22983                            V  obtainBuffer(192) returned 192 = 192 + 0 err 0
2022-12-25 22:12:41.818 23138-23223 chromium                pid-23138                            E  [ERROR:tile_manager.cc(826)] WARNING: tile memory limits exceeded, some content may not draw
2022-12-25 22:12:41.821 22983-23063 AudioTrack              pid-22983                            V  obtainBuffer(192) returned 192 = 192 + 0 err 0
2022-12-25 22:12:41.845 22983-23063 chatty                  pid-22983                            I  uid=10213(com.inforcegames.app3dmodelling) AudioTrack identical 6 lines
2022-12-25 22:12:41.850 22983-23063 AudioTrack              pid-22983                            V  obtainBuffer(192) returned 192 = 192 + 0 err 0
2022-12-25 22:12:41.853 22983-23063 AudioTrack              pid-22983                            V  obtainBuffer(192) returned 192 = 128 + 64 err 0
2022-12-25 22:12:41.854 22983-23063 AudioTrack              pid-22983                            V  obtainBuffer(64) returned 64 = 64 + 0 err 0
2022-12-25 22:12:41.855 23138-23223 chromium                pid-23138                            E  [ERROR:tile_manager.cc(826)] WARNING: tile memory limits exceeded, some content may not draw
2022-12-25 22:12:41.856 23138-23223 chromium                pid-23138                            E  [ERROR:tile_manager.cc(826)] WARNING: tile memory limits exceeded, some content may not draw
2022-12-25 22:12:41.857 22983-23063 AudioTrack              pid-22983                            V  obtainBuffer(192) returned 192 = 192 + 0 err 0
2022-12-25 22:12:41.889 22983-23063 chatty                  pid-22983                            I  uid=10213(com.inforcegames.app3dmodelling) AudioTrack identical 8 lines
2022-12-25 22:12:41.894 22983-23063 AudioTrack              pid-22983                            V  obtainBuffer(192) returned 192 = 192 + 0 err 0
2022-12-25 22:12:41.898 22983-23063 AudioTrack              pid-22983                            V  obtainBuffer(192) returned 192 = 64 + 128 err 0
2022-12-25 22:12:41.898 22983-23063 AudioTrack              pid-22983                            V  obtainBuffer(128) returned 128 = 128 + 0 err 0
2022-12-25 22:12:41.902 22983-23063 AudioTrack              pid-22983                            V  obtainBuffer(192) returned 192 = 192 + 0 err 0
2022-12-25 22:12:41.938 22983-23063 chatty                  pid-22983                            I  uid=10213(com.inforcegames.app3dmodelling) AudioTrack identical 9 lines
2022-12-25 22:12:41.941 22983-23063 AudioTrack              pid-22983                            V  obtainBuffer(192) returned 192 = 192 + 0 err 0
2022-12-25 22:12:41.942   688-688   audio_hw_spkr_prot      pid-688                              D  audio_extn_fbsp_get_parameters: Speaker protection disabled
2022-12-25 22:12:41.943   688-688   audio_hw_extn           pid-688                              D  audio_extn_get_parameters: returns 
2022-12-25 22:12:41.943   743-743   hash_map_utils          pid-743                              I  key: 'hifi_mode' value: ''
2022-12-25 22:12:41.944 22983-23868 AudioManager            pid-22983                            D  getStreamVolume isRestricted mode = 0
2022-12-25 22:12:41.946 22983-23063 AudioTrack              pid-22983                            V  obtainBuffer(192) returned 192 = 192 + 0 err 0
2022-12-25 22:12:41.949   688-688   audio_hw_spkr_prot      pid-688                              D  audio_extn_fbsp_get_parameters: Speaker protection disabled
2022-12-25 22:12:41.949   688-688   audio_hw_extn           pid-688                              D  audio_extn_get_parameters: returns 
2022-12-25 22:12:41.950 22983-23063 AudioTrack              pid-22983                            V  obtainBuffer(192) returned 192 = 192 + 0 err 0
2022-12-25 22:12:41.951   743-15843 hash_map_utils          pid-743                              I  key: 'hifi_mode' value: ''
2022-12-25 22:12:41.954 22983-23063 AudioTrack              pid-22983                            V  obtainBuffer(192) returned 192 = 192 + 0 err 0
2022-12-25 22:12:41.974 22983-23063 chatty                  pid-22983                            I  uid=10213(com.inforcegames.app3dmodelling) AudioTrack identical 5 lines
2022-12-25 22:12:41.978 22983-23063 AudioTrack              pid-22983                            V  obtainBuffer(192) returned 192 = 192 + 0 err 0
2022-12-25 22:12:41.982 22983-23063 AudioTrack              pid-22983                            V  obtainBuffer(192) returned 192 = 128 + 64 err 0
2022-12-25 22:12:41.982 22983-23063 AudioTrack              pid-22983                            V  obtainBuffer(64) returned 64 = 64 + 0 err 0
2022-12-25 22:12:41.986 22983-23063 AudioTrack              pid-22983                            V  obtainBuffer(192) returned 192 = 192 + 0 err 0
2022-12-25 22:12:42.013 22983-23063 chatty                  pid-22983                            I  uid=10213(com.inforcegames.app3dmodelling) AudioTrack identical 7 lines
2022-12-25 22:12:42.018 22983-23063 AudioTrack              pid-22983                            V  obtainBuffer(192) returned 192 = 192 + 0 err 0
2022-12-25 22:12:42.020  1302-1457  ThermalEngine           pid-1302                             D  sensor_wait: backlight_therm Wait done.
2022-12-25 22:12:42.022  1302-1457  ThermalEngine           pid-1302                             D  sensor_monitor: backlight_therm Reading 36000 .
2022-12-25 22:12:42.022  1302-1457  ThermalEngine           pid-1302                             I  Sensor:backlight_therm:36000 mC
2022-12-25 22:12:42.022  1302-1457  ThermalEngine           pid-1302                             D  update_active_thresh: backlight_therm Active(1), Hi(1) 45000, Lo(0) -2147483648, desc(0) Interval(1) 2000
2022-12-25 22:12:42.022  1302-1457  ThermalEngine           pid-1302                             D  sensor_monitor: backlight_therm Sensor wait.
2022-12-25 22:12:42.022  1302-1457  ThermalEngine           pid-1302                             D  sensor_wait: backlight_therm Wait start. 2000ms
2022-12-25 22:12:42.022 22983-23063 AudioTrack              pid-22983                            V  obtainBuffer(192) returned 192 = 192 + 0 err 0
2022-12-25 22:12:42.025 22983-23063 AudioTrack              pid-22983                            V  obtainBuffer(192) returned 192 = 64 + 128 err 0
2022-12-25 22:12:42.026 22983-23063 AudioTrack              pid-22983                            V  obtainBuffer(128) returned 128 = 128 + 0 err 0
2022-12-25 22:12:42.029 22983-23063 AudioTrack              pid-22983                            V  obtainBuffer(192) returned 192 = 192 + 0 err 0
2022-12-25 22:12:42.102 22983-23063 chatty                  pid-22983                            I  uid=10213(com.inforcegames.app3dmodelling) AudioTrack identical 18 lines
2022-12-25 22:12:42.105 22983-23063 AudioTrack              pid-22983                            V  obtainBuffer(192) returned 192 = 192 + 0 err 0
2022-12-25 22:12:42.110 22983-23063 AudioTrack              pid-22983                            V  obtainBuffer(192) returned 192 = 128 + 64 err 0
2022-12-25 22:12:42.110 22983-23063 AudioTrack              pid-22983                            V  obtainBuffer(64) returned 64 = 64 + 0 err 0
2022-12-25 22:12:42.113 22983-23063 AudioTrack              pid-22983                            V  obtainBuffer(192) returned 192 = 192 + 0 err 0
2022-12-25 22:12:42.145 22983-23063 chatty                  pid-22983                            I  uid=10213(com.inforcegames.app3dmodelling) AudioTrack identical 8 lines
2022-12-25 22:12:42.150 22983-23063 AudioTrack              pid-22983                            V  obtainBuffer(192) returned 192 = 192 + 0 err 0
2022-12-25 22:12:42.154 22983-23063 AudioTrack              pid-22983                            V  obtainBuffer(192) returned 192 = 64 + 128 err 0
2022-12-25 22:12:42.154 22983-23063 AudioTrack              pid-22983                            V  obtainBuffer(128) returned 128 = 128 + 0 err 0
2022-12-25 22:12:42.158 22983-23063 AudioTrack              pid-22983                            V  obtainBuffer(192) returned 192 = 192 + 0 err 0
2022-12-25 22:12:42.230 22983-23063 chatty                  pid-22983                            I  uid=10213(com.inforcegames.app3dmodelling) AudioTrack identical 18 lines
2022-12-25 22:12:42.233 22983-23063 AudioTrack              pid-22983                            V  obtainBuffer(192) returned 192 = 192 + 0 err 0
2022-12-25 22:12:42.238 22983-23063 AudioTrack              pid-22983                            V  obtainBuffer(192) returned 192 = 128 + 64 err 0
2022-12-25 22:12:42.238 22983-23063 AudioTrack              pid-22983                            V  obtainBuffer(64) returned 64 = 64 + 0 err 0
2022-12-25 22:12:42.241 22983-23063 AudioTrack              pid-22983                            V  obtainBuffer(192) returned 192 = 192 + 0 err 0
2022-12-25 22:12:42.246 22983-23063 AudioTrack              pid-22983                            V  obtainBuffer(192) returned 192 = 192 + 0 err 0
2022-12-25 22:12:42.249 32738-32738 BoundBrokerSvc          pid-32738                            D  onUnbind: Intent { act=com.google.android.gms.clearcut.bootcount.service.START dat=chimera-action: cmp=com.google.android.gms/.chimera.PersistentBoundBrokerService }
2022-12-25 22:12:42.250 22983-23063 AudioTrack              pid-22983                            V  obtainBuffer(192) returned 192 = 192 + 0 err 0
2022-12-25 22:12:42.273 22983-23063 chatty                  pid-22983                            I  uid=10213(com.inforcegames.app3dmodelling) AudioTrack identical 6 lines
2022-12-25 22:12:42.277 22983-23063 AudioTrack              pid-22983                            V  obtainBuffer(192) returned 192 = 192 + 0 err 0
2022-12-25 22:12:42.282 22983-23063 AudioTrack              pid-22983                            V  obtainBuffer(192) returned 192 = 64 + 128 err 0
2022-12-25 22:12:42.282 22983-23063 AudioTrack              pid-22983                            V  obtainBuffer(128) returned 128 = 128 + 0 err 0
2022-12-25 22:12:42.285 22983-23063 AudioTrack              pid-22983                            V  obtainBuffer(192) returned 192 = 192 + 0 err 0
2022-12-25 22:12:42.358 22983-23063 chatty                  pid-22983                            I  uid=10213(com.inforcegames.app3dmodelling) AudioTrack identical 18 lines
2022-12-25 22:12:42.361 22983-23063 AudioTrack              pid-22983                            V  obtainBuffer(192) returned 192 = 192 + 0 err 0
2022-12-25 22:12:42.367 22983-23063 AudioTrack              pid-22983                            V  obtainBuffer(192) returned 192 = 128 + 64 err 0
2022-12-25 22:12:42.367 22983-23063 AudioTrack              pid-22983                            V  obtainBuffer(64) returned 64 = 64 + 0 err 0
2022-12-25 22:12:42.369 22983-23063 AudioTrack              pid-22983                            V  obtainBuffer(192) returned 192 = 192 + 0 err 0
2022-12-25 22:12:42.403 22983-23063 chatty                  pid-22983                            I  uid=10213(com.inforcegames.app3dmodelling) AudioTrack identical 8 lines
2022-12-25 22:12:42.406 22983-23063 AudioTrack              pid-22983                            V  obtainBuffer(192) returned 192 = 192 + 0 err 0
2022-12-25 22:12:42.410 22983-23063 AudioTrack              pid-22983                            V  obtainBuffer(192) returned 192 = 64 + 128 err 0
2022-12-25 22:12:42.410 22983-23063 AudioTrack              pid-22983                            V  obtainBuffer(128) returned 128 = 128 + 0 err 0
2022-12-25 22:12:42.413 22983-23063 AudioTrack              pid-22983                            V  obtainBuffer(192) returned 192 = 192 + 0 err 0
2022-12-25 22:12:42.486 22983-23063 chatty                  pid-22983                            I  uid=10213(com.inforcegames.app3dmodelling) AudioTrack identical 18 lines
2022-12-25 22:12:42.490 22983-23063 AudioTrack              pid-22983                            V  obtainBuffer(192) returned 192 = 192 + 0 err 0
2022-12-25 22:12:42.493 22983-23063 AudioTrack              pid-22983                            V  obtainBuffer(192) returned 192 = 128 + 64 err 0
2022-12-25 22:12:42.494 22983-23063 AudioTrack              pid-22983                            V  obtainBuffer(64) returned 64 = 64 + 0 err 0
2022-12-25 22:12:42.498 22983-23063 AudioTrack              pid-22983                            V  obtainBuffer(192) returned 192 = 192 + 0 err 0
2022-12-25 22:12:42.530 22983-23063 chatty                  pid-22983                            I  uid=10213(com.inforcegames.app3dmodelling) AudioTrack identical 8 lines
2022-12-25 22:12:42.534 22983-23063 AudioTrack              pid-22983                            V  obtainBuffer(192) returned 192 = 192 + 0 err 0
2022-12-25 22:12:42.538 22983-23063 AudioTrack              pid-22983                            V  obtainBuffer(192) returned 192 = 64 + 128 err 0
2022-12-25 22:12:42.538 22983-23063 AudioTrack              pid-22983                            V  obtainBuffer(128) returned 128 = 128 + 0 err 0
2022-12-25 22:12:42.542 22983-23063 AudioTrack              pid-22983                            V  obtainBuffer(192) returned 192 = 192 + 0 err 0
2022-12-25 22:12:42.557 22983-23063 chatty                  pid-22983                            I  uid=10213(com.inforcegames.app3dmodelling) AudioTrack identical 4 lines
2022-12-25 22:12:42.561 22983-23063 AudioTrack              pid-22983                            V  obtainBuffer(192) returned 192 = 192 + 0 err 0
2022-12-25 22:12:42.565  1302-1462  ThermalEngine           pid-1302                             D  sensor_wait: msm_therm Wait done.
2022-12-25 22:12:42.566 22983-23063 AudioTrack              pid-22983                            V  obtainBuffer(192) returned 192 = 192 + 0 err 0
2022-12-25 22:12:42.566  1302-1463  ThermalEngine           pid-1302                             D  sensor_wait: quiet_therm Wait done.
2022-12-25 22:12:42.567  1302-1462  ThermalEngine           pid-1302                             D  sensor_monitor: msm_therm Reading 38000 .
2022-12-25 22:12:42.567  1302-1462  ThermalEngine           pid-1302                             I  Sensor:msm_therm:38000 mC
2022-12-25 22:12:42.567  1302-1462  ThermalEngine           pid-1302                             D  update_active_thresh: msm_therm Active(1), Hi(1) 44000, Lo(0) -2147483648, desc(0) Interval(1) 1000
2022-12-25 22:12:42.567  1302-1462  ThermalEngine           pid-1302                             D  sensor_monitor: msm_therm Sensor wait.
2022-12-25 22:12:42.567  1302-1462  ThermalEngine           pid-1302                             D  sensor_wait: msm_therm Wait start. 1000ms
2022-12-25 22:12:42.568  1302-1463  ThermalEngine           pid-1302                             D  sensor_monitor: quiet_therm Reading 37000 .
2022-12-25 22:12:42.568  1302-1463  ThermalEngine           pid-1302                             I  Sensor:quiet_therm:37000 mC
2022-12-25 22:12:42.568  1302-1463  ThermalEngine           pid-1302                             D  update_active_thresh: quiet_therm Active(1), Hi(1) 40000, Lo(0) -2147483648, desc(0) Interval(1) 1000
2022-12-25 22:12:42.568  1302-1463  ThermalEngine           pid-1302                             D  sensor_monitor: quiet_therm Sensor wait.
2022-12-25 22:12:42.568  1302-1463  ThermalEngine           pid-1302                             D  sensor_wait: quiet_therm Wait start. 1000ms
2022-12-25 22:12:42.569 22983-23063 AudioTrack              pid-22983                            V  obtainBuffer(192) returned 192 = 192 + 0 err 0
2022-12-25 22:12:42.613 22983-23063 chatty                  pid-22983                            I  uid=10213(com.inforcegames.app3dmodelling) AudioTrack identical 11 lines
2022-12-25 22:12:42.618 22983-23063 AudioTrack              pid-22983                            V  obtainBuffer(192) returned 192 = 192 + 0 err 0
2022-12-25 22:12:42.621 22983-23063 AudioTrack              pid-22983                            V  obtainBuffer(192) returned 192 = 128 + 64 err 0
2022-12-25 22:12:42.621 22983-23063 AudioTrack              pid-22983                            V  obtainBuffer(64) returned 64 = 64 + 0 err 0
2022-12-25 22:12:42.625 22983-23063 AudioTrack              pid-22983                            V  obtainBuffer(192) returned 192 = 192 + 0 err 0
2022-12-25 22:12:42.657 22983-23063 chatty                  pid-22983                            I  uid=10213(com.inforcegames.app3dmodelling) AudioTrack identical 8 lines
2022-12-25 22:12:42.661 22983-23063 AudioTrack              pid-22983                            V  obtainBuffer(192) returned 192 = 192 + 0 err 0
2022-12-25 22:12:42.666 22983-23063 AudioTrack              pid-22983                            V  obtainBuffer(192) returned 192 = 64 + 128 err 0
2022-12-25 22:12:42.667 22983-23063 AudioTrack              pid-22983                            V  obtainBuffer(128) returned 128 = 128 + 0 err 0
2022-12-25 22:12:42.671 22983-23063 AudioTrack              pid-22983                            V  obtainBuffer(192) returned 192 = 192 + 0 err 0
2022-12-25 22:12:42.741 22983-23063 chatty                  pid-22983                            I  uid=10213(com.inforcegames.app3dmodelling) AudioTrack identical 18 lines
2022-12-25 22:12:42.746 22983-23063 AudioTrack              pid-22983                            V  obtainBuffer(192) returned 192 = 192 + 0 err 0
2022-12-25 22:12:42.751 22983-23063 AudioTrack              pid-22983                            V  obtainBuffer(192) returned 192 = 128 + 64 err 0
2022-12-25 22:12:42.751 22983-23063 AudioTrack              pid-22983                            V  obtainBuffer(64) returned 64 = 64 + 0 err 0
2022-12-25 22:12:42.754 22983-23063 AudioTrack              pid-22983                            V  obtainBuffer(192) returned 192 = 192 + 0 err 0
2022-12-25 22:12:42.758 22983-23063 chatty                  pid-22983                            I  uid=10213(com.inforcegames.app3dmodelling) AudioTrack identical 1 line
2022-12-25 22:12:42.761 22983-23063 AudioTrack              pid-22983                            V  obtainBuffer(192) returned 192 = 192 + 0 err 0
2022-12-25 22:12:42.764   688-688   audio_hw_spkr_prot      pid-688                              D  audio_extn_fbsp_get_parameters: Speaker protection disabled
2022-12-25 22:12:42.764   688-688   audio_hw_extn           pid-688                              D  audio_extn_get_parameters: returns 
2022-12-25 22:12:42.765 22983-23063 AudioTrack              pid-22983                            V  obtainBuffer(192) returned 192 = 192 + 0 err 0
2022-12-25 22:12:42.766   743-15843 hash_map_utils          pid-743                              I  key: 'hifi_mode' value: ''
2022-12-25 22:12:42.770 22983-23063 AudioTrack              pid-22983                            V  obtainBuffer(192) returned 192 = 192 + 0 err 0
2022-12-25 22:12:42.770 22983-23868 AudioManager            pid-22983                            D  getStreamVolume isRestricted mode = 0
2022-12-25 22:12:42.774 22983-23063 AudioTrack              pid-22983                            V  obtainBuffer(192) returned 192 = 192 + 0 err 0
2022-12-25 22:12:42.774   688-688   audio_hw_spkr_prot      pid-688                              D  audio_extn_fbsp_get_parameters: Speaker protection disabled
2022-12-25 22:12:42.775   688-688   audio_hw_extn           pid-688                              D  audio_extn_get_parameters: returns 
2022-12-25 22:12:42.775   743-15843 hash_map_utils          pid-743                              I  key: 'hifi_mode' value: ''
2022-12-25 22:12:42.777 22983-23063 AudioTrack              pid-22983                            V  obtainBuffer(192) returned 192 = 192 + 0 err 0
2022-12-25 22:12:42.785 22983-23063 chatty                  pid-22983                            I  uid=10213(com.inforcegames.app3dmodelling) AudioTrack identical 2 lines
2022-12-25 22:12:42.789 22983-23063 AudioTrack              pid-22983                            V  obtainBuffer(192) returned 192 = 192 + 0 err 0
2022-12-25 22:12:42.793 22983-23063 AudioTrack              pid-22983                            V  obtainBuffer(192) returned 192 = 64 + 128 err 0
2022-12-25 22:12:42.793 22983-23063 AudioTrack              pid-22983                            V  obtainBuffer(128) returned 128 = 128 + 0 err 0
2022-12-25 22:12:42.797 22983-23063 AudioTrack              pid-22983                            V  obtainBuffer(192) returned 192 = 192 + 0 err 0
2022-12-25 22:12:42.871 22983-23063 chatty                  pid-22983                            I  uid=10213(com.inforcegames.app3dmodelling) AudioTrack identical 18 lines
2022-12-25 22:12:42.873 22983-23063 AudioTrack              pid-22983                            V  obtainBuffer(192) returned 192 = 192 + 0 err 0
2022-12-25 22:12:42.878 22983-23063 AudioTrack              pid-22983                            V  obtainBuffer(192) returned 192 = 128 + 64 err 0
2022-12-25 22:12:42.878 22983-23063 AudioTrack              pid-22983                            V  obtainBuffer(64) returned 64 = 64 + 0 err 0
2022-12-25 22:12:42.882 22983-23063 AudioTrack              pid-22983                            V  obtainBuffer(192) returned 192 = 192 + 0 err 0
2022-12-25 22:12:42.914 22983-23063 chatty                  pid-22983                            I  uid=10213(com.inforcegames.app3dmodelling) AudioTrack identical 8 lines
2022-12-25 22:12:42.919 22983-23063 AudioTrack              pid-22983                            V  obtainBuffer(192) returned 192 = 192 + 0 err 0
2022-12-25 22:12:42.922 22983-23063 AudioTrack              pid-22983                            V  obtainBuffer(192) returned 192 = 64 + 128 err 0
2022-12-25 22:12:42.923 22983-23063 AudioTrack              pid-22983                            V  obtainBuffer(128) returned 128 = 128 + 0 err 0
2022-12-25 22:12:42.926 22983-23063 AudioTrack              pid-22983                            V  obtainBuffer(192) returned 192 = 192 + 0 err 0
2022-12-25 22:12:42.997 22983-23063 chatty                  pid-22983                            I  uid=10213(com.inforcegames.app3dmodelling) AudioTrack identical 18 lines
2022-12-25 22:12:43.002 22983-23063 AudioTrack              pid-22983                            V  obtainBuffer(192) returned 192 = 192 + 0 err 0
2022-12-25 22:12:43.006 22983-23063 AudioTrack              pid-22983                            V  obtainBuffer(192) returned 192 = 128 + 64 err 0
2022-12-25 22:12:43.006 22983-23063 AudioTrack              pid-22983                            V  obtainBuffer(64) returned 64 = 64 + 0 err 0
2022-12-25 22:12:43.010 22983-23063 AudioTrack              pid-22983                            V  obtainBuffer(192) returned 192 = 192 + 0 err 0
2022-12-25 22:12:43.030 22983-23063 chatty                  pid-22983                            I  uid=10213(com.inforcegames.app3dmodelling) AudioTrack identical 5 lines
2022-12-25 22:12:43.033 22983-23063 AudioTrack              pid-22983                            V  obtainBuffer(192) returned 192 = 192 + 0 err 0
2022-12-25 22:12:43.035  2820-5429  DPMJ                    pid-2820                             I  |REQ:RCVR| DPM creating socket
2022-12-25 22:12:43.038 22983-23063 AudioTrack              pid-22983                            V  obtainBuffer(192) returned 192 = 192 + 0 err 0
2022-12-25 22:12:43.042 22983-23063 chatty                  pid-22983                            I  uid=10213(com.inforcegames.app3dmodelling) AudioTrack identical 1 line
2022-12-25 22:12:43.045 22983-23063 AudioTrack              pid-22983                            V  obtainBuffer(192) returned 192 = 192 + 0 err 0
2022-12-25 22:12:43.050 22983-23063 AudioTrack              pid-22983                            V  obtainBuffer(192) returned 192 = 64 + 128 err 0
2022-12-25 22:12:43.050 22983-23063 AudioTrack              pid-22983                            V  obtainBuffer(128) returned 128 = 128 + 0 err 0
2022-12-25 22:12:43.053 22983-23063 AudioTrack              pid-22983                            V  obtainBuffer(192) returned 192 = 192 + 0 err 0
2022-12-25 22:12:43.126 22983-23063 chatty                  pid-22983                            I  uid=10213(com.inforcegames.app3dmodelling) AudioTrack identical 18 lines
2022-12-25 22:12:43.129 22983-23063 AudioTrack              pid-22983                            V  obtainBuffer(192) returned 192 = 192 + 0 err 0
2022-12-25 22:12:43.134 22983-23063 AudioTrack              pid-22983                            V  obtainBuffer(192) returned 192 = 128 + 64 err 0
2022-12-25 22:12:43.134 22983-23063 AudioTrack              pid-22983                            V  obtainBuffer(64) returned 64 = 64 + 0 err 0
2022-12-25 22:12:43.139 22983-23063 AudioTrack              pid-22983                            V  obtainBuffer(192) returned 192 = 192 + 0 err 0
2022-12-25 22:12:43.170 22983-23063 chatty                  pid-22983                            I  uid=10213(com.inforcegames.app3dmodelling) AudioTrack identical 8 lines
2022-12-25 22:12:43.174 22983-23063 AudioTrack              pid-22983                            V  obtainBuffer(192) returned 192 = 192 + 0 err 0
2022-12-25 22:12:43.177 22983-23063 AudioTrack              pid-22983                            V  obtainBuffer(192) returned 192 = 64 + 128 err 0
2022-12-25 22:12:43.177 22983-23063 AudioTrack              pid-22983                            V  obtainBuffer(128) returned 128 = 128 + 0 err 0
2022-12-25 22:12:43.181 22983-23063 AudioTrack              pid-22983                            V  obtainBuffer(192) returned 192 = 192 + 0 err 0
2022-12-25 22:12:43.198 22983-23063 chatty                  pid-22983                            I  uid=10213(com.inforcegames.app3dmodelling) AudioTrack identical 4 lines
2022-12-25 22:12:43.201 22983-23063 AudioTrack              pid-22983                            V  obtainBuffer(192) returned 192 = 192 + 0 err 0
2022-12-25 22:12:43.205 13316-13316 SignalClusterView       pid-13316                            D  updateMobileTypeImage  0
2022-12-25 22:12:43.205 22983-23063 AudioTrack              pid-22983                            V  obtainBuffer(192) returned 192 = 192 + 0 err 0
2022-12-25 22:12:43.206 13316-13316 SignalClusterView       pid-13316                            D  updateMobileTypeImage  0
2022-12-25 22:12:43.206 13316-13316 SignalClusterView       pid-13316                            D  updateMobileTypeImage  0
2022-12-25 22:12:43.211 22983-23063 AudioTrack              pid-22983                            V  obtainBuffer(192) returned 192 = 192 + 0 err 0
2022-12-25 22:12:43.253 22983-23063 chatty                  pid-22983                            I  uid=10213(com.inforcegames.app3dmodelling) AudioTrack identical 11 lines
2022-12-25 22:12:43.257 22983-23063 AudioTrack              pid-22983                            V  obtainBuffer(192) returned 192 = 192 + 0 err 0
2022-12-25 22:12:43.261 22983-23063 AudioTrack              pid-22983                            V  obtainBuffer(192) returned 192 = 128 + 64 err 0
2022-12-25 22:12:43.261 22983-23063 AudioTrack              pid-22983                            V  obtainBuffer(64) returned 64 = 64 + 0 err 0
2022-12-25 22:12:43.265 22983-23063 AudioTrack              pid-22983                            V  obtainBuffer(192) returned 192 = 192 + 0 err 0
2022-12-25 22:12:43.297 22983-23063 chatty                  pid-22983                            I  uid=10213(com.inforcegames.app3dmodelling) AudioTrack identical 8 lines
2022-12-25 22:12:43.302 22983-23063 AudioTrack              pid-22983                            V  obtainBuffer(192) returned 192 = 192 + 0 err 0
2022-12-25 22:12:43.306 22983-23063 AudioTrack              pid-22983                            V  obtainBuffer(192) returned 192 = 64 + 128 err 0
2022-12-25 22:12:43.306 22983-23063 AudioTrack              pid-22983                            V  obtainBuffer(128) returned 128 = 128 + 0 err 0
2022-12-25 22:12:43.311 22983-23063 AudioTrack              pid-22983                            V  obtainBuffer(192) returned 192 = 192 + 0 err 0
2022-12-25 22:12:43.382 22983-23063 chatty                  pid-22983                            I  uid=10213(com.inforcegames.app3dmodelling) AudioTrack identical 18 lines
2022-12-25 22:12:43.386 22983-23063 AudioTrack              pid-22983                            V  obtainBuffer(192) returned 192 = 192 + 0 err 0
2022-12-25 22:12:43.390 22983-23063 AudioTrack              pid-22983                            V  obtainBuffer(192) returned 192 = 128 + 64 err 0
2022-12-25 22:12:43.390 22983-23063 AudioTrack              pid-22983                            V  obtainBuffer(64) returned 64 = 64 + 0 err 0
2022-12-25 22:12:43.394 22983-23063 AudioTrack              pid-22983                            V  obtainBuffer(192) returned 192 = 192 + 0 err 0
2022-12-25 22:12:43.426 22983-23063 chatty                  pid-22983                            I  uid=10213(com.inforcegames.app3dmodelling) AudioTrack identical 8 lines
2022-12-25 22:12:43.430 22983-23063 AudioTrack              pid-22983                            V  obtainBuffer(192) returned 192 = 192 + 0 err 0
2022-12-25 22:12:43.434 22983-23063 AudioTrack              pid-22983                            V  obtainBuffer(192) returned 192 = 64 + 128 err 0
2022-12-25 22:12:43.434 22983-23063 AudioTrack              pid-22983                            V  obtainBuffer(128) returned 128 = 128 + 0 err 0
2022-12-25 22:12:43.438 22983-23063 AudioTrack              pid-22983                            V  obtainBuffer(192) returned 192 = 192 + 0 err 0
2022-12-25 22:12:43.510 22983-23063 chatty                  pid-22983                            I  uid=10213(com.inforcegames.app3dmodelling) AudioTrack identical 18 lines
2022-12-25 22:12:43.515 22983-23063 AudioTrack              pid-22983                            V  obtainBuffer(192) returned 192 = 192 + 0 err 0
2022-12-25 22:12:43.518 22983-23063 AudioTrack              pid-22983                            V  obtainBuffer(192) returned 192 = 128 + 64 err 0
2022-12-25 22:12:43.518 22983-23063 AudioTrack              pid-22983                            V  obtainBuffer(64) returned 64 = 64 + 0 err 0
2022-12-25 22:12:43.521 22983-23063 AudioTrack              pid-22983                            V  obtainBuffer(192) returned 192 = 192 + 0 err 0
2022-12-25 22:12:43.554 22983-23063 chatty                  pid-22983                            I  uid=10213(com.inforcegames.app3dmodelling) AudioTrack identical 8 lines
2022-12-25 22:12:43.558 22983-23063 AudioTrack              pid-22983                            V  obtainBuffer(192) returned 192 = 192 + 0 err 0
2022-12-25 22:12:43.562 22983-23063 AudioTrack              pid-22983                            V  obtainBuffer(192) returned 192 = 64 + 128 err 0
2022-12-25 22:12:43.562 22983-23063 AudioTrack              pid-22983                            V  obtainBuffer(128) returned 128 = 128 + 0 err 0
2022-12-25 22:12:43.566 22983-23063 AudioTrack              pid-22983                            V  obtainBuffer(192) returned 192 = 192 + 0 err 0
