2022-12-25 19:22:41.575  1302-1457  ThermalEngine           pid-1302                             I  Sensor:backlight_therm:37000 mC
2022-12-25 19:22:41.575  1302-1457  ThermalEngine           pid-1302                             D  update_active_thresh: backlight_therm Active(1), Hi(1) 45000, Lo(0) -2147483648, desc(0) Interval(1) 2000
2022-12-25 19:22:41.575  1302-1457  ThermalEngine           pid-1302                             D  sensor_monitor: backlight_therm Sensor wait.
2022-12-25 19:22:41.575  1302-1457  ThermalEngine           pid-1302                             D  sensor_wait: backlight_therm Wait start. 2000ms
2022-12-25 19:22:41.578 32051-32133 AudioTrack              pid-32051                            V  obtainBuffer(192) returned 192 = 192 + 0 err 0
2022-12-25 19:22:41.629 32051-32133 chatty                  pid-32051                            I  uid=10213(com.inforcegames.app3dmodelling) AudioTrack identical 13 lines
2022-12-25 19:22:41.634 32051-32133 AudioTrack              pid-32051                            V  obtainBuffer(192) returned 192 = 192 + 0 err 0
2022-12-25 19:22:41.638 32051-32133 AudioTrack              pid-32051                            V  obtainBuffer(192) returned 192 = 128 + 64 err 0
2022-12-25 19:22:41.638 32051-32133 AudioTrack              pid-32051                            V  obtainBuffer(64) returned 64 = 64 + 0 err 0
2022-12-25 19:22:41.641 32051-32133 AudioTrack              pid-32051                            V  obtainBuffer(192) returned 192 = 192 + 0 err 0
2022-12-25 19:22:41.674 32051-32133 chatty                  pid-32051                            I  uid=10213(com.inforcegames.app3dmodelling) AudioTrack identical 8 lines
2022-12-25 19:22:41.677 32051-32133 AudioTrack              pid-32051                            V  obtainBuffer(192) returned 192 = 192 + 0 err 0
2022-12-25 19:22:41.682 32051-32133 AudioTrack              pid-32051                            V  obtainBuffer(192) returned 192 = 64 + 128 err 0
2022-12-25 19:22:41.682 32051-32133 AudioTrack              pid-32051                            V  obtainBuffer(128) returned 128 = 128 + 0 err 0
2022-12-25 19:22:41.685 32051-32133 AudioTrack              pid-32051                            V  obtainBuffer(192) returned 192 = 192 + 0 err 0
2022-12-25 19:22:41.757 32051-32133 chatty                  pid-32051                            I  uid=10213(com.inforcegames.app3dmodelling) AudioTrack identical 18 lines
2022-12-25 19:22:41.762 32051-32133 AudioTrack              pid-32051                            V  obtainBuffer(192) returned 192 = 192 + 0 err 0
2022-12-25 19:22:41.766 32051-32133 AudioTrack              pid-32051                            V  obtainBuffer(192) returned 192 = 128 + 64 err 0
2022-12-25 19:22:41.766 32051-32133 AudioTrack              pid-32051                            V  obtainBuffer(64) returned 64 = 64 + 0 err 0
2022-12-25 19:22:41.770 32051-32133 AudioTrack              pid-32051                            V  obtainBuffer(192) returned 192 = 192 + 0 err 0
2022-12-25 19:22:41.801 32051-32133 chatty                  pid-32051                            I  uid=10213(com.inforcegames.app3dmodelling) AudioTrack identical 8 lines
2022-12-25 19:22:41.806 32051-32133 AudioTrack              pid-32051                            V  obtainBuffer(192) returned 192 = 192 + 0 err 0
2022-12-25 19:22:41.810 32051-32133 AudioTrack              pid-32051                            V  obtainBuffer(192) returned 192 = 64 + 128 err 0
2022-12-25 19:22:41.810 32051-32133 AudioTrack              pid-32051                            V  obtainBuffer(128) returned 128 = 128 + 0 err 0
2022-12-25 19:22:41.814 32051-32133 AudioTrack              pid-32051                            V  obtainBuffer(192) returned 192 = 192 + 0 err 0
2022-12-25 19:22:41.858 32051-32133 chatty                  pid-32051                            I  uid=10213(com.inforcegames.app3dmodelling) AudioTrack identical 11 lines
2022-12-25 19:22:41.862 32051-32133 AudioTrack              pid-32051                            V  obtainBuffer(192) returned 192 = 192 + 0 err 0
2022-12-25 19:22:41.863  2480-2480  SignalClusterView       pid-2480                             D  updateMobileTypeImage  0
2022-12-25 19:22:41.865  2480-2480  SignalClusterView       pid-2480                             D  updateMobileTypeImage  0
2022-12-25 19:22:41.866 32051-32133 AudioTrack              pid-32051                            V  obtainBuffer(192) returned 192 = 192 + 0 err 0
2022-12-25 19:22:41.867  2480-2480  SignalClusterView       pid-2480                             D  updateMobileTypeImage  0
2022-12-25 19:22:41.870 32051-32133 AudioTrack              pid-32051                            V  obtainBuffer(192) returned 192 = 192 + 0 err 0
2022-12-25 19:22:41.886 32051-32133 chatty                  pid-32051                            I  uid=10213(com.inforcegames.app3dmodelling) AudioTrack identical 4 lines
2022-12-25 19:22:41.890 32051-32133 AudioTrack              pid-32051                            V  obtainBuffer(192) returned 192 = 192 + 0 err 0
2022-12-25 19:22:41.894 32051-32133 AudioTrack              pid-32051                            V  obtainBuffer(192) returned 192 = 128 + 64 err 0
2022-12-25 19:22:41.894 32051-32133 AudioTrack              pid-32051                            V  obtainBuffer(64) returned 64 = 64 + 0 err 0
2022-12-25 19:22:41.898 32051-32133 AudioTrack              pid-32051                            V  obtainBuffer(192) returned 192 = 192 + 0 err 0
2022-12-25 19:22:41.930 32051-32133 chatty                  pid-32051                            I  uid=10213(com.inforcegames.app3dmodelling) AudioTrack identical 8 lines
2022-12-25 19:22:41.934 32051-32133 AudioTrack              pid-32051                            V  obtainBuffer(192) returned 192 = 192 + 0 err 0
2022-12-25 19:22:41.938 32051-32133 AudioTrack              pid-32051                            V  obtainBuffer(192) returned 192 = 64 + 128 err 0
2022-12-25 19:22:41.938 32051-32133 AudioTrack              pid-32051                            V  obtainBuffer(128) returned 128 = 128 + 0 err 0
2022-12-25 19:22:41.941 32051-32133 AudioTrack              pid-32051                            V  obtainBuffer(192) returned 192 = 192 + 0 err 0
2022-12-25 19:22:42.014 32051-32133 chatty                  pid-32051                            I  uid=10213(com.inforcegames.app3dmodelling) AudioTrack identical 18 lines
2022-12-25 19:22:42.017 32051-32133 AudioTrack              pid-32051                            V  obtainBuffer(192) returned 192 = 192 + 0 err 0
2022-12-25 19:22:42.022 32051-32133 AudioTrack              pid-32051                            V  obtainBuffer(192) returned 192 = 128 + 64 err 0
2022-12-25 19:22:42.022 32051-32133 AudioTrack              pid-32051                            V  obtainBuffer(64) returned 64 = 64 + 0 err 0
2022-12-25 19:22:42.026 32051-32133 AudioTrack              pid-32051                            V  obtainBuffer(192) returned 192 = 192 + 0 err 0
2022-12-25 19:22:42.026  1302-1462  ThermalEngine           pid-1302                             D  sensor_wait: msm_therm Wait done.
2022-12-25 19:22:42.027  1302-1462  ThermalEngine           pid-1302                             D  sensor_monitor: msm_therm Reading 40000 .
2022-12-25 19:22:42.027  1302-1462  ThermalEngine           pid-1302                             I  Sensor:msm_therm:40000 mC
2022-12-25 19:22:42.027  1302-1462  ThermalEngine           pid-1302                             D  update_active_thresh: msm_therm Active(1), Hi(1) 44000, Lo(0) -2147483648, desc(0) Interval(1) 1000
2022-12-25 19:22:42.027  1302-1462  ThermalEngine           pid-1302                             D  sensor_monitor: msm_therm Sensor wait.
2022-12-25 19:22:42.028  1302-1462  ThermalEngine           pid-1302                             D  sensor_wait: msm_therm Wait start. 1000ms
2022-12-25 19:22:42.030 32051-32133 AudioTrack              pid-32051                            V  obtainBuffer(192) returned 192 = 192 + 0 err 0
2022-12-25 19:22:42.042 32051-32133 chatty                  pid-32051                            I  uid=10213(com.inforcegames.app3dmodelling) AudioTrack identical 3 lines
2022-12-25 19:22:42.045 32051-32133 AudioTrack              pid-32051                            V  obtainBuffer(192) returned 192 = 192 + 0 err 0
2022-12-25 19:22:42.047  1302-1463  ThermalEngine           pid-1302                             D  sensor_wait: quiet_therm Wait done.
2022-12-25 19:22:42.048  1302-1463  ThermalEngine           pid-1302                             D  sensor_monitor: quiet_therm Reading 38000 .
2022-12-25 19:22:42.048  1302-1463  ThermalEngine           pid-1302                             I  Sensor:quiet_therm:38000 mC
2022-12-25 19:22:42.048  1302-1463  ThermalEngine           pid-1302                             D  update_active_thresh: quiet_therm Active(1), Hi(1) 40000, Lo(0) -2147483648, desc(0) Interval(1) 1000
2022-12-25 19:22:42.048  1302-1463  ThermalEngine           pid-1302                             D  sensor_monitor: quiet_therm Sensor wait.
2022-12-25 19:22:42.048  1302-1463  ThermalEngine           pid-1302                             D  sensor_wait: quiet_therm Wait start. 1000ms
2022-12-25 19:22:42.050 32051-32133 AudioTrack              pid-32051                            V  obtainBuffer(192) returned 192 = 192 + 0 err 0
2022-12-25 19:22:42.057 32051-32133 chatty                  pid-32051                            I  uid=10213(com.inforcegames.app3dmodelling) AudioTrack identical 2 lines
2022-12-25 19:22:42.061 32051-32133 AudioTrack              pid-32051                            V  obtainBuffer(192) returned 192 = 192 + 0 err 0
2022-12-25 19:22:42.065 32051-32133 AudioTrack              pid-32051                            V  obtainBuffer(192) returned 192 = 64 + 128 err 0
2022-12-25 19:22:42.065 32051-32133 AudioTrack              pid-32051                            V  obtainBuffer(128) returned 128 = 128 + 0 err 0
2022-12-25 19:22:42.070 32051-32133 AudioTrack              pid-32051                            V  obtainBuffer(192) returned 192 = 192 + 0 err 0
2022-12-25 19:22:42.142 32051-32133 chatty                  pid-32051                            I  uid=10213(com.inforcegames.app3dmodelling) AudioTrack identical 18 lines
2022-12-25 19:22:42.146 32051-32133 AudioTrack              pid-32051                            V  obtainBuffer(192) returned 192 = 192 + 0 err 0
2022-12-25 19:22:42.150 32051-32133 AudioTrack              pid-32051                            V  obtainBuffer(192) returned 192 = 128 + 64 err 0
2022-12-25 19:22:42.150 32051-32133 AudioTrack              pid-32051                            V  obtainBuffer(64) returned 64 = 64 + 0 err 0
2022-12-25 19:22:42.154 32051-32133 AudioTrack              pid-32051                            V  obtainBuffer(192) returned 192 = 192 + 0 err 0
2022-12-25 19:22:42.185 32051-32133 chatty                  pid-32051                            I  uid=10213(com.inforcegames.app3dmodelling) AudioTrack identical 8 lines
2022-12-25 19:22:42.190 32051-32133 AudioTrack              pid-32051                            V  obtainBuffer(192) returned 192 = 192 + 0 err 0
2022-12-25 19:22:42.194 32051-32133 AudioTrack              pid-32051                            V  obtainBuffer(192) returned 192 = 64 + 128 err 0
2022-12-25 19:22:42.194 32051-32133 AudioTrack              pid-32051                            V  obtainBuffer(128) returned 128 = 128 + 0 err 0
2022-12-25 19:22:42.197 32051-32133 AudioTrack              pid-32051                            V  obtainBuffer(192) returned 192 = 192 + 0 err 0
2022-12-25 19:22:42.270 32051-32133 chatty                  pid-32051                            I  uid=10213(com.inforcegames.app3dmodelling) AudioTrack identical 18 lines
2022-12-25 19:22:42.273 32051-32133 AudioTrack              pid-32051                            V  obtainBuffer(192) returned 192 = 192 + 0 err 0
2022-12-25 19:22:42.277 32051-32133 AudioTrack              pid-32051                            V  obtainBuffer(192) returned 192 = 128 + 64 err 0
2022-12-25 19:22:42.277 32051-32133 AudioTrack              pid-32051                            V  obtainBuffer(64) returned 64 = 64 + 0 err 0
2022-12-25 19:22:42.282 32051-32133 AudioTrack              pid-32051                            V  obtainBuffer(192) returned 192 = 192 + 0 err 0
2022-12-25 19:22:42.313 32051-32133 chatty                  pid-32051                            I  uid=10213(com.inforcegames.app3dmodelling) AudioTrack identical 8 lines
2022-12-25 19:22:42.318 32051-32133 AudioTrack              pid-32051                            V  obtainBuffer(192) returned 192 = 192 + 0 err 0
2022-12-25 19:22:42.322 32051-32133 AudioTrack              pid-32051                            V  obtainBuffer(192) returned 192 = 64 + 128 err 0
2022-12-25 19:22:42.322 32051-32133 AudioTrack              pid-32051                            V  obtainBuffer(128) returned 128 = 128 + 0 err 0
2022-12-25 19:22:42.326 32051-32133 AudioTrack              pid-32051                            V  obtainBuffer(192) returned 192 = 192 + 0 err 0
2022-12-25 19:22:42.397 32051-32133 chatty                  pid-32051                            I  uid=10213(com.inforcegames.app3dmodelling) AudioTrack identical 18 lines
2022-12-25 19:22:42.401 32051-32133 AudioTrack              pid-32051                            V  obtainBuffer(192) returned 192 = 192 + 0 err 0
2022-12-25 19:22:42.405 32051-32133 AudioTrack              pid-32051                            V  obtainBuffer(192) returned 192 = 128 + 64 err 0
2022-12-25 19:22:42.405 32051-32133 AudioTrack              pid-32051                            V  obtainBuffer(64) returned 64 = 64 + 0 err 0
2022-12-25 19:22:42.409 32051-32133 AudioTrack              pid-32051                            V  obtainBuffer(192) returned 192 = 192 + 0 err 0
2022-12-25 19:22:42.441 32051-32133 chatty                  pid-32051                            I  uid=10213(com.inforcegames.app3dmodelling) AudioTrack identical 8 lines
2022-12-25 19:22:42.445 32051-32133 AudioTrack              pid-32051                            V  obtainBuffer(192) returned 192 = 192 + 0 err 0
2022-12-25 19:22:42.450 32051-32133 AudioTrack              pid-32051                            V  obtainBuffer(192) returned 192 = 64 + 128 err 0
2022-12-25 19:22:42.450 32051-32133 AudioTrack              pid-32051                            V  obtainBuffer(128) returned 128 = 128 + 0 err 0
2022-12-25 19:22:42.453 32051-32133 AudioTrack              pid-32051                            V  obtainBuffer(192) returned 192 = 192 + 0 err 0
2022-12-25 19:22:42.525 32051-32133 chatty                  pid-32051                            I  uid=10213(com.inforcegames.app3dmodelling) AudioTrack identical 18 lines
2022-12-25 19:22:42.529 32051-32133 AudioTrack              pid-32051                            V  obtainBuffer(192) returned 192 = 192 + 0 err 0
2022-12-25 19:22:42.533 32051-32133 AudioTrack              pid-32051                            V  obtainBuffer(192) returned 192 = 128 + 64 err 0
2022-12-25 19:22:42.533 32051-32133 AudioTrack              pid-32051                            V  obtainBuffer(64) returned 64 = 64 + 0 err 0
2022-12-25 19:22:42.538 32051-32133 AudioTrack              pid-32051                            V  obtainBuffer(192) returned 192 = 192 + 0 err 0
2022-12-25 19:22:42.569 32051-32133 chatty                  pid-32051                            I  uid=10213(com.inforcegames.app3dmodelling) AudioTrack identical 8 lines
2022-12-25 19:22:42.573 32051-32133 AudioTrack              pid-32051                            V  obtainBuffer(192) returned 192 = 192 + 0 err 0
2022-12-25 19:22:42.577 32051-32133 AudioTrack              pid-32051                            V  obtainBuffer(192) returned 192 = 64 + 128 err 0
2022-12-25 19:22:42.577 32051-32133 AudioTrack              pid-32051                            V  obtainBuffer(128) returned 128 = 128 + 0 err 0
2022-12-25 19:22:42.581 32051-32133 AudioTrack              pid-32051                            V  obtainBuffer(192) returned 192 = 192 + 0 err 0
2022-12-25 19:22:42.654 32051-32133 chatty                  pid-32051                            I  uid=10213(com.inforcegames.app3dmodelling) AudioTrack identical 18 lines
2022-12-25 19:22:42.658 32051-32133 AudioTrack              pid-32051                            V  obtainBuffer(192) returned 192 = 192 + 0 err 0
2022-12-25 19:22:42.661 32051-32133 AudioTrack              pid-32051                            V  obtainBuffer(192) returned 192 = 128 + 64 err 0
2022-12-25 19:22:42.661 32051-32133 AudioTrack              pid-32051                            V  obtainBuffer(64) returned 64 = 64 + 0 err 0
2022-12-25 19:22:42.665 32051-32133 AudioTrack              pid-32051                            V  obtainBuffer(192) returned 192 = 192 + 0 err 0
2022-12-25 19:22:42.697 32051-32133 chatty                  pid-32051                            I  uid=10213(com.inforcegames.app3dmodelling) AudioTrack identical 8 lines
2022-12-25 19:22:42.702 32051-32133 AudioTrack              pid-32051                            V  obtainBuffer(192) returned 192 = 192 + 0 err 0
2022-12-25 19:22:42.706 32051-32133 AudioTrack              pid-32051                            V  obtainBuffer(192) returned 192 = 64 + 128 err 0
2022-12-25 19:22:42.706 32051-32133 AudioTrack              pid-32051                            V  obtainBuffer(128) returned 128 = 128 + 0 err 0
2022-12-25 19:22:42.710 32051-32133 AudioTrack              pid-32051                            V  obtainBuffer(192) returned 192 = 192 + 0 err 0
2022-12-25 19:22:42.782 32051-32133 chatty                  pid-32051                            I  uid=10213(com.inforcegames.app3dmodelling) AudioTrack identical 18 lines
2022-12-25 19:22:42.786 32051-32133 AudioTrack              pid-32051                            V  obtainBuffer(192) returned 192 = 192 + 0 err 0
2022-12-25 19:22:42.789 32051-32133 AudioTrack              pid-32051                            V  obtainBuffer(192) returned 192 = 128 + 64 err 0
2022-12-25 19:22:42.790 32051-32133 AudioTrack              pid-32051                            V  obtainBuffer(64) returned 64 = 64 + 0 err 0
2022-12-25 19:22:42.794 32051-32133 AudioTrack              pid-32051                            V  obtainBuffer(192) returned 192 = 192 + 0 err 0
2022-12-25 19:22:42.825 32051-32133 chatty                  pid-32051                            I  uid=10213(com.inforcegames.app3dmodelling) AudioTrack identical 8 lines
2022-12-25 19:22:42.829 32051-32133 AudioTrack              pid-32051                            V  obtainBuffer(192) returned 192 = 192 + 0 err 0
2022-12-25 19:22:42.834 32051-32133 AudioTrack              pid-32051                            V  obtainBuffer(192) returned 192 = 64 + 128 err 0
2022-12-25 19:22:42.834 32051-32133 AudioTrack              pid-32051                            V  obtainBuffer(128) returned 128 = 128 + 0 err 0
2022-12-25 19:22:42.837 32051-32133 AudioTrack              pid-32051                            V  obtainBuffer(192) returned 192 = 192 + 0 err 0
2022-12-25 19:22:42.857 32051-32133 chatty                  pid-32051                            I  uid=10213(com.inforcegames.app3dmodelling) AudioTrack identical 5 lines
2022-12-25 19:22:42.861 32051-32133 AudioTrack              pid-32051                            V  obtainBuffer(192) returned 192 = 192 + 0 err 0
2022-12-25 19:22:42.862  2480-2480  SignalClusterView       pid-2480                             D  updateMobileTypeImage  0
2022-12-25 19:22:42.863  2480-2480  chatty                  pid-2480                             I  uid=1000(system) com.android.systemui identical 1 line
2022-12-25 19:22:42.863  2480-2480  SignalClusterView       pid-2480                             D  updateMobileTypeImage  0
2022-12-25 19:22:42.866 32051-32133 AudioTrack              pid-32051                            V  obtainBuffer(192) returned 192 = 192 + 0 err 0
2022-12-25 19:22:42.909 32051-32133 chatty                  pid-32051                            I  uid=10213(com.inforcegames.app3dmodelling) AudioTrack identical 11 lines
2022-12-25 19:22:42.913 32051-32133 AudioTrack              pid-32051                            V  obtainBuffer(192) returned 192 = 192 + 0 err 0
2022-12-25 19:22:42.918 32051-32133 AudioTrack              pid-32051                            V  obtainBuffer(192) returned 192 = 128 + 64 err 0
2022-12-25 19:22:42.918 32051-32133 AudioTrack              pid-32051                            V  obtainBuffer(64) returned 64 = 64 + 0 err 0
2022-12-25 19:22:42.922 32051-32133 AudioTrack              pid-32051                            V  obtainBuffer(192) returned 192 = 192 + 0 err 0
2022-12-25 19:22:42.953 32051-32133 chatty                  pid-32051                            I  uid=10213(com.inforcegames.app3dmodelling) AudioTrack identical 8 lines
2022-12-25 19:22:42.957 32051-32133 AudioTrack              pid-32051                            V  obtainBuffer(192) returned 192 = 192 + 0 err 0
2022-12-25 19:22:42.962 32051-32133 AudioTrack              pid-32051                            V  obtainBuffer(192) returned 192 = 64 + 128 err 0
2022-12-25 19:22:42.962 32051-32133 AudioTrack              pid-32051                            V  obtainBuffer(128) returned 128 = 128 + 0 err 0
2022-12-25 19:22:42.965 32051-32133 AudioTrack              pid-32051                            V  obtainBuffer(192) returned 192 = 192 + 0 err 0
2022-12-25 19:22:43.021 32051-32133 chatty                  pid-32051                            I  uid=10213(com.inforcegames.app3dmodelling) AudioTrack identical 14 lines
2022-12-25 19:22:43.025 32051-32133 AudioTrack              pid-32051                            V  obtainBuffer(192) returned 192 = 192 + 0 err 0
2022-12-25 19:22:43.028  1302-1462  ThermalEngine           pid-1302                             D  sensor_wait: msm_therm Wait done.
2022-12-25 19:22:43.029  1302-1462  ThermalEngine           pid-1302                             D  sensor_monitor: msm_therm Reading 40000 .
2022-12-25 19:22:43.029  1302-1462  ThermalEngine           pid-1302                             I  Sensor:msm_therm:40000 mC
2022-12-25 19:22:43.029  1302-1462  ThermalEngine           pid-1302                             D  update_active_thresh: msm_therm Active(1), Hi(1) 44000, Lo(0) -2147483648, desc(0) Interval(1) 1000
2022-12-25 19:22:43.029  1302-1462  ThermalEngine           pid-1302                             D  sensor_monitor: msm_therm Sensor wait.
2022-12-25 19:22:43.029  1302-1462  ThermalEngine           pid-1302                             D  sensor_wait: msm_therm Wait start. 1000ms
2022-12-25 19:22:43.030 32051-32133 AudioTrack              pid-32051                            V  obtainBuffer(192) returned 192 = 192 + 0 err 0
2022-12-25 19:22:43.038 32051-32133 chatty                  pid-32051                            I  uid=10213(com.inforcegames.app3dmodelling) AudioTrack identical 2 lines
2022-12-25 19:22:43.041 32051-32133 AudioTrack              pid-32051                            V  obtainBuffer(192) returned 192 = 192 + 0 err 0
2022-12-25 19:22:43.046 32051-32133 AudioTrack              pid-32051                            V  obtainBuffer(192) returned 192 = 128 + 64 err 0
2022-12-25 19:22:43.046 32051-32133 AudioTrack              pid-32051                            V  obtainBuffer(64) returned 64 = 64 + 0 err 0
2022-12-25 19:22:43.048  1302-1463  ThermalEngine           pid-1302                             D  sensor_wait: quiet_therm Wait done.
2022-12-25 19:22:43.050 32051-32133 AudioTrack              pid-32051                            V  obtainBuffer(192) returned 192 = 192 + 0 err 0
2022-12-25 19:22:43.050  1302-1463  ThermalEngine           pid-1302                             D  sensor_monitor: quiet_therm Reading 38000 .
2022-12-25 19:22:43.050  1302-1463  ThermalEngine           pid-1302                             I  Sensor:quiet_therm:38000 mC
2022-12-25 19:22:43.050  1302-1463  ThermalEngine           pid-1302                             D  update_active_thresh: quiet_therm Active(1), Hi(1) 40000, Lo(0) -2147483648, desc(0) Interval(1) 1000
2022-12-25 19:22:43.050  1302-1463  ThermalEngine           pid-1302                             D  sensor_monitor: quiet_therm Sensor wait.
2022-12-25 19:22:43.050  1302-1463  ThermalEngine           pid-1302                             D  sensor_wait: quiet_therm Wait start. 1000ms
2022-12-25 19:22:43.054 32051-32133 AudioTrack              pid-32051                            V  obtainBuffer(192) returned 192 = 192 + 0 err 0
2022-12-25 19:22:43.081 32051-32133 chatty                  pid-32051                            I  uid=10213(com.inforcegames.app3dmodelling) AudioTrack identical 7 lines
2022-12-25 19:22:43.086 32051-32133 AudioTrack              pid-32051                            V  obtainBuffer(192) returned 192 = 192 + 0 err 0
2022-12-25 19:22:43.090 32051-32133 AudioTrack              pid-32051                            V  obtainBuffer(192) returned 192 = 64 + 128 err 0
2022-12-25 19:22:43.090 32051-32133 AudioTrack              pid-32051                            V  obtainBuffer(128) returned 128 = 128 + 0 err 0
2022-12-25 19:22:43.094 32051-32133 AudioTrack              pid-32051                            V  obtainBuffer(192) returned 192 = 192 + 0 err 0
2022-12-25 19:22:43.165 32051-32133 chatty                  pid-32051                            I  uid=10213(com.inforcegames.app3dmodelling) AudioTrack identical 18 lines
2022-12-25 19:22:43.170 32051-32133 AudioTrack              pid-32051                            V  obtainBuffer(192) returned 192 = 192 + 0 err 0
2022-12-25 19:22:43.173 32051-32133 AudioTrack              pid-32051                            V  obtainBuffer(192) returned 192 = 128 + 64 err 0
2022-12-25 19:22:43.173 32051-32133 AudioTrack              pid-32051                            V  obtainBuffer(64) returned 64 = 64 + 0 err 0
2022-12-25 19:22:43.178 32051-32133 AudioTrack              pid-32051                            V  obtainBuffer(192) returned 192 = 192 + 0 err 0
2022-12-25 19:22:43.210 32051-32133 chatty                  pid-32051                            I  uid=10213(com.inforcegames.app3dmodelling) AudioTrack identical 8 lines
2022-12-25 19:22:43.213 32051-32133 AudioTrack              pid-32051                            V  obtainBuffer(192) returned 192 = 192 + 0 err 0
2022-12-25 19:22:43.218 32051-32133 AudioTrack              pid-32051                            V  obtainBuffer(192) returned 192 = 64 + 128 err 0
2022-12-25 19:22:43.218 32051-32133 AudioTrack              pid-32051                            V  obtainBuffer(128) returned 128 = 128 + 0 err 0
2022-12-25 19:22:43.221 32051-32133 AudioTrack              pid-32051                            V  obtainBuffer(192) returned 192 = 192 + 0 err 0
2022-12-25 19:22:43.230 32051-32133 chatty                  pid-32051                            I  uid=10213(com.inforcegames.app3dmodelling) AudioTrack identical 2 lines
2022-12-25 19:22:43.233 32051-32133 AudioTrack              pid-32051                            V  obtainBuffer(192) returned 192 = 192 + 0 err 0
2022-12-25 19:22:43.235   688-4296  audio_hw_spkr_prot      pid-688                              D  audio_extn_fbsp_get_parameters: Speaker protection disabled
2022-12-25 19:22:43.235   688-4296  audio_hw_extn           pid-688                              D  audio_extn_get_parameters: returns 
2022-12-25 19:22:43.235   743-931   hash_map_utils          pid-743                              I  key: 'hifi_mode' value: ''
2022-12-25 19:22:43.237 32051-32133 AudioTrack              pid-32051                            V  obtainBuffer(192) returned 192 = 192 + 0 err 0
2022-12-25 19:22:43.239 32051-1069  AudioManager            pid-32051                            D  getStreamVolume isRestricted mode = 0
2022-12-25 19:22:43.241   688-4296  audio_hw_spkr_prot      pid-688                              D  audio_extn_fbsp_get_parameters: Speaker protection disabled
2022-12-25 19:22:43.241   688-4296  audio_hw_extn           pid-688                              D  audio_extn_get_parameters: returns 
2022-12-25 19:22:43.242 32051-32133 AudioTrack              pid-32051                            V  obtainBuffer(192) returned 192 = 192 + 0 err 0
2022-12-25 19:22:43.242   743-931   hash_map_utils          pid-743                              I  key: 'hifi_mode' value: ''
2022-12-25 19:22:43.246 32051-32133 AudioTrack              pid-32051                            V  obtainBuffer(192) returned 192 = 192 + 0 err 0
2022-12-25 19:22:43.293 32051-32133 chatty                  pid-32051                            I  uid=10213(com.inforcegames.app3dmodelling) AudioTrack identical 12 lines
2022-12-25 19:22:43.297 32051-32133 AudioTrack              pid-32051                            V  obtainBuffer(192) returned 192 = 192 + 0 err 0
2022-12-25 19:22:43.301 32051-32133 AudioTrack              pid-32051                            V  obtainBuffer(192) returned 192 = 128 + 64 err 0
2022-12-25 19:22:43.301 32051-32133 AudioTrack              pid-32051                            V  obtainBuffer(64) returned 64 = 64 + 0 err 0
2022-12-25 19:22:43.306 32051-32133 AudioTrack              pid-32051                            V  obtainBuffer(192) returned 192 = 192 + 0 err 0
2022-12-25 19:22:43.338 32051-32133 chatty                  pid-32051                            I  uid=10213(com.inforcegames.app3dmodelling) AudioTrack identical 8 lines
2022-12-25 19:22:43.341 32051-32133 AudioTrack              pid-32051                            V  obtainBuffer(192) returned 192 = 192 + 0 err 0
2022-12-25 19:22:43.344  2820-5429  DPMJ                    pid-2820                             I  |REQ:RCVR| DPM creating socket
2022-12-25 19:22:43.345 32051-32133 AudioTrack              pid-32051                            V  obtainBuffer(192) returned 192 = 64 + 128 err 0
2022-12-25 19:22:43.345 32051-32133 AudioTrack              pid-32051                            V  obtainBuffer(128) returned 128 = 128 + 0 err 0
2022-12-25 19:22:43.349 32051-32133 AudioTrack              pid-32051                            V  obtainBuffer(192) returned 192 = 192 + 0 err 0
2022-12-25 19:22:43.421 32051-32133 chatty                  pid-32051                            I  uid=10213(com.inforcegames.app3dmodelling) AudioTrack identical 18 lines
2022-12-25 19:22:43.426 32051-32133 AudioTrack              pid-32051                            V  obtainBuffer(192) returned 192 = 192 + 0 err 0
2022-12-25 19:22:43.429 32051-32133 AudioTrack              pid-32051                            V  obtainBuffer(192) returned 192 = 128 + 64 err 0
2022-12-25 19:22:43.429 32051-32133 AudioTrack              pid-32051                            V  obtainBuffer(64) returned 64 = 64 + 0 err 0
2022-12-25 19:22:43.434 32051-32133 AudioTrack              pid-32051                            V  obtainBuffer(192) returned 192 = 192 + 0 err 0
2022-12-25 19:22:43.465 32051-32133 chatty                  pid-32051                            I  uid=10213(com.inforcegames.app3dmodelling) AudioTrack identical 8 lines
2022-12-25 19:22:43.469 32051-32133 AudioTrack              pid-32051                            V  obtainBuffer(192) returned 192 = 192 + 0 err 0
2022-12-25 19:22:43.474 32051-32133 AudioTrack              pid-32051                            V  obtainBuffer(192) returned 192 = 64 + 128 err 0
2022-12-25 19:22:43.474 32051-32133 AudioTrack              pid-32051                            V  obtainBuffer(128) returned 128 = 128 + 0 err 0
2022-12-25 19:22:43.478 32051-32133 AudioTrack              pid-32051                            V  obtainBuffer(192) returned 192 = 192 + 0 err 0
2022-12-25 19:22:43.550 32051-32133 chatty                  pid-32051                            I  uid=10213(com.inforcegames.app3dmodelling) AudioTrack identical 18 lines
2022-12-25 19:22:43.554 32051-32133 AudioTrack              pid-32051                            V  obtainBuffer(192) returned 192 = 192 + 0 err 0
2022-12-25 19:22:43.558 32051-32133 AudioTrack              pid-32051                            V  obtainBuffer(192) returned 192 = 128 + 64 err 0
2022-12-25 19:22:43.558 32051-32133 AudioTrack              pid-32051                            V  obtainBuffer(64) returned 64 = 64 + 0 err 0
2022-12-25 19:22:43.562 32051-32133 AudioTrack              pid-32051                            V  obtainBuffer(192) returned 192 = 192 + 0 err 0
2022-12-25 19:22:43.570 32051-32133 chatty                  pid-32051                            I  uid=10213(com.inforcegames.app3dmodelling) AudioTrack identical 2 lines
2022-12-25 19:22:43.574 32051-32133 AudioTrack              pid-32051                            V  obtainBuffer(192) returned 192 = 192 + 0 err 0
2022-12-25 19:22:43.575  1302-1457  ThermalEngine           pid-1302                             D  sensor_wait: backlight_therm Wait done.
2022-12-25 19:22:43.577  1302-1457  ThermalEngine           pid-1302                             D  sensor_monitor: backlight_therm Reading 37000 .
2022-12-25 19:22:43.577  1302-1457  ThermalEngine           pid-1302                             I  Sensor:backlight_therm:37000 mC
2022-12-25 19:22:43.577  1302-1457  ThermalEngine           pid-1302                             D  update_active_thresh: backlight_therm Active(1), Hi(1) 45000, Lo(0) -2147483648, desc(0) Interval(1) 2000
2022-12-25 19:22:43.577  1302-1457  ThermalEngine           pid-1302                             D  sensor_monitor: backlight_therm Sensor wait.
2022-12-25 19:22:43.577  1302-1457  ThermalEngine           pid-1302                             D  sensor_wait: backlight_therm Wait start. 2000ms
2022-12-25 19:22:43.577 32051-32133 AudioTrack              pid-32051                            V  obtainBuffer(192) returned 192 = 192 + 0 err 0
2022-12-25 19:22:43.593 32051-32133 chatty                  pid-32051                            I  uid=10213(com.inforcegames.app3dmodelling) AudioTrack identical 4 lines
2022-12-25 19:22:43.597 32051-32133 AudioTrack              pid-32051                            V  obtainBuffer(192) returned 192 = 192 + 0 err 0
2022-12-25 19:22:43.601 32051-32133 AudioTrack              pid-32051                            V  obtainBuffer(192) returned 192 = 64 + 128 err 0
2022-12-25 19:22:43.601 32051-32133 AudioTrack              pid-32051                            V  obtainBuffer(128) returned 128 = 128 + 0 err 0
2022-12-25 19:22:43.605 32051-32133 AudioTrack              pid-32051                            V  obtainBuffer(192) returned 192 = 192 + 0 err 0
2022-12-25 19:22:43.678 32051-32133 chatty                  pid-32051                            I  uid=10213(com.inforcegames.app3dmodelling) AudioTrack identical 18 lines
2022-12-25 19:22:43.682 32051-32133 AudioTrack              pid-32051                            V  obtainBuffer(192) returned 192 = 192 + 0 err 0
2022-12-25 19:22:43.685 32051-32133 AudioTrack              pid-32051                            V  obtainBuffer(192) returned 192 = 128 + 64 err 0
2022-12-25 19:22:43.685 32051-32133 AudioTrack              pid-32051                            V  obtainBuffer(64) returned 64 = 64 + 0 err 0
2022-12-25 19:22:43.690 32051-32133 AudioTrack              pid-32051                            V  obtainBuffer(192) returned 192 = 192 + 0 err 0
2022-12-25 19:22:43.721 32051-32133 chatty                  pid-32051                            I  uid=10213(com.inforcegames.app3dmodelling) AudioTrack identical 8 lines
2022-12-25 19:22:43.726 32051-32133 AudioTrack              pid-32051                            V  obtainBuffer(192) returned 192 = 192 + 0 err 0
2022-12-25 19:22:43.729 32051-32133 AudioTrack              pid-32051                            V  obtainBuffer(192) returned 192 = 64 + 128 err 0
2022-12-25 19:22:43.729 32051-32133 AudioTrack              pid-32051                            V  obtainBuffer(128) returned 128 = 128 + 0 err 0
2022-12-25 19:22:43.734 32051-32133 AudioTrack              pid-32051                            V  obtainBuffer(192) returned 192 = 192 + 0 err 0
2022-12-25 19:22:43.805 32051-32133 chatty                  pid-32051                            I  uid=10213(com.inforcegames.app3dmodelling) AudioTrack identical 18 lines
2022-12-25 19:22:43.810 32051-32133 AudioTrack              pid-32051                            V  obtainBuffer(192) returned 192 = 192 + 0 err 0
2022-12-25 19:22:43.814 32051-32133 AudioTrack              pid-32051                            V  obtainBuffer(192) returned 192 = 128 + 64 err 0
2022-12-25 19:22:43.814 32051-32133 AudioTrack              pid-32051                            V  obtainBuffer(64) returned 64 = 64 + 0 err 0
2022-12-25 19:22:43.818 32051-32133 AudioTrack              pid-32051                            V  obtainBuffer(192) returned 192 = 192 + 0 err 0
2022-12-25 19:22:43.849 32051-32133 chatty                  pid-32051                            I  uid=10213(com.inforcegames.app3dmodelling) AudioTrack identical 8 lines
2022-12-25 19:22:43.854 32051-32133 AudioTrack              pid-32051                            V  obtainBuffer(192) returned 192 = 192 + 0 err 0
2022-12-25 19:22:43.858 32051-32133 AudioTrack              pid-32051                            V  obtainBuffer(192) returned 192 = 64 + 128 err 0
2022-12-25 19:22:43.858 32051-32133 AudioTrack              pid-32051                            V  obtainBuffer(128) returned 128 = 128 + 0 err 0
2022-12-25 19:22:43.862 32051-32133 AudioTrack              pid-32051                            V  obtainBuffer(192) returned 192 = 192 + 0 err 0
2022-12-25 19:22:43.934 32051-32133 chatty                  pid-32051                            I  uid=10213(com.inforcegames.app3dmodelling) AudioTrack identical 18 lines
2022-12-25 19:22:43.937 32051-32133 AudioTrack              pid-32051                            V  obtainBuffer(192) returned 192 = 192 + 0 err 0
2022-12-25 19:22:43.942 32051-32133 AudioTrack              pid-32051                            V  obtainBuffer(192) returned 192 = 128 + 64 err 0
2022-12-25 19:22:43.942 32051-32133 AudioTrack              pid-32051                            V  obtainBuffer(64) returned 64 = 64 + 0 err 0
2022-12-25 19:22:43.945 32051-32133 AudioTrack              pid-32051                            V  obtainBuffer(192) returned 192 = 192 + 0 err 0
2022-12-25 19:22:43.977 32051-32133 chatty                  pid-32051                            I  uid=10213(com.inforcegames.app3dmodelling) AudioTrack identical 8 lines
2022-12-25 19:22:43.981 32051-32133 AudioTrack              pid-32051                            V  obtainBuffer(192) returned 192 = 192 + 0 err 0
2022-12-25 19:22:43.985 32051-32133 AudioTrack              pid-32051                            V  obtainBuffer(192) returned 192 = 64 + 128 err 0
2022-12-25 19:22:43.985 32051-32133 AudioTrack              pid-32051                            V  obtainBuffer(128) returned 128 = 128 + 0 err 0
2022-12-25 19:22:43.990 32051-32133 AudioTrack              pid-32051                            V  obtainBuffer(192) returned 192 = 192 + 0 err 0
2022-12-25 19:22:44.022 32051-32133 chatty                  pid-32051                            I  uid=10213(com.inforcegames.app3dmodelling) AudioTrack identical 8 lines
2022-12-25 19:22:44.026 32051-32133 AudioTrack              pid-32051                            V  obtainBuffer(192) returned 192 = 192 + 0 err 0
2022-12-25 19:22:44.029  1302-1462  ThermalEngine           pid-1302                             D  sensor_wait: msm_therm Wait done.
2022-12-25 19:22:44.030 32051-32133 AudioTrack              pid-32051                            V  obtainBuffer(192) returned 192 = 192 + 0 err 0
2022-12-25 19:22:44.030  1302-1462  ThermalEngine           pid-1302                             D  sensor_monitor: msm_therm Reading 40000 .
2022-12-25 19:22:44.031  1302-1462  ThermalEngine           pid-1302                             I  Sensor:msm_therm:40000 mC
2022-12-25 19:22:44.031  1302-1462  ThermalEngine           pid-1302                             D  update_active_thresh: msm_therm Active(1), Hi(1) 44000, Lo(0) -2147483648, desc(0) Interval(1) 1000
2022-12-25 19:22:44.031  1302-1462  ThermalEngine           pid-1302                             D  sensor_monitor: msm_therm Sensor wait.
2022-12-25 19:22:44.031  1302-1462  ThermalEngine           pid-1302                             D  sensor_wait: msm_therm Wait start. 1000ms
2022-12-25 19:22:44.034 32051-32133 AudioTrack              pid-32051                            V  obtainBuffer(192) returned 192 = 192 + 0 err 0
2022-12-25 19:22:44.044  4282-4282  linker                  pid-4282                             A  CANNOT LINK EXECUTABLE "/system/bin/dpmd": "/system/lib64/libdpmframework.so" is 32-bit instead of 64-bit
2022-12-25 19:22:44.045 32051-32133 chatty                  pid-32051                            I  uid=10213(com.inforcegames.app3dmodelling) AudioTrack identical 3 lines
2022-12-25 19:22:44.050 32051-32133 AudioTrack              pid-32051                            V  obtainBuffer(192) returned 192 = 192 + 0 err 0
2022-12-25 19:22:44.050  1302-1463  ThermalEngine           pid-1302                             D  sensor_wait: quiet_therm Wait done.
2022-12-25 19:22:44.051  1302-1463  ThermalEngine           pid-1302                             D  sensor_monitor: quiet_therm Reading 38000 .
2022-12-25 19:22:44.051  1302-1463  ThermalEngine           pid-1302                             I  Sensor:quiet_therm:38000 mC
2022-12-25 19:22:44.051  1302-1463  ThermalEngine           pid-1302                             D  update_active_thresh: quiet_therm Active(1), Hi(1) 40000, Lo(0) -2147483648, desc(0) Interval(1) 1000
2022-12-25 19:22:44.051  1302-1463  ThermalEngine           pid-1302                             D  sensor_monitor: quiet_therm Sensor wait.
2022-12-25 19:22:44.051  1302-1463  ThermalEngine           pid-1302                             D  sensor_wait: quiet_therm Wait start. 1000ms
2022-12-25 19:22:44.054 32051-32133 AudioTrack              pid-32051                            V  obtainBuffer(192) returned 192 = 192 + 0 err 0
2022-12-25 19:22:44.062 32051-32133 chatty                  pid-32051                            I  uid=10213(com.inforcegames.app3dmodelling) AudioTrack identical 2 lines
2022-12-25 19:22:44.065 32051-32133 AudioTrack              pid-32051                            V  obtainBuffer(192) returned 192 = 192 + 0 err 0
2022-12-25 19:22:44.070 32051-32133 AudioTrack              pid-32051                            V  obtainBuffer(192) returned 192 = 128 + 64 err 0
2022-12-25 19:22:44.070 32051-32133 AudioTrack              pid-32051                            V  obtainBuffer(64) returned 64 = 64 + 0 err 0
2022-12-25 19:22:44.073 32051-32133 AudioTrack              pid-32051                            V  obtainBuffer(192) returned 192 = 192 + 0 err 0
2022-12-25 19:22:44.106 32051-32133 chatty                  pid-32051                            I  uid=10213(com.inforcegames.app3dmodelling) AudioTrack identical 8 lines
2022-12-25 19:22:44.109 32051-32133 AudioTrack              pid-32051                            V  obtainBuffer(192) returned 192 = 192 + 0 err 0
2022-12-25 19:22:44.113 32051-32133 AudioTrack              pid-32051                            V  obtainBuffer(192) returned 192 = 64 + 128 err 0
2022-12-25 19:22:44.113 32051-32133 AudioTrack              pid-32051                            V  obtainBuffer(128) returned 128 = 128 + 0 err 0
2022-12-25 19:22:44.118 32051-32133 AudioTrack              pid-32051                            V  obtainBuffer(192) returned 192 = 192 + 0 err 0
2022-12-25 19:22:44.190 32051-32133 chatty                  pid-32051                            I  uid=10213(com.inforcegames.app3dmodelling) AudioTrack identical 18 lines
2022-12-25 19:22:44.194 32051-32133 AudioTrack              pid-32051                            V  obtainBuffer(192) returned 192 = 192 + 0 err 0
2022-12-25 19:22:44.197 32051-32133 AudioTrack              pid-32051                            V  obtainBuffer(192) returned 192 = 128 + 64 err 0
2022-12-25 19:22:44.197 32051-32133 AudioTrack              pid-32051                            V  obtainBuffer(64) returned 64 = 64 + 0 err 0
2022-12-25 19:22:44.202 32051-32133 AudioTrack              pid-32051                            V  obtainBuffer(192) returned 192 = 192 + 0 err 0
2022-12-25 19:22:44.233 32051-32133 chatty                  pid-32051                            I  uid=10213(com.inforcegames.app3dmodelling) AudioTrack identical 8 lines
2022-12-25 19:22:44.238 32051-32133 AudioTrack              pid-32051                            V  obtainBuffer(192) returned 192 = 192 + 0 err 0
2022-12-25 19:22:44.241 32051-32133 AudioTrack              pid-32051                            V  obtainBuffer(192) returned 192 = 64 + 128 err 0
2022-12-25 19:22:44.241 32051-32133 AudioTrack              pid-32051                            V  obtainBuffer(128) returned 128 = 128 + 0 err 0
2022-12-25 19:22:44.246 32051-32133 AudioTrack              pid-32051                            V  obtainBuffer(192) returned 192 = 192 + 0 err 0
2022-12-25 19:22:44.318 32051-32133 chatty                  pid-32051                            I  uid=10213(com.inforcegames.app3dmodelling) AudioTrack identical 18 lines
2022-12-25 19:22:44.321 32051-32133 AudioTrack              pid-32051                            V  obtainBuffer(192) returned 192 = 192 + 0 err 0
2022-12-25 19:22:44.326 32051-32133 AudioTrack              pid-32051                            V  obtainBuffer(192) returned 192 = 128 + 64 err 0
2022-12-25 19:22:44.326 32051-32133 AudioTrack              pid-32051                            V  obtainBuffer(64) returned 64 = 64 + 0 err 0
2022-12-25 19:22:44.330 32051-32133 AudioTrack              pid-32051                            V  obtainBuffer(192) returned 192 = 192 + 0 err 0
2022-12-25 19:22:44.362 32051-32133 chatty                  pid-32051                            I  uid=10213(com.inforcegames.app3dmodelling) AudioTrack identical 8 lines
2022-12-25 19:22:44.365 32051-32133 AudioTrack              pid-32051                            V  obtainBuffer(192) returned 192 = 192 + 0 err 0
2022-12-25 19:22:44.369 32051-32133 AudioTrack              pid-32051                            V  obtainBuffer(192) returned 192 = 64 + 128 err 0
2022-12-25 19:22:44.369 32051-32133 AudioTrack              pid-32051                            V  obtainBuffer(128) returned 128 = 128 + 0 err 0
2022-12-25 19:22:44.373 32051-32133 AudioTrack              pid-32051                            V  obtainBuffer(192) returned 192 = 192 + 0 err 0
2022-12-25 19:22:44.445 32051-32133 chatty                  pid-32051                            I  uid=10213(com.inforcegames.app3dmodelling) AudioTrack identical 18 lines
2022-12-25 19:22:44.449 32051-32133 AudioTrack              pid-32051                            V  obtainBuffer(192) returned 192 = 192 + 0 err 0
2022-12-25 19:22:44.454 32051-32133 AudioTrack              pid-32051                            V  obtainBuffer(192) returned 192 = 128 + 64 err 0
2022-12-25 19:22:44.454 32051-32133 AudioTrack              pid-32051                            V  obtainBuffer(64) returned 64 = 64 + 0 err 0
2022-12-25 19:22:44.457 32051-32133 AudioTrack              pid-32051                            V  obtainBuffer(192) returned 192 = 192 + 0 err 0
2022-12-25 19:22:44.490 32051-32133 chatty                  pid-32051                            I  uid=10213(com.inforcegames.app3dmodelling) AudioTrack identical 8 lines
2022-12-25 19:22:44.493 32051-32133 AudioTrack              pid-32051                            V  obtainBuffer(192) returned 192 = 192 + 0 err 0
2022-12-25 19:22:44.498 32051-32133 AudioTrack              pid-32051                            V  obtainBuffer(192) returned 192 = 64 + 128 err 0
2022-12-25 19:22:44.498 32051-32133 AudioTrack              pid-32051                            V  obtainBuffer(128) returned 128 = 128 + 0 err 0
2022-12-25 19:22:44.501 32051-32133 AudioTrack              pid-32051                            V  obtainBuffer(192) returned 192 = 192 + 0 err 0
2022-12-25 19:22:44.574 32051-32133 chatty                  pid-32051                            I  uid=10213(com.inforcegames.app3dmodelling) AudioTrack identical 18 lines
2022-12-25 19:22:44.577 32051-32133 AudioTrack              pid-32051                            V  obtainBuffer(192) returned 192 = 192 + 0 err 0
2022-12-25 19:22:44.581 32051-32133 AudioTrack              pid-32051                            V  obtainBuffer(192) returned 192 = 128 + 64 err 0
2022-12-25 19:22:44.581 32051-32133 AudioTrack              pid-32051                            V  obtainBuffer(64) returned 64 = 64 + 0 err 0
2022-12-25 19:22:44.586 32051-32133 AudioTrack              pid-32051                            V  obtainBuffer(192) returned 192 = 192 + 0 err 0
2022-12-25 19:22:44.618 32051-32133 chatty                  pid-32051                            I  uid=10213(com.inforcegames.app3dmodelling) AudioTrack identical 8 lines
2022-12-25 19:22:44.622 32051-32133 AudioTrack              pid-32051                            V  obtainBuffer(192) returned 192 = 192 + 0 err 0
2022-12-25 19:22:44.625 32051-32133 AudioTrack              pid-32051                            V  obtainBuffer(192) returned 192 = 64 + 128 err 0
