2022-12-26 10:12:24.931 22803-22913 AudioTrack              pid-22803                            V  obtainBuffer(192) returned 192 = 192 + 0 err 0
2022-12-26 10:12:24.976 22803-22913 chatty                  pid-22803                            I  uid=10213(com.inforcegames.app3dmodelling) AudioTrack identical 11 lines
2022-12-26 10:12:24.979 22803-22913 AudioTrack              pid-22803                            V  obtainBuffer(192) returned 192 = 192 + 0 err 0
2022-12-26 10:12:24.979 17758-17758 BoundBrokerSvc          pid-17758                            D  onUnbind: Intent { act=com.google.android.gms.ads.service.CACHE pkg=com.google.android.gms }
2022-12-26 10:12:24.983 22803-22913 AudioTrack              pid-22803                            V  obtainBuffer(192) returned 192 = 192 + 0 err 0
2022-12-26 10:12:25.004 22803-22913 chatty                  pid-22803                            I  uid=10213(com.inforcegames.app3dmodelling) AudioTrack identical 5 lines
2022-12-26 10:12:25.008 22803-22913 AudioTrack              pid-22803                            V  obtainBuffer(192) returned 192 = 192 + 0 err 0
2022-12-26 10:12:25.012 22803-22913 AudioTrack              pid-22803                            V  obtainBuffer(192) returned 192 = 128 + 64 err 0
2022-12-26 10:12:25.012 22803-22913 AudioTrack              pid-22803                            V  obtainBuffer(64) returned 64 = 64 + 0 err 0
2022-12-26 10:12:25.015  1302-1462  ThermalEngine           pid-1302                             D  sensor_wait: msm_therm Wait done.
2022-12-26 10:12:25.015 22803-22913 AudioTrack              pid-22803                            V  obtainBuffer(192) returned 192 = 192 + 0 err 0
2022-12-26 10:12:25.017  1302-1462  ThermalEngine           pid-1302                             D  sensor_monitor: msm_therm Reading 38000 .
2022-12-26 10:12:25.017  1302-1462  ThermalEngine           pid-1302                             I  Sensor:msm_therm:38000 mC
2022-12-26 10:12:25.017  1302-1462  ThermalEngine           pid-1302                             D  update_active_thresh: msm_therm Active(1), Hi(1) 44000, Lo(0) -2147483648, desc(0) Interval(1) 1000
2022-12-26 10:12:25.017  1302-1462  ThermalEngine           pid-1302                             D  sensor_monitor: msm_therm Sensor wait.
2022-12-26 10:12:25.017  1302-1462  ThermalEngine           pid-1302                             D  sensor_wait: msm_therm Wait start. 1000ms
2022-12-26 10:12:25.020 22803-22913 AudioTrack              pid-22803                            V  obtainBuffer(192) returned 192 = 192 + 0 err 0
2022-12-26 10:12:25.024 22803-22913 chatty                  pid-22803                            I  uid=10213(com.inforcegames.app3dmodelling) AudioTrack identical 1 line
2022-12-26 10:12:25.028 22803-22913 AudioTrack              pid-22803                            V  obtainBuffer(192) returned 192 = 192 + 0 err 0
2022-12-26 10:12:25.029  1302-1463  ThermalEngine           pid-1302                             D  sensor_wait: quiet_therm Wait done.
2022-12-26 10:12:25.030  1302-1463  ThermalEngine           pid-1302                             D  sensor_monitor: quiet_therm Reading 36000 .
2022-12-26 10:12:25.030  1302-1463  ThermalEngine           pid-1302                             I  Sensor:quiet_therm:36000 mC
2022-12-26 10:12:25.030  1302-1463  ThermalEngine           pid-1302                             D  update_active_thresh: quiet_therm Active(1), Hi(1) 40000, Lo(0) -2147483648, desc(0) Interval(1) 1000
2022-12-26 10:12:25.030  1302-1463  ThermalEngine           pid-1302                             D  sensor_monitor: quiet_therm Sensor wait.
2022-12-26 10:12:25.030  1302-1463  ThermalEngine           pid-1302                             D  sensor_wait: quiet_therm Wait start. 1000ms
2022-12-26 10:12:25.031 22803-22913 AudioTrack              pid-22803                            V  obtainBuffer(192) returned 192 = 192 + 0 err 0
2022-12-26 10:12:25.048 22803-22913 chatty                  pid-22803                            I  uid=10213(com.inforcegames.app3dmodelling) AudioTrack identical 4 lines
2022-12-26 10:12:25.051 22803-22913 AudioTrack              pid-22803                            V  obtainBuffer(192) returned 192 = 192 + 0 err 0
2022-12-26 10:12:25.055 22803-22913 AudioTrack              pid-22803                            V  obtainBuffer(192) returned 192 = 64 + 128 err 0
2022-12-26 10:12:25.056 22803-22913 AudioTrack              pid-22803                            V  obtainBuffer(128) returned 128 = 128 + 0 err 0
2022-12-26 10:12:25.059 22803-22913 AudioTrack              pid-22803                            V  obtainBuffer(192) returned 192 = 192 + 0 err 0
2022-12-26 10:12:25.131 22803-22913 chatty                  pid-22803                            I  uid=10213(com.inforcegames.app3dmodelling) AudioTrack identical 18 lines
2022-12-26 10:12:25.135 22803-22913 AudioTrack              pid-22803                            V  obtainBuffer(192) returned 192 = 192 + 0 err 0
2022-12-26 10:12:25.139 22803-22913 AudioTrack              pid-22803                            V  obtainBuffer(192) returned 192 = 128 + 64 err 0
2022-12-26 10:12:25.139 22803-22913 AudioTrack              pid-22803                            V  obtainBuffer(64) returned 64 = 64 + 0 err 0
2022-12-26 10:12:25.143 22803-22913 AudioTrack              pid-22803                            V  obtainBuffer(192) returned 192 = 192 + 0 err 0
2022-12-26 10:12:25.175 22803-22913 chatty                  pid-22803                            I  uid=10213(com.inforcegames.app3dmodelling) AudioTrack identical 8 lines
2022-12-26 10:12:25.179 22803-22913 AudioTrack              pid-22803                            V  obtainBuffer(192) returned 192 = 192 + 0 err 0
2022-12-26 10:12:25.183 22803-22913 AudioTrack              pid-22803                            V  obtainBuffer(192) returned 192 = 64 + 128 err 0
2022-12-26 10:12:25.183 22803-22913 AudioTrack              pid-22803                            V  obtainBuffer(128) returned 128 = 128 + 0 err 0
2022-12-26 10:12:25.187 22803-22913 AudioTrack              pid-22803                            V  obtainBuffer(192) returned 192 = 192 + 0 err 0
2022-12-26 10:12:25.248 22803-22913 chatty                  pid-22803                            I  uid=10213(com.inforcegames.app3dmodelling) AudioTrack identical 15 lines
2022-12-26 10:12:25.252 22803-22913 AudioTrack              pid-22803                            V  obtainBuffer(192) returned 192 = 192 + 0 err 0
2022-12-26 10:12:25.253 22803-22863 AudioManager            pid-22803                            D  getStreamVolume isRestricted mode = 0
2022-12-26 10:12:25.255 22803-22913 AudioTrack              pid-22803                            V  obtainBuffer(192) returned 192 = 192 + 0 err 0
2022-12-26 10:12:25.259   688-4296  audio_hw_spkr_prot      pid-688                              D  audio_extn_fbsp_get_parameters: Speaker protection disabled
2022-12-26 10:12:25.260   688-4296  audio_hw_extn           pid-688                              D  audio_extn_get_parameters: returns 
2022-12-26 10:12:25.260   743-11875 hash_map_utils          pid-743                              I  key: 'hifi_mode' value: ''
2022-12-26 10:12:25.260 22803-22913 AudioTrack              pid-22803                            V  obtainBuffer(192) returned 192 = 192 + 0 err 0
2022-12-26 10:12:25.263 22803-22913 AudioTrack              pid-22803                            V  obtainBuffer(192) returned 192 = 192 + 0 err 0
2022-12-26 10:12:25.265   688-4296  audio_hw_spkr_prot      pid-688                              D  audio_extn_fbsp_get_parameters: Speaker protection disabled
2022-12-26 10:12:25.265   688-4296  audio_hw_extn           pid-688                              D  audio_extn_get_parameters: returns 
2022-12-26 10:12:25.265   743-11875 hash_map_utils          pid-743                              I  key: 'hifi_mode' value: ''
2022-12-26 10:12:25.267 22803-22913 AudioTrack              pid-22803                            V  obtainBuffer(192) returned 192 = 128 + 64 err 0
2022-12-26 10:12:25.267 22803-22913 AudioTrack              pid-22803                            V  obtainBuffer(64) returned 64 = 64 + 0 err 0
2022-12-26 10:12:25.271 22803-22913 AudioTrack              pid-22803                            V  obtainBuffer(192) returned 192 = 192 + 0 err 0
2022-12-26 10:12:25.303 22803-22913 chatty                  pid-22803                            I  uid=10213(com.inforcegames.app3dmodelling) AudioTrack identical 8 lines
2022-12-26 10:12:25.307 22803-22913 AudioTrack              pid-22803                            V  obtainBuffer(192) returned 192 = 192 + 0 err 0
2022-12-26 10:12:25.311 22803-22913 AudioTrack              pid-22803                            V  obtainBuffer(192) returned 192 = 64 + 128 err 0
2022-12-26 10:12:25.312 22803-22913 AudioTrack              pid-22803                            V  obtainBuffer(128) returned 128 = 128 + 0 err 0
2022-12-26 10:12:25.315 22803-22913 AudioTrack              pid-22803                            V  obtainBuffer(192) returned 192 = 192 + 0 err 0
2022-12-26 10:12:25.388 22803-22913 chatty                  pid-22803                            I  uid=10213(com.inforcegames.app3dmodelling) AudioTrack identical 18 lines
2022-12-26 10:12:25.391 22803-22913 AudioTrack              pid-22803                            V  obtainBuffer(192) returned 192 = 192 + 0 err 0
2022-12-26 10:12:25.395 22803-22913 AudioTrack              pid-22803                            V  obtainBuffer(192) returned 192 = 128 + 64 err 0
2022-12-26 10:12:25.395 22803-22913 AudioTrack              pid-22803                            V  obtainBuffer(64) returned 64 = 64 + 0 err 0
2022-12-26 10:12:25.399 22803-22913 AudioTrack              pid-22803                            V  obtainBuffer(192) returned 192 = 192 + 0 err 0
2022-12-26 10:12:25.431 22803-22913 chatty                  pid-22803                            I  uid=10213(com.inforcegames.app3dmodelling) AudioTrack identical 8 lines
2022-12-26 10:12:25.437 22803-22913 AudioTrack              pid-22803                            V  obtainBuffer(192) returned 192 = 192 + 0 err 0
2022-12-26 10:12:25.439 22803-22913 AudioTrack              pid-22803                            V  obtainBuffer(192) returned 192 = 64 + 128 err 0
2022-12-26 10:12:25.439 22803-22913 AudioTrack              pid-22803                            V  obtainBuffer(128) returned 128 = 128 + 0 err 0
2022-12-26 10:12:25.444 22803-22913 AudioTrack              pid-22803                            V  obtainBuffer(192) returned 192 = 192 + 0 err 0
2022-12-26 10:12:25.516 22803-22913 chatty                  pid-22803                            I  uid=10213(com.inforcegames.app3dmodelling) AudioTrack identical 18 lines
2022-12-26 10:12:25.519 22803-22913 AudioTrack              pid-22803                            V  obtainBuffer(192) returned 192 = 192 + 0 err 0
2022-12-26 10:12:25.524 22803-22913 AudioTrack              pid-22803                            V  obtainBuffer(192) returned 192 = 128 + 64 err 0
2022-12-26 10:12:25.524 22803-22913 AudioTrack              pid-22803                            V  obtainBuffer(64) returned 64 = 64 + 0 err 0
2022-12-26 10:12:25.527 22803-22913 AudioTrack              pid-22803                            V  obtainBuffer(192) returned 192 = 192 + 0 err 0
2022-12-26 10:12:25.559 22803-22913 chatty                  pid-22803                            I  uid=10213(com.inforcegames.app3dmodelling) AudioTrack identical 8 lines
2022-12-26 10:12:25.563 22803-22913 AudioTrack              pid-22803                            V  obtainBuffer(192) returned 192 = 192 + 0 err 0
2022-12-26 10:12:25.568 22803-22913 AudioTrack              pid-22803                            V  obtainBuffer(192) returned 192 = 64 + 128 err 0
2022-12-26 10:12:25.568 22803-22913 AudioTrack              pid-22803                            V  obtainBuffer(128) returned 128 = 128 + 0 err 0
2022-12-26 10:12:25.572 22803-22913 AudioTrack              pid-22803                            V  obtainBuffer(192) returned 192 = 192 + 0 err 0
2022-12-26 10:12:25.599 26666-26666 linker                  pid-26666                            A  CANNOT LINK EXECUTABLE "/system/bin/dpmd": "/system/lib64/libdpmframework.so" is 32-bit instead of 64-bit
2022-12-26 10:12:25.643 22803-22913 chatty                  pid-22803                            I  uid=10213(com.inforcegames.app3dmodelling) AudioTrack identical 18 lines
2022-12-26 10:12:25.647 22803-22913 AudioTrack              pid-22803                            V  obtainBuffer(192) returned 192 = 192 + 0 err 0
2022-12-26 10:12:25.651 22803-22913 AudioTrack              pid-22803                            V  obtainBuffer(192) returned 192 = 128 + 64 err 0
2022-12-26 10:12:25.651 22803-22913 AudioTrack              pid-22803                            V  obtainBuffer(64) returned 64 = 64 + 0 err 0
2022-12-26 10:12:25.656 22803-22913 AudioTrack              pid-22803                            V  obtainBuffer(192) returned 192 = 192 + 0 err 0
2022-12-26 10:12:25.688 22803-22913 chatty                  pid-22803                            I  uid=10213(com.inforcegames.app3dmodelling) AudioTrack identical 8 lines
2022-12-26 10:12:25.692 22803-22913 AudioTrack              pid-22803                            V  obtainBuffer(192) returned 192 = 192 + 0 err 0
2022-12-26 10:12:25.695 22803-22913 AudioTrack              pid-22803                            V  obtainBuffer(192) returned 192 = 64 + 128 err 0
2022-12-26 10:12:25.695 22803-22913 AudioTrack              pid-22803                            V  obtainBuffer(128) returned 128 = 128 + 0 err 0
2022-12-26 10:12:25.699 22803-22913 AudioTrack              pid-22803                            V  obtainBuffer(192) returned 192 = 192 + 0 err 0
2022-12-26 10:12:25.704 22803-22913 chatty                  pid-22803                            I  uid=10213(com.inforcegames.app3dmodelling) AudioTrack identical 1 line
2022-12-26 10:12:25.708 22803-22913 AudioTrack              pid-22803                            V  obtainBuffer(192) returned 192 = 192 + 0 err 0
2022-12-26 10:12:25.708   688-4296  audio_hw_spkr_prot      pid-688                              D  audio_extn_fbsp_get_parameters: Speaker protection disabled
2022-12-26 10:12:25.708   688-4296  audio_hw_extn           pid-688                              D  audio_extn_get_parameters: returns 
2022-12-26 10:12:25.709   743-11875 hash_map_utils          pid-743                              I  key: 'hifi_mode' value: ''
2022-12-26 10:12:25.711 22803-22913 AudioTrack              pid-22803                            V  obtainBuffer(192) returned 192 = 192 + 0 err 0
2022-12-26 10:12:25.713 13316-13316 SignalClusterView       pid-13316                            D  updateMobileTypeImage  0
2022-12-26 10:12:25.714 13316-13316 chatty                  pid-13316                            I  uid=1000(system) com.android.systemui identical 1 line
2022-12-26 10:12:25.714 13316-13316 SignalClusterView       pid-13316                            D  updateMobileTypeImage  0
2022-12-26 10:12:25.716 22803-22913 AudioTrack              pid-22803                            V  obtainBuffer(192) returned 192 = 192 + 0 err 0
2022-12-26 10:12:25.717 22803-24497 AudioManager            pid-22803                            D  getStreamVolume isRestricted mode = 0
2022-12-26 10:12:25.720 22803-22913 AudioTrack              pid-22803                            V  obtainBuffer(192) returned 192 = 192 + 0 err 0
2022-12-26 10:12:25.723 22803-22913 AudioTrack              pid-22803                            V  obtainBuffer(192) returned 192 = 192 + 0 err 0
2022-12-26 10:12:25.724   688-4296  audio_hw_spkr_prot      pid-688                              D  audio_extn_fbsp_get_parameters: Speaker protection disabled
2022-12-26 10:12:25.724   688-4296  audio_hw_extn           pid-688                              D  audio_extn_get_parameters: returns 
2022-12-26 10:12:25.724   743-11875 hash_map_utils          pid-743                              I  key: 'hifi_mode' value: ''
2022-12-26 10:12:25.727 22803-22913 AudioTrack              pid-22803                            V  obtainBuffer(192) returned 192 = 192 + 0 err 0
2022-12-26 10:12:25.772 22803-22913 chatty                  pid-22803                            I  uid=10213(com.inforcegames.app3dmodelling) AudioTrack identical 11 lines
2022-12-26 10:12:25.775 22803-22913 AudioTrack              pid-22803                            V  obtainBuffer(192) returned 192 = 192 + 0 err 0
2022-12-26 10:12:25.779 22803-22913 AudioTrack              pid-22803                            V  obtainBuffer(192) returned 192 = 128 + 64 err 0
2022-12-26 10:12:25.779 22803-22913 AudioTrack              pid-22803                            V  obtainBuffer(64) returned 64 = 64 + 0 err 0
2022-12-26 10:12:25.783 22803-22913 AudioTrack              pid-22803                            V  obtainBuffer(192) returned 192 = 192 + 0 err 0
2022-12-26 10:12:25.816 22803-22913 chatty                  pid-22803                            I  uid=10213(com.inforcegames.app3dmodelling) AudioTrack identical 8 lines
2022-12-26 10:12:25.820 22803-22913 AudioTrack              pid-22803                            V  obtainBuffer(192) returned 192 = 192 + 0 err 0
2022-12-26 10:12:25.824 22803-22913 AudioTrack              pid-22803                            V  obtainBuffer(192) returned 192 = 64 + 128 err 0
2022-12-26 10:12:25.824 22803-22913 AudioTrack              pid-22803                            V  obtainBuffer(128) returned 128 = 128 + 0 err 0
2022-12-26 10:12:25.828 22803-22913 AudioTrack              pid-22803                            V  obtainBuffer(192) returned 192 = 192 + 0 err 0
2022-12-26 10:12:25.899 22803-22913 chatty                  pid-22803                            I  uid=10213(com.inforcegames.app3dmodelling) AudioTrack identical 18 lines
2022-12-26 10:12:25.904 22803-22913 AudioTrack              pid-22803                            V  obtainBuffer(192) returned 192 = 192 + 0 err 0
2022-12-26 10:12:25.908 22803-22913 AudioTrack              pid-22803                            V  obtainBuffer(192) returned 192 = 128 + 64 err 0
2022-12-26 10:12:25.908 22803-22913 AudioTrack              pid-22803                            V  obtainBuffer(64) returned 64 = 64 + 0 err 0
2022-12-26 10:12:25.911 22803-22913 AudioTrack              pid-22803                            V  obtainBuffer(192) returned 192 = 192 + 0 err 0
2022-12-26 10:12:25.944 22803-22913 chatty                  pid-22803                            I  uid=10213(com.inforcegames.app3dmodelling) AudioTrack identical 8 lines
2022-12-26 10:12:25.947 22803-22913 AudioTrack              pid-22803                            V  obtainBuffer(192) returned 192 = 192 + 0 err 0
2022-12-26 10:12:25.952 22803-22913 AudioTrack              pid-22803                            V  obtainBuffer(192) returned 192 = 64 + 128 err 0
2022-12-26 10:12:25.952 22803-22913 AudioTrack              pid-22803                            V  obtainBuffer(128) returned 128 = 128 + 0 err 0
2022-12-26 10:12:25.956 22803-22913 AudioTrack              pid-22803                            V  obtainBuffer(192) returned 192 = 192 + 0 err 0
2022-12-26 10:12:26.011 22803-22913 chatty                  pid-22803                            I  uid=10213(com.inforcegames.app3dmodelling) AudioTrack identical 14 lines
2022-12-26 10:12:26.015 22803-22913 AudioTrack              pid-22803                            V  obtainBuffer(192) returned 192 = 192 + 0 err 0
2022-12-26 10:12:26.018  1302-1462  ThermalEngine           pid-1302                             D  sensor_wait: msm_therm Wait done.
2022-12-26 10:12:26.020 22803-22913 AudioTrack              pid-22803                            V  obtainBuffer(192) returned 192 = 192 + 0 err 0
2022-12-26 10:12:26.021  1302-1462  ThermalEngine           pid-1302                             D  sensor_monitor: msm_therm Reading 38000 .
2022-12-26 10:12:26.021  1302-1462  ThermalEngine           pid-1302                             I  Sensor:msm_therm:38000 mC
2022-12-26 10:12:26.021  1302-1462  ThermalEngine           pid-1302                             D  update_active_thresh: msm_therm Active(1), Hi(1) 44000, Lo(0) -2147483648, desc(0) Interval(1) 1000
2022-12-26 10:12:26.021  1302-1462  ThermalEngine           pid-1302                             D  sensor_monitor: msm_therm Sensor wait.
2022-12-26 10:12:26.021  1302-1462  ThermalEngine           pid-1302                             D  sensor_wait: msm_therm Wait start. 1000ms
2022-12-26 10:12:26.024 22803-22913 AudioTrack              pid-22803                            V  obtainBuffer(192) returned 192 = 192 + 0 err 0
2022-12-26 10:12:26.027 22803-22913 AudioTrack              pid-22803                            V  obtainBuffer(192) returned 192 = 192 + 0 err 0
2022-12-26 10:12:26.030  1302-1463  ThermalEngine           pid-1302                             D  sensor_wait: quiet_therm Wait done.
2022-12-26 10:12:26.031 22803-22913 AudioTrack              pid-22803                            V  obtainBuffer(192) returned 192 = 192 + 0 err 0
2022-12-26 10:12:26.032  1302-1463  ThermalEngine           pid-1302                             D  sensor_monitor: quiet_therm Reading 36000 .
2022-12-26 10:12:26.032  1302-1463  ThermalEngine           pid-1302                             I  Sensor:quiet_therm:36000 mC
2022-12-26 10:12:26.032  1302-1463  ThermalEngine           pid-1302                             D  update_active_thresh: quiet_therm Active(1), Hi(1) 40000, Lo(0) -2147483648, desc(0) Interval(1) 1000
2022-12-26 10:12:26.032  1302-1463  ThermalEngine           pid-1302                             D  sensor_monitor: quiet_therm Sensor wait.
2022-12-26 10:12:26.033  1302-1463  ThermalEngine           pid-1302                             D  sensor_wait: quiet_therm Wait start. 1000ms
2022-12-26 10:12:26.035 22803-22913 AudioTrack              pid-22803                            V  obtainBuffer(192) returned 192 = 128 + 64 err 0
2022-12-26 10:12:26.036 22803-22913 AudioTrack              pid-22803                            V  obtainBuffer(64) returned 64 = 64 + 0 err 0
2022-12-26 10:12:26.041 22803-22913 AudioTrack              pid-22803                            V  obtainBuffer(192) returned 192 = 192 + 0 err 0
2022-12-26 10:12:26.072 22803-22913 chatty                  pid-22803                            I  uid=10213(com.inforcegames.app3dmodelling) AudioTrack identical 8 lines
2022-12-26 10:12:26.075 22803-22913 AudioTrack              pid-22803                            V  obtainBuffer(192) returned 192 = 192 + 0 err 0
2022-12-26 10:12:26.080 22803-22913 AudioTrack              pid-22803                            V  obtainBuffer(192) returned 192 = 64 + 128 err 0
2022-12-26 10:12:26.080 22803-22913 AudioTrack              pid-22803                            V  obtainBuffer(128) returned 128 = 128 + 0 err 0
2022-12-26 10:12:26.083 22803-22913 AudioTrack              pid-22803                            V  obtainBuffer(192) returned 192 = 192 + 0 err 0
2022-12-26 10:12:26.155 22803-22913 chatty                  pid-22803                            I  uid=10213(com.inforcegames.app3dmodelling) AudioTrack identical 18 lines
2022-12-26 10:12:26.160 22803-22913 AudioTrack              pid-22803                            V  obtainBuffer(192) returned 192 = 192 + 0 err 0
2022-12-26 10:12:26.163 22803-22913 AudioTrack              pid-22803                            V  obtainBuffer(192) returned 192 = 128 + 64 err 0
2022-12-26 10:12:26.163 22803-22913 AudioTrack              pid-22803                            V  obtainBuffer(64) returned 64 = 64 + 0 err 0
2022-12-26 10:12:26.167 22803-22913 AudioTrack              pid-22803                            V  obtainBuffer(192) returned 192 = 192 + 0 err 0
2022-12-26 10:12:26.199 22803-22913 chatty                  pid-22803                            I  uid=10213(com.inforcegames.app3dmodelling) AudioTrack identical 8 lines
2022-12-26 10:12:26.203 22803-22913 AudioTrack              pid-22803                            V  obtainBuffer(192) returned 192 = 192 + 0 err 0
2022-12-26 10:12:26.207 22803-22913 AudioTrack              pid-22803                            V  obtainBuffer(192) returned 192 = 64 + 128 err 0
2022-12-26 10:12:26.207 22803-22913 AudioTrack              pid-22803                            V  obtainBuffer(128) returned 128 = 128 + 0 err 0
2022-12-26 10:12:26.212 22803-22913 AudioTrack              pid-22803                            V  obtainBuffer(192) returned 192 = 192 + 0 err 0
2022-12-26 10:12:26.235 22803-22913 chatty                  pid-22803                            I  uid=10213(com.inforcegames.app3dmodelling) AudioTrack identical 6 lines
2022-12-26 10:12:26.240 22803-22913 AudioTrack              pid-22803                            V  obtainBuffer(192) returned 192 = 192 + 0 err 0
2022-12-26 10:12:26.242  1302-1457  ThermalEngine           pid-1302                             D  sensor_wait: backlight_therm Wait done.
2022-12-26 10:12:26.243  1302-1457  ThermalEngine           pid-1302                             D  sensor_monitor: backlight_therm Reading 32000 .
2022-12-26 10:12:26.243  1302-1457  ThermalEngine           pid-1302                             I  Sensor:backlight_therm:32000 mC
2022-12-26 10:12:26.243  1302-1457  ThermalEngine           pid-1302                             D  update_active_thresh: backlight_therm Active(1), Hi(1) 45000, Lo(0) -2147483648, desc(0) Interval(1) 2000
2022-12-26 10:12:26.243  1302-1457  ThermalEngine           pid-1302                             D  sensor_monitor: backlight_therm Sensor wait.
2022-12-26 10:12:26.243  1302-1457  ThermalEngine           pid-1302                             D  sensor_wait: backlight_therm Wait start. 2000ms
2022-12-26 10:12:26.245 22803-22913 AudioTrack              pid-22803                            V  obtainBuffer(192) returned 192 = 192 + 0 err 0
2022-12-26 10:12:26.283 22803-22913 chatty                  pid-22803                            I  uid=10213(com.inforcegames.app3dmodelling) AudioTrack identical 10 lines
2022-12-26 10:12:26.287 22803-22913 AudioTrack              pid-22803                            V  obtainBuffer(192) returned 192 = 192 + 0 err 0
2022-12-26 10:12:26.291 22803-22913 AudioTrack              pid-22803                            V  obtainBuffer(192) returned 192 = 128 + 64 err 0
2022-12-26 10:12:26.291 22803-22913 AudioTrack              pid-22803                            V  obtainBuffer(64) returned 64 = 64 + 0 err 0
2022-12-26 10:12:26.295 22803-22913 AudioTrack              pid-22803                            V  obtainBuffer(192) returned 192 = 192 + 0 err 0
2022-12-26 10:12:26.328 22803-22913 chatty                  pid-22803                            I  uid=10213(com.inforcegames.app3dmodelling) AudioTrack identical 8 lines
2022-12-26 10:12:26.331 22803-22913 AudioTrack              pid-22803                            V  obtainBuffer(192) returned 192 = 192 + 0 err 0
2022-12-26 10:12:26.336 22803-22913 AudioTrack              pid-22803                            V  obtainBuffer(192) returned 192 = 64 + 128 err 0
2022-12-26 10:12:26.336 22803-22913 AudioTrack              pid-22803                            V  obtainBuffer(128) returned 128 = 128 + 0 err 0
2022-12-26 10:12:26.340 22803-22913 AudioTrack              pid-22803                            V  obtainBuffer(192) returned 192 = 192 + 0 err 0
2022-12-26 10:12:26.411 22803-22913 chatty                  pid-22803                            I  uid=10213(com.inforcegames.app3dmodelling) AudioTrack identical 18 lines
2022-12-26 10:12:26.416 22803-22913 AudioTrack              pid-22803                            V  obtainBuffer(192) returned 192 = 192 + 0 err 0
2022-12-26 10:12:26.419 22803-22913 AudioTrack              pid-22803                            V  obtainBuffer(192) returned 192 = 128 + 64 err 0
2022-12-26 10:12:26.420 22803-22913 AudioTrack              pid-22803                            V  obtainBuffer(64) returned 64 = 64 + 0 err 0
2022-12-26 10:12:26.423 22803-22913 AudioTrack              pid-22803                            V  obtainBuffer(192) returned 192 = 192 + 0 err 0
2022-12-26 10:12:26.456 22803-22913 chatty                  pid-22803                            I  uid=10213(com.inforcegames.app3dmodelling) AudioTrack identical 8 lines
2022-12-26 10:12:26.459 22803-22913 AudioTrack              pid-22803                            V  obtainBuffer(192) returned 192 = 192 + 0 err 0
2022-12-26 10:12:26.463 22803-22913 AudioTrack              pid-22803                            V  obtainBuffer(192) returned 192 = 64 + 128 err 0
2022-12-26 10:12:26.463 22803-22913 AudioTrack              pid-22803                            V  obtainBuffer(128) returned 128 = 128 + 0 err 0
2022-12-26 10:12:26.468 22803-22913 AudioTrack              pid-22803                            V  obtainBuffer(192) returned 192 = 192 + 0 err 0
2022-12-26 10:12:26.539 22803-22913 chatty                  pid-22803                            I  uid=10213(com.inforcegames.app3dmodelling) AudioTrack identical 18 lines
2022-12-26 10:12:26.543 22803-22913 AudioTrack              pid-22803                            V  obtainBuffer(192) returned 192 = 192 + 0 err 0
2022-12-26 10:12:26.548 22803-22913 AudioTrack              pid-22803                            V  obtainBuffer(192) returned 192 = 128 + 64 err 0
2022-12-26 10:12:26.548 22803-22913 AudioTrack              pid-22803                            V  obtainBuffer(64) returned 64 = 64 + 0 err 0
2022-12-26 10:12:26.551 22803-22913 AudioTrack              pid-22803                            V  obtainBuffer(192) returned 192 = 192 + 0 err 0
2022-12-26 10:12:26.584 22803-22913 chatty                  pid-22803                            I  uid=10213(com.inforcegames.app3dmodelling) AudioTrack identical 8 lines
2022-12-26 10:12:26.588 22803-22913 AudioTrack              pid-22803                            V  obtainBuffer(192) returned 192 = 192 + 0 err 0
2022-12-26 10:12:26.591 22803-22913 AudioTrack              pid-22803                            V  obtainBuffer(192) returned 192 = 64 + 128 err 0
2022-12-26 10:12:26.591 22803-22913 AudioTrack              pid-22803                            V  obtainBuffer(128) returned 128 = 128 + 0 err 0
2022-12-26 10:12:26.595 22803-22913 AudioTrack              pid-22803                            V  obtainBuffer(192) returned 192 = 192 + 0 err 0
2022-12-26 10:12:26.668 22803-22913 chatty                  pid-22803                            I  uid=10213(com.inforcegames.app3dmodelling) AudioTrack identical 18 lines
2022-12-26 10:12:26.671 22803-22913 AudioTrack              pid-22803                            V  obtainBuffer(192) returned 192 = 192 + 0 err 0
2022-12-26 10:12:26.676 22803-22913 AudioTrack              pid-22803                            V  obtainBuffer(192) returned 192 = 128 + 64 err 0
2022-12-26 10:12:26.676 22803-22913 AudioTrack              pid-22803                            V  obtainBuffer(64) returned 64 = 64 + 0 err 0
2022-12-26 10:12:26.680 22803-22913 AudioTrack              pid-22803                            V  obtainBuffer(192) returned 192 = 192 + 0 err 0
2022-12-26 10:12:26.707 22803-22913 chatty                  pid-22803                            I  uid=10213(com.inforcegames.app3dmodelling) AudioTrack identical 7 lines
2022-12-26 10:12:26.711 22803-22913 AudioTrack              pid-22803                            V  obtainBuffer(192) returned 192 = 192 + 0 err 0
2022-12-26 10:12:26.714 13316-13316 SignalClusterView       pid-13316                            D  updateMobileTypeImage  0
2022-12-26 10:12:26.715 22803-22913 AudioTrack              pid-22803                            V  obtainBuffer(192) returned 192 = 192 + 0 err 0
2022-12-26 10:12:26.716 13316-13316 SignalClusterView       pid-13316                            D  updateMobileTypeImage  0
2022-12-26 10:12:26.716 13316-13316 SignalClusterView       pid-13316                            D  updateMobileTypeImage  0
2022-12-26 10:12:26.719 22803-22913 AudioTrack              pid-22803                            V  obtainBuffer(192) returned 192 = 64 + 128 err 0
2022-12-26 10:12:26.719 22803-22913 AudioTrack              pid-22803                            V  obtainBuffer(128) returned 128 = 128 + 0 err 0
2022-12-26 10:12:26.723 22803-22913 AudioTrack              pid-22803                            V  obtainBuffer(192) returned 192 = 192 + 0 err 0
2022-12-26 10:12:26.796 22803-22913 chatty                  pid-22803                            I  uid=10213(com.inforcegames.app3dmodelling) AudioTrack identical 18 lines
2022-12-26 10:12:26.800 22803-22913 AudioTrack              pid-22803                            V  obtainBuffer(192) returned 192 = 192 + 0 err 0
2022-12-26 10:12:26.803 22803-22913 AudioTrack              pid-22803                            V  obtainBuffer(192) returned 192 = 128 + 64 err 0
2022-12-26 10:12:26.804 22803-22913 AudioTrack              pid-22803                            V  obtainBuffer(64) returned 64 = 64 + 0 err 0
2022-12-26 10:12:26.808 22803-22913 AudioTrack              pid-22803                            V  obtainBuffer(192) returned 192 = 192 + 0 err 0
2022-12-26 10:12:26.840 22803-22913 chatty                  pid-22803                            I  uid=10213(com.inforcegames.app3dmodelling) AudioTrack identical 8 lines
2022-12-26 10:12:26.844 22803-22913 AudioTrack              pid-22803                            V  obtainBuffer(192) returned 192 = 192 + 0 err 0
2022-12-26 10:12:26.847 22803-22913 AudioTrack              pid-22803                            V  obtainBuffer(192) returned 192 = 64 + 128 err 0
2022-12-26 10:12:26.847 22803-22913 AudioTrack              pid-22803                            V  obtainBuffer(128) returned 128 = 128 + 0 err 0
2022-12-26 10:12:26.851 22803-22913 AudioTrack              pid-22803                            V  obtainBuffer(192) returned 192 = 192 + 0 err 0
2022-12-26 10:12:26.923 22803-22913 chatty                  pid-22803                            I  uid=10213(com.inforcegames.app3dmodelling) AudioTrack identical 18 lines
2022-12-26 10:12:26.927 22803-22913 AudioTrack              pid-22803                            V  obtainBuffer(192) returned 192 = 192 + 0 err 0
2022-12-26 10:12:26.932 22803-22913 AudioTrack              pid-22803                            V  obtainBuffer(192) returned 192 = 128 + 64 err 0
2022-12-26 10:12:26.932 22803-22913 AudioTrack              pid-22803                            V  obtainBuffer(64) returned 64 = 64 + 0 err 0
2022-12-26 10:12:26.935 22803-22913 AudioTrack              pid-22803                            V  obtainBuffer(192) returned 192 = 192 + 0 err 0
2022-12-26 10:12:26.967 22803-22913 chatty                  pid-22803                            I  uid=10213(com.inforcegames.app3dmodelling) AudioTrack identical 8 lines
2022-12-26 10:12:26.972 22803-22913 AudioTrack              pid-22803                            V  obtainBuffer(192) returned 192 = 192 + 0 err 0
2022-12-26 10:12:26.975 22803-22913 AudioTrack              pid-22803                            V  obtainBuffer(192) returned 192 = 64 + 128 err 0
2022-12-26 10:12:26.975 22803-22913 AudioTrack              pid-22803                            V  obtainBuffer(128) returned 128 = 128 + 0 err 0
2022-12-26 10:12:26.981 22803-22913 AudioTrack              pid-22803                            V  obtainBuffer(192) returned 192 = 192 + 0 err 0
2022-12-26 10:12:27.016 22803-22913 chatty                  pid-22803                            I  uid=10213(com.inforcegames.app3dmodelling) AudioTrack identical 9 lines
2022-12-26 10:12:27.019 22803-22913 AudioTrack              pid-22803                            V  obtainBuffer(192) returned 192 = 192 + 0 err 0
2022-12-26 10:12:27.021  1302-1462  ThermalEngine           pid-1302                             D  sensor_wait: msm_therm Wait done.
2022-12-26 10:12:27.023  1302-1462  ThermalEngine           pid-1302                             D  sensor_monitor: msm_therm Reading 37000 .
2022-12-26 10:12:27.023  1302-1462  ThermalEngine           pid-1302                             I  Sensor:msm_therm:37000 mC
2022-12-26 10:12:27.023  1302-1462  ThermalEngine           pid-1302                             D  update_active_thresh: msm_therm Active(1), Hi(1) 44000, Lo(0) -2147483648, desc(0) Interval(1) 1000
2022-12-26 10:12:27.023  1302-1462  ThermalEngine           pid-1302                             D  sensor_monitor: msm_therm Sensor wait.
2022-12-26 10:12:27.023  1302-1462  ThermalEngine           pid-1302                             D  sensor_wait: msm_therm Wait start. 1000ms
2022-12-26 10:12:27.024 22803-22913 AudioTrack              pid-22803                            V  obtainBuffer(192) returned 192 = 192 + 0 err 0
2022-12-26 10:12:27.027 22803-22913 chatty                  pid-22803                            I  uid=10213(com.inforcegames.app3dmodelling) AudioTrack identical 1 line
2022-12-26 10:12:27.032 22803-22913 AudioTrack              pid-22803                            V  obtainBuffer(192) returned 192 = 192 + 0 err 0
2022-12-26 10:12:27.033  1302-1463  ThermalEngine           pid-1302                             D  sensor_wait: quiet_therm Wait done.
2022-12-26 10:12:27.034  1302-1463  ThermalEngine           pid-1302                             D  sensor_monitor: quiet_therm Reading 36000 .
2022-12-26 10:12:27.034  1302-1463  ThermalEngine           pid-1302                             I  Sensor:quiet_therm:36000 mC
2022-12-26 10:12:27.034  1302-1463  ThermalEngine           pid-1302                             D  update_active_thresh: quiet_therm Active(1), Hi(1) 40000, Lo(0) -2147483648, desc(0) Interval(1) 1000
2022-12-26 10:12:27.035  1302-1463  ThermalEngine           pid-1302                             D  sensor_monitor: quiet_therm Sensor wait.
2022-12-26 10:12:27.035  1302-1463  ThermalEngine           pid-1302                             D  sensor_wait: quiet_therm Wait start. 1000ms
2022-12-26 10:12:27.036 22803-22913 AudioTrack              pid-22803                            V  obtainBuffer(192) returned 192 = 192 + 0 err 0
2022-12-26 10:12:27.051 22803-22913 chatty                  pid-22803                            I  uid=10213(com.inforcegames.app3dmodelling) AudioTrack identical 4 lines
2022-12-26 10:12:27.055 22803-22913 AudioTrack              pid-22803                            V  obtainBuffer(192) returned 192 = 192 + 0 err 0
2022-12-26 10:12:27.059 22803-22913 AudioTrack              pid-22803                            V  obtainBuffer(192) returned 192 = 128 + 64 err 0
2022-12-26 10:12:27.059 22803-22913 AudioTrack              pid-22803                            V  obtainBuffer(64) returned 64 = 64 + 0 err 0
2022-12-26 10:12:27.064 22803-22913 AudioTrack              pid-22803                            V  obtainBuffer(192) returned 192 = 192 + 0 err 0
2022-12-26 10:12:27.095 22803-22913 chatty                  pid-22803                            I  uid=10213(com.inforcegames.app3dmodelling) AudioTrack identical 8 lines
2022-12-26 10:12:27.099 22803-22913 AudioTrack              pid-22803                            V  obtainBuffer(192) returned 192 = 192 + 0 err 0
2022-12-26 10:12:27.103 22803-22913 AudioTrack              pid-22803                            V  obtainBuffer(192) returned 192 = 64 + 128 err 0
2022-12-26 10:12:27.103 22803-22913 AudioTrack              pid-22803                            V  obtainBuffer(128) returned 128 = 128 + 0 err 0
2022-12-26 10:12:27.107 22803-22913 AudioTrack              pid-22803                            V  obtainBuffer(192) returned 192 = 192 + 0 err 0
2022-12-26 10:12:27.111 22803-22913 chatty                  pid-22803                            I  uid=10213(com.inforcegames.app3dmodelling) AudioTrack identical 1 line
2022-12-26 10:12:27.116 22803-22913 AudioTrack              pid-22803                            V  obtainBuffer(192) returned 192 = 192 + 0 err 0
2022-12-26 10:12:27.119  2820-5429  DPMJ                    pid-2820                             I  |REQ:RCVR| DPM creating socket
2022-12-26 10:12:27.119 22803-22913 AudioTrack              pid-22803                            V  obtainBuffer(192) returned 192 = 192 + 0 err 0
2022-12-26 10:12:27.179 22803-22913 chatty                  pid-22803                            I  uid=10213(com.inforcegames.app3dmodelling) AudioTrack identical 15 lines
2022-12-26 10:12:27.184 22803-22913 AudioTrack              pid-22803                            V  obtainBuffer(192) returned 192 = 192 + 0 err 0
2022-12-26 10:12:27.187 22803-22913 AudioTrack              pid-22803                            V  obtainBuffer(192) returned 192 = 128 + 64 err 0
2022-12-26 10:12:27.188 22803-22913 AudioTrack              pid-22803                            V  obtainBuffer(64) returned 64 = 64 + 0 err 0
2022-12-26 10:12:27.192 22803-22913 AudioTrack              pid-22803                            V  obtainBuffer(192) returned 192 = 192 + 0 err 0
2022-12-26 10:12:27.223 22803-22913 chatty                  pid-22803                            I  uid=10213(com.inforcegames.app3dmodelling) AudioTrack identical 8 lines
2022-12-26 10:12:27.228 22803-22913 AudioTrack              pid-22803                            V  obtainBuffer(192) returned 192 = 192 + 0 err 0
2022-12-26 10:12:27.232 22803-22913 AudioTrack              pid-22803                            V  obtainBuffer(192) returned 192 = 64 + 128 err 0
2022-12-26 10:12:27.232 22803-22913 AudioTrack              pid-22803                            V  obtainBuffer(128) returned 128 = 128 + 0 err 0
2022-12-26 10:12:27.235 22803-22913 AudioTrack              pid-22803                            V  obtainBuffer(192) returned 192 = 192 + 0 err 0
2022-12-26 10:12:27.308 22803-22913 chatty                  pid-22803                            I  uid=10213(com.inforcegames.app3dmodelling) AudioTrack identical 18 lines
2022-12-26 10:12:27.312 22803-22913 AudioTrack              pid-22803                            V  obtainBuffer(192) returned 192 = 192 + 0 err 0
2022-12-26 10:12:27.316 22803-22913 AudioTrack              pid-22803                            V  obtainBuffer(192) returned 192 = 128 + 64 err 0
2022-12-26 10:12:27.316 22803-22913 AudioTrack              pid-22803                            V  obtainBuffer(64) returned 64 = 64 + 0 err 0
2022-12-26 10:12:27.320 22803-22913 AudioTrack              pid-22803                            V  obtainBuffer(192) returned 192 = 192 + 0 err 0
2022-12-26 10:12:27.351 22803-22913 chatty                  pid-22803                            I  uid=10213(com.inforcegames.app3dmodelling) AudioTrack identical 8 lines
2022-12-26 10:12:27.356 22803-22913 AudioTrack              pid-22803                            V  obtainBuffer(192) returned 192 = 192 + 0 err 0
2022-12-26 10:12:27.360 22803-22913 AudioTrack              pid-22803                            V  obtainBuffer(192) returned 192 = 64 + 128 err 0
2022-12-26 10:12:27.360 22803-22913 AudioTrack              pid-22803                            V  obtainBuffer(128) returned 128 = 128 + 0 err 0
2022-12-26 10:12:27.364 22803-22913 AudioTrack              pid-22803                            V  obtainBuffer(192) returned 192 = 192 + 0 err 0
2022-12-26 10:12:27.435 22803-22913 chatty                  pid-22803                            I  uid=10213(com.inforcegames.app3dmodelling) AudioTrack identical 18 lines
2022-12-26 10:12:27.439 22803-22913 AudioTrack              pid-22803                            V  obtainBuffer(192) returned 192 = 192 + 0 err 0
2022-12-26 10:12:27.444 22803-22913 AudioTrack              pid-22803                            V  obtainBuffer(192) returned 192 = 128 + 64 err 0
2022-12-26 10:12:27.444 22803-22913 AudioTrack              pid-22803                            V  obtainBuffer(64) returned 64 = 64 + 0 err 0
2022-12-26 10:12:27.448 22803-22913 AudioTrack              pid-22803                            V  obtainBuffer(192) returned 192 = 192 + 0 err 0
2022-12-26 10:12:27.480 22803-22913 chatty                  pid-22803                            I  uid=10213(com.inforcegames.app3dmodelling) AudioTrack identical 8 lines
2022-12-26 10:12:27.484 22803-22913 AudioTrack              pid-22803                            V  obtainBuffer(192) returned 192 = 192 + 0 err 0
2022-12-26 10:12:27.488 22803-22913 AudioTrack              pid-22803                            V  obtainBuffer(192) returned 192 = 64 + 128 err 0
2022-12-26 10:12:27.488 22803-22913 AudioTrack              pid-22803                            V  obtainBuffer(128) returned 128 = 128 + 0 err 0
2022-12-26 10:12:27.492 22803-22913 AudioTrack              pid-22803                            V  obtainBuffer(192) returned 192 = 192 + 0 err 0
2022-12-26 10:12:27.564 22803-22913 chatty                  pid-22803                            I  uid=10213(com.inforcegames.app3dmodelling) AudioTrack identical 18 lines
2022-12-26 10:12:27.568 22803-22913 AudioTrack              pid-22803                            V  obtainBuffer(192) returned 192 = 192 + 0 err 0
2022-12-26 10:12:27.572 22803-22913 AudioTrack              pid-22803                            V  obtainBuffer(192) returned 192 = 128 + 64 err 0
2022-12-26 10:12:27.572 22803-22913 AudioTrack              pid-22803                            V  obtainBuffer(64) returned 64 = 64 + 0 err 0
2022-12-26 10:12:27.576 22803-22913 AudioTrack              pid-22803                            V  obtainBuffer(192) returned 192 = 192 + 0 err 0
2022-12-26 10:12:27.608 22803-22913 chatty                  pid-22803                            I  uid=10213(com.inforcegames.app3dmodelling) AudioTrack identical 8 lines
2022-12-26 10:12:27.611 22803-22913 AudioTrack              pid-22803                            V  obtainBuffer(192) returned 192 = 192 + 0 err 0
2022-12-26 10:12:27.615 22803-22913 AudioTrack              pid-22803                            V  obtainBuffer(192) returned 192 = 64 + 128 err 0
2022-12-26 10:12:27.615 22803-22913 AudioTrack              pid-22803                            V  obtainBuffer(128) returned 128 = 128 + 0 err 0
2022-12-26 10:12:27.619 22803-22913 AudioTrack              pid-22803                            V  obtainBuffer(192) returned 192 = 192 + 0 err 0
2022-12-26 10:12:27.691 22803-22913 chatty                  pid-22803                            I  uid=10213(com.inforcegames.app3dmodelling) AudioTrack identical 18 lines
2022-12-26 10:12:27.696 22803-22913 AudioTrack              pid-22803                            V  obtainBuffer(192) returned 192 = 192 + 0 err 0
2022-12-26 10:12:27.699 22803-22913 AudioTrack              pid-22803                            V  obtainBuffer(192) returned 192 = 128 + 64 err 0
2022-12-26 10:12:27.699 22803-22913 AudioTrack              pid-22803                            V  obtainBuffer(64) returned 64 = 64 + 0 err 0
2022-12-26 10:12:27.704 22803-22913 AudioTrack              pid-22803                            V  obtainBuffer(192) returned 192 = 192 + 0 err 0
2022-12-26 10:12:27.711 22803-22913 chatty                  pid-22803                            I  uid=10213(com.inforcegames.app3dmodelling) AudioTrack identical 2 lines
2022-12-26 10:12:27.715 22803-22913 AudioTrack              pid-22803                            V  obtainBuffer(192) returned 192 = 192 + 0 err 0
2022-12-26 10:12:27.717 13316-13316 SignalClusterView       pid-13316                            D  updateMobileTypeImage  0
2022-12-26 10:12:27.718 13316-13316 chatty                  pid-13316                            I  uid=1000(system) com.android.systemui identical 1 line
2022-12-26 10:12:27.719 13316-13316 SignalClusterView       pid-13316                            D  updateMobileTypeImage  0
2022-12-26 10:12:27.719 22803-22913 AudioTrack              pid-22803                            V  obtainBuffer(192) returned 192 = 192 + 0 err 0
2022-12-26 10:12:27.735 22803-22913 chatty                  pid-22803                            I  uid=10213(com.inforcegames.app3dmodelling) AudioTrack identical 4 lines
2022-12-26 10:12:27.739 22803-22913 AudioTrack              pid-22803                            V  obtainBuffer(192) returned 192 = 192 + 0 err 0
2022-12-26 10:12:27.743 22803-22913 AudioTrack              pid-22803                            V  obtainBuffer(192) returned 192 = 64 + 128 err 0
2022-12-26 10:12:27.744 22803-22913 AudioTrack              pid-22803                            V  obtainBuffer(128) returned 128 = 128 + 0 err 0
2022-12-26 10:12:27.748 22803-22913 AudioTrack              pid-22803                            V  obtainBuffer(192) returned 192 = 192 + 0 err 0
2022-12-26 10:12:27.779 22803-22913 chatty                  pid-22803                            I  uid=10213(com.inforcegames.app3dmodelling) AudioTrack identical 8 lines
2022-12-26 10:12:27.783 22803-22913 AudioTrack              pid-22803                            V  obtainBuffer(192) returned 192 = 192 + 0 err 0
2022-12-26 10:12:27.786   688-4296  audio_hw_spkr_prot      pid-688                              D  audio_extn_fbsp_get_parameters: Speaker protection disabled
2022-12-26 10:12:27.787   688-4296  audio_hw_extn           pid-688                              D  audio_extn_get_parameters: returns 
2022-12-26 10:12:27.787   743-11875 hash_map_utils          pid-743                              I  key: 'hifi_mode' value: ''
