2022-12-25 19:22:47.522 32051-32133 AudioTrack              pid-32051                            V  obtainBuffer(192) returned 192 = 192 + 0 err 0
2022-12-25 19:22:47.526 32051-32133 AudioTrack              pid-32051                            V  obtainBuffer(192) returned 192 = 128 + 64 err 0
2022-12-25 19:22:47.526 32051-32133 AudioTrack              pid-32051                            V  obtainBuffer(64) returned 64 = 64 + 0 err 0
2022-12-25 19:22:47.530 32051-32133 AudioTrack              pid-32051                            V  obtainBuffer(192) returned 192 = 192 + 0 err 0
2022-12-25 19:22:47.562 32051-32133 chatty                  pid-32051                            I  uid=10213(com.inforcegames.app3dmodelling) AudioTrack identical 8 lines
2022-12-25 19:22:47.565 32051-32133 AudioTrack              pid-32051                            V  obtainBuffer(192) returned 192 = 192 + 0 err 0
2022-12-25 19:22:47.570 32051-32133 AudioTrack              pid-32051                            V  obtainBuffer(192) returned 192 = 64 + 128 err 0
2022-12-25 19:22:47.571 32051-32133 AudioTrack              pid-32051                            V  obtainBuffer(128) returned 128 = 128 + 0 err 0
2022-12-25 19:22:47.573 32051-32133 AudioTrack              pid-32051                            V  obtainBuffer(192) returned 192 = 192 + 0 err 0
2022-12-25 19:22:47.578 32051-32133 AudioTrack              pid-32051                            V  obtainBuffer(192) returned 192 = 192 + 0 err 0
2022-12-25 19:22:47.579  1302-1457  ThermalEngine           pid-1302                             D  sensor_wait: backlight_therm Wait done.
2022-12-25 19:22:47.580  1302-1457  ThermalEngine           pid-1302                             D  sensor_monitor: backlight_therm Reading 37000 .
2022-12-25 19:22:47.580  1302-1457  ThermalEngine           pid-1302                             I  Sensor:backlight_therm:37000 mC
2022-12-25 19:22:47.580  1302-1457  ThermalEngine           pid-1302                             D  update_active_thresh: backlight_therm Active(1), Hi(1) 45000, Lo(0) -2147483648, desc(0) Interval(1) 2000
2022-12-25 19:22:47.580  1302-1457  ThermalEngine           pid-1302                             D  sensor_monitor: backlight_therm Sensor wait.
2022-12-25 19:22:47.580  1302-1457  ThermalEngine           pid-1302                             D  sensor_wait: backlight_therm Wait start. 2000ms
2022-12-25 19:22:47.582 32051-32133 AudioTrack              pid-32051                            V  obtainBuffer(192) returned 192 = 192 + 0 err 0
2022-12-25 19:22:47.646 32051-32133 chatty                  pid-32051                            I  uid=10213(com.inforcegames.app3dmodelling) AudioTrack identical 16 lines
2022-12-25 19:22:47.649 32051-32133 AudioTrack              pid-32051                            V  obtainBuffer(192) returned 192 = 192 + 0 err 0
2022-12-25 19:22:47.653 32051-32133 AudioTrack              pid-32051                            V  obtainBuffer(192) returned 192 = 128 + 64 err 0
2022-12-25 19:22:47.654 32051-32133 AudioTrack              pid-32051                            V  obtainBuffer(64) returned 64 = 64 + 0 err 0
2022-12-25 19:22:47.657 32051-32133 AudioTrack              pid-32051                            V  obtainBuffer(192) returned 192 = 192 + 0 err 0
2022-12-25 19:22:47.690 32051-32133 chatty                  pid-32051                            I  uid=10213(com.inforcegames.app3dmodelling) AudioTrack identical 8 lines
2022-12-25 19:22:47.694 32051-32133 AudioTrack              pid-32051                            V  obtainBuffer(192) returned 192 = 192 + 0 err 0
2022-12-25 19:22:47.697 32051-32133 AudioTrack              pid-32051                            V  obtainBuffer(192) returned 192 = 64 + 128 err 0
2022-12-25 19:22:47.697 32051-32133 AudioTrack              pid-32051                            V  obtainBuffer(128) returned 128 = 128 + 0 err 0
2022-12-25 19:22:47.702 32051-32133 AudioTrack              pid-32051                            V  obtainBuffer(192) returned 192 = 192 + 0 err 0
2022-12-25 19:22:47.774 32051-32133 chatty                  pid-32051                            I  uid=10213(com.inforcegames.app3dmodelling) AudioTrack identical 18 lines
2022-12-25 19:22:47.778 32051-32133 AudioTrack              pid-32051                            V  obtainBuffer(192) returned 192 = 192 + 0 err 0
2022-12-25 19:22:47.782 32051-32133 AudioTrack              pid-32051                            V  obtainBuffer(192) returned 192 = 128 + 64 err 0
2022-12-25 19:22:47.782 32051-32133 AudioTrack              pid-32051                            V  obtainBuffer(64) returned 64 = 64 + 0 err 0
2022-12-25 19:22:47.786 32051-32133 AudioTrack              pid-32051                            V  obtainBuffer(192) returned 192 = 192 + 0 err 0
2022-12-25 19:22:47.817 32051-32133 chatty                  pid-32051                            I  uid=10213(com.inforcegames.app3dmodelling) AudioTrack identical 8 lines
2022-12-25 19:22:47.822 32051-32133 AudioTrack              pid-32051                            V  obtainBuffer(192) returned 192 = 192 + 0 err 0
2022-12-25 19:22:47.826 32051-32133 AudioTrack              pid-32051                            V  obtainBuffer(192) returned 192 = 64 + 128 err 0
2022-12-25 19:22:47.826 32051-32133 AudioTrack              pid-32051                            V  obtainBuffer(128) returned 128 = 128 + 0 err 0
2022-12-25 19:22:47.830 32051-32133 AudioTrack              pid-32051                            V  obtainBuffer(192) returned 192 = 192 + 0 err 0
2022-12-25 19:22:47.902 32051-32133 chatty                  pid-32051                            I  uid=10213(com.inforcegames.app3dmodelling) AudioTrack identical 18 lines
2022-12-25 19:22:47.906 32051-32133 AudioTrack              pid-32051                            V  obtainBuffer(192) returned 192 = 192 + 0 err 0
2022-12-25 19:22:47.909 32051-32133 AudioTrack              pid-32051                            V  obtainBuffer(192) returned 192 = 128 + 64 err 0
2022-12-25 19:22:47.909 32051-32133 AudioTrack              pid-32051                            V  obtainBuffer(64) returned 64 = 64 + 0 err 0
2022-12-25 19:22:47.913 32051-32133 AudioTrack              pid-32051                            V  obtainBuffer(192) returned 192 = 192 + 0 err 0
2022-12-25 19:22:47.945 32051-32133 chatty                  pid-32051                            I  uid=10213(com.inforcegames.app3dmodelling) AudioTrack identical 8 lines
2022-12-25 19:22:47.949 32051-32133 AudioTrack              pid-32051                            V  obtainBuffer(192) returned 192 = 192 + 0 err 0
2022-12-25 19:22:47.954 32051-32133 AudioTrack              pid-32051                            V  obtainBuffer(192) returned 192 = 64 + 128 err 0
2022-12-25 19:22:47.954 32051-32133 AudioTrack              pid-32051                            V  obtainBuffer(128) returned 128 = 128 + 0 err 0
2022-12-25 19:22:47.957 32051-32133 AudioTrack              pid-32051                            V  obtainBuffer(192) returned 192 = 192 + 0 err 0
2022-12-25 19:22:48.029 32051-32133 chatty                  pid-32051                            I  uid=10213(com.inforcegames.app3dmodelling) AudioTrack identical 18 lines
2022-12-25 19:22:48.034 32051-32133 AudioTrack              pid-32051                            V  obtainBuffer(192) returned 192 = 192 + 0 err 0
2022-12-25 19:22:48.036  1302-1462  ThermalEngine           pid-1302                             D  sensor_wait: msm_therm Wait done.
2022-12-25 19:22:48.037 32051-32133 AudioTrack              pid-32051                            V  obtainBuffer(192) returned 192 = 128 + 64 err 0
2022-12-25 19:22:48.037 32051-32133 AudioTrack              pid-32051                            V  obtainBuffer(64) returned 64 = 64 + 0 err 0
2022-12-25 19:22:48.038  1302-1462  ThermalEngine           pid-1302                             D  sensor_monitor: msm_therm Reading 40000 .
2022-12-25 19:22:48.038  1302-1462  ThermalEngine           pid-1302                             I  Sensor:msm_therm:40000 mC
2022-12-25 19:22:48.038  1302-1462  ThermalEngine           pid-1302                             D  update_active_thresh: msm_therm Active(1), Hi(1) 44000, Lo(0) -2147483648, desc(0) Interval(1) 1000
2022-12-25 19:22:48.038  1302-1462  ThermalEngine           pid-1302                             D  sensor_monitor: msm_therm Sensor wait.
2022-12-25 19:22:48.038  1302-1462  ThermalEngine           pid-1302                             D  sensor_wait: msm_therm Wait start. 1000ms
2022-12-25 19:22:48.042 32051-32133 AudioTrack              pid-32051                            V  obtainBuffer(192) returned 192 = 192 + 0 err 0
2022-12-25 19:22:48.054 32051-32133 chatty                  pid-32051                            I  uid=10213(com.inforcegames.app3dmodelling) AudioTrack identical 3 lines
2022-12-25 19:22:48.058 32051-32133 AudioTrack              pid-32051                            V  obtainBuffer(192) returned 192 = 192 + 0 err 0
2022-12-25 19:22:48.060  1302-1463  ThermalEngine           pid-1302                             D  sensor_wait: quiet_therm Wait done.
2022-12-25 19:22:48.061 32051-32133 AudioTrack              pid-32051                            V  obtainBuffer(192) returned 192 = 192 + 0 err 0
2022-12-25 19:22:48.061  1302-1463  ThermalEngine           pid-1302                             D  sensor_monitor: quiet_therm Reading 39000 .
2022-12-25 19:22:48.061  1302-1463  ThermalEngine           pid-1302                             I  Sensor:quiet_therm:39000 mC
2022-12-25 19:22:48.061  1302-1463  ThermalEngine           pid-1302                             D  update_active_thresh: quiet_therm Active(1), Hi(1) 40000, Lo(0) -2147483648, desc(0) Interval(1) 1000
2022-12-25 19:22:48.061  1302-1463  ThermalEngine           pid-1302                             D  sensor_monitor: quiet_therm Sensor wait.
2022-12-25 19:22:48.061  1302-1463  ThermalEngine           pid-1302                             D  sensor_wait: quiet_therm Wait start. 1000ms
2022-12-25 19:22:48.065 32051-32133 AudioTrack              pid-32051                            V  obtainBuffer(192) returned 192 = 192 + 0 err 0
2022-12-25 19:22:48.073 32051-32133 chatty                  pid-32051                            I  uid=10213(com.inforcegames.app3dmodelling) AudioTrack identical 2 lines
2022-12-25 19:22:48.077 32051-32133 AudioTrack              pid-32051                            V  obtainBuffer(192) returned 192 = 192 + 0 err 0
2022-12-25 19:22:48.079  2480-2754  MobileSignalController  pid-2480                             D  onSignalStrengthsChanged: SignalStrength: 99 0 -120 -160 -120 -160 -1 27 -86 -8 60 2147483647 0 2147483647 99 255 2147483647 gsm|lte use_rsrp_and_rssnr_for_lte_level  [-120, -115, -110, -105, -97] [-115, -105, -95, -85]
2022-12-25 19:22:48.079  2480-2754  NetworkCon...troller(1) pid-2480                             D  4G level = 5
2022-12-25 19:22:48.081 32051-32133 AudioTrack              pid-32051                            V  obtainBuffer(192) returned 192 = 64 + 128 err 0
2022-12-25 19:22:48.081 32051-32133 AudioTrack              pid-32051                            V  obtainBuffer(128) returned 128 = 128 + 0 err 0
2022-12-25 19:22:48.085 32051-32133 AudioTrack              pid-32051                            V  obtainBuffer(192) returned 192 = 192 + 0 err 0
2022-12-25 19:22:48.158 32051-32133 chatty                  pid-32051                            I  uid=10213(com.inforcegames.app3dmodelling) AudioTrack identical 18 lines
2022-12-25 19:22:48.161 32051-32133 AudioTrack              pid-32051                            V  obtainBuffer(192) returned 192 = 192 + 0 err 0
2022-12-25 19:22:48.165 32051-32133 AudioTrack              pid-32051                            V  obtainBuffer(192) returned 192 = 128 + 64 err 0
2022-12-25 19:22:48.165 32051-32133 AudioTrack              pid-32051                            V  obtainBuffer(64) returned 64 = 64 + 0 err 0
2022-12-25 19:22:48.170 32051-32133 AudioTrack              pid-32051                            V  obtainBuffer(192) returned 192 = 192 + 0 err 0
2022-12-25 19:22:48.201 32051-32133 chatty                  pid-32051                            I  uid=10213(com.inforcegames.app3dmodelling) AudioTrack identical 8 lines
2022-12-25 19:22:48.206 32051-32133 AudioTrack              pid-32051                            V  obtainBuffer(192) returned 192 = 192 + 0 err 0
2022-12-25 19:22:48.210 32051-32133 AudioTrack              pid-32051                            V  obtainBuffer(192) returned 192 = 64 + 128 err 0
2022-12-25 19:22:48.210 32051-32133 AudioTrack              pid-32051                            V  obtainBuffer(128) returned 128 = 128 + 0 err 0
2022-12-25 19:22:48.214 32051-32133 AudioTrack              pid-32051                            V  obtainBuffer(192) returned 192 = 192 + 0 err 0
2022-12-25 19:22:48.285 32051-32133 chatty                  pid-32051                            I  uid=10213(com.inforcegames.app3dmodelling) AudioTrack identical 18 lines
2022-12-25 19:22:48.290 32051-32133 AudioTrack              pid-32051                            V  obtainBuffer(192) returned 192 = 192 + 0 err 0
2022-12-25 19:22:48.294 32051-32133 AudioTrack              pid-32051                            V  obtainBuffer(192) returned 192 = 128 + 64 err 0
2022-12-25 19:22:48.294 32051-32133 AudioTrack              pid-32051                            V  obtainBuffer(64) returned 64 = 64 + 0 err 0
2022-12-25 19:22:48.298 32051-32133 AudioTrack              pid-32051                            V  obtainBuffer(192) returned 192 = 192 + 0 err 0
2022-12-25 19:22:48.330 32051-32133 chatty                  pid-32051                            I  uid=10213(com.inforcegames.app3dmodelling) AudioTrack identical 8 lines
2022-12-25 19:22:48.334 32051-32133 AudioTrack              pid-32051                            V  obtainBuffer(192) returned 192 = 192 + 0 err 0
2022-12-25 19:22:48.338 32051-32133 AudioTrack              pid-32051                            V  obtainBuffer(192) returned 192 = 64 + 128 err 0
2022-12-25 19:22:48.338 32051-32133 AudioTrack              pid-32051                            V  obtainBuffer(128) returned 128 = 128 + 0 err 0
2022-12-25 19:22:48.343 32051-32133 AudioTrack              pid-32051                            V  obtainBuffer(192) returned 192 = 192 + 0 err 0
2022-12-25 19:22:48.414 32051-32133 chatty                  pid-32051                            I  uid=10213(com.inforcegames.app3dmodelling) AudioTrack identical 18 lines
2022-12-25 19:22:48.418 32051-32133 AudioTrack              pid-32051                            V  obtainBuffer(192) returned 192 = 192 + 0 err 0
2022-12-25 19:22:48.422 32051-32133 AudioTrack              pid-32051                            V  obtainBuffer(192) returned 192 = 128 + 64 err 0
2022-12-25 19:22:48.422 32051-32133 AudioTrack              pid-32051                            V  obtainBuffer(64) returned 64 = 64 + 0 err 0
2022-12-25 19:22:48.426 32051-32133 AudioTrack              pid-32051                            V  obtainBuffer(192) returned 192 = 192 + 0 err 0
2022-12-25 19:22:48.459 32051-32133 chatty                  pid-32051                            I  uid=10213(com.inforcegames.app3dmodelling) AudioTrack identical 8 lines
2022-12-25 19:22:48.462 32051-32133 AudioTrack              pid-32051                            V  obtainBuffer(192) returned 192 = 192 + 0 err 0
2022-12-25 19:22:48.466 32051-32133 AudioTrack              pid-32051                            V  obtainBuffer(192) returned 192 = 64 + 128 err 0
2022-12-25 19:22:48.466 32051-32133 AudioTrack              pid-32051                            V  obtainBuffer(128) returned 128 = 128 + 0 err 0
2022-12-25 19:22:48.470 32051-32133 AudioTrack              pid-32051                            V  obtainBuffer(192) returned 192 = 192 + 0 err 0
2022-12-25 19:22:48.543 32051-32133 chatty                  pid-32051                            I  uid=10213(com.inforcegames.app3dmodelling) AudioTrack identical 18 lines
2022-12-25 19:22:48.546 32051-32133 AudioTrack              pid-32051                            V  obtainBuffer(192) returned 192 = 192 + 0 err 0
2022-12-25 19:22:48.550 32051-32133 AudioTrack              pid-32051                            V  obtainBuffer(192) returned 192 = 128 + 64 err 0
2022-12-25 19:22:48.550 32051-32133 AudioTrack              pid-32051                            V  obtainBuffer(64) returned 64 = 64 + 0 err 0
2022-12-25 19:22:48.554 32051-32133 AudioTrack              pid-32051                            V  obtainBuffer(192) returned 192 = 192 + 0 err 0
2022-12-25 19:22:48.586 32051-32133 chatty                  pid-32051                            I  uid=10213(com.inforcegames.app3dmodelling) AudioTrack identical 8 lines
2022-12-25 19:22:48.590 32051-32133 AudioTrack              pid-32051                            V  obtainBuffer(192) returned 192 = 192 + 0 err 0
2022-12-25 19:22:48.595 32051-32133 AudioTrack              pid-32051                            V  obtainBuffer(192) returned 192 = 64 + 128 err 0
2022-12-25 19:22:48.595 32051-32133 AudioTrack              pid-32051                            V  obtainBuffer(128) returned 128 = 128 + 0 err 0
2022-12-25 19:22:48.598 32051-32133 AudioTrack              pid-32051                            V  obtainBuffer(192) returned 192 = 192 + 0 err 0
2022-12-25 19:22:48.670 32051-32133 chatty                  pid-32051                            I  uid=10213(com.inforcegames.app3dmodelling) AudioTrack identical 18 lines
2022-12-25 19:22:48.674 32051-32133 AudioTrack              pid-32051                            V  obtainBuffer(192) returned 192 = 192 + 0 err 0
2022-12-25 19:22:48.678 32051-32133 AudioTrack              pid-32051                            V  obtainBuffer(192) returned 192 = 128 + 64 err 0
2022-12-25 19:22:48.678 32051-32133 AudioTrack              pid-32051                            V  obtainBuffer(64) returned 64 = 64 + 0 err 0
2022-12-25 19:22:48.682 32051-32133 AudioTrack              pid-32051                            V  obtainBuffer(192) returned 192 = 192 + 0 err 0
2022-12-25 19:22:48.714 32051-32133 chatty                  pid-32051                            I  uid=10213(com.inforcegames.app3dmodelling) AudioTrack identical 8 lines
2022-12-25 19:22:48.718 32051-32133 AudioTrack              pid-32051                            V  obtainBuffer(192) returned 192 = 192 + 0 err 0
2022-12-25 19:22:48.722 32051-32133 AudioTrack              pid-32051                            V  obtainBuffer(192) returned 192 = 64 + 128 err 0
2022-12-25 19:22:48.722 32051-32133 AudioTrack              pid-32051                            V  obtainBuffer(128) returned 128 = 128 + 0 err 0
2022-12-25 19:22:48.726 32051-32133 AudioTrack              pid-32051                            V  obtainBuffer(192) returned 192 = 192 + 0 err 0
2022-12-25 19:22:48.797 32051-32133 chatty                  pid-32051                            I  uid=10213(com.inforcegames.app3dmodelling) AudioTrack identical 18 lines
2022-12-25 19:22:48.801 32051-32133 AudioTrack              pid-32051                            V  obtainBuffer(192) returned 192 = 192 + 0 err 0
2022-12-25 19:22:48.806 32051-32133 AudioTrack              pid-32051                            V  obtainBuffer(192) returned 192 = 128 + 64 err 0
2022-12-25 19:22:48.806 32051-32133 AudioTrack              pid-32051                            V  obtainBuffer(64) returned 64 = 64 + 0 err 0
2022-12-25 19:22:48.810 32051-32133 AudioTrack              pid-32051                            V  obtainBuffer(192) returned 192 = 192 + 0 err 0
2022-12-25 19:22:48.841 32051-32133 chatty                  pid-32051                            I  uid=10213(com.inforcegames.app3dmodelling) AudioTrack identical 8 lines
2022-12-25 19:22:48.847 32051-32133 AudioTrack              pid-32051                            V  obtainBuffer(192) returned 192 = 192 + 0 err 0
2022-12-25 19:22:48.851 32051-32133 AudioTrack              pid-32051                            V  obtainBuffer(192) returned 192 = 64 + 128 err 0
2022-12-25 19:22:48.851 32051-32133 AudioTrack              pid-32051                            V  obtainBuffer(128) returned 128 = 128 + 0 err 0
2022-12-25 19:22:48.853 32051-32133 AudioTrack              pid-32051                            V  obtainBuffer(192) returned 192 = 192 + 0 err 0
2022-12-25 19:22:48.870 32051-32133 chatty                  pid-32051                            I  uid=10213(com.inforcegames.app3dmodelling) AudioTrack identical 4 lines
2022-12-25 19:22:48.874 32051-32133 AudioTrack              pid-32051                            V  obtainBuffer(192) returned 192 = 192 + 0 err 0
2022-12-25 19:22:48.877  2480-2480  SignalClusterView       pid-2480                             D  updateMobileTypeImage  0
2022-12-25 19:22:48.878  2480-2480  SignalClusterView       pid-2480                             D  updateMobileTypeImage  0
2022-12-25 19:22:48.879 32051-32133 AudioTrack              pid-32051                            V  obtainBuffer(192) returned 192 = 192 + 0 err 0
2022-12-25 19:22:48.879  2480-2480  SignalClusterView       pid-2480                             D  updateMobileTypeImage  0
2022-12-25 19:22:48.883 32051-32133 AudioTrack              pid-32051                            V  obtainBuffer(192) returned 192 = 192 + 0 err 0
2022-12-25 19:22:48.925 32051-32133 chatty                  pid-32051                            I  uid=10213(com.inforcegames.app3dmodelling) AudioTrack identical 11 lines
2022-12-25 19:22:48.930 32051-32133 AudioTrack              pid-32051                            V  obtainBuffer(192) returned 192 = 192 + 0 err 0
2022-12-25 19:22:48.933 32051-32133 AudioTrack              pid-32051                            V  obtainBuffer(192) returned 192 = 128 + 64 err 0
2022-12-25 19:22:48.934 32051-32133 AudioTrack              pid-32051                            V  obtainBuffer(64) returned 64 = 64 + 0 err 0
2022-12-25 19:22:48.938 32051-32133 AudioTrack              pid-32051                            V  obtainBuffer(192) returned 192 = 192 + 0 err 0
2022-12-25 19:22:48.970 32051-32133 chatty                  pid-32051                            I  uid=10213(com.inforcegames.app3dmodelling) AudioTrack identical 8 lines
2022-12-25 19:22:48.973 32051-32133 AudioTrack              pid-32051                            V  obtainBuffer(192) returned 192 = 192 + 0 err 0
2022-12-25 19:22:48.978 32051-32133 AudioTrack              pid-32051                            V  obtainBuffer(192) returned 192 = 64 + 128 err 0
2022-12-25 19:22:48.978 32051-32133 AudioTrack              pid-32051                            V  obtainBuffer(128) returned 128 = 128 + 0 err 0
2022-12-25 19:22:48.982 32051-32133 AudioTrack              pid-32051                            V  obtainBuffer(192) returned 192 = 192 + 0 err 0
2022-12-25 19:22:49.035 32051-32133 chatty                  pid-32051                            I  uid=10213(com.inforcegames.app3dmodelling) AudioTrack identical 13 lines
2022-12-25 19:22:49.038 32051-32133 AudioTrack              pid-32051                            V  obtainBuffer(192) returned 192 = 192 + 0 err 0
2022-12-25 19:22:49.038  1302-1462  ThermalEngine           pid-1302                             D  sensor_wait: msm_therm Wait done.
2022-12-25 19:22:49.040  1302-1462  ThermalEngine           pid-1302                             D  sensor_monitor: msm_therm Reading 40000 .
2022-12-25 19:22:49.040  1302-1462  ThermalEngine           pid-1302                             I  Sensor:msm_therm:40000 mC
2022-12-25 19:22:49.040  1302-1462  ThermalEngine           pid-1302                             D  update_active_thresh: msm_therm Active(1), Hi(1) 44000, Lo(0) -2147483648, desc(0) Interval(1) 1000
2022-12-25 19:22:49.040  1302-1462  ThermalEngine           pid-1302                             D  sensor_monitor: msm_therm Sensor wait.
2022-12-25 19:22:49.040  1302-1462  ThermalEngine           pid-1302                             D  sensor_wait: msm_therm Wait start. 1000ms
2022-12-25 19:22:49.041 32051-32133 AudioTrack              pid-32051                            V  obtainBuffer(192) returned 192 = 192 + 0 err 0
2022-12-25 19:22:49.059  4291-4291  linker                  pid-4291                             A  CANNOT LINK EXECUTABLE "/system/bin/dpmd": "/system/lib64/libdpmframework.so" is 32-bit instead of 64-bit
2022-12-25 19:22:49.054 32051-32133 chatty                  pid-32051                            I  uid=10213(com.inforcegames.app3dmodelling) AudioTrack identical 3 lines
2022-12-25 19:22:49.057 32051-32133 AudioTrack              pid-32051                            V  obtainBuffer(192) returned 192 = 192 + 0 err 0
2022-12-25 19:22:49.062  1302-1463  ThermalEngine           pid-1302                             D  sensor_wait: quiet_therm Wait done.
2022-12-25 19:22:49.062 32051-32133 AudioTrack              pid-32051                            V  obtainBuffer(192) returned 192 = 128 + 64 err 0
2022-12-25 19:22:49.062 32051-32133 AudioTrack              pid-32051                            V  obtainBuffer(64) returned 64 = 64 + 0 err 0
2022-12-25 19:22:49.063  1302-1463  ThermalEngine           pid-1302                             D  sensor_monitor: quiet_therm Reading 39000 .
2022-12-25 19:22:49.063  1302-1463  ThermalEngine           pid-1302                             I  Sensor:quiet_therm:39000 mC
2022-12-25 19:22:49.063  1302-1463  ThermalEngine           pid-1302                             D  update_active_thresh: quiet_therm Active(1), Hi(1) 40000, Lo(0) -2147483648, desc(0) Interval(1) 1000
2022-12-25 19:22:49.063  1302-1463  ThermalEngine           pid-1302                             D  sensor_monitor: quiet_therm Sensor wait.
2022-12-25 19:22:49.063  1302-1463  ThermalEngine           pid-1302                             D  sensor_wait: quiet_therm Wait start. 1000ms
2022-12-25 19:22:49.067 32051-32133 AudioTrack              pid-32051                            V  obtainBuffer(192) returned 192 = 192 + 0 err 0
2022-12-25 19:22:49.098 32051-32133 chatty                  pid-32051                            I  uid=10213(com.inforcegames.app3dmodelling) AudioTrack identical 8 lines
2022-12-25 19:22:49.102 32051-32133 AudioTrack              pid-32051                            V  obtainBuffer(192) returned 192 = 192 + 0 err 0
2022-12-25 19:22:49.106 32051-32133 AudioTrack              pid-32051                            V  obtainBuffer(192) returned 192 = 64 + 128 err 0
2022-12-25 19:22:49.106 32051-32133 AudioTrack              pid-32051                            V  obtainBuffer(128) returned 128 = 128 + 0 err 0
2022-12-25 19:22:49.109 32051-32133 AudioTrack              pid-32051                            V  obtainBuffer(192) returned 192 = 192 + 0 err 0
2022-12-25 19:22:49.181 32051-32133 chatty                  pid-32051                            I  uid=10213(com.inforcegames.app3dmodelling) AudioTrack identical 18 lines
2022-12-25 19:22:49.186 32051-32133 AudioTrack              pid-32051                            V  obtainBuffer(192) returned 192 = 192 + 0 err 0
2022-12-25 19:22:49.189 32051-32133 AudioTrack              pid-32051                            V  obtainBuffer(192) returned 192 = 128 + 64 err 0
2022-12-25 19:22:49.189 32051-32133 AudioTrack              pid-32051                            V  obtainBuffer(64) returned 64 = 64 + 0 err 0
2022-12-25 19:22:49.194 32051-32133 AudioTrack              pid-32051                            V  obtainBuffer(192) returned 192 = 192 + 0 err 0
2022-12-25 19:22:49.226 32051-32133 chatty                  pid-32051                            I  uid=10213(com.inforcegames.app3dmodelling) AudioTrack identical 8 lines
2022-12-25 19:22:49.230 32051-32133 AudioTrack              pid-32051                            V  obtainBuffer(192) returned 192 = 192 + 0 err 0
2022-12-25 19:22:49.233 32051-32133 AudioTrack              pid-32051                            V  obtainBuffer(192) returned 192 = 64 + 128 err 0
2022-12-25 19:22:49.233 32051-32133 AudioTrack              pid-32051                            V  obtainBuffer(128) returned 128 = 128 + 0 err 0
2022-12-25 19:22:49.238 32051-32133 AudioTrack              pid-32051                            V  obtainBuffer(192) returned 192 = 192 + 0 err 0
2022-12-25 19:22:49.309 32051-32133 chatty                  pid-32051                            I  uid=10213(com.inforcegames.app3dmodelling) AudioTrack identical 18 lines
2022-12-25 19:22:49.313 32051-32133 AudioTrack              pid-32051                            V  obtainBuffer(192) returned 192 = 192 + 0 err 0
2022-12-25 19:22:49.318 32051-32133 AudioTrack              pid-32051                            V  obtainBuffer(192) returned 192 = 128 + 64 err 0
2022-12-25 19:22:49.319 32051-32133 AudioTrack              pid-32051                            V  obtainBuffer(64) returned 64 = 64 + 0 err 0
2022-12-25 19:22:49.322 32051-32133 AudioTrack              pid-32051                            V  obtainBuffer(192) returned 192 = 192 + 0 err 0
2022-12-25 19:22:49.354 32051-32133 chatty                  pid-32051                            I  uid=10213(com.inforcegames.app3dmodelling) AudioTrack identical 8 lines
2022-12-25 19:22:49.358 32051-32133 AudioTrack              pid-32051                            V  obtainBuffer(192) returned 192 = 192 + 0 err 0
2022-12-25 19:22:49.361 32051-32133 AudioTrack              pid-32051                            V  obtainBuffer(192) returned 192 = 64 + 128 err 0
2022-12-25 19:22:49.362 32051-32133 AudioTrack              pid-32051                            V  obtainBuffer(128) returned 128 = 128 + 0 err 0
2022-12-25 19:22:49.366 32051-32133 AudioTrack              pid-32051                            V  obtainBuffer(192) returned 192 = 192 + 0 err 0
2022-12-25 19:22:49.438 32051-32133 chatty                  pid-32051                            I  uid=10213(com.inforcegames.app3dmodelling) AudioTrack identical 18 lines
2022-12-25 19:22:49.442 32051-32133 AudioTrack              pid-32051                            V  obtainBuffer(192) returned 192 = 192 + 0 err 0
2022-12-25 19:22:49.442   688-4296  audio_hw_spkr_prot      pid-688                              D  audio_extn_fbsp_get_parameters: Speaker protection disabled
2022-12-25 19:22:49.443   688-4296  audio_hw_extn           pid-688                              D  audio_extn_get_parameters: returns 
2022-12-25 19:22:49.444   743-931   hash_map_utils          pid-743                              I  key: 'hifi_mode' value: ''
2022-12-25 19:22:49.446 32051-32133 AudioTrack              pid-32051                            V  obtainBuffer(192) returned 192 = 128 + 64 err 0
2022-12-25 19:22:49.446 32051-32133 AudioTrack              pid-32051                            V  obtainBuffer(64) returned 64 = 64 + 0 err 0
2022-12-25 19:22:49.446 32051-1069  AudioManager            pid-32051                            D  getStreamVolume isRestricted mode = 0
2022-12-25 19:22:49.450 32051-32133 AudioTrack              pid-32051                            V  obtainBuffer(192) returned 192 = 192 + 0 err 0
2022-12-25 19:22:49.452   688-4296  audio_hw_spkr_prot      pid-688                              D  audio_extn_fbsp_get_parameters: Speaker protection disabled
2022-12-25 19:22:49.452   688-4296  audio_hw_extn           pid-688                              D  audio_extn_get_parameters: returns 
2022-12-25 19:22:49.452   743-931   hash_map_utils          pid-743                              I  key: 'hifi_mode' value: ''
2022-12-25 19:22:49.454 32051-32133 AudioTrack              pid-32051                            V  obtainBuffer(192) returned 192 = 192 + 0 err 0
2022-12-25 19:22:49.481 32051-32133 chatty                  pid-32051                            I  uid=10213(com.inforcegames.app3dmodelling) AudioTrack identical 7 lines
2022-12-25 19:22:49.486 32051-32133 AudioTrack              pid-32051                            V  obtainBuffer(192) returned 192 = 192 + 0 err 0
2022-12-25 19:22:49.489 32051-32133 AudioTrack              pid-32051                            V  obtainBuffer(192) returned 192 = 64 + 128 err 0
2022-12-25 19:22:49.490 32051-32133 AudioTrack              pid-32051                            V  obtainBuffer(128) returned 128 = 128 + 0 err 0
2022-12-25 19:22:49.495 32051-32133 AudioTrack              pid-32051                            V  obtainBuffer(192) returned 192 = 192 + 0 err 0
2022-12-25 19:22:49.565 32051-32133 chatty                  pid-32051                            I  uid=10213(com.inforcegames.app3dmodelling) AudioTrack identical 18 lines
2022-12-25 19:22:49.570 32051-32133 AudioTrack              pid-32051                            V  obtainBuffer(192) returned 192 = 192 + 0 err 0
2022-12-25 19:22:49.574 32051-32133 AudioTrack              pid-32051                            V  obtainBuffer(192) returned 192 = 128 + 64 err 0
2022-12-25 19:22:49.574 32051-32133 AudioTrack              pid-32051                            V  obtainBuffer(64) returned 64 = 64 + 0 err 0
2022-12-25 19:22:49.578 32051-32133 AudioTrack              pid-32051                            V  obtainBuffer(192) returned 192 = 192 + 0 err 0
2022-12-25 19:22:49.580  1302-1457  ThermalEngine           pid-1302                             D  sensor_wait: backlight_therm Wait done.
2022-12-25 19:22:49.582 32051-32133 AudioTrack              pid-32051                            V  obtainBuffer(192) returned 192 = 192 + 0 err 0
2022-12-25 19:22:49.582  1302-1457  ThermalEngine           pid-1302                             D  sensor_monitor: backlight_therm Reading 37000 .
2022-12-25 19:22:49.582  1302-1457  ThermalEngine           pid-1302                             I  Sensor:backlight_therm:37000 mC
2022-12-25 19:22:49.582  1302-1457  ThermalEngine           pid-1302                             D  update_active_thresh: backlight_therm Active(1), Hi(1) 45000, Lo(0) -2147483648, desc(0) Interval(1) 2000
2022-12-25 19:22:49.582  1302-1457  ThermalEngine           pid-1302                             D  sensor_monitor: backlight_therm Sensor wait.
2022-12-25 19:22:49.582  1302-1457  ThermalEngine           pid-1302                             D  sensor_wait: backlight_therm Wait start. 2000ms
2022-12-25 19:22:49.587 32051-32133 AudioTrack              pid-32051                            V  obtainBuffer(192) returned 192 = 192 + 0 err 0
2022-12-25 19:22:49.611 32051-32133 chatty                  pid-32051                            I  uid=10213(com.inforcegames.app3dmodelling) AudioTrack identical 6 lines
2022-12-25 19:22:49.614 32051-32133 AudioTrack              pid-32051                            V  obtainBuffer(192) returned 192 = 192 + 0 err 0
2022-12-25 19:22:49.618 32051-32133 AudioTrack              pid-32051                            V  obtainBuffer(192) returned 192 = 64 + 128 err 0
2022-12-25 19:22:49.618 32051-32133 AudioTrack              pid-32051                            V  obtainBuffer(128) returned 128 = 128 + 0 err 0
2022-12-25 19:22:49.621 32051-32133 AudioTrack              pid-32051                            V  obtainBuffer(192) returned 192 = 192 + 0 err 0
2022-12-25 19:22:49.695 32051-32133 chatty                  pid-32051                            I  uid=10213(com.inforcegames.app3dmodelling) AudioTrack identical 18 lines
2022-12-25 19:22:49.698 32051-32133 AudioTrack              pid-32051                            V  obtainBuffer(192) returned 192 = 192 + 0 err 0
2022-12-25 19:22:49.701 32051-32133 AudioTrack              pid-32051                            V  obtainBuffer(192) returned 192 = 128 + 64 err 0
2022-12-25 19:22:49.702 32051-32133 AudioTrack              pid-32051                            V  obtainBuffer(64) returned 64 = 64 + 0 err 0
2022-12-25 19:22:49.705 32051-32133 AudioTrack              pid-32051                            V  obtainBuffer(192) returned 192 = 192 + 0 err 0
2022-12-25 19:22:49.737 32051-32133 chatty                  pid-32051                            I  uid=10213(com.inforcegames.app3dmodelling) AudioTrack identical 8 lines
2022-12-25 19:22:49.743 32051-32133 AudioTrack              pid-32051                            V  obtainBuffer(192) returned 192 = 192 + 0 err 0
2022-12-25 19:22:49.746 32051-32133 AudioTrack              pid-32051                            V  obtainBuffer(192) returned 192 = 64 + 128 err 0
2022-12-25 19:22:49.747 32051-32133 AudioTrack              pid-32051                            V  obtainBuffer(128) returned 128 = 128 + 0 err 0
2022-12-25 19:22:49.750 32051-32133 AudioTrack              pid-32051                            V  obtainBuffer(192) returned 192 = 192 + 0 err 0
2022-12-25 19:22:49.822 32051-32133 chatty                  pid-32051                            I  uid=10213(com.inforcegames.app3dmodelling) AudioTrack identical 18 lines
2022-12-25 19:22:49.827 32051-32133 AudioTrack              pid-32051                            V  obtainBuffer(192) returned 192 = 192 + 0 err 0
2022-12-25 19:22:49.830 32051-32133 AudioTrack              pid-32051                            V  obtainBuffer(192) returned 192 = 128 + 64 err 0
2022-12-25 19:22:49.830 32051-32133 AudioTrack              pid-32051                            V  obtainBuffer(64) returned 64 = 64 + 0 err 0
2022-12-25 19:22:49.833 32051-32133 AudioTrack              pid-32051                            V  obtainBuffer(192) returned 192 = 192 + 0 err 0
2022-12-25 19:22:49.866 32051-32133 chatty                  pid-32051                            I  uid=10213(com.inforcegames.app3dmodelling) AudioTrack identical 8 lines
2022-12-25 19:22:49.870 32051-32133 AudioTrack              pid-32051                            V  obtainBuffer(192) returned 192 = 192 + 0 err 0
2022-12-25 19:22:49.874 32051-32133 AudioTrack              pid-32051                            V  obtainBuffer(192) returned 192 = 64 + 128 err 0
2022-12-25 19:22:49.874 32051-32133 AudioTrack              pid-32051                            V  obtainBuffer(128) returned 128 = 128 + 0 err 0
2022-12-25 19:22:49.879 32051-32133 AudioTrack              pid-32051                            V  obtainBuffer(192) returned 192 = 192 + 0 err 0
2022-12-25 19:22:49.882  2480-2480  SignalClusterView       pid-2480                             D  updateMobileTypeImage  0
2022-12-25 19:22:49.882 32051-32133 AudioTrack              pid-32051                            V  obtainBuffer(192) returned 192 = 192 + 0 err 0
2022-12-25 19:22:49.883  2480-2480  SignalClusterView       pid-2480                             D  updateMobileTypeImage  0
2022-12-25 19:22:49.884  2480-2480  SignalClusterView       pid-2480                             D  updateMobileTypeImage  0
2022-12-25 19:22:49.885 32051-32133 AudioTrack              pid-32051                            V  obtainBuffer(192) returned 192 = 192 + 0 err 0
2022-12-25 19:22:49.950 32051-32133 chatty                  pid-32051                            I  uid=10213(com.inforcegames.app3dmodelling) AudioTrack identical 16 lines
2022-12-25 19:22:49.953 32051-32133 AudioTrack              pid-32051                            V  obtainBuffer(192) returned 192 = 192 + 0 err 0
2022-12-25 19:22:49.957 32051-32133 AudioTrack              pid-32051                            V  obtainBuffer(192) returned 192 = 128 + 64 err 0
2022-12-25 19:22:49.957 32051-32133 AudioTrack              pid-32051                            V  obtainBuffer(64) returned 64 = 64 + 0 err 0
2022-12-25 19:22:49.961 32051-32133 AudioTrack              pid-32051                            V  obtainBuffer(192) returned 192 = 192 + 0 err 0
2022-12-25 19:22:49.994 32051-32133 chatty                  pid-32051                            I  uid=10213(com.inforcegames.app3dmodelling) AudioTrack identical 8 lines
2022-12-25 19:22:49.999 32051-32133 AudioTrack              pid-32051                            V  obtainBuffer(192) returned 192 = 192 + 0 err 0
2022-12-25 19:22:50.001 32051-32133 AudioTrack              pid-32051                            V  obtainBuffer(192) returned 192 = 64 + 128 err 0
2022-12-25 19:22:50.001 32051-32133 AudioTrack              pid-32051                            V  obtainBuffer(128) returned 128 = 128 + 0 err 0