2022-12-25 19:22:38.613 32051-32133 AudioTrack              pid-32051                            V  obtainBuffer(192) returned 192 = 192 + 0 err 0
2022-12-25 19:22:38.686 32051-32133 chatty                  pid-32051                            I  uid=10213(com.inforcegames.app3dmodelling) AudioTrack identical 18 lines
2022-12-25 19:22:38.690 32051-32133 AudioTrack              pid-32051                            V  obtainBuffer(192) returned 192 = 192 + 0 err 0
2022-12-25 19:22:38.694 32051-32133 AudioTrack              pid-32051                            V  obtainBuffer(192) returned 192 = 128 + 64 err 0
2022-12-25 19:22:38.694 32051-32133 AudioTrack              pid-32051                            V  obtainBuffer(64) returned 64 = 64 + 0 err 0
2022-12-25 19:22:38.697 32051-32133 AudioTrack              pid-32051                            V  obtainBuffer(192) returned 192 = 192 + 0 err 0
2022-12-25 19:22:38.729 32051-32133 chatty                  pid-32051                            I  uid=10213(com.inforcegames.app3dmodelling) AudioTrack identical 8 lines
2022-12-25 19:22:38.733 32051-32133 AudioTrack              pid-32051                            V  obtainBuffer(192) returned 192 = 192 + 0 err 0
2022-12-25 19:22:38.738 32051-32133 AudioTrack              pid-32051                            V  obtainBuffer(192) returned 192 = 64 + 128 err 0
2022-12-25 19:22:38.738 32051-32133 AudioTrack              pid-32051                            V  obtainBuffer(128) returned 128 = 128 + 0 err 0
2022-12-25 19:22:38.742 32051-32133 AudioTrack              pid-32051                            V  obtainBuffer(192) returned 192 = 192 + 0 err 0
2022-12-25 19:22:38.814 32051-32133 chatty                  pid-32051                            I  uid=10213(com.inforcegames.app3dmodelling) AudioTrack identical 18 lines
2022-12-25 19:22:38.818 32051-32133 AudioTrack              pid-32051                            V  obtainBuffer(192) returned 192 = 192 + 0 err 0
2022-12-25 19:22:38.822 32051-32133 AudioTrack              pid-32051                            V  obtainBuffer(192) returned 192 = 128 + 64 err 0
2022-12-25 19:22:38.822 32051-32133 AudioTrack              pid-32051                            V  obtainBuffer(64) returned 64 = 64 + 0 err 0
2022-12-25 19:22:38.826 32051-32133 AudioTrack              pid-32051                            V  obtainBuffer(192) returned 192 = 192 + 0 err 0
2022-12-25 19:22:38.850 32051-32133 chatty                  pid-32051                            I  uid=10213(com.inforcegames.app3dmodelling) AudioTrack identical 6 lines
2022-12-25 19:22:38.853 32051-32133 AudioTrack              pid-32051                            V  obtainBuffer(192) returned 192 = 192 + 0 err 0
2022-12-25 19:22:38.856  2480-2754  MobileSignalController  pid-2480                             D  onSignalStrengthsChanged: SignalStrength: 99 0 -120 -160 -120 -160 -1 31 -85 -13 288 2147483647 0 2147483647 99 255 2147483647 gsm|lte use_rsrp_and_rssnr_for_lte_level  [-120, -115, -110, -105, -97] [-115, -105, -95, -85]
2022-12-25 19:22:38.857  2480-2754  NetworkCon...troller(1) pid-2480                             D  4G level = 5
2022-12-25 19:22:38.857 32051-32133 AudioTrack              pid-32051                            V  obtainBuffer(192) returned 192 = 192 + 0 err 0
2022-12-25 19:22:38.862 32051-32133 AudioTrack              pid-32051                            V  obtainBuffer(192) returned 192 = 192 + 0 err 0
2022-12-25 19:22:38.866 32051-32133 AudioTrack              pid-32051                            V  obtainBuffer(192) returned 192 = 64 + 128 err 0
2022-12-25 19:22:38.866 32051-32133 AudioTrack              pid-32051                            V  obtainBuffer(128) returned 128 = 128 + 0 err 0
2022-12-25 19:22:38.870 32051-32133 AudioTrack              pid-32051                            V  obtainBuffer(192) returned 192 = 192 + 0 err 0
2022-12-25 19:22:38.941 32051-32133 chatty                  pid-32051                            I  uid=10213(com.inforcegames.app3dmodelling) AudioTrack identical 18 lines
2022-12-25 19:22:38.945 32051-32133 AudioTrack              pid-32051                            V  obtainBuffer(192) returned 192 = 192 + 0 err 0
2022-12-25 19:22:38.949 32051-32133 AudioTrack              pid-32051                            V  obtainBuffer(192) returned 192 = 128 + 64 err 0
2022-12-25 19:22:38.949 32051-32133 AudioTrack              pid-32051                            V  obtainBuffer(64) returned 64 = 64 + 0 err 0
2022-12-25 19:22:38.954 32051-32133 AudioTrack              pid-32051                            V  obtainBuffer(192) returned 192 = 192 + 0 err 0
2022-12-25 19:22:38.986 32051-32133 chatty                  pid-32051                            I  uid=10213(com.inforcegames.app3dmodelling) AudioTrack identical 8 lines
2022-12-25 19:22:38.990 32051-32133 AudioTrack              pid-32051                            V  obtainBuffer(192) returned 192 = 192 + 0 err 0
2022-12-25 19:22:38.993 32051-32133 AudioTrack              pid-32051                            V  obtainBuffer(192) returned 192 = 64 + 128 err 0
2022-12-25 19:22:38.993 32051-32133 AudioTrack              pid-32051                            V  obtainBuffer(128) returned 128 = 128 + 0 err 0
2022-12-25 19:22:38.998 32051-32133 AudioTrack              pid-32051                            V  obtainBuffer(192) returned 192 = 192 + 0 err 0
2022-12-25 19:22:39.015 32051-32133 chatty                  pid-32051                            I  uid=10213(com.inforcegames.app3dmodelling) AudioTrack identical 4 lines
2022-12-25 19:22:39.018 32051-32133 AudioTrack              pid-32051                            V  obtainBuffer(192) returned 192 = 192 + 0 err 0
2022-12-25 19:22:39.020  1302-1462  ThermalEngine           pid-1302                             D  sensor_wait: msm_therm Wait done.
2022-12-25 19:22:39.022 32051-32133 AudioTrack              pid-32051                            V  obtainBuffer(192) returned 192 = 192 + 0 err 0
2022-12-25 19:22:39.022  1302-1462  ThermalEngine           pid-1302                             D  sensor_monitor: msm_therm Reading 40000 .
2022-12-25 19:22:39.022  1302-1462  ThermalEngine           pid-1302                             I  Sensor:msm_therm:40000 mC
2022-12-25 19:22:39.022  1302-1462  ThermalEngine           pid-1302                             D  update_active_thresh: msm_therm Active(1), Hi(1) 44000, Lo(0) -2147483648, desc(0) Interval(1) 1000
2022-12-25 19:22:39.022  1302-1462  ThermalEngine           pid-1302                             D  sensor_monitor: msm_therm Sensor wait.
2022-12-25 19:22:39.022  1302-1462  ThermalEngine           pid-1302                             D  sensor_wait: msm_therm Wait start. 1000ms
2022-12-25 19:22:39.026 32051-32133 AudioTrack              pid-32051                            V  obtainBuffer(192) returned 192 = 192 + 0 err 0
2022-12-25 19:22:39.039  4281-4281  linker                  pid-4281                             A  CANNOT LINK EXECUTABLE "/system/bin/dpmd": "/system/lib64/libdpmframework.so" is 32-bit instead of 64-bit
2022-12-25 19:22:39.037 32051-32133 chatty                  pid-32051                            I  uid=10213(com.inforcegames.app3dmodelling) AudioTrack identical 3 lines
2022-12-25 19:22:39.042 32051-32133 AudioTrack              pid-32051                            V  obtainBuffer(192) returned 192 = 192 + 0 err 0
2022-12-25 19:22:39.042  1302-1463  ThermalEngine           pid-1302                             D  sensor_wait: quiet_therm Wait done.
2022-12-25 19:22:39.043  1302-1463  ThermalEngine           pid-1302                             D  sensor_monitor: quiet_therm Reading 38000 .
2022-12-25 19:22:39.043  1302-1463  ThermalEngine           pid-1302                             I  Sensor:quiet_therm:38000 mC
2022-12-25 19:22:39.043  1302-1463  ThermalEngine           pid-1302                             D  update_active_thresh: quiet_therm Active(1), Hi(1) 40000, Lo(0) -2147483648, desc(0) Interval(1) 1000
2022-12-25 19:22:39.043  1302-1463  ThermalEngine           pid-1302                             D  sensor_monitor: quiet_therm Sensor wait.
2022-12-25 19:22:39.043  1302-1463  ThermalEngine           pid-1302                             D  sensor_wait: quiet_therm Wait start. 1000ms
2022-12-25 19:22:39.045 32051-32133 AudioTrack              pid-32051                            V  obtainBuffer(192) returned 192 = 192 + 0 err 0
2022-12-25 19:22:39.070 32051-32133 chatty                  pid-32051                            I  uid=10213(com.inforcegames.app3dmodelling) AudioTrack identical 6 lines
2022-12-25 19:22:39.074 32051-32133 AudioTrack              pid-32051                            V  obtainBuffer(192) returned 192 = 192 + 0 err 0
2022-12-25 19:22:39.078 32051-32133 AudioTrack              pid-32051                            V  obtainBuffer(192) returned 192 = 128 + 64 err 0
2022-12-25 19:22:39.078 32051-32133 AudioTrack              pid-32051                            V  obtainBuffer(64) returned 64 = 64 + 0 err 0
2022-12-25 19:22:39.081 32051-32133 AudioTrack              pid-32051                            V  obtainBuffer(192) returned 192 = 192 + 0 err 0
2022-12-25 19:22:39.090 32051-32133 chatty                  pid-32051                            I  uid=10213(com.inforcegames.app3dmodelling) AudioTrack identical 2 lines
2022-12-25 19:22:39.094 32051-32133 AudioTrack              pid-32051                            V  obtainBuffer(192) returned 192 = 192 + 0 err 0
2022-12-25 19:22:39.094   688-4296  audio_hw_spkr_prot      pid-688                              D  audio_extn_fbsp_get_parameters: Speaker protection disabled
2022-12-25 19:22:39.094   688-4296  audio_hw_extn           pid-688                              D  audio_extn_get_parameters: returns 
2022-12-25 19:22:39.095   743-931   hash_map_utils          pid-743                              I  key: 'hifi_mode' value: ''
2022-12-25 19:22:39.097 32051-32133 AudioTrack              pid-32051                            V  obtainBuffer(192) returned 192 = 192 + 0 err 0
2022-12-25 19:22:39.098 32051-1069  AudioManager            pid-32051                            D  getStreamVolume isRestricted mode = 0
2022-12-25 19:22:39.102 32051-32133 AudioTrack              pid-32051                            V  obtainBuffer(192) returned 192 = 192 + 0 err 0
2022-12-25 19:22:39.105   688-4296  audio_hw_spkr_prot      pid-688                              D  audio_extn_fbsp_get_parameters: Speaker protection disabled
2022-12-25 19:22:39.105   688-4296  audio_hw_extn           pid-688                              D  audio_extn_get_parameters: returns 
2022-12-25 19:22:39.106 32051-32133 AudioTrack              pid-32051                            V  obtainBuffer(192) returned 192 = 192 + 0 err 0
2022-12-25 19:22:39.107   743-931   hash_map_utils          pid-743                              I  key: 'hifi_mode' value: ''
2022-12-25 19:22:39.110 32051-32133 AudioTrack              pid-32051                            V  obtainBuffer(192) returned 192 = 192 + 0 err 0
2022-12-25 19:22:39.114 32051-32133 chatty                  pid-32051                            I  uid=10213(com.inforcegames.app3dmodelling) AudioTrack identical 1 line
2022-12-25 19:22:39.118 32051-32133 AudioTrack              pid-32051                            V  obtainBuffer(192) returned 192 = 192 + 0 err 0
2022-12-25 19:22:39.122 32051-32133 AudioTrack              pid-32051                            V  obtainBuffer(192) returned 192 = 64 + 128 err 0
2022-12-25 19:22:39.122 32051-32133 AudioTrack              pid-32051                            V  obtainBuffer(128) returned 128 = 128 + 0 err 0
2022-12-25 19:22:39.126 32051-32133 AudioTrack              pid-32051                            V  obtainBuffer(192) returned 192 = 192 + 0 err 0
2022-12-25 19:22:39.197 32051-32133 chatty                  pid-32051                            I  uid=10213(com.inforcegames.app3dmodelling) AudioTrack identical 18 lines
2022-12-25 19:22:39.201 32051-32133 AudioTrack              pid-32051                            V  obtainBuffer(192) returned 192 = 192 + 0 err 0
2022-12-25 19:22:39.206 32051-32133 AudioTrack              pid-32051                            V  obtainBuffer(192) returned 192 = 128 + 64 err 0
2022-12-25 19:22:39.206 32051-32133 AudioTrack              pid-32051                            V  obtainBuffer(64) returned 64 = 64 + 0 err 0
2022-12-25 19:22:39.210 32051-32133 AudioTrack              pid-32051                            V  obtainBuffer(192) returned 192 = 192 + 0 err 0
2022-12-25 19:22:39.242 32051-32133 chatty                  pid-32051                            I  uid=10213(com.inforcegames.app3dmodelling) AudioTrack identical 8 lines
2022-12-25 19:22:39.247 32051-32133 AudioTrack              pid-32051                            V  obtainBuffer(192) returned 192 = 192 + 0 err 0
2022-12-25 19:22:39.250 32051-32133 AudioTrack              pid-32051                            V  obtainBuffer(192) returned 192 = 64 + 128 err 0
2022-12-25 19:22:39.250 32051-32133 AudioTrack              pid-32051                            V  obtainBuffer(128) returned 128 = 128 + 0 err 0
2022-12-25 19:22:39.254 32051-32133 AudioTrack              pid-32051                            V  obtainBuffer(192) returned 192 = 192 + 0 err 0
2022-12-25 19:22:39.326 32051-32133 chatty                  pid-32051                            I  uid=10213(com.inforcegames.app3dmodelling) AudioTrack identical 18 lines
2022-12-25 19:22:39.329 32051-32133 AudioTrack              pid-32051                            V  obtainBuffer(192) returned 192 = 192 + 0 err 0
2022-12-25 19:22:39.333 32051-32133 AudioTrack              pid-32051                            V  obtainBuffer(192) returned 192 = 128 + 64 err 0
2022-12-25 19:22:39.334 32051-32133 AudioTrack              pid-32051                            V  obtainBuffer(64) returned 64 = 64 + 0 err 0
2022-12-25 19:22:39.338 32051-32133 AudioTrack              pid-32051                            V  obtainBuffer(192) returned 192 = 192 + 0 err 0
2022-12-25 19:22:39.342 32051-32133 AudioTrack              pid-32051                            V  obtainBuffer(192) returned 192 = 192 + 0 err 0
2022-12-25 19:22:39.342  2820-5429  DPMJ                    pid-2820                             I  |REQ:RCVR| DPM creating socket
2022-12-25 19:22:39.346 32051-32133 AudioTrack              pid-32051                            V  obtainBuffer(192) returned 192 = 192 + 0 err 0
2022-12-25 19:22:39.370 32051-32133 chatty                  pid-32051                            I  uid=10213(com.inforcegames.app3dmodelling) AudioTrack identical 6 lines
2022-12-25 19:22:39.373 32051-32133 AudioTrack              pid-32051                            V  obtainBuffer(192) returned 192 = 192 + 0 err 0
2022-12-25 19:22:39.378 32051-32133 AudioTrack              pid-32051                            V  obtainBuffer(192) returned 192 = 64 + 128 err 0
2022-12-25 19:22:39.378 32051-32133 AudioTrack              pid-32051                            V  obtainBuffer(128) returned 128 = 128 + 0 err 0
2022-12-25 19:22:39.381 32051-32133 AudioTrack              pid-32051                            V  obtainBuffer(192) returned 192 = 192 + 0 err 0
2022-12-25 19:22:39.454 32051-32133 chatty                  pid-32051                            I  uid=10213(com.inforcegames.app3dmodelling) AudioTrack identical 18 lines
2022-12-25 19:22:39.458 32051-32133 AudioTrack              pid-32051                            V  obtainBuffer(192) returned 192 = 192 + 0 err 0
2022-12-25 19:22:39.462 32051-32133 AudioTrack              pid-32051                            V  obtainBuffer(192) returned 192 = 128 + 64 err 0
2022-12-25 19:22:39.462 32051-32133 AudioTrack              pid-32051                            V  obtainBuffer(64) returned 64 = 64 + 0 err 0
2022-12-25 19:22:39.466 32051-32133 AudioTrack              pid-32051                            V  obtainBuffer(192) returned 192 = 192 + 0 err 0
2022-12-25 19:22:39.497 32051-32133 chatty                  pid-32051                            I  uid=10213(com.inforcegames.app3dmodelling) AudioTrack identical 8 lines
2022-12-25 19:22:39.501 32051-32133 AudioTrack              pid-32051                            V  obtainBuffer(192) returned 192 = 192 + 0 err 0
2022-12-25 19:22:39.506 32051-32133 AudioTrack              pid-32051                            V  obtainBuffer(192) returned 192 = 64 + 128 err 0
2022-12-25 19:22:39.506 32051-32133 AudioTrack              pid-32051                            V  obtainBuffer(128) returned 128 = 128 + 0 err 0
2022-12-25 19:22:39.510 32051-32133 AudioTrack              pid-32051                            V  obtainBuffer(192) returned 192 = 192 + 0 err 0
2022-12-25 19:22:39.566 32051-32133 chatty                  pid-32051                            I  uid=10213(com.inforcegames.app3dmodelling) AudioTrack identical 14 lines
2022-12-25 19:22:39.569 32051-32133 AudioTrack              pid-32051                            V  obtainBuffer(192) returned 192 = 192 + 0 err 0
2022-12-25 19:22:39.572  1302-1457  ThermalEngine           pid-1302                             D  sensor_wait: backlight_therm Wait done.
2022-12-25 19:22:39.573  1302-1457  ThermalEngine           pid-1302                             D  sensor_monitor: backlight_therm Reading 37000 .
2022-12-25 19:22:39.573  1302-1457  ThermalEngine           pid-1302                             I  Sensor:backlight_therm:37000 mC
2022-12-25 19:22:39.573  1302-1457  ThermalEngine           pid-1302                             D  update_active_thresh: backlight_therm Active(1), Hi(1) 45000, Lo(0) -2147483648, desc(0) Interval(1) 2000
2022-12-25 19:22:39.573  1302-1457  ThermalEngine           pid-1302                             D  sensor_monitor: backlight_therm Sensor wait.
2022-12-25 19:22:39.573  1302-1457  ThermalEngine           pid-1302                             D  sensor_wait: backlight_therm Wait start. 2000ms
2022-12-25 19:22:39.574 32051-32133 AudioTrack              pid-32051                            V  obtainBuffer(192) returned 192 = 192 + 0 err 0
2022-12-25 19:22:39.582 32051-32133 chatty                  pid-32051                            I  uid=10213(com.inforcegames.app3dmodelling) AudioTrack identical 2 lines
2022-12-25 19:22:39.585 32051-32133 AudioTrack              pid-32051                            V  obtainBuffer(192) returned 192 = 192 + 0 err 0
2022-12-25 19:22:39.590 32051-32133 AudioTrack              pid-32051                            V  obtainBuffer(192) returned 192 = 128 + 64 err 0
2022-12-25 19:22:39.590 32051-32133 AudioTrack              pid-32051                            V  obtainBuffer(64) returned 64 = 64 + 0 err 0
2022-12-25 19:22:39.594 32051-32133 AudioTrack              pid-32051                            V  obtainBuffer(192) returned 192 = 192 + 0 err 0
2022-12-25 19:22:39.626 32051-32133 chatty                  pid-32051                            I  uid=10213(com.inforcegames.app3dmodelling) AudioTrack identical 8 lines
2022-12-25 19:22:39.629 32051-32133 AudioTrack              pid-32051                            V  obtainBuffer(192) returned 192 = 192 + 0 err 0
2022-12-25 19:22:39.634 32051-32133 AudioTrack              pid-32051                            V  obtainBuffer(192) returned 192 = 64 + 128 err 0
2022-12-25 19:22:39.635 32051-32133 AudioTrack              pid-32051                            V  obtainBuffer(128) returned 128 = 128 + 0 err 0
2022-12-25 19:22:39.637 32051-32133 AudioTrack              pid-32051                            V  obtainBuffer(192) returned 192 = 192 + 0 err 0
2022-12-25 19:22:39.710 32051-32133 chatty                  pid-32051                            I  uid=10213(com.inforcegames.app3dmodelling) AudioTrack identical 18 lines
2022-12-25 19:22:39.714 32051-32133 AudioTrack              pid-32051                            V  obtainBuffer(192) returned 192 = 192 + 0 err 0
2022-12-25 19:22:39.718 32051-32133 AudioTrack              pid-32051                            V  obtainBuffer(192) returned 192 = 128 + 64 err 0
2022-12-25 19:22:39.718 32051-32133 AudioTrack              pid-32051                            V  obtainBuffer(64) returned 64 = 64 + 0 err 0
2022-12-25 19:22:39.722 32051-32133 AudioTrack              pid-32051                            V  obtainBuffer(192) returned 192 = 192 + 0 err 0
2022-12-25 19:22:39.754 32051-32133 chatty                  pid-32051                            I  uid=10213(com.inforcegames.app3dmodelling) AudioTrack identical 8 lines
2022-12-25 19:22:39.758 32051-32133 AudioTrack              pid-32051                            V  obtainBuffer(192) returned 192 = 192 + 0 err 0
2022-12-25 19:22:39.762 32051-32133 AudioTrack              pid-32051                            V  obtainBuffer(192) returned 192 = 64 + 128 err 0
2022-12-25 19:22:39.762 32051-32133 AudioTrack              pid-32051                            V  obtainBuffer(128) returned 128 = 128 + 0 err 0
2022-12-25 19:22:39.766 32051-32133 AudioTrack              pid-32051                            V  obtainBuffer(192) returned 192 = 192 + 0 err 0
2022-12-25 19:22:39.838 32051-32133 chatty                  pid-32051                            I  uid=10213(com.inforcegames.app3dmodelling) AudioTrack identical 18 lines
2022-12-25 19:22:39.842 32051-32133 AudioTrack              pid-32051                            V  obtainBuffer(192) returned 192 = 192 + 0 err 0
2022-12-25 19:22:39.845 32051-32133 AudioTrack              pid-32051                            V  obtainBuffer(192) returned 192 = 128 + 64 err 0
2022-12-25 19:22:39.845 32051-32133 AudioTrack              pid-32051                            V  obtainBuffer(64) returned 64 = 64 + 0 err 0
2022-12-25 19:22:39.850 32051-32133 AudioTrack              pid-32051                            V  obtainBuffer(192) returned 192 = 192 + 0 err 0
2022-12-25 19:22:39.881 32051-32133 chatty                  pid-32051                            I  uid=10213(com.inforcegames.app3dmodelling) AudioTrack identical 8 lines
2022-12-25 19:22:39.886 32051-32133 AudioTrack              pid-32051                            V  obtainBuffer(192) returned 192 = 192 + 0 err 0
2022-12-25 19:22:39.890 32051-32133 AudioTrack              pid-32051                            V  obtainBuffer(192) returned 192 = 64 + 128 err 0
2022-12-25 19:22:39.890 32051-32133 AudioTrack              pid-32051                            V  obtainBuffer(128) returned 128 = 128 + 0 err 0
2022-12-25 19:22:39.894 32051-32133 AudioTrack              pid-32051                            V  obtainBuffer(192) returned 192 = 192 + 0 err 0
2022-12-25 19:22:39.966 32051-32133 chatty                  pid-32051                            I  uid=10213(com.inforcegames.app3dmodelling) AudioTrack identical 18 lines
2022-12-25 19:22:39.970 32051-32133 AudioTrack              pid-32051                            V  obtainBuffer(192) returned 192 = 192 + 0 err 0
2022-12-25 19:22:39.973 32051-32133 AudioTrack              pid-32051                            V  obtainBuffer(192) returned 192 = 128 + 64 err 0
2022-12-25 19:22:39.974 32051-32133 AudioTrack              pid-32051                            V  obtainBuffer(64) returned 64 = 64 + 0 err 0
2022-12-25 19:22:39.978 32051-32133 AudioTrack              pid-32051                            V  obtainBuffer(192) returned 192 = 192 + 0 err 0
2022-12-25 19:22:40.009 32051-32133 chatty                  pid-32051                            I  uid=10213(com.inforcegames.app3dmodelling) AudioTrack identical 8 lines
2022-12-25 19:22:40.013 32051-32133 AudioTrack              pid-32051                            V  obtainBuffer(192) returned 192 = 192 + 0 err 0
2022-12-25 19:22:40.018 32051-32133 AudioTrack              pid-32051                            V  obtainBuffer(192) returned 192 = 64 + 128 err 0
2022-12-25 19:22:40.018 32051-32133 AudioTrack              pid-32051                            V  obtainBuffer(128) returned 128 = 128 + 0 err 0
2022-12-25 19:22:40.021 32051-32133 AudioTrack              pid-32051                            V  obtainBuffer(192) returned 192 = 192 + 0 err 0
2022-12-25 19:22:40.023  1302-1462  ThermalEngine           pid-1302                             D  sensor_wait: msm_therm Wait done.
2022-12-25 19:22:40.024  1302-1462  ThermalEngine           pid-1302                             D  sensor_monitor: msm_therm Reading 40000 .
2022-12-25 19:22:40.024  1302-1462  ThermalEngine           pid-1302                             I  Sensor:msm_therm:40000 mC
2022-12-25 19:22:40.024  1302-1462  ThermalEngine           pid-1302                             D  update_active_thresh: msm_therm Active(1), Hi(1) 44000, Lo(0) -2147483648, desc(0) Interval(1) 1000
2022-12-25 19:22:40.024  1302-1462  ThermalEngine           pid-1302                             D  sensor_monitor: msm_therm Sensor wait.
2022-12-25 19:22:40.024  1302-1462  ThermalEngine           pid-1302                             D  sensor_wait: msm_therm Wait start. 1000ms
2022-12-25 19:22:40.026 32051-32133 AudioTrack              pid-32051                            V  obtainBuffer(192) returned 192 = 192 + 0 err 0
2022-12-25 19:22:40.038 32051-32133 chatty                  pid-32051                            I  uid=10213(com.inforcegames.app3dmodelling) AudioTrack identical 3 lines
2022-12-25 19:22:40.041 32051-32133 AudioTrack              pid-32051                            V  obtainBuffer(192) returned 192 = 192 + 0 err 0
2022-12-25 19:22:40.043  1302-1463  ThermalEngine           pid-1302                             D  sensor_wait: quiet_therm Wait done.
2022-12-25 19:22:40.045  1302-1463  ThermalEngine           pid-1302                             D  sensor_monitor: quiet_therm Reading 38000 .
2022-12-25 19:22:40.045  1302-1463  ThermalEngine           pid-1302                             I  Sensor:quiet_therm:38000 mC
2022-12-25 19:22:40.045  1302-1463  ThermalEngine           pid-1302                             D  update_active_thresh: quiet_therm Active(1), Hi(1) 40000, Lo(0) -2147483648, desc(0) Interval(1) 1000
2022-12-25 19:22:40.045  1302-1463  ThermalEngine           pid-1302                             D  sensor_monitor: quiet_therm Sensor wait.
2022-12-25 19:22:40.045  1302-1463  ThermalEngine           pid-1302                             D  sensor_wait: quiet_therm Wait start. 1000ms
2022-12-25 19:22:40.046 32051-32133 AudioTrack              pid-32051                            V  obtainBuffer(192) returned 192 = 192 + 0 err 0
2022-12-25 19:22:40.094 32051-32133 chatty                  pid-32051                            I  uid=10213(com.inforcegames.app3dmodelling) AudioTrack identical 12 lines
2022-12-25 19:22:40.098 32051-32133 AudioTrack              pid-32051                            V  obtainBuffer(192) returned 192 = 192 + 0 err 0
2022-12-25 19:22:40.102 32051-32133 AudioTrack              pid-32051                            V  obtainBuffer(192) returned 192 = 128 + 64 err 0
2022-12-25 19:22:40.102 32051-32133 AudioTrack              pid-32051                            V  obtainBuffer(64) returned 64 = 64 + 0 err 0
2022-12-25 19:22:40.105 32051-32133 AudioTrack              pid-32051                            V  obtainBuffer(192) returned 192 = 192 + 0 err 0
2022-12-25 19:22:40.138 32051-32133 chatty                  pid-32051                            I  uid=10213(com.inforcegames.app3dmodelling) AudioTrack identical 8 lines
2022-12-25 19:22:40.142 32051-32133 AudioTrack              pid-32051                            V  obtainBuffer(192) returned 192 = 192 + 0 err 0
2022-12-25 19:22:40.146 32051-32133 AudioTrack              pid-32051                            V  obtainBuffer(192) returned 192 = 64 + 128 err 0
2022-12-25 19:22:40.146 32051-32133 AudioTrack              pid-32051                            V  obtainBuffer(128) returned 128 = 128 + 0 err 0
2022-12-25 19:22:40.150 32051-32133 AudioTrack              pid-32051                            V  obtainBuffer(192) returned 192 = 192 + 0 err 0
2022-12-25 19:22:40.222 32051-32133 chatty                  pid-32051                            I  uid=10213(com.inforcegames.app3dmodelling) AudioTrack identical 18 lines
2022-12-25 19:22:40.226 32051-32133 AudioTrack              pid-32051                            V  obtainBuffer(192) returned 192 = 192 + 0 err 0
2022-12-25 19:22:40.230 32051-32133 AudioTrack              pid-32051                            V  obtainBuffer(192) returned 192 = 128 + 64 err 0
2022-12-25 19:22:40.230 32051-32133 AudioTrack              pid-32051                            V  obtainBuffer(64) returned 64 = 64 + 0 err 0
2022-12-25 19:22:40.234 32051-32133 AudioTrack              pid-32051                            V  obtainBuffer(192) returned 192 = 192 + 0 err 0
2022-12-25 19:22:40.265 32051-32133 chatty                  pid-32051                            I  uid=10213(com.inforcegames.app3dmodelling) AudioTrack identical 8 lines
2022-12-25 19:22:40.270 32051-32133 AudioTrack              pid-32051                            V  obtainBuffer(192) returned 192 = 192 + 0 err 0
2022-12-25 19:22:40.274 32051-32133 AudioTrack              pid-32051                            V  obtainBuffer(192) returned 192 = 64 + 128 err 0
2022-12-25 19:22:40.274 32051-32133 AudioTrack              pid-32051                            V  obtainBuffer(128) returned 128 = 128 + 0 err 0
2022-12-25 19:22:40.278 32051-32133 AudioTrack              pid-32051                            V  obtainBuffer(192) returned 192 = 192 + 0 err 0
2022-12-25 19:22:40.350 32051-32133 chatty                  pid-32051                            I  uid=10213(com.inforcegames.app3dmodelling) AudioTrack identical 18 lines
2022-12-25 19:22:40.354 32051-32133 AudioTrack              pid-32051                            V  obtainBuffer(192) returned 192 = 192 + 0 err 0
2022-12-25 19:22:40.358 32051-32133 AudioTrack              pid-32051                            V  obtainBuffer(192) returned 192 = 128 + 64 err 0
2022-12-25 19:22:40.358 32051-32133 AudioTrack              pid-32051                            V  obtainBuffer(64) returned 64 = 64 + 0 err 0
2022-12-25 19:22:40.361 32051-32133 AudioTrack              pid-32051                            V  obtainBuffer(192) returned 192 = 192 + 0 err 0
2022-12-25 19:22:40.393 32051-32133 chatty                  pid-32051                            I  uid=10213(com.inforcegames.app3dmodelling) AudioTrack identical 8 lines
2022-12-25 19:22:40.397 32051-32133 AudioTrack              pid-32051                            V  obtainBuffer(192) returned 192 = 192 + 0 err 0
2022-12-25 19:22:40.402 32051-32133 AudioTrack              pid-32051                            V  obtainBuffer(192) returned 192 = 64 + 128 err 0
2022-12-25 19:22:40.402 32051-32133 AudioTrack              pid-32051                            V  obtainBuffer(128) returned 128 = 128 + 0 err 0
2022-12-25 19:22:40.406 32051-32133 AudioTrack              pid-32051                            V  obtainBuffer(192) returned 192 = 192 + 0 err 0
2022-12-25 19:22:40.477 32051-32133 chatty                  pid-32051                            I  uid=10213(com.inforcegames.app3dmodelling) AudioTrack identical 18 lines
2022-12-25 19:22:40.481 32051-32133 AudioTrack              pid-32051                            V  obtainBuffer(192) returned 192 = 192 + 0 err 0
2022-12-25 19:22:40.485 32051-32133 AudioTrack              pid-32051                            V  obtainBuffer(192) returned 192 = 128 + 64 err 0
2022-12-25 19:22:40.485 32051-32133 AudioTrack              pid-32051                            V  obtainBuffer(64) returned 64 = 64 + 0 err 0
2022-12-25 19:22:40.490 32051-32133 AudioTrack              pid-32051                            V  obtainBuffer(192) returned 192 = 192 + 0 err 0
2022-12-25 19:22:40.522 32051-32133 chatty                  pid-32051                            I  uid=10213(com.inforcegames.app3dmodelling) AudioTrack identical 8 lines
2022-12-25 19:22:40.525 32051-32133 AudioTrack              pid-32051                            V  obtainBuffer(192) returned 192 = 192 + 0 err 0
2022-12-25 19:22:40.529 32051-32133 AudioTrack              pid-32051                            V  obtainBuffer(192) returned 192 = 64 + 128 err 0
2022-12-25 19:22:40.529 32051-32133 AudioTrack              pid-32051                            V  obtainBuffer(128) returned 128 = 128 + 0 err 0
2022-12-25 19:22:40.533 32051-32133 AudioTrack              pid-32051                            V  obtainBuffer(192) returned 192 = 192 + 0 err 0
2022-12-25 19:22:40.605 32051-32133 chatty                  pid-32051                            I  uid=10213(com.inforcegames.app3dmodelling) AudioTrack identical 18 lines
2022-12-25 19:22:40.609 32051-32133 AudioTrack              pid-32051                            V  obtainBuffer(192) returned 192 = 192 + 0 err 0
2022-12-25 19:22:40.613 32051-32133 AudioTrack              pid-32051                            V  obtainBuffer(192) returned 192 = 128 + 64 err 0
2022-12-25 19:22:40.613 32051-32133 AudioTrack              pid-32051                            V  obtainBuffer(64) returned 64 = 64 + 0 err 0
2022-12-25 19:22:40.617 32051-32133 AudioTrack              pid-32051                            V  obtainBuffer(192) returned 192 = 192 + 0 err 0
2022-12-25 19:22:40.650 32051-32133 chatty                  pid-32051                            I  uid=10213(com.inforcegames.app3dmodelling) AudioTrack identical 8 lines
2022-12-25 19:22:40.654 32051-32133 AudioTrack              pid-32051                            V  obtainBuffer(192) returned 192 = 192 + 0 err 0
2022-12-25 19:22:40.658 32051-32133 AudioTrack              pid-32051                            V  obtainBuffer(192) returned 192 = 64 + 128 err 0
2022-12-25 19:22:40.658 32051-32133 AudioTrack              pid-32051                            V  obtainBuffer(128) returned 128 = 128 + 0 err 0
2022-12-25 19:22:40.662 32051-32133 AudioTrack              pid-32051                            V  obtainBuffer(192) returned 192 = 192 + 0 err 0
2022-12-25 19:22:40.733 32051-32133 chatty                  pid-32051                            I  uid=10213(com.inforcegames.app3dmodelling) AudioTrack identical 18 lines
2022-12-25 19:22:40.738 32051-32133 AudioTrack              pid-32051                            V  obtainBuffer(192) returned 192 = 192 + 0 err 0
2022-12-25 19:22:40.741 32051-32133 AudioTrack              pid-32051                            V  obtainBuffer(192) returned 192 = 128 + 64 err 0
2022-12-25 19:22:40.741 32051-32133 AudioTrack              pid-32051                            V  obtainBuffer(64) returned 64 = 64 + 0 err 0
2022-12-25 19:22:40.746 32051-32133 AudioTrack              pid-32051                            V  obtainBuffer(192) returned 192 = 192 + 0 err 0
2022-12-25 19:22:40.778 32051-32133 chatty                  pid-32051                            I  uid=10213(com.inforcegames.app3dmodelling) AudioTrack identical 8 lines
2022-12-25 19:22:40.781 32051-32133 AudioTrack              pid-32051                            V  obtainBuffer(192) returned 192 = 192 + 0 err 0
2022-12-25 19:22:40.786 32051-32133 AudioTrack              pid-32051                            V  obtainBuffer(192) returned 192 = 64 + 128 err 0
2022-12-25 19:22:40.786 32051-32133 AudioTrack              pid-32051                            V  obtainBuffer(128) returned 128 = 128 + 0 err 0
2022-12-25 19:22:40.790 32051-32133 AudioTrack              pid-32051                            V  obtainBuffer(192) returned 192 = 192 + 0 err 0
2022-12-25 19:22:40.862 32051-32133 chatty                  pid-32051                            I  uid=10213(com.inforcegames.app3dmodelling) AudioTrack identical 18 lines
2022-12-25 19:22:40.865 32051-32133 AudioTrack              pid-32051                            V  obtainBuffer(192) returned 192 = 192 + 0 err 0
2022-12-25 19:22:40.870 32051-32133 AudioTrack              pid-32051                            V  obtainBuffer(192) returned 192 = 128 + 64 err 0
2022-12-25 19:22:40.870 32051-32133 AudioTrack              pid-32051                            V  obtainBuffer(64) returned 64 = 64 + 0 err 0
2022-12-25 19:22:40.874 32051-32133 AudioTrack              pid-32051                            V  obtainBuffer(192) returned 192 = 192 + 0 err 0
2022-12-25 19:22:40.906 32051-32133 chatty                  pid-32051                            I  uid=10213(com.inforcegames.app3dmodelling) AudioTrack identical 8 lines
2022-12-25 19:22:40.910 32051-32133 AudioTrack              pid-32051                            V  obtainBuffer(192) returned 192 = 192 + 0 err 0
2022-12-25 19:22:40.913 32051-32133 AudioTrack              pid-32051                            V  obtainBuffer(192) returned 192 = 64 + 128 err 0
2022-12-25 19:22:40.914 32051-32133 AudioTrack              pid-32051                            V  obtainBuffer(128) returned 128 = 128 + 0 err 0
2022-12-25 19:22:40.918 32051-32133 AudioTrack              pid-32051                            V  obtainBuffer(192) returned 192 = 192 + 0 err 0
2022-12-25 19:22:40.990 32051-32133 chatty                  pid-32051                            I  uid=10213(com.inforcegames.app3dmodelling) AudioTrack identical 18 lines
2022-12-25 19:22:40.993 32051-32133 AudioTrack              pid-32051                            V  obtainBuffer(192) returned 192 = 192 + 0 err 0
2022-12-25 19:22:40.997 32051-32133 AudioTrack              pid-32051                            V  obtainBuffer(192) returned 192 = 128 + 64 err 0
2022-12-25 19:22:40.998 32051-32133 AudioTrack              pid-32051                            V  obtainBuffer(64) returned 64 = 64 + 0 err 0
2022-12-25 19:22:41.001 32051-32133 AudioTrack              pid-32051                            V  obtainBuffer(192) returned 192 = 192 + 0 err 0
2022-12-25 19:22:41.017 32051-32133 chatty                  pid-32051                            I  uid=10213(com.inforcegames.app3dmodelling) AudioTrack identical 4 lines
2022-12-25 19:22:41.021 32051-32133 AudioTrack              pid-32051                            V  obtainBuffer(192) returned 192 = 192 + 0 err 0
2022-12-25 19:22:41.024  1302-1462  ThermalEngine           pid-1302                             D  sensor_wait: msm_therm Wait done.
2022-12-25 19:22:41.025 32051-32133 AudioTrack              pid-32051                            V  obtainBuffer(192) returned 192 = 192 + 0 err 0
2022-12-25 19:22:41.025  1302-1462  ThermalEngine           pid-1302                             D  sensor_monitor: msm_therm Reading 40000 .
2022-12-25 19:22:41.025  1302-1462  ThermalEngine           pid-1302                             I  Sensor:msm_therm:40000 mC
2022-12-25 19:22:41.025  1302-1462  ThermalEngine           pid-1302                             D  update_active_thresh: msm_therm Active(1), Hi(1) 44000, Lo(0) -2147483648, desc(0) Interval(1) 1000
2022-12-25 19:22:41.025  1302-1462  ThermalEngine           pid-1302                             D  sensor_monitor: msm_therm Sensor wait.
2022-12-25 19:22:41.026  1302-1462  ThermalEngine           pid-1302                             D  sensor_wait: msm_therm Wait start. 1000ms
2022-12-25 19:22:41.029 32051-32133 AudioTrack              pid-32051                            V  obtainBuffer(192) returned 192 = 192 + 0 err 0
2022-12-25 19:22:41.033 32051-32133 chatty                  pid-32051                            I  uid=10213(com.inforcegames.app3dmodelling) AudioTrack identical 1 line
2022-12-25 19:22:41.038 32051-32133 AudioTrack              pid-32051                            V  obtainBuffer(192) returned 192 = 192 + 0 err 0
2022-12-25 19:22:41.041 32051-32133 AudioTrack              pid-32051                            V  obtainBuffer(192) returned 192 = 64 + 128 err 0
2022-12-25 19:22:41.041 32051-32133 AudioTrack              pid-32051                            V  obtainBuffer(128) returned 128 = 128 + 0 err 0
2022-12-25 19:22:41.045  1302-1463  ThermalEngine           pid-1302                             D  sensor_wait: quiet_therm Wait done.
2022-12-25 19:22:41.045 32051-32133 AudioTrack              pid-32051                            V  obtainBuffer(192) returned 192 = 192 + 0 err 0
2022-12-25 19:22:41.046  1302-1463  ThermalEngine           pid-1302                             D  sensor_monitor: quiet_therm Reading 38000 .
2022-12-25 19:22:41.046  1302-1463  ThermalEngine           pid-1302                             I  Sensor:quiet_therm:38000 mC
2022-12-25 19:22:41.047  1302-1463  ThermalEngine           pid-1302                             D  update_active_thresh: quiet_therm Active(1), Hi(1) 40000, Lo(0) -2147483648, desc(0) Interval(1) 1000
2022-12-25 19:22:41.047  1302-1463  ThermalEngine           pid-1302                             D  sensor_monitor: quiet_therm Sensor wait.
2022-12-25 19:22:41.047  1302-1463  ThermalEngine           pid-1302                             D  sensor_wait: quiet_therm Wait start. 1000ms
2022-12-25 19:22:41.050 32051-32133 AudioTrack              pid-32051                            V  obtainBuffer(192) returned 192 = 192 + 0 err 0
2022-12-25 19:22:41.118 32051-32133 chatty                  pid-32051                            I  uid=10213(com.inforcegames.app3dmodelling) AudioTrack identical 17 lines
2022-12-25 19:22:41.121 32051-32133 AudioTrack              pid-32051                            V  obtainBuffer(192) returned 192 = 192 + 0 err 0
2022-12-25 19:22:41.126 32051-32133 AudioTrack              pid-32051                            V  obtainBuffer(192) returned 192 = 128 + 64 err 0
2022-12-25 19:22:41.126 32051-32133 AudioTrack              pid-32051                            V  obtainBuffer(64) returned 64 = 64 + 0 err 0
2022-12-25 19:22:41.130 32051-32133 AudioTrack              pid-32051                            V  obtainBuffer(192) returned 192 = 192 + 0 err 0
2022-12-25 19:22:41.161 32051-32133 chatty                  pid-32051                            I  uid=10213(com.inforcegames.app3dmodelling) AudioTrack identical 8 lines
2022-12-25 19:22:41.165 32051-32133 AudioTrack              pid-32051                            V  obtainBuffer(192) returned 192 = 192 + 0 err 0
2022-12-25 19:22:41.169   688-4296  audio_hw_spkr_prot      pid-688                              D  audio_extn_fbsp_get_parameters: Speaker protection disabled
2022-12-25 19:22:41.169   688-4296  audio_hw_extn           pid-688                              D  audio_extn_get_parameters: returns 
2022-12-25 19:22:41.170   743-931   hash_map_utils          pid-743                              I  key: 'hifi_mode' value: ''
2022-12-25 19:22:41.170 32051-32133 AudioTrack              pid-32051                            V  obtainBuffer(192) returned 192 = 64 + 128 err 0
2022-12-25 19:22:41.170 32051-32133 AudioTrack              pid-32051                            V  obtainBuffer(128) returned 128 = 128 + 0 err 0
2022-12-25 19:22:41.172 32051-1069  AudioManager            pid-32051                            D  getStreamVolume isRestricted mode = 0
2022-12-25 19:22:41.174 32051-32133 AudioTrack              pid-32051                            V  obtainBuffer(192) returned 192 = 192 + 0 err 0
2022-12-25 19:22:41.175   688-4296  audio_hw_spkr_prot      pid-688                              D  audio_extn_fbsp_get_parameters: Speaker protection disabled
2022-12-25 19:22:41.175   688-4296  audio_hw_extn           pid-688                              D  audio_extn_get_parameters: returns 
2022-12-25 19:22:41.175   743-931   hash_map_utils          pid-743                              I  key: 'hifi_mode' value: ''
2022-12-25 19:22:41.178 32051-32133 AudioTrack              pid-32051                            V  obtainBuffer(192) returned 192 = 192 + 0 err 0
2022-12-25 19:22:41.245 32051-32133 chatty                  pid-32051                            I  uid=10213(com.inforcegames.app3dmodelling) AudioTrack identical 17 lines
2022-12-25 19:22:41.250 32051-32133 AudioTrack              pid-32051                            V  obtainBuffer(192) returned 192 = 192 + 0 err 0
2022-12-25 19:22:41.254 32051-32133 AudioTrack              pid-32051                            V  obtainBuffer(192) returned 192 = 128 + 64 err 0
2022-12-25 19:22:41.254 32051-32133 AudioTrack              pid-32051                            V  obtainBuffer(64) returned 64 = 64 + 0 err 0
2022-12-25 19:22:41.258 32051-32133 AudioTrack              pid-32051                            V  obtainBuffer(192) returned 192 = 192 + 0 err 0
2022-12-25 19:22:41.290 32051-32133 chatty                  pid-32051                            I  uid=10213(com.inforcegames.app3dmodelling) AudioTrack identical 8 lines
2022-12-25 19:22:41.293 32051-32133 AudioTrack              pid-32051                            V  obtainBuffer(192) returned 192 = 192 + 0 err 0
2022-12-25 19:22:41.297 32051-32133 AudioTrack              pid-32051                            V  obtainBuffer(192) returned 192 = 64 + 128 err 0
2022-12-25 19:22:41.297 32051-32133 AudioTrack              pid-32051                            V  obtainBuffer(128) returned 128 = 128 + 0 err 0
2022-12-25 19:22:41.301 32051-32133 AudioTrack              pid-32051                            V  obtainBuffer(192) returned 192 = 192 + 0 err 0
2022-12-25 19:22:41.373 32051-32133 chatty                  pid-32051                            I  uid=10213(com.inforcegames.app3dmodelling) AudioTrack identical 18 lines
2022-12-25 19:22:41.378 32051-32133 AudioTrack              pid-32051                            V  obtainBuffer(192) returned 192 = 192 + 0 err 0
2022-12-25 19:22:41.381 32051-32133 AudioTrack              pid-32051                            V  obtainBuffer(192) returned 192 = 128 + 64 err 0
2022-12-25 19:22:41.381 32051-32133 AudioTrack              pid-32051                            V  obtainBuffer(64) returned 64 = 64 + 0 err 0
2022-12-25 19:22:41.385 32051-32133 AudioTrack              pid-32051                            V  obtainBuffer(192) returned 192 = 192 + 0 err 0
2022-12-25 19:22:41.409 32051-32133 chatty                  pid-32051                            I  uid=10213(com.inforcegames.app3dmodelling) AudioTrack identical 6 lines
2022-12-25 19:22:41.414 32051-32133 AudioTrack              pid-32051                            V  obtainBuffer(192) returned 192 = 192 + 0 err 0
2022-12-25 19:22:41.417  2480-2754  MobileSignalController  pid-2480                             D  onSignalStrengthsChanged: SignalStrength: 99 0 -120 -160 -120 -160 -1 28 -86 -9 280 2147483647 0 2147483647 99 255 2147483647 gsm|lte use_rsrp_and_rssnr_for_lte_level  [-120, -115, -110, -105, -97] [-115, -105, -95, -85]
2022-12-25 19:22:41.417  2480-2754  NetworkCon...troller(1) pid-2480                             D  4G level = 5
2022-12-25 19:22:41.418 32051-32133 AudioTrack              pid-32051                            V  obtainBuffer(192) returned 192 = 192 + 0 err 0
2022-12-25 19:22:41.422 32051-32133 AudioTrack              pid-32051                            V  obtainBuffer(192) returned 192 = 192 + 0 err 0
2022-12-25 19:22:41.426 32051-32133 AudioTrack              pid-32051                            V  obtainBuffer(192) returned 192 = 64 + 128 err 0
2022-12-25 19:22:41.426 32051-32133 AudioTrack              pid-32051                            V  obtainBuffer(128) returned 128 = 128 + 0 err 0
2022-12-25 19:22:41.430 32051-32133 AudioTrack              pid-32051                            V  obtainBuffer(192) returned 192 = 192 + 0 err 0
2022-12-25 19:22:41.502 32051-32133 chatty                  pid-32051                            I  uid=10213(com.inforcegames.app3dmodelling) AudioTrack identical 18 lines
2022-12-25 19:22:41.505 32051-32133 AudioTrack              pid-32051                            V  obtainBuffer(192) returned 192 = 192 + 0 err 0
2022-12-25 19:22:41.510 32051-32133 AudioTrack              pid-32051                            V  obtainBuffer(192) returned 192 = 128 + 64 err 0
2022-12-25 19:22:41.510 32051-32133 AudioTrack              pid-32051                            V  obtainBuffer(64) returned 64 = 64 + 0 err 0
2022-12-25 19:22:41.514 32051-32133 AudioTrack              pid-32051                            V  obtainBuffer(192) returned 192 = 192 + 0 err 0
2022-12-25 19:22:41.546 32051-32133 chatty                  pid-32051                            I  uid=10213(com.inforcegames.app3dmodelling) AudioTrack identical 8 lines
2022-12-25 19:22:41.550 32051-32133 AudioTrack              pid-32051                            V  obtainBuffer(192) returned 192 = 192 + 0 err 0
2022-12-25 19:22:41.553 32051-32133 AudioTrack              pid-32051                            V  obtainBuffer(192) returned 192 = 64 + 128 err 0
2022-12-25 19:22:41.553 32051-32133 AudioTrack              pid-32051                            V  obtainBuffer(128) returned 128 = 128 + 0 err 0
2022-12-25 19:22:41.558 32051-32133 AudioTrack              pid-32051                            V  obtainBuffer(192) returned 192 = 192 + 0 err 0
2022-12-25 19:22:41.569 32051-32133 chatty                  pid-32051                            I  uid=10213(com.inforcegames.app3dmodelling) AudioTrack identical 3 lines
2022-12-25 19:22:41.573 32051-32133 AudioTrack              pid-32051                            V  obtainBuffer(192) returned 192 = 192 + 0 err 0
2022-12-25 19:22:41.574  1302-1457  ThermalEngine           pid-1302                             D  sensor_wait: backlight_therm Wait done.
2022-12-25 19:22:41.575  1302-1457  ThermalEngine           pid-1302                             D  sensor_monitor: backlight_therm Reading 37000 .
