2022-12-25 19:22:44.625 32051-32133 AudioTrack              pid-32051                            V  obtainBuffer(128) returned 128 = 128 + 0 err 0
2022-12-25 19:22:44.630 32051-32133 AudioTrack              pid-32051                            V  obtainBuffer(192) returned 192 = 192 + 0 err 0
2022-12-25 19:22:44.631 32051-32085 AudioManager            pid-32051                            D  getStreamVolume isRestricted mode = 0
2022-12-25 19:22:44.633 32051-32133 AudioTrack              pid-32051                            V  obtainBuffer(192) returned 192 = 192 + 0 err 0
2022-12-25 19:22:44.634   688-4296  audio_hw_spkr_prot      pid-688                              D  audio_extn_fbsp_get_parameters: Speaker protection disabled
2022-12-25 19:22:44.634   688-4296  audio_hw_extn           pid-688                              D  audio_extn_get_parameters: returns 
2022-12-25 19:22:44.635   743-931   hash_map_utils          pid-743                              I  key: 'hifi_mode' value: ''
2022-12-25 19:22:44.638 32051-32133 AudioTrack              pid-32051                            V  obtainBuffer(192) returned 192 = 192 + 0 err 0
2022-12-25 19:22:44.642 32051-32133 AudioTrack              pid-32051                            V  obtainBuffer(192) returned 192 = 192 + 0 err 0
2022-12-25 19:22:44.644   688-4296  audio_hw_spkr_prot      pid-688                              D  audio_extn_fbsp_get_parameters: Speaker protection disabled
2022-12-25 19:22:44.644   688-4296  audio_hw_extn           pid-688                              D  audio_extn_get_parameters: returns 
2022-12-25 19:22:44.644   743-931   hash_map_utils          pid-743                              I  key: 'hifi_mode' value: ''
2022-12-25 19:22:44.646 32051-32133 AudioTrack              pid-32051                            V  obtainBuffer(192) returned 192 = 192 + 0 err 0
2022-12-25 19:22:44.701 32051-32133 chatty                  pid-32051                            I  uid=10213(com.inforcegames.app3dmodelling) AudioTrack identical 14 lines
2022-12-25 19:22:44.706 32051-32133 AudioTrack              pid-32051                            V  obtainBuffer(192) returned 192 = 192 + 0 err 0
2022-12-25 19:22:44.709 32051-32133 AudioTrack              pid-32051                            V  obtainBuffer(192) returned 192 = 128 + 64 err 0
2022-12-25 19:22:44.709 32051-32133 AudioTrack              pid-32051                            V  obtainBuffer(64) returned 64 = 64 + 0 err 0
2022-12-25 19:22:44.713 32051-32133 AudioTrack              pid-32051                            V  obtainBuffer(192) returned 192 = 192 + 0 err 0
2022-12-25 19:22:44.745 32051-32133 chatty                  pid-32051                            I  uid=10213(com.inforcegames.app3dmodelling) AudioTrack identical 8 lines
2022-12-25 19:22:44.749 32051-32133 AudioTrack              pid-32051                            V  obtainBuffer(192) returned 192 = 192 + 0 err 0
2022-12-25 19:22:44.753 32051-32133 AudioTrack              pid-32051                            V  obtainBuffer(192) returned 192 = 64 + 128 err 0
2022-12-25 19:22:44.753 32051-32133 AudioTrack              pid-32051                            V  obtainBuffer(128) returned 128 = 128 + 0 err 0
2022-12-25 19:22:44.757 32051-32133 AudioTrack              pid-32051                            V  obtainBuffer(192) returned 192 = 192 + 0 err 0
2022-12-25 19:22:44.829 32051-32133 chatty                  pid-32051                            I  uid=10213(com.inforcegames.app3dmodelling) AudioTrack identical 18 lines
2022-12-25 19:22:44.834 32051-32133 AudioTrack              pid-32051                            V  obtainBuffer(192) returned 192 = 192 + 0 err 0
2022-12-25 19:22:44.838 32051-32133 AudioTrack              pid-32051                            V  obtainBuffer(192) returned 192 = 128 + 64 err 0
2022-12-25 19:22:44.838 32051-32133 AudioTrack              pid-32051                            V  obtainBuffer(64) returned 64 = 64 + 0 err 0
2022-12-25 19:22:44.841 32051-32133 AudioTrack              pid-32051                            V  obtainBuffer(192) returned 192 = 192 + 0 err 0
2022-12-25 19:22:44.861 32051-32133 chatty                  pid-32051                            I  uid=10213(com.inforcegames.app3dmodelling) AudioTrack identical 5 lines
2022-12-25 19:22:44.865 32051-32133 AudioTrack              pid-32051                            V  obtainBuffer(192) returned 192 = 192 + 0 err 0
2022-12-25 19:22:44.867  2480-2480  SignalClusterView       pid-2480                             D  updateMobileTypeImage  0
2022-12-25 19:22:44.868  2480-2480  chatty                  pid-2480                             I  uid=1000(system) com.android.systemui identical 1 line
2022-12-25 19:22:44.868  2480-2480  SignalClusterView       pid-2480                             D  updateMobileTypeImage  0
2022-12-25 19:22:44.870 32051-32133 AudioTrack              pid-32051                            V  obtainBuffer(192) returned 192 = 192 + 0 err 0
2022-12-25 19:22:44.874 32051-32133 chatty                  pid-32051                            I  uid=10213(com.inforcegames.app3dmodelling) AudioTrack identical 1 line
2022-12-25 19:22:44.878 32051-32133 AudioTrack              pid-32051                            V  obtainBuffer(192) returned 192 = 192 + 0 err 0
2022-12-25 19:22:44.881 32051-32133 AudioTrack              pid-32051                            V  obtainBuffer(192) returned 192 = 64 + 128 err 0
2022-12-25 19:22:44.882 32051-32133 AudioTrack              pid-32051                            V  obtainBuffer(128) returned 128 = 128 + 0 err 0
2022-12-25 19:22:44.885 32051-32133 AudioTrack              pid-32051                            V  obtainBuffer(192) returned 192 = 192 + 0 err 0
2022-12-25 19:22:44.957 32051-32133 chatty                  pid-32051                            I  uid=10213(com.inforcegames.app3dmodelling) AudioTrack identical 18 lines
2022-12-25 19:22:44.962 32051-32133 AudioTrack              pid-32051                            V  obtainBuffer(192) returned 192 = 192 + 0 err 0
2022-12-25 19:22:44.966 32051-32133 AudioTrack              pid-32051                            V  obtainBuffer(192) returned 192 = 128 + 64 err 0
2022-12-25 19:22:44.966 32051-32133 AudioTrack              pid-32051                            V  obtainBuffer(64) returned 64 = 64 + 0 err 0
2022-12-25 19:22:44.970 32051-32133 AudioTrack              pid-32051                            V  obtainBuffer(192) returned 192 = 192 + 0 err 0
2022-12-25 19:22:45.002 32051-32133 chatty                  pid-32051                            I  uid=10213(com.inforcegames.app3dmodelling) AudioTrack identical 8 lines
2022-12-25 19:22:45.005 32051-32133 AudioTrack              pid-32051                            V  obtainBuffer(192) returned 192 = 192 + 0 err 0
2022-12-25 19:22:45.009 32051-32133 AudioTrack              pid-32051                            V  obtainBuffer(192) returned 192 = 64 + 128 err 0
2022-12-25 19:22:45.009 32051-32133 AudioTrack              pid-32051                            V  obtainBuffer(128) returned 128 = 128 + 0 err 0
2022-12-25 19:22:45.014 32051-32133 AudioTrack              pid-32051                            V  obtainBuffer(192) returned 192 = 192 + 0 err 0
2022-12-25 19:22:45.026 32051-32133 chatty                  pid-32051                            I  uid=10213(com.inforcegames.app3dmodelling) AudioTrack identical 3 lines
2022-12-25 19:22:45.030 32051-32133 AudioTrack              pid-32051                            V  obtainBuffer(192) returned 192 = 192 + 0 err 0
2022-12-25 19:22:45.031  1302-1462  ThermalEngine           pid-1302                             D  sensor_wait: msm_therm Wait done.
2022-12-25 19:22:45.032  1302-1462  ThermalEngine           pid-1302                             D  sensor_monitor: msm_therm Reading 40000 .
2022-12-25 19:22:45.032  1302-1462  ThermalEngine           pid-1302                             I  Sensor:msm_therm:40000 mC
2022-12-25 19:22:45.032  1302-1462  ThermalEngine           pid-1302                             D  update_active_thresh: msm_therm Active(1), Hi(1) 44000, Lo(0) -2147483648, desc(0) Interval(1) 1000
2022-12-25 19:22:45.032  1302-1462  ThermalEngine           pid-1302                             D  sensor_monitor: msm_therm Sensor wait.
2022-12-25 19:22:45.032  1302-1462  ThermalEngine           pid-1302                             D  sensor_wait: msm_therm Wait start. 1000ms
2022-12-25 19:22:45.034 32051-32133 AudioTrack              pid-32051                            V  obtainBuffer(192) returned 192 = 192 + 0 err 0
2022-12-25 19:22:45.045 32051-32133 chatty                  pid-32051                            I  uid=10213(com.inforcegames.app3dmodelling) AudioTrack identical 3 lines
2022-12-25 19:22:45.050 32051-32133 AudioTrack              pid-32051                            V  obtainBuffer(192) returned 192 = 192 + 0 err 0
2022-12-25 19:22:45.052  1302-1463  ThermalEngine           pid-1302                             D  sensor_wait: quiet_therm Wait done.
2022-12-25 19:22:45.053  1302-1463  ThermalEngine           pid-1302                             D  sensor_monitor: quiet_therm Reading 38000 .
2022-12-25 19:22:45.053  1302-1463  ThermalEngine           pid-1302                             I  Sensor:quiet_therm:38000 mC
2022-12-25 19:22:45.053  1302-1463  ThermalEngine           pid-1302                             D  update_active_thresh: quiet_therm Active(1), Hi(1) 40000, Lo(0) -2147483648, desc(0) Interval(1) 1000
2022-12-25 19:22:45.053  1302-1463  ThermalEngine           pid-1302                             D  sensor_monitor: quiet_therm Sensor wait.
2022-12-25 19:22:45.053  1302-1463  ThermalEngine           pid-1302                             D  sensor_wait: quiet_therm Wait start. 1000ms
2022-12-25 19:22:45.053 32051-32133 AudioTrack              pid-32051                            V  obtainBuffer(192) returned 192 = 192 + 0 err 0
2022-12-25 19:22:45.085 32051-32133 chatty                  pid-32051                            I  uid=10213(com.inforcegames.app3dmodelling) AudioTrack identical 8 lines
2022-12-25 19:22:45.090 32051-32133 AudioTrack              pid-32051                            V  obtainBuffer(192) returned 192 = 192 + 0 err 0
2022-12-25 19:22:45.094 32051-32133 AudioTrack              pid-32051                            V  obtainBuffer(192) returned 192 = 128 + 64 err 0
2022-12-25 19:22:45.094 32051-32133 AudioTrack              pid-32051                            V  obtainBuffer(64) returned 64 = 64 + 0 err 0
2022-12-25 19:22:45.097 32051-32133 AudioTrack              pid-32051                            V  obtainBuffer(192) returned 192 = 192 + 0 err 0
2022-12-25 19:22:45.129 32051-32133 chatty                  pid-32051                            I  uid=10213(com.inforcegames.app3dmodelling) AudioTrack identical 8 lines
2022-12-25 19:22:45.133 32051-32133 AudioTrack              pid-32051                            V  obtainBuffer(192) returned 192 = 192 + 0 err 0
2022-12-25 19:22:45.137 32051-32133 AudioTrack              pid-32051                            V  obtainBuffer(192) returned 192 = 64 + 128 err 0
2022-12-25 19:22:45.137 32051-32133 AudioTrack              pid-32051                            V  obtainBuffer(128) returned 128 = 128 + 0 err 0
2022-12-25 19:22:45.141 32051-32133 AudioTrack              pid-32051                            V  obtainBuffer(192) returned 192 = 192 + 0 err 0
2022-12-25 19:22:45.214 32051-32133 chatty                  pid-32051                            I  uid=10213(com.inforcegames.app3dmodelling) AudioTrack identical 18 lines
2022-12-25 19:22:45.217 32051-32133 AudioTrack              pid-32051                            V  obtainBuffer(192) returned 192 = 192 + 0 err 0
2022-12-25 19:22:45.222 32051-32133 AudioTrack              pid-32051                            V  obtainBuffer(192) returned 192 = 128 + 64 err 0
2022-12-25 19:22:45.222 32051-32133 AudioTrack              pid-32051                            V  obtainBuffer(64) returned 64 = 64 + 0 err 0
2022-12-25 19:22:45.226 32051-32133 AudioTrack              pid-32051                            V  obtainBuffer(192) returned 192 = 192 + 0 err 0
2022-12-25 19:22:45.258 32051-32133 chatty                  pid-32051                            I  uid=10213(com.inforcegames.app3dmodelling) AudioTrack identical 8 lines
2022-12-25 19:22:45.261 32051-32133 AudioTrack              pid-32051                            V  obtainBuffer(192) returned 192 = 192 + 0 err 0
2022-12-25 19:22:45.266 32051-32133 AudioTrack              pid-32051                            V  obtainBuffer(192) returned 192 = 64 + 128 err 0
2022-12-25 19:22:45.266 32051-32133 AudioTrack              pid-32051                            V  obtainBuffer(128) returned 128 = 128 + 0 err 0
2022-12-25 19:22:45.270 32051-32133 AudioTrack              pid-32051                            V  obtainBuffer(192) returned 192 = 192 + 0 err 0
2022-12-25 19:22:45.297 32051-32133 chatty                  pid-32051                            I  uid=10213(com.inforcegames.app3dmodelling) AudioTrack identical 7 lines
2022-12-25 19:22:45.301 32051-32133 AudioTrack              pid-32051                            V  obtainBuffer(192) returned 192 = 192 + 0 err 0
2022-12-25 19:22:45.302   688-4296  audio_hw_spkr_prot      pid-688                              D  audio_extn_fbsp_get_parameters: Speaker protection disabled
2022-12-25 19:22:45.302   688-4296  audio_hw_extn           pid-688                              D  audio_extn_get_parameters: returns 
2022-12-25 19:22:45.304   743-931   hash_map_utils          pid-743                              I  key: 'hifi_mode' value: ''
2022-12-25 19:22:45.305 32051-32133 AudioTrack              pid-32051                            V  obtainBuffer(192) returned 192 = 192 + 0 err 0
2022-12-25 19:22:45.308 32051-1069  AudioManager            pid-32051                            D  getStreamVolume isRestricted mode = 0
2022-12-25 19:22:45.310 32051-32133 AudioTrack              pid-32051                            V  obtainBuffer(192) returned 192 = 192 + 0 err 0
2022-12-25 19:22:45.310   688-4296  audio_hw_spkr_prot      pid-688                              D  audio_extn_fbsp_get_parameters: Speaker protection disabled
2022-12-25 19:22:45.310   688-4296  audio_hw_extn           pid-688                              D  audio_extn_get_parameters: returns 
2022-12-25 19:22:45.311   743-931   hash_map_utils          pid-743                              I  key: 'hifi_mode' value: ''
2022-12-25 19:22:45.314 32051-32133 AudioTrack              pid-32051                            V  obtainBuffer(192) returned 192 = 192 + 0 err 0
2022-12-25 19:22:45.341 32051-32133 chatty                  pid-32051                            I  uid=10213(com.inforcegames.app3dmodelling) AudioTrack identical 7 lines
2022-12-25 19:22:45.345 32051-32133 AudioTrack              pid-32051                            V  obtainBuffer(192) returned 192 = 192 + 0 err 0
2022-12-25 19:22:45.349 32051-32133 AudioTrack              pid-32051                            V  obtainBuffer(192) returned 192 = 128 + 64 err 0
2022-12-25 19:22:45.349 32051-32133 AudioTrack              pid-32051                            V  obtainBuffer(64) returned 64 = 64 + 0 err 0
2022-12-25 19:22:45.353 32051-32133 AudioTrack              pid-32051                            V  obtainBuffer(192) returned 192 = 192 + 0 err 0
2022-12-25 19:22:45.385 32051-32133 chatty                  pid-32051                            I  uid=10213(com.inforcegames.app3dmodelling) AudioTrack identical 8 lines
2022-12-25 19:22:45.389 32051-32133 AudioTrack              pid-32051                            V  obtainBuffer(192) returned 192 = 192 + 0 err 0
2022-12-25 19:22:45.394 32051-32133 AudioTrack              pid-32051                            V  obtainBuffer(192) returned 192 = 64 + 128 err 0
2022-12-25 19:22:45.394 32051-32133 AudioTrack              pid-32051                            V  obtainBuffer(128) returned 128 = 128 + 0 err 0
2022-12-25 19:22:45.398 32051-32133 AudioTrack              pid-32051                            V  obtainBuffer(192) returned 192 = 192 + 0 err 0
2022-12-25 19:22:45.469 32051-32133 chatty                  pid-32051                            I  uid=10213(com.inforcegames.app3dmodelling) AudioTrack identical 18 lines
2022-12-25 19:22:45.474 32051-32133 AudioTrack              pid-32051                            V  obtainBuffer(192) returned 192 = 192 + 0 err 0
2022-12-25 19:22:45.478 32051-32133 AudioTrack              pid-32051                            V  obtainBuffer(192) returned 192 = 128 + 64 err 0
2022-12-25 19:22:45.478 32051-32133 AudioTrack              pid-32051                            V  obtainBuffer(64) returned 64 = 64 + 0 err 0
2022-12-25 19:22:45.482 32051-32133 AudioTrack              pid-32051                            V  obtainBuffer(192) returned 192 = 192 + 0 err 0
2022-12-25 19:22:45.514 32051-32133 chatty                  pid-32051                            I  uid=10213(com.inforcegames.app3dmodelling) AudioTrack identical 8 lines
2022-12-25 19:22:45.517 32051-32133 AudioTrack              pid-32051                            V  obtainBuffer(192) returned 192 = 192 + 0 err 0
2022-12-25 19:22:45.522 32051-32133 AudioTrack              pid-32051                            V  obtainBuffer(192) returned 192 = 64 + 128 err 0
2022-12-25 19:22:45.522 32051-32133 AudioTrack              pid-32051                            V  obtainBuffer(128) returned 128 = 128 + 0 err 0
2022-12-25 19:22:45.525 32051-32133 AudioTrack              pid-32051                            V  obtainBuffer(192) returned 192 = 192 + 0 err 0
2022-12-25 19:22:45.569 32051-32133 chatty                  pid-32051                            I  uid=10213(com.inforcegames.app3dmodelling) AudioTrack identical 11 lines
2022-12-25 19:22:45.573 32051-32133 AudioTrack              pid-32051                            V  obtainBuffer(192) returned 192 = 192 + 0 err 0
2022-12-25 19:22:45.577  1302-1457  ThermalEngine           pid-1302                             D  sensor_wait: backlight_therm Wait done.
2022-12-25 19:22:45.578 32051-32133 AudioTrack              pid-32051                            V  obtainBuffer(192) returned 192 = 192 + 0 err 0
2022-12-25 19:22:45.578  1302-1457  ThermalEngine           pid-1302                             D  sensor_monitor: backlight_therm Reading 37000 .
2022-12-25 19:22:45.578  1302-1457  ThermalEngine           pid-1302                             I  Sensor:backlight_therm:37000 mC
2022-12-25 19:22:45.578  1302-1457  ThermalEngine           pid-1302                             D  update_active_thresh: backlight_therm Active(1), Hi(1) 45000, Lo(0) -2147483648, desc(0) Interval(1) 2000
2022-12-25 19:22:45.578  1302-1457  ThermalEngine           pid-1302                             D  sensor_monitor: backlight_therm Sensor wait.
2022-12-25 19:22:45.578  1302-1457  ThermalEngine           pid-1302                             D  sensor_wait: backlight_therm Wait start. 2000ms
2022-12-25 19:22:45.582 32051-32133 AudioTrack              pid-32051                            V  obtainBuffer(192) returned 192 = 192 + 0 err 0
2022-12-25 19:22:45.598 32051-32133 chatty                  pid-32051                            I  uid=10213(com.inforcegames.app3dmodelling) AudioTrack identical 4 lines
2022-12-25 19:22:45.602 32051-32133 AudioTrack              pid-32051                            V  obtainBuffer(192) returned 192 = 192 + 0 err 0
2022-12-25 19:22:45.605 32051-32133 AudioTrack              pid-32051                            V  obtainBuffer(192) returned 192 = 128 + 64 err 0
2022-12-25 19:22:45.606 32051-32133 AudioTrack              pid-32051                            V  obtainBuffer(64) returned 64 = 64 + 0 err 0
2022-12-25 19:22:45.610 32051-32133 AudioTrack              pid-32051                            V  obtainBuffer(192) returned 192 = 192 + 0 err 0
2022-12-25 19:22:45.641 32051-32133 chatty                  pid-32051                            I  uid=10213(com.inforcegames.app3dmodelling) AudioTrack identical 8 lines
2022-12-25 19:22:45.646 32051-32133 AudioTrack              pid-32051                            V  obtainBuffer(192) returned 192 = 192 + 0 err 0
2022-12-25 19:22:45.649 32051-32133 AudioTrack              pid-32051                            V  obtainBuffer(192) returned 192 = 64 + 128 err 0
2022-12-25 19:22:45.649 32051-32133 AudioTrack              pid-32051                            V  obtainBuffer(128) returned 128 = 128 + 0 err 0
2022-12-25 19:22:45.653 32051-32133 AudioTrack              pid-32051                            V  obtainBuffer(192) returned 192 = 192 + 0 err 0
2022-12-25 19:22:45.726 32051-32133 chatty                  pid-32051                            I  uid=10213(com.inforcegames.app3dmodelling) AudioTrack identical 18 lines
2022-12-25 19:22:45.730 32051-32133 AudioTrack              pid-32051                            V  obtainBuffer(192) returned 192 = 192 + 0 err 0
2022-12-25 19:22:45.733 32051-32133 AudioTrack              pid-32051                            V  obtainBuffer(192) returned 192 = 128 + 64 err 0
2022-12-25 19:22:45.734 32051-32133 AudioTrack              pid-32051                            V  obtainBuffer(64) returned 64 = 64 + 0 err 0
2022-12-25 19:22:45.738 32051-32133 AudioTrack              pid-32051                            V  obtainBuffer(192) returned 192 = 192 + 0 err 0
2022-12-25 19:22:45.769 32051-32133 chatty                  pid-32051                            I  uid=10213(com.inforcegames.app3dmodelling) AudioTrack identical 8 lines
2022-12-25 19:22:45.774 32051-32133 AudioTrack              pid-32051                            V  obtainBuffer(192) returned 192 = 192 + 0 err 0
2022-12-25 19:22:45.778 32051-32133 AudioTrack              pid-32051                            V  obtainBuffer(192) returned 192 = 64 + 128 err 0
2022-12-25 19:22:45.778 32051-32133 AudioTrack              pid-32051                            V  obtainBuffer(128) returned 128 = 128 + 0 err 0
2022-12-25 19:22:45.782 32051-32133 AudioTrack              pid-32051                            V  obtainBuffer(192) returned 192 = 192 + 0 err 0
2022-12-25 19:22:45.853 32051-32133 chatty                  pid-32051                            I  uid=10213(com.inforcegames.app3dmodelling) AudioTrack identical 18 lines
2022-12-25 19:22:45.858 32051-32133 AudioTrack              pid-32051                            V  obtainBuffer(192) returned 192 = 192 + 0 err 0
2022-12-25 19:22:45.861 32051-32133 AudioTrack              pid-32051                            V  obtainBuffer(192) returned 192 = 128 + 64 err 0
2022-12-25 19:22:45.861 32051-32133 AudioTrack              pid-32051                            V  obtainBuffer(64) returned 64 = 64 + 0 err 0
2022-12-25 19:22:45.866 32051-32133 AudioTrack              pid-32051                            V  obtainBuffer(192) returned 192 = 192 + 0 err 0
2022-12-25 19:22:45.869 32051-32133 AudioTrack              pid-32051                            V  obtainBuffer(192) returned 192 = 192 + 0 err 0
2022-12-25 19:22:45.870  2480-2480  SignalClusterView       pid-2480                             D  updateMobileTypeImage  0
2022-12-25 19:22:45.871  2480-2480  chatty                  pid-2480                             I  uid=1000(system) com.android.systemui identical 1 line
2022-12-25 19:22:45.871  2480-2480  SignalClusterView       pid-2480                             D  updateMobileTypeImage  0
2022-12-25 19:22:45.874 32051-32133 AudioTrack              pid-32051                            V  obtainBuffer(192) returned 192 = 192 + 0 err 0
2022-12-25 19:22:45.898 32051-32133 chatty                  pid-32051                            I  uid=10213(com.inforcegames.app3dmodelling) AudioTrack identical 6 lines
2022-12-25 19:22:45.902 32051-32133 AudioTrack              pid-32051                            V  obtainBuffer(192) returned 192 = 192 + 0 err 0
2022-12-25 19:22:45.906 32051-32133 AudioTrack              pid-32051                            V  obtainBuffer(192) returned 192 = 64 + 128 err 0
2022-12-25 19:22:45.906 32051-32133 AudioTrack              pid-32051                            V  obtainBuffer(128) returned 128 = 128 + 0 err 0
2022-12-25 19:22:45.910 32051-32133 AudioTrack              pid-32051                            V  obtainBuffer(192) returned 192 = 192 + 0 err 0
2022-12-25 19:22:45.981 32051-32133 chatty                  pid-32051                            I  uid=10213(com.inforcegames.app3dmodelling) AudioTrack identical 18 lines
2022-12-25 19:22:45.987 32051-32133 AudioTrack              pid-32051                            V  obtainBuffer(192) returned 192 = 192 + 0 err 0
2022-12-25 19:22:45.989 32051-32133 AudioTrack              pid-32051                            V  obtainBuffer(192) returned 192 = 128 + 64 err 0
2022-12-25 19:22:45.989 32051-32133 AudioTrack              pid-32051                            V  obtainBuffer(64) returned 64 = 64 + 0 err 0
2022-12-25 19:22:45.994 32051-32133 AudioTrack              pid-32051                            V  obtainBuffer(192) returned 192 = 192 + 0 err 0
2022-12-25 19:22:46.026 32051-32133 chatty                  pid-32051                            I  uid=10213(com.inforcegames.app3dmodelling) AudioTrack identical 8 lines
2022-12-25 19:22:46.029 32051-32133 AudioTrack              pid-32051                            V  obtainBuffer(192) returned 192 = 192 + 0 err 0
2022-12-25 19:22:46.032  1302-1462  ThermalEngine           pid-1302                             D  sensor_wait: msm_therm Wait done.
2022-12-25 19:22:46.034  1302-1462  ThermalEngine           pid-1302                             D  sensor_monitor: msm_therm Reading 40000 .
2022-12-25 19:22:46.034  1302-1462  ThermalEngine           pid-1302                             I  Sensor:msm_therm:40000 mC
2022-12-25 19:22:46.034  1302-1462  ThermalEngine           pid-1302                             D  update_active_thresh: msm_therm Active(1), Hi(1) 44000, Lo(0) -2147483648, desc(0) Interval(1) 1000
2022-12-25 19:22:46.034  1302-1462  ThermalEngine           pid-1302                             D  sensor_monitor: msm_therm Sensor wait.
2022-12-25 19:22:46.034  1302-1462  ThermalEngine           pid-1302                             D  sensor_wait: msm_therm Wait start. 1000ms
2022-12-25 19:22:46.035 32051-32133 AudioTrack              pid-32051                            V  obtainBuffer(192) returned 192 = 64 + 128 err 0
2022-12-25 19:22:46.035 32051-32133 AudioTrack              pid-32051                            V  obtainBuffer(128) returned 128 = 128 + 0 err 0
2022-12-25 19:22:46.037 32051-32133 AudioTrack              pid-32051                            V  obtainBuffer(192) returned 192 = 192 + 0 err 0
2022-12-25 19:22:46.049 32051-32133 chatty                  pid-32051                            I  uid=10213(com.inforcegames.app3dmodelling) AudioTrack identical 3 lines
2022-12-25 19:22:46.054 32051-32133 AudioTrack              pid-32051                            V  obtainBuffer(192) returned 192 = 192 + 0 err 0
2022-12-25 19:22:46.054  1302-1463  ThermalEngine           pid-1302                             D  sensor_wait: quiet_therm Wait done.
2022-12-25 19:22:46.056  1302-1463  ThermalEngine           pid-1302                             D  sensor_monitor: quiet_therm Reading 39000 .
2022-12-25 19:22:46.056  1302-1463  ThermalEngine           pid-1302                             I  Sensor:quiet_therm:39000 mC
2022-12-25 19:22:46.056  1302-1463  ThermalEngine           pid-1302                             D  update_active_thresh: quiet_therm Active(1), Hi(1) 40000, Lo(0) -2147483648, desc(0) Interval(1) 1000
2022-12-25 19:22:46.056  1302-1463  ThermalEngine           pid-1302                             D  sensor_monitor: quiet_therm Sensor wait.
2022-12-25 19:22:46.056  1302-1463  ThermalEngine           pid-1302                             D  sensor_wait: quiet_therm Wait start. 1000ms
2022-12-25 19:22:46.058 32051-32133 AudioTrack              pid-32051                            V  obtainBuffer(192) returned 192 = 192 + 0 err 0
2022-12-25 19:22:46.109 32051-32133 chatty                  pid-32051                            I  uid=10213(com.inforcegames.app3dmodelling) AudioTrack identical 13 lines
2022-12-25 19:22:46.113 32051-32133 AudioTrack              pid-32051                            V  obtainBuffer(192) returned 192 = 192 + 0 err 0
2022-12-25 19:22:46.118 32051-32133 AudioTrack              pid-32051                            V  obtainBuffer(192) returned 192 = 128 + 64 err 0
2022-12-25 19:22:46.118 32051-32133 AudioTrack              pid-32051                            V  obtainBuffer(64) returned 64 = 64 + 0 err 0
2022-12-25 19:22:46.121 32051-32133 AudioTrack              pid-32051                            V  obtainBuffer(192) returned 192 = 192 + 0 err 0
2022-12-25 19:22:46.154 32051-32133 chatty                  pid-32051                            I  uid=10213(com.inforcegames.app3dmodelling) AudioTrack identical 8 lines
2022-12-25 19:22:46.158 32051-32133 AudioTrack              pid-32051                            V  obtainBuffer(192) returned 192 = 192 + 0 err 0
2022-12-25 19:22:46.162 32051-32133 AudioTrack              pid-32051                            V  obtainBuffer(192) returned 192 = 64 + 128 err 0
2022-12-25 19:22:46.162 32051-32133 AudioTrack              pid-32051                            V  obtainBuffer(128) returned 128 = 128 + 0 err 0
2022-12-25 19:22:46.167 32051-32133 AudioTrack              pid-32051                            V  obtainBuffer(192) returned 192 = 192 + 0 err 0
2022-12-25 19:22:46.237 32051-32133 chatty                  pid-32051                            I  uid=10213(com.inforcegames.app3dmodelling) AudioTrack identical 18 lines
2022-12-25 19:22:46.242 32051-32133 AudioTrack              pid-32051                            V  obtainBuffer(192) returned 192 = 192 + 0 err 0
2022-12-25 19:22:46.245 32051-32133 AudioTrack              pid-32051                            V  obtainBuffer(192) returned 192 = 128 + 64 err 0
2022-12-25 19:22:46.245 32051-32133 AudioTrack              pid-32051                            V  obtainBuffer(64) returned 64 = 64 + 0 err 0
2022-12-25 19:22:46.250 32051-32133 AudioTrack              pid-32051                            V  obtainBuffer(192) returned 192 = 192 + 0 err 0
2022-12-25 19:22:46.282 32051-32133 chatty                  pid-32051                            I  uid=10213(com.inforcegames.app3dmodelling) AudioTrack identical 8 lines
2022-12-25 19:22:46.286 32051-32133 AudioTrack              pid-32051                            V  obtainBuffer(192) returned 192 = 192 + 0 err 0
2022-12-25 19:22:46.290 32051-32133 AudioTrack              pid-32051                            V  obtainBuffer(192) returned 192 = 64 + 128 err 0
2022-12-25 19:22:46.290 32051-32133 AudioTrack              pid-32051                            V  obtainBuffer(128) returned 128 = 128 + 0 err 0
2022-12-25 19:22:46.294 32051-32133 AudioTrack              pid-32051                            V  obtainBuffer(192) returned 192 = 192 + 0 err 0
2022-12-25 19:22:46.366 32051-32133 chatty                  pid-32051                            I  uid=10213(com.inforcegames.app3dmodelling) AudioTrack identical 18 lines
2022-12-25 19:22:46.369 32051-32133 AudioTrack              pid-32051                            V  obtainBuffer(192) returned 192 = 192 + 0 err 0
2022-12-25 19:22:46.374 32051-32133 AudioTrack              pid-32051                            V  obtainBuffer(192) returned 192 = 128 + 64 err 0
2022-12-25 19:22:46.374 32051-32133 AudioTrack              pid-32051                            V  obtainBuffer(64) returned 64 = 64 + 0 err 0
2022-12-25 19:22:46.378 32051-32133 AudioTrack              pid-32051                            V  obtainBuffer(192) returned 192 = 192 + 0 err 0
2022-12-25 19:22:46.409 32051-32133 chatty                  pid-32051                            I  uid=10213(com.inforcegames.app3dmodelling) AudioTrack identical 8 lines
2022-12-25 19:22:46.414 32051-32133 AudioTrack              pid-32051                            V  obtainBuffer(192) returned 192 = 192 + 0 err 0
2022-12-25 19:22:46.418 32051-32133 AudioTrack              pid-32051                            V  obtainBuffer(192) returned 192 = 64 + 128 err 0
2022-12-25 19:22:46.418 32051-32133 AudioTrack              pid-32051                            V  obtainBuffer(128) returned 128 = 128 + 0 err 0
2022-12-25 19:22:46.422 32051-32133 AudioTrack              pid-32051                            V  obtainBuffer(192) returned 192 = 192 + 0 err 0
2022-12-25 19:22:46.494 32051-32133 chatty                  pid-32051                            I  uid=10213(com.inforcegames.app3dmodelling) AudioTrack identical 18 lines
2022-12-25 19:22:46.498 32051-32133 AudioTrack              pid-32051                            V  obtainBuffer(192) returned 192 = 192 + 0 err 0
2022-12-25 19:22:46.502 32051-32133 AudioTrack              pid-32051                            V  obtainBuffer(192) returned 192 = 128 + 64 err 0
2022-12-25 19:22:46.502 32051-32133 AudioTrack              pid-32051                            V  obtainBuffer(64) returned 64 = 64 + 0 err 0
2022-12-25 19:22:46.506 32051-32133 AudioTrack              pid-32051                            V  obtainBuffer(192) returned 192 = 192 + 0 err 0
2022-12-25 19:22:46.537 32051-32133 chatty                  pid-32051                            I  uid=10213(com.inforcegames.app3dmodelling) AudioTrack identical 8 lines
2022-12-25 19:22:46.541 32051-32133 AudioTrack              pid-32051                            V  obtainBuffer(192) returned 192 = 192 + 0 err 0
2022-12-25 19:22:46.546 32051-32133 AudioTrack              pid-32051                            V  obtainBuffer(192) returned 192 = 64 + 128 err 0
2022-12-25 19:22:46.546 32051-32133 AudioTrack              pid-32051                            V  obtainBuffer(128) returned 128 = 128 + 0 err 0
2022-12-25 19:22:46.550 32051-32133 AudioTrack              pid-32051                            V  obtainBuffer(192) returned 192 = 192 + 0 err 0
2022-12-25 19:22:46.622 32051-32133 chatty                  pid-32051                            I  uid=10213(com.inforcegames.app3dmodelling) AudioTrack identical 18 lines
2022-12-25 19:22:46.625 32051-32133 AudioTrack              pid-32051                            V  obtainBuffer(192) returned 192 = 192 + 0 err 0
2022-12-25 19:22:46.629 32051-32133 AudioTrack              pid-32051                            V  obtainBuffer(192) returned 192 = 128 + 64 err 0
2022-12-25 19:22:46.630 32051-32133 AudioTrack              pid-32051                            V  obtainBuffer(64) returned 64 = 64 + 0 err 0
2022-12-25 19:22:46.633 32051-32133 AudioTrack              pid-32051                            V  obtainBuffer(192) returned 192 = 192 + 0 err 0
2022-12-25 19:22:46.665 32051-32133 chatty                  pid-32051                            I  uid=10213(com.inforcegames.app3dmodelling) AudioTrack identical 8 lines
2022-12-25 19:22:46.670 32051-32133 AudioTrack              pid-32051                            V  obtainBuffer(192) returned 192 = 192 + 0 err 0
2022-12-25 19:22:46.673 32051-32133 AudioTrack              pid-32051                            V  obtainBuffer(192) returned 192 = 64 + 128 err 0
2022-12-25 19:22:46.673 32051-32133 AudioTrack              pid-32051                            V  obtainBuffer(128) returned 128 = 128 + 0 err 0
2022-12-25 19:22:46.678 32051-32133 AudioTrack              pid-32051                            V  obtainBuffer(192) returned 192 = 192 + 0 err 0
2022-12-25 19:22:46.749 32051-32133 chatty                  pid-32051                            I  uid=10213(com.inforcegames.app3dmodelling) AudioTrack identical 18 lines
2022-12-25 19:22:46.754 32051-32133 AudioTrack              pid-32051                            V  obtainBuffer(192) returned 192 = 192 + 0 err 0
2022-12-25 19:22:46.758 32051-32133 AudioTrack              pid-32051                            V  obtainBuffer(192) returned 192 = 128 + 64 err 0
2022-12-25 19:22:46.758 32051-32133 AudioTrack              pid-32051                            V  obtainBuffer(64) returned 64 = 64 + 0 err 0
2022-12-25 19:22:46.761 32051-32133 AudioTrack              pid-32051                            V  obtainBuffer(192) returned 192 = 192 + 0 err 0
2022-12-25 19:22:46.793 32051-32133 chatty                  pid-32051                            I  uid=10213(com.inforcegames.app3dmodelling) AudioTrack identical 8 lines
2022-12-25 19:22:46.797 32051-32133 AudioTrack              pid-32051                            V  obtainBuffer(192) returned 192 = 192 + 0 err 0
2022-12-25 19:22:46.801 32051-32133 AudioTrack              pid-32051                            V  obtainBuffer(192) returned 192 = 64 + 128 err 0
2022-12-25 19:22:46.802 32051-32133 AudioTrack              pid-32051                            V  obtainBuffer(128) returned 128 = 128 + 0 err 0
2022-12-25 19:22:46.805 32051-32133 AudioTrack              pid-32051                            V  obtainBuffer(192) returned 192 = 192 + 0 err 0
2022-12-25 19:22:46.878 32051-32133 chatty                  pid-32051                            I  uid=10213(com.inforcegames.app3dmodelling) AudioTrack identical 18 lines
2022-12-25 19:22:46.881 32051-32133 AudioTrack              pid-32051                            V  obtainBuffer(192) returned 192 = 192 + 0 err 0
2022-12-25 19:22:46.885 32051-32133 AudioTrack              pid-32051                            V  obtainBuffer(192) returned 192 = 128 + 64 err 0
2022-12-25 19:22:46.886 32051-32133 AudioTrack              pid-32051                            V  obtainBuffer(64) returned 64 = 64 + 0 err 0
2022-12-25 19:22:46.890 32051-32133 AudioTrack              pid-32051                            V  obtainBuffer(192) returned 192 = 192 + 0 err 0
2022-12-25 19:22:46.921 32051-32133 chatty                  pid-32051                            I  uid=10213(com.inforcegames.app3dmodelling) AudioTrack identical 8 lines
2022-12-25 19:22:46.926 32051-32133 AudioTrack              pid-32051                            V  obtainBuffer(192) returned 192 = 192 + 0 err 0
2022-12-25 19:22:46.929 32051-32133 AudioTrack              pid-32051                            V  obtainBuffer(192) returned 192 = 64 + 128 err 0
2022-12-25 19:22:46.930 32051-32133 AudioTrack              pid-32051                            V  obtainBuffer(128) returned 128 = 128 + 0 err 0
2022-12-25 19:22:46.934 32051-32133 AudioTrack              pid-32051                            V  obtainBuffer(192) returned 192 = 192 + 0 err 0
2022-12-25 19:22:47.005 32051-32133 chatty                  pid-32051                            I  uid=10213(com.inforcegames.app3dmodelling) AudioTrack identical 18 lines
2022-12-25 19:22:47.010 32051-32133 AudioTrack              pid-32051                            V  obtainBuffer(192) returned 192 = 192 + 0 err 0
2022-12-25 19:22:47.013 32051-32133 AudioTrack              pid-32051                            V  obtainBuffer(192) returned 192 = 128 + 64 err 0
2022-12-25 19:22:47.013 32051-32133 AudioTrack              pid-32051                            V  obtainBuffer(64) returned 64 = 64 + 0 err 0
2022-12-25 19:22:47.017 32051-32133 AudioTrack              pid-32051                            V  obtainBuffer(192) returned 192 = 192 + 0 err 0
2022-12-25 19:22:47.029 32051-32133 chatty                  pid-32051                            I  uid=10213(com.inforcegames.app3dmodelling) AudioTrack identical 3 lines
2022-12-25 19:22:47.033 32051-32133 AudioTrack              pid-32051                            V  obtainBuffer(192) returned 192 = 192 + 0 err 0
2022-12-25 19:22:47.034  1302-1462  ThermalEngine           pid-1302                             D  sensor_wait: msm_therm Wait done.
2022-12-25 19:22:47.036  1302-1462  ThermalEngine           pid-1302                             D  sensor_monitor: msm_therm Reading 40000 .
2022-12-25 19:22:47.036  1302-1462  ThermalEngine           pid-1302                             I  Sensor:msm_therm:40000 mC
2022-12-25 19:22:47.036  1302-1462  ThermalEngine           pid-1302                             D  update_active_thresh: msm_therm Active(1), Hi(1) 44000, Lo(0) -2147483648, desc(0) Interval(1) 1000
2022-12-25 19:22:47.036  1302-1462  ThermalEngine           pid-1302                             D  sensor_monitor: msm_therm Sensor wait.
2022-12-25 19:22:47.036  1302-1462  ThermalEngine           pid-1302                             D  sensor_wait: msm_therm Wait start. 1000ms
2022-12-25 19:22:47.038 32051-32133 AudioTrack              pid-32051                            V  obtainBuffer(192) returned 192 = 192 + 0 err 0
2022-12-25 19:22:47.049 32051-32133 chatty                  pid-32051                            I  uid=10213(com.inforcegames.app3dmodelling) AudioTrack identical 3 lines
2022-12-25 19:22:47.053 32051-32133 AudioTrack              pid-32051                            V  obtainBuffer(192) returned 192 = 192 + 0 err 0
2022-12-25 19:22:47.057  1302-1463  ThermalEngine           pid-1302                             D  sensor_wait: quiet_therm Wait done.
2022-12-25 19:22:47.058 32051-32133 AudioTrack              pid-32051                            V  obtainBuffer(192) returned 192 = 64 + 128 err 0
2022-12-25 19:22:47.058 32051-32133 AudioTrack              pid-32051                            V  obtainBuffer(128) returned 128 = 128 + 0 err 0
2022-12-25 19:22:47.060  1302-1463  ThermalEngine           pid-1302                             D  sensor_monitor: quiet_therm Reading 39000 .
2022-12-25 19:22:47.060  1302-1463  ThermalEngine           pid-1302                             I  Sensor:quiet_therm:39000 mC
2022-12-25 19:22:47.060  1302-1463  ThermalEngine           pid-1302                             D  update_active_thresh: quiet_therm Active(1), Hi(1) 40000, Lo(0) -2147483648, desc(0) Interval(1) 1000
2022-12-25 19:22:47.060  1302-1463  ThermalEngine           pid-1302                             D  sensor_monitor: quiet_therm Sensor wait.
2022-12-25 19:22:47.060  1302-1463  ThermalEngine           pid-1302                             D  sensor_wait: quiet_therm Wait start. 1000ms
2022-12-25 19:22:47.061 32051-32133 AudioTrack              pid-32051                            V  obtainBuffer(192) returned 192 = 192 + 0 err 0
2022-12-25 19:22:47.133 32051-32133 chatty                  pid-32051                            I  uid=10213(com.inforcegames.app3dmodelling) AudioTrack identical 18 lines
2022-12-25 19:22:47.138 32051-32133 AudioTrack              pid-32051                            V  obtainBuffer(192) returned 192 = 192 + 0 err 0
2022-12-25 19:22:47.141 32051-32133 AudioTrack              pid-32051                            V  obtainBuffer(192) returned 192 = 128 + 64 err 0
2022-12-25 19:22:47.141 32051-32133 AudioTrack              pid-32051                            V  obtainBuffer(64) returned 64 = 64 + 0 err 0
2022-12-25 19:22:47.147 32051-32133 AudioTrack              pid-32051                            V  obtainBuffer(192) returned 192 = 192 + 0 err 0
2022-12-25 19:22:47.178 32051-32133 chatty                  pid-32051                            I  uid=10213(com.inforcegames.app3dmodelling) AudioTrack identical 8 lines
2022-12-25 19:22:47.181 32051-32133 AudioTrack              pid-32051                            V  obtainBuffer(192) returned 192 = 192 + 0 err 0
2022-12-25 19:22:47.185 32051-32133 AudioTrack              pid-32051                            V  obtainBuffer(192) returned 192 = 64 + 128 err 0
2022-12-25 19:22:47.185 32051-32133 AudioTrack              pid-32051                            V  obtainBuffer(128) returned 128 = 128 + 0 err 0
2022-12-25 19:22:47.190 32051-32133 AudioTrack              pid-32051                            V  obtainBuffer(192) returned 192 = 192 + 0 err 0
2022-12-25 19:22:47.261 32051-32133 chatty                  pid-32051                            I  uid=10213(com.inforcegames.app3dmodelling) AudioTrack identical 18 lines
2022-12-25 19:22:47.265 32051-32133 AudioTrack              pid-32051                            V  obtainBuffer(192) returned 192 = 192 + 0 err 0
2022-12-25 19:22:47.269 32051-32133 AudioTrack              pid-32051                            V  obtainBuffer(192) returned 192 = 128 + 64 err 0
2022-12-25 19:22:47.270 32051-32133 AudioTrack              pid-32051                            V  obtainBuffer(64) returned 64 = 64 + 0 err 0
2022-12-25 19:22:47.274 32051-32133 AudioTrack              pid-32051                            V  obtainBuffer(192) returned 192 = 192 + 0 err 0
2022-12-25 19:22:47.306 32051-32133 chatty                  pid-32051                            I  uid=10213(com.inforcegames.app3dmodelling) AudioTrack identical 8 lines
2022-12-25 19:22:47.310 32051-32133 AudioTrack              pid-32051                            V  obtainBuffer(192) returned 192 = 192 + 0 err 0
2022-12-25 19:22:47.314 32051-32133 AudioTrack              pid-32051                            V  obtainBuffer(192) returned 192 = 64 + 128 err 0
2022-12-25 19:22:47.314 32051-32133 AudioTrack              pid-32051                            V  obtainBuffer(128) returned 128 = 128 + 0 err 0
2022-12-25 19:22:47.317 32051-32133 AudioTrack              pid-32051                            V  obtainBuffer(192) returned 192 = 192 + 0 err 0
2022-12-25 19:22:47.342 32051-32133 chatty                  pid-32051                            I  uid=10213(com.inforcegames.app3dmodelling) AudioTrack identical 6 lines
2022-12-25 19:22:47.346 32051-32133 AudioTrack              pid-32051                            V  obtainBuffer(192) returned 192 = 192 + 0 err 0
2022-12-25 19:22:47.346  2820-5429  DPMJ                    pid-2820                             I  |REQ:RCVR| DPM creating socket
2022-12-25 19:22:47.350 32051-32133 AudioTrack              pid-32051                            V  obtainBuffer(192) returned 192 = 192 + 0 err 0
2022-12-25 19:22:47.365 32051-32133 chatty                  pid-32051                            I  uid=10213(com.inforcegames.app3dmodelling) AudioTrack identical 4 lines
2022-12-25 19:22:47.369 32051-32133 AudioTrack              pid-32051                            V  obtainBuffer(192) returned 192 = 192 + 0 err 0
2022-12-25 19:22:47.370   688-4296  audio_hw_spkr_prot      pid-688                              D  audio_extn_fbsp_get_parameters: Speaker protection disabled
2022-12-25 19:22:47.370   688-4296  audio_hw_extn           pid-688                              D  audio_extn_get_parameters: returns 
2022-12-25 19:22:47.370   743-931   hash_map_utils          pid-743                              I  key: 'hifi_mode' value: ''
2022-12-25 19:22:47.373 32051-1069  AudioManager            pid-32051                            D  getStreamVolume isRestricted mode = 0
2022-12-25 19:22:47.374 32051-32133 AudioTrack              pid-32051                            V  obtainBuffer(192) returned 192 = 192 + 0 err 0
2022-12-25 19:22:47.378 32051-32133 AudioTrack              pid-32051                            V  obtainBuffer(192) returned 192 = 192 + 0 err 0
2022-12-25 19:22:47.379   688-4296  audio_hw_spkr_prot      pid-688                              D  audio_extn_fbsp_get_parameters: Speaker protection disabled
2022-12-25 19:22:47.379   688-4296  audio_hw_extn           pid-688                              D  audio_extn_get_parameters: returns 
2022-12-25 19:22:47.379   743-931   hash_map_utils          pid-743                              I  key: 'hifi_mode' value: ''
2022-12-25 19:22:47.382 32051-32133 AudioTrack              pid-32051                            V  obtainBuffer(192) returned 192 = 192 + 0 err 0
2022-12-25 19:22:47.389 32051-32133 chatty                  pid-32051                            I  uid=10213(com.inforcegames.app3dmodelling) AudioTrack identical 2 lines
2022-12-25 19:22:47.394 32051-32133 AudioTrack              pid-32051                            V  obtainBuffer(192) returned 192 = 192 + 0 err 0
2022-12-25 19:22:47.398 32051-32133 AudioTrack              pid-32051                            V  obtainBuffer(192) returned 192 = 128 + 64 err 0
2022-12-25 19:22:47.398 32051-32133 AudioTrack              pid-32051                            V  obtainBuffer(64) returned 64 = 64 + 0 err 0
2022-12-25 19:22:47.402 32051-32133 AudioTrack              pid-32051                            V  obtainBuffer(192) returned 192 = 192 + 0 err 0
2022-12-25 19:22:47.434 32051-32133 chatty                  pid-32051                            I  uid=10213(com.inforcegames.app3dmodelling) AudioTrack identical 8 lines
2022-12-25 19:22:47.438 32051-32133 AudioTrack              pid-32051                            V  obtainBuffer(192) returned 192 = 192 + 0 err 0
2022-12-25 19:22:47.442 32051-32133 AudioTrack              pid-32051                            V  obtainBuffer(192) returned 192 = 64 + 128 err 0
2022-12-25 19:22:47.442 32051-32133 AudioTrack              pid-32051                            V  obtainBuffer(128) returned 128 = 128 + 0 err 0
2022-12-25 19:22:47.446 32051-32133 AudioTrack              pid-32051                            V  obtainBuffer(192) returned 192 = 192 + 0 err 0
2022-12-25 19:22:47.518 32051-32133 chatty                  pid-32051                            I  uid=10213(com.inforcegames.app3dmodelling) AudioTrack identical 18 lines
