2022-12-27 00:00:28.736 13438-13531 chatty                  pid-13438                            I  uid=10213(com.inforcegames.app3dmodelling) AudioTrack identical 1 line
2022-12-27 00:00:28.739 13438-13531 AudioTrack              pid-13438                            V  obtainBuffer(192) returned 192 = 192 + 0 err 0
2022-12-27 00:00:28.741  1302-1463  ThermalEngine           pid-1302                             D  sensor_wait: quiet_therm Wait done.
2022-12-27 00:00:28.742  1302-1463  ThermalEngine           pid-1302                             D  sensor_monitor: quiet_therm Reading 37000 .
2022-12-27 00:00:28.743  1302-1463  ThermalEngine           pid-1302                             I  Sensor:quiet_therm:37000 mC
2022-12-27 00:00:28.743  1302-1463  ThermalEngine           pid-1302                             D  update_active_thresh: quiet_therm Active(1), Hi(1) 40000, Lo(0) -2147483648, desc(0) Interval(1) 1000
2022-12-27 00:00:28.743  1302-1463  ThermalEngine           pid-1302                             D  sensor_monitor: quiet_therm Sensor wait.
2022-12-27 00:00:28.743  1302-1463  ThermalEngine           pid-1302                             D  sensor_wait: quiet_therm Wait start. 1000ms
2022-12-27 00:00:28.743 13438-13531 AudioTrack              pid-13438                            V  obtainBuffer(192) returned 192 = 192 + 0 err 0
2022-12-27 00:00:28.747 13438-13531 AudioTrack              pid-13438                            V  obtainBuffer(192) returned 192 = 192 + 0 err 0
2022-12-27 00:00:28.750   688-944   audio_hw_spkr_prot      pid-688                              D  audio_extn_fbsp_get_parameters: Speaker protection disabled
2022-12-27 00:00:28.750   688-944   audio_hw_extn           pid-688                              D  audio_extn_get_parameters: returns 
2022-12-27 00:00:28.751   743-15843 hash_map_utils          pid-743                              I  key: 'hifi_mode' value: ''
2022-12-27 00:00:28.751 13438-13531 AudioTrack              pid-13438                            V  obtainBuffer(192) returned 192 = 192 + 0 err 0
2022-12-27 00:00:28.753 13438-13735 AudioManager            pid-13438                            D  getStreamVolume isRestricted mode = 0
2022-12-27 00:00:28.755 13438-13531 AudioTrack              pid-13438                            V  obtainBuffer(192) returned 192 = 192 + 0 err 0
2022-12-27 00:00:28.759   688-944   audio_hw_spkr_prot      pid-688                              D  audio_extn_fbsp_get_parameters: Speaker protection disabled
2022-12-27 00:00:28.759   688-944   audio_hw_extn           pid-688                              D  audio_extn_get_parameters: returns 
2022-12-27 00:00:28.759 13438-13531 AudioTrack              pid-13438                            V  obtainBuffer(192) returned 192 = 192 + 0 err 0
2022-12-27 00:00:28.760   743-15843 hash_map_utils          pid-743                              I  key: 'hifi_mode' value: ''
2022-12-27 00:00:28.763 13438-13531 AudioTrack              pid-13438                            V  obtainBuffer(192) returned 192 = 192 + 0 err 0
2022-12-27 00:00:28.767 13438-13531 AudioTrack              pid-13438                            V  obtainBuffer(192) returned 192 = 192 + 0 err 0
2022-12-27 00:00:28.771 13438-13531 AudioTrack              pid-13438                            V  obtainBuffer(192) returned 192 = 64 + 128 err 0
2022-12-27 00:00:28.771 13438-13531 AudioTrack              pid-13438                            V  obtainBuffer(128) returned 128 = 128 + 0 err 0
2022-12-27 00:00:28.775 13438-13531 AudioTrack              pid-13438                            V  obtainBuffer(192) returned 192 = 192 + 0 err 0
2022-12-27 00:00:28.847 13438-13531 chatty                  pid-13438                            I  uid=10213(com.inforcegames.app3dmodelling) AudioTrack identical 18 lines
2022-12-27 00:00:28.851 13438-13531 AudioTrack              pid-13438                            V  obtainBuffer(192) returned 192 = 192 + 0 err 0
2022-12-27 00:00:28.855 13438-13531 AudioTrack              pid-13438                            V  obtainBuffer(192) returned 192 = 128 + 64 err 0
2022-12-27 00:00:28.855 13438-13531 AudioTrack              pid-13438                            V  obtainBuffer(64) returned 64 = 64 + 0 err 0
2022-12-27 00:00:28.860 13438-13531 AudioTrack              pid-13438                            V  obtainBuffer(192) returned 192 = 192 + 0 err 0
2022-12-27 00:00:28.892 13438-13531 chatty                  pid-13438                            I  uid=10213(com.inforcegames.app3dmodelling) AudioTrack identical 8 lines
2022-12-27 00:00:28.896 13438-13531 AudioTrack              pid-13438                            V  obtainBuffer(192) returned 192 = 192 + 0 err 0
2022-12-27 00:00:28.899 13438-13531 AudioTrack              pid-13438                            V  obtainBuffer(192) returned 192 = 64 + 128 err 0
2022-12-27 00:00:28.899 13438-13531 AudioTrack              pid-13438                            V  obtainBuffer(128) returned 128 = 128 + 0 err 0
2022-12-27 00:00:28.904 13438-13531 AudioTrack              pid-13438                            V  obtainBuffer(192) returned 192 = 192 + 0 err 0
2022-12-27 00:00:28.975 13438-13531 chatty                  pid-13438                            I  uid=10213(com.inforcegames.app3dmodelling) AudioTrack identical 18 lines
2022-12-27 00:00:28.979 13438-13531 AudioTrack              pid-13438                            V  obtainBuffer(192) returned 192 = 192 + 0 err 0
2022-12-27 00:00:28.983 13438-13531 AudioTrack              pid-13438                            V  obtainBuffer(192) returned 192 = 128 + 64 err 0
2022-12-27 00:00:28.983 13438-13531 AudioTrack              pid-13438                            V  obtainBuffer(64) returned 64 = 64 + 0 err 0
2022-12-27 00:00:28.987 13438-13531 AudioTrack              pid-13438                            V  obtainBuffer(192) returned 192 = 192 + 0 err 0
2022-12-27 00:00:29.019 13438-13531 chatty                  pid-13438                            I  uid=10213(com.inforcegames.app3dmodelling) AudioTrack identical 8 lines
2022-12-27 00:00:29.024 13438-13531 AudioTrack              pid-13438                            V  obtainBuffer(192) returned 192 = 192 + 0 err 0
2022-12-27 00:00:29.027 13438-13531 AudioTrack              pid-13438                            V  obtainBuffer(192) returned 192 = 64 + 128 err 0
2022-12-27 00:00:29.027 13438-13531 AudioTrack              pid-13438                            V  obtainBuffer(128) returned 128 = 128 + 0 err 0
2022-12-27 00:00:29.032 13438-13531 AudioTrack              pid-13438                            V  obtainBuffer(192) returned 192 = 192 + 0 err 0
2022-12-27 00:00:29.103 13438-13531 chatty                  pid-13438                            I  uid=10213(com.inforcegames.app3dmodelling) AudioTrack identical 18 lines
2022-12-27 00:00:29.108 13438-13531 AudioTrack              pid-13438                            V  obtainBuffer(192) returned 192 = 192 + 0 err 0
2022-12-27 00:00:29.111 13438-13531 AudioTrack              pid-13438                            V  obtainBuffer(192) returned 192 = 128 + 64 err 0
2022-12-27 00:00:29.111 13438-13531 AudioTrack              pid-13438                            V  obtainBuffer(64) returned 64 = 64 + 0 err 0
2022-12-27 00:00:29.112 13316-13371 MobileSignalController  pid-13316                            D  onSignalStrengthsChanged: SignalStrength: 99 0 -120 -160 -120 -160 -1 30 -87 -14 300 2147483647 0 2147483647 99 255 2147483647 gsm|lte use_rsrp_and_rssnr_for_lte_level  [-120, -115, -110, -105, -97] [-115, -105, -95, -85]
2022-12-27 00:00:29.112 13316-13371 NetworkCon...troller(1) pid-13316                            D  4G level = 5
2022-12-27 00:00:29.115 13438-13531 AudioTrack              pid-13438                            V  obtainBuffer(192) returned 192 = 192 + 0 err 0
2022-12-27 00:00:29.148 13438-13531 chatty                  pid-13438                            I  uid=10213(com.inforcegames.app3dmodelling) AudioTrack identical 8 lines
2022-12-27 00:00:29.152 13438-13531 AudioTrack              pid-13438                            V  obtainBuffer(192) returned 192 = 192 + 0 err 0
2022-12-27 00:00:29.155 13438-13531 AudioTrack              pid-13438                            V  obtainBuffer(192) returned 192 = 64 + 128 err 0
2022-12-27 00:00:29.155 13438-13531 AudioTrack              pid-13438                            V  obtainBuffer(128) returned 128 = 128 + 0 err 0
2022-12-27 00:00:29.159 13438-13531 AudioTrack              pid-13438                            V  obtainBuffer(192) returned 192 = 192 + 0 err 0
2022-12-27 00:00:29.200 13438-13531 chatty                  pid-13438                            I  uid=10213(com.inforcegames.app3dmodelling) AudioTrack identical 10 lines
2022-12-27 00:00:29.203 13438-13531 AudioTrack              pid-13438                            V  obtainBuffer(192) returned 192 = 192 + 0 err 0
2022-12-27 00:00:29.205  2280-3246  CompatibilityInfo       pid-2280                             D  mCompatibilityFlags - 0
2022-12-27 00:00:29.206  2280-3246  CompatibilityInfo       pid-2280                             D  applicationDensity - 440
2022-12-27 00:00:29.206  2280-3246  CompatibilityInfo       pid-2280                             D  applicationScale - 1.0
2022-12-27 00:00:29.208 13438-13531 AudioTrack              pid-13438                            V  obtainBuffer(192) returned 192 = 192 + 0 err 0
2022-12-27 00:00:29.231 13438-13531 chatty                  pid-13438                            I  uid=10213(com.inforcegames.app3dmodelling) AudioTrack identical 6 lines
2022-12-27 00:00:29.234 13438-13531 AudioTrack              pid-13438                            V  obtainBuffer(192) returned 192 = 192 + 0 err 0
2022-12-27 00:00:29.239 13438-13531 AudioTrack              pid-13438                            V  obtainBuffer(192) returned 192 = 128 + 64 err 0
2022-12-27 00:00:29.239 13438-13531 AudioTrack              pid-13438                            V  obtainBuffer(64) returned 64 = 64 + 0 err 0
2022-12-27 00:00:29.244 13438-13531 AudioTrack              pid-13438                            V  obtainBuffer(192) returned 192 = 192 + 0 err 0
2022-12-27 00:00:29.275 13438-13531 chatty                  pid-13438                            I  uid=10213(com.inforcegames.app3dmodelling) AudioTrack identical 8 lines
2022-12-27 00:00:29.279 13438-13531 AudioTrack              pid-13438                            V  obtainBuffer(192) returned 192 = 192 + 0 err 0
2022-12-27 00:00:29.283 13438-13531 AudioTrack              pid-13438                            V  obtainBuffer(192) returned 192 = 64 + 128 err 0
2022-12-27 00:00:29.283 13438-13531 AudioTrack              pid-13438                            V  obtainBuffer(128) returned 128 = 128 + 0 err 0
2022-12-27 00:00:29.287 13438-13531 AudioTrack              pid-13438                            V  obtainBuffer(192) returned 192 = 192 + 0 err 0
2022-12-27 00:00:29.359 13438-13531 chatty                  pid-13438                            I  uid=10213(com.inforcegames.app3dmodelling) AudioTrack identical 18 lines
2022-12-27 00:00:29.363 13438-13531 AudioTrack              pid-13438                            V  obtainBuffer(192) returned 192 = 192 + 0 err 0
2022-12-27 00:00:29.367 13438-13531 AudioTrack              pid-13438                            V  obtainBuffer(192) returned 192 = 128 + 64 err 0
2022-12-27 00:00:29.367 13438-13531 AudioTrack              pid-13438                            V  obtainBuffer(64) returned 64 = 64 + 0 err 0
2022-12-27 00:00:29.371 13438-13531 AudioTrack              pid-13438                            V  obtainBuffer(192) returned 192 = 192 + 0 err 0
2022-12-27 00:00:29.403 13438-13531 chatty                  pid-13438                            I  uid=10213(com.inforcegames.app3dmodelling) AudioTrack identical 8 lines
2022-12-27 00:00:29.407 13438-13531 AudioTrack              pid-13438                            V  obtainBuffer(192) returned 192 = 192 + 0 err 0
2022-12-27 00:00:29.411 13438-13531 AudioTrack              pid-13438                            V  obtainBuffer(192) returned 192 = 64 + 128 err 0
2022-12-27 00:00:29.411 13438-13531 AudioTrack              pid-13438                            V  obtainBuffer(128) returned 128 = 128 + 0 err 0
2022-12-27 00:00:29.416 13438-13531 AudioTrack              pid-13438                            V  obtainBuffer(192) returned 192 = 192 + 0 err 0
2022-12-27 00:00:29.487 13438-13531 chatty                  pid-13438                            I  uid=10213(com.inforcegames.app3dmodelling) AudioTrack identical 18 lines
2022-12-27 00:00:29.491 13438-13531 AudioTrack              pid-13438                            V  obtainBuffer(192) returned 192 = 192 + 0 err 0
2022-12-27 00:00:29.495 13438-13531 AudioTrack              pid-13438                            V  obtainBuffer(192) returned 192 = 128 + 64 err 0
2022-12-27 00:00:29.495 13438-13531 AudioTrack              pid-13438                            V  obtainBuffer(64) returned 64 = 64 + 0 err 0
2022-12-27 00:00:29.499 13438-13531 AudioTrack              pid-13438                            V  obtainBuffer(192) returned 192 = 192 + 0 err 0
2022-12-27 00:00:29.531 13438-13531 chatty                  pid-13438                            I  uid=10213(com.inforcegames.app3dmodelling) AudioTrack identical 8 lines
2022-12-27 00:00:29.535 13438-13531 AudioTrack              pid-13438                            V  obtainBuffer(192) returned 192 = 192 + 0 err 0
2022-12-27 00:00:29.539 13438-13531 AudioTrack              pid-13438                            V  obtainBuffer(192) returned 192 = 64 + 128 err 0
2022-12-27 00:00:29.539 13438-13531 AudioTrack              pid-13438                            V  obtainBuffer(128) returned 128 = 128 + 0 err 0
2022-12-27 00:00:29.543 13438-13531 AudioTrack              pid-13438                            V  obtainBuffer(192) returned 192 = 192 + 0 err 0
2022-12-27 00:00:29.615 13438-13531 chatty                  pid-13438                            I  uid=10213(com.inforcegames.app3dmodelling) AudioTrack identical 18 lines
2022-12-27 00:00:29.619 13438-13531 AudioTrack              pid-13438                            V  obtainBuffer(192) returned 192 = 192 + 0 err 0
2022-12-27 00:00:29.623 13438-13531 AudioTrack              pid-13438                            V  obtainBuffer(192) returned 192 = 128 + 64 err 0
2022-12-27 00:00:29.623 13438-13531 AudioTrack              pid-13438                            V  obtainBuffer(64) returned 64 = 64 + 0 err 0
2022-12-27 00:00:29.627 13438-13531 AudioTrack              pid-13438                            V  obtainBuffer(192) returned 192 = 192 + 0 err 0
2022-12-27 00:00:29.659 13438-13531 chatty                  pid-13438                            I  uid=10213(com.inforcegames.app3dmodelling) AudioTrack identical 8 lines
2022-12-27 00:00:29.663 13438-13531 AudioTrack              pid-13438                            V  obtainBuffer(192) returned 192 = 192 + 0 err 0
2022-12-27 00:00:29.667 13438-13531 AudioTrack              pid-13438                            V  obtainBuffer(192) returned 192 = 64 + 128 err 0
2022-12-27 00:00:29.667 13438-13531 AudioTrack              pid-13438                            V  obtainBuffer(128) returned 128 = 128 + 0 err 0
2022-12-27 00:00:29.671 13438-13531 AudioTrack              pid-13438                            V  obtainBuffer(192) returned 192 = 192 + 0 err 0
2022-12-27 00:00:29.683 13438-13531 chatty                  pid-13438                            I  uid=10213(com.inforcegames.app3dmodelling) AudioTrack identical 3 lines
2022-12-27 00:00:29.687 13438-13531 AudioTrack              pid-13438                            V  obtainBuffer(192) returned 192 = 192 + 0 err 0
2022-12-27 00:00:29.691 13316-13316 SignalClusterView       pid-13316                            D  updateMobileTypeImage  0
2022-12-27 00:00:29.691 13438-13531 AudioTrack              pid-13438                            V  obtainBuffer(192) returned 192 = 192 + 0 err 0
2022-12-27 00:00:29.692 13316-13316 SignalClusterView       pid-13316                            D  updateMobileTypeImage  0
2022-12-27 00:00:29.693 13316-13316 chatty                  pid-13316                            I  uid=1000(system) com.android.systemui identical 1 line
2022-12-27 00:00:29.694 13316-13316 SignalClusterView       pid-13316                            D  updateMobileTypeImage  0
2022-12-27 00:00:29.695 13438-13531 AudioTrack              pid-13438                            V  obtainBuffer(192) returned 192 = 192 + 0 err 0
2022-12-27 00:00:29.719 13438-13531 chatty                  pid-13438                            I  uid=10213(com.inforcegames.app3dmodelling) AudioTrack identical 6 lines
2022-12-27 00:00:29.723 13438-13531 AudioTrack              pid-13438                            V  obtainBuffer(192) returned 192 = 192 + 0 err 0
2022-12-27 00:00:29.724  1302-1462  ThermalEngine           pid-1302                             D  sensor_wait: msm_therm Wait done.
2022-12-27 00:00:29.725  1302-1462  ThermalEngine           pid-1302                             D  sensor_monitor: msm_therm Reading 38000 .
2022-12-27 00:00:29.725  1302-1462  ThermalEngine           pid-1302                             I  Sensor:msm_therm:38000 mC
2022-12-27 00:00:29.725  1302-1462  ThermalEngine           pid-1302                             D  update_active_thresh: msm_therm Active(1), Hi(1) 44000, Lo(0) -2147483648, desc(0) Interval(1) 1000
2022-12-27 00:00:29.725  1302-1462  ThermalEngine           pid-1302                             D  sensor_monitor: msm_therm Sensor wait.
2022-12-27 00:00:29.725  1302-1462  ThermalEngine           pid-1302                             D  sensor_wait: msm_therm Wait start. 1000ms
2022-12-27 00:00:29.727 13438-13531 AudioTrack              pid-13438                            V  obtainBuffer(192) returned 192 = 192 + 0 err 0
2022-12-27 00:00:29.735 13438-13531 chatty                  pid-13438                            I  uid=10213(com.inforcegames.app3dmodelling) AudioTrack identical 2 lines
2022-12-27 00:00:29.740 13438-13531 AudioTrack              pid-13438                            V  obtainBuffer(192) returned 192 = 192 + 0 err 0
2022-12-27 00:00:29.743  1302-1463  ThermalEngine           pid-1302                             D  sensor_wait: quiet_therm Wait done.
2022-12-27 00:00:29.744 13438-13531 AudioTrack              pid-13438                            V  obtainBuffer(192) returned 192 = 192 + 0 err 0
2022-12-27 00:00:29.745  1302-1463  ThermalEngine           pid-1302                             D  sensor_monitor: quiet_therm Reading 37000 .
2022-12-27 00:00:29.745  1302-1463  ThermalEngine           pid-1302                             I  Sensor:quiet_therm:37000 mC
2022-12-27 00:00:29.745  1302-1463  ThermalEngine           pid-1302                             D  update_active_thresh: quiet_therm Active(1), Hi(1) 40000, Lo(0) -2147483648, desc(0) Interval(1) 1000
2022-12-27 00:00:29.745  1302-1463  ThermalEngine           pid-1302                             D  sensor_monitor: quiet_therm Sensor wait.
2022-12-27 00:00:29.745  1302-1463  ThermalEngine           pid-1302                             D  sensor_wait: quiet_therm Wait start. 1000ms
2022-12-27 00:00:29.747 13438-13531 AudioTrack              pid-13438                            V  obtainBuffer(192) returned 192 = 192 + 0 err 0
2022-12-27 00:00:29.751 13438-13531 AudioTrack              pid-13438                            V  obtainBuffer(192) returned 192 = 128 + 64 err 0
2022-12-27 00:00:29.751 13438-13531 AudioTrack              pid-13438                            V  obtainBuffer(64) returned 64 = 64 + 0 err 0
2022-12-27 00:00:29.755 13438-13531 AudioTrack              pid-13438                            V  obtainBuffer(192) returned 192 = 192 + 0 err 0
2022-12-27 00:00:29.787 13438-13531 chatty                  pid-13438                            I  uid=10213(com.inforcegames.app3dmodelling) AudioTrack identical 8 lines
2022-12-27 00:00:29.792 13438-13531 AudioTrack              pid-13438                            V  obtainBuffer(192) returned 192 = 192 + 0 err 0
2022-12-27 00:00:29.795 13438-13531 AudioTrack              pid-13438                            V  obtainBuffer(192) returned 192 = 64 + 128 err 0
2022-12-27 00:00:29.795 13438-13531 AudioTrack              pid-13438                            V  obtainBuffer(128) returned 128 = 128 + 0 err 0
2022-12-27 00:00:29.800 13438-13531 AudioTrack              pid-13438                            V  obtainBuffer(192) returned 192 = 192 + 0 err 0
2022-12-27 00:00:29.871 13438-13531 chatty                  pid-13438                            I  uid=10213(com.inforcegames.app3dmodelling) AudioTrack identical 18 lines
2022-12-27 00:00:29.875 13438-13531 AudioTrack              pid-13438                            V  obtainBuffer(192) returned 192 = 192 + 0 err 0
2022-12-27 00:00:29.879 13438-13531 AudioTrack              pid-13438                            V  obtainBuffer(192) returned 192 = 128 + 64 err 0
2022-12-27 00:00:29.879 13438-13531 AudioTrack              pid-13438                            V  obtainBuffer(64) returned 64 = 64 + 0 err 0
2022-12-27 00:00:29.883 13438-13531 AudioTrack              pid-13438                            V  obtainBuffer(192) returned 192 = 192 + 0 err 0
2022-12-27 00:00:29.911 13438-13531 chatty                  pid-13438                            I  uid=10213(com.inforcegames.app3dmodelling) AudioTrack identical 7 lines
2022-12-27 00:00:29.915 13438-13531 AudioTrack              pid-13438                            V  obtainBuffer(192) returned 192 = 192 + 0 err 0
2022-12-27 00:00:29.918 29504-14855 memtrack                pid-29504                            E  Couldn't load memtrack module
2022-12-27 00:00:29.918 29504-14855 android.os.Debug        pid-29504                            W  failed to get memory consumption info: -1
2022-12-27 00:00:29.919 13438-13531 AudioTrack              pid-13438                            V  obtainBuffer(192) returned 192 = 192 + 0 err 0
2022-12-27 00:00:29.924 13438-13531 AudioTrack              pid-13438                            V  obtainBuffer(192) returned 192 = 64 + 128 err 0
2022-12-27 00:00:29.924 13438-13531 AudioTrack              pid-13438                            V  obtainBuffer(128) returned 128 = 128 + 0 err 0
2022-12-27 00:00:29.928 13438-13531 AudioTrack              pid-13438                            V  obtainBuffer(192) returned 192 = 192 + 0 err 0
2022-12-27 00:00:29.999 13438-13531 chatty                  pid-13438                            I  uid=10213(com.inforcegames.app3dmodelling) AudioTrack identical 18 lines
2022-12-27 00:00:30.003 13438-13531 AudioTrack              pid-13438                            V  obtainBuffer(192) returned 192 = 192 + 0 err 0
2022-12-27 00:00:30.007 13438-13531 AudioTrack              pid-13438                            V  obtainBuffer(192) returned 192 = 128 + 64 err 0
2022-12-27 00:00:30.007 13438-13531 AudioTrack              pid-13438                            V  obtainBuffer(64) returned 64 = 64 + 0 err 0
2022-12-27 00:00:30.011 13438-13531 AudioTrack              pid-13438                            V  obtainBuffer(192) returned 192 = 192 + 0 err 0
2022-12-27 00:00:30.043 13438-13531 chatty                  pid-13438                            I  uid=10213(com.inforcegames.app3dmodelling) AudioTrack identical 8 lines
2022-12-27 00:00:30.047 13438-13531 AudioTrack              pid-13438                            V  obtainBuffer(192) returned 192 = 192 + 0 err 0
2022-12-27 00:00:30.051 13438-13531 AudioTrack              pid-13438                            V  obtainBuffer(192) returned 192 = 64 + 128 err 0
2022-12-27 00:00:30.052 13438-13531 AudioTrack              pid-13438                            V  obtainBuffer(128) returned 128 = 128 + 0 err 0
2022-12-27 00:00:30.055 13438-13531 AudioTrack              pid-13438                            V  obtainBuffer(192) returned 192 = 192 + 0 err 0
2022-12-27 00:00:30.128 13438-13531 chatty                  pid-13438                            I  uid=10213(com.inforcegames.app3dmodelling) AudioTrack identical 18 lines
2022-12-27 00:00:30.131 13438-13531 AudioTrack              pid-13438                            V  obtainBuffer(192) returned 192 = 192 + 0 err 0
2022-12-27 00:00:30.135 13438-13531 AudioTrack              pid-13438                            V  obtainBuffer(192) returned 192 = 128 + 64 err 0
2022-12-27 00:00:30.135 13438-13531 AudioTrack              pid-13438                            V  obtainBuffer(64) returned 64 = 64 + 0 err 0
2022-12-27 00:00:30.139 13438-13531 AudioTrack              pid-13438                            V  obtainBuffer(192) returned 192 = 192 + 0 err 0
2022-12-27 00:00:30.171 13438-13531 chatty                  pid-13438                            I  uid=10213(com.inforcegames.app3dmodelling) AudioTrack identical 8 lines
2022-12-27 00:00:30.175 13438-13531 AudioTrack              pid-13438                            V  obtainBuffer(192) returned 192 = 192 + 0 err 0
2022-12-27 00:00:30.180 13438-13531 AudioTrack              pid-13438                            V  obtainBuffer(192) returned 192 = 64 + 128 err 0
2022-12-27 00:00:30.180 13438-13531 AudioTrack              pid-13438                            V  obtainBuffer(128) returned 128 = 128 + 0 err 0
2022-12-27 00:00:30.183 13438-13531 AudioTrack              pid-13438                            V  obtainBuffer(192) returned 192 = 192 + 0 err 0
2022-12-27 00:00:30.255 13438-13531 chatty                  pid-13438                            I  uid=10213(com.inforcegames.app3dmodelling) AudioTrack identical 18 lines
2022-12-27 00:00:30.259 13438-13531 AudioTrack              pid-13438                            V  obtainBuffer(192) returned 192 = 192 + 0 err 0
2022-12-27 00:00:30.264 13438-13531 AudioTrack              pid-13438                            V  obtainBuffer(192) returned 192 = 128 + 64 err 0
2022-12-27 00:00:30.264 13438-13531 AudioTrack              pid-13438                            V  obtainBuffer(64) returned 64 = 64 + 0 err 0
2022-12-27 00:00:30.267 13438-13531 AudioTrack              pid-13438                            V  obtainBuffer(192) returned 192 = 192 + 0 err 0
2022-12-27 00:00:30.300 13438-13531 chatty                  pid-13438                            I  uid=10213(com.inforcegames.app3dmodelling) AudioTrack identical 8 lines
2022-12-27 00:00:30.303 13438-13531 AudioTrack              pid-13438                            V  obtainBuffer(192) returned 192 = 192 + 0 err 0
2022-12-27 00:00:30.307 13438-13531 AudioTrack              pid-13438                            V  obtainBuffer(192) returned 192 = 64 + 128 err 0
2022-12-27 00:00:30.307 13438-13531 AudioTrack              pid-13438                            V  obtainBuffer(128) returned 128 = 128 + 0 err 0
2022-12-27 00:00:30.311 13438-13531 AudioTrack              pid-13438                            V  obtainBuffer(192) returned 192 = 192 + 0 err 0
2022-12-27 00:00:30.383 13438-13531 chatty                  pid-13438                            I  uid=10213(com.inforcegames.app3dmodelling) AudioTrack identical 18 lines
2022-12-27 00:00:30.387 13438-13531 AudioTrack              pid-13438                            V  obtainBuffer(192) returned 192 = 192 + 0 err 0
2022-12-27 00:00:30.387  1302-1457  ThermalEngine           pid-1302                             D  sensor_wait: backlight_therm Wait done.
2022-12-27 00:00:30.389  1302-1457  ThermalEngine           pid-1302                             D  sensor_monitor: backlight_therm Reading 32000 .
2022-12-27 00:00:30.390  1302-1457  ThermalEngine           pid-1302                             I  Sensor:backlight_therm:32000 mC
2022-12-27 00:00:30.390  1302-1457  ThermalEngine           pid-1302                             D  update_active_thresh: backlight_therm Active(1), Hi(1) 45000, Lo(0) -2147483648, desc(0) Interval(1) 2000
2022-12-27 00:00:30.390  1302-1457  ThermalEngine           pid-1302                             D  sensor_monitor: backlight_therm Sensor wait.
2022-12-27 00:00:30.390  1302-1457  ThermalEngine           pid-1302                             D  sensor_wait: backlight_therm Wait start. 2000ms
2022-12-27 00:00:30.392 13438-13531 AudioTrack              pid-13438                            V  obtainBuffer(192) returned 192 = 128 + 64 err 0
2022-12-27 00:00:30.392 13438-13531 AudioTrack              pid-13438                            V  obtainBuffer(64) returned 64 = 64 + 0 err 0
2022-12-27 00:00:30.395 13438-13531 AudioTrack              pid-13438                            V  obtainBuffer(192) returned 192 = 192 + 0 err 0
2022-12-27 00:00:30.427 13438-13531 chatty                  pid-13438                            I  uid=10213(com.inforcegames.app3dmodelling) AudioTrack identical 8 lines
2022-12-27 00:00:30.431 13438-13531 AudioTrack              pid-13438                            V  obtainBuffer(192) returned 192 = 192 + 0 err 0
2022-12-27 00:00:30.435 13438-13531 AudioTrack              pid-13438                            V  obtainBuffer(192) returned 192 = 64 + 128 err 0
2022-12-27 00:00:30.435 13438-13531 AudioTrack              pid-13438                            V  obtainBuffer(128) returned 128 = 128 + 0 err 0
2022-12-27 00:00:30.439 13438-13531 AudioTrack              pid-13438                            V  obtainBuffer(192) returned 192 = 192 + 0 err 0
2022-12-27 00:00:30.511 13438-13531 chatty                  pid-13438                            I  uid=10213(com.inforcegames.app3dmodelling) AudioTrack identical 18 lines
2022-12-27 00:00:30.515 13438-13531 AudioTrack              pid-13438                            V  obtainBuffer(192) returned 192 = 192 + 0 err 0
2022-12-27 00:00:30.520 13438-13531 AudioTrack              pid-13438                            V  obtainBuffer(192) returned 192 = 128 + 64 err 0
2022-12-27 00:00:30.520 13438-13531 AudioTrack              pid-13438                            V  obtainBuffer(64) returned 64 = 64 + 0 err 0
2022-12-27 00:00:30.523 13438-13531 AudioTrack              pid-13438                            V  obtainBuffer(192) returned 192 = 192 + 0 err 0
2022-12-27 00:00:30.555 13438-13531 chatty                  pid-13438                            I  uid=10213(com.inforcegames.app3dmodelling) AudioTrack identical 8 lines
2022-12-27 00:00:30.559 13438-13531 AudioTrack              pid-13438                            V  obtainBuffer(192) returned 192 = 192 + 0 err 0
2022-12-27 00:00:30.563 13438-13531 AudioTrack              pid-13438                            V  obtainBuffer(192) returned 192 = 64 + 128 err 0
2022-12-27 00:00:30.563 13438-13531 AudioTrack              pid-13438                            V  obtainBuffer(128) returned 128 = 128 + 0 err 0
2022-12-27 00:00:30.568 13438-13531 AudioTrack              pid-13438                            V  obtainBuffer(192) returned 192 = 192 + 0 err 0
2022-12-27 00:00:30.639 13438-13531 chatty                  pid-13438                            I  uid=10213(com.inforcegames.app3dmodelling) AudioTrack identical 18 lines
2022-12-27 00:00:30.643 13438-13531 AudioTrack              pid-13438                            V  obtainBuffer(192) returned 192 = 192 + 0 err 0
2022-12-27 00:00:30.647 13438-13531 AudioTrack              pid-13438                            V  obtainBuffer(192) returned 192 = 128 + 64 err 0
2022-12-27 00:00:30.647 13438-13531 AudioTrack              pid-13438                            V  obtainBuffer(64) returned 64 = 64 + 0 err 0
2022-12-27 00:00:30.651 13438-13531 AudioTrack              pid-13438                            V  obtainBuffer(192) returned 192 = 192 + 0 err 0
2022-12-27 00:00:30.683 13438-13531 chatty                  pid-13438                            I  uid=10213(com.inforcegames.app3dmodelling) AudioTrack identical 8 lines
2022-12-27 00:00:30.687 13438-13531 AudioTrack              pid-13438                            V  obtainBuffer(192) returned 192 = 192 + 0 err 0
2022-12-27 00:00:30.691 13438-13531 AudioTrack              pid-13438                            V  obtainBuffer(192) returned 192 = 64 + 128 err 0
2022-12-27 00:00:30.691 13438-13531 AudioTrack              pid-13438                            V  obtainBuffer(128) returned 128 = 128 + 0 err 0
2022-12-27 00:00:30.695 13438-13531 AudioTrack              pid-13438                            V  obtainBuffer(192) returned 192 = 192 + 0 err 0
2022-12-27 00:00:30.719 13438-13531 chatty                  pid-13438                            I  uid=10213(com.inforcegames.app3dmodelling) AudioTrack identical 6 lines
2022-12-27 00:00:30.724 13438-13531 AudioTrack              pid-13438                            V  obtainBuffer(192) returned 192 = 192 + 0 err 0
2022-12-27 00:00:30.725  1302-1462  ThermalEngine           pid-1302                             D  sensor_wait: msm_therm Wait done.
2022-12-27 00:00:30.727  1302-1462  ThermalEngine           pid-1302                             D  sensor_monitor: msm_therm Reading 38000 .
2022-12-27 00:00:30.727  1302-1462  ThermalEngine           pid-1302                             I  Sensor:msm_therm:38000 mC
2022-12-27 00:00:30.727  1302-1462  ThermalEngine           pid-1302                             D  update_active_thresh: msm_therm Active(1), Hi(1) 44000, Lo(0) -2147483648, desc(0) Interval(1) 1000
2022-12-27 00:00:30.727  1302-1462  ThermalEngine           pid-1302                             D  sensor_monitor: msm_therm Sensor wait.
2022-12-27 00:00:30.727  1302-1462  ThermalEngine           pid-1302                             D  sensor_wait: msm_therm Wait start. 1000ms
2022-12-27 00:00:30.728 13438-13531 AudioTrack              pid-13438                            V  obtainBuffer(192) returned 192 = 192 + 0 err 0
2022-12-27 00:00:30.739 13438-13531 chatty                  pid-13438                            I  uid=10213(com.inforcegames.app3dmodelling) AudioTrack identical 3 lines
2022-12-27 00:00:30.743 13438-13531 AudioTrack              pid-13438                            V  obtainBuffer(192) returned 192 = 192 + 0 err 0
2022-12-27 00:00:30.745  1302-1463  ThermalEngine           pid-1302                             D  sensor_wait: quiet_therm Wait done.
2022-12-27 00:00:30.746  1302-1463  ThermalEngine           pid-1302                             D  sensor_monitor: quiet_therm Reading 37000 .
2022-12-27 00:00:30.746  1302-1463  ThermalEngine           pid-1302                             I  Sensor:quiet_therm:37000 mC
2022-12-27 00:00:30.746  1302-1463  ThermalEngine           pid-1302                             D  update_active_thresh: quiet_therm Active(1), Hi(1) 40000, Lo(0) -2147483648, desc(0) Interval(1) 1000
2022-12-27 00:00:30.746  1302-1463  ThermalEngine           pid-1302                             D  sensor_monitor: quiet_therm Sensor wait.
2022-12-27 00:00:30.746  1302-1463  ThermalEngine           pid-1302                             D  sensor_wait: quiet_therm Wait start. 1000ms
2022-12-27 00:00:30.747 13438-13531 AudioTrack              pid-13438                            V  obtainBuffer(192) returned 192 = 192 + 0 err 0
2022-12-27 00:00:30.767 13438-13531 chatty                  pid-13438                            I  uid=10213(com.inforcegames.app3dmodelling) AudioTrack identical 5 lines
2022-12-27 00:00:30.771 13438-13531 AudioTrack              pid-13438                            V  obtainBuffer(192) returned 192 = 192 + 0 err 0
2022-12-27 00:00:30.775 13438-13531 AudioTrack              pid-13438                            V  obtainBuffer(192) returned 192 = 128 + 64 err 0
2022-12-27 00:00:30.775 13438-13531 AudioTrack              pid-13438                            V  obtainBuffer(64) returned 64 = 64 + 0 err 0
2022-12-27 00:00:30.779 13438-13531 AudioTrack              pid-13438                            V  obtainBuffer(192) returned 192 = 192 + 0 err 0
2022-12-27 00:00:30.811 13438-13531 chatty                  pid-13438                            I  uid=10213(com.inforcegames.app3dmodelling) AudioTrack identical 8 lines
2022-12-27 00:00:30.815 13438-13531 AudioTrack              pid-13438                            V  obtainBuffer(192) returned 192 = 192 + 0 err 0
2022-12-27 00:00:30.819 13438-13531 AudioTrack              pid-13438                            V  obtainBuffer(192) returned 192 = 64 + 128 err 0
2022-12-27 00:00:30.819 13438-13531 AudioTrack              pid-13438                            V  obtainBuffer(128) returned 128 = 128 + 0 err 0
2022-12-27 00:00:30.819   688-944   audio_hw_spkr_prot      pid-688                              D  audio_extn_fbsp_get_parameters: Speaker protection disabled
2022-12-27 00:00:30.819   688-944   audio_hw_extn           pid-688                              D  audio_extn_get_parameters: returns 
2022-12-27 00:00:30.819   743-15843 hash_map_utils          pid-743                              I  key: 'hifi_mode' value: ''
2022-12-27 00:00:30.824 13438-13531 AudioTrack              pid-13438                            V  obtainBuffer(192) returned 192 = 192 + 0 err 0
2022-12-27 00:00:30.824 13438-13735 AudioManager            pid-13438                            D  getStreamVolume isRestricted mode = 0
2022-12-27 00:00:30.828 13438-13531 AudioTrack              pid-13438                            V  obtainBuffer(192) returned 192 = 192 + 0 err 0
2022-12-27 00:00:30.830   688-944   audio_hw_spkr_prot      pid-688                              D  audio_extn_fbsp_get_parameters: Speaker protection disabled
2022-12-27 00:00:30.830   688-944   audio_hw_extn           pid-688                              D  audio_extn_get_parameters: returns 
2022-12-27 00:00:30.831   743-15843 hash_map_utils          pid-743                              I  key: 'hifi_mode' value: ''
2022-12-27 00:00:30.831 13438-13531 AudioTrack              pid-13438                            V  obtainBuffer(192) returned 192 = 192 + 0 err 0
2022-12-27 00:00:30.895 13438-13531 chatty                  pid-13438                            I  uid=10213(com.inforcegames.app3dmodelling) AudioTrack identical 16 lines
2022-12-27 00:00:30.899 13438-13531 AudioTrack              pid-13438                            V  obtainBuffer(192) returned 192 = 192 + 0 err 0
2022-12-27 00:00:30.903 13438-13531 AudioTrack              pid-13438                            V  obtainBuffer(192) returned 192 = 128 + 64 err 0
2022-12-27 00:00:30.903 13438-13531 AudioTrack              pid-13438                            V  obtainBuffer(64) returned 64 = 64 + 0 err 0
2022-12-27 00:00:30.908 13438-13531 AudioTrack              pid-13438                            V  obtainBuffer(192) returned 192 = 192 + 0 err 0
2022-12-27 00:00:30.939 13438-13531 chatty                  pid-13438                            I  uid=10213(com.inforcegames.app3dmodelling) AudioTrack identical 8 lines
2022-12-27 00:00:30.944 13438-13531 AudioTrack              pid-13438                            V  obtainBuffer(192) returned 192 = 192 + 0 err 0
2022-12-27 00:00:30.947 13438-13531 AudioTrack              pid-13438                            V  obtainBuffer(192) returned 192 = 64 + 128 err 0
2022-12-27 00:00:30.947 13438-13531 AudioTrack              pid-13438                            V  obtainBuffer(128) returned 128 = 128 + 0 err 0
2022-12-27 00:00:30.951 13438-13531 AudioTrack              pid-13438                            V  obtainBuffer(192) returned 192 = 192 + 0 err 0
2022-12-27 00:00:31.023 13438-13531 chatty                  pid-13438                            I  uid=10213(com.inforcegames.app3dmodelling) AudioTrack identical 18 lines
2022-12-27 00:00:31.027 13438-13531 AudioTrack              pid-13438                            V  obtainBuffer(192) returned 192 = 192 + 0 err 0
2022-12-27 00:00:31.031 13438-13531 AudioTrack              pid-13438                            V  obtainBuffer(192) returned 192 = 128 + 64 err 0
2022-12-27 00:00:31.031 13438-13531 AudioTrack              pid-13438                            V  obtainBuffer(64) returned 64 = 64 + 0 err 0
2022-12-27 00:00:31.035 13438-13531 AudioTrack              pid-13438                            V  obtainBuffer(192) returned 192 = 192 + 0 err 0
2022-12-27 00:00:31.067 13438-13531 chatty                  pid-13438                            I  uid=10213(com.inforcegames.app3dmodelling) AudioTrack identical 8 lines
2022-12-27 00:00:31.071 13438-13531 AudioTrack              pid-13438                            V  obtainBuffer(192) returned 192 = 192 + 0 err 0
2022-12-27 00:00:31.076 13438-13531 AudioTrack              pid-13438                            V  obtainBuffer(192) returned 192 = 64 + 128 err 0
2022-12-27 00:00:31.076 13438-13531 AudioTrack              pid-13438                            V  obtainBuffer(128) returned 128 = 128 + 0 err 0
2022-12-27 00:00:31.079 13438-13531 AudioTrack              pid-13438                            V  obtainBuffer(192) returned 192 = 192 + 0 err 0
2022-12-27 00:00:31.151 13438-13531 chatty                  pid-13438                            I  uid=10213(com.inforcegames.app3dmodelling) AudioTrack identical 18 lines
2022-12-27 00:00:31.155 13438-13531 AudioTrack              pid-13438                            V  obtainBuffer(192) returned 192 = 192 + 0 err 0
2022-12-27 00:00:31.160 13438-13531 AudioTrack              pid-13438                            V  obtainBuffer(192) returned 192 = 128 + 64 err 0
2022-12-27 00:00:31.160 13438-13531 AudioTrack              pid-13438                            V  obtainBuffer(64) returned 64 = 64 + 0 err 0
2022-12-27 00:00:31.164 13438-13531 AudioTrack              pid-13438                            V  obtainBuffer(192) returned 192 = 192 + 0 err 0
2022-12-27 00:00:31.196 13438-13531 chatty                  pid-13438                            I  uid=10213(com.inforcegames.app3dmodelling) AudioTrack identical 8 lines
2022-12-27 00:00:31.199 13438-13531 AudioTrack              pid-13438                            V  obtainBuffer(192) returned 192 = 192 + 0 err 0
2022-12-27 00:00:31.203 13438-13531 AudioTrack              pid-13438                            V  obtainBuffer(192) returned 192 = 64 + 128 err 0
2022-12-27 00:00:31.204 13438-13531 AudioTrack              pid-13438                            V  obtainBuffer(128) returned 128 = 128 + 0 err 0
2022-12-27 00:00:31.208 13438-13531 AudioTrack              pid-13438                            V  obtainBuffer(192) returned 192 = 192 + 0 err 0
2022-12-27 00:00:31.279 13438-13531 chatty                  pid-13438                            I  uid=10213(com.inforcegames.app3dmodelling) AudioTrack identical 18 lines
2022-12-27 00:00:31.284 13438-13531 AudioTrack              pid-13438                            V  obtainBuffer(192) returned 192 = 192 + 0 err 0
2022-12-27 00:00:31.288 13438-13531 AudioTrack              pid-13438                            V  obtainBuffer(192) returned 192 = 128 + 64 err 0
2022-12-27 00:00:31.288 13438-13531 AudioTrack              pid-13438                            V  obtainBuffer(64) returned 64 = 64 + 0 err 0
2022-12-27 00:00:31.291 13438-13531 AudioTrack              pid-13438                            V  obtainBuffer(192) returned 192 = 192 + 0 err 0
2022-12-27 00:00:31.323 13438-13531 chatty                  pid-13438                            I  uid=10213(com.inforcegames.app3dmodelling) AudioTrack identical 8 lines
2022-12-27 00:00:31.327 13438-13531 AudioTrack              pid-13438                            V  obtainBuffer(192) returned 192 = 192 + 0 err 0
2022-12-27 00:00:31.331 13438-13531 AudioTrack              pid-13438                            V  obtainBuffer(192) returned 192 = 64 + 128 err 0
2022-12-27 00:00:31.331 13438-13531 AudioTrack              pid-13438                            V  obtainBuffer(128) returned 128 = 128 + 0 err 0
2022-12-27 00:00:31.335 13438-13531 AudioTrack              pid-13438                            V  obtainBuffer(192) returned 192 = 192 + 0 err 0
2022-12-27 00:00:31.360 13438-13531 chatty                  pid-13438                            I  uid=10213(com.inforcegames.app3dmodelling) AudioTrack identical 6 lines
2022-12-27 00:00:31.365 13438-13531 AudioTrack              pid-13438                            V  obtainBuffer(192) returned 192 = 192 + 0 err 0
2022-12-27 00:00:31.366 13316-13371 MobileSignalController  pid-13316                            D  onSignalStrengthsChanged: SignalStrength: 99 0 -120 -160 -120 -160 -1 28 -87 -9 300 2147483647 0 2147483647 99 255 2147483647 gsm|lte use_rsrp_and_rssnr_for_lte_level  [-120, -115, -110, -105, -97] [-115, -105, -95, -85]
2022-12-27 00:00:31.366 13316-13371 NetworkCon...troller(1) pid-13316                            D  4G level = 5
2022-12-27 00:00:31.368 13438-13531 AudioTrack              pid-13438                            V  obtainBuffer(192) returned 192 = 192 + 0 err 0
2022-12-27 00:00:31.407 13438-13531 chatty                  pid-13438                            I  uid=10213(com.inforcegames.app3dmodelling) AudioTrack identical 10 lines
2022-12-27 00:00:31.411 13438-13531 AudioTrack              pid-13438                            V  obtainBuffer(192) returned 192 = 192 + 0 err 0
2022-12-27 00:00:31.415 13438-13531 AudioTrack              pid-13438                            V  obtainBuffer(192) returned 192 = 128 + 64 err 0
2022-12-27 00:00:31.415 13438-13531 AudioTrack              pid-13438                            V  obtainBuffer(64) returned 64 = 64 + 0 err 0
2022-12-27 00:00:31.421 13438-13531 AudioTrack              pid-13438                            V  obtainBuffer(192) returned 192 = 192 + 0 err 0
2022-12-27 00:00:31.452 13438-13531 chatty                  pid-13438                            I  uid=10213(com.inforcegames.app3dmodelling) AudioTrack identical 8 lines
2022-12-27 00:00:31.456 13438-13531 AudioTrack              pid-13438                            V  obtainBuffer(192) returned 192 = 192 + 0 err 0
2022-12-27 00:00:31.459 13438-13531 AudioTrack              pid-13438                            V  obtainBuffer(192) returned 192 = 64 + 128 err 0
2022-12-27 00:00:31.459 13438-13531 AudioTrack              pid-13438                            V  obtainBuffer(128) returned 128 = 128 + 0 err 0
2022-12-27 00:00:31.463 13438-13531 AudioTrack              pid-13438                            V  obtainBuffer(192) returned 192 = 192 + 0 err 0
2022-12-27 00:00:31.535 13438-13531 chatty                  pid-13438                            I  uid=10213(com.inforcegames.app3dmodelling) AudioTrack identical 18 lines
2022-12-27 00:00:31.539 13438-13531 AudioTrack              pid-13438                            V  obtainBuffer(192) returned 192 = 192 + 0 err 0
2022-12-27 00:00:31.543 13438-13531 AudioTrack              pid-13438                            V  obtainBuffer(192) returned 192 = 128 + 64 err 0
2022-12-27 00:00:31.543 13438-13531 AudioTrack              pid-13438                            V  obtainBuffer(64) returned 64 = 64 + 0 err 0
2022-12-27 00:00:31.548 13438-13531 AudioTrack              pid-13438                            V  obtainBuffer(192) returned 192 = 192 + 0 err 0
2022-12-27 00:00:31.579 13438-13531 chatty                  pid-13438                            I  uid=10213(com.inforcegames.app3dmodelling) AudioTrack identical 8 lines
2022-12-27 00:00:31.583 13438-13531 AudioTrack              pid-13438                            V  obtainBuffer(192) returned 192 = 192 + 0 err 0
2022-12-27 00:00:31.587 13438-13531 AudioTrack              pid-13438                            V  obtainBuffer(192) returned 192 = 64 + 128 err 0
2022-12-27 00:00:31.587 13438-13531 AudioTrack              pid-13438                            V  obtainBuffer(128) returned 128 = 128 + 0 err 0
2022-12-27 00:00:31.591 13438-13531 AudioTrack              pid-13438                            V  obtainBuffer(192) returned 192 = 192 + 0 err 0
2022-12-27 00:00:31.663 13438-13531 chatty                  pid-13438                            I  uid=10213(com.inforcegames.app3dmodelling) AudioTrack identical 18 lines
2022-12-27 00:00:31.667 13438-13531 AudioTrack              pid-13438                            V  obtainBuffer(192) returned 192 = 192 + 0 err 0
2022-12-27 00:00:31.671 13438-13531 AudioTrack              pid-13438                            V  obtainBuffer(192) returned 192 = 128 + 64 err 0
2022-12-27 00:00:31.671 13438-13531 AudioTrack              pid-13438                            V  obtainBuffer(64) returned 64 = 64 + 0 err 0
2022-12-27 00:00:31.676 13438-13531 AudioTrack              pid-13438                            V  obtainBuffer(192) returned 192 = 192 + 0 err 0
2022-12-27 00:00:31.708 13438-13531 chatty                  pid-13438                            I  uid=10213(com.inforcegames.app3dmodelling) AudioTrack identical 8 lines
2022-12-27 00:00:31.711 13438-13531 AudioTrack              pid-13438                            V  obtainBuffer(192) returned 192 = 192 + 0 err 0
2022-12-27 00:00:31.715 13438-13531 AudioTrack              pid-13438                            V  obtainBuffer(192) returned 192 = 64 + 128 err 0
2022-12-27 00:00:31.715 13438-13531 AudioTrack              pid-13438                            V  obtainBuffer(128) returned 128 = 128 + 0 err 0
2022-12-27 00:00:31.719 13438-13531 AudioTrack              pid-13438                            V  obtainBuffer(192) returned 192 = 192 + 0 err 0
2022-12-27 00:00:31.724 13438-13531 AudioTrack              pid-13438                            V  obtainBuffer(192) returned 192 = 192 + 0 err 0
