2022-12-27 00:00:34.747 13438-13531 AudioTrack              pid-13438                            V  obtainBuffer(192) returned 192 = 192 + 0 err 0
2022-12-27 00:00:34.751 13438-13531 AudioTrack              pid-13438                            V  obtainBuffer(192) returned 192 = 192 + 0 err 0
2022-12-27 00:00:34.752  1302-1463  ThermalEngine           pid-1302                             D  sensor_wait: quiet_therm Wait done.
2022-12-27 00:00:34.754  1302-1463  ThermalEngine           pid-1302                             D  sensor_monitor: quiet_therm Reading 37000 .
2022-12-27 00:00:34.754  1302-1463  ThermalEngine           pid-1302                             I  Sensor:quiet_therm:37000 mC
2022-12-27 00:00:34.754  1302-1463  ThermalEngine           pid-1302                             D  update_active_thresh: quiet_therm Active(1), Hi(1) 40000, Lo(0) -2147483648, desc(0) Interval(1) 1000
2022-12-27 00:00:34.754  1302-1463  ThermalEngine           pid-1302                             D  sensor_monitor: quiet_therm Sensor wait.
2022-12-27 00:00:34.754  1302-1463  ThermalEngine           pid-1302                             D  sensor_wait: quiet_therm Wait start. 1000ms
2022-12-27 00:00:34.755 13438-13531 AudioTrack              pid-13438                            V  obtainBuffer(192) returned 192 = 192 + 0 err 0
2022-12-27 00:00:34.779 13438-13531 chatty                  pid-13438                            I  uid=10213(com.inforcegames.app3dmodelling) AudioTrack identical 6 lines
2022-12-27 00:00:34.783 13438-13531 AudioTrack              pid-13438                            V  obtainBuffer(192) returned 192 = 192 + 0 err 0
2022-12-27 00:00:34.787 13438-13531 AudioTrack              pid-13438                            V  obtainBuffer(192) returned 192 = 64 + 128 err 0
2022-12-27 00:00:34.787 13438-13531 AudioTrack              pid-13438                            V  obtainBuffer(128) returned 128 = 128 + 0 err 0
2022-12-27 00:00:34.790 13438-14863 AudioManager            pid-13438                            I  In isSpeakerphoneOn(), calling application: com.inforcegames.app3dmodelling
2022-12-27 00:00:34.791 13438-13531 AudioTrack              pid-13438                            V  obtainBuffer(192) returned 192 = 192 + 0 err 0
2022-12-27 00:00:34.791  2280-3287  AudioService            pid-2280                             I  In isSpeakerphoneOn(), mForcedUseForCommExt: 0
2022-12-27 00:00:34.795 13438-13531 AudioTrack              pid-13438                            V  obtainBuffer(192) returned 192 = 192 + 0 err 0
2022-12-27 00:00:34.796 13438-14863 AudioManager            pid-13438                            D  getStreamVolume isRestricted mode = 0
2022-12-27 00:00:34.799 13438-13531 AudioTrack              pid-13438                            V  obtainBuffer(192) returned 192 = 192 + 0 err 0
2022-12-27 00:00:34.801   688-944   audio_hw_spkr_prot      pid-688                              D  audio_extn_fbsp_get_parameters: Speaker protection disabled
2022-12-27 00:00:34.801   688-944   audio_hw_extn           pid-688                              D  audio_extn_get_parameters: returns 
2022-12-27 00:00:34.802   743-15843 hash_map_utils          pid-743                              I  key: 'hifi_mode' value: ''
2022-12-27 00:00:34.803 13438-13531 AudioTrack              pid-13438                            V  obtainBuffer(192) returned 192 = 192 + 0 err 0
2022-12-27 00:00:34.804 13438-14863 AudioManager            pid-13438                            D  getStreamVolume isRestricted mode = 0
2022-12-27 00:00:34.807 13438-13531 AudioTrack              pid-13438                            V  obtainBuffer(192) returned 192 = 192 + 0 err 0
2022-12-27 00:00:34.823 13438-13531 chatty                  pid-13438                            I  uid=10213(com.inforcegames.app3dmodelling) AudioTrack identical 4 lines
2022-12-27 00:00:34.827 13438-13531 AudioTrack              pid-13438                            V  obtainBuffer(192) returned 192 = 192 + 0 err 0
2022-12-27 00:00:34.828 13438-13438 ConnectionStatusConfig  pid-13438                            W  Dynamic lookup for intent failed for action: com.google.android.gms.ads.service.CACHE
2022-12-27 00:00:34.831 13438-13531 AudioTrack              pid-13438                            V  obtainBuffer(192) returned 192 = 192 + 0 err 0
2022-12-27 00:00:34.835 13438-13531 AudioTrack              pid-13438                            V  obtainBuffer(192) returned 192 = 192 + 0 err 0
2022-12-27 00:00:34.837  2280-3246  CompatibilityInfo       pid-2280                             D  mCompatibilityFlags - 0
2022-12-27 00:00:34.837  2280-3246  CompatibilityInfo       pid-2280                             D  applicationDensity - 440
2022-12-27 00:00:34.837  2280-3246  CompatibilityInfo       pid-2280                             D  applicationScale - 1.0
2022-12-27 00:00:34.839 13438-13531 AudioTrack              pid-13438                            V  obtainBuffer(192) returned 192 = 192 + 0 err 0
2022-12-27 00:00:34.843 29504-29504 BoundBrokerSvc          pid-29504                            D  onBind: Intent { act=com.google.android.gms.ads.service.CACHE pkg=com.google.android.gms }
2022-12-27 00:00:34.843 29504-29504 BoundBrokerSvc          pid-29504                            D  Loading bound service for intent: Intent { act=com.google.android.gms.ads.service.CACHE pkg=com.google.android.gms }
2022-12-27 00:00:34.843 13438-13531 AudioTrack              pid-13438                            V  obtainBuffer(192) returned 192 = 192 + 0 err 0
2022-12-27 00:00:34.863 13438-13531 chatty                  pid-13438                            I  uid=10213(com.inforcegames.app3dmodelling) AudioTrack identical 5 lines
2022-12-27 00:00:34.867 13438-13531 AudioTrack              pid-13438                            V  obtainBuffer(192) returned 192 = 192 + 0 err 0
2022-12-27 00:00:34.871 13438-13531 AudioTrack              pid-13438                            V  obtainBuffer(192) returned 192 = 128 + 64 err 0
2022-12-27 00:00:34.871 13438-13531 AudioTrack              pid-13438                            V  obtainBuffer(64) returned 64 = 64 + 0 err 0
2022-12-27 00:00:34.875 13438-13531 AudioTrack              pid-13438                            V  obtainBuffer(192) returned 192 = 192 + 0 err 0
2022-12-27 00:00:34.879 13438-13531 chatty                  pid-13438                            I  uid=10213(com.inforcegames.app3dmodelling) AudioTrack identical 1 line
2022-12-27 00:00:34.883 13438-13531 AudioTrack              pid-13438                            V  obtainBuffer(192) returned 192 = 192 + 0 err 0
2022-12-27 00:00:34.885 13438-14862 Ads                     pid-13438                            E  Couldn't create RTB adapter : 
                                                                                                    android.os.RemoteException
                                                                                                    	at com.google.android.gms.internal.ads.zzbtw.zzc(com.google.android.gms:play-services-ads-lite@@21.0.0:4)
                                                                                                    	at com.google.android.gms.internal.ads.zzbty.zzbI(com.google.android.gms:play-services-ads-lite@@21.0.0:8)
                                                                                                    	at com.google.android.gms.internal.ads.zzaqw.onTransact(com.google.android.gms:play-services-ads-base@@21.0.0:3)
                                                                                                    	at android.os.Binder.transact(Binder.java:667)
                                                                                                    	at afj.bd(:com.google.android.gms.policy_ads_fdr_dynamite@224400003@224400003057.484457631.484457631:2)
                                                                                                    	at com.google.android.gms.ads.internal.mediation.client.b.c(:com.google.android.gms.policy_ads_fdr_dynamite@224400003@224400003057.484457631.484457631:1)
                                                                                                    	at com.google.android.gms.ads.nonagon.adapter.e.b(:com.google.android.gms.policy_ads_fdr_dynamite@224400003@224400003057.484457631.484457631:1)
                                                                                                    	at com.google.android.gms.ads.nonagon.signals.ei.a(:com.google.android.gms.policy_ads_fdr_dynamite@224400003@224400003057.484457631.484457631:3)
                                                                                                    	at brk.a(:com.google.android.gms.policy_ads_fdr_dynamite@224400003@224400003057.484457631.484457631:2)
                                                                                                    	at bqt.run(:com.google.android.gms.policy_ads_fdr_dynamite@224400003@224400003057.484457631.484457631:3)
                                                                                                    	at brm.run(:com.google.android.gms.policy_ads_fdr_dynamite@224400003@224400003057.484457631.484457631:0)
                                                                                                    	at java.util.concurrent.ThreadPoolExecutor.runWorker(ThreadPoolExecutor.java:1167)
                                                                                                    	at java.util.concurrent.ThreadPoolExecutor$Worker.run(ThreadPoolExecutor.java:641)
                                                                                                    	at java.lang.Thread.run(Thread.java:764)
2022-12-27 00:00:34.887 13438-13531 AudioTrack              pid-13438                            V  obtainBuffer(192) returned 192 = 192 + 0 err 0
2022-12-27 00:00:34.907 13438-13531 chatty                  pid-13438                            I  uid=10213(com.inforcegames.app3dmodelling) AudioTrack identical 5 lines
2022-12-27 00:00:34.911 13438-13531 AudioTrack              pid-13438                            V  obtainBuffer(192) returned 192 = 192 + 0 err 0
2022-12-27 00:00:34.915 13438-13531 AudioTrack              pid-13438                            V  obtainBuffer(192) returned 192 = 64 + 128 err 0
2022-12-27 00:00:34.915 13438-13531 AudioTrack              pid-13438                            V  obtainBuffer(128) returned 128 = 128 + 0 err 0
2022-12-27 00:00:34.919 13438-13531 AudioTrack              pid-13438                            V  obtainBuffer(192) returned 192 = 192 + 0 err 0
2022-12-27 00:00:34.923 13438-13531 AudioTrack              pid-13438                            V  obtainBuffer(192) returned 192 = 192 + 0 err 0
2022-12-27 00:00:34.924 13438-14868 ConnectionStatusConfig  pid-13438                            W  Dynamic lookup for intent failed for action: com.google.android.gms.ads.service.START
2022-12-27 00:00:34.927 13438-13531 AudioTrack              pid-13438                            V  obtainBuffer(192) returned 192 = 192 + 0 err 0
2022-12-27 00:00:34.929  2280-3246  CompatibilityInfo       pid-2280                             D  mCompatibilityFlags - 0
2022-12-27 00:00:34.929  2280-3246  CompatibilityInfo       pid-2280                             D  applicationDensity - 440
2022-12-27 00:00:34.929  2280-3246  CompatibilityInfo       pid-2280                             D  applicationScale - 1.0
2022-12-27 00:00:34.931 13438-13531 AudioTrack              pid-13438                            V  obtainBuffer(192) returned 192 = 192 + 0 err 0
2022-12-27 00:00:34.932 29504-29504 BoundBrokerSvc          pid-29504                            D  onBind: Intent { act=com.google.android.gms.ads.service.START pkg=com.google.android.gms }
2022-12-27 00:00:34.932 29504-29504 BoundBrokerSvc          pid-29504                            D  Loading bound service for intent: Intent { act=com.google.android.gms.ads.service.START pkg=com.google.android.gms }
2022-12-27 00:00:34.935 13438-13531 AudioTrack              pid-13438                            V  obtainBuffer(192) returned 192 = 192 + 0 err 0
2022-12-27 00:00:34.951 13438-13531 chatty                  pid-13438                            I  uid=10213(com.inforcegames.app3dmodelling) AudioTrack identical 4 lines
2022-12-27 00:00:34.955 13438-13531 AudioTrack              pid-13438                            V  obtainBuffer(192) returned 192 = 192 + 0 err 0
2022-12-27 00:00:34.955   688-944   audio_hw_spkr_prot      pid-688                              D  audio_extn_fbsp_get_parameters: Speaker protection disabled
2022-12-27 00:00:34.955   688-944   audio_hw_extn           pid-688                              D  audio_extn_get_parameters: returns 
2022-12-27 00:00:34.955   743-15843 hash_map_utils          pid-743                              I  key: 'hifi_mode' value: ''
2022-12-27 00:00:34.958 13438-13735 AudioManager            pid-13438                            D  getStreamVolume isRestricted mode = 0
2022-12-27 00:00:34.959 13438-13531 AudioTrack              pid-13438                            V  obtainBuffer(192) returned 192 = 192 + 0 err 0
2022-12-27 00:00:34.959   688-944   audio_hw_spkr_prot      pid-688                              D  audio_extn_fbsp_get_parameters: Speaker protection disabled
2022-12-27 00:00:34.959   688-944   audio_hw_extn           pid-688                              D  audio_extn_get_parameters: returns 
2022-12-27 00:00:34.960   743-15843 hash_map_utils          pid-743                              I  key: 'hifi_mode' value: ''
2022-12-27 00:00:34.963 13438-13531 AudioTrack              pid-13438                            V  obtainBuffer(192) returned 192 = 192 + 0 err 0
2022-12-27 00:00:34.979 13438-13531 chatty                  pid-13438                            I  uid=10213(com.inforcegames.app3dmodelling) AudioTrack identical 4 lines
2022-12-27 00:00:34.983 13438-13531 AudioTrack              pid-13438                            V  obtainBuffer(192) returned 192 = 192 + 0 err 0
2022-12-27 00:00:34.987  2280-2733  CompatibilityInfo       pid-2280                             D  mCompatibilityFlags - 0
2022-12-27 00:00:34.987  2280-2733  CompatibilityInfo       pid-2280                             D  applicationDensity - 440
2022-12-27 00:00:34.987  2280-2733  CompatibilityInfo       pid-2280                             D  applicationScale - 1.0
2022-12-27 00:00:34.987 13438-13531 AudioTrack              pid-13438                            V  obtainBuffer(192) returned 192 = 192 + 0 err 0
2022-12-27 00:00:34.991 13438-13531 chatty                  pid-13438                            I  uid=10213(com.inforcegames.app3dmodelling) AudioTrack identical 1 line
2022-12-27 00:00:34.995 13438-13531 AudioTrack              pid-13438                            V  obtainBuffer(192) returned 192 = 192 + 0 err 0
2022-12-27 00:00:34.999 13438-13531 AudioTrack              pid-13438                            V  obtainBuffer(192) returned 192 = 128 + 64 err 0
2022-12-27 00:00:34.999 13438-13531 AudioTrack              pid-13438                            V  obtainBuffer(64) returned 64 = 64 + 0 err 0
2022-12-27 00:00:35.001  2280-2733  CompatibilityInfo       pid-2280                             D  mCompatibilityFlags - 0
2022-12-27 00:00:35.001  2280-2733  CompatibilityInfo       pid-2280                             D  applicationDensity - 440
2022-12-27 00:00:35.001  2280-2733  CompatibilityInfo       pid-2280                             D  applicationScale - 1.0
2022-12-27 00:00:35.003 13438-13531 AudioTrack              pid-13438                            V  obtainBuffer(192) returned 192 = 192 + 0 err 0
2022-12-27 00:00:35.008 13438-13531 chatty                  pid-13438                            I  uid=10213(com.inforcegames.app3dmodelling) AudioTrack identical 1 line
2022-12-27 00:00:35.011 13438-13531 AudioTrack              pid-13438                            V  obtainBuffer(192) returned 192 = 192 + 0 err 0
2022-12-27 00:00:35.012  2280-2733  CompatibilityInfo       pid-2280                             D  mCompatibilityFlags - 0
2022-12-27 00:00:35.012  2280-2733  CompatibilityInfo       pid-2280                             D  applicationDensity - 440
2022-12-27 00:00:35.012  2280-2733  CompatibilityInfo       pid-2280                             D  applicationScale - 1.0
2022-12-27 00:00:35.015 13438-13531 AudioTrack              pid-13438                            V  obtainBuffer(192) returned 192 = 192 + 0 err 0
2022-12-27 00:00:35.031 13438-13531 chatty                  pid-13438                            I  uid=10213(com.inforcegames.app3dmodelling) AudioTrack identical 4 lines
2022-12-27 00:00:35.035 13438-13531 AudioTrack              pid-13438                            V  obtainBuffer(192) returned 192 = 192 + 0 err 0
2022-12-27 00:00:35.036  2280-2733  CompatibilityInfo       pid-2280                             D  mCompatibilityFlags - 0
2022-12-27 00:00:35.036  2280-2733  CompatibilityInfo       pid-2280                             D  applicationDensity - 440
2022-12-27 00:00:35.036  2280-2733  CompatibilityInfo       pid-2280                             D  applicationScale - 1.0
2022-12-27 00:00:35.039 13438-13531 AudioTrack              pid-13438                            V  obtainBuffer(192) returned 192 = 192 + 0 err 0
2022-12-27 00:00:35.043 13438-13531 AudioTrack              pid-13438                            V  obtainBuffer(192) returned 192 = 64 + 128 err 0
2022-12-27 00:00:35.043 13438-13531 AudioTrack              pid-13438                            V  obtainBuffer(128) returned 128 = 128 + 0 err 0
2022-12-27 00:00:35.047 13438-13531 AudioTrack              pid-13438                            V  obtainBuffer(192) returned 192 = 192 + 0 err 0
2022-12-27 00:00:35.060 13438-13531 chatty                  pid-13438                            I  uid=10213(com.inforcegames.app3dmodelling) AudioTrack identical 3 lines
2022-12-27 00:00:35.063 13438-13531 AudioTrack              pid-13438                            V  obtainBuffer(192) returned 192 = 192 + 0 err 0
2022-12-27 00:00:35.064 29504-14873 Icing                   pid-29504                            I  IndexChimeraService.getServiceInterface callingPackage=com.google.android.gms componentName=null serviceId=30
2022-12-27 00:00:35.067 13438-13531 AudioTrack              pid-13438                            V  obtainBuffer(192) returned 192 = 192 + 0 err 0
2022-12-27 00:00:35.083 13438-13531 chatty                  pid-13438                            I  uid=10213(com.inforcegames.app3dmodelling) AudioTrack identical 4 lines
2022-12-27 00:00:35.087 13438-13531 AudioTrack              pid-13438                            V  obtainBuffer(192) returned 192 = 192 + 0 err 0
2022-12-27 00:00:35.089 29504-14406 GmsCoreXrpcWrapper      pid-29504                            I  Returning a channel provider with trafficStatsTag=12803 trafficStatsUid=-1
2022-12-27 00:00:35.091 13438-13531 AudioTrack              pid-13438                            V  obtainBuffer(192) returned 192 = 192 + 0 err 0
2022-12-27 00:00:35.112 13438-13531 chatty                  pid-13438                            I  uid=10213(com.inforcegames.app3dmodelling) AudioTrack identical 5 lines
2022-12-27 00:00:35.115 13438-13531 AudioTrack              pid-13438                            V  obtainBuffer(192) returned 192 = 192 + 0 err 0
2022-12-27 00:00:35.118 29504-14406 Icing                   pid-29504                            I  Usage reports ok 0, Failed Usage reports 0, indexed 0, rejected 0
2022-12-27 00:00:35.119 13438-13531 AudioTrack              pid-13438                            V  obtainBuffer(192) returned 192 = 192 + 0 err 0
2022-12-27 00:00:35.123 13438-13531 AudioTrack              pid-13438                            V  obtainBuffer(192) returned 192 = 192 + 0 err 0
2022-12-27 00:00:35.127 13438-13531 AudioTrack              pid-13438                            V  obtainBuffer(192) returned 192 = 128 + 64 err 0
2022-12-27 00:00:35.127 13438-13531 AudioTrack              pid-13438                            V  obtainBuffer(64) returned 64 = 64 + 0 err 0
2022-12-27 00:00:35.131 13438-13531 AudioTrack              pid-13438                            V  obtainBuffer(192) returned 192 = 192 + 0 err 0
2022-12-27 00:00:35.139 13438-13531 chatty                  pid-13438                            I  uid=10213(com.inforcegames.app3dmodelling) AudioTrack identical 2 lines
2022-12-27 00:00:35.144 13438-13531 AudioTrack              pid-13438                            V  obtainBuffer(192) returned 192 = 192 + 0 err 0
2022-12-27 00:00:35.146 29504-14873 Ads                     pid-29504                            I  SDK version: afma-sdk-a-v224400999.221310000.1
2022-12-27 00:00:35.147 13438-13531 AudioTrack              pid-13438                            V  obtainBuffer(192) returned 192 = 192 + 0 err 0
2022-12-27 00:00:35.148 29504-14873 Ads                     pid-29504                            I  HTTP timeout: 60000 milliseconds.
2022-12-27 00:00:35.151 13438-13531 AudioTrack              pid-13438                            V  obtainBuffer(192) returned 192 = 192 + 0 err 0
2022-12-27 00:00:35.163 13438-13531 chatty                  pid-13438                            I  uid=10213(com.inforcegames.app3dmodelling) AudioTrack identical 3 lines
2022-12-27 00:00:35.167 13438-13531 AudioTrack              pid-13438                            V  obtainBuffer(192) returned 192 = 192 + 0 err 0
2022-12-27 00:00:35.171 13438-13531 AudioTrack              pid-13438                            V  obtainBuffer(192) returned 192 = 64 + 128 err 0
2022-12-27 00:00:35.171 13438-13531 AudioTrack              pid-13438                            V  obtainBuffer(128) returned 128 = 128 + 0 err 0
2022-12-27 00:00:35.175 13438-13531 AudioTrack              pid-13438                            V  obtainBuffer(192) returned 192 = 192 + 0 err 0
2022-12-27 00:00:35.247 13438-13531 chatty                  pid-13438                            I  uid=10213(com.inforcegames.app3dmodelling) AudioTrack identical 18 lines
2022-12-27 00:00:35.251 13438-13531 AudioTrack              pid-13438                            V  obtainBuffer(192) returned 192 = 192 + 0 err 0
2022-12-27 00:00:35.255 13438-13531 AudioTrack              pid-13438                            V  obtainBuffer(192) returned 192 = 128 + 64 err 0
2022-12-27 00:00:35.255 13438-13531 AudioTrack              pid-13438                            V  obtainBuffer(64) returned 64 = 64 + 0 err 0
2022-12-27 00:00:35.259 13438-13531 AudioTrack              pid-13438                            V  obtainBuffer(192) returned 192 = 192 + 0 err 0
2022-12-27 00:00:35.292 13438-13531 chatty                  pid-13438                            I  uid=10213(com.inforcegames.app3dmodelling) AudioTrack identical 8 lines
2022-12-27 00:00:35.295 13438-13531 AudioTrack              pid-13438                            V  obtainBuffer(192) returned 192 = 192 + 0 err 0
2022-12-27 00:00:35.299 13438-13531 AudioTrack              pid-13438                            V  obtainBuffer(192) returned 192 = 64 + 128 err 0
2022-12-27 00:00:35.299 13438-13531 AudioTrack              pid-13438                            V  obtainBuffer(128) returned 128 = 128 + 0 err 0
2022-12-27 00:00:35.303 13438-13531 AudioTrack              pid-13438                            V  obtainBuffer(192) returned 192 = 192 + 0 err 0
2022-12-27 00:00:35.375 13438-13531 chatty                  pid-13438                            I  uid=10213(com.inforcegames.app3dmodelling) AudioTrack identical 18 lines
2022-12-27 00:00:35.380 13438-13531 AudioTrack              pid-13438                            V  obtainBuffer(192) returned 192 = 192 + 0 err 0
2022-12-27 00:00:35.383 13438-13531 AudioTrack              pid-13438                            V  obtainBuffer(192) returned 192 = 128 + 64 err 0
2022-12-27 00:00:35.383 13438-13531 AudioTrack              pid-13438                            V  obtainBuffer(64) returned 64 = 64 + 0 err 0