2022-12-27 00:00:31.728  1302-1462  ThermalEngine           pid-1302                             D  sensor_wait: msm_therm Wait done.
2022-12-27 00:00:31.728 13438-13531 AudioTrack              pid-13438                            V  obtainBuffer(192) returned 192 = 192 + 0 err 0
2022-12-27 00:00:31.729  1302-1462  ThermalEngine           pid-1302                             D  sensor_monitor: msm_therm Reading 38000 .
2022-12-27 00:00:31.729  1302-1462  ThermalEngine           pid-1302                             I  Sensor:msm_therm:38000 mC
2022-12-27 00:00:31.729  1302-1462  ThermalEngine           pid-1302                             D  update_active_thresh: msm_therm Active(1), Hi(1) 44000, Lo(0) -2147483648, desc(0) Interval(1) 1000
2022-12-27 00:00:31.729  1302-1462  ThermalEngine           pid-1302                             D  sensor_monitor: msm_therm Sensor wait.
2022-12-27 00:00:31.729  1302-1462  ThermalEngine           pid-1302                             D  sensor_wait: msm_therm Wait start. 1000ms
2022-12-27 00:00:31.731 13438-13531 AudioTrack              pid-13438                            V  obtainBuffer(192) returned 192 = 192 + 0 err 0
2022-12-27 00:00:31.740 13438-13531 chatty                  pid-13438                            I  uid=10213(com.inforcegames.app3dmodelling) AudioTrack identical 2 lines
2022-12-27 00:00:31.743 13438-13531 AudioTrack              pid-13438                            V  obtainBuffer(192) returned 192 = 192 + 0 err 0
2022-12-27 00:00:31.746  1302-1463  ThermalEngine           pid-1302                             D  sensor_wait: quiet_therm Wait done.
2022-12-27 00:00:31.747 13438-13531 AudioTrack              pid-13438                            V  obtainBuffer(192) returned 192 = 192 + 0 err 0
2022-12-27 00:00:31.748  1302-1463  ThermalEngine           pid-1302                             D  sensor_monitor: quiet_therm Reading 37000 .
2022-12-27 00:00:31.748  1302-1463  ThermalEngine           pid-1302                             I  Sensor:quiet_therm:37000 mC
2022-12-27 00:00:31.748  1302-1463  ThermalEngine           pid-1302                             D  update_active_thresh: quiet_therm Active(1), Hi(1) 40000, Lo(0) -2147483648, desc(0) Interval(1) 1000
2022-12-27 00:00:31.748  1302-1463  ThermalEngine           pid-1302                             D  sensor_monitor: quiet_therm Sensor wait.
2022-12-27 00:00:31.748  1302-1463  ThermalEngine           pid-1302                             D  sensor_wait: quiet_therm Wait start. 1000ms
2022-12-27 00:00:31.752 13438-13531 AudioTrack              pid-13438                            V  obtainBuffer(192) returned 192 = 192 + 0 err 0
2022-12-27 00:00:31.791 13438-13531 chatty                  pid-13438                            I  uid=10213(com.inforcegames.app3dmodelling) AudioTrack identical 10 lines
2022-12-27 00:00:31.795 13438-13531 AudioTrack              pid-13438                            V  obtainBuffer(192) returned 192 = 192 + 0 err 0
2022-12-27 00:00:31.799 13438-13531 AudioTrack              pid-13438                            V  obtainBuffer(192) returned 192 = 128 + 64 err 0
2022-12-27 00:00:31.799 13438-13531 AudioTrack              pid-13438                            V  obtainBuffer(64) returned 64 = 64 + 0 err 0
2022-12-27 00:00:31.803 13438-13531 AudioTrack              pid-13438                            V  obtainBuffer(192) returned 192 = 192 + 0 err 0
2022-12-27 00:00:31.835 13438-13531 chatty                  pid-13438                            I  uid=10213(com.inforcegames.app3dmodelling) AudioTrack identical 8 lines
2022-12-27 00:00:31.839 13438-13531 AudioTrack              pid-13438                            V  obtainBuffer(192) returned 192 = 192 + 0 err 0
2022-12-27 00:00:31.844 13438-13531 AudioTrack              pid-13438                            V  obtainBuffer(192) returned 192 = 64 + 128 err 0
2022-12-27 00:00:31.844 13438-13531 AudioTrack              pid-13438                            V  obtainBuffer(128) returned 128 = 128 + 0 err 0
2022-12-27 00:00:31.847 13438-13531 AudioTrack              pid-13438                            V  obtainBuffer(192) returned 192 = 192 + 0 err 0
2022-12-27 00:00:31.919 13438-13531 chatty                  pid-13438                            I  uid=10213(com.inforcegames.app3dmodelling) AudioTrack identical 18 lines
2022-12-27 00:00:31.923 13438-13531 AudioTrack              pid-13438                            V  obtainBuffer(192) returned 192 = 192 + 0 err 0
2022-12-27 00:00:31.927 13438-13531 AudioTrack              pid-13438                            V  obtainBuffer(192) returned 192 = 128 + 64 err 0
2022-12-27 00:00:31.927 13438-13531 AudioTrack              pid-13438                            V  obtainBuffer(64) returned 64 = 64 + 0 err 0
2022-12-27 00:00:31.931 13438-13531 AudioTrack              pid-13438                            V  obtainBuffer(192) returned 192 = 192 + 0 err 0
2022-12-27 00:00:31.963 13438-13531 chatty                  pid-13438                            I  uid=10213(com.inforcegames.app3dmodelling) AudioTrack identical 8 lines
2022-12-27 00:00:31.967 13438-13531 AudioTrack              pid-13438                            V  obtainBuffer(192) returned 192 = 192 + 0 err 0
2022-12-27 00:00:31.971 13438-13531 AudioTrack              pid-13438                            V  obtainBuffer(192) returned 192 = 64 + 128 err 0
2022-12-27 00:00:31.971 13438-13531 AudioTrack              pid-13438                            V  obtainBuffer(128) returned 128 = 128 + 0 err 0
2022-12-27 00:00:31.975 13438-13531 AudioTrack              pid-13438                            V  obtainBuffer(192) returned 192 = 192 + 0 err 0
2022-12-27 00:00:32.048 13438-13531 chatty                  pid-13438                            I  uid=10213(com.inforcegames.app3dmodelling) AudioTrack identical 18 lines
2022-12-27 00:00:32.051 13438-13531 AudioTrack              pid-13438                            V  obtainBuffer(192) returned 192 = 192 + 0 err 0
2022-12-27 00:00:32.055 13438-13531 AudioTrack              pid-13438                            V  obtainBuffer(192) returned 192 = 128 + 64 err 0
2022-12-27 00:00:32.055 13438-13531 AudioTrack              pid-13438                            V  obtainBuffer(64) returned 64 = 64 + 0 err 0
2022-12-27 00:00:32.059 13438-13531 AudioTrack              pid-13438                            V  obtainBuffer(192) returned 192 = 192 + 0 err 0
2022-12-27 00:00:32.091 13438-13531 chatty                  pid-13438                            I  uid=10213(com.inforcegames.app3dmodelling) AudioTrack identical 8 lines
2022-12-27 00:00:32.095 13438-13531 AudioTrack              pid-13438                            V  obtainBuffer(192) returned 192 = 192 + 0 err 0
2022-12-27 00:00:32.099 13438-13531 AudioTrack              pid-13438                            V  obtainBuffer(192) returned 192 = 64 + 128 err 0
2022-12-27 00:00:32.099 13438-13531 AudioTrack              pid-13438                            V  obtainBuffer(128) returned 128 = 128 + 0 err 0
2022-12-27 00:00:32.103 13438-13531 AudioTrack              pid-13438                            V  obtainBuffer(192) returned 192 = 192 + 0 err 0
2022-12-27 00:00:32.176 13438-13531 chatty                  pid-13438                            I  uid=10213(com.inforcegames.app3dmodelling) AudioTrack identical 18 lines
2022-12-27 00:00:32.179 13438-13531 AudioTrack              pid-13438                            V  obtainBuffer(192) returned 192 = 192 + 0 err 0
2022-12-27 00:00:32.183 13438-13531 AudioTrack              pid-13438                            V  obtainBuffer(192) returned 192 = 128 + 64 err 0
2022-12-27 00:00:32.183 13438-13531 AudioTrack              pid-13438                            V  obtainBuffer(64) returned 64 = 64 + 0 err 0
2022-12-27 00:00:32.187 13438-13531 AudioTrack              pid-13438                            V  obtainBuffer(192) returned 192 = 192 + 0 err 0
2022-12-27 00:00:32.219 13438-13531 chatty                  pid-13438                            I  uid=10213(com.inforcegames.app3dmodelling) AudioTrack identical 8 lines
2022-12-27 00:00:32.223 13438-13531 AudioTrack              pid-13438                            V  obtainBuffer(192) returned 192 = 192 + 0 err 0
2022-12-27 00:00:32.228 13438-13531 AudioTrack              pid-13438                            V  obtainBuffer(192) returned 192 = 64 + 128 err 0
2022-12-27 00:00:32.228 13438-13531 AudioTrack              pid-13438                            V  obtainBuffer(128) returned 128 = 128 + 0 err 0
2022-12-27 00:00:32.232 13438-13531 AudioTrack              pid-13438                            V  obtainBuffer(192) returned 192 = 192 + 0 err 0
2022-12-27 00:00:32.303 13438-13531 chatty                  pid-13438                            I  uid=10213(com.inforcegames.app3dmodelling) AudioTrack identical 18 lines
2022-12-27 00:00:32.307 13438-13531 AudioTrack              pid-13438                            V  obtainBuffer(192) returned 192 = 192 + 0 err 0
2022-12-27 00:00:32.311 13438-13531 AudioTrack              pid-13438                            V  obtainBuffer(192) returned 192 = 128 + 64 err 0
2022-12-27 00:00:32.311 13438-13531 AudioTrack              pid-13438                            V  obtainBuffer(64) returned 64 = 64 + 0 err 0
2022-12-27 00:00:32.315 13438-13531 AudioTrack              pid-13438                            V  obtainBuffer(192) returned 192 = 192 + 0 err 0
2022-12-27 00:00:32.347 13438-13531 chatty                  pid-13438                            I  uid=10213(com.inforcegames.app3dmodelling) AudioTrack identical 8 lines
2022-12-27 00:00:32.351 13438-13531 AudioTrack              pid-13438                            V  obtainBuffer(192) returned 192 = 192 + 0 err 0
2022-12-27 00:00:32.355 13438-13531 AudioTrack              pid-13438                            V  obtainBuffer(192) returned 192 = 64 + 128 err 0
2022-12-27 00:00:32.355 13438-13531 AudioTrack              pid-13438                            V  obtainBuffer(128) returned 128 = 128 + 0 err 0
2022-12-27 00:00:32.359 13438-13531 AudioTrack              pid-13438                            V  obtainBuffer(192) returned 192 = 192 + 0 err 0
2022-12-27 00:00:32.383 13438-13531 chatty                  pid-13438                            I  uid=10213(com.inforcegames.app3dmodelling) AudioTrack identical 6 lines
2022-12-27 00:00:32.387 13438-13531 AudioTrack              pid-13438                            V  obtainBuffer(192) returned 192 = 192 + 0 err 0
2022-12-27 00:00:32.391  1302-1457  ThermalEngine           pid-1302                             D  sensor_wait: backlight_therm Wait done.
2022-12-27 00:00:32.391 13438-13531 AudioTrack              pid-13438                            V  obtainBuffer(192) returned 192 = 192 + 0 err 0
2022-12-27 00:00:32.392  1302-1457  ThermalEngine           pid-1302                             D  sensor_monitor: backlight_therm Reading 32000 .
2022-12-27 00:00:32.393  1302-1457  ThermalEngine           pid-1302                             I  Sensor:backlight_therm:32000 mC
2022-12-27 00:00:32.393  1302-1457  ThermalEngine           pid-1302                             D  update_active_thresh: backlight_therm Active(1), Hi(1) 45000, Lo(0) -2147483648, desc(0) Interval(1) 2000
2022-12-27 00:00:32.393  1302-1457  ThermalEngine           pid-1302                             D  sensor_monitor: backlight_therm Sensor wait.
2022-12-27 00:00:32.393  1302-1457  ThermalEngine           pid-1302                             D  sensor_wait: backlight_therm Wait start. 2000ms
2022-12-27 00:00:32.395 13438-13531 AudioTrack              pid-13438                            V  obtainBuffer(192) returned 192 = 192 + 0 err 0
2022-12-27 00:00:32.434 14857-14857 linker                  pid-14857                            A  CANNOT LINK EXECUTABLE "/system/bin/dpmd": "/system/lib64/libdpmframework.so" is 32-bit instead of 64-bit
2022-12-27 00:00:32.431 13438-13531 chatty                  pid-13438                            I  uid=10213(com.inforcegames.app3dmodelling) AudioTrack identical 9 lines
2022-12-27 00:00:32.435 13438-13531 AudioTrack              pid-13438                            V  obtainBuffer(192) returned 192 = 192 + 0 err 0
2022-12-27 00:00:32.439 13438-13531 AudioTrack              pid-13438                            V  obtainBuffer(192) returned 192 = 128 + 64 err 0
2022-12-27 00:00:32.439 13438-13531 AudioTrack              pid-13438                            V  obtainBuffer(64) returned 64 = 64 + 0 err 0
2022-12-27 00:00:32.443 13438-13531 AudioTrack              pid-13438                            V  obtainBuffer(192) returned 192 = 192 + 0 err 0
2022-12-27 00:00:32.475 13438-13531 chatty                  pid-13438                            I  uid=10213(com.inforcegames.app3dmodelling) AudioTrack identical 8 lines
2022-12-27 00:00:32.479 13438-13531 AudioTrack              pid-13438                            V  obtainBuffer(192) returned 192 = 192 + 0 err 0
2022-12-27 00:00:32.483 13438-13531 AudioTrack              pid-13438                            V  obtainBuffer(192) returned 192 = 64 + 128 err 0
2022-12-27 00:00:32.483 13438-13531 AudioTrack              pid-13438                            V  obtainBuffer(128) returned 128 = 128 + 0 err 0
2022-12-27 00:00:32.487 13438-13531 AudioTrack              pid-13438                            V  obtainBuffer(192) returned 192 = 192 + 0 err 0
2022-12-27 00:00:32.511 13438-13531 chatty                  pid-13438                            I  uid=10213(com.inforcegames.app3dmodelling) AudioTrack identical 6 lines
2022-12-27 00:00:32.515 13438-13531 AudioTrack              pid-13438                            V  obtainBuffer(192) returned 192 = 192 + 0 err 0
2022-12-27 00:00:32.518  2820-5429  DPMJ                    pid-2820                             I  |REQ:RCVR| DPM creating socket
2022-12-27 00:00:32.519 13438-13531 AudioTrack              pid-13438                            V  obtainBuffer(192) returned 192 = 192 + 0 err 0
2022-12-27 00:00:32.559 13438-13531 chatty                  pid-13438                            I  uid=10213(com.inforcegames.app3dmodelling) AudioTrack identical 10 lines
2022-12-27 00:00:32.563 13438-13531 AudioTrack              pid-13438                            V  obtainBuffer(192) returned 192 = 192 + 0 err 0
2022-12-27 00:00:32.567 13438-13531 AudioTrack              pid-13438                            V  obtainBuffer(192) returned 192 = 128 + 64 err 0
2022-12-27 00:00:32.567 13438-13531 AudioTrack              pid-13438                            V  obtainBuffer(64) returned 64 = 64 + 0 err 0
2022-12-27 00:00:32.571 13438-13531 AudioTrack              pid-13438                            V  obtainBuffer(192) returned 192 = 192 + 0 err 0
2022-12-27 00:00:32.604 13438-13531 chatty                  pid-13438                            I  uid=10213(com.inforcegames.app3dmodelling) AudioTrack identical 8 lines
2022-12-27 00:00:32.607 13438-13531 AudioTrack              pid-13438                            V  obtainBuffer(192) returned 192 = 192 + 0 err 0
2022-12-27 00:00:32.611 13438-13531 AudioTrack              pid-13438                            V  obtainBuffer(192) returned 192 = 64 + 128 err 0
2022-12-27 00:00:32.612 13438-13531 AudioTrack              pid-13438                            V  obtainBuffer(128) returned 128 = 128 + 0 err 0
2022-12-27 00:00:32.616 13438-13531 AudioTrack              pid-13438                            V  obtainBuffer(192) returned 192 = 192 + 0 err 0
2022-12-27 00:00:32.688 13438-13531 chatty                  pid-13438                            I  uid=10213(com.inforcegames.app3dmodelling) AudioTrack identical 18 lines
2022-12-27 00:00:32.691 13438-13531 AudioTrack              pid-13438                            V  obtainBuffer(192) returned 192 = 192 + 0 err 0
2022-12-27 00:00:32.695 13438-13531 AudioTrack              pid-13438                            V  obtainBuffer(192) returned 192 = 128 + 64 err 0
2022-12-27 00:00:32.695 13438-13531 AudioTrack              pid-13438                            V  obtainBuffer(64) returned 64 = 64 + 0 err 0
2022-12-27 00:00:32.699 13438-13531 AudioTrack              pid-13438                            V  obtainBuffer(192) returned 192 = 192 + 0 err 0
2022-12-27 00:00:32.723 13438-13531 chatty                  pid-13438                            I  uid=10213(com.inforcegames.app3dmodelling) AudioTrack identical 6 lines
2022-12-27 00:00:32.728 13438-13531 AudioTrack              pid-13438                            V  obtainBuffer(192) returned 192 = 192 + 0 err 0
2022-12-27 00:00:32.729  1302-1462  ThermalEngine           pid-1302                             D  sensor_wait: msm_therm Wait done.
2022-12-27 00:00:32.731  1302-1462  ThermalEngine           pid-1302                             D  sensor_monitor: msm_therm Reading 38000 .
2022-12-27 00:00:32.731  1302-1462  ThermalEngine           pid-1302                             I  Sensor:msm_therm:38000 mC
2022-12-27 00:00:32.731  1302-1462  ThermalEngine           pid-1302                             D  update_active_thresh: msm_therm Active(1), Hi(1) 44000, Lo(0) -2147483648, desc(0) Interval(1) 1000
2022-12-27 00:00:32.731  1302-1462  ThermalEngine           pid-1302                             D  sensor_monitor: msm_therm Sensor wait.
2022-12-27 00:00:32.731  1302-1462  ThermalEngine           pid-1302                             D  sensor_wait: msm_therm Wait start. 1000ms
2022-12-27 00:00:32.732 13438-13531 AudioTrack              pid-13438                            V  obtainBuffer(192) returned 192 = 192 + 0 err 0
2022-12-27 00:00:32.735 13438-13531 AudioTrack              pid-13438                            V  obtainBuffer(192) returned 192 = 192 + 0 err 0
2022-12-27 00:00:32.739 13438-13531 AudioTrack              pid-13438                            V  obtainBuffer(192) returned 192 = 64 + 128 err 0
2022-12-27 00:00:32.739 13438-13531 AudioTrack              pid-13438                            V  obtainBuffer(128) returned 128 = 128 + 0 err 0
2022-12-27 00:00:32.743 13438-13531 AudioTrack              pid-13438                            V  obtainBuffer(192) returned 192 = 192 + 0 err 0
2022-12-27 00:00:32.747 13438-13531 AudioTrack              pid-13438                            V  obtainBuffer(192) returned 192 = 192 + 0 err 0
2022-12-27 00:00:32.748  1302-1463  ThermalEngine           pid-1302                             D  sensor_wait: quiet_therm Wait done.
2022-12-27 00:00:32.749  1302-1463  ThermalEngine           pid-1302                             D  sensor_monitor: quiet_therm Reading 37000 .
2022-12-27 00:00:32.750  1302-1463  ThermalEngine           pid-1302                             I  Sensor:quiet_therm:37000 mC
2022-12-27 00:00:32.750  1302-1463  ThermalEngine           pid-1302                             D  update_active_thresh: quiet_therm Active(1), Hi(1) 40000, Lo(0) -2147483648, desc(0) Interval(1) 1000
2022-12-27 00:00:32.750  1302-1463  ThermalEngine           pid-1302                             D  sensor_monitor: quiet_therm Sensor wait.
2022-12-27 00:00:32.750  1302-1463  ThermalEngine           pid-1302                             D  sensor_wait: quiet_therm Wait start. 1000ms
2022-12-27 00:00:32.751 13438-13531 AudioTrack              pid-13438                            V  obtainBuffer(192) returned 192 = 192 + 0 err 0
2022-12-27 00:00:32.815 13438-13531 chatty                  pid-13438                            I  uid=10213(com.inforcegames.app3dmodelling) AudioTrack identical 16 lines
2022-12-27 00:00:32.820 13438-13531 AudioTrack              pid-13438                            V  obtainBuffer(192) returned 192 = 192 + 0 err 0
2022-12-27 00:00:32.823 13438-13531 AudioTrack              pid-13438                            V  obtainBuffer(192) returned 192 = 128 + 64 err 0
2022-12-27 00:00:32.823 13438-13531 AudioTrack              pid-13438                            V  obtainBuffer(64) returned 64 = 64 + 0 err 0
2022-12-27 00:00:32.827 13438-13531 AudioTrack              pid-13438                            V  obtainBuffer(192) returned 192 = 192 + 0 err 0
2022-12-27 00:00:32.860 13438-13531 chatty                  pid-13438                            I  uid=10213(com.inforcegames.app3dmodelling) AudioTrack identical 8 lines
2022-12-27 00:00:32.863 13438-13531 AudioTrack              pid-13438                            V  obtainBuffer(192) returned 192 = 192 + 0 err 0
2022-12-27 00:00:32.867 13438-13531 AudioTrack              pid-13438                            V  obtainBuffer(192) returned 192 = 64 + 128 err 0
2022-12-27 00:00:32.867 13438-13531 AudioTrack              pid-13438                            V  obtainBuffer(128) returned 128 = 128 + 0 err 0
2022-12-27 00:00:32.871 13438-13531 AudioTrack              pid-13438                            V  obtainBuffer(192) returned 192 = 192 + 0 err 0
2022-12-27 00:00:32.887 13438-13531 chatty                  pid-13438                            I  uid=10213(com.inforcegames.app3dmodelling) AudioTrack identical 4 lines
2022-12-27 00:00:32.891 13438-13531 AudioTrack              pid-13438                            V  obtainBuffer(192) returned 192 = 192 + 0 err 0
2022-12-27 00:00:32.892   688-944   audio_hw_spkr_prot      pid-688                              D  audio_extn_fbsp_get_parameters: Speaker protection disabled
2022-12-27 00:00:32.892   688-944   audio_hw_extn           pid-688                              D  audio_extn_get_parameters: returns 
2022-12-27 00:00:32.892   743-15843 hash_map_utils          pid-743                              I  key: 'hifi_mode' value: ''
2022-12-27 00:00:32.893 13438-13735 AudioManager            pid-13438                            D  getStreamVolume isRestricted mode = 0
2022-12-27 00:00:32.895   688-944   audio_hw_spkr_prot      pid-688                              D  audio_extn_fbsp_get_parameters: Speaker protection disabled
2022-12-27 00:00:32.895   688-944   audio_hw_extn           pid-688                              D  audio_extn_get_parameters: returns 
2022-12-27 00:00:32.895 13438-13531 AudioTrack              pid-13438                            V  obtainBuffer(192) returned 192 = 192 + 0 err 0
2022-12-27 00:00:32.895   743-15843 hash_map_utils          pid-743                              I  key: 'hifi_mode' value: ''
2022-12-27 00:00:32.899 13438-13531 AudioTrack              pid-13438                            V  obtainBuffer(192) returned 192 = 192 + 0 err 0
2022-12-27 00:00:32.943 13438-13531 chatty                  pid-13438                            I  uid=10213(com.inforcegames.app3dmodelling) AudioTrack identical 11 lines
2022-12-27 00:00:32.947 13438-13531 AudioTrack              pid-13438                            V  obtainBuffer(192) returned 192 = 192 + 0 err 0
2022-12-27 00:00:32.951 13438-13531 AudioTrack              pid-13438                            V  obtainBuffer(192) returned 192 = 128 + 64 err 0
2022-12-27 00:00:32.951 13438-13531 AudioTrack              pid-13438                            V  obtainBuffer(64) returned 64 = 64 + 0 err 0
2022-12-27 00:00:32.955 13438-13531 AudioTrack              pid-13438                            V  obtainBuffer(192) returned 192 = 192 + 0 err 0
2022-12-27 00:00:32.987 13438-13531 chatty                  pid-13438                            I  uid=10213(com.inforcegames.app3dmodelling) AudioTrack identical 8 lines
2022-12-27 00:00:32.991 13438-13531 AudioTrack              pid-13438                            V  obtainBuffer(192) returned 192 = 192 + 0 err 0
2022-12-27 00:00:32.996 13438-13531 AudioTrack              pid-13438                            V  obtainBuffer(192) returned 192 = 64 + 128 err 0
2022-12-27 00:00:32.996 13438-13531 AudioTrack              pid-13438                            V  obtainBuffer(128) returned 128 = 128 + 0 err 0
2022-12-27 00:00:33.000 13438-13531 AudioTrack              pid-13438                            V  obtainBuffer(192) returned 192 = 192 + 0 err 0
2022-12-27 00:00:33.072 13438-13531 chatty                  pid-13438                            I  uid=10213(com.inforcegames.app3dmodelling) AudioTrack identical 18 lines
2022-12-27 00:00:33.075 13438-13531 AudioTrack              pid-13438                            V  obtainBuffer(192) returned 192 = 192 + 0 err 0
2022-12-27 00:00:33.080 13438-13531 AudioTrack              pid-13438                            V  obtainBuffer(192) returned 192 = 128 + 64 err 0
2022-12-27 00:00:33.080 13438-13531 AudioTrack              pid-13438                            V  obtainBuffer(64) returned 64 = 64 + 0 err 0
2022-12-27 00:00:33.083 13438-13531 AudioTrack              pid-13438                            V  obtainBuffer(192) returned 192 = 192 + 0 err 0
2022-12-27 00:00:33.115 13438-13531 chatty                  pid-13438                            I  uid=10213(com.inforcegames.app3dmodelling) AudioTrack identical 8 lines
2022-12-27 00:00:33.119 13438-13531 AudioTrack              pid-13438                            V  obtainBuffer(192) returned 192 = 192 + 0 err 0
2022-12-27 00:00:33.123 13438-13531 AudioTrack              pid-13438                            V  obtainBuffer(192) returned 192 = 64 + 128 err 0
2022-12-27 00:00:33.123 13438-13531 AudioTrack              pid-13438                            V  obtainBuffer(128) returned 128 = 128 + 0 err 0
2022-12-27 00:00:33.127 13438-13531 AudioTrack              pid-13438                            V  obtainBuffer(192) returned 192 = 192 + 0 err 0
2022-12-27 00:00:33.199 13438-13531 chatty                  pid-13438                            I  uid=10213(com.inforcegames.app3dmodelling) AudioTrack identical 18 lines
2022-12-27 00:00:33.203 13438-13531 AudioTrack              pid-13438                            V  obtainBuffer(192) returned 192 = 192 + 0 err 0
2022-12-27 00:00:33.208 13438-13531 AudioTrack              pid-13438                            V  obtainBuffer(192) returned 192 = 128 + 64 err 0
2022-12-27 00:00:33.208 13438-13531 AudioTrack              pid-13438                            V  obtainBuffer(64) returned 64 = 64 + 0 err 0
2022-12-27 00:00:33.211 13438-13531 AudioTrack              pid-13438                            V  obtainBuffer(192) returned 192 = 192 + 0 err 0
2022-12-27 00:00:33.243 13438-13531 chatty                  pid-13438                            I  uid=10213(com.inforcegames.app3dmodelling) AudioTrack identical 8 lines
2022-12-27 00:00:33.247 13438-13531 AudioTrack              pid-13438                            V  obtainBuffer(192) returned 192 = 192 + 0 err 0
2022-12-27 00:00:33.251 13438-13531 AudioTrack              pid-13438                            V  obtainBuffer(192) returned 192 = 64 + 128 err 0
2022-12-27 00:00:33.251 13438-13531 AudioTrack              pid-13438                            V  obtainBuffer(128) returned 128 = 128 + 0 err 0
2022-12-27 00:00:33.256 13438-13531 AudioTrack              pid-13438                            V  obtainBuffer(192) returned 192 = 192 + 0 err 0
2022-12-27 00:00:33.327 13438-13531 chatty                  pid-13438                            I  uid=10213(com.inforcegames.app3dmodelling) AudioTrack identical 18 lines
2022-12-27 00:00:33.331 13438-13531 AudioTrack              pid-13438                            V  obtainBuffer(192) returned 192 = 192 + 0 err 0
2022-12-27 00:00:33.335 13438-13531 AudioTrack              pid-13438                            V  obtainBuffer(192) returned 192 = 128 + 64 err 0
2022-12-27 00:00:33.335 13438-13531 AudioTrack              pid-13438                            V  obtainBuffer(64) returned 64 = 64 + 0 err 0
2022-12-27 00:00:33.339 13438-13531 AudioTrack              pid-13438                            V  obtainBuffer(192) returned 192 = 192 + 0 err 0
2022-12-27 00:00:33.371 13438-13531 chatty                  pid-13438                            I  uid=10213(com.inforcegames.app3dmodelling) AudioTrack identical 8 lines
2022-12-27 00:00:33.375 13438-13531 AudioTrack              pid-13438                            V  obtainBuffer(192) returned 192 = 192 + 0 err 0
2022-12-27 00:00:33.379 13438-13531 AudioTrack              pid-13438                            V  obtainBuffer(192) returned 192 = 64 + 128 err 0
2022-12-27 00:00:33.379 13438-13531 AudioTrack              pid-13438                            V  obtainBuffer(128) returned 128 = 128 + 0 err 0
2022-12-27 00:00:33.383 13438-13531 AudioTrack              pid-13438                            V  obtainBuffer(192) returned 192 = 192 + 0 err 0
2022-12-27 00:00:33.455 13438-13531 chatty                  pid-13438                            I  uid=10213(com.inforcegames.app3dmodelling) AudioTrack identical 18 lines
2022-12-27 00:00:33.459 13438-13531 AudioTrack              pid-13438                            V  obtainBuffer(192) returned 192 = 192 + 0 err 0
2022-12-27 00:00:33.463 13438-13531 AudioTrack              pid-13438                            V  obtainBuffer(192) returned 192 = 128 + 64 err 0
2022-12-27 00:00:33.463 13438-13531 AudioTrack              pid-13438                            V  obtainBuffer(64) returned 64 = 64 + 0 err 0
2022-12-27 00:00:33.467 13438-13531 AudioTrack              pid-13438                            V  obtainBuffer(192) returned 192 = 192 + 0 err 0
2022-12-27 00:00:33.499 13438-13531 chatty                  pid-13438                            I  uid=10213(com.inforcegames.app3dmodelling) AudioTrack identical 8 lines
2022-12-27 00:00:33.503 13438-13531 AudioTrack              pid-13438                            V  obtainBuffer(192) returned 192 = 192 + 0 err 0
2022-12-27 00:00:33.507 13438-13531 AudioTrack              pid-13438                            V  obtainBuffer(192) returned 192 = 64 + 128 err 0
2022-12-27 00:00:33.507 13438-13531 AudioTrack              pid-13438                            V  obtainBuffer(128) returned 128 = 128 + 0 err 0
2022-12-27 00:00:33.511 13438-13531 AudioTrack              pid-13438                            V  obtainBuffer(192) returned 192 = 192 + 0 err 0
2022-12-27 00:00:33.583 13438-13531 chatty                  pid-13438                            I  uid=10213(com.inforcegames.app3dmodelling) AudioTrack identical 18 lines
2022-12-27 00:00:33.587 13438-13531 AudioTrack              pid-13438                            V  obtainBuffer(192) returned 192 = 192 + 0 err 0
2022-12-27 00:00:33.591 13438-13531 AudioTrack              pid-13438                            V  obtainBuffer(192) returned 192 = 128 + 64 err 0
2022-12-27 00:00:33.591 13438-13531 AudioTrack              pid-13438                            V  obtainBuffer(64) returned 64 = 64 + 0 err 0
2022-12-27 00:00:33.595 13438-13531 AudioTrack              pid-13438                            V  obtainBuffer(192) returned 192 = 192 + 0 err 0
2022-12-27 00:00:33.627 13438-13531 chatty                  pid-13438                            I  uid=10213(com.inforcegames.app3dmodelling) AudioTrack identical 8 lines
2022-12-27 00:00:33.631 13438-13531 AudioTrack              pid-13438                            V  obtainBuffer(192) returned 192 = 192 + 0 err 0
2022-12-27 00:00:33.635 13438-13531 AudioTrack              pid-13438                            V  obtainBuffer(192) returned 192 = 64 + 128 err 0
2022-12-27 00:00:33.635 13438-13531 AudioTrack              pid-13438                            V  obtainBuffer(128) returned 128 = 128 + 0 err 0
2022-12-27 00:00:33.639 13438-13531 AudioTrack              pid-13438                            V  obtainBuffer(192) returned 192 = 192 + 0 err 0
2022-12-27 00:00:33.711 13438-13531 chatty                  pid-13438                            I  uid=10213(com.inforcegames.app3dmodelling) AudioTrack identical 18 lines
2022-12-27 00:00:33.715 13438-13531 AudioTrack              pid-13438                            V  obtainBuffer(192) returned 192 = 192 + 0 err 0
2022-12-27 00:00:33.719 13438-13531 AudioTrack              pid-13438                            V  obtainBuffer(192) returned 192 = 128 + 64 err 0
2022-12-27 00:00:33.719 13438-13531 AudioTrack              pid-13438                            V  obtainBuffer(64) returned 64 = 64 + 0 err 0
2022-12-27 00:00:33.724 13438-13531 AudioTrack              pid-13438                            V  obtainBuffer(192) returned 192 = 192 + 0 err 0
2022-12-27 00:00:33.728 13438-13531 chatty                  pid-13438                            I  uid=10213(com.inforcegames.app3dmodelling) AudioTrack identical 1 line
2022-12-27 00:00:33.731 13438-13531 AudioTrack              pid-13438                            V  obtainBuffer(192) returned 192 = 192 + 0 err 0
2022-12-27 00:00:33.731  1302-1462  ThermalEngine           pid-1302                             D  sensor_wait: msm_therm Wait done.
2022-12-27 00:00:33.733  1302-1462  ThermalEngine           pid-1302                             D  sensor_monitor: msm_therm Reading 38000 .
2022-12-27 00:00:33.733  1302-1462  ThermalEngine           pid-1302                             I  Sensor:msm_therm:38000 mC
2022-12-27 00:00:33.733  1302-1462  ThermalEngine           pid-1302                             D  update_active_thresh: msm_therm Active(1), Hi(1) 44000, Lo(0) -2147483648, desc(0) Interval(1) 1000
2022-12-27 00:00:33.733  1302-1462  ThermalEngine           pid-1302                             D  sensor_monitor: msm_therm Sensor wait.
2022-12-27 00:00:33.733  1302-1462  ThermalEngine           pid-1302                             D  sensor_wait: msm_therm Wait start. 1000ms
2022-12-27 00:00:33.735 13438-13531 AudioTrack              pid-13438                            V  obtainBuffer(192) returned 192 = 192 + 0 err 0
2022-12-27 00:00:33.744 13438-13531 chatty                  pid-13438                            I  uid=10213(com.inforcegames.app3dmodelling) AudioTrack identical 2 lines
2022-12-27 00:00:33.747 13438-13531 AudioTrack              pid-13438                            V  obtainBuffer(192) returned 192 = 192 + 0 err 0
2022-12-27 00:00:33.750  1302-1463  ThermalEngine           pid-1302                             D  sensor_wait: quiet_therm Wait done.
2022-12-27 00:00:33.751  1302-1463  ThermalEngine           pid-1302                             D  sensor_monitor: quiet_therm Reading 37000 .
2022-12-27 00:00:33.751 13438-13531 AudioTrack              pid-13438                            V  obtainBuffer(192) returned 192 = 192 + 0 err 0
2022-12-27 00:00:33.752  1302-1463  ThermalEngine           pid-1302                             I  Sensor:quiet_therm:37000 mC
2022-12-27 00:00:33.752  1302-1463  ThermalEngine           pid-1302                             D  update_active_thresh: quiet_therm Active(1), Hi(1) 40000, Lo(0) -2147483648, desc(0) Interval(1) 1000
2022-12-27 00:00:33.752  1302-1463  ThermalEngine           pid-1302                             D  sensor_monitor: quiet_therm Sensor wait.
2022-12-27 00:00:33.752  1302-1463  ThermalEngine           pid-1302                             D  sensor_wait: quiet_therm Wait start. 1000ms
2022-12-27 00:00:33.755 13438-13531 AudioTrack              pid-13438                            V  obtainBuffer(192) returned 192 = 192 + 0 err 0
2022-12-27 00:00:33.759 13438-13531 AudioTrack              pid-13438                            V  obtainBuffer(192) returned 192 = 192 + 0 err 0
2022-12-27 00:00:33.764 13438-13531 AudioTrack              pid-13438                            V  obtainBuffer(192) returned 192 = 64 + 128 err 0
2022-12-27 00:00:33.764 13438-13531 AudioTrack              pid-13438                            V  obtainBuffer(128) returned 128 = 128 + 0 err 0
2022-12-27 00:00:33.767 13438-13531 AudioTrack              pid-13438                            V  obtainBuffer(192) returned 192 = 192 + 0 err 0
2022-12-27 00:00:33.839 13438-13531 chatty                  pid-13438                            I  uid=10213(com.inforcegames.app3dmodelling) AudioTrack identical 18 lines
2022-12-27 00:00:33.843 13438-13531 AudioTrack              pid-13438                            V  obtainBuffer(192) returned 192 = 192 + 0 err 0
2022-12-27 00:00:33.848 13438-13531 AudioTrack              pid-13438                            V  obtainBuffer(192) returned 192 = 128 + 64 err 0
2022-12-27 00:00:33.848 13438-13531 AudioTrack              pid-13438                            V  obtainBuffer(64) returned 64 = 64 + 0 err 0
2022-12-27 00:00:33.851 13438-13531 AudioTrack              pid-13438                            V  obtainBuffer(192) returned 192 = 192 + 0 err 0
2022-12-27 00:00:33.883 13438-13531 chatty                  pid-13438                            I  uid=10213(com.inforcegames.app3dmodelling) AudioTrack identical 8 lines
2022-12-27 00:00:33.887 13438-13531 AudioTrack              pid-13438                            V  obtainBuffer(192) returned 192 = 192 + 0 err 0
2022-12-27 00:00:33.891 13438-13531 AudioTrack              pid-13438                            V  obtainBuffer(192) returned 192 = 64 + 128 err 0
2022-12-27 00:00:33.891 13438-13531 AudioTrack              pid-13438                            V  obtainBuffer(128) returned 128 = 128 + 0 err 0
2022-12-27 00:00:33.896 13438-13531 AudioTrack              pid-13438                            V  obtainBuffer(192) returned 192 = 192 + 0 err 0
2022-12-27 00:00:33.967 13438-13531 chatty                  pid-13438                            I  uid=10213(com.inforcegames.app3dmodelling) AudioTrack identical 18 lines
2022-12-27 00:00:33.971 13438-13531 AudioTrack              pid-13438                            V  obtainBuffer(192) returned 192 = 192 + 0 err 0
2022-12-27 00:00:33.975 13438-13531 AudioTrack              pid-13438                            V  obtainBuffer(192) returned 192 = 128 + 64 err 0
2022-12-27 00:00:33.976 13438-13531 AudioTrack              pid-13438                            V  obtainBuffer(64) returned 64 = 64 + 0 err 0
2022-12-27 00:00:33.979 13438-13531 AudioTrack              pid-13438                            V  obtainBuffer(192) returned 192 = 192 + 0 err 0
2022-12-27 00:00:34.011 13438-13531 chatty                  pid-13438                            I  uid=10213(com.inforcegames.app3dmodelling) AudioTrack identical 8 lines
2022-12-27 00:00:34.016 13438-13531 AudioTrack              pid-13438                            V  obtainBuffer(192) returned 192 = 192 + 0 err 0
2022-12-27 00:00:34.019 13438-13531 AudioTrack              pid-13438                            V  obtainBuffer(192) returned 192 = 64 + 128 err 0
2022-12-27 00:00:34.019 13438-13531 AudioTrack              pid-13438                            V  obtainBuffer(128) returned 128 = 128 + 0 err 0
2022-12-27 00:00:34.023 13438-13531 AudioTrack              pid-13438                            V  obtainBuffer(192) returned 192 = 192 + 0 err 0
2022-12-27 00:00:34.096 13438-13531 chatty                  pid-13438                            I  uid=10213(com.inforcegames.app3dmodelling) AudioTrack identical 18 lines
2022-12-27 00:00:34.100 13438-13531 AudioTrack              pid-13438                            V  obtainBuffer(192) returned 192 = 192 + 0 err 0
2022-12-27 00:00:34.103 13438-13531 AudioTrack              pid-13438                            V  obtainBuffer(192) returned 192 = 128 + 64 err 0
2022-12-27 00:00:34.103 13438-13531 AudioTrack              pid-13438                            V  obtainBuffer(64) returned 64 = 64 + 0 err 0
2022-12-27 00:00:34.108 13438-13531 AudioTrack              pid-13438                            V  obtainBuffer(192) returned 192 = 192 + 0 err 0
2022-12-27 00:00:34.139 13438-13531 chatty                  pid-13438                            I  uid=10213(com.inforcegames.app3dmodelling) AudioTrack identical 8 lines
2022-12-27 00:00:34.144 13438-13531 AudioTrack              pid-13438                            V  obtainBuffer(192) returned 192 = 192 + 0 err 0
2022-12-27 00:00:34.147 13438-13531 AudioTrack              pid-13438                            V  obtainBuffer(192) returned 192 = 64 + 128 err 0
2022-12-27 00:00:34.147 13438-13531 AudioTrack              pid-13438                            V  obtainBuffer(128) returned 128 = 128 + 0 err 0
2022-12-27 00:00:34.152 13438-13531 AudioTrack              pid-13438                            V  obtainBuffer(192) returned 192 = 192 + 0 err 0
2022-12-27 00:00:34.223 13438-13531 chatty                  pid-13438                            I  uid=10213(com.inforcegames.app3dmodelling) AudioTrack identical 18 lines
2022-12-27 00:00:34.227 13438-13531 AudioTrack              pid-13438                            V  obtainBuffer(192) returned 192 = 192 + 0 err 0
2022-12-27 00:00:34.231 13438-13531 AudioTrack              pid-13438                            V  obtainBuffer(192) returned 192 = 128 + 64 err 0
2022-12-27 00:00:34.231 13438-13531 AudioTrack              pid-13438                            V  obtainBuffer(64) returned 64 = 64 + 0 err 0
2022-12-27 00:00:34.235 13438-13531 AudioTrack              pid-13438                            V  obtainBuffer(192) returned 192 = 192 + 0 err 0
2022-12-27 00:00:34.267 13438-13531 chatty                  pid-13438                            I  uid=10213(com.inforcegames.app3dmodelling) AudioTrack identical 8 lines
2022-12-27 00:00:34.271 13438-13531 AudioTrack              pid-13438                            V  obtainBuffer(192) returned 192 = 192 + 0 err 0
2022-12-27 00:00:34.275 13438-13531 AudioTrack              pid-13438                            V  obtainBuffer(192) returned 192 = 64 + 128 err 0
2022-12-27 00:00:34.275 13438-13531 AudioTrack              pid-13438                            V  obtainBuffer(128) returned 128 = 128 + 0 err 0
2022-12-27 00:00:34.280 13438-13531 AudioTrack              pid-13438                            V  obtainBuffer(192) returned 192 = 192 + 0 err 0
2022-12-27 00:00:34.351 13438-13531 chatty                  pid-13438                            I  uid=10213(com.inforcegames.app3dmodelling) AudioTrack identical 18 lines
2022-12-27 00:00:34.355 13438-13531 AudioTrack              pid-13438                            V  obtainBuffer(192) returned 192 = 192 + 0 err 0
2022-12-27 00:00:34.360 13438-13531 AudioTrack              pid-13438                            V  obtainBuffer(192) returned 192 = 128 + 64 err 0
2022-12-27 00:00:34.360 13438-13531 AudioTrack              pid-13438                            V  obtainBuffer(64) returned 64 = 64 + 0 err 0
2022-12-27 00:00:34.364 13438-13531 AudioTrack              pid-13438                            V  obtainBuffer(192) returned 192 = 192 + 0 err 0
2022-12-27 00:00:34.387 13438-13531 chatty                  pid-13438                            I  uid=10213(com.inforcegames.app3dmodelling) AudioTrack identical 6 lines
2022-12-27 00:00:34.391 13438-13531 AudioTrack              pid-13438                            V  obtainBuffer(192) returned 192 = 192 + 0 err 0
2022-12-27 00:00:34.393  1302-1457  ThermalEngine           pid-1302                             D  sensor_wait: backlight_therm Wait done.
2022-12-27 00:00:34.394  1302-1457  ThermalEngine           pid-1302                             D  sensor_monitor: backlight_therm Reading 32000 .
2022-12-27 00:00:34.394  1302-1457  ThermalEngine           pid-1302                             I  Sensor:backlight_therm:32000 mC
2022-12-27 00:00:34.394  1302-1457  ThermalEngine           pid-1302                             D  update_active_thresh: backlight_therm Active(1), Hi(1) 45000, Lo(0) -2147483648, desc(0) Interval(1) 2000
2022-12-27 00:00:34.394  1302-1457  ThermalEngine           pid-1302                             D  sensor_monitor: backlight_therm Sensor wait.
2022-12-27 00:00:34.394  1302-1457  ThermalEngine           pid-1302                             D  sensor_wait: backlight_therm Wait start. 2000ms
2022-12-27 00:00:34.395 13438-13531 AudioTrack              pid-13438                            V  obtainBuffer(192) returned 192 = 192 + 0 err 0
2022-12-27 00:00:34.399 13438-13531 AudioTrack              pid-13438                            V  obtainBuffer(192) returned 192 = 192 + 0 err 0
2022-12-27 00:00:34.403 13438-13531 AudioTrack              pid-13438                            V  obtainBuffer(192) returned 192 = 64 + 128 err 0
2022-12-27 00:00:34.403 13438-13531 AudioTrack              pid-13438                            V  obtainBuffer(128) returned 128 = 128 + 0 err 0
2022-12-27 00:00:34.408 13438-13531 AudioTrack              pid-13438                            V  obtainBuffer(192) returned 192 = 192 + 0 err 0
2022-12-27 00:00:34.479 13438-13531 chatty                  pid-13438                            I  uid=10213(com.inforcegames.app3dmodelling) AudioTrack identical 18 lines
2022-12-27 00:00:34.483 13438-13531 AudioTrack              pid-13438                            V  obtainBuffer(192) returned 192 = 192 + 0 err 0
2022-12-27 00:00:34.487 13438-13531 AudioTrack              pid-13438                            V  obtainBuffer(192) returned 192 = 128 + 64 err 0
2022-12-27 00:00:34.487 13438-13531 AudioTrack              pid-13438                            V  obtainBuffer(64) returned 64 = 64 + 0 err 0
2022-12-27 00:00:34.491 13438-13531 AudioTrack              pid-13438                            V  obtainBuffer(192) returned 192 = 192 + 0 err 0
2022-12-27 00:00:34.524 13438-13531 chatty                  pid-13438                            I  uid=10213(com.inforcegames.app3dmodelling) AudioTrack identical 8 lines
2022-12-27 00:00:34.527 13438-13531 AudioTrack              pid-13438                            V  obtainBuffer(192) returned 192 = 192 + 0 err 0
2022-12-27 00:00:34.531 13438-13531 AudioTrack              pid-13438                            V  obtainBuffer(192) returned 192 = 64 + 128 err 0
2022-12-27 00:00:34.531 13438-13531 AudioTrack              pid-13438                            V  obtainBuffer(128) returned 128 = 128 + 0 err 0
2022-12-27 00:00:34.536 13438-13531 AudioTrack              pid-13438                            V  obtainBuffer(192) returned 192 = 192 + 0 err 0
2022-12-27 00:00:34.607 13438-13531 chatty                  pid-13438                            I  uid=10213(com.inforcegames.app3dmodelling) AudioTrack identical 18 lines
2022-12-27 00:00:34.611 13438-13531 AudioTrack              pid-13438                            V  obtainBuffer(192) returned 192 = 192 + 0 err 0
2022-12-27 00:00:34.615 13438-13531 AudioTrack              pid-13438                            V  obtainBuffer(192) returned 192 = 128 + 64 err 0
2022-12-27 00:00:34.615 13438-13531 AudioTrack              pid-13438                            V  obtainBuffer(64) returned 64 = 64 + 0 err 0
2022-12-27 00:00:34.620 13438-13531 AudioTrack              pid-13438                            V  obtainBuffer(192) returned 192 = 192 + 0 err 0
2022-12-27 00:00:34.651 13438-13531 chatty                  pid-13438                            I  uid=10213(com.inforcegames.app3dmodelling) AudioTrack identical 8 lines
2022-12-27 00:00:34.655 13438-13531 AudioTrack              pid-13438                            V  obtainBuffer(192) returned 192 = 192 + 0 err 0
2022-12-27 00:00:34.659 13438-13531 AudioTrack              pid-13438                            V  obtainBuffer(192) returned 192 = 64 + 128 err 0
2022-12-27 00:00:34.659 13438-13531 AudioTrack              pid-13438                            V  obtainBuffer(128) returned 128 = 128 + 0 err 0
2022-12-27 00:00:34.663 13438-13531 AudioTrack              pid-13438                            V  obtainBuffer(192) returned 192 = 192 + 0 err 0
2022-12-27 00:00:34.727 13438-13531 chatty                  pid-13438                            I  uid=10213(com.inforcegames.app3dmodelling) AudioTrack identical 16 lines
2022-12-27 00:00:34.731 13438-13531 AudioTrack              pid-13438                            V  obtainBuffer(192) returned 192 = 192 + 0 err 0
2022-12-27 00:00:34.733  1302-1462  ThermalEngine           pid-1302                             D  sensor_wait: msm_therm Wait done.
2022-12-27 00:00:34.734  1302-1462  ThermalEngine           pid-1302                             D  sensor_monitor: msm_therm Reading 38000 .
2022-12-27 00:00:34.734  1302-1462  ThermalEngine           pid-1302                             I  Sensor:msm_therm:38000 mC
2022-12-27 00:00:34.734  1302-1462  ThermalEngine           pid-1302                             D  update_active_thresh: msm_therm Active(1), Hi(1) 44000, Lo(0) -2147483648, desc(0) Interval(1) 1000
2022-12-27 00:00:34.734  1302-1462  ThermalEngine           pid-1302                             D  sensor_monitor: msm_therm Sensor wait.
2022-12-27 00:00:34.734  1302-1462  ThermalEngine           pid-1302                             D  sensor_wait: msm_therm Wait start. 1000ms
2022-12-27 00:00:34.735 13438-13531 AudioTrack              pid-13438                            V  obtainBuffer(192) returned 192 = 192 + 0 err 0
2022-12-27 00:00:34.739 13438-13531 AudioTrack              pid-13438                            V  obtainBuffer(192) returned 192 = 192 + 0 err 0
2022-12-27 00:00:34.742 13438-13438 Ads                     pid-13438                            I  Use RequestConfiguration.Builder().setTestDeviceIds(Arrays.asList("5A5EC914A569F7A81DB426CC1EC8BFE2")) to get test ads on this device.
2022-12-27 00:00:34.743 13438-13531 AudioTrack              pid-13438                            V  obtainBuffer(192) returned 192 = 128 + 64 err 0
2022-12-27 00:00:34.743 13438-13531 AudioTrack              pid-13438                            V  obtainBuffer(64) returned 64 = 64 + 0 err 0
