2022-12-27 00:00:25.903 13438-13531 chatty                  pid-13438                            I  uid=10213(com.inforcegames.app3dmodelling) AudioTrack identical 18 lines
2022-12-27 00:00:25.907 13438-13531 AudioTrack              pid-13438                            V  obtainBuffer(192) returned 192 = 192 + 0 err 0
2022-12-27 00:00:25.911 13438-13531 AudioTrack              pid-13438                            V  obtainBuffer(192) returned 192 = 128 + 64 err 0
2022-12-27 00:00:25.911 13438-13531 AudioTrack              pid-13438                            V  obtainBuffer(64) returned 64 = 64 + 0 err 0
2022-12-27 00:00:25.916 13438-13531 AudioTrack              pid-13438                            V  obtainBuffer(192) returned 192 = 192 + 0 err 0
2022-12-27 00:00:25.947 13438-13531 chatty                  pid-13438                            I  uid=10213(com.inforcegames.app3dmodelling) AudioTrack identical 8 lines
2022-12-27 00:00:25.951 13438-13531 AudioTrack              pid-13438                            V  obtainBuffer(192) returned 192 = 192 + 0 err 0
2022-12-27 00:00:25.955 13438-13531 AudioTrack              pid-13438                            V  obtainBuffer(192) returned 192 = 64 + 128 err 0
2022-12-27 00:00:25.955 13438-13531 AudioTrack              pid-13438                            V  obtainBuffer(128) returned 128 = 128 + 0 err 0
2022-12-27 00:00:25.959 13438-13531 AudioTrack              pid-13438                            V  obtainBuffer(192) returned 192 = 192 + 0 err 0
2022-12-27 00:00:26.031 13438-13531 chatty                  pid-13438                            I  uid=10213(com.inforcegames.app3dmodelling) AudioTrack identical 18 lines
2022-12-27 00:00:26.035 13438-13531 AudioTrack              pid-13438                            V  obtainBuffer(192) returned 192 = 192 + 0 err 0
2022-12-27 00:00:26.039 13438-13531 AudioTrack              pid-13438                            V  obtainBuffer(192) returned 192 = 128 + 64 err 0
2022-12-27 00:00:26.039 13438-13531 AudioTrack              pid-13438                            V  obtainBuffer(64) returned 64 = 64 + 0 err 0
2022-12-27 00:00:26.043 13438-13531 AudioTrack              pid-13438                            V  obtainBuffer(192) returned 192 = 192 + 0 err 0
2022-12-27 00:00:26.075 13438-13531 chatty                  pid-13438                            I  uid=10213(com.inforcegames.app3dmodelling) AudioTrack identical 8 lines
2022-12-27 00:00:26.079 13438-13531 AudioTrack              pid-13438                            V  obtainBuffer(192) returned 192 = 192 + 0 err 0
2022-12-27 00:00:26.083 13438-13531 AudioTrack              pid-13438                            V  obtainBuffer(192) returned 192 = 64 + 128 err 0
2022-12-27 00:00:26.083 13438-13531 AudioTrack              pid-13438                            V  obtainBuffer(128) returned 128 = 128 + 0 err 0
2022-12-27 00:00:26.087 13438-13531 AudioTrack              pid-13438                            V  obtainBuffer(192) returned 192 = 192 + 0 err 0
2022-12-27 00:00:26.159 13438-13531 chatty                  pid-13438                            I  uid=10213(com.inforcegames.app3dmodelling) AudioTrack identical 18 lines
2022-12-27 00:00:26.163 13438-13531 AudioTrack              pid-13438                            V  obtainBuffer(192) returned 192 = 192 + 0 err 0
2022-12-27 00:00:26.167 13438-13531 AudioTrack              pid-13438                            V  obtainBuffer(192) returned 192 = 128 + 64 err 0
2022-12-27 00:00:26.167 13438-13531 AudioTrack              pid-13438                            V  obtainBuffer(64) returned 64 = 64 + 0 err 0
2022-12-27 00:00:26.171 13438-13531 AudioTrack              pid-13438                            V  obtainBuffer(192) returned 192 = 192 + 0 err 0
2022-12-27 00:00:26.203 13438-13531 chatty                  pid-13438                            I  uid=10213(com.inforcegames.app3dmodelling) AudioTrack identical 8 lines
2022-12-27 00:00:26.207 13438-13531 AudioTrack              pid-13438                            V  obtainBuffer(192) returned 192 = 192 + 0 err 0
2022-12-27 00:00:26.211 13438-13531 AudioTrack              pid-13438                            V  obtainBuffer(192) returned 192 = 64 + 128 err 0
2022-12-27 00:00:26.211 13438-13531 AudioTrack              pid-13438                            V  obtainBuffer(128) returned 128 = 128 + 0 err 0
2022-12-27 00:00:26.215 13438-13531 AudioTrack              pid-13438                            V  obtainBuffer(192) returned 192 = 192 + 0 err 0
2022-12-27 00:00:26.287 13438-13531 chatty                  pid-13438                            I  uid=10213(com.inforcegames.app3dmodelling) AudioTrack identical 18 lines
2022-12-27 00:00:26.291 13438-13531 AudioTrack              pid-13438                            V  obtainBuffer(192) returned 192 = 192 + 0 err 0
2022-12-27 00:00:26.295 13438-13531 AudioTrack              pid-13438                            V  obtainBuffer(192) returned 192 = 128 + 64 err 0
2022-12-27 00:00:26.295 13438-13531 AudioTrack              pid-13438                            V  obtainBuffer(64) returned 64 = 64 + 0 err 0
2022-12-27 00:00:26.299 13438-13531 AudioTrack              pid-13438                            V  obtainBuffer(192) returned 192 = 192 + 0 err 0
2022-12-27 00:00:26.331 13438-13531 chatty                  pid-13438                            I  uid=10213(com.inforcegames.app3dmodelling) AudioTrack identical 8 lines
2022-12-27 00:00:26.335 13438-13531 AudioTrack              pid-13438                            V  obtainBuffer(192) returned 192 = 192 + 0 err 0
2022-12-27 00:00:26.339 13438-13531 AudioTrack              pid-13438                            V  obtainBuffer(192) returned 192 = 64 + 128 err 0
2022-12-27 00:00:26.339 13438-13531 AudioTrack              pid-13438                            V  obtainBuffer(128) returned 128 = 128 + 0 err 0
2022-12-27 00:00:26.343 13438-13531 AudioTrack              pid-13438                            V  obtainBuffer(192) returned 192 = 192 + 0 err 0
2022-12-27 00:00:26.379 13438-13531 chatty                  pid-13438                            I  uid=10213(com.inforcegames.app3dmodelling) AudioTrack identical 9 lines
2022-12-27 00:00:26.383 13438-13531 AudioTrack              pid-13438                            V  obtainBuffer(192) returned 192 = 192 + 0 err 0
2022-12-27 00:00:26.383  1302-1457  ThermalEngine           pid-1302                             D  sensor_wait: backlight_therm Wait done.
2022-12-27 00:00:26.385  1302-1457  ThermalEngine           pid-1302                             D  sensor_monitor: backlight_therm Reading 32000 .
2022-12-27 00:00:26.385  1302-1457  ThermalEngine           pid-1302                             I  Sensor:backlight_therm:32000 mC
2022-12-27 00:00:26.385  1302-1457  ThermalEngine           pid-1302                             D  update_active_thresh: backlight_therm Active(1), Hi(1) 45000, Lo(0) -2147483648, desc(0) Interval(1) 2000
2022-12-27 00:00:26.385  1302-1457  ThermalEngine           pid-1302                             D  sensor_monitor: backlight_therm Sensor wait.
2022-12-27 00:00:26.385  1302-1457  ThermalEngine           pid-1302                             D  sensor_wait: backlight_therm Wait start. 2000ms
2022-12-27 00:00:26.388 13438-13531 AudioTrack              pid-13438                            V  obtainBuffer(192) returned 192 = 192 + 0 err 0
2022-12-27 00:00:26.415 13438-13531 chatty                  pid-13438                            I  uid=10213(com.inforcegames.app3dmodelling) AudioTrack identical 7 lines
2022-12-27 00:00:26.419 13438-13531 AudioTrack              pid-13438                            V  obtainBuffer(192) returned 192 = 192 + 0 err 0
2022-12-27 00:00:26.423 13438-13531 AudioTrack              pid-13438                            V  obtainBuffer(192) returned 192 = 128 + 64 err 0
2022-12-27 00:00:26.423 13438-13531 AudioTrack              pid-13438                            V  obtainBuffer(64) returned 64 = 64 + 0 err 0
2022-12-27 00:00:26.427 13438-13531 AudioTrack              pid-13438                            V  obtainBuffer(192) returned 192 = 192 + 0 err 0
2022-12-27 00:00:26.451 13438-13531 chatty                  pid-13438                            I  uid=10213(com.inforcegames.app3dmodelling) AudioTrack identical 6 lines
2022-12-27 00:00:26.455 13438-13531 AudioTrack              pid-13438                            V  obtainBuffer(192) returned 192 = 192 + 0 err 0
2022-12-27 00:00:26.457 13316-13371 MobileSignalController  pid-13316                            D  onSignalStrengthsChanged: SignalStrength: 99 0 -120 -160 -120 -160 -1 27 -89 -9 216 2147483647 0 2147483647 99 255 2147483647 gsm|lte use_rsrp_and_rssnr_for_lte_level  [-120, -115, -110, -105, -97] [-115, -105, -95, -85]
2022-12-27 00:00:26.458 13316-13371 NetworkCon...troller(1) pid-13316                            D  4G level = 5
2022-12-27 00:00:26.459 13438-13531 AudioTrack              pid-13438                            V  obtainBuffer(192) returned 192 = 192 + 0 err 0
2022-12-27 00:00:26.464 13438-13531 AudioTrack              pid-13438                            V  obtainBuffer(192) returned 192 = 192 + 0 err 0
2022-12-27 00:00:26.467 13438-13531 AudioTrack              pid-13438                            V  obtainBuffer(192) returned 192 = 64 + 128 err 0
2022-12-27 00:00:26.467 13438-13531 AudioTrack              pid-13438                            V  obtainBuffer(128) returned 128 = 128 + 0 err 0
2022-12-27 00:00:26.472 13438-13531 AudioTrack              pid-13438                            V  obtainBuffer(192) returned 192 = 192 + 0 err 0
2022-12-27 00:00:26.544 13438-13531 chatty                  pid-13438                            I  uid=10213(com.inforcegames.app3dmodelling) AudioTrack identical 18 lines
2022-12-27 00:00:26.547 13438-13531 AudioTrack              pid-13438                            V  obtainBuffer(192) returned 192 = 192 + 0 err 0
2022-12-27 00:00:26.551 13438-13531 AudioTrack              pid-13438                            V  obtainBuffer(192) returned 192 = 128 + 64 err 0
2022-12-27 00:00:26.551 13438-13531 AudioTrack              pid-13438                            V  obtainBuffer(64) returned 64 = 64 + 0 err 0
2022-12-27 00:00:26.556 13438-13531 AudioTrack              pid-13438                            V  obtainBuffer(192) returned 192 = 192 + 0 err 0
2022-12-27 00:00:26.587 13438-13531 chatty                  pid-13438                            I  uid=10213(com.inforcegames.app3dmodelling) AudioTrack identical 8 lines
2022-12-27 00:00:26.592 13438-13531 AudioTrack              pid-13438                            V  obtainBuffer(192) returned 192 = 192 + 0 err 0
2022-12-27 00:00:26.595 13438-13531 AudioTrack              pid-13438                            V  obtainBuffer(192) returned 192 = 64 + 128 err 0
2022-12-27 00:00:26.595 13438-13531 AudioTrack              pid-13438                            V  obtainBuffer(128) returned 128 = 128 + 0 err 0
2022-12-27 00:00:26.599 13438-13531 AudioTrack              pid-13438                            V  obtainBuffer(192) returned 192 = 192 + 0 err 0
2022-12-27 00:00:26.671 13438-13531 chatty                  pid-13438                            I  uid=10213(com.inforcegames.app3dmodelling) AudioTrack identical 18 lines
2022-12-27 00:00:26.675 13438-13531 AudioTrack              pid-13438                            V  obtainBuffer(192) returned 192 = 192 + 0 err 0
2022-12-27 00:00:26.678   688-944   audio_hw_spkr_prot      pid-688                              D  audio_extn_fbsp_get_parameters: Speaker protection disabled
2022-12-27 00:00:26.678   688-944   audio_hw_extn           pid-688                              D  audio_extn_get_parameters: returns 
2022-12-27 00:00:26.679   743-15843 hash_map_utils          pid-743                              I  key: 'hifi_mode' value: ''
2022-12-27 00:00:26.679 13438-13531 AudioTrack              pid-13438                            V  obtainBuffer(192) returned 192 = 128 + 64 err 0
2022-12-27 00:00:26.679 13438-13531 AudioTrack              pid-13438                            V  obtainBuffer(64) returned 64 = 64 + 0 err 0
2022-12-27 00:00:26.682 13438-13735 AudioManager            pid-13438                            D  getStreamVolume isRestricted mode = 0
2022-12-27 00:00:26.683 13438-13531 AudioTrack              pid-13438                            V  obtainBuffer(192) returned 192 = 192 + 0 err 0
2022-12-27 00:00:26.687 13438-13531 AudioTrack              pid-13438                            V  obtainBuffer(192) returned 192 = 192 + 0 err 0
2022-12-27 00:00:26.688   688-944   audio_hw_spkr_prot      pid-688                              D  audio_extn_fbsp_get_parameters: Speaker protection disabled
2022-12-27 00:00:26.688   688-944   audio_hw_extn           pid-688                              D  audio_extn_get_parameters: returns 
2022-12-27 00:00:26.688   743-15843 hash_map_utils          pid-743                              I  key: 'hifi_mode' value: ''
2022-12-27 00:00:26.691 13438-13531 AudioTrack              pid-13438                            V  obtainBuffer(192) returned 192 = 192 + 0 err 0
2022-12-27 00:00:26.711 13438-13531 chatty                  pid-13438                            I  uid=10213(com.inforcegames.app3dmodelling) AudioTrack identical 5 lines
2022-12-27 00:00:26.715 13438-13531 AudioTrack              pid-13438                            V  obtainBuffer(192) returned 192 = 192 + 0 err 0
2022-12-27 00:00:26.718  1302-1462  ThermalEngine           pid-1302                             D  sensor_wait: msm_therm Wait done.
2022-12-27 00:00:26.719 13438-13531 AudioTrack              pid-13438                            V  obtainBuffer(192) returned 192 = 192 + 0 err 0
2022-12-27 00:00:26.720  1302-1462  ThermalEngine           pid-1302                             D  sensor_monitor: msm_therm Reading 38000 .
2022-12-27 00:00:26.720  1302-1462  ThermalEngine           pid-1302                             I  Sensor:msm_therm:38000 mC
2022-12-27 00:00:26.720  1302-1462  ThermalEngine           pid-1302                             D  update_active_thresh: msm_therm Active(1), Hi(1) 44000, Lo(0) -2147483648, desc(0) Interval(1) 1000
2022-12-27 00:00:26.720  1302-1462  ThermalEngine           pid-1302                             D  sensor_monitor: msm_therm Sensor wait.
2022-12-27 00:00:26.720  1302-1462  ThermalEngine           pid-1302                             D  sensor_wait: msm_therm Wait start. 1000ms
2022-12-27 00:00:26.725 13438-13531 AudioTrack              pid-13438                            V  obtainBuffer(192) returned 192 = 64 + 128 err 0
2022-12-27 00:00:26.725 13438-13531 AudioTrack              pid-13438                            V  obtainBuffer(128) returned 128 = 128 + 0 err 0
2022-12-27 00:00:26.727 13438-13531 AudioTrack              pid-13438                            V  obtainBuffer(192) returned 192 = 192 + 0 err 0
2022-12-27 00:00:26.731 13438-13531 chatty                  pid-13438                            I  uid=10213(com.inforcegames.app3dmodelling) AudioTrack identical 1 line
2022-12-27 00:00:26.735 13438-13531 AudioTrack              pid-13438                            V  obtainBuffer(192) returned 192 = 192 + 0 err 0
2022-12-27 00:00:26.736  1302-1463  ThermalEngine           pid-1302                             D  sensor_wait: quiet_therm Wait done.
2022-12-27 00:00:26.738  1302-1463  ThermalEngine           pid-1302                             D  sensor_monitor: quiet_therm Reading 37000 .
2022-12-27 00:00:26.738  1302-1463  ThermalEngine           pid-1302                             I  Sensor:quiet_therm:37000 mC
2022-12-27 00:00:26.738  1302-1463  ThermalEngine           pid-1302                             D  update_active_thresh: quiet_therm Active(1), Hi(1) 40000, Lo(0) -2147483648, desc(0) Interval(1) 1000
2022-12-27 00:00:26.738  1302-1463  ThermalEngine           pid-1302                             D  sensor_monitor: quiet_therm Sensor wait.
2022-12-27 00:00:26.739  1302-1463  ThermalEngine           pid-1302                             D  sensor_wait: quiet_therm Wait start. 1000ms
2022-12-27 00:00:26.739 13438-13531 AudioTrack              pid-13438                            V  obtainBuffer(192) returned 192 = 192 + 0 err 0
2022-12-27 00:00:26.799 13438-13531 chatty                  pid-13438                            I  uid=10213(com.inforcegames.app3dmodelling) AudioTrack identical 15 lines
2022-12-27 00:00:26.803 13438-13531 AudioTrack              pid-13438                            V  obtainBuffer(192) returned 192 = 192 + 0 err 0
2022-12-27 00:00:26.807 13438-13531 AudioTrack              pid-13438                            V  obtainBuffer(192) returned 192 = 128 + 64 err 0
2022-12-27 00:00:26.807 13438-13531 AudioTrack              pid-13438                            V  obtainBuffer(64) returned 64 = 64 + 0 err 0
2022-12-27 00:00:26.811 13438-13531 AudioTrack              pid-13438                            V  obtainBuffer(192) returned 192 = 192 + 0 err 0
2022-12-27 00:00:26.843 13438-13531 chatty                  pid-13438                            I  uid=10213(com.inforcegames.app3dmodelling) AudioTrack identical 8 lines
2022-12-27 00:00:26.847 13438-13531 AudioTrack              pid-13438                            V  obtainBuffer(192) returned 192 = 192 + 0 err 0
2022-12-27 00:00:26.851 13438-13531 AudioTrack              pid-13438                            V  obtainBuffer(192) returned 192 = 64 + 128 err 0
2022-12-27 00:00:26.851 13438-13531 AudioTrack              pid-13438                            V  obtainBuffer(128) returned 128 = 128 + 0 err 0
2022-12-27 00:00:26.855 13438-13531 AudioTrack              pid-13438                            V  obtainBuffer(192) returned 192 = 192 + 0 err 0
2022-12-27 00:00:26.928 13438-13531 chatty                  pid-13438                            I  uid=10213(com.inforcegames.app3dmodelling) AudioTrack identical 18 lines
2022-12-27 00:00:26.931 13438-13531 AudioTrack              pid-13438                            V  obtainBuffer(192) returned 192 = 192 + 0 err 0
2022-12-27 00:00:26.935 13438-13531 AudioTrack              pid-13438                            V  obtainBuffer(192) returned 192 = 128 + 64 err 0
2022-12-27 00:00:26.935 13438-13531 AudioTrack              pid-13438                            V  obtainBuffer(64) returned 64 = 64 + 0 err 0
2022-12-27 00:00:26.939 13438-13531 AudioTrack              pid-13438                            V  obtainBuffer(192) returned 192 = 192 + 0 err 0
2022-12-27 00:00:26.971 13438-13531 chatty                  pid-13438                            I  uid=10213(com.inforcegames.app3dmodelling) AudioTrack identical 8 lines
2022-12-27 00:00:26.975 13438-13531 AudioTrack              pid-13438                            V  obtainBuffer(192) returned 192 = 192 + 0 err 0
2022-12-27 00:00:26.980 13438-13531 AudioTrack              pid-13438                            V  obtainBuffer(192) returned 192 = 64 + 128 err 0
2022-12-27 00:00:26.980 13438-13531 AudioTrack              pid-13438                            V  obtainBuffer(128) returned 128 = 128 + 0 err 0
2022-12-27 00:00:26.983 13438-13531 AudioTrack              pid-13438                            V  obtainBuffer(192) returned 192 = 192 + 0 err 0
2022-12-27 00:00:27.055 13438-13531 chatty                  pid-13438                            I  uid=10213(com.inforcegames.app3dmodelling) AudioTrack identical 18 lines
2022-12-27 00:00:27.060 13438-13531 AudioTrack              pid-13438                            V  obtainBuffer(192) returned 192 = 192 + 0 err 0
2022-12-27 00:00:27.064 13438-13531 AudioTrack              pid-13438                            V  obtainBuffer(192) returned 192 = 128 + 64 err 0
2022-12-27 00:00:27.064 13438-13531 AudioTrack              pid-13438                            V  obtainBuffer(64) returned 64 = 64 + 0 err 0
2022-12-27 00:00:27.067 13438-13531 AudioTrack              pid-13438                            V  obtainBuffer(192) returned 192 = 192 + 0 err 0
2022-12-27 00:00:27.100 13438-13531 chatty                  pid-13438                            I  uid=10213(com.inforcegames.app3dmodelling) AudioTrack identical 8 lines
2022-12-27 00:00:27.104 13438-13531 AudioTrack              pid-13438                            V  obtainBuffer(192) returned 192 = 192 + 0 err 0
2022-12-27 00:00:27.107 13438-13531 AudioTrack              pid-13438                            V  obtainBuffer(192) returned 192 = 64 + 128 err 0
2022-12-27 00:00:27.107 13438-13531 AudioTrack              pid-13438                            V  obtainBuffer(128) returned 128 = 128 + 0 err 0
2022-12-27 00:00:27.111 13438-13531 AudioTrack              pid-13438                            V  obtainBuffer(192) returned 192 = 192 + 0 err 0
2022-12-27 00:00:27.184 13438-13531 chatty                  pid-13438                            I  uid=10213(com.inforcegames.app3dmodelling) AudioTrack identical 18 lines
2022-12-27 00:00:27.187 13438-13531 AudioTrack              pid-13438                            V  obtainBuffer(192) returned 192 = 192 + 0 err 0
2022-12-27 00:00:27.191 13438-13531 AudioTrack              pid-13438                            V  obtainBuffer(192) returned 192 = 128 + 64 err 0
2022-12-27 00:00:27.191 13438-13531 AudioTrack              pid-13438                            V  obtainBuffer(64) returned 64 = 64 + 0 err 0
2022-12-27 00:00:27.195 13438-13531 AudioTrack              pid-13438                            V  obtainBuffer(192) returned 192 = 192 + 0 err 0
2022-12-27 00:00:27.227 13438-13531 chatty                  pid-13438                            I  uid=10213(com.inforcegames.app3dmodelling) AudioTrack identical 8 lines
2022-12-27 00:00:27.231 13438-13531 AudioTrack              pid-13438                            V  obtainBuffer(192) returned 192 = 192 + 0 err 0
2022-12-27 00:00:27.235 13438-13531 AudioTrack              pid-13438                            V  obtainBuffer(192) returned 192 = 64 + 128 err 0
2022-12-27 00:00:27.235 13438-13531 AudioTrack              pid-13438                            V  obtainBuffer(128) returned 128 = 128 + 0 err 0
2022-12-27 00:00:27.239 13438-13531 AudioTrack              pid-13438                            V  obtainBuffer(192) returned 192 = 192 + 0 err 0
2022-12-27 00:00:27.311 13438-13531 chatty                  pid-13438                            I  uid=10213(com.inforcegames.app3dmodelling) AudioTrack identical 18 lines
2022-12-27 00:00:27.315 13438-13531 AudioTrack              pid-13438                            V  obtainBuffer(192) returned 192 = 192 + 0 err 0
2022-12-27 00:00:27.320 13438-13531 AudioTrack              pid-13438                            V  obtainBuffer(192) returned 192 = 128 + 64 err 0
2022-12-27 00:00:27.320 13438-13531 AudioTrack              pid-13438                            V  obtainBuffer(64) returned 64 = 64 + 0 err 0
2022-12-27 00:00:27.323 13438-13531 AudioTrack              pid-13438                            V  obtainBuffer(192) returned 192 = 192 + 0 err 0
2022-12-27 00:00:27.355 13438-13531 chatty                  pid-13438                            I  uid=10213(com.inforcegames.app3dmodelling) AudioTrack identical 8 lines
2022-12-27 00:00:27.359 13438-13531 AudioTrack              pid-13438                            V  obtainBuffer(192) returned 192 = 192 + 0 err 0
2022-12-27 00:00:27.363 13438-13531 AudioTrack              pid-13438                            V  obtainBuffer(192) returned 192 = 64 + 128 err 0
2022-12-27 00:00:27.363 13438-13531 AudioTrack              pid-13438                            V  obtainBuffer(128) returned 128 = 128 + 0 err 0
2022-12-27 00:00:27.367 13438-13531 AudioTrack              pid-13438                            V  obtainBuffer(192) returned 192 = 192 + 0 err 0
2022-12-27 00:00:27.434 14852-14852 linker                  pid-14852                            A  CANNOT LINK EXECUTABLE "/system/bin/dpmd": "/system/lib64/libdpmframework.so" is 32-bit instead of 64-bit
2022-12-27 00:00:27.440 13438-13531 chatty                  pid-13438                            I  uid=10213(com.inforcegames.app3dmodelling) AudioTrack identical 18 lines
2022-12-27 00:00:27.444 13438-13531 AudioTrack              pid-13438                            V  obtainBuffer(192) returned 192 = 192 + 0 err 0
2022-12-27 00:00:27.447 13438-13531 AudioTrack              pid-13438                            V  obtainBuffer(192) returned 192 = 128 + 64 err 0
2022-12-27 00:00:27.447 13438-13531 AudioTrack              pid-13438                            V  obtainBuffer(64) returned 64 = 64 + 0 err 0
2022-12-27 00:00:27.452 13438-13531 AudioTrack              pid-13438                            V  obtainBuffer(192) returned 192 = 192 + 0 err 0
2022-12-27 00:00:27.483 13438-13531 chatty                  pid-13438                            I  uid=10213(com.inforcegames.app3dmodelling) AudioTrack identical 8 lines
2022-12-27 00:00:27.487 13438-13531 AudioTrack              pid-13438                            V  obtainBuffer(192) returned 192 = 192 + 0 err 0
2022-12-27 00:00:27.492 13438-13531 AudioTrack              pid-13438                            V  obtainBuffer(192) returned 192 = 64 + 128 err 0
2022-12-27 00:00:27.492 13438-13531 AudioTrack              pid-13438                            V  obtainBuffer(128) returned 128 = 128 + 0 err 0
2022-12-27 00:00:27.495 13438-13531 AudioTrack              pid-13438                            V  obtainBuffer(192) returned 192 = 192 + 0 err 0
2022-12-27 00:00:27.567 13438-13531 chatty                  pid-13438                            I  uid=10213(com.inforcegames.app3dmodelling) AudioTrack identical 18 lines
2022-12-27 00:00:27.571 13438-13531 AudioTrack              pid-13438                            V  obtainBuffer(192) returned 192 = 192 + 0 err 0
2022-12-27 00:00:27.575 13438-13531 AudioTrack              pid-13438                            V  obtainBuffer(192) returned 192 = 128 + 64 err 0
2022-12-27 00:00:27.575 13438-13531 AudioTrack              pid-13438                            V  obtainBuffer(64) returned 64 = 64 + 0 err 0
2022-12-27 00:00:27.579 13438-13531 AudioTrack              pid-13438                            V  obtainBuffer(192) returned 192 = 192 + 0 err 0
2022-12-27 00:00:27.611 13438-13531 chatty                  pid-13438                            I  uid=10213(com.inforcegames.app3dmodelling) AudioTrack identical 8 lines
2022-12-27 00:00:27.615 13438-13531 AudioTrack              pid-13438                            V  obtainBuffer(192) returned 192 = 192 + 0 err 0
2022-12-27 00:00:27.619 13438-13531 AudioTrack              pid-13438                            V  obtainBuffer(192) returned 192 = 64 + 128 err 0
2022-12-27 00:00:27.620 13438-13531 AudioTrack              pid-13438                            V  obtainBuffer(128) returned 128 = 128 + 0 err 0
2022-12-27 00:00:27.624 13438-13531 AudioTrack              pid-13438                            V  obtainBuffer(192) returned 192 = 192 + 0 err 0
2022-12-27 00:00:27.695 13438-13531 chatty                  pid-13438                            I  uid=10213(com.inforcegames.app3dmodelling) AudioTrack identical 18 lines
2022-12-27 00:00:27.699 13438-13531 AudioTrack              pid-13438                            V  obtainBuffer(192) returned 192 = 192 + 0 err 0
2022-12-27 00:00:27.705 13438-13531 AudioTrack              pid-13438                            V  obtainBuffer(192) returned 192 = 128 + 64 err 0
2022-12-27 00:00:27.705 13438-13531 AudioTrack              pid-13438                            V  obtainBuffer(64) returned 64 = 64 + 0 err 0
2022-12-27 00:00:27.708 13438-13531 AudioTrack              pid-13438                            V  obtainBuffer(192) returned 192 = 192 + 0 err 0
2022-12-27 00:00:27.715 13438-13531 chatty                  pid-13438                            I  uid=10213(com.inforcegames.app3dmodelling) AudioTrack identical 2 lines
2022-12-27 00:00:27.720 13438-13531 AudioTrack              pid-13438                            V  obtainBuffer(192) returned 192 = 192 + 0 err 0
2022-12-27 00:00:27.721  1302-1462  ThermalEngine           pid-1302                             D  sensor_wait: msm_therm Wait done.
2022-12-27 00:00:27.722  1302-1462  ThermalEngine           pid-1302                             D  sensor_monitor: msm_therm Reading 38000 .
2022-12-27 00:00:27.722  1302-1462  ThermalEngine           pid-1302                             I  Sensor:msm_therm:38000 mC
2022-12-27 00:00:27.722  1302-1462  ThermalEngine           pid-1302                             D  update_active_thresh: msm_therm Active(1), Hi(1) 44000, Lo(0) -2147483648, desc(0) Interval(1) 1000
2022-12-27 00:00:27.722  1302-1462  ThermalEngine           pid-1302                             D  sensor_monitor: msm_therm Sensor wait.
2022-12-27 00:00:27.722  1302-1462  ThermalEngine           pid-1302                             D  sensor_wait: msm_therm Wait start. 1000ms
2022-12-27 00:00:27.724 13438-13531 AudioTrack              pid-13438                            V  obtainBuffer(192) returned 192 = 192 + 0 err 0
2022-12-27 00:00:27.731 13438-13531 chatty                  pid-13438                            I  uid=10213(com.inforcegames.app3dmodelling) AudioTrack identical 2 lines
2022-12-27 00:00:27.735 13438-13531 AudioTrack              pid-13438                            V  obtainBuffer(192) returned 192 = 192 + 0 err 0
2022-12-27 00:00:27.739  1302-1463  ThermalEngine           pid-1302                             D  sensor_wait: quiet_therm Wait done.
2022-12-27 00:00:27.739 13438-13531 AudioTrack              pid-13438                            V  obtainBuffer(192) returned 192 = 192 + 0 err 0
2022-12-27 00:00:27.741  1302-1463  ThermalEngine           pid-1302                             D  sensor_monitor: quiet_therm Reading 37000 .
2022-12-27 00:00:27.741  1302-1463  ThermalEngine           pid-1302                             I  Sensor:quiet_therm:37000 mC
2022-12-27 00:00:27.741  1302-1463  ThermalEngine           pid-1302                             D  update_active_thresh: quiet_therm Active(1), Hi(1) 40000, Lo(0) -2147483648, desc(0) Interval(1) 1000
2022-12-27 00:00:27.741  1302-1463  ThermalEngine           pid-1302                             D  sensor_monitor: quiet_therm Sensor wait.
2022-12-27 00:00:27.741  1302-1463  ThermalEngine           pid-1302                             D  sensor_wait: quiet_therm Wait start. 1000ms
2022-12-27 00:00:27.743 13438-13531 AudioTrack              pid-13438                            V  obtainBuffer(192) returned 192 = 192 + 0 err 0
2022-12-27 00:00:27.747 13438-13531 AudioTrack              pid-13438                            V  obtainBuffer(192) returned 192 = 64 + 128 err 0
2022-12-27 00:00:27.747 13438-13531 AudioTrack              pid-13438                            V  obtainBuffer(128) returned 128 = 128 + 0 err 0
2022-12-27 00:00:27.751 13438-13531 AudioTrack              pid-13438                            V  obtainBuffer(192) returned 192 = 192 + 0 err 0
2022-12-27 00:00:27.823 13438-13531 chatty                  pid-13438                            I  uid=10213(com.inforcegames.app3dmodelling) AudioTrack identical 18 lines
2022-12-27 00:00:27.828 13438-13531 AudioTrack              pid-13438                            V  obtainBuffer(192) returned 192 = 192 + 0 err 0
2022-12-27 00:00:27.831 13438-13531 AudioTrack              pid-13438                            V  obtainBuffer(192) returned 192 = 128 + 64 err 0
2022-12-27 00:00:27.831 13438-13531 AudioTrack              pid-13438                            V  obtainBuffer(64) returned 64 = 64 + 0 err 0
2022-12-27 00:00:27.835 13438-13531 AudioTrack              pid-13438                            V  obtainBuffer(192) returned 192 = 192 + 0 err 0
2022-12-27 00:00:27.867 13438-13531 chatty                  pid-13438                            I  uid=10213(com.inforcegames.app3dmodelling) AudioTrack identical 8 lines
2022-12-27 00:00:27.871 13438-13531 AudioTrack              pid-13438                            V  obtainBuffer(192) returned 192 = 192 + 0 err 0
2022-12-27 00:00:27.875 13438-13531 AudioTrack              pid-13438                            V  obtainBuffer(192) returned 192 = 64 + 128 err 0
2022-12-27 00:00:27.875 13438-13531 AudioTrack              pid-13438                            V  obtainBuffer(128) returned 128 = 128 + 0 err 0
2022-12-27 00:00:27.879 13438-13531 AudioTrack              pid-13438                            V  obtainBuffer(192) returned 192 = 192 + 0 err 0
2022-12-27 00:00:27.951 13438-13531 chatty                  pid-13438                            I  uid=10213(com.inforcegames.app3dmodelling) AudioTrack identical 18 lines
2022-12-27 00:00:27.955 13438-13531 AudioTrack              pid-13438                            V  obtainBuffer(192) returned 192 = 192 + 0 err 0
2022-12-27 00:00:27.959 13438-13531 AudioTrack              pid-13438                            V  obtainBuffer(192) returned 192 = 128 + 64 err 0
2022-12-27 00:00:27.959 13438-13531 AudioTrack              pid-13438                            V  obtainBuffer(64) returned 64 = 64 + 0 err 0
2022-12-27 00:00:27.963 13438-13531 AudioTrack              pid-13438                            V  obtainBuffer(192) returned 192 = 192 + 0 err 0
2022-12-27 00:00:27.995 13438-13531 chatty                  pid-13438                            I  uid=10213(com.inforcegames.app3dmodelling) AudioTrack identical 8 lines
2022-12-27 00:00:27.999 13438-13531 AudioTrack              pid-13438                            V  obtainBuffer(192) returned 192 = 192 + 0 err 0
2022-12-27 00:00:28.003 13438-13531 AudioTrack              pid-13438                            V  obtainBuffer(192) returned 192 = 64 + 128 err 0
2022-12-27 00:00:28.004 13438-13531 AudioTrack              pid-13438                            V  obtainBuffer(128) returned 128 = 128 + 0 err 0
2022-12-27 00:00:28.007 13438-13531 AudioTrack              pid-13438                            V  obtainBuffer(192) returned 192 = 192 + 0 err 0
2022-12-27 00:00:28.079 13438-13531 chatty                  pid-13438                            I  uid=10213(com.inforcegames.app3dmodelling) AudioTrack identical 18 lines
2022-12-27 00:00:28.084 13438-13531 AudioTrack              pid-13438                            V  obtainBuffer(192) returned 192 = 192 + 0 err 0
2022-12-27 00:00:28.087 13438-13531 AudioTrack              pid-13438                            V  obtainBuffer(192) returned 192 = 128 + 64 err 0
2022-12-27 00:00:28.087 13438-13531 AudioTrack              pid-13438                            V  obtainBuffer(64) returned 64 = 64 + 0 err 0
2022-12-27 00:00:28.091 13438-13531 AudioTrack              pid-13438                            V  obtainBuffer(192) returned 192 = 192 + 0 err 0
2022-12-27 00:00:28.124 13438-13531 chatty                  pid-13438                            I  uid=10213(com.inforcegames.app3dmodelling) AudioTrack identical 8 lines
2022-12-27 00:00:28.128 13438-13531 AudioTrack              pid-13438                            V  obtainBuffer(192) returned 192 = 192 + 0 err 0
2022-12-27 00:00:28.131 13438-13531 AudioTrack              pid-13438                            V  obtainBuffer(192) returned 192 = 64 + 128 err 0
2022-12-27 00:00:28.131 13438-13531 AudioTrack              pid-13438                            V  obtainBuffer(128) returned 128 = 128 + 0 err 0
2022-12-27 00:00:28.135 13438-13531 AudioTrack              pid-13438                            V  obtainBuffer(192) returned 192 = 192 + 0 err 0
2022-12-27 00:00:28.207 13438-13531 chatty                  pid-13438                            I  uid=10213(com.inforcegames.app3dmodelling) AudioTrack identical 18 lines
2022-12-27 00:00:28.211 13438-13531 AudioTrack              pid-13438                            V  obtainBuffer(192) returned 192 = 192 + 0 err 0
2022-12-27 00:00:28.215 13438-13531 AudioTrack              pid-13438                            V  obtainBuffer(192) returned 192 = 128 + 64 err 0
2022-12-27 00:00:28.215 13438-13531 AudioTrack              pid-13438                            V  obtainBuffer(64) returned 64 = 64 + 0 err 0
2022-12-27 00:00:28.219 13438-13531 AudioTrack              pid-13438                            V  obtainBuffer(192) returned 192 = 192 + 0 err 0
2022-12-27 00:00:28.251 13438-13531 chatty                  pid-13438                            I  uid=10213(com.inforcegames.app3dmodelling) AudioTrack identical 8 lines
2022-12-27 00:00:28.255 13438-13531 AudioTrack              pid-13438                            V  obtainBuffer(192) returned 192 = 192 + 0 err 0
2022-12-27 00:00:28.259 13438-13531 AudioTrack              pid-13438                            V  obtainBuffer(192) returned 192 = 64 + 128 err 0
2022-12-27 00:00:28.259 13438-13531 AudioTrack              pid-13438                            V  obtainBuffer(128) returned 128 = 128 + 0 err 0
2022-12-27 00:00:28.263 13438-13531 AudioTrack              pid-13438                            V  obtainBuffer(192) returned 192 = 192 + 0 err 0
2022-12-27 00:00:28.319 13438-13531 chatty                  pid-13438                            I  uid=10213(com.inforcegames.app3dmodelling) AudioTrack identical 14 lines
2022-12-27 00:00:28.323 13438-13531 AudioTrack              pid-13438                            V  obtainBuffer(192) returned 192 = 192 + 0 err 0
2022-12-27 00:00:28.326 14241-14241 PushService             pid-14241                            W  [Tid:2] onStart() with intent.Action = com.xiaomi.push.timer, chid = null, pkg = null|null
2022-12-27 00:00:28.327 13438-13531 AudioTrack              pid-13438                            V  obtainBuffer(192) returned 192 = 192 + 0 err 0
2022-12-27 00:00:28.327 14241-14278 PushService             pid-14241                            W  [Tid:14232] [Job] Handle intent action = com.xiaomi.push.timer
2022-12-27 00:00:28.328 14241-14278 PushService             pid-14241                            W  [Tid:14232] [Alarm] Service called on timer
2022-12-27 00:00:28.328 14241-14278 PushService             pid-14241                            W  [Tid:14232] [Alarm] register alarm. (false)
2022-12-27 00:00:28.329 14241-14278 PushService             pid-14241                            W  [Tid:14232] [HB] ping interval:600000
2022-12-27 00:00:28.332 13438-13531 AudioTrack              pid-13438                            V  obtainBuffer(192) returned 192 = 192 + 0 err 0
2022-12-27 00:00:28.335 13438-13531 chatty                  pid-13438                            I  uid=10213(com.inforcegames.app3dmodelling) AudioTrack identical 1 line
2022-12-27 00:00:28.339 13438-13531 AudioTrack              pid-13438                            V  obtainBuffer(192) returned 192 = 192 + 0 err 0
2022-12-27 00:00:28.342 14241-14278 PushService             pid-14241                            W  [Tid:14232] [Slim] SND ping id=0
2022-12-27 00:00:28.343 13438-13531 AudioTrack              pid-13438                            V  obtainBuffer(192) returned 192 = 128 + 64 err 0
2022-12-27 00:00:28.343 13438-13531 AudioTrack              pid-13438                            V  obtainBuffer(64) returned 64 = 64 + 0 err 0
2022-12-27 00:00:28.343 14241-14277 PushService             pid-14241                            W  [Tid:14231] [Alarm] heartbeat alarm finish in 43
2022-12-27 00:00:28.347 13438-13531 AudioTrack              pid-13438                            V  obtainBuffer(192) returned 192 = 192 + 0 err 0
2022-12-27 00:00:28.379 13438-13531 chatty                  pid-13438                            I  uid=10213(com.inforcegames.app3dmodelling) AudioTrack identical 8 lines
2022-12-27 00:00:28.383 13438-13531 AudioTrack              pid-13438                            V  obtainBuffer(192) returned 192 = 192 + 0 err 0
2022-12-27 00:00:28.385  1302-1457  ThermalEngine           pid-1302                             D  sensor_wait: backlight_therm Wait done.
2022-12-27 00:00:28.387  1302-1457  ThermalEngine           pid-1302                             D  sensor_monitor: backlight_therm Reading 32000 .
2022-12-27 00:00:28.387  1302-1457  ThermalEngine           pid-1302                             I  Sensor:backlight_therm:32000 mC
2022-12-27 00:00:28.387  1302-1457  ThermalEngine           pid-1302                             D  update_active_thresh: backlight_therm Active(1), Hi(1) 45000, Lo(0) -2147483648, desc(0) Interval(1) 2000
2022-12-27 00:00:28.387  1302-1457  ThermalEngine           pid-1302                             D  sensor_monitor: backlight_therm Sensor wait.
2022-12-27 00:00:28.387  1302-1457  ThermalEngine           pid-1302                             D  sensor_wait: backlight_therm Wait start. 2000ms
2022-12-27 00:00:28.387 13438-13531 AudioTrack              pid-13438                            V  obtainBuffer(192) returned 192 = 64 + 128 err 0
2022-12-27 00:00:28.387 13438-13531 AudioTrack              pid-13438                            V  obtainBuffer(128) returned 128 = 128 + 0 err 0
2022-12-27 00:00:28.391 13438-13531 AudioTrack              pid-13438                            V  obtainBuffer(192) returned 192 = 192 + 0 err 0
2022-12-27 00:00:28.395 13438-13531 AudioTrack              pid-13438                            V  obtainBuffer(192) returned 192 = 192 + 0 err 0
2022-12-27 00:00:28.395 14241-14309 PushService             pid-14241                            W  [Tid:14243] [Slim] RCV ping id=0
2022-12-27 00:00:28.399 13438-13531 AudioTrack              pid-13438                            V  obtainBuffer(192) returned 192 = 192 + 0 err 0
2022-12-27 00:00:28.435 13438-13531 chatty                  pid-13438                            I  uid=10213(com.inforcegames.app3dmodelling) AudioTrack identical 9 lines
2022-12-27 00:00:28.439 13438-13531 AudioTrack              pid-13438                            V  obtainBuffer(192) returned 192 = 192 + 0 err 0
2022-12-27 00:00:28.439  2853-2853  QtiCarrierConfigHelper  pid-2853                             D  WARNING, no carrier configs on phone Id: 0
2022-12-27 00:00:28.440  2280-4370  LocSvc_HID...iption_jni pid-2280                             V  battery_level_update
2022-12-27 00:00:28.441  3526-4111  PowerCheckerService     pid-3526                             D  onBatteryChanged, mBatteryLevel = 36, status = 2, level = 36, plug = 1, scale = 100
2022-12-27 00:00:28.442 13316-13316 KeyguardUpdateMonitor   pid-13316                            D  received broadcast android.intent.action.BATTERY_CHANGED
2022-12-27 00:00:28.442 10811-10811 BatteryInfoReceiver     pid-10811                            I  ACTION_BATTERY_CHANGED
2022-12-27 00:00:28.443  2280-4370  LocSvc_HID...iption_jni pid-2280                             V  [battery_level_update][931] [HC] =>> [HS]
2022-12-27 00:00:28.444 13438-13531 AudioTrack              pid-13438                            V  obtainBuffer(192) returned 192 = 192 + 0 err 0
2022-12-27 00:00:28.444   713-713   LocSvc_HID...bscription pid-713                              V  [batteryLevelUpdate][777] [HS] <<<<= [HC]
2022-12-27 00:00:28.445  2280-4370  LocSvc_HID...iption_jni pid-2280                             V  Exit Result 0
2022-12-27 00:00:28.447 13438-13531 AudioTrack              pid-13438                            V  obtainBuffer(192) returned 192 = 192 + 0 err 0
2022-12-27 00:00:28.447 10811-10811 PowerNoticeUI           pid-10811                            I  handleBatteryChanged oldPlugType 1 mPlugType 1 oldBatteryLevel 36 mBatteryLevel 36 temperature 330
2022-12-27 00:00:28.451 13438-13531 AudioTrack              pid-13438                            V  obtainBuffer(192) returned 192 = 192 + 0 err 0
2022-12-27 00:00:28.464 13438-13531 chatty                  pid-13438                            I  uid=10213(com.inforcegames.app3dmodelling) AudioTrack identical 3 lines
2022-12-27 00:00:28.467 13438-13531 AudioTrack              pid-13438                            V  obtainBuffer(192) returned 192 = 192 + 0 err 0
2022-12-27 00:00:28.471 13438-13531 AudioTrack              pid-13438                            V  obtainBuffer(192) returned 192 = 128 + 64 err 0
2022-12-27 00:00:28.471 13438-13531 AudioTrack              pid-13438                            V  obtainBuffer(64) returned 64 = 64 + 0 err 0
2022-12-27 00:00:28.476 13438-13531 AudioTrack              pid-13438                            V  obtainBuffer(192) returned 192 = 192 + 0 err 0
2022-12-27 00:00:28.507 13438-13531 chatty                  pid-13438                            I  uid=10213(com.inforcegames.app3dmodelling) AudioTrack identical 8 lines
2022-12-27 00:00:28.511 13438-13531 AudioTrack              pid-13438                            V  obtainBuffer(192) returned 192 = 192 + 0 err 0
2022-12-27 00:00:28.515 13438-13531 AudioTrack              pid-13438                            V  obtainBuffer(192) returned 192 = 64 + 128 err 0
2022-12-27 00:00:28.515 13438-13531 AudioTrack              pid-13438                            V  obtainBuffer(128) returned 128 = 128 + 0 err 0
2022-12-27 00:00:28.516  2820-5429  DPMJ                    pid-2820                             I  |REQ:RCVR| DPM creating socket
2022-12-27 00:00:28.519 13438-13531 AudioTrack              pid-13438                            V  obtainBuffer(192) returned 192 = 192 + 0 err 0
2022-12-27 00:00:28.591 13438-13531 chatty                  pid-13438                            I  uid=10213(com.inforcegames.app3dmodelling) AudioTrack identical 18 lines
2022-12-27 00:00:28.595 13438-13531 AudioTrack              pid-13438                            V  obtainBuffer(192) returned 192 = 192 + 0 err 0
2022-12-27 00:00:28.599 13438-13531 AudioTrack              pid-13438                            V  obtainBuffer(192) returned 192 = 128 + 64 err 0
2022-12-27 00:00:28.599 13438-13531 AudioTrack              pid-13438                            V  obtainBuffer(64) returned 64 = 64 + 0 err 0
2022-12-27 00:00:28.603 13438-13531 AudioTrack              pid-13438                            V  obtainBuffer(192) returned 192 = 192 + 0 err 0
2022-12-27 00:00:28.635 13438-13531 chatty                  pid-13438                            I  uid=10213(com.inforcegames.app3dmodelling) AudioTrack identical 8 lines
2022-12-27 00:00:28.639 13438-13531 AudioTrack              pid-13438                            V  obtainBuffer(192) returned 192 = 192 + 0 err 0
2022-12-27 00:00:28.643 13438-13531 AudioTrack              pid-13438                            V  obtainBuffer(192) returned 192 = 64 + 128 err 0
2022-12-27 00:00:28.643 13438-13531 AudioTrack              pid-13438                            V  obtainBuffer(128) returned 128 = 128 + 0 err 0
2022-12-27 00:00:28.647 13438-13531 AudioTrack              pid-13438                            V  obtainBuffer(192) returned 192 = 192 + 0 err 0
2022-12-27 00:00:28.683 13438-13531 chatty                  pid-13438                            I  uid=10213(com.inforcegames.app3dmodelling) AudioTrack identical 9 lines
2022-12-27 00:00:28.687 13438-13531 AudioTrack              pid-13438                            V  obtainBuffer(192) returned 192 = 192 + 0 err 0
2022-12-27 00:00:28.688 13316-13316 SignalClusterView       pid-13316                            D  updateMobileTypeImage  0
2022-12-27 00:00:28.690 13316-13316 chatty                  pid-13316                            I  uid=1000(system) com.android.systemui identical 2 lines
2022-12-27 00:00:28.691 13316-13316 SignalClusterView       pid-13316                            D  updateMobileTypeImage  0
2022-12-27 00:00:28.691 13438-13531 AudioTrack              pid-13438                            V  obtainBuffer(192) returned 192 = 192 + 0 err 0
2022-12-27 00:00:28.715 13438-13531 chatty                  pid-13438                            I  uid=10213(com.inforcegames.app3dmodelling) AudioTrack identical 6 lines
2022-12-27 00:00:28.719 13438-13531 AudioTrack              pid-13438                            V  obtainBuffer(192) returned 192 = 192 + 0 err 0
2022-12-27 00:00:28.722  1302-1462  ThermalEngine           pid-1302                             D  sensor_wait: msm_therm Wait done.
2022-12-27 00:00:28.723 13438-13531 AudioTrack              pid-13438                            V  obtainBuffer(192) returned 192 = 192 + 0 err 0
2022-12-27 00:00:28.723  1302-1462  ThermalEngine           pid-1302                             D  sensor_monitor: msm_therm Reading 38000 .
2022-12-27 00:00:28.723  1302-1462  ThermalEngine           pid-1302                             I  Sensor:msm_therm:38000 mC
2022-12-27 00:00:28.723  1302-1462  ThermalEngine           pid-1302                             D  update_active_thresh: msm_therm Active(1), Hi(1) 44000, Lo(0) -2147483648, desc(0) Interval(1) 1000
2022-12-27 00:00:28.723  1302-1462  ThermalEngine           pid-1302                             D  sensor_monitor: msm_therm Sensor wait.
2022-12-27 00:00:28.723  1302-1462  ThermalEngine           pid-1302                             D  sensor_wait: msm_therm Wait start. 1000ms
2022-12-27 00:00:28.727 13438-13531 AudioTrack              pid-13438                            V  obtainBuffer(192) returned 192 = 128 + 64 err 0
2022-12-27 00:00:28.728 13438-13531 AudioTrack              pid-13438                            V  obtainBuffer(64) returned 64 = 64 + 0 err 0
2022-12-27 00:00:28.731 13438-13531 AudioTrack              pid-13438                            V  obtainBuffer(192) returned 192 = 192 + 0 err 0
