2022-12-25 18:47:41.415 26981-27064 AudioTrack              pid-26981                            V  obtainBuffer(128) returned 128 = 128 + 0 err 0
2022-12-25 18:47:41.419 26981-27064 AudioTrack              pid-26981                            V  obtainBuffer(192) returned 192 = 192 + 0 err 0
2022-12-25 18:47:41.491 26981-27064 chatty                  pid-26981                            I  uid=10213(com.inforcegames.app3dmodelling) AudioTrack identical 18 lines
2022-12-25 18:47:41.495 26981-27064 AudioTrack              pid-26981                            V  obtainBuffer(192) returned 192 = 192 + 0 err 0
2022-12-25 18:47:41.499 26981-27064 AudioTrack              pid-26981                            V  obtainBuffer(192) returned 192 = 128 + 64 err 0
2022-12-25 18:47:41.499 26981-27064 AudioTrack              pid-26981                            V  obtainBuffer(64) returned 64 = 64 + 0 err 0
2022-12-25 18:47:41.503 26981-27064 AudioTrack              pid-26981                            V  obtainBuffer(192) returned 192 = 192 + 0 err 0
2022-12-25 18:47:41.535 26981-27064 chatty                  pid-26981                            I  uid=10213(com.inforcegames.app3dmodelling) AudioTrack identical 8 lines
2022-12-25 18:47:41.539 26981-27064 AudioTrack              pid-26981                            V  obtainBuffer(192) returned 192 = 192 + 0 err 0
2022-12-25 18:47:41.543 26981-27064 AudioTrack              pid-26981                            V  obtainBuffer(192) returned 192 = 64 + 128 err 0
2022-12-25 18:47:41.543 26981-27064 AudioTrack              pid-26981                            V  obtainBuffer(128) returned 128 = 128 + 0 err 0
2022-12-25 18:47:41.547 26981-27064 AudioTrack              pid-26981                            V  obtainBuffer(192) returned 192 = 192 + 0 err 0
2022-12-25 18:47:41.619 26981-27064 chatty                  pid-26981                            I  uid=10213(com.inforcegames.app3dmodelling) AudioTrack identical 18 lines
2022-12-25 18:47:41.623 26981-27064 AudioTrack              pid-26981                            V  obtainBuffer(192) returned 192 = 192 + 0 err 0
2022-12-25 18:47:41.627 26981-27064 AudioTrack              pid-26981                            V  obtainBuffer(192) returned 192 = 128 + 64 err 0
2022-12-25 18:47:41.627 26981-27064 AudioTrack              pid-26981                            V  obtainBuffer(64) returned 64 = 64 + 0 err 0
2022-12-25 18:47:41.631 26981-27064 AudioTrack              pid-26981                            V  obtainBuffer(192) returned 192 = 192 + 0 err 0
2022-12-25 18:47:41.663 26981-27064 chatty                  pid-26981                            I  uid=10213(com.inforcegames.app3dmodelling) AudioTrack identical 8 lines
2022-12-25 18:47:41.667 26981-27064 AudioTrack              pid-26981                            V  obtainBuffer(192) returned 192 = 192 + 0 err 0
2022-12-25 18:47:41.671 26981-27064 AudioTrack              pid-26981                            V  obtainBuffer(192) returned 192 = 64 + 128 err 0
2022-12-25 18:47:41.671 26981-27064 AudioTrack              pid-26981                            V  obtainBuffer(128) returned 128 = 128 + 0 err 0
2022-12-25 18:47:41.675 26981-27064 AudioTrack              pid-26981                            V  obtainBuffer(192) returned 192 = 192 + 0 err 0
2022-12-25 18:47:41.703 26981-27064 chatty                  pid-26981                            I  uid=10213(com.inforcegames.app3dmodelling) AudioTrack identical 7 lines
2022-12-25 18:47:41.707 26981-27064 AudioTrack              pid-26981                            V  obtainBuffer(192) returned 192 = 192 + 0 err 0
2022-12-25 18:47:41.710  2820-5429  DPMJ                    pid-2820                             I  |REQ:RCVR| DPM creating socket
2022-12-25 18:47:41.711 26981-27064 AudioTrack              pid-26981                            V  obtainBuffer(192) returned 192 = 192 + 0 err 0
2022-12-25 18:47:41.743 26981-27064 chatty                  pid-26981                            I  uid=10213(com.inforcegames.app3dmodelling) AudioTrack identical 8 lines
2022-12-25 18:47:41.747 26981-27064 AudioTrack              pid-26981                            V  obtainBuffer(192) returned 192 = 192 + 0 err 0
2022-12-25 18:47:41.747  1302-1462  ThermalEngine           pid-1302                             D  sensor_wait: msm_therm Wait done.
2022-12-25 18:47:41.749  1302-1462  ThermalEngine           pid-1302                             D  sensor_monitor: msm_therm Reading 36000 .
2022-12-25 18:47:41.749  1302-1462  ThermalEngine           pid-1302                             I  Sensor:msm_therm:36000 mC
2022-12-25 18:47:41.749  1302-1462  ThermalEngine           pid-1302                             D  update_active_thresh: msm_therm Active(1), Hi(1) 44000, Lo(0) -2147483648, desc(0) Interval(1) 1000
2022-12-25 18:47:41.749  1302-1462  ThermalEngine           pid-1302                             D  sensor_monitor: msm_therm Sensor wait.
2022-12-25 18:47:41.749  1302-1462  ThermalEngine           pid-1302                             D  sensor_wait: msm_therm Wait start. 1000ms
2022-12-25 18:47:41.749  1302-1463  ThermalEngine           pid-1302                             D  sensor_wait: quiet_therm Wait done.
2022-12-25 18:47:41.750  1302-1463  ThermalEngine           pid-1302                             D  sensor_monitor: quiet_therm Reading 34000 .
2022-12-25 18:47:41.750  1302-1463  ThermalEngine           pid-1302                             I  Sensor:quiet_therm:34000 mC
2022-12-25 18:47:41.750  1302-1463  ThermalEngine           pid-1302                             D  update_active_thresh: quiet_therm Active(1), Hi(1) 40000, Lo(0) -2147483648, desc(0) Interval(1) 1000
2022-12-25 18:47:41.751  1302-1463  ThermalEngine           pid-1302                             D  sensor_monitor: quiet_therm Sensor wait.
2022-12-25 18:47:41.751  1302-1463  ThermalEngine           pid-1302                             D  sensor_wait: quiet_therm Wait start. 1000ms
2022-12-25 18:47:41.751 26981-27064 AudioTrack              pid-26981                            V  obtainBuffer(192) returned 192 = 192 + 0 err 0
2022-12-25 18:47:41.755 26981-27064 AudioTrack              pid-26981                            V  obtainBuffer(192) returned 192 = 128 + 64 err 0
2022-12-25 18:47:41.755 26981-27064 AudioTrack              pid-26981                            V  obtainBuffer(64) returned 64 = 64 + 0 err 0
2022-12-25 18:47:41.759 26981-27064 AudioTrack              pid-26981                            V  obtainBuffer(192) returned 192 = 192 + 0 err 0
2022-12-25 18:47:41.791 26981-27064 chatty                  pid-26981                            I  uid=10213(com.inforcegames.app3dmodelling) AudioTrack identical 8 lines
2022-12-25 18:47:41.795 26981-27064 AudioTrack              pid-26981                            V  obtainBuffer(192) returned 192 = 192 + 0 err 0
2022-12-25 18:47:41.799 26981-27064 AudioTrack              pid-26981                            V  obtainBuffer(192) returned 192 = 64 + 128 err 0
2022-12-25 18:47:41.799 26981-27064 AudioTrack              pid-26981                            V  obtainBuffer(128) returned 128 = 128 + 0 err 0
2022-12-25 18:47:41.803 26981-27064 AudioTrack              pid-26981                            V  obtainBuffer(192) returned 192 = 192 + 0 err 0
2022-12-25 18:47:41.875 26981-27064 chatty                  pid-26981                            I  uid=10213(com.inforcegames.app3dmodelling) AudioTrack identical 18 lines
2022-12-25 18:47:41.879 26981-27064 AudioTrack              pid-26981                            V  obtainBuffer(192) returned 192 = 192 + 0 err 0
2022-12-25 18:47:41.884 26981-27064 AudioTrack              pid-26981                            V  obtainBuffer(192) returned 192 = 128 + 64 err 0
2022-12-25 18:47:41.884 26981-27064 AudioTrack              pid-26981                            V  obtainBuffer(64) returned 64 = 64 + 0 err 0
2022-12-25 18:47:41.887 26981-27064 AudioTrack              pid-26981                            V  obtainBuffer(192) returned 192 = 192 + 0 err 0
2022-12-25 18:47:41.919 26981-27064 chatty                  pid-26981                            I  uid=10213(com.inforcegames.app3dmodelling) AudioTrack identical 8 lines
2022-12-25 18:47:41.923 26981-27064 AudioTrack              pid-26981                            V  obtainBuffer(192) returned 192 = 192 + 0 err 0
2022-12-25 18:47:41.927 26981-27064 AudioTrack              pid-26981                            V  obtainBuffer(192) returned 192 = 64 + 128 err 0
2022-12-25 18:47:41.927 26981-27064 AudioTrack              pid-26981                            V  obtainBuffer(128) returned 128 = 128 + 0 err 0
2022-12-25 18:47:41.931 26981-27064 AudioTrack              pid-26981                            V  obtainBuffer(192) returned 192 = 192 + 0 err 0
2022-12-25 18:47:42.003 26981-27064 chatty                  pid-26981                            I  uid=10213(com.inforcegames.app3dmodelling) AudioTrack identical 18 lines
2022-12-25 18:47:42.008 26981-27064 AudioTrack              pid-26981                            V  obtainBuffer(192) returned 192 = 192 + 0 err 0
2022-12-25 18:47:42.011 26981-27064 AudioTrack              pid-26981                            V  obtainBuffer(192) returned 192 = 128 + 64 err 0
2022-12-25 18:47:42.012 26981-27064 AudioTrack              pid-26981                            V  obtainBuffer(64) returned 64 = 64 + 0 err 0
2022-12-25 18:47:42.016 26981-27064 AudioTrack              pid-26981                            V  obtainBuffer(192) returned 192 = 192 + 0 err 0
2022-12-25 18:47:42.047 26981-27064 chatty                  pid-26981                            I  uid=10213(com.inforcegames.app3dmodelling) AudioTrack identical 8 lines
2022-12-25 18:47:42.052 26981-27064 AudioTrack              pid-26981                            V  obtainBuffer(192) returned 192 = 192 + 0 err 0
2022-12-25 18:47:42.055 26981-27064 AudioTrack              pid-26981                            V  obtainBuffer(192) returned 192 = 64 + 128 err 0
2022-12-25 18:47:42.056 26981-27064 AudioTrack              pid-26981                            V  obtainBuffer(128) returned 128 = 128 + 0 err 0
2022-12-25 18:47:42.060 26981-27064 AudioTrack              pid-26981                            V  obtainBuffer(192) returned 192 = 192 + 0 err 0
2022-12-25 18:47:42.131 26981-27064 chatty                  pid-26981                            I  uid=10213(com.inforcegames.app3dmodelling) AudioTrack identical 18 lines
2022-12-25 18:47:42.135 26981-27064 AudioTrack              pid-26981                            V  obtainBuffer(192) returned 192 = 192 + 0 err 0
2022-12-25 18:47:42.135   688-4296  audio_hw_spkr_prot      pid-688                              D  audio_extn_fbsp_get_parameters: Speaker protection disabled
2022-12-25 18:47:42.136   688-4296  audio_hw_extn           pid-688                              D  audio_extn_get_parameters: returns 
2022-12-25 18:47:42.136   743-15843 hash_map_utils          pid-743                              I  key: 'hifi_mode' value: ''
2022-12-25 18:47:42.137 26981-29638 AudioManager            pid-26981                            D  getStreamVolume isRestricted mode = 0
2022-12-25 18:47:42.139 26981-27064 AudioTrack              pid-26981                            V  obtainBuffer(192) returned 192 = 128 + 64 err 0
2022-12-25 18:47:42.139 26981-27064 AudioTrack              pid-26981                            V  obtainBuffer(64) returned 64 = 64 + 0 err 0
2022-12-25 18:47:42.141   688-4296  audio_hw_spkr_prot      pid-688                              D  audio_extn_fbsp_get_parameters: Speaker protection disabled
2022-12-25 18:47:42.142   688-4296  audio_hw_extn           pid-688                              D  audio_extn_get_parameters: returns 
2022-12-25 18:47:42.142   743-15843 hash_map_utils          pid-743                              I  key: 'hifi_mode' value: ''
2022-12-25 18:47:42.143 26981-27064 AudioTrack              pid-26981                            V  obtainBuffer(192) returned 192 = 192 + 0 err 0
2022-12-25 18:47:42.175 26981-27064 chatty                  pid-26981                            I  uid=10213(com.inforcegames.app3dmodelling) AudioTrack identical 8 lines
2022-12-25 18:47:42.179 26981-27064 AudioTrack              pid-26981                            V  obtainBuffer(192) returned 192 = 192 + 0 err 0
2022-12-25 18:47:42.183 26981-27064 AudioTrack              pid-26981                            V  obtainBuffer(192) returned 192 = 64 + 128 err 0
2022-12-25 18:47:42.183 26981-27064 AudioTrack              pid-26981                            V  obtainBuffer(128) returned 128 = 128 + 0 err 0
2022-12-25 18:47:42.187 26981-27064 AudioTrack              pid-26981                            V  obtainBuffer(192) returned 192 = 192 + 0 err 0
2022-12-25 18:47:42.259 26981-27064 chatty                  pid-26981                            I  uid=10213(com.inforcegames.app3dmodelling) AudioTrack identical 18 lines
2022-12-25 18:47:42.263 26981-27064 AudioTrack              pid-26981                            V  obtainBuffer(192) returned 192 = 192 + 0 err 0
2022-12-25 18:47:42.267 26981-27064 AudioTrack              pid-26981                            V  obtainBuffer(192) returned 192 = 128 + 64 err 0
2022-12-25 18:47:42.267 26981-27064 AudioTrack              pid-26981                            V  obtainBuffer(64) returned 64 = 64 + 0 err 0
2022-12-25 18:47:42.271 26981-27064 AudioTrack              pid-26981                            V  obtainBuffer(192) returned 192 = 192 + 0 err 0
2022-12-25 18:47:42.303 26981-27064 chatty                  pid-26981                            I  uid=10213(com.inforcegames.app3dmodelling) AudioTrack identical 8 lines
2022-12-25 18:47:42.307 26981-27064 AudioTrack              pid-26981                            V  obtainBuffer(192) returned 192 = 192 + 0 err 0
2022-12-25 18:47:42.311 26981-27064 AudioTrack              pid-26981                            V  obtainBuffer(192) returned 192 = 64 + 128 err 0
2022-12-25 18:47:42.311 26981-27064 AudioTrack              pid-26981                            V  obtainBuffer(128) returned 128 = 128 + 0 err 0
2022-12-25 18:47:42.316 26981-27064 AudioTrack              pid-26981                            V  obtainBuffer(192) returned 192 = 192 + 0 err 0
2022-12-25 18:47:42.387 26981-27064 chatty                  pid-26981                            I  uid=10213(com.inforcegames.app3dmodelling) AudioTrack identical 18 lines
2022-12-25 18:47:42.391 26981-27064 AudioTrack              pid-26981                            V  obtainBuffer(192) returned 192 = 192 + 0 err 0
2022-12-25 18:47:42.395 26981-27064 AudioTrack              pid-26981                            V  obtainBuffer(192) returned 192 = 128 + 64 err 0
2022-12-25 18:47:42.395 26981-27064 AudioTrack              pid-26981                            V  obtainBuffer(64) returned 64 = 64 + 0 err 0
2022-12-25 18:47:42.400 26981-27064 AudioTrack              pid-26981                            V  obtainBuffer(192) returned 192 = 192 + 0 err 0
2022-12-25 18:47:42.431 26981-27064 chatty                  pid-26981                            I  uid=10213(com.inforcegames.app3dmodelling) AudioTrack identical 8 lines
2022-12-25 18:47:42.435 26981-27064 AudioTrack              pid-26981                            V  obtainBuffer(192) returned 192 = 192 + 0 err 0
2022-12-25 18:47:42.439 26981-27064 AudioTrack              pid-26981                            V  obtainBuffer(192) returned 192 = 64 + 128 err 0
2022-12-25 18:47:42.439 26981-27064 AudioTrack              pid-26981                            V  obtainBuffer(128) returned 128 = 128 + 0 err 0
2022-12-25 18:47:42.443 26981-27064 AudioTrack              pid-26981                            V  obtainBuffer(192) returned 192 = 192 + 0 err 0
2022-12-25 18:47:42.515 26981-27064 chatty                  pid-26981                            I  uid=10213(com.inforcegames.app3dmodelling) AudioTrack identical 18 lines
2022-12-25 18:47:42.519 26981-27064 AudioTrack              pid-26981                            V  obtainBuffer(192) returned 192 = 192 + 0 err 0
2022-12-25 18:47:42.523 26981-27064 AudioTrack              pid-26981                            V  obtainBuffer(192) returned 192 = 128 + 64 err 0
2022-12-25 18:47:42.523 26981-27064 AudioTrack              pid-26981                            V  obtainBuffer(64) returned 64 = 64 + 0 err 0
2022-12-25 18:47:42.528 26981-27064 AudioTrack              pid-26981                            V  obtainBuffer(192) returned 192 = 192 + 0 err 0
2022-12-25 18:47:42.559 26981-27064 chatty                  pid-26981                            I  uid=10213(com.inforcegames.app3dmodelling) AudioTrack identical 8 lines
2022-12-25 18:47:42.563 26981-27064 AudioTrack              pid-26981                            V  obtainBuffer(192) returned 192 = 192 + 0 err 0
2022-12-25 18:47:42.567 26981-27064 AudioTrack              pid-26981                            V  obtainBuffer(192) returned 192 = 64 + 128 err 0
2022-12-25 18:47:42.567 26981-27064 AudioTrack              pid-26981                            V  obtainBuffer(128) returned 128 = 128 + 0 err 0
2022-12-25 18:47:42.571 26981-27064 AudioTrack              pid-26981                            V  obtainBuffer(192) returned 192 = 192 + 0 err 0
2022-12-25 18:47:42.643 26981-27064 chatty                  pid-26981                            I  uid=10213(com.inforcegames.app3dmodelling) AudioTrack identical 18 lines
2022-12-25 18:47:42.648 26981-27064 AudioTrack              pid-26981                            V  obtainBuffer(192) returned 192 = 192 + 0 err 0
2022-12-25 18:47:42.651 26981-27064 AudioTrack              pid-26981                            V  obtainBuffer(192) returned 192 = 128 + 64 err 0
2022-12-25 18:47:42.651 26981-27064 AudioTrack              pid-26981                            V  obtainBuffer(64) returned 64 = 64 + 0 err 0
2022-12-25 18:47:42.655 26981-27064 AudioTrack              pid-26981                            V  obtainBuffer(192) returned 192 = 192 + 0 err 0
2022-12-25 18:47:42.687 26981-27064 chatty                  pid-26981                            I  uid=10213(com.inforcegames.app3dmodelling) AudioTrack identical 8 lines
2022-12-25 18:47:42.691 26981-27064 AudioTrack              pid-26981                            V  obtainBuffer(192) returned 192 = 192 + 0 err 0
2022-12-25 18:47:42.695 26981-27064 AudioTrack              pid-26981                            V  obtainBuffer(192) returned 192 = 64 + 128 err 0
2022-12-25 18:47:42.695 26981-27064 AudioTrack              pid-26981                            V  obtainBuffer(128) returned 128 = 128 + 0 err 0
2022-12-25 18:47:42.699 26981-27064 AudioTrack              pid-26981                            V  obtainBuffer(192) returned 192 = 192 + 0 err 0
2022-12-25 18:47:42.744 26981-27064 chatty                  pid-26981                            I  uid=10213(com.inforcegames.app3dmodelling) AudioTrack identical 11 lines
2022-12-25 18:47:42.747 26981-27064 AudioTrack              pid-26981                            V  obtainBuffer(192) returned 192 = 192 + 0 err 0
2022-12-25 18:47:42.749  1302-1462  ThermalEngine           pid-1302                             D  sensor_wait: msm_therm Wait done.
2022-12-25 18:47:42.750  1302-1462  ThermalEngine           pid-1302                             D  sensor_monitor: msm_therm Reading 36000 .
2022-12-25 18:47:42.750  1302-1462  ThermalEngine           pid-1302                             I  Sensor:msm_therm:36000 mC
2022-12-25 18:47:42.750  1302-1462  ThermalEngine           pid-1302                             D  update_active_thresh: msm_therm Active(1), Hi(1) 44000, Lo(0) -2147483648, desc(0) Interval(1) 1000
2022-12-25 18:47:42.750  1302-1462  ThermalEngine           pid-1302                             D  sensor_monitor: msm_therm Sensor wait.
2022-12-25 18:47:42.750  1302-1462  ThermalEngine           pid-1302                             D  sensor_wait: msm_therm Wait start. 1000ms
2022-12-25 18:47:42.751  1302-1463  ThermalEngine           pid-1302                             D  sensor_wait: quiet_therm Wait done.
2022-12-25 18:47:42.751 26981-27064 AudioTrack              pid-26981                            V  obtainBuffer(192) returned 192 = 192 + 0 err 0
2022-12-25 18:47:42.753  1302-1463  ThermalEngine           pid-1302                             D  sensor_monitor: quiet_therm Reading 34000 .
2022-12-25 18:47:42.753  1302-1463  ThermalEngine           pid-1302                             I  Sensor:quiet_therm:34000 mC
2022-12-25 18:47:42.753  1302-1463  ThermalEngine           pid-1302                             D  update_active_thresh: quiet_therm Active(1), Hi(1) 40000, Lo(0) -2147483648, desc(0) Interval(1) 1000
2022-12-25 18:47:42.753  1302-1463  ThermalEngine           pid-1302                             D  sensor_monitor: quiet_therm Sensor wait.
2022-12-25 18:47:42.753  1302-1463  ThermalEngine           pid-1302                             D  sensor_wait: quiet_therm Wait start. 1000ms
2022-12-25 18:47:42.756 26981-27064 AudioTrack              pid-26981                            V  obtainBuffer(192) returned 192 = 192 + 0 err 0
2022-12-25 18:47:42.771 26981-27064 chatty                  pid-26981                            I  uid=10213(com.inforcegames.app3dmodelling) AudioTrack identical 4 lines
2022-12-25 18:47:42.775 26981-27064 AudioTrack              pid-26981                            V  obtainBuffer(192) returned 192 = 192 + 0 err 0
2022-12-25 18:47:42.779 26981-27064 AudioTrack              pid-26981                            V  obtainBuffer(192) returned 192 = 128 + 64 err 0
2022-12-25 18:47:42.779 26981-27064 AudioTrack              pid-26981                            V  obtainBuffer(64) returned 64 = 64 + 0 err 0
2022-12-25 18:47:42.783 26981-27064 AudioTrack              pid-26981                            V  obtainBuffer(192) returned 192 = 192 + 0 err 0
2022-12-25 18:47:42.815 26981-27064 chatty                  pid-26981                            I  uid=10213(com.inforcegames.app3dmodelling) AudioTrack identical 8 lines
2022-12-25 18:47:42.819 26981-27064 AudioTrack              pid-26981                            V  obtainBuffer(192) returned 192 = 192 + 0 err 0
2022-12-25 18:47:42.823 26981-27064 AudioTrack              pid-26981                            V  obtainBuffer(192) returned 192 = 64 + 128 err 0
2022-12-25 18:47:42.823 26981-27064 AudioTrack              pid-26981                            V  obtainBuffer(128) returned 128 = 128 + 0 err 0
2022-12-25 18:47:42.827 26981-27064 AudioTrack              pid-26981                            V  obtainBuffer(192) returned 192 = 192 + 0 err 0
2022-12-25 18:47:42.899 26981-27064 chatty                  pid-26981                            I  uid=10213(com.inforcegames.app3dmodelling) AudioTrack identical 18 lines
2022-12-25 18:47:42.903 26981-27064 AudioTrack              pid-26981                            V  obtainBuffer(192) returned 192 = 192 + 0 err 0
2022-12-25 18:47:42.907 26981-27064 AudioTrack              pid-26981                            V  obtainBuffer(192) returned 192 = 128 + 64 err 0
2022-12-25 18:47:42.907 26981-27064 AudioTrack              pid-26981                            V  obtainBuffer(64) returned 64 = 64 + 0 err 0
2022-12-25 18:47:42.911 26981-27064 AudioTrack              pid-26981                            V  obtainBuffer(192) returned 192 = 192 + 0 err 0
2022-12-25 18:47:42.943 26981-27064 chatty                  pid-26981                            I  uid=10213(com.inforcegames.app3dmodelling) AudioTrack identical 8 lines
2022-12-25 18:47:42.947 26981-27064 AudioTrack              pid-26981                            V  obtainBuffer(192) returned 192 = 192 + 0 err 0
2022-12-25 18:47:42.952 26981-27064 AudioTrack              pid-26981                            V  obtainBuffer(192) returned 192 = 64 + 128 err 0
2022-12-25 18:47:42.952 26981-27064 AudioTrack              pid-26981                            V  obtainBuffer(128) returned 128 = 128 + 0 err 0
2022-12-25 18:47:42.956 26981-27064 AudioTrack              pid-26981                            V  obtainBuffer(192) returned 192 = 192 + 0 err 0
2022-12-25 18:47:43.027 26981-27064 chatty                  pid-26981                            I  uid=10213(com.inforcegames.app3dmodelling) AudioTrack identical 18 lines
2022-12-25 18:47:43.031 26981-27064 AudioTrack              pid-26981                            V  obtainBuffer(192) returned 192 = 192 + 0 err 0
2022-12-25 18:47:43.035 26981-27064 AudioTrack              pid-26981                            V  obtainBuffer(192) returned 192 = 128 + 64 err 0
2022-12-25 18:47:43.035 26981-27064 AudioTrack              pid-26981                            V  obtainBuffer(64) returned 64 = 64 + 0 err 0
2022-12-25 18:47:43.039 26981-27064 AudioTrack              pid-26981                            V  obtainBuffer(192) returned 192 = 192 + 0 err 0
2022-12-25 18:47:43.072 26981-27064 chatty                  pid-26981                            I  uid=10213(com.inforcegames.app3dmodelling) AudioTrack identical 8 lines
2022-12-25 18:47:43.075 26981-27064 AudioTrack              pid-26981                            V  obtainBuffer(192) returned 192 = 192 + 0 err 0
2022-12-25 18:47:43.079 26981-27064 AudioTrack              pid-26981                            V  obtainBuffer(192) returned 192 = 64 + 128 err 0
2022-12-25 18:47:43.079 26981-27064 AudioTrack              pid-26981                            V  obtainBuffer(128) returned 128 = 128 + 0 err 0
2022-12-25 18:47:43.083 26981-27064 AudioTrack              pid-26981                            V  obtainBuffer(192) returned 192 = 192 + 0 err 0
2022-12-25 18:47:43.155 26981-27064 chatty                  pid-26981                            I  uid=10213(com.inforcegames.app3dmodelling) AudioTrack identical 18 lines
2022-12-25 18:47:43.159 26981-27064 AudioTrack              pid-26981                            V  obtainBuffer(192) returned 192 = 192 + 0 err 0
2022-12-25 18:47:43.163 26981-27064 AudioTrack              pid-26981                            V  obtainBuffer(192) returned 192 = 128 + 64 err 0
2022-12-25 18:47:43.163 26981-27064 AudioTrack              pid-26981                            V  obtainBuffer(64) returned 64 = 64 + 0 err 0
2022-12-25 18:47:43.167 26981-27064 AudioTrack              pid-26981                            V  obtainBuffer(192) returned 192 = 192 + 0 err 0
2022-12-25 18:47:43.199 26981-27064 chatty                  pid-26981                            I  uid=10213(com.inforcegames.app3dmodelling) AudioTrack identical 8 lines
2022-12-25 18:47:43.203 26981-27064 AudioTrack              pid-26981                            V  obtainBuffer(192) returned 192 = 192 + 0 err 0
2022-12-25 18:47:43.207 26981-27064 AudioTrack              pid-26981                            V  obtainBuffer(192) returned 192 = 64 + 128 err 0
2022-12-25 18:47:43.207 26981-27064 AudioTrack              pid-26981                            V  obtainBuffer(128) returned 128 = 128 + 0 err 0
2022-12-25 18:47:43.208  1302-1457  ThermalEngine           pid-1302                             D  sensor_wait: backlight_therm Wait done.
2022-12-25 18:47:43.211  1302-1457  ThermalEngine           pid-1302                             D  sensor_monitor: backlight_therm Reading 33000 .
2022-12-25 18:47:43.211 26981-27064 AudioTrack              pid-26981                            V  obtainBuffer(192) returned 192 = 192 + 0 err 0
2022-12-25 18:47:43.211  1302-1457  ThermalEngine           pid-1302                             I  Sensor:backlight_therm:33000 mC
2022-12-25 18:47:43.211  1302-1457  ThermalEngine           pid-1302                             D  update_active_thresh: backlight_therm Active(1), Hi(1) 45000, Lo(0) -2147483648, desc(0) Interval(1) 2000
2022-12-25 18:47:43.211  1302-1457  ThermalEngine           pid-1302                             D  sensor_monitor: backlight_therm Sensor wait.
2022-12-25 18:47:43.211  1302-1457  ThermalEngine           pid-1302                             D  sensor_wait: backlight_therm Wait start. 2000ms
2022-12-25 18:47:43.215 26981-27064 AudioTrack              pid-26981                            V  obtainBuffer(192) returned 192 = 192 + 0 err 0
2022-12-25 18:47:43.283 26981-27064 chatty                  pid-26981                            I  uid=10213(com.inforcegames.app3dmodelling) AudioTrack identical 17 lines
2022-12-25 18:47:43.287 26981-27064 AudioTrack              pid-26981                            V  obtainBuffer(192) returned 192 = 192 + 0 err 0
2022-12-25 18:47:43.291 26981-27064 AudioTrack              pid-26981                            V  obtainBuffer(192) returned 192 = 128 + 64 err 0
2022-12-25 18:47:43.291 26981-27064 AudioTrack              pid-26981                            V  obtainBuffer(64) returned 64 = 64 + 0 err 0
2022-12-25 18:47:43.295 26981-27064 AudioTrack              pid-26981                            V  obtainBuffer(192) returned 192 = 192 + 0 err 0
2022-12-25 18:47:43.327 26981-27064 chatty                  pid-26981                            I  uid=10213(com.inforcegames.app3dmodelling) AudioTrack identical 8 lines
2022-12-25 18:47:43.331 26981-27064 AudioTrack              pid-26981                            V  obtainBuffer(192) returned 192 = 192 + 0 err 0
2022-12-25 18:47:43.335 26981-27064 AudioTrack              pid-26981                            V  obtainBuffer(192) returned 192 = 64 + 128 err 0
2022-12-25 18:47:43.335 26981-27064 AudioTrack              pid-26981                            V  obtainBuffer(128) returned 128 = 128 + 0 err 0
2022-12-25 18:47:43.339 26981-27064 AudioTrack              pid-26981                            V  obtainBuffer(192) returned 192 = 192 + 0 err 0
2022-12-25 18:47:43.411 26981-27064 chatty                  pid-26981                            I  uid=10213(com.inforcegames.app3dmodelling) AudioTrack identical 18 lines
2022-12-25 18:47:43.415 26981-27064 AudioTrack              pid-26981                            V  obtainBuffer(192) returned 192 = 192 + 0 err 0
2022-12-25 18:47:43.419 26981-27064 AudioTrack              pid-26981                            V  obtainBuffer(192) returned 192 = 128 + 64 err 0
2022-12-25 18:47:43.419 26981-27064 AudioTrack              pid-26981                            V  obtainBuffer(64) returned 64 = 64 + 0 err 0
2022-12-25 18:47:43.424 26981-27064 AudioTrack              pid-26981                            V  obtainBuffer(192) returned 192 = 192 + 0 err 0
2022-12-25 18:47:43.456 26981-27064 chatty                  pid-26981                            I  uid=10213(com.inforcegames.app3dmodelling) AudioTrack identical 8 lines
2022-12-25 18:47:43.459 26981-27064 AudioTrack              pid-26981                            V  obtainBuffer(192) returned 192 = 192 + 0 err 0
2022-12-25 18:47:43.463 26981-27064 AudioTrack              pid-26981                            V  obtainBuffer(192) returned 192 = 64 + 128 err 0
2022-12-25 18:47:43.463 26981-27064 AudioTrack              pid-26981                            V  obtainBuffer(128) returned 128 = 128 + 0 err 0
2022-12-25 18:47:43.467 26981-27064 AudioTrack              pid-26981                            V  obtainBuffer(192) returned 192 = 192 + 0 err 0
2022-12-25 18:47:43.539 26981-27064 chatty                  pid-26981                            I  uid=10213(com.inforcegames.app3dmodelling) AudioTrack identical 18 lines
2022-12-25 18:47:43.543 26981-27064 AudioTrack              pid-26981                            V  obtainBuffer(192) returned 192 = 192 + 0 err 0
2022-12-25 18:47:43.547 26981-27064 AudioTrack              pid-26981                            V  obtainBuffer(192) returned 192 = 128 + 64 err 0
2022-12-25 18:47:43.548 26981-27064 AudioTrack              pid-26981                            V  obtainBuffer(64) returned 64 = 64 + 0 err 0
2022-12-25 18:47:43.551 26981-27064 AudioTrack              pid-26981                            V  obtainBuffer(192) returned 192 = 192 + 0 err 0
2022-12-25 18:47:43.583 26981-27064 chatty                  pid-26981                            I  uid=10213(com.inforcegames.app3dmodelling) AudioTrack identical 8 lines
2022-12-25 18:47:43.587 26981-27064 AudioTrack              pid-26981                            V  obtainBuffer(192) returned 192 = 192 + 0 err 0
2022-12-25 18:47:43.591 26981-27064 AudioTrack              pid-26981                            V  obtainBuffer(192) returned 192 = 64 + 128 err 0
2022-12-25 18:47:43.591 26981-27064 AudioTrack              pid-26981                            V  obtainBuffer(128) returned 128 = 128 + 0 err 0
2022-12-25 18:47:43.595 26981-27064 AudioTrack              pid-26981                            V  obtainBuffer(192) returned 192 = 192 + 0 err 0
2022-12-25 18:47:43.667 26981-27064 chatty                  pid-26981                            I  uid=10213(com.inforcegames.app3dmodelling) AudioTrack identical 18 lines
2022-12-25 18:47:43.671 26981-27064 AudioTrack              pid-26981                            V  obtainBuffer(192) returned 192 = 192 + 0 err 0
2022-12-25 18:47:43.675 26981-27064 AudioTrack              pid-26981                            V  obtainBuffer(192) returned 192 = 128 + 64 err 0
2022-12-25 18:47:43.675 26981-27064 AudioTrack              pid-26981                            V  obtainBuffer(64) returned 64 = 64 + 0 err 0
2022-12-25 18:47:43.679 26981-27064 AudioTrack              pid-26981                            V  obtainBuffer(192) returned 192 = 192 + 0 err 0
2022-12-25 18:47:43.711 26981-27064 chatty                  pid-26981                            I  uid=10213(com.inforcegames.app3dmodelling) AudioTrack identical 8 lines
2022-12-25 18:47:43.715 26981-27064 AudioTrack              pid-26981                            V  obtainBuffer(192) returned 192 = 192 + 0 err 0
2022-12-25 18:47:43.719 26981-27064 AudioTrack              pid-26981                            V  obtainBuffer(192) returned 192 = 64 + 128 err 0
2022-12-25 18:47:43.719 26981-27064 AudioTrack              pid-26981                            V  obtainBuffer(128) returned 128 = 128 + 0 err 0
2022-12-25 18:47:43.723 26981-27064 AudioTrack              pid-26981                            V  obtainBuffer(192) returned 192 = 192 + 0 err 0
2022-12-25 18:47:43.744 26981-27064 chatty                  pid-26981                            I  uid=10213(com.inforcegames.app3dmodelling) AudioTrack identical 5 lines
2022-12-25 18:47:43.747 26981-27064 AudioTrack              pid-26981                            V  obtainBuffer(192) returned 192 = 192 + 0 err 0
2022-12-25 18:47:43.751  1302-1462  ThermalEngine           pid-1302                             D  sensor_wait: msm_therm Wait done.
2022-12-25 18:47:43.751 26981-27064 AudioTrack              pid-26981                            V  obtainBuffer(192) returned 192 = 192 + 0 err 0
2022-12-25 18:47:43.752  1302-1462  ThermalEngine           pid-1302                             D  sensor_monitor: msm_therm Reading 37000 .
2022-12-25 18:47:43.752  1302-1462  ThermalEngine           pid-1302                             I  Sensor:msm_therm:37000 mC
2022-12-25 18:47:43.752  1302-1462  ThermalEngine           pid-1302                             D  update_active_thresh: msm_therm Active(1), Hi(1) 44000, Lo(0) -2147483648, desc(0) Interval(1) 1000
2022-12-25 18:47:43.752  1302-1462  ThermalEngine           pid-1302                             D  sensor_monitor: msm_therm Sensor wait.
2022-12-25 18:47:43.752  1302-1462  ThermalEngine           pid-1302                             D  sensor_wait: msm_therm Wait start. 1000ms
2022-12-25 18:47:43.753  1302-1463  ThermalEngine           pid-1302                             D  sensor_wait: quiet_therm Wait done.
2022-12-25 18:47:43.754  1302-1463  ThermalEngine           pid-1302                             D  sensor_monitor: quiet_therm Reading 34000 .
2022-12-25 18:47:43.754  1302-1463  ThermalEngine           pid-1302                             I  Sensor:quiet_therm:34000 mC
2022-12-25 18:47:43.754  1302-1463  ThermalEngine           pid-1302                             D  update_active_thresh: quiet_therm Active(1), Hi(1) 40000, Lo(0) -2147483648, desc(0) Interval(1) 1000
2022-12-25 18:47:43.754  1302-1463  ThermalEngine           pid-1302                             D  sensor_monitor: quiet_therm Sensor wait.
2022-12-25 18:47:43.754  1302-1463  ThermalEngine           pid-1302                             D  sensor_wait: quiet_therm Wait start. 1000ms
2022-12-25 18:47:43.755 26981-27064 AudioTrack              pid-26981                            V  obtainBuffer(192) returned 192 = 192 + 0 err 0
2022-12-25 18:47:43.795 26981-27064 chatty                  pid-26981                            I  uid=10213(com.inforcegames.app3dmodelling) AudioTrack identical 10 lines
2022-12-25 18:47:43.799 26981-27064 AudioTrack              pid-26981                            V  obtainBuffer(192) returned 192 = 192 + 0 err 0
2022-12-25 18:47:43.803 26981-27064 AudioTrack              pid-26981                            V  obtainBuffer(192) returned 192 = 128 + 64 err 0
2022-12-25 18:47:43.803 26981-27064 AudioTrack              pid-26981                            V  obtainBuffer(64) returned 64 = 64 + 0 err 0
2022-12-25 18:47:43.807 26981-27064 AudioTrack              pid-26981                            V  obtainBuffer(192) returned 192 = 192 + 0 err 0
2022-12-25 18:47:43.839 26981-27064 chatty                  pid-26981                            I  uid=10213(com.inforcegames.app3dmodelling) AudioTrack identical 8 lines
2022-12-25 18:47:43.843 26981-27064 AudioTrack              pid-26981                            V  obtainBuffer(192) returned 192 = 192 + 0 err 0
2022-12-25 18:47:43.847 26981-27064 AudioTrack              pid-26981                            V  obtainBuffer(192) returned 192 = 64 + 128 err 0
2022-12-25 18:47:43.847 26981-27064 AudioTrack              pid-26981                            V  obtainBuffer(128) returned 128 = 128 + 0 err 0
2022-12-25 18:47:43.851 26981-27064 AudioTrack              pid-26981                            V  obtainBuffer(192) returned 192 = 192 + 0 err 0
2022-12-25 18:47:43.923 26981-27064 chatty                  pid-26981                            I  uid=10213(com.inforcegames.app3dmodelling) AudioTrack identical 18 lines
2022-12-25 18:47:43.927 26981-27064 AudioTrack              pid-26981                            V  obtainBuffer(192) returned 192 = 192 + 0 err 0
2022-12-25 18:47:43.931 26981-27064 AudioTrack              pid-26981                            V  obtainBuffer(192) returned 192 = 128 + 64 err 0
2022-12-25 18:47:43.931 26981-27064 AudioTrack              pid-26981                            V  obtainBuffer(64) returned 64 = 64 + 0 err 0
2022-12-25 18:47:43.935 26981-27064 AudioTrack              pid-26981                            V  obtainBuffer(192) returned 192 = 192 + 0 err 0
2022-12-25 18:47:43.959 26981-27064 chatty                  pid-26981                            I  uid=10213(com.inforcegames.app3dmodelling) AudioTrack identical 6 lines
2022-12-25 18:47:43.963 26981-27064 AudioTrack              pid-26981                            V  obtainBuffer(192) returned 192 = 192 + 0 err 0
2022-12-25 18:47:43.964  2480-2754  MobileSignalController  pid-2480                             D  onSignalStrengthsChanged: SignalStrength: 99 0 -120 -160 -120 -160 -1 25 -95 -10 280 2147483647 0 2147483647 99 255 2147483647 gsm|lte use_rsrp_and_rssnr_for_lte_level  [-120, -115, -110, -105, -97] [-115, -105, -95, -85]
2022-12-25 18:47:43.964  2480-2754  NetworkCon...troller(1) pid-2480                             D  4G level = 5
2022-12-25 18:47:43.967 26981-27064 AudioTrack              pid-26981                            V  obtainBuffer(192) returned 192 = 192 + 0 err 0
2022-12-25 18:47:43.971 26981-27064 AudioTrack              pid-26981                            V  obtainBuffer(192) returned 192 = 192 + 0 err 0
2022-12-25 18:47:43.975 26981-27064 AudioTrack              pid-26981                            V  obtainBuffer(192) returned 192 = 64 + 128 err 0
2022-12-25 18:47:43.975 26981-27064 AudioTrack              pid-26981                            V  obtainBuffer(128) returned 128 = 128 + 0 err 0
2022-12-25 18:47:43.979 26981-27064 AudioTrack              pid-26981                            V  obtainBuffer(192) returned 192 = 192 + 0 err 0
2022-12-25 18:47:44.051 26981-27064 chatty                  pid-26981                            I  uid=10213(com.inforcegames.app3dmodelling) AudioTrack identical 18 lines
2022-12-25 18:47:44.056 26981-27064 AudioTrack              pid-26981                            V  obtainBuffer(192) returned 192 = 192 + 0 err 0
2022-12-25 18:47:44.060 26981-27064 AudioTrack              pid-26981                            V  obtainBuffer(192) returned 192 = 128 + 64 err 0
2022-12-25 18:47:44.060 26981-27064 AudioTrack              pid-26981                            V  obtainBuffer(64) returned 64 = 64 + 0 err 0
2022-12-25 18:47:44.063 26981-27064 AudioTrack              pid-26981                            V  obtainBuffer(192) returned 192 = 192 + 0 err 0
2022-12-25 18:47:44.095 26981-27064 chatty                  pid-26981                            I  uid=10213(com.inforcegames.app3dmodelling) AudioTrack identical 8 lines
2022-12-25 18:47:44.099 26981-27064 AudioTrack              pid-26981                            V  obtainBuffer(192) returned 192 = 192 + 0 err 0
2022-12-25 18:47:44.103 26981-27064 AudioTrack              pid-26981                            V  obtainBuffer(192) returned 192 = 64 + 128 err 0
2022-12-25 18:47:44.103 26981-27064 AudioTrack              pid-26981                            V  obtainBuffer(128) returned 128 = 128 + 0 err 0
2022-12-25 18:47:44.107 26981-27064 AudioTrack              pid-26981                            V  obtainBuffer(192) returned 192 = 192 + 0 err 0
2022-12-25 18:47:44.179 26981-27064 chatty                  pid-26981                            I  uid=10213(com.inforcegames.app3dmodelling) AudioTrack identical 18 lines
2022-12-25 18:47:44.183 26981-27064 AudioTrack              pid-26981                            V  obtainBuffer(192) returned 192 = 192 + 0 err 0
2022-12-25 18:47:44.187 26981-27064 AudioTrack              pid-26981                            V  obtainBuffer(192) returned 192 = 128 + 64 err 0
2022-12-25 18:47:44.188 26981-27064 AudioTrack              pid-26981                            V  obtainBuffer(64) returned 64 = 64 + 0 err 0
2022-12-25 18:47:44.191 26981-27064 AudioTrack              pid-26981                            V  obtainBuffer(192) returned 192 = 192 + 0 err 0
2022-12-25 18:47:44.199 26981-27064 chatty                  pid-26981                            I  uid=10213(com.inforcegames.app3dmodelling) AudioTrack identical 2 lines
2022-12-25 18:47:44.203 26981-27064 AudioTrack              pid-26981                            V  obtainBuffer(192) returned 192 = 192 + 0 err 0
2022-12-25 18:47:44.205   688-4296  audio_hw_spkr_prot      pid-688                              D  audio_extn_fbsp_get_parameters: Speaker protection disabled
2022-12-25 18:47:44.205   688-4296  audio_hw_extn           pid-688                              D  audio_extn_get_parameters: returns 
2022-12-25 18:47:44.206   743-15843 hash_map_utils          pid-743                              I  key: 'hifi_mode' value: ''
2022-12-25 18:47:44.207 26981-27064 AudioTrack              pid-26981                            V  obtainBuffer(192) returned 192 = 192 + 0 err 0
2022-12-25 18:47:44.208 26981-29638 AudioManager            pid-26981                            D  getStreamVolume isRestricted mode = 0
2022-12-25 18:47:44.211 26981-27064 AudioTrack              pid-26981                            V  obtainBuffer(192) returned 192 = 192 + 0 err 0
2022-12-25 18:47:44.212   688-4296  audio_hw_spkr_prot      pid-688                              D  audio_extn_fbsp_get_parameters: Speaker protection disabled
2022-12-25 18:47:44.212   688-4296  audio_hw_extn           pid-688                              D  audio_extn_get_parameters: returns 
2022-12-25 18:47:44.212   743-15843 hash_map_utils          pid-743                              I  key: 'hifi_mode' value: ''
2022-12-25 18:47:44.215 26981-27064 AudioTrack              pid-26981                            V  obtainBuffer(192) returned 192 = 192 + 0 err 0
2022-12-25 18:47:44.223 26981-27064 chatty                  pid-26981                            I  uid=10213(com.inforcegames.app3dmodelling) AudioTrack identical 2 lines
2022-12-25 18:47:44.227 26981-27064 AudioTrack              pid-26981                            V  obtainBuffer(192) returned 192 = 192 + 0 err 0
2022-12-25 18:47:44.232 26981-27064 AudioTrack              pid-26981                            V  obtainBuffer(192) returned 192 = 64 + 128 err 0
2022-12-25 18:47:44.232 26981-27064 AudioTrack              pid-26981                            V  obtainBuffer(128) returned 128 = 128 + 0 err 0
2022-12-25 18:47:44.235 26981-27064 AudioTrack              pid-26981                            V  obtainBuffer(192) returned 192 = 192 + 0 err 0
2022-12-25 18:47:44.307 26981-27064 chatty                  pid-26981                            I  uid=10213(com.inforcegames.app3dmodelling) AudioTrack identical 18 lines
2022-12-25 18:47:44.311 26981-27064 AudioTrack              pid-26981                            V  obtainBuffer(192) returned 192 = 192 + 0 err 0
2022-12-25 18:47:44.315 26981-27064 AudioTrack              pid-26981                            V  obtainBuffer(192) returned 192 = 128 + 64 err 0
2022-12-25 18:47:44.315 26981-27064 AudioTrack              pid-26981                            V  obtainBuffer(64) returned 64 = 64 + 0 err 0
2022-12-25 18:47:44.320 26981-27064 AudioTrack              pid-26981                            V  obtainBuffer(192) returned 192 = 192 + 0 err 0
2022-12-25 18:47:44.351 26981-27064 chatty                  pid-26981                            I  uid=10213(com.inforcegames.app3dmodelling) AudioTrack identical 8 lines
2022-12-25 18:47:44.356 26981-27064 AudioTrack              pid-26981                            V  obtainBuffer(192) returned 192 = 192 + 0 err 0
2022-12-25 18:47:44.359 26981-27064 AudioTrack              pid-26981                            V  obtainBuffer(192) returned 192 = 64 + 128 err 0
2022-12-25 18:47:44.359 26981-27064 AudioTrack              pid-26981                            V  obtainBuffer(128) returned 128 = 128 + 0 err 0
2022-12-25 18:47:44.363 26981-27064 AudioTrack              pid-26981                            V  obtainBuffer(192) returned 192 = 192 + 0 err 0
2022-12-25 18:47:44.435 26981-27064 chatty                  pid-26981                            I  uid=10213(com.inforcegames.app3dmodelling) AudioTrack identical 18 lines
2022-12-25 18:47:44.439 26981-27064 AudioTrack              pid-26981                            V  obtainBuffer(192) returned 192 = 192 + 0 err 0
2022-12-25 18:47:44.443 26981-27064 AudioTrack              pid-26981                            V  obtainBuffer(192) returned 192 = 128 + 64 err 0
2022-12-25 18:47:44.443 26981-27064 AudioTrack              pid-26981                            V  obtainBuffer(64) returned 64 = 64 + 0 err 0
2022-12-25 18:47:44.447 26981-27064 AudioTrack              pid-26981                            V  obtainBuffer(192) returned 192 = 192 + 0 err 0
2022-12-25 18:47:44.479 26981-27064 chatty                  pid-26981                            I  uid=10213(com.inforcegames.app3dmodelling) AudioTrack identical 8 lines
2022-12-25 18:47:44.483 26981-27064 AudioTrack              pid-26981                            V  obtainBuffer(192) returned 192 = 192 + 0 err 0
2022-12-25 18:47:44.487 26981-27064 AudioTrack              pid-26981                            V  obtainBuffer(192) returned 192 = 64 + 128 err 0
2022-12-25 18:47:44.487 26981-27064 AudioTrack              pid-26981                            V  obtainBuffer(128) returned 128 = 128 + 0 err 0
2022-12-25 18:47:44.492 26981-27064 AudioTrack              pid-26981                            V  obtainBuffer(192) returned 192 = 192 + 0 err 0
2022-12-25 18:47:44.563 26981-27064 chatty                  pid-26981                            I  uid=10213(com.inforcegames.app3dmodelling) AudioTrack identical 18 lines
2022-12-25 18:47:44.567 26981-27064 AudioTrack              pid-26981                            V  obtainBuffer(192) returned 192 = 192 + 0 err 0
2022-12-25 18:47:44.571 26981-27064 AudioTrack              pid-26981                            V  obtainBuffer(192) returned 192 = 128 + 64 err 0
2022-12-25 18:47:44.571 26981-27064 AudioTrack              pid-26981                            V  obtainBuffer(64) returned 64 = 64 + 0 err 0
2022-12-25 18:47:44.575 26981-27064 AudioTrack              pid-26981                            V  obtainBuffer(192) returned 192 = 192 + 0 err 0
2022-12-25 18:47:44.607 26981-27064 chatty                  pid-26981                            I  uid=10213(com.inforcegames.app3dmodelling) AudioTrack identical 8 lines
2022-12-25 18:47:44.611 26981-27064 AudioTrack              pid-26981                            V  obtainBuffer(192) returned 192 = 192 + 0 err 0
2022-12-25 18:47:44.615 26981-27064 AudioTrack              pid-26981                            V  obtainBuffer(192) returned 192 = 64 + 128 err 0
2022-12-25 18:47:44.615 26981-27064 AudioTrack              pid-26981                            V  obtainBuffer(128) returned 128 = 128 + 0 err 0
