022-12-25 18:47:38.415 26981-27064 AudioTrack              pid-26981                            V  obtainBuffer(192) returned 192 = 192 + 0 err 0
2022-12-25 18:47:38.419 26981-27064 chatty                  pid-26981                            I  uid=10213(com.inforcegames.app3dmodelling) AudioTrack identical 1 line
2022-12-25 18:47:38.423 26981-27064 AudioTrack              pid-26981                            V  obtainBuffer(192) returned 192 = 192 + 0 err 0
2022-12-25 18:47:38.427 26981-27064 AudioTrack              pid-26981                            V  obtainBuffer(192) returned 192 = 128 + 64 err 0
2022-12-25 18:47:38.427 26981-27064 AudioTrack              pid-26981                            V  obtainBuffer(64) returned 64 = 64 + 0 err 0
2022-12-25 18:47:38.431 26981-27064 AudioTrack              pid-26981                            V  obtainBuffer(192) returned 192 = 192 + 0 err 0
2022-12-25 18:47:38.462 26981-27064 chatty                  pid-26981                            I  uid=10213(com.inforcegames.app3dmodelling) AudioTrack identical 8 lines
2022-12-25 18:47:38.467 26981-27064 AudioTrack              pid-26981                            V  obtainBuffer(192) returned 192 = 192 + 0 err 0
2022-12-25 18:47:38.471 26981-27064 AudioTrack              pid-26981                            V  obtainBuffer(192) returned 192 = 64 + 128 err 0
2022-12-25 18:47:38.471 26981-27064 AudioTrack              pid-26981                            V  obtainBuffer(128) returned 128 = 128 + 0 err 0
2022-12-25 18:47:38.475 26981-27064 AudioTrack              pid-26981                            V  obtainBuffer(192) returned 192 = 192 + 0 err 0
2022-12-25 18:47:38.547 26981-27064 chatty                  pid-26981                            I  uid=10213(com.inforcegames.app3dmodelling) AudioTrack identical 18 lines
2022-12-25 18:47:38.551 26981-27064 AudioTrack              pid-26981                            V  obtainBuffer(192) returned 192 = 192 + 0 err 0
2022-12-25 18:47:38.555 26981-27064 AudioTrack              pid-26981                            V  obtainBuffer(192) returned 192 = 128 + 64 err 0
2022-12-25 18:47:38.555 26981-27064 AudioTrack              pid-26981                            V  obtainBuffer(64) returned 64 = 64 + 0 err 0
2022-12-25 18:47:38.559 26981-27064 AudioTrack              pid-26981                            V  obtainBuffer(192) returned 192 = 192 + 0 err 0
2022-12-25 18:47:38.591 26981-27064 chatty                  pid-26981                            I  uid=10213(com.inforcegames.app3dmodelling) AudioTrack identical 8 lines
2022-12-25 18:47:38.595 26981-27064 AudioTrack              pid-26981                            V  obtainBuffer(192) returned 192 = 192 + 0 err 0
2022-12-25 18:47:38.599 26981-27064 AudioTrack              pid-26981                            V  obtainBuffer(192) returned 192 = 64 + 128 err 0
2022-12-25 18:47:38.599 26981-27064 AudioTrack              pid-26981                            V  obtainBuffer(128) returned 128 = 128 + 0 err 0
2022-12-25 18:47:38.603 26981-27064 AudioTrack              pid-26981                            V  obtainBuffer(192) returned 192 = 192 + 0 err 0
2022-12-25 18:47:38.675 26981-27064 chatty                  pid-26981                            I  uid=10213(com.inforcegames.app3dmodelling) AudioTrack identical 18 lines
2022-12-25 18:47:38.679 26981-27064 AudioTrack              pid-26981                            V  obtainBuffer(192) returned 192 = 192 + 0 err 0
2022-12-25 18:47:38.683 26981-27064 AudioTrack              pid-26981                            V  obtainBuffer(192) returned 192 = 128 + 64 err 0
2022-12-25 18:47:38.683 26981-27064 AudioTrack              pid-26981                            V  obtainBuffer(64) returned 64 = 64 + 0 err 0
2022-12-25 18:47:38.688 26981-27064 AudioTrack              pid-26981                            V  obtainBuffer(192) returned 192 = 192 + 0 err 0
2022-12-25 18:47:38.720 26981-27064 chatty                  pid-26981                            I  uid=10213(com.inforcegames.app3dmodelling) AudioTrack identical 8 lines
2022-12-25 18:47:38.723 26981-27064 AudioTrack              pid-26981                            V  obtainBuffer(192) returned 192 = 192 + 0 err 0
2022-12-25 18:47:38.727 26981-27064 AudioTrack              pid-26981                            V  obtainBuffer(192) returned 192 = 64 + 128 err 0
2022-12-25 18:47:38.727 26981-27064 AudioTrack              pid-26981                            V  obtainBuffer(128) returned 128 = 128 + 0 err 0
2022-12-25 18:47:38.731 26981-27064 AudioTrack              pid-26981                            V  obtainBuffer(192) returned 192 = 192 + 0 err 0
2022-12-25 18:47:38.739 26981-27064 chatty                  pid-26981                            I  uid=10213(com.inforcegames.app3dmodelling) AudioTrack identical 2 lines
2022-12-25 18:47:38.743 26981-27064 AudioTrack              pid-26981                            V  obtainBuffer(192) returned 192 = 192 + 0 err 0
2022-12-25 18:47:38.743  1302-1462  ThermalEngine           pid-1302                             D  sensor_wait: msm_therm Wait done.
2022-12-25 18:47:38.744  1302-1462  ThermalEngine           pid-1302                             D  sensor_monitor: msm_therm Reading 36000 .
2022-12-25 18:47:38.744  1302-1462  ThermalEngine           pid-1302                             I  Sensor:msm_therm:36000 mC
2022-12-25 18:47:38.744  1302-1462  ThermalEngine           pid-1302                             D  update_active_thresh: msm_therm Active(1), Hi(1) 44000, Lo(0) -2147483648, desc(0) Interval(1) 1000
2022-12-25 18:47:38.744  1302-1462  ThermalEngine           pid-1302                             D  sensor_monitor: msm_therm Sensor wait.
2022-12-25 18:47:38.744  1302-1462  ThermalEngine           pid-1302                             D  sensor_wait: msm_therm Wait start. 1000ms
2022-12-25 18:47:38.745  1302-1463  ThermalEngine           pid-1302                             D  sensor_wait: quiet_therm Wait done.
2022-12-25 18:47:38.746  1302-1463  ThermalEngine           pid-1302                             D  sensor_monitor: quiet_therm Reading 34000 .
2022-12-25 18:47:38.746  1302-1463  ThermalEngine           pid-1302                             I  Sensor:quiet_therm:34000 mC
2022-12-25 18:47:38.746  1302-1463  ThermalEngine           pid-1302                             D  update_active_thresh: quiet_therm Active(1), Hi(1) 40000, Lo(0) -2147483648, desc(0) Interval(1) 1000
2022-12-25 18:47:38.746  1302-1463  ThermalEngine           pid-1302                             D  sensor_monitor: quiet_therm Sensor wait.
2022-12-25 18:47:38.746  1302-1463  ThermalEngine           pid-1302                             D  sensor_wait: quiet_therm Wait start. 1000ms
2022-12-25 18:47:38.747 26981-27064 AudioTrack              pid-26981                            V  obtainBuffer(192) returned 192 = 192 + 0 err 0
2022-12-25 18:47:38.803 26981-27064 chatty                  pid-26981                            I  uid=10213(com.inforcegames.app3dmodelling) AudioTrack identical 14 lines
2022-12-25 18:47:38.807 26981-27064 AudioTrack              pid-26981                            V  obtainBuffer(192) returned 192 = 192 + 0 err 0
2022-12-25 18:47:38.812 26981-27064 AudioTrack              pid-26981                            V  obtainBuffer(192) returned 192 = 128 + 64 err 0
2022-12-25 18:47:38.812 26981-27064 AudioTrack              pid-26981                            V  obtainBuffer(64) returned 64 = 64 + 0 err 0
2022-12-25 18:47:38.815 26981-27064 AudioTrack              pid-26981                            V  obtainBuffer(192) returned 192 = 192 + 0 err 0
2022-12-25 18:47:38.847 26981-27064 chatty                  pid-26981                            I  uid=10213(com.inforcegames.app3dmodelling) AudioTrack identical 8 lines
2022-12-25 18:47:38.851 26981-27064 AudioTrack              pid-26981                            V  obtainBuffer(192) returned 192 = 192 + 0 err 0
2022-12-25 18:47:38.856 26981-27064 AudioTrack              pid-26981                            V  obtainBuffer(192) returned 192 = 64 + 128 err 0
2022-12-25 18:47:38.856 26981-27064 AudioTrack              pid-26981                            V  obtainBuffer(128) returned 128 = 128 + 0 err 0
2022-12-25 18:47:38.859 26981-27064 AudioTrack              pid-26981                            V  obtainBuffer(192) returned 192 = 192 + 0 err 0
2022-12-25 18:47:38.931 26981-27064 chatty                  pid-26981                            I  uid=10213(com.inforcegames.app3dmodelling) AudioTrack identical 18 lines
2022-12-25 18:47:38.935 26981-27064 AudioTrack              pid-26981                            V  obtainBuffer(192) returned 192 = 192 + 0 err 0
2022-12-25 18:47:38.939 26981-27064 AudioTrack              pid-26981                            V  obtainBuffer(192) returned 192 = 128 + 64 err 0
2022-12-25 18:47:38.939 26981-27064 AudioTrack              pid-26981                            V  obtainBuffer(64) returned 64 = 64 + 0 err 0
2022-12-25 18:47:38.943 26981-27064 AudioTrack              pid-26981                            V  obtainBuffer(192) returned 192 = 192 + 0 err 0
2022-12-25 18:47:38.975 26981-27064 chatty                  pid-26981                            I  uid=10213(com.inforcegames.app3dmodelling) AudioTrack identical 8 lines
2022-12-25 18:47:38.979 26981-27064 AudioTrack              pid-26981                            V  obtainBuffer(192) returned 192 = 192 + 0 err 0
2022-12-25 18:47:38.983 26981-27064 AudioTrack              pid-26981                            V  obtainBuffer(192) returned 192 = 64 + 128 err 0
2022-12-25 18:47:38.983 26981-27064 AudioTrack              pid-26981                            V  obtainBuffer(128) returned 128 = 128 + 0 err 0
2022-12-25 18:47:38.987 26981-27064 AudioTrack              pid-26981                            V  obtainBuffer(192) returned 192 = 192 + 0 err 0
2022-12-25 18:47:39.059 26981-27064 chatty                  pid-26981                            I  uid=10213(com.inforcegames.app3dmodelling) AudioTrack identical 18 lines
2022-12-25 18:47:39.063 26981-27064 AudioTrack              pid-26981                            V  obtainBuffer(192) returned 192 = 192 + 0 err 0
2022-12-25 18:47:39.067 26981-27064 AudioTrack              pid-26981                            V  obtainBuffer(192) returned 192 = 128 + 64 err 0
2022-12-25 18:47:39.067 26981-27064 AudioTrack              pid-26981                            V  obtainBuffer(64) returned 64 = 64 + 0 err 0
2022-12-25 18:47:39.071 26981-27064 AudioTrack              pid-26981                            V  obtainBuffer(192) returned 192 = 192 + 0 err 0
2022-12-25 18:47:39.103 26981-27064 chatty                  pid-26981                            I  uid=10213(com.inforcegames.app3dmodelling) AudioTrack identical 8 lines
2022-12-25 18:47:39.108 26981-27064 AudioTrack              pid-26981                            V  obtainBuffer(192) returned 192 = 192 + 0 err 0
2022-12-25 18:47:39.111 26981-27064 AudioTrack              pid-26981                            V  obtainBuffer(192) returned 192 = 64 + 128 err 0
2022-12-25 18:47:39.111 26981-27064 AudioTrack              pid-26981                            V  obtainBuffer(128) returned 128 = 128 + 0 err 0
2022-12-25 18:47:39.115 26981-27064 AudioTrack              pid-26981                            V  obtainBuffer(192) returned 192 = 192 + 0 err 0
2022-12-25 18:47:39.187 26981-27064 chatty                  pid-26981                            I  uid=10213(com.inforcegames.app3dmodelling) AudioTrack identical 18 lines
2022-12-25 18:47:39.191 26981-27064 AudioTrack              pid-26981                            V  obtainBuffer(192) returned 192 = 192 + 0 err 0
2022-12-25 18:47:39.195 26981-27064 AudioTrack              pid-26981                            V  obtainBuffer(192) returned 192 = 128 + 64 err 0
2022-12-25 18:47:39.195 26981-27064 AudioTrack              pid-26981                            V  obtainBuffer(64) returned 64 = 64 + 0 err 0
2022-12-25 18:47:39.200 26981-27064 AudioTrack              pid-26981                            V  obtainBuffer(192) returned 192 = 192 + 0 err 0
2022-12-25 18:47:39.202  1302-1457  ThermalEngine           pid-1302                             D  sensor_wait: backlight_therm Wait done.
2022-12-25 18:47:39.204 26981-27064 AudioTrack              pid-26981                            V  obtainBuffer(192) returned 192 = 192 + 0 err 0
2022-12-25 18:47:39.204  1302-1457  ThermalEngine           pid-1302                             D  sensor_monitor: backlight_therm Reading 33000 .
2022-12-25 18:47:39.204  1302-1457  ThermalEngine           pid-1302                             I  Sensor:backlight_therm:33000 mC
2022-12-25 18:47:39.204  1302-1457  ThermalEngine           pid-1302                             D  update_active_thresh: backlight_therm Active(1), Hi(1) 45000, Lo(0) -2147483648, desc(0) Interval(1) 2000
2022-12-25 18:47:39.204  1302-1457  ThermalEngine           pid-1302                             D  sensor_monitor: backlight_therm Sensor wait.
2022-12-25 18:47:39.204  1302-1457  ThermalEngine           pid-1302                             D  sensor_wait: backlight_therm Wait start. 2000ms
2022-12-25 18:47:39.208 26981-27064 AudioTrack              pid-26981                            V  obtainBuffer(192) returned 192 = 192 + 0 err 0
2022-12-25 18:47:39.231 26981-27064 chatty                  pid-26981                            I  uid=10213(com.inforcegames.app3dmodelling) AudioTrack identical 6 lines
2022-12-25 18:47:39.236 26981-27064 AudioTrack              pid-26981                            V  obtainBuffer(192) returned 192 = 192 + 0 err 0
2022-12-25 18:47:39.239 26981-27064 AudioTrack              pid-26981                            V  obtainBuffer(192) returned 192 = 64 + 128 err 0
2022-12-25 18:47:39.239 26981-27064 AudioTrack              pid-26981                            V  obtainBuffer(128) returned 128 = 128 + 0 err 0
2022-12-25 18:47:39.244 26981-27064 AudioTrack              pid-26981                            V  obtainBuffer(192) returned 192 = 192 + 0 err 0
2022-12-25 18:47:39.251 26981-27064 chatty                  pid-26981                            I  uid=10213(com.inforcegames.app3dmodelling) AudioTrack identical 2 lines
2022-12-25 18:47:39.255 26981-27064 AudioTrack              pid-26981                            V  obtainBuffer(192) returned 192 = 192 + 0 err 0
2022-12-25 18:47:39.257  2480-2480  SignalClusterView       pid-2480                             D  updateMobileTypeImage  0
2022-12-25 18:47:39.257  2480-2480  chatty                  pid-2480                             I  uid=1000(system) com.android.systemui identical 1 line
2022-12-25 18:47:39.258  2480-2480  SignalClusterView       pid-2480                             D  updateMobileTypeImage  0
2022-12-25 18:47:39.260 26981-27064 AudioTrack              pid-26981                            V  obtainBuffer(192) returned 192 = 192 + 0 err 0
2022-12-25 18:47:39.315 26981-27064 chatty                  pid-26981                            I  uid=10213(com.inforcegames.app3dmodelling) AudioTrack identical 14 lines
2022-12-25 18:47:39.320 26981-27064 AudioTrack              pid-26981                            V  obtainBuffer(192) returned 192 = 192 + 0 err 0
2022-12-25 18:47:39.323 26981-27064 AudioTrack              pid-26981                            V  obtainBuffer(192) returned 192 = 128 + 64 err 0
2022-12-25 18:47:39.323 26981-27064 AudioTrack              pid-26981                            V  obtainBuffer(64) returned 64 = 64 + 0 err 0
2022-12-25 18:47:39.328 26981-27064 AudioTrack              pid-26981                            V  obtainBuffer(192) returned 192 = 192 + 0 err 0
2022-12-25 18:47:39.360 26981-27064 chatty                  pid-26981                            I  uid=10213(com.inforcegames.app3dmodelling) AudioTrack identical 8 lines
2022-12-25 18:47:39.363 26981-27064 AudioTrack              pid-26981                            V  obtainBuffer(192) returned 192 = 192 + 0 err 0
2022-12-25 18:47:39.367 26981-27064 AudioTrack              pid-26981                            V  obtainBuffer(192) returned 192 = 64 + 128 err 0
2022-12-25 18:47:39.367 26981-27064 AudioTrack              pid-26981                            V  obtainBuffer(128) returned 128 = 128 + 0 err 0
2022-12-25 18:47:39.371 26981-27064 AudioTrack              pid-26981                            V  obtainBuffer(192) returned 192 = 192 + 0 err 0
2022-12-25 18:47:39.444 26981-27064 chatty                  pid-26981                            I  uid=10213(com.inforcegames.app3dmodelling) AudioTrack identical 18 lines
2022-12-25 18:47:39.447 26981-27064 AudioTrack              pid-26981                            V  obtainBuffer(192) returned 192 = 192 + 0 err 0
2022-12-25 18:47:39.451 26981-27064 AudioTrack              pid-26981                            V  obtainBuffer(192) returned 192 = 128 + 64 err 0
2022-12-25 18:47:39.451 26981-27064 AudioTrack              pid-26981                            V  obtainBuffer(64) returned 64 = 64 + 0 err 0
2022-12-25 18:47:39.455 26981-27064 AudioTrack              pid-26981                            V  obtainBuffer(192) returned 192 = 192 + 0 err 0
2022-12-25 18:47:39.487 26981-27064 chatty                  pid-26981                            I  uid=10213(com.inforcegames.app3dmodelling) AudioTrack identical 8 lines
2022-12-25 18:47:39.491 26981-27064 AudioTrack              pid-26981                            V  obtainBuffer(192) returned 192 = 192 + 0 err 0
2022-12-25 18:47:39.496 26981-27064 AudioTrack              pid-26981                            V  obtainBuffer(192) returned 192 = 64 + 128 err 0
2022-12-25 18:47:39.496 26981-27064 AudioTrack              pid-26981                            V  obtainBuffer(128) returned 128 = 128 + 0 err 0
2022-12-25 18:47:39.499 26981-27064 AudioTrack              pid-26981                            V  obtainBuffer(192) returned 192 = 192 + 0 err 0
2022-12-25 18:47:39.571 26981-27064 chatty                  pid-26981                            I  uid=10213(com.inforcegames.app3dmodelling) AudioTrack identical 18 lines
2022-12-25 18:47:39.576 26981-27064 AudioTrack              pid-26981                            V  obtainBuffer(192) returned 192 = 192 + 0 err 0
2022-12-25 18:47:39.580 26981-27064 AudioTrack              pid-26981                            V  obtainBuffer(192) returned 192 = 128 + 64 err 0
2022-12-25 18:47:39.580 26981-27064 AudioTrack              pid-26981                            V  obtainBuffer(64) returned 64 = 64 + 0 err 0
2022-12-25 18:47:39.583 26981-27064 AudioTrack              pid-26981                            V  obtainBuffer(192) returned 192 = 192 + 0 err 0
2022-12-25 18:47:39.615 26981-27064 chatty                  pid-26981                            I  uid=10213(com.inforcegames.app3dmodelling) AudioTrack identical 8 lines
2022-12-25 18:47:39.619 26981-27064 AudioTrack              pid-26981                            V  obtainBuffer(192) returned 192 = 192 + 0 err 0
2022-12-25 18:47:39.623 26981-27064 AudioTrack              pid-26981                            V  obtainBuffer(192) returned 192 = 64 + 128 err 0
2022-12-25 18:47:39.623 26981-27064 AudioTrack              pid-26981                            V  obtainBuffer(128) returned 128 = 128 + 0 err 0
2022-12-25 18:47:39.628 26981-27064 AudioTrack              pid-26981                            V  obtainBuffer(192) returned 192 = 192 + 0 err 0
2022-12-25 18:47:39.699 26981-27064 chatty                  pid-26981                            I  uid=10213(com.inforcegames.app3dmodelling) AudioTrack identical 18 lines
2022-12-25 18:47:39.703 26981-27064 AudioTrack              pid-26981                            V  obtainBuffer(192) returned 192 = 192 + 0 err 0
2022-12-25 18:47:39.707 26981-27064 AudioTrack              pid-26981                            V  obtainBuffer(192) returned 192 = 128 + 64 err 0
2022-12-25 18:47:39.707 26981-27064 AudioTrack              pid-26981                            V  obtainBuffer(64) returned 64 = 64 + 0 err 0
2022-12-25 18:47:39.711 26981-27064 AudioTrack              pid-26981                            V  obtainBuffer(192) returned 192 = 192 + 0 err 0
2022-12-25 18:47:39.739 26981-27064 chatty                  pid-26981                            I  uid=10213(com.inforcegames.app3dmodelling) AudioTrack identical 7 lines
2022-12-25 18:47:39.743 26981-27064 AudioTrack              pid-26981                            V  obtainBuffer(192) returned 192 = 192 + 0 err 0
2022-12-25 18:47:39.745  1302-1462  ThermalEngine           pid-1302                             D  sensor_wait: msm_therm Wait done.
2022-12-25 18:47:39.746  1302-1462  ThermalEngine           pid-1302                             D  sensor_monitor: msm_therm Reading 36000 .
2022-12-25 18:47:39.746  1302-1462  ThermalEngine           pid-1302                             I  Sensor:msm_therm:36000 mC
2022-12-25 18:47:39.746  1302-1462  ThermalEngine           pid-1302                             D  update_active_thresh: msm_therm Active(1), Hi(1) 44000, Lo(0) -2147483648, desc(0) Interval(1) 1000
2022-12-25 18:47:39.746  1302-1462  ThermalEngine           pid-1302                             D  sensor_monitor: msm_therm Sensor wait.
2022-12-25 18:47:39.746  1302-1462  ThermalEngine           pid-1302                             D  sensor_wait: msm_therm Wait start. 1000ms
2022-12-25 18:47:39.746  1302-1463  ThermalEngine           pid-1302                             D  sensor_wait: quiet_therm Wait done.
2022-12-25 18:47:39.747 26981-27064 AudioTrack              pid-26981                            V  obtainBuffer(192) returned 192 = 192 + 0 err 0
2022-12-25 18:47:39.748  1302-1463  ThermalEngine           pid-1302                             D  sensor_monitor: quiet_therm Reading 34000 .
2022-12-25 18:47:39.748  1302-1463  ThermalEngine           pid-1302                             I  Sensor:quiet_therm:34000 mC
2022-12-25 18:47:39.748  1302-1463  ThermalEngine           pid-1302                             D  update_active_thresh: quiet_therm Active(1), Hi(1) 40000, Lo(0) -2147483648, desc(0) Interval(1) 1000
2022-12-25 18:47:39.748  1302-1463  ThermalEngine           pid-1302                             D  sensor_monitor: quiet_therm Sensor wait.
2022-12-25 18:47:39.748  1302-1463  ThermalEngine           pid-1302                             D  sensor_wait: quiet_therm Wait start. 1000ms
2022-12-25 18:47:39.751 26981-27064 AudioTrack              pid-26981                            V  obtainBuffer(192) returned 192 = 64 + 128 err 0
2022-12-25 18:47:39.751 26981-27064 AudioTrack              pid-26981                            V  obtainBuffer(128) returned 128 = 128 + 0 err 0
2022-12-25 18:47:39.755 26981-27064 AudioTrack              pid-26981                            V  obtainBuffer(192) returned 192 = 192 + 0 err 0
2022-12-25 18:47:39.827 26981-27064 chatty                  pid-26981                            I  uid=10213(com.inforcegames.app3dmodelling) AudioTrack identical 18 lines
2022-12-25 18:47:39.831 26981-27064 AudioTrack              pid-26981                            V  obtainBuffer(192) returned 192 = 192 + 0 err 0
2022-12-25 18:47:39.835 26981-27064 AudioTrack              pid-26981                            V  obtainBuffer(192) returned 192 = 128 + 64 err 0
2022-12-25 18:47:39.835 26981-27064 AudioTrack              pid-26981                            V  obtainBuffer(64) returned 64 = 64 + 0 err 0
2022-12-25 18:47:39.839 26981-27064 AudioTrack              pid-26981                            V  obtainBuffer(192) returned 192 = 192 + 0 err 0
2022-12-25 18:47:39.871 26981-27064 chatty                  pid-26981                            I  uid=10213(com.inforcegames.app3dmodelling) AudioTrack identical 8 lines
2022-12-25 18:47:39.875 26981-27064 AudioTrack              pid-26981                            V  obtainBuffer(192) returned 192 = 192 + 0 err 0
2022-12-25 18:47:39.879 26981-27064 AudioTrack              pid-26981                            V  obtainBuffer(192) returned 192 = 64 + 128 err 0
2022-12-25 18:47:39.879 26981-27064 AudioTrack              pid-26981                            V  obtainBuffer(128) returned 128 = 128 + 0 err 0
2022-12-25 18:47:39.883 26981-27064 AudioTrack              pid-26981                            V  obtainBuffer(192) returned 192 = 192 + 0 err 0
2022-12-25 18:47:39.955 26981-27064 chatty                  pid-26981                            I  uid=10213(com.inforcegames.app3dmodelling) AudioTrack identical 18 lines
2022-12-25 18:47:39.959 26981-27064 AudioTrack              pid-26981                            V  obtainBuffer(192) returned 192 = 192 + 0 err 0
2022-12-25 18:47:39.964 26981-27064 AudioTrack              pid-26981                            V  obtainBuffer(192) returned 192 = 128 + 64 err 0
2022-12-25 18:47:39.964 26981-27064 AudioTrack              pid-26981                            V  obtainBuffer(64) returned 64 = 64 + 0 err 0
2022-12-25 18:47:39.968 26981-27064 AudioTrack              pid-26981                            V  obtainBuffer(192) returned 192 = 192 + 0 err 0
2022-12-25 18:47:40.000 26981-27064 chatty                  pid-26981                            I  uid=10213(com.inforcegames.app3dmodelling) AudioTrack identical 8 lines
2022-12-25 18:47:40.003 26981-27064 AudioTrack              pid-26981                            V  obtainBuffer(192) returned 192 = 192 + 0 err 0
2022-12-25 18:47:40.007 26981-27064 AudioTrack              pid-26981                            V  obtainBuffer(192) returned 192 = 64 + 128 err 0
2022-12-25 18:47:40.008 26981-27064 AudioTrack              pid-26981                            V  obtainBuffer(128) returned 128 = 128 + 0 err 0
2022-12-25 18:47:40.011 26981-27064 AudioTrack              pid-26981                            V  obtainBuffer(192) returned 192 = 192 + 0 err 0
2022-12-25 18:47:40.059 26981-27064 chatty                  pid-26981                            I  uid=10213(com.inforcegames.app3dmodelling) AudioTrack identical 12 lines
2022-12-25 18:47:40.063 26981-27064 AudioTrack              pid-26981                            V  obtainBuffer(192) returned 192 = 192 + 0 err 0
2022-12-25 18:47:40.065   688-4296  audio_hw_spkr_prot      pid-688                              D  audio_extn_fbsp_get_parameters: Speaker protection disabled
2022-12-25 18:47:40.065   688-4296  audio_hw_extn           pid-688                              D  audio_extn_get_parameters: returns 
2022-12-25 18:47:40.067   743-18565 hash_map_utils          pid-743                              I  key: 'hifi_mode' value: ''
2022-12-25 18:47:40.067 26981-27064 AudioTrack              pid-26981                            V  obtainBuffer(192) returned 192 = 192 + 0 err 0
2022-12-25 18:47:40.069 26981-29638 AudioManager            pid-26981                            D  getStreamVolume isRestricted mode = 0
2022-12-25 18:47:40.071 26981-27064 AudioTrack              pid-26981                            V  obtainBuffer(192) returned 192 = 192 + 0 err 0
2022-12-25 18:47:40.073   688-4296  audio_hw_spkr_prot      pid-688                              D  audio_extn_fbsp_get_parameters: Speaker protection disabled
2022-12-25 18:47:40.074   688-4296  audio_hw_extn           pid-688                              D  audio_extn_get_parameters: returns 
2022-12-25 18:47:40.074   743-15843 hash_map_utils          pid-743                              I  key: 'hifi_mode' value: ''
2022-12-25 18:47:40.075 26981-27064 AudioTrack              pid-26981                            V  obtainBuffer(192) returned 192 = 192 + 0 err 0
2022-12-25 18:47:40.083 26981-27064 chatty                  pid-26981                            I  uid=10213(com.inforcegames.app3dmodelling) AudioTrack identical 2 lines
2022-12-25 18:47:40.087 26981-27064 AudioTrack              pid-26981                            V  obtainBuffer(192) returned 192 = 192 + 0 err 0
2022-12-25 18:47:40.091 26981-27064 AudioTrack              pid-26981                            V  obtainBuffer(192) returned 192 = 128 + 64 err 0
2022-12-25 18:47:40.091 26981-27064 AudioTrack              pid-26981                            V  obtainBuffer(64) returned 64 = 64 + 0 err 0
2022-12-25 18:47:40.095 26981-27064 AudioTrack              pid-26981                            V  obtainBuffer(192) returned 192 = 192 + 0 err 0
2022-12-25 18:47:40.111 31360-31360 linker                  pid-31360                            A  CANNOT LINK EXECUTABLE "/system/bin/dpmd": "/system/lib64/libdpmframework.so" is 32-bit instead of 64-bit
2022-12-25 18:47:40.127 26981-27064 chatty                  pid-26981                            I  uid=10213(com.inforcegames.app3dmodelling) AudioTrack identical 8 lines
2022-12-25 18:47:40.131 26981-27064 AudioTrack              pid-26981                            V  obtainBuffer(192) returned 192 = 192 + 0 err 0
2022-12-25 18:47:40.135 26981-27064 AudioTrack              pid-26981                            V  obtainBuffer(192) returned 192 = 64 + 128 err 0
2022-12-25 18:47:40.135 26981-27064 AudioTrack              pid-26981                            V  obtainBuffer(128) returned 128 = 128 + 0 err 0
2022-12-25 18:47:40.140 26981-27064 AudioTrack              pid-26981                            V  obtainBuffer(192) returned 192 = 192 + 0 err 0
2022-12-25 18:47:40.211 26981-27064 chatty                  pid-26981                            I  uid=10213(com.inforcegames.app3dmodelling) AudioTrack identical 18 lines
2022-12-25 18:47:40.215 26981-27064 AudioTrack              pid-26981                            V  obtainBuffer(192) returned 192 = 192 + 0 err 0
2022-12-25 18:47:40.219 26981-27064 AudioTrack              pid-26981                            V  obtainBuffer(192) returned 192 = 128 + 64 err 0
2022-12-25 18:47:40.219 26981-27064 AudioTrack              pid-26981                            V  obtainBuffer(64) returned 64 = 64 + 0 err 0
2022-12-25 18:47:40.223 26981-27064 AudioTrack              pid-26981                            V  obtainBuffer(192) returned 192 = 192 + 0 err 0
2022-12-25 18:47:40.251 26981-27064 chatty                  pid-26981                            I  uid=10213(com.inforcegames.app3dmodelling) AudioTrack identical 7 lines
2022-12-25 18:47:40.255 26981-27064 AudioTrack              pid-26981                            V  obtainBuffer(192) returned 192 = 192 + 0 err 0
2022-12-25 18:47:40.255  2480-2480  SignalClusterView       pid-2480                             D  updateMobileTypeImage  0
2022-12-25 18:47:40.256  2480-2480  chatty                  pid-2480                             I  uid=1000(system) com.android.systemui identical 1 line
2022-12-25 18:47:40.256  2480-2480  SignalClusterView       pid-2480                             D  updateMobileTypeImage  0
2022-12-25 18:47:40.259 26981-27064 AudioTrack              pid-26981                            V  obtainBuffer(192) returned 192 = 192 + 0 err 0
2022-12-25 18:47:40.263 26981-27064 AudioTrack              pid-26981                            V  obtainBuffer(192) returned 192 = 64 + 128 err 0
2022-12-25 18:47:40.263 26981-27064 AudioTrack              pid-26981                            V  obtainBuffer(128) returned 128 = 128 + 0 err 0
2022-12-25 18:47:40.268 26981-27064 AudioTrack              pid-26981                            V  obtainBuffer(192) returned 192 = 192 + 0 err 0
2022-12-25 18:47:40.339 26981-27064 chatty                  pid-26981                            I  uid=10213(com.inforcegames.app3dmodelling) AudioTrack identical 18 lines
2022-12-25 18:47:40.343 26981-27064 AudioTrack              pid-26981                            V  obtainBuffer(192) returned 192 = 192 + 0 err 0
2022-12-25 18:47:40.347 26981-27064 AudioTrack              pid-26981                            V  obtainBuffer(192) returned 192 = 128 + 64 err 0
2022-12-25 18:47:40.347 26981-27064 AudioTrack              pid-26981                            V  obtainBuffer(64) returned 64 = 64 + 0 err 0
2022-12-25 18:47:40.351 26981-27064 AudioTrack              pid-26981                            V  obtainBuffer(192) returned 192 = 192 + 0 err 0
2022-12-25 18:47:40.383 26981-27064 chatty                  pid-26981                            I  uid=10213(com.inforcegames.app3dmodelling) AudioTrack identical 8 lines
2022-12-25 18:47:40.387 26981-27064 AudioTrack              pid-26981                            V  obtainBuffer(192) returned 192 = 192 + 0 err 0
2022-12-25 18:47:40.391 26981-27064 AudioTrack              pid-26981                            V  obtainBuffer(192) returned 192 = 64 + 128 err 0
2022-12-25 18:47:40.391 26981-27064 AudioTrack              pid-26981                            V  obtainBuffer(128) returned 128 = 128 + 0 err 0
2022-12-25 18:47:40.395 26981-27064 AudioTrack              pid-26981                            V  obtainBuffer(192) returned 192 = 192 + 0 err 0
2022-12-25 18:47:40.467 26981-27064 chatty                  pid-26981                            I  uid=10213(com.inforcegames.app3dmodelling) AudioTrack identical 18 lines
2022-12-25 18:47:40.472 26981-27064 AudioTrack              pid-26981                            V  obtainBuffer(192) returned 192 = 192 + 0 err 0
2022-12-25 18:47:40.475 26981-27064 AudioTrack              pid-26981                            V  obtainBuffer(192) returned 192 = 128 + 64 err 0
2022-12-25 18:47:40.475 26981-27064 AudioTrack              pid-26981                            V  obtainBuffer(64) returned 64 = 64 + 0 err 0
2022-12-25 18:47:40.479 26981-27064 AudioTrack              pid-26981                            V  obtainBuffer(192) returned 192 = 192 + 0 err 0
2022-12-25 18:47:40.512 26981-27064 chatty                  pid-26981                            I  uid=10213(com.inforcegames.app3dmodelling) AudioTrack identical 8 lines
2022-12-25 18:47:40.516 26981-27064 AudioTrack              pid-26981                            V  obtainBuffer(192) returned 192 = 192 + 0 err 0
2022-12-25 18:47:40.519 26981-27064 AudioTrack              pid-26981                            V  obtainBuffer(192) returned 192 = 64 + 128 err 0
2022-12-25 18:47:40.519 26981-27064 AudioTrack              pid-26981                            V  obtainBuffer(128) returned 128 = 128 + 0 err 0
2022-12-25 18:47:40.524 26981-27064 AudioTrack              pid-26981                            V  obtainBuffer(192) returned 192 = 192 + 0 err 0
2022-12-25 18:47:40.595 26981-27064 chatty                  pid-26981                            I  uid=10213(com.inforcegames.app3dmodelling) AudioTrack identical 18 lines
2022-12-25 18:47:40.599 26981-27064 AudioTrack              pid-26981                            V  obtainBuffer(192) returned 192 = 192 + 0 err 0
2022-12-25 18:47:40.604 26981-27064 AudioTrack              pid-26981                            V  obtainBuffer(192) returned 192 = 128 + 64 err 0
2022-12-25 18:47:40.604 26981-27064 AudioTrack              pid-26981                            V  obtainBuffer(64) returned 64 = 64 + 0 err 0
2022-12-25 18:47:40.607 26981-27064 AudioTrack              pid-26981                            V  obtainBuffer(192) returned 192 = 192 + 0 err 0
2022-12-25 18:47:40.639 26981-27064 chatty                  pid-26981                            I  uid=10213(com.inforcegames.app3dmodelling) AudioTrack identical 8 lines
2022-12-25 18:47:40.643 26981-27064 AudioTrack              pid-26981                            V  obtainBuffer(192) returned 192 = 192 + 0 err 0
2022-12-25 18:47:40.647 26981-27064 AudioTrack              pid-26981                            V  obtainBuffer(192) returned 192 = 64 + 128 err 0
2022-12-25 18:47:40.647 26981-27064 AudioTrack              pid-26981                            V  obtainBuffer(128) returned 128 = 128 + 0 err 0
2022-12-25 18:47:40.651 26981-27064 AudioTrack              pid-26981                            V  obtainBuffer(192) returned 192 = 192 + 0 err 0
2022-12-25 18:47:40.723 26981-27064 chatty                  pid-26981                            I  uid=10213(com.inforcegames.app3dmodelling) AudioTrack identical 18 lines
2022-12-25 18:47:40.727 26981-27064 AudioTrack              pid-26981                            V  obtainBuffer(192) returned 192 = 192 + 0 err 0
2022-12-25 18:47:40.731 26981-27064 AudioTrack              pid-26981                            V  obtainBuffer(192) returned 192 = 128 + 64 err 0
2022-12-25 18:47:40.731 26981-27064 AudioTrack              pid-26981                            V  obtainBuffer(64) returned 64 = 64 + 0 err 0
2022-12-25 18:47:40.735 26981-27064 AudioTrack              pid-26981                            V  obtainBuffer(192) returned 192 = 192 + 0 err 0
2022-12-25 18:47:40.739 26981-27064 chatty                  pid-26981                            I  uid=10213(com.inforcegames.app3dmodelling) AudioTrack identical 1 line
2022-12-25 18:47:40.743 26981-27064 AudioTrack              pid-26981                            V  obtainBuffer(192) returned 192 = 192 + 0 err 0
2022-12-25 18:47:40.746  1302-1462  ThermalEngine           pid-1302                             D  sensor_wait: msm_therm Wait done.
2022-12-25 18:47:40.747 26981-27064 AudioTrack              pid-26981                            V  obtainBuffer(192) returned 192 = 192 + 0 err 0
2022-12-25 18:47:40.747  1302-1462  ThermalEngine           pid-1302                             D  sensor_monitor: msm_therm Reading 36000 .
2022-12-25 18:47:40.747  1302-1462  ThermalEngine           pid-1302                             I  Sensor:msm_therm:36000 mC
2022-12-25 18:47:40.747  1302-1462  ThermalEngine           pid-1302                             D  update_active_thresh: msm_therm Active(1), Hi(1) 44000, Lo(0) -2147483648, desc(0) Interval(1) 1000
2022-12-25 18:47:40.747  1302-1462  ThermalEngine           pid-1302                             D  sensor_monitor: msm_therm Sensor wait.
2022-12-25 18:47:40.747  1302-1462  ThermalEngine           pid-1302                             D  sensor_wait: msm_therm Wait start. 1000ms
2022-12-25 18:47:40.748  1302-1463  ThermalEngine           pid-1302                             D  sensor_wait: quiet_therm Wait done.
2022-12-25 18:47:40.749  1302-1463  ThermalEngine           pid-1302                             D  sensor_monitor: quiet_therm Reading 34000 .
2022-12-25 18:47:40.749  1302-1463  ThermalEngine           pid-1302                             I  Sensor:quiet_therm:34000 mC
2022-12-25 18:47:40.749  1302-1463  ThermalEngine           pid-1302                             D  update_active_thresh: quiet_therm Active(1), Hi(1) 40000, Lo(0) -2147483648, desc(0) Interval(1) 1000
2022-12-25 18:47:40.749  1302-1463  ThermalEngine           pid-1302                             D  sensor_monitor: quiet_therm Sensor wait.
2022-12-25 18:47:40.749  1302-1463  ThermalEngine           pid-1302                             D  sensor_wait: quiet_therm Wait start. 1000ms
2022-12-25 18:47:40.751 26981-27064 AudioTrack              pid-26981                            V  obtainBuffer(192) returned 192 = 192 + 0 err 0
2022-12-25 18:47:40.767 26981-27064 chatty                  pid-26981                            I  uid=10213(com.inforcegames.app3dmodelling) AudioTrack identical 4 lines
2022-12-25 18:47:40.771 26981-27064 AudioTrack              pid-26981                            V  obtainBuffer(192) returned 192 = 192 + 0 err 0
2022-12-25 18:47:40.775 26981-27064 AudioTrack              pid-26981                            V  obtainBuffer(192) returned 192 = 64 + 128 err 0
2022-12-25 18:47:40.775 26981-27064 AudioTrack              pid-26981                            V  obtainBuffer(128) returned 128 = 128 + 0 err 0
2022-12-25 18:47:40.780 26981-27064 AudioTrack              pid-26981                            V  obtainBuffer(192) returned 192 = 192 + 0 err 0
2022-12-25 18:47:40.851 26981-27064 chatty                  pid-26981                            I  uid=10213(com.inforcegames.app3dmodelling) AudioTrack identical 18 lines
2022-12-25 18:47:40.855 26981-27064 AudioTrack              pid-26981                            V  obtainBuffer(192) returned 192 = 192 + 0 err 0
2022-12-25 18:47:40.859 26981-27064 AudioTrack              pid-26981                            V  obtainBuffer(192) returned 192 = 128 + 64 err 0
2022-12-25 18:47:40.859 26981-27064 AudioTrack              pid-26981                            V  obtainBuffer(64) returned 64 = 64 + 0 err 0
2022-12-25 18:47:40.863 26981-27064 AudioTrack              pid-26981                            V  obtainBuffer(192) returned 192 = 192 + 0 err 0
2022-12-25 18:47:40.895 26981-27064 chatty                  pid-26981                            I  uid=10213(com.inforcegames.app3dmodelling) AudioTrack identical 8 lines
2022-12-25 18:47:40.899 26981-27064 AudioTrack              pid-26981                            V  obtainBuffer(192) returned 192 = 192 + 0 err 0
2022-12-25 18:47:40.903 26981-27064 AudioTrack              pid-26981                            V  obtainBuffer(192) returned 192 = 64 + 128 err 0
2022-12-25 18:47:40.903 26981-27064 AudioTrack              pid-26981                            V  obtainBuffer(128) returned 128 = 128 + 0 err 0
2022-12-25 18:47:40.908 26981-27064 AudioTrack              pid-26981                            V  obtainBuffer(192) returned 192 = 192 + 0 err 0
2022-12-25 18:47:40.979 26981-27064 chatty                  pid-26981                            I  uid=10213(com.inforcegames.app3dmodelling) AudioTrack identical 18 lines
2022-12-25 18:47:40.983 26981-27064 AudioTrack              pid-26981                            V  obtainBuffer(192) returned 192 = 192 + 0 err 0
2022-12-25 18:47:40.987 26981-27064 AudioTrack              pid-26981                            V  obtainBuffer(192) returned 192 = 128 + 64 err 0
2022-12-25 18:47:40.988 26981-27064 AudioTrack              pid-26981                            V  obtainBuffer(64) returned 64 = 64 + 0 err 0
2022-12-25 18:47:40.991 26981-27064 AudioTrack              pid-26981                            V  obtainBuffer(192) returned 192 = 192 + 0 err 0
2022-12-25 18:47:41.023 26981-27064 chatty                  pid-26981                            I  uid=10213(com.inforcegames.app3dmodelling) AudioTrack identical 8 lines
2022-12-25 18:47:41.027 26981-27064 AudioTrack              pid-26981                            V  obtainBuffer(192) returned 192 = 192 + 0 err 0
2022-12-25 18:47:41.031 26981-27064 AudioTrack              pid-26981                            V  obtainBuffer(192) returned 192 = 64 + 128 err 0
2022-12-25 18:47:41.031 26981-27064 AudioTrack              pid-26981                            V  obtainBuffer(128) returned 128 = 128 + 0 err 0
2022-12-25 18:47:41.036 26981-27064 AudioTrack              pid-26981                            V  obtainBuffer(192) returned 192 = 192 + 0 err 0
2022-12-25 18:47:41.107 26981-27064 chatty                  pid-26981                            I  uid=10213(com.inforcegames.app3dmodelling) AudioTrack identical 18 lines
2022-12-25 18:47:41.111 26981-27064 AudioTrack              pid-26981                            V  obtainBuffer(192) returned 192 = 192 + 0 err 0
2022-12-25 18:47:41.115 26981-27064 AudioTrack              pid-26981                            V  obtainBuffer(192) returned 192 = 128 + 64 err 0
2022-12-25 18:47:41.115 26981-27064 AudioTrack              pid-26981                            V  obtainBuffer(64) returned 64 = 64 + 0 err 0
2022-12-25 18:47:41.119 26981-27064 AudioTrack              pid-26981                            V  obtainBuffer(192) returned 192 = 192 + 0 err 0
2022-12-25 18:47:41.151 26981-27064 chatty                  pid-26981                            I  uid=10213(com.inforcegames.app3dmodelling) AudioTrack identical 8 lines
2022-12-25 18:47:41.155 26981-27064 AudioTrack              pid-26981                            V  obtainBuffer(192) returned 192 = 192 + 0 err 0
2022-12-25 18:47:41.159 26981-27064 AudioTrack              pid-26981                            V  obtainBuffer(192) returned 192 = 64 + 128 err 0
2022-12-25 18:47:41.159 26981-27064 AudioTrack              pid-26981                            V  obtainBuffer(128) returned 128 = 128 + 0 err 0
2022-12-25 18:47:41.163 26981-27064 AudioTrack              pid-26981                            V  obtainBuffer(192) returned 192 = 192 + 0 err 0
2022-12-25 18:47:41.199 26981-27064 chatty                  pid-26981                            I  uid=10213(com.inforcegames.app3dmodelling) AudioTrack identical 9 lines
2022-12-25 18:47:41.203 26981-27064 AudioTrack              pid-26981                            V  obtainBuffer(192) returned 192 = 192 + 0 err 0
2022-12-25 18:47:41.204  1302-1457  ThermalEngine           pid-1302                             D  sensor_wait: backlight_therm Wait done.
2022-12-25 18:47:41.207 26981-27064 AudioTrack              pid-26981                            V  obtainBuffer(192) returned 192 = 192 + 0 err 0
2022-12-25 18:47:41.208  1302-1457  ThermalEngine           pid-1302                             D  sensor_monitor: backlight_therm Reading 33000 .
2022-12-25 18:47:41.208  1302-1457  ThermalEngine           pid-1302                             I  Sensor:backlight_therm:33000 mC
2022-12-25 18:47:41.208  1302-1457  ThermalEngine           pid-1302                             D  update_active_thresh: backlight_therm Active(1), Hi(1) 45000, Lo(0) -2147483648, desc(0) Interval(1) 2000
2022-12-25 18:47:41.208  1302-1457  ThermalEngine           pid-1302                             D  sensor_monitor: backlight_therm Sensor wait.
2022-12-25 18:47:41.208  1302-1457  ThermalEngine           pid-1302                             D  sensor_wait: backlight_therm Wait start. 2000ms
2022-12-25 18:47:41.212 26981-27064 AudioTrack              pid-26981                            V  obtainBuffer(192) returned 192 = 192 + 0 err 0
2022-12-25 18:47:41.235 26981-27064 chatty                  pid-26981                            I  uid=10213(com.inforcegames.app3dmodelling) AudioTrack identical 6 lines
2022-12-25 18:47:41.239 26981-27064 AudioTrack              pid-26981                            V  obtainBuffer(192) returned 192 = 192 + 0 err 0
2022-12-25 18:47:41.243 26981-27064 AudioTrack              pid-26981                            V  obtainBuffer(192) returned 192 = 128 + 64 err 0
2022-12-25 18:47:41.243 26981-27064 AudioTrack              pid-26981                            V  obtainBuffer(64) returned 64 = 64 + 0 err 0
2022-12-25 18:47:41.247 26981-27064 AudioTrack              pid-26981                            V  obtainBuffer(192) returned 192 = 192 + 0 err 0
2022-12-25 18:47:41.279 26981-27064 chatty                  pid-26981                            I  uid=10213(com.inforcegames.app3dmodelling) AudioTrack identical 8 lines
2022-12-25 18:47:41.283 26981-27064 AudioTrack              pid-26981                            V  obtainBuffer(192) returned 192 = 192 + 0 err 0
2022-12-25 18:47:41.287 26981-27064 AudioTrack              pid-26981                            V  obtainBuffer(192) returned 192 = 64 + 128 err 0
2022-12-25 18:47:41.287 26981-27064 AudioTrack              pid-26981                            V  obtainBuffer(128) returned 128 = 128 + 0 err 0
2022-12-25 18:47:41.291 26981-27064 AudioTrack              pid-26981                            V  obtainBuffer(192) returned 192 = 192 + 0 err 0
2022-12-25 18:47:41.299 26981-27064 chatty                  pid-26981                            I  uid=10213(com.inforcegames.app3dmodelling) AudioTrack identical 2 lines
2022-12-25 18:47:41.303 26981-27064 AudioTrack              pid-26981                            V  obtainBuffer(192) returned 192 = 192 + 0 err 0
2022-12-25 18:47:41.306  2480-2754  MobileSignalController  pid-2480                             D  onSignalStrengthsChanged: SignalStrength: 99 0 -120 -160 -120 -160 -1 25 -95 -10 208 2147483647 0 2147483647 99 255 2147483647 gsm|lte use_rsrp_and_rssnr_for_lte_level  [-120, -115, -110, -105, -97] [-115, -105, -95, -85]
2022-12-25 18:47:41.306  2480-2754  NetworkCon...troller(1) pid-2480                             D  4G level = 5
2022-12-25 18:47:41.307 26981-27064 AudioTrack              pid-26981                            V  obtainBuffer(192) returned 192 = 192 + 0 err 0
2022-12-25 18:47:41.363 26981-27064 chatty                  pid-26981                            I  uid=10213(com.inforcegames.app3dmodelling) AudioTrack identical 14 lines
2022-12-25 18:47:41.367 26981-27064 AudioTrack              pid-26981                            V  obtainBuffer(192) returned 192 = 192 + 0 err 0
2022-12-25 18:47:41.371 26981-27064 AudioTrack              pid-26981                            V  obtainBuffer(192) returned 192 = 128 + 64 err 0
2022-12-25 18:47:41.372 26981-27064 AudioTrack              pid-26981                            V  obtainBuffer(64) returned 64 = 64 + 0 err 0
2022-12-25 18:47:41.375 26981-27064 AudioTrack              pid-26981                            V  obtainBuffer(192) returned 192 = 192 + 0 err 0
2022-12-25 18:47:41.407 26981-27064 chatty                  pid-26981                            I  uid=10213(com.inforcegames.app3dmodelling) AudioTrack identical 8 lines
2022-12-25 18:47:41.411 26981-27064 AudioTrack              pid-26981                            V  obtainBuffer(192) returned 192 = 192 + 0 err 0
2022-12-25 18:47:41.415 26981-27064 AudioTrack              pid-26981                            V  obtainBuffer(192) returned 192 = 64 + 128 err 0
