2022-12-25 18:47:44.620 26981-27064 AudioTrack              pid-26981                            V  obtainBuffer(192) returned 192 = 192 + 0 err 0
2022-12-25 18:47:44.691 26981-27064 chatty                  pid-26981                            I  uid=10213(com.inforcegames.app3dmodelling) AudioTrack identical 18 lines
2022-12-25 18:47:44.695 26981-27064 AudioTrack              pid-26981                            V  obtainBuffer(192) returned 192 = 192 + 0 err 0
2022-12-25 18:47:44.699 26981-27064 AudioTrack              pid-26981                            V  obtainBuffer(192) returned 192 = 128 + 64 err 0
2022-12-25 18:47:44.699 26981-27064 AudioTrack              pid-26981                            V  obtainBuffer(64) returned 64 = 64 + 0 err 0
2022-12-25 18:47:44.703 26981-27064 AudioTrack              pid-26981                            V  obtainBuffer(192) returned 192 = 192 + 0 err 0
2022-12-25 18:47:44.735 26981-27064 chatty                  pid-26981                            I  uid=10213(com.inforcegames.app3dmodelling) AudioTrack identical 8 lines
2022-12-25 18:47:44.739 26981-27064 AudioTrack              pid-26981                            V  obtainBuffer(192) returned 192 = 192 + 0 err 0
2022-12-25 18:47:44.743 26981-27064 AudioTrack              pid-26981                            V  obtainBuffer(192) returned 192 = 64 + 128 err 0
2022-12-25 18:47:44.743 26981-27064 AudioTrack              pid-26981                            V  obtainBuffer(128) returned 128 = 128 + 0 err 0
2022-12-25 18:47:44.747 26981-27064 AudioTrack              pid-26981                            V  obtainBuffer(192) returned 192 = 192 + 0 err 0
2022-12-25 18:47:44.751 26981-27064 AudioTrack              pid-26981                            V  obtainBuffer(192) returned 192 = 192 + 0 err 0
2022-12-25 18:47:44.753  1302-1462  ThermalEngine           pid-1302                             D  sensor_wait: msm_therm Wait done.
2022-12-25 18:47:44.754  1302-1462  ThermalEngine           pid-1302                             D  sensor_monitor: msm_therm Reading 37000 .
2022-12-25 18:47:44.754  1302-1462  ThermalEngine           pid-1302                             I  Sensor:msm_therm:37000 mC
2022-12-25 18:47:44.754  1302-1462  ThermalEngine           pid-1302                             D  update_active_thresh: msm_therm Active(1), Hi(1) 44000, Lo(0) -2147483648, desc(0) Interval(1) 1000
2022-12-25 18:47:44.754  1302-1462  ThermalEngine           pid-1302                             D  sensor_monitor: msm_therm Sensor wait.
2022-12-25 18:47:44.754  1302-1462  ThermalEngine           pid-1302                             D  sensor_wait: msm_therm Wait start. 1000ms
2022-12-25 18:47:44.754  1302-1463  ThermalEngine           pid-1302                             D  sensor_wait: quiet_therm Wait done.
2022-12-25 18:47:44.755 26981-27064 AudioTrack              pid-26981                            V  obtainBuffer(192) returned 192 = 192 + 0 err 0
2022-12-25 18:47:44.756  1302-1463  ThermalEngine           pid-1302                             D  sensor_monitor: quiet_therm Reading 34000 .
2022-12-25 18:47:44.756  1302-1463  ThermalEngine           pid-1302                             I  Sensor:quiet_therm:34000 mC
2022-12-25 18:47:44.756  1302-1463  ThermalEngine           pid-1302                             D  update_active_thresh: quiet_therm Active(1), Hi(1) 40000, Lo(0) -2147483648, desc(0) Interval(1) 1000
2022-12-25 18:47:44.756  1302-1463  ThermalEngine           pid-1302                             D  sensor_monitor: quiet_therm Sensor wait.
2022-12-25 18:47:44.756  1302-1463  ThermalEngine           pid-1302                             D  sensor_wait: quiet_therm Wait start. 1000ms
2022-12-25 18:47:44.759 26981-27064 AudioTrack              pid-26981                            V  obtainBuffer(192) returned 192 = 192 + 0 err 0
2022-12-25 18:47:44.819 26981-27064 chatty                  pid-26981                            I  uid=10213(com.inforcegames.app3dmodelling) AudioTrack identical 15 lines
2022-12-25 18:47:44.823 26981-27064 AudioTrack              pid-26981                            V  obtainBuffer(192) returned 192 = 192 + 0 err 0
2022-12-25 18:47:44.828 26981-27064 AudioTrack              pid-26981                            V  obtainBuffer(192) returned 192 = 128 + 64 err 0
2022-12-25 18:47:44.828 26981-27064 AudioTrack              pid-26981                            V  obtainBuffer(64) returned 64 = 64 + 0 err 0
2022-12-25 18:47:44.831 26981-27064 AudioTrack              pid-26981                            V  obtainBuffer(192) returned 192 = 192 + 0 err 0
2022-12-25 18:47:44.863 26981-27064 chatty                  pid-26981                            I  uid=10213(com.inforcegames.app3dmodelling) AudioTrack identical 8 lines
2022-12-25 18:47:44.867 26981-27064 AudioTrack              pid-26981                            V  obtainBuffer(192) returned 192 = 192 + 0 err 0
2022-12-25 18:47:44.871 26981-27064 AudioTrack              pid-26981                            V  obtainBuffer(192) returned 192 = 64 + 128 err 0
2022-12-25 18:47:44.872 26981-27064 AudioTrack              pid-26981                            V  obtainBuffer(128) returned 128 = 128 + 0 err 0
2022-12-25 18:47:44.875 26981-27064 AudioTrack              pid-26981                            V  obtainBuffer(192) returned 192 = 192 + 0 err 0
2022-12-25 18:47:44.947 26981-27064 chatty                  pid-26981                            I  uid=10213(com.inforcegames.app3dmodelling) AudioTrack identical 18 lines
2022-12-25 18:47:44.951 26981-27064 AudioTrack              pid-26981                            V  obtainBuffer(192) returned 192 = 192 + 0 err 0
2022-12-25 18:47:44.955 26981-27064 AudioTrack              pid-26981                            V  obtainBuffer(192) returned 192 = 128 + 64 err 0
2022-12-25 18:47:44.956 26981-27064 AudioTrack              pid-26981                            V  obtainBuffer(64) returned 64 = 64 + 0 err 0
2022-12-25 18:47:44.960 26981-27064 AudioTrack              pid-26981                            V  obtainBuffer(192) returned 192 = 192 + 0 err 0
2022-12-25 18:47:44.991 26981-27064 chatty                  pid-26981                            I  uid=10213(com.inforcegames.app3dmodelling) AudioTrack identical 8 lines
2022-12-25 18:47:44.995 26981-27064 AudioTrack              pid-26981                            V  obtainBuffer(192) returned 192 = 192 + 0 err 0
2022-12-25 18:47:44.999 26981-27064 AudioTrack              pid-26981                            V  obtainBuffer(192) returned 192 = 64 + 128 err 0
2022-12-25 18:47:44.999 26981-27064 AudioTrack              pid-26981                            V  obtainBuffer(128) returned 128 = 128 + 0 err 0
2022-12-25 18:47:45.004 26981-27064 AudioTrack              pid-26981                            V  obtainBuffer(192) returned 192 = 192 + 0 err 0
2022-12-25 18:47:45.075 26981-27064 chatty                  pid-26981                            I  uid=10213(com.inforcegames.app3dmodelling) AudioTrack identical 18 lines
2022-12-25 18:47:45.079 26981-27064 AudioTrack              pid-26981                            V  obtainBuffer(192) returned 192 = 192 + 0 err 0
2022-12-25 18:47:45.083 26981-27064 AudioTrack              pid-26981                            V  obtainBuffer(192) returned 192 = 128 + 64 err 0
2022-12-25 18:47:45.083 26981-27064 AudioTrack              pid-26981                            V  obtainBuffer(64) returned 64 = 64 + 0 err 0
2022-12-25 18:47:45.088 26981-27064 AudioTrack              pid-26981                            V  obtainBuffer(192) returned 192 = 192 + 0 err 0
2022-12-25 18:47:45.122 31363-31363 linker                  pid-31363                            A  CANNOT LINK EXECUTABLE "/system/bin/dpmd": "/system/lib64/libdpmframework.so" is 32-bit instead of 64-bit
2022-12-25 18:47:45.119 26981-27064 chatty                  pid-26981                            I  uid=10213(com.inforcegames.app3dmodelling) AudioTrack identical 8 lines
2022-12-25 18:47:45.124 26981-27064 AudioTrack              pid-26981                            V  obtainBuffer(192) returned 192 = 192 + 0 err 0
2022-12-25 18:47:45.127 26981-27064 AudioTrack              pid-26981                            V  obtainBuffer(192) returned 192 = 64 + 128 err 0
2022-12-25 18:47:45.127 26981-27064 AudioTrack              pid-26981                            V  obtainBuffer(128) returned 128 = 128 + 0 err 0
2022-12-25 18:47:45.131 26981-27064 AudioTrack              pid-26981                            V  obtainBuffer(192) returned 192 = 192 + 0 err 0
2022-12-25 18:47:45.203 26981-27064 chatty                  pid-26981                            I  uid=10213(com.inforcegames.app3dmodelling) AudioTrack identical 18 lines
2022-12-25 18:47:45.207 26981-27064 AudioTrack              pid-26981                            V  obtainBuffer(192) returned 192 = 192 + 0 err 0
2022-12-25 18:47:45.211 26981-27064 AudioTrack              pid-26981                            V  obtainBuffer(192) returned 192 = 128 + 64 err 0
2022-12-25 18:47:45.211 26981-27064 AudioTrack              pid-26981                            V  obtainBuffer(64) returned 64 = 64 + 0 err 0
2022-12-25 18:47:45.211  1302-1457  ThermalEngine           pid-1302                             D  sensor_wait: backlight_therm Wait done.
2022-12-25 18:47:45.213  1302-1457  ThermalEngine           pid-1302                             D  sensor_monitor: backlight_therm Reading 33000 .
2022-12-25 18:47:45.213  1302-1457  ThermalEngine           pid-1302                             I  Sensor:backlight_therm:33000 mC
2022-12-25 18:47:45.213  1302-1457  ThermalEngine           pid-1302                             D  update_active_thresh: backlight_therm Active(1), Hi(1) 45000, Lo(0) -2147483648, desc(0) Interval(1) 2000
2022-12-25 18:47:45.213  1302-1457  ThermalEngine           pid-1302                             D  sensor_monitor: backlight_therm Sensor wait.
2022-12-25 18:47:45.213  1302-1457  ThermalEngine           pid-1302                             D  sensor_wait: backlight_therm Wait start. 2000ms
2022-12-25 18:47:45.215 26981-27064 AudioTrack              pid-26981                            V  obtainBuffer(192) returned 192 = 192 + 0 err 0
2022-12-25 18:47:45.247 26981-27064 chatty                  pid-26981                            I  uid=10213(com.inforcegames.app3dmodelling) AudioTrack identical 8 lines
2022-12-25 18:47:45.251 26981-27064 AudioTrack              pid-26981                            V  obtainBuffer(192) returned 192 = 192 + 0 err 0
2022-12-25 18:47:45.255 26981-27064 AudioTrack              pid-26981                            V  obtainBuffer(192) returned 192 = 64 + 128 err 0
2022-12-25 18:47:45.255 26981-27064 AudioTrack              pid-26981                            V  obtainBuffer(128) returned 128 = 128 + 0 err 0
2022-12-25 18:47:45.259 26981-27064 AudioTrack              pid-26981                            V  obtainBuffer(192) returned 192 = 192 + 0 err 0
2022-12-25 18:47:45.331 26981-27064 chatty                  pid-26981                            I  uid=10213(com.inforcegames.app3dmodelling) AudioTrack identical 18 lines
2022-12-25 18:47:45.335 26981-27064 AudioTrack              pid-26981                            V  obtainBuffer(192) returned 192 = 192 + 0 err 0
2022-12-25 18:47:45.339 26981-27064 AudioTrack              pid-26981                            V  obtainBuffer(192) returned 192 = 128 + 64 err 0
2022-12-25 18:47:45.339 26981-27064 AudioTrack              pid-26981                            V  obtainBuffer(64) returned 64 = 64 + 0 err 0
2022-12-25 18:47:45.343 26981-27064 AudioTrack              pid-26981                            V  obtainBuffer(192) returned 192 = 192 + 0 err 0
2022-12-25 18:47:45.375 26981-27064 chatty                  pid-26981                            I  uid=10213(com.inforcegames.app3dmodelling) AudioTrack identical 8 lines
2022-12-25 18:47:45.379 26981-27064 AudioTrack              pid-26981                            V  obtainBuffer(192) returned 192 = 192 + 0 err 0
2022-12-25 18:47:45.383 26981-27064 AudioTrack              pid-26981                            V  obtainBuffer(192) returned 192 = 64 + 128 err 0
2022-12-25 18:47:45.383 26981-27064 AudioTrack              pid-26981                            V  obtainBuffer(128) returned 128 = 128 + 0 err 0
2022-12-25 18:47:45.387 26981-27064 AudioTrack              pid-26981                            V  obtainBuffer(192) returned 192 = 192 + 0 err 0
2022-12-25 18:47:45.459 26981-27064 chatty                  pid-26981                            I  uid=10213(com.inforcegames.app3dmodelling) AudioTrack identical 18 lines
2022-12-25 18:47:45.463 26981-27064 AudioTrack              pid-26981                            V  obtainBuffer(192) returned 192 = 192 + 0 err 0
2022-12-25 18:47:45.467 26981-27064 AudioTrack              pid-26981                            V  obtainBuffer(192) returned 192 = 128 + 64 err 0
2022-12-25 18:47:45.467 26981-27064 AudioTrack              pid-26981                            V  obtainBuffer(64) returned 64 = 64 + 0 err 0
2022-12-25 18:47:45.472 26981-27064 AudioTrack              pid-26981                            V  obtainBuffer(192) returned 192 = 192 + 0 err 0
2022-12-25 18:47:45.503 26981-27064 chatty                  pid-26981                            I  uid=10213(com.inforcegames.app3dmodelling) AudioTrack identical 8 lines
2022-12-25 18:47:45.507 26981-27064 AudioTrack              pid-26981                            V  obtainBuffer(192) returned 192 = 192 + 0 err 0
2022-12-25 18:47:45.511 26981-27064 AudioTrack              pid-26981                            V  obtainBuffer(192) returned 192 = 64 + 128 err 0
2022-12-25 18:47:45.511 26981-27064 AudioTrack              pid-26981                            V  obtainBuffer(128) returned 128 = 128 + 0 err 0
2022-12-25 18:47:45.515 26981-27064 AudioTrack              pid-26981                            V  obtainBuffer(192) returned 192 = 192 + 0 err 0
2022-12-25 18:47:45.587 26981-27064 chatty                  pid-26981                            I  uid=10213(com.inforcegames.app3dmodelling) AudioTrack identical 18 lines
2022-12-25 18:47:45.591 26981-27064 AudioTrack              pid-26981                            V  obtainBuffer(192) returned 192 = 192 + 0 err 0
2022-12-25 18:47:45.595 26981-27064 AudioTrack              pid-26981                            V  obtainBuffer(192) returned 192 = 128 + 64 err 0
2022-12-25 18:47:45.596 26981-27064 AudioTrack              pid-26981                            V  obtainBuffer(64) returned 64 = 64 + 0 err 0
2022-12-25 18:47:45.600 26981-27064 AudioTrack              pid-26981                            V  obtainBuffer(192) returned 192 = 192 + 0 err 0
2022-12-25 18:47:45.632 26981-27064 chatty                  pid-26981                            I  uid=10213(com.inforcegames.app3dmodelling) AudioTrack identical 8 lines
2022-12-25 18:47:45.635 26981-27064 AudioTrack              pid-26981                            V  obtainBuffer(192) returned 192 = 192 + 0 err 0
2022-12-25 18:47:45.639 26981-27064 AudioTrack              pid-26981                            V  obtainBuffer(192) returned 192 = 64 + 128 err 0
2022-12-25 18:47:45.639 26981-27064 AudioTrack              pid-26981                            V  obtainBuffer(128) returned 128 = 128 + 0 err 0
2022-12-25 18:47:45.644 26981-27064 AudioTrack              pid-26981                            V  obtainBuffer(192) returned 192 = 192 + 0 err 0
2022-12-25 18:47:45.703 26981-27064 chatty                  pid-26981                            I  uid=10213(com.inforcegames.app3dmodelling) AudioTrack identical 15 lines
2022-12-25 18:47:45.707 26981-27064 AudioTrack              pid-26981                            V  obtainBuffer(192) returned 192 = 192 + 0 err 0
2022-12-25 18:47:45.711  2820-5429  DPMJ                    pid-2820                             I  |REQ:RCVR| DPM creating socket
2022-12-25 18:47:45.711 26981-27064 AudioTrack              pid-26981                            V  obtainBuffer(192) returned 192 = 192 + 0 err 0
2022-12-25 18:47:45.715 26981-27064 chatty                  pid-26981                            I  uid=10213(com.inforcegames.app3dmodelling) AudioTrack identical 1 line
2022-12-25 18:47:45.719 26981-27064 AudioTrack              pid-26981                            V  obtainBuffer(192) returned 192 = 192 + 0 err 0
2022-12-25 18:47:45.724 26981-27064 AudioTrack              pid-26981                            V  obtainBuffer(192) returned 192 = 128 + 64 err 0
2022-12-25 18:47:45.724 26981-27064 AudioTrack              pid-26981                            V  obtainBuffer(64) returned 64 = 64 + 0 err 0
2022-12-25 18:47:45.727 26981-27064 AudioTrack              pid-26981                            V  obtainBuffer(192) returned 192 = 192 + 0 err 0
2022-12-25 18:47:45.751 26981-27064 chatty                  pid-26981                            I  uid=10213(com.inforcegames.app3dmodelling) AudioTrack identical 6 lines
2022-12-25 18:47:45.755 26981-27064 AudioTrack              pid-26981                            V  obtainBuffer(192) returned 192 = 192 + 0 err 0
2022-12-25 18:47:45.756  1302-1462  ThermalEngine           pid-1302                             D  sensor_wait: msm_therm Wait done.
2022-12-25 18:47:45.756  1302-1463  ThermalEngine           pid-1302                             D  sensor_wait: quiet_therm Wait done.
2022-12-25 18:47:45.758  1302-1462  ThermalEngine           pid-1302                             D  sensor_monitor: msm_therm Reading 37000 .
2022-12-25 18:47:45.758  1302-1462  ThermalEngine           pid-1302                             I  Sensor:msm_therm:37000 mC
2022-12-25 18:47:45.758  1302-1462  ThermalEngine           pid-1302                             D  update_active_thresh: msm_therm Active(1), Hi(1) 44000, Lo(0) -2147483648, desc(0) Interval(1) 1000
2022-12-25 18:47:45.758  1302-1462  ThermalEngine           pid-1302                             D  sensor_monitor: msm_therm Sensor wait.
2022-12-25 18:47:45.758  1302-1462  ThermalEngine           pid-1302                             D  sensor_wait: msm_therm Wait start. 1000ms
2022-12-25 18:47:45.760 26981-27064 AudioTrack              pid-26981                            V  obtainBuffer(192) returned 192 = 192 + 0 err 0
2022-12-25 18:47:45.760  1302-1463  ThermalEngine           pid-1302                             D  sensor_monitor: quiet_therm Reading 34000 .
2022-12-25 18:47:45.760  1302-1463  ThermalEngine           pid-1302                             I  Sensor:quiet_therm:34000 mC
2022-12-25 18:47:45.760  1302-1463  ThermalEngine           pid-1302                             D  update_active_thresh: quiet_therm Active(1), Hi(1) 40000, Lo(0) -2147483648, desc(0) Interval(1) 1000
2022-12-25 18:47:45.760  1302-1463  ThermalEngine           pid-1302                             D  sensor_monitor: quiet_therm Sensor wait.
2022-12-25 18:47:45.760  1302-1463  ThermalEngine           pid-1302                             D  sensor_wait: quiet_therm Wait start. 1000ms
2022-12-25 18:47:45.763 26981-27064 AudioTrack              pid-26981                            V  obtainBuffer(192) returned 192 = 192 + 0 err 0
2022-12-25 18:47:45.768 26981-27064 AudioTrack              pid-26981                            V  obtainBuffer(192) returned 192 = 64 + 128 err 0
2022-12-25 18:47:45.768 26981-27064 AudioTrack              pid-26981                            V  obtainBuffer(128) returned 128 = 128 + 0 err 0
2022-12-25 18:47:45.771 26981-27064 AudioTrack              pid-26981                            V  obtainBuffer(192) returned 192 = 192 + 0 err 0
2022-12-25 18:47:45.843 26981-27064 chatty                  pid-26981                            I  uid=10213(com.inforcegames.app3dmodelling) AudioTrack identical 18 lines
2022-12-25 18:47:45.847 26981-27064 AudioTrack              pid-26981                            V  obtainBuffer(192) returned 192 = 192 + 0 err 0
2022-12-25 18:47:45.851 26981-27064 AudioTrack              pid-26981                            V  obtainBuffer(192) returned 192 = 128 + 64 err 0
2022-12-25 18:47:45.851 26981-27064 AudioTrack              pid-26981                            V  obtainBuffer(64) returned 64 = 64 + 0 err 0
2022-12-25 18:47:45.855 26981-27064 AudioTrack              pid-26981                            V  obtainBuffer(192) returned 192 = 192 + 0 err 0
2022-12-25 18:47:45.887 26981-27064 chatty                  pid-26981                            I  uid=10213(com.inforcegames.app3dmodelling) AudioTrack identical 8 lines
2022-12-25 18:47:45.891 26981-27064 AudioTrack              pid-26981                            V  obtainBuffer(192) returned 192 = 192 + 0 err 0
2022-12-25 18:47:45.895 26981-27064 AudioTrack              pid-26981                            V  obtainBuffer(192) returned 192 = 64 + 128 err 0
2022-12-25 18:47:45.895 26981-27064 AudioTrack              pid-26981                            V  obtainBuffer(128) returned 128 = 128 + 0 err 0
2022-12-25 18:47:45.899 26981-27064 AudioTrack              pid-26981                            V  obtainBuffer(192) returned 192 = 192 + 0 err 0
2022-12-25 18:47:45.971 26981-27064 chatty                  pid-26981                            I  uid=10213(com.inforcegames.app3dmodelling) AudioTrack identical 18 lines
2022-12-25 18:47:45.975 26981-27064 AudioTrack              pid-26981                            V  obtainBuffer(192) returned 192 = 192 + 0 err 0
2022-12-25 18:47:45.979 26981-27064 AudioTrack              pid-26981                            V  obtainBuffer(192) returned 192 = 128 + 64 err 0
2022-12-25 18:47:45.979 26981-27064 AudioTrack              pid-26981                            V  obtainBuffer(64) returned 64 = 64 + 0 err 0
2022-12-25 18:47:45.983 26981-27064 AudioTrack              pid-26981                            V  obtainBuffer(192) returned 192 = 192 + 0 err 0
2022-12-25 18:47:46.015 26981-27064 chatty                  pid-26981                            I  uid=10213(com.inforcegames.app3dmodelling) AudioTrack identical 8 lines
2022-12-25 18:47:46.019 26981-27064 AudioTrack              pid-26981                            V  obtainBuffer(192) returned 192 = 192 + 0 err 0
2022-12-25 18:47:46.023 26981-27064 AudioTrack              pid-26981                            V  obtainBuffer(192) returned 192 = 64 + 128 err 0
2022-12-25 18:47:46.023 26981-27064 AudioTrack              pid-26981                            V  obtainBuffer(128) returned 128 = 128 + 0 err 0
2022-12-25 18:47:46.027 26981-27064 AudioTrack              pid-26981                            V  obtainBuffer(192) returned 192 = 192 + 0 err 0
2022-12-25 18:47:46.099 26981-27064 chatty                  pid-26981                            I  uid=10213(com.inforcegames.app3dmodelling) AudioTrack identical 18 lines
2022-12-25 18:47:46.103 26981-27064 AudioTrack              pid-26981                            V  obtainBuffer(192) returned 192 = 192 + 0 err 0
2022-12-25 18:47:46.107 26981-27064 AudioTrack              pid-26981                            V  obtainBuffer(192) returned 192 = 128 + 64 err 0
2022-12-25 18:47:46.107 26981-27064 AudioTrack              pid-26981                            V  obtainBuffer(64) returned 64 = 64 + 0 err 0
2022-12-25 18:47:46.111 26981-27064 AudioTrack              pid-26981                            V  obtainBuffer(192) returned 192 = 192 + 0 err 0
2022-12-25 18:47:46.143 26981-27064 chatty                  pid-26981                            I  uid=10213(com.inforcegames.app3dmodelling) AudioTrack identical 8 lines
2022-12-25 18:47:46.147 26981-27064 AudioTrack              pid-26981                            V  obtainBuffer(192) returned 192 = 192 + 0 err 0
2022-12-25 18:47:46.151 26981-27064 AudioTrack              pid-26981                            V  obtainBuffer(192) returned 192 = 64 + 128 err 0
2022-12-25 18:47:46.151 26981-27064 AudioTrack              pid-26981                            V  obtainBuffer(128) returned 128 = 128 + 0 err 0
2022-12-25 18:47:46.155 26981-27064 AudioTrack              pid-26981                            V  obtainBuffer(192) returned 192 = 192 + 0 err 0
2022-12-25 18:47:46.219 26981-27064 chatty                  pid-26981                            I  uid=10213(com.inforcegames.app3dmodelling) AudioTrack identical 16 lines
2022-12-25 18:47:46.223 26981-27064 AudioTrack              pid-26981                            V  obtainBuffer(192) returned 192 = 192 + 0 err 0
2022-12-25 18:47:46.228  2480-2754  MobileSignalController  pid-2480                             D  onSignalStrengthsChanged: SignalStrength: 99 0 -120 -160 -120 -160 -1 25 -94 -11 166 2147483647 0 2147483647 99 255 2147483647 gsm|lte use_rsrp_and_rssnr_for_lte_level  [-120, -115, -110, -105, -97] [-115, -105, -95, -85]
2022-12-25 18:47:46.228 26981-27064 AudioTrack              pid-26981                            V  obtainBuffer(192) returned 192 = 192 + 0 err 0
2022-12-25 18:47:46.228  2480-2754  NetworkCon...troller(1) pid-2480                             D  4G level = 5
2022-12-25 18:47:46.232 26981-27064 AudioTrack              pid-26981                            V  obtainBuffer(192) returned 192 = 192 + 0 err 0
2022-12-25 18:47:46.235 26981-27064 AudioTrack              pid-26981                            V  obtainBuffer(192) returned 192 = 128 + 64 err 0
2022-12-25 18:47:46.235 26981-27064 AudioTrack              pid-26981                            V  obtainBuffer(64) returned 64 = 64 + 0 err 0
2022-12-25 18:47:46.240 26981-27064 AudioTrack              pid-26981                            V  obtainBuffer(192) returned 192 = 192 + 0 err 0
2022-12-25 18:47:46.271 26981-27064 chatty                  pid-26981                            I  uid=10213(com.inforcegames.app3dmodelling) AudioTrack identical 8 lines
2022-12-25 18:47:46.275 26981-27064 AudioTrack              pid-26981                            V  obtainBuffer(192) returned 192 = 192 + 0 err 0
2022-12-25 18:47:46.277   688-4296  audio_hw_spkr_prot      pid-688                              D  audio_extn_fbsp_get_parameters: Speaker protection disabled
2022-12-25 18:47:46.277   688-4296  audio_hw_extn           pid-688                              D  audio_extn_get_parameters: returns 
2022-12-25 18:47:46.278   743-15843 hash_map_utils          pid-743                              I  key: 'hifi_mode' value: ''
2022-12-25 18:47:46.279 26981-27064 AudioTrack              pid-26981                            V  obtainBuffer(192) returned 192 = 64 + 128 err 0
2022-12-25 18:47:46.279 26981-27064 AudioTrack              pid-26981                            V  obtainBuffer(128) returned 128 = 128 + 0 err 0
2022-12-25 18:47:46.279 26981-29638 AudioManager            pid-26981                            D  getStreamVolume isRestricted mode = 0
2022-12-25 18:47:46.282   688-4296  audio_hw_spkr_prot      pid-688                              D  audio_extn_fbsp_get_parameters: Speaker protection disabled
2022-12-25 18:47:46.282   688-4296  audio_hw_extn           pid-688                              D  audio_extn_get_parameters: returns 
2022-12-25 18:47:46.282   743-15843 hash_map_utils          pid-743                              I  key: 'hifi_mode' value: ''
2022-12-25 18:47:46.283 26981-27064 AudioTrack              pid-26981                            V  obtainBuffer(192) returned 192 = 192 + 0 err 0
2022-12-25 18:47:46.355 26981-27064 chatty                  pid-26981                            I  uid=10213(com.inforcegames.app3dmodelling) AudioTrack identical 18 lines
2022-12-25 18:47:46.359 26981-27064 AudioTrack              pid-26981                            V  obtainBuffer(192) returned 192 = 192 + 0 err 0
2022-12-25 18:47:46.364 26981-27064 AudioTrack              pid-26981                            V  obtainBuffer(192) returned 192 = 128 + 64 err 0
2022-12-25 18:47:46.364 26981-27064 AudioTrack              pid-26981                            V  obtainBuffer(64) returned 64 = 64 + 0 err 0
2022-12-25 18:47:46.367 26981-27064 AudioTrack              pid-26981                            V  obtainBuffer(192) returned 192 = 192 + 0 err 0
2022-12-25 18:47:46.400 26981-27064 chatty                  pid-26981                            I  uid=10213(com.inforcegames.app3dmodelling) AudioTrack identical 8 lines
2022-12-25 18:47:46.403 26981-27064 AudioTrack              pid-26981                            V  obtainBuffer(192) returned 192 = 192 + 0 err 0
2022-12-25 18:47:46.408 26981-27064 AudioTrack              pid-26981                            V  obtainBuffer(192) returned 192 = 64 + 128 err 0
2022-12-25 18:47:46.408 26981-27064 AudioTrack              pid-26981                            V  obtainBuffer(128) returned 128 = 128 + 0 err 0
2022-12-25 18:47:46.411 26981-27064 AudioTrack              pid-26981                            V  obtainBuffer(192) returned 192 = 192 + 0 err 0
2022-12-25 18:47:46.483 26981-27064 chatty                  pid-26981                            I  uid=10213(com.inforcegames.app3dmodelling) AudioTrack identical 18 lines
2022-12-25 18:47:46.487 26981-27064 AudioTrack              pid-26981                            V  obtainBuffer(192) returned 192 = 192 + 0 err 0
2022-12-25 18:47:46.491 26981-27064 AudioTrack              pid-26981                            V  obtainBuffer(192) returned 192 = 128 + 64 err 0
2022-12-25 18:47:46.491 26981-27064 AudioTrack              pid-26981                            V  obtainBuffer(64) returned 64 = 64 + 0 err 0
2022-12-25 18:47:46.495 26981-27064 AudioTrack              pid-26981                            V  obtainBuffer(192) returned 192 = 192 + 0 err 0
2022-12-25 18:47:46.528 26981-27064 chatty                  pid-26981                            I  uid=10213(com.inforcegames.app3dmodelling) AudioTrack identical 8 lines
2022-12-25 18:47:46.531 26981-27064 AudioTrack              pid-26981                            V  obtainBuffer(192) returned 192 = 192 + 0 err 0
2022-12-25 18:47:46.535 26981-27064 AudioTrack              pid-26981                            V  obtainBuffer(192) returned 192 = 64 + 128 err 0
2022-12-25 18:47:46.535 26981-27064 AudioTrack              pid-26981                            V  obtainBuffer(128) returned 128 = 128 + 0 err 0
2022-12-25 18:47:46.540 26981-27064 AudioTrack              pid-26981                            V  obtainBuffer(192) returned 192 = 192 + 0 err 0
2022-12-25 18:47:46.611 26981-27064 chatty                  pid-26981                            I  uid=10213(com.inforcegames.app3dmodelling) AudioTrack identical 18 lines
2022-12-25 18:47:46.615 26981-27064 AudioTrack              pid-26981                            V  obtainBuffer(192) returned 192 = 192 + 0 err 0
2022-12-25 18:47:46.619 26981-27064 AudioTrack              pid-26981                            V  obtainBuffer(192) returned 192 = 128 + 64 err 0
2022-12-25 18:47:46.619 26981-27064 AudioTrack              pid-26981                            V  obtainBuffer(64) returned 64 = 64 + 0 err 0
2022-12-25 18:47:46.623 26981-27064 AudioTrack              pid-26981                            V  obtainBuffer(192) returned 192 = 192 + 0 err 0
2022-12-25 18:47:46.655 26981-27064 chatty                  pid-26981                            I  uid=10213(com.inforcegames.app3dmodelling) AudioTrack identical 8 lines
2022-12-25 18:47:46.659 26981-27064 AudioTrack              pid-26981                            V  obtainBuffer(192) returned 192 = 192 + 0 err 0
2022-12-25 18:47:46.663 26981-27064 AudioTrack              pid-26981                            V  obtainBuffer(192) returned 192 = 64 + 128 err 0
2022-12-25 18:47:46.663 26981-27064 AudioTrack              pid-26981                            V  obtainBuffer(128) returned 128 = 128 + 0 err 0
2022-12-25 18:47:46.667 26981-27064 AudioTrack              pid-26981                            V  obtainBuffer(192) returned 192 = 192 + 0 err 0
2022-12-25 18:47:46.739 26981-27064 chatty                  pid-26981                            I  uid=10213(com.inforcegames.app3dmodelling) AudioTrack identical 18 lines
2022-12-25 18:47:46.743 26981-27064 AudioTrack              pid-26981                            V  obtainBuffer(192) returned 192 = 192 + 0 err 0
2022-12-25 18:47:46.747 26981-27064 AudioTrack              pid-26981                            V  obtainBuffer(192) returned 192 = 128 + 64 err 0
2022-12-25 18:47:46.747 26981-27064 AudioTrack              pid-26981                            V  obtainBuffer(64) returned 64 = 64 + 0 err 0
2022-12-25 18:47:46.751 26981-27064 AudioTrack              pid-26981                            V  obtainBuffer(192) returned 192 = 192 + 0 err 0
2022-12-25 18:47:46.756 26981-27064 AudioTrack              pid-26981                            V  obtainBuffer(192) returned 192 = 192 + 0 err 0
2022-12-25 18:47:46.759  1302-1462  ThermalEngine           pid-1302                             D  sensor_wait: msm_therm Wait done.
2022-12-25 18:47:46.759 26981-27064 AudioTrack              pid-26981                            V  obtainBuffer(192) returned 192 = 192 + 0 err 0
2022-12-25 18:47:46.760  1302-1462  ThermalEngine           pid-1302                             D  sensor_monitor: msm_therm Reading 37000 .
2022-12-25 18:47:46.760  1302-1462  ThermalEngine           pid-1302                             I  Sensor:msm_therm:37000 mC
2022-12-25 18:47:46.760  1302-1462  ThermalEngine           pid-1302                             D  update_active_thresh: msm_therm Active(1), Hi(1) 44000, Lo(0) -2147483648, desc(0) Interval(1) 1000
2022-12-25 18:47:46.760  1302-1462  ThermalEngine           pid-1302                             D  sensor_monitor: msm_therm Sensor wait.
2022-12-25 18:47:46.760  1302-1462  ThermalEngine           pid-1302                             D  sensor_wait: msm_therm Wait start. 1000ms
2022-12-25 18:47:46.760  1302-1463  ThermalEngine           pid-1302                             D  sensor_wait: quiet_therm Wait done.
2022-12-25 18:47:46.761  1302-1463  ThermalEngine           pid-1302                             D  sensor_monitor: quiet_therm Reading 34000 .
2022-12-25 18:47:46.761  1302-1463  ThermalEngine           pid-1302                             I  Sensor:quiet_therm:34000 mC
2022-12-25 18:47:46.761  1302-1463  ThermalEngine           pid-1302                             D  update_active_thresh: quiet_therm Active(1), Hi(1) 40000, Lo(0) -2147483648, desc(0) Interval(1) 1000
2022-12-25 18:47:46.761  1302-1463  ThermalEngine           pid-1302                             D  sensor_monitor: quiet_therm Sensor wait.
2022-12-25 18:47:46.761  1302-1463  ThermalEngine           pid-1302                             D  sensor_wait: quiet_therm Wait start. 1000ms
2022-12-25 18:47:46.763 26981-27064 AudioTrack              pid-26981                            V  obtainBuffer(192) returned 192 = 192 + 0 err 0
2022-12-25 18:47:46.783 26981-27064 chatty                  pid-26981                            I  uid=10213(com.inforcegames.app3dmodelling) AudioTrack identical 5 lines
2022-12-25 18:47:46.787 26981-27064 AudioTrack              pid-26981                            V  obtainBuffer(192) returned 192 = 192 + 0 err 0
2022-12-25 18:47:46.791 26981-27064 AudioTrack              pid-26981                            V  obtainBuffer(192) returned 192 = 64 + 128 err 0
2022-12-25 18:47:46.791 26981-27064 AudioTrack              pid-26981                            V  obtainBuffer(128) returned 128 = 128 + 0 err 0
2022-12-25 18:47:46.795 26981-27064 AudioTrack              pid-26981                            V  obtainBuffer(192) returned 192 = 192 + 0 err 0
2022-12-25 18:47:46.807 26981-27064 chatty                  pid-26981                            I  uid=10213(com.inforcegames.app3dmodelling) AudioTrack identical 3 lines
2022-12-25 18:47:46.811 26981-27064 AudioTrack              pid-26981                            V  obtainBuffer(192) returned 192 = 192 + 0 err 0
2022-12-25 18:47:46.815  2280-4370  LocSvc_HID...iption_jni pid-2280                             V  battery_level_update
2022-12-25 18:47:46.815 26981-27064 AudioTrack              pid-26981                            V  obtainBuffer(192) returned 192 = 192 + 0 err 0
2022-12-25 18:47:46.815  2853-2853  QtiCarrierConfigHelper  pid-2853                             D  WARNING, no carrier configs on phone Id: 0
2022-12-25 18:47:46.816  2280-4370  LocSvc_HID...iption_jni pid-2280                             V  [battery_level_update][931] [HC] =>> [HS]
2022-12-25 18:47:46.816   713-713   LocSvc_HID...bscription pid-713                              V  [batteryLevelUpdate][777] [HS] <<<<= [HC]
2022-12-25 18:47:46.816  3526-4111  PowerCheckerService     pid-3526                             D  onBatteryChanged, mBatteryLevel = 84, status = 2, level = 84, plug = 1, scale = 100
2022-12-25 18:47:46.816 30883-30883 BatteryInfoReceiver     pid-30883                            I  ACTION_BATTERY_CHANGED
2022-12-25 18:47:46.817  2480-2480  KeyguardUpdateMonitor   pid-2480                             D  received broadcast android.intent.action.BATTERY_CHANGED
2022-12-25 18:47:46.817  2280-2300  UsbDeviceManager        pid-2280                             E  handle message = 9
2022-12-25 18:47:46.818  2280-4370  LocSvc_HID...iption_jni pid-2280                             V  Exit Result 0
2022-12-25 18:47:46.819 26981-27064 AudioTrack              pid-26981                            V  obtainBuffer(192) returned 192 = 192 + 0 err 0
2022-12-25 18:47:46.820 30883-30883 PowerNoticeUI           pid-30883                            I  handleBatteryChanged oldPlugType 1 mPlugType 1 oldBatteryLevel 84 mBatteryLevel 84 temperature 310
2022-12-25 18:47:46.823 26981-27064 AudioTrack              pid-26981                            V  obtainBuffer(192) returned 192 = 192 + 0 err 0
2022-12-25 18:47:46.867 26981-27064 chatty                  pid-26981                            I  uid=10213(com.inforcegames.app3dmodelling) AudioTrack identical 11 lines
2022-12-25 18:47:46.872 26981-27064 AudioTrack              pid-26981                            V  obtainBuffer(192) returned 192 = 192 + 0 err 0
2022-12-25 18:47:46.875 26981-27064 AudioTrack              pid-26981                            V  obtainBuffer(192) returned 192 = 128 + 64 err 0
2022-12-25 18:47:46.875 26981-27064 AudioTrack              pid-26981                            V  obtainBuffer(64) returned 64 = 64 + 0 err 0
2022-12-25 18:47:46.879 26981-27064 AudioTrack              pid-26981                            V  obtainBuffer(192) returned 192 = 192 + 0 err 0
2022-12-25 18:47:46.911 26981-27064 chatty                  pid-26981                            I  uid=10213(com.inforcegames.app3dmodelling) AudioTrack identical 8 lines
2022-12-25 18:47:46.915 26981-27064 AudioTrack              pid-26981                            V  obtainBuffer(192) returned 192 = 192 + 0 err 0
2022-12-25 18:47:46.919 26981-27064 AudioTrack              pid-26981                            V  obtainBuffer(192) returned 192 = 64 + 128 err 0
2022-12-25 18:47:46.919 26981-27064 AudioTrack              pid-26981                            V  obtainBuffer(128) returned 128 = 128 + 0 err 0
2022-12-25 18:47:46.923 26981-27064 AudioTrack              pid-26981                            V  obtainBuffer(192) returned 192 = 192 + 0 err 0
2022-12-25 18:47:46.996 26981-27064 chatty                  pid-26981                            I  uid=10213(com.inforcegames.app3dmodelling) AudioTrack identical 18 lines
2022-12-25 18:47:46.999 26981-27064 AudioTrack              pid-26981                            V  obtainBuffer(192) returned 192 = 192 + 0 err 0
2022-12-25 18:47:47.004 26981-27064 AudioTrack              pid-26981                            V  obtainBuffer(192) returned 192 = 128 + 64 err 0
2022-12-25 18:47:47.004 26981-27064 AudioTrack              pid-26981                            V  obtainBuffer(64) returned 64 = 64 + 0 err 0
2022-12-25 18:47:47.008 26981-27064 AudioTrack              pid-26981                            V  obtainBuffer(192) returned 192 = 192 + 0 err 0
2022-12-25 18:47:47.039 26981-27064 chatty                  pid-26981                            I  uid=10213(com.inforcegames.app3dmodelling) AudioTrack identical 8 lines
2022-12-25 18:47:47.043 26981-27064 AudioTrack              pid-26981                            V  obtainBuffer(192) returned 192 = 192 + 0 err 0
2022-12-25 18:47:47.047 26981-27064 AudioTrack              pid-26981                            V  obtainBuffer(192) returned 192 = 64 + 128 err 0
2022-12-25 18:47:47.047 26981-27064 AudioTrack              pid-26981                            V  obtainBuffer(128) returned 128 = 128 + 0 err 0
2022-12-25 18:47:47.051 26981-27064 AudioTrack              pid-26981                            V  obtainBuffer(192) returned 192 = 192 + 0 err 0
2022-12-25 18:47:47.124 26981-27064 chatty                  pid-26981                            I  uid=10213(com.inforcegames.app3dmodelling) AudioTrack identical 18 lines
2022-12-25 18:47:47.127 26981-27064 AudioTrack              pid-26981                            V  obtainBuffer(192) returned 192 = 192 + 0 err 0
2022-12-25 18:47:47.131 26981-27064 AudioTrack              pid-26981                            V  obtainBuffer(192) returned 192 = 128 + 64 err 0
2022-12-25 18:47:47.131 26981-27064 AudioTrack              pid-26981                            V  obtainBuffer(64) returned 64 = 64 + 0 err 0
2022-12-25 18:47:47.135 26981-27064 AudioTrack              pid-26981                            V  obtainBuffer(192) returned 192 = 192 + 0 err 0
2022-12-25 18:47:47.167 26981-27064 chatty                  pid-26981                            I  uid=10213(com.inforcegames.app3dmodelling) AudioTrack identical 8 lines
2022-12-25 18:47:47.172 26981-27064 AudioTrack              pid-26981                            V  obtainBuffer(192) returned 192 = 192 + 0 err 0
2022-12-25 18:47:47.175 26981-27064 AudioTrack              pid-26981                            V  obtainBuffer(192) returned 192 = 64 + 128 err 0
2022-12-25 18:47:47.176 26981-27064 AudioTrack              pid-26981                            V  obtainBuffer(128) returned 128 = 128 + 0 err 0
2022-12-25 18:47:47.179 26981-27064 AudioTrack              pid-26981                            V  obtainBuffer(192) returned 192 = 192 + 0 err 0
2022-12-25 18:47:47.207 26981-27064 chatty                  pid-26981                            I  uid=10213(com.inforcegames.app3dmodelling) AudioTrack identical 7 lines
2022-12-25 18:47:47.211 26981-27064 AudioTrack              pid-26981                            V  obtainBuffer(192) returned 192 = 192 + 0 err 0
2022-12-25 18:47:47.213  1302-1457  ThermalEngine           pid-1302                             D  sensor_wait: backlight_therm Wait done.
2022-12-25 18:47:47.214  1302-1457  ThermalEngine           pid-1302                             D  sensor_monitor: backlight_therm Reading 33000 .
2022-12-25 18:47:47.214  1302-1457  ThermalEngine           pid-1302                             I  Sensor:backlight_therm:33000 mC
2022-12-25 18:47:47.214  1302-1457  ThermalEngine           pid-1302                             D  update_active_thresh: backlight_therm Active(1), Hi(1) 45000, Lo(0) -2147483648, desc(0) Interval(1) 2000
2022-12-25 18:47:47.214  1302-1457  ThermalEngine           pid-1302                             D  sensor_monitor: backlight_therm Sensor wait.
2022-12-25 18:47:47.214  1302-1457  ThermalEngine           pid-1302                             D  sensor_wait: backlight_therm Wait start. 2000ms
2022-12-25 18:47:47.215 26981-27064 AudioTrack              pid-26981                            V  obtainBuffer(192) returned 192 = 192 + 0 err 0
2022-12-25 18:47:47.251 26981-27064 chatty                  pid-26981                            I  uid=10213(com.inforcegames.app3dmodelling) AudioTrack identical 9 lines
2022-12-25 18:47:47.255 26981-27064 AudioTrack              pid-26981                            V  obtainBuffer(192) returned 192 = 192 + 0 err 0
2022-12-25 18:47:47.259 26981-27064 AudioTrack              pid-26981                            V  obtainBuffer(192) returned 192 = 128 + 64 err 0
2022-12-25 18:47:47.259 26981-27064 AudioTrack              pid-26981                            V  obtainBuffer(64) returned 64 = 64 + 0 err 0
2022-12-25 18:47:47.263 26981-27064 AudioTrack              pid-26981                            V  obtainBuffer(192) returned 192 = 192 + 0 err 0
2022-12-25 18:47:47.295 26981-27064 chatty                  pid-26981                            I  uid=10213(com.inforcegames.app3dmodelling) AudioTrack identical 8 lines
2022-12-25 18:47:47.299 26981-27064 AudioTrack              pid-26981                            V  obtainBuffer(192) returned 192 = 192 + 0 err 0
2022-12-25 18:47:47.303 26981-27064 AudioTrack              pid-26981                            V  obtainBuffer(192) returned 192 = 64 + 128 err 0
2022-12-25 18:47:47.304 26981-27064 AudioTrack              pid-26981                            V  obtainBuffer(128) returned 128 = 128 + 0 err 0
2022-12-25 18:47:47.307 26981-27064 AudioTrack              pid-26981                            V  obtainBuffer(192) returned 192 = 192 + 0 err 0
2022-12-25 18:47:47.379 26981-27064 chatty                  pid-26981                            I  uid=10213(com.inforcegames.app3dmodelling) AudioTrack identical 18 lines
2022-12-25 18:47:47.383 26981-27064 AudioTrack              pid-26981                            V  obtainBuffer(192) returned 192 = 192 + 0 err 0
2022-12-25 18:47:47.387 26981-27064 AudioTrack              pid-26981                            V  obtainBuffer(192) returned 192 = 128 + 64 err 0
2022-12-25 18:47:47.387 26981-27064 AudioTrack              pid-26981                            V  obtainBuffer(64) returned 64 = 64 + 0 err 0
2022-12-25 18:47:47.391 26981-27064 AudioTrack              pid-26981                            V  obtainBuffer(192) returned 192 = 192 + 0 err 0
2022-12-25 18:47:47.423 26981-27064 chatty                  pid-26981                            I  uid=10213(com.inforcegames.app3dmodelling) AudioTrack identical 8 lines
2022-12-25 18:47:47.427 26981-27064 AudioTrack              pid-26981                            V  obtainBuffer(192) returned 192 = 192 + 0 err 0
2022-12-25 18:47:47.431 26981-27064 AudioTrack              pid-26981                            V  obtainBuffer(192) returned 192 = 64 + 128 err 0
2022-12-25 18:47:47.431 26981-27064 AudioTrack              pid-26981                            V  obtainBuffer(128) returned 128 = 128 + 0 err 0
2022-12-25 18:47:47.435 26981-27064 AudioTrack              pid-26981                            V  obtainBuffer(192) returned 192 = 192 + 0 err 0
2022-12-25 18:47:47.507 26981-27064 chatty                  pid-26981                            I  uid=10213(com.inforcegames.app3dmodelling) AudioTrack identical 18 lines
2022-12-25 18:47:47.511 26981-27064 AudioTrack              pid-26981                            V  obtainBuffer(192) returned 192 = 192 + 0 err 0
2022-12-25 18:47:47.515 26981-27064 AudioTrack              pid-26981                            V  obtainBuffer(192) returned 192 = 128 + 64 err 0
2022-12-25 18:47:47.515 26981-27064 AudioTrack              pid-26981                            V  obtainBuffer(64) returned 64 = 64 + 0 err 0
2022-12-25 18:47:47.519 26981-27064 AudioTrack              pid-26981                            V  obtainBuffer(192) returned 192 = 192 + 0 err 0
2022-12-25 18:47:47.551 26981-27064 chatty                  pid-26981                            I  uid=10213(com.inforcegames.app3dmodelling) AudioTrack identical 8 lines
2022-12-25 18:47:47.555 26981-27064 AudioTrack              pid-26981                            V  obtainBuffer(192) returned 192 = 192 + 0 err 0
2022-12-25 18:47:47.559 26981-27064 AudioTrack              pid-26981                            V  obtainBuffer(192) returned 192 = 64 + 128 err 0
2022-12-25 18:47:47.559 26981-27064 AudioTrack              pid-26981                            V  obtainBuffer(128) returned 128 = 128 + 0 err 0
2022-12-25 18:47:47.563 26981-27064 AudioTrack              pid-26981                            V  obtainBuffer(192) returned 192 = 192 + 0 err 0
2022-12-25 18:47:47.635 26981-27064 chatty                  pid-26981                            I  uid=10213(com.inforcegames.app3dmodelling) AudioTrack identical 18 lines
2022-12-25 18:47:47.639 26981-27064 AudioTrack              pid-26981                            V  obtainBuffer(192) returned 192 = 192 + 0 err 0
2022-12-25 18:47:47.643 26981-27064 AudioTrack              pid-26981                            V  obtainBuffer(192) returned 192 = 128 + 64 err 0
2022-12-25 18:47:47.643 26981-27064 AudioTrack              pid-26981                            V  obtainBuffer(64) returned 64 = 64 + 0 err 0
2022-12-25 18:47:47.647 26981-27064 AudioTrack              pid-26981                            V  obtainBuffer(192) returned 192 = 192 + 0 err 0
2022-12-25 18:47:47.679 26981-27064 chatty                  pid-26981                            I  uid=10213(com.inforcegames.app3dmodelling) AudioTrack identical 8 lines
2022-12-25 18:47:47.683 26981-27064 AudioTrack              pid-26981                            V  obtainBuffer(192) returned 192 = 192 + 0 err 0
2022-12-25 18:47:47.687 26981-27064 AudioTrack              pid-26981                            V  obtainBuffer(192) returned 192 = 64 + 128 err 0
