2022-12-26 16:15:14.264 11359-11459 AudioTrack              pid-11359                            V  obtainBuffer(192) returned 192 = 192 + 0 err 0
2022-12-26 16:15:14.296 11359-11459 chatty                  pid-11359                            I  uid=10213(com.inforcegames.app3dmodelling) AudioTrack identical 8 lines
2022-12-26 16:15:14.300 11359-11459 AudioTrack              pid-11359                            V  obtainBuffer(192) returned 192 = 192 + 0 err 0
2022-12-26 16:15:14.304 11359-11459 AudioTrack              pid-11359                            V  obtainBuffer(192) returned 192 = 64 + 128 err 0
2022-12-26 16:15:14.305 11359-11459 AudioTrack              pid-11359                            V  obtainBuffer(128) returned 128 = 128 + 0 err 0
2022-12-26 16:15:14.308 11359-11459 AudioTrack              pid-11359                            V  obtainBuffer(192) returned 192 = 192 + 0 err 0
2022-12-26 16:15:14.380 11359-11459 chatty                  pid-11359                            I  uid=10213(com.inforcegames.app3dmodelling) AudioTrack identical 18 lines
2022-12-26 16:15:14.384 11359-11459 AudioTrack              pid-11359                            V  obtainBuffer(192) returned 192 = 192 + 0 err 0
2022-12-26 16:15:14.389 11359-11459 AudioTrack              pid-11359                            V  obtainBuffer(192) returned 192 = 128 + 64 err 0
2022-12-26 16:15:14.389 11359-11459 AudioTrack              pid-11359                            V  obtainBuffer(64) returned 64 = 64 + 0 err 0
2022-12-26 16:15:14.393 11359-11459 AudioTrack              pid-11359                            V  obtainBuffer(192) returned 192 = 192 + 0 err 0
2022-12-26 16:15:14.425 11359-11459 chatty                  pid-11359                            I  uid=10213(com.inforcegames.app3dmodelling) AudioTrack identical 8 lines
2022-12-26 16:15:14.429 11359-11459 AudioTrack              pid-11359                            V  obtainBuffer(192) returned 192 = 192 + 0 err 0
2022-12-26 16:15:14.433 11359-11459 AudioTrack              pid-11359                            V  obtainBuffer(192) returned 192 = 64 + 128 err 0
2022-12-26 16:15:14.433 11359-11459 AudioTrack              pid-11359                            V  obtainBuffer(128) returned 128 = 128 + 0 err 0
2022-12-26 16:15:14.437 11359-11459 AudioTrack              pid-11359                            V  obtainBuffer(192) returned 192 = 192 + 0 err 0
2022-12-26 16:15:14.509 11359-11459 chatty                  pid-11359                            I  uid=10213(com.inforcegames.app3dmodelling) AudioTrack identical 18 lines
2022-12-26 16:15:14.513 11359-11459 AudioTrack              pid-11359                            V  obtainBuffer(192) returned 192 = 192 + 0 err 0
2022-12-26 16:15:14.516 11359-11459 AudioTrack              pid-11359                            V  obtainBuffer(192) returned 192 = 128 + 64 err 0
2022-12-26 16:15:14.516 11359-11459 AudioTrack              pid-11359                            V  obtainBuffer(64) returned 64 = 64 + 0 err 0
2022-12-26 16:15:14.520 11359-11459 AudioTrack              pid-11359                            V  obtainBuffer(192) returned 192 = 192 + 0 err 0
2022-12-26 16:15:14.553 11359-11459 chatty                  pid-11359                            I  uid=10213(com.inforcegames.app3dmodelling) AudioTrack identical 8 lines
2022-12-26 16:15:14.556 11359-11459 AudioTrack              pid-11359                            V  obtainBuffer(192) returned 192 = 192 + 0 err 0
2022-12-26 16:15:14.560 11359-11459 AudioTrack              pid-11359                            V  obtainBuffer(192) returned 192 = 64 + 128 err 0
2022-12-26 16:15:14.560 11359-11459 AudioTrack              pid-11359                            V  obtainBuffer(128) returned 128 = 128 + 0 err 0
2022-12-26 16:15:14.565 11359-11459 AudioTrack              pid-11359                            V  obtainBuffer(192) returned 192 = 192 + 0 err 0
2022-12-26 16:15:14.568 11359-11459 chatty                  pid-11359                            I  uid=10213(com.inforcegames.app3dmodelling) AudioTrack identical 1 line
2022-12-26 16:15:14.572 11359-11459 AudioTrack              pid-11359                            V  obtainBuffer(192) returned 192 = 192 + 0 err 0
2022-12-26 16:15:14.574 13316-13371 MobileSignalController  pid-13316                            D  onSignalStrengthsChanged: SignalStrength: 99 0 -120 -160 -120 -160 -1 31 -87 -18 182 2147483647 0 2147483647 99 255 2147483647 gsm|lte use_rsrp_and_rssnr_for_lte_level  [-120, -115, -110, -105, -97] [-115, -105, -95, -85]
2022-12-26 16:15:14.575 13316-13371 NetworkCon...troller(1) pid-13316                            D  4G level = 5
2022-12-26 16:15:14.576 11359-11459 AudioTrack              pid-11359                            V  obtainBuffer(192) returned 192 = 192 + 0 err 0
2022-12-26 16:15:14.636 11359-11459 chatty                  pid-11359                            I  uid=10213(com.inforcegames.app3dmodelling) AudioTrack identical 15 lines
2022-12-26 16:15:14.641 11359-11459 AudioTrack              pid-11359                            V  obtainBuffer(192) returned 192 = 192 + 0 err 0
2022-12-26 16:15:14.644 11359-11459 AudioTrack              pid-11359                            V  obtainBuffer(192) returned 192 = 128 + 64 err 0
2022-12-26 16:15:14.645 11359-11459 AudioTrack              pid-11359                            V  obtainBuffer(64) returned 64 = 64 + 0 err 0
2022-12-26 16:15:14.649 11359-11459 AudioTrack              pid-11359                            V  obtainBuffer(192) returned 192 = 192 + 0 err 0
2022-12-26 16:15:14.681 11359-11459 chatty                  pid-11359                            I  uid=10213(com.inforcegames.app3dmodelling) AudioTrack identical 8 lines
2022-12-26 16:15:14.684 11359-11459 AudioTrack              pid-11359                            V  obtainBuffer(192) returned 192 = 192 + 0 err 0
2022-12-26 16:15:14.689 11359-11459 AudioTrack              pid-11359                            V  obtainBuffer(192) returned 192 = 64 + 128 err 0
2022-12-26 16:15:14.689 11359-11459 AudioTrack              pid-11359                            V  obtainBuffer(128) returned 128 = 128 + 0 err 0
2022-12-26 16:15:14.693 11359-11459 AudioTrack              pid-11359                            V  obtainBuffer(192) returned 192 = 192 + 0 err 0
2022-12-26 16:15:14.765 11359-11459 chatty                  pid-11359                            I  uid=10213(com.inforcegames.app3dmodelling) AudioTrack identical 18 lines
2022-12-26 16:15:14.768 11359-11459 AudioTrack              pid-11359                            V  obtainBuffer(192) returned 192 = 192 + 0 err 0
2022-12-26 16:15:14.772  1302-1462  ThermalEngine           pid-1302                             D  sensor_wait: msm_therm Wait done.
2022-12-26 16:15:14.773 11359-11459 AudioTrack              pid-11359                            V  obtainBuffer(192) returned 192 = 128 + 64 err 0
2022-12-26 16:15:14.773 11359-11459 AudioTrack              pid-11359                            V  obtainBuffer(64) returned 64 = 64 + 0 err 0
2022-12-26 16:15:14.774  1302-1462  ThermalEngine           pid-1302                             D  sensor_monitor: msm_therm Reading 35000 .
2022-12-26 16:15:14.774  1302-1462  ThermalEngine           pid-1302                             I  Sensor:msm_therm:35000 mC
2022-12-26 16:15:14.774  1302-1462  ThermalEngine           pid-1302                             D  update_active_thresh: msm_therm Active(1), Hi(1) 44000, Lo(0) -2147483648, desc(0) Interval(1) 1000
2022-12-26 16:15:14.774  1302-1462  ThermalEngine           pid-1302                             D  sensor_monitor: msm_therm Sensor wait.
2022-12-26 16:15:14.774  1302-1462  ThermalEngine           pid-1302                             D  sensor_wait: msm_therm Wait start. 1000ms
2022-12-26 16:15:14.776 11359-11459 AudioTrack              pid-11359                            V  obtainBuffer(192) returned 192 = 192 + 0 err 0
2022-12-26 16:15:14.780  1302-1463  ThermalEngine           pid-1302                             D  sensor_wait: quiet_therm Wait done.
2022-12-26 16:15:14.781 11359-11459 AudioTrack              pid-11359                            V  obtainBuffer(192) returned 192 = 192 + 0 err 0
2022-12-26 16:15:14.781  1302-1463  ThermalEngine           pid-1302                             D  sensor_monitor: quiet_therm Reading 35000 .
2022-12-26 16:15:14.781  1302-1463  ThermalEngine           pid-1302                             I  Sensor:quiet_therm:35000 mC
2022-12-26 16:15:14.782  1302-1463  ThermalEngine           pid-1302                             D  update_active_thresh: quiet_therm Active(1), Hi(1) 40000, Lo(0) -2147483648, desc(0) Interval(1) 1000
2022-12-26 16:15:14.782  1302-1463  ThermalEngine           pid-1302                             D  sensor_monitor: quiet_therm Sensor wait.
2022-12-26 16:15:14.782  1302-1463  ThermalEngine           pid-1302                             D  sensor_wait: quiet_therm Wait start. 1000ms
2022-12-26 16:15:14.784 11359-11459 AudioTrack              pid-11359                            V  obtainBuffer(192) returned 192 = 192 + 0 err 0
2022-12-26 16:15:14.808 11359-11459 chatty                  pid-11359                            I  uid=10213(com.inforcegames.app3dmodelling) AudioTrack identical 6 lines
2022-12-26 16:15:14.813 11359-11459 AudioTrack              pid-11359                            V  obtainBuffer(192) returned 192 = 192 + 0 err 0
2022-12-26 16:15:14.816 11359-11459 AudioTrack              pid-11359                            V  obtainBuffer(192) returned 192 = 64 + 128 err 0
2022-12-26 16:15:14.817 11359-11459 AudioTrack              pid-11359                            V  obtainBuffer(128) returned 128 = 128 + 0 err 0
2022-12-26 16:15:14.820 11359-11459 AudioTrack              pid-11359                            V  obtainBuffer(192) returned 192 = 192 + 0 err 0
2022-12-26 16:15:14.865 11359-11459 chatty                  pid-11359                            I  uid=10213(com.inforcegames.app3dmodelling) AudioTrack identical 11 lines
2022-12-26 16:15:14.868 11359-11459 AudioTrack              pid-11359                            V  obtainBuffer(192) returned 192 = 192 + 0 err 0
2022-12-26 16:15:14.869  1302-1457  ThermalEngine           pid-1302                             D  sensor_wait: backlight_therm Wait done.
2022-12-26 16:15:14.870  1302-1457  ThermalEngine           pid-1302                             D  sensor_monitor: backlight_therm Reading 32000 .
2022-12-26 16:15:14.870  1302-1457  ThermalEngine           pid-1302                             I  Sensor:backlight_therm:32000 mC
2022-12-26 16:15:14.870  1302-1457  ThermalEngine           pid-1302                             D  update_active_thresh: backlight_therm Active(1), Hi(1) 45000, Lo(0) -2147483648, desc(0) Interval(1) 2000
2022-12-26 16:15:14.870  1302-1457  ThermalEngine           pid-1302                             D  sensor_monitor: backlight_therm Sensor wait.
2022-12-26 16:15:14.870  1302-1457  ThermalEngine           pid-1302                             D  sensor_wait: backlight_therm Wait start. 2000ms
2022-12-26 16:15:14.872 11359-11459 AudioTrack              pid-11359                            V  obtainBuffer(192) returned 192 = 192 + 0 err 0
2022-12-26 16:15:14.892 11359-11459 chatty                  pid-11359                            I  uid=10213(com.inforcegames.app3dmodelling) AudioTrack identical 5 lines
2022-12-26 16:15:14.896 11359-11459 AudioTrack              pid-11359                            V  obtainBuffer(192) returned 192 = 192 + 0 err 0
2022-12-26 16:15:14.900 11359-11459 AudioTrack              pid-11359                            V  obtainBuffer(192) returned 192 = 128 + 64 err 0
2022-12-26 16:15:14.900 11359-11459 AudioTrack              pid-11359                            V  obtainBuffer(64) returned 64 = 64 + 0 err 0
2022-12-26 16:15:14.905 11359-11459 AudioTrack              pid-11359                            V  obtainBuffer(192) returned 192 = 192 + 0 err 0
2022-12-26 16:15:14.936 11359-11459 chatty                  pid-11359                            I  uid=10213(com.inforcegames.app3dmodelling) AudioTrack identical 8 lines
2022-12-26 16:15:14.941 11359-11459 AudioTrack              pid-11359                            V  obtainBuffer(192) returned 192 = 192 + 0 err 0
2022-12-26 16:15:14.945 11359-11459 AudioTrack              pid-11359                            V  obtainBuffer(192) returned 192 = 64 + 128 err 0
2022-12-26 16:15:14.945 11359-11459 AudioTrack              pid-11359                            V  obtainBuffer(128) returned 128 = 128 + 0 err 0
2022-12-26 16:15:14.949 11359-11459 AudioTrack              pid-11359                            V  obtainBuffer(192) returned 192 = 192 + 0 err 0
2022-12-26 16:15:15.020 11359-11459 chatty                  pid-11359                            I  uid=10213(com.inforcegames.app3dmodelling) AudioTrack identical 18 lines
2022-12-26 16:15:15.026 11359-11459 AudioTrack              pid-11359                            V  obtainBuffer(192) returned 192 = 192 + 0 err 0
2022-12-26 16:15:15.029 11359-11459 AudioTrack              pid-11359                            V  obtainBuffer(192) returned 192 = 128 + 64 err 0
2022-12-26 16:15:15.029 11359-11459 AudioTrack              pid-11359                            V  obtainBuffer(64) returned 64 = 64 + 0 err 0
2022-12-26 16:15:15.032 11359-11459 AudioTrack              pid-11359                            V  obtainBuffer(192) returned 192 = 192 + 0 err 0
2022-12-26 16:15:15.064 11359-11459 chatty                  pid-11359                            I  uid=10213(com.inforcegames.app3dmodelling) AudioTrack identical 8 lines
2022-12-26 16:15:15.069 11359-11459 AudioTrack              pid-11359                            V  obtainBuffer(192) returned 192 = 192 + 0 err 0
2022-12-26 16:15:15.072 11359-11459 AudioTrack              pid-11359                            V  obtainBuffer(192) returned 192 = 64 + 128 err 0
2022-12-26 16:15:15.072 11359-11459 AudioTrack              pid-11359                            V  obtainBuffer(128) returned 128 = 128 + 0 err 0
2022-12-26 16:15:15.076 11359-11459 AudioTrack              pid-11359                            V  obtainBuffer(192) returned 192 = 192 + 0 err 0
2022-12-26 16:15:15.085 14417-14417 linker                  pid-14417                            A  CANNOT LINK EXECUTABLE "/system/bin/dpmd": "/system/lib64/libdpmframework.so" is 32-bit instead of 64-bit
2022-12-26 16:15:15.148 11359-11459 chatty                  pid-11359                            I  uid=10213(com.inforcegames.app3dmodelling) AudioTrack identical 18 lines
2022-12-26 16:15:15.152 11359-11459 AudioTrack              pid-11359                            V  obtainBuffer(192) returned 192 = 192 + 0 err 0
2022-12-26 16:15:15.156 11359-11459 AudioTrack              pid-11359                            V  obtainBuffer(192) returned 192 = 128 + 64 err 0
2022-12-26 16:15:15.156 11359-11459 AudioTrack              pid-11359                            V  obtainBuffer(64) returned 64 = 64 + 0 err 0
2022-12-26 16:15:15.160 11359-11459 AudioTrack              pid-11359                            V  obtainBuffer(192) returned 192 = 192 + 0 err 0
2022-12-26 16:15:15.192 11359-11459 chatty                  pid-11359                            I  uid=10213(com.inforcegames.app3dmodelling) AudioTrack identical 8 lines
2022-12-26 16:15:15.197 11359-11459 AudioTrack              pid-11359                            V  obtainBuffer(192) returned 192 = 192 + 0 err 0
2022-12-26 16:15:15.200 11359-11459 AudioTrack              pid-11359                            V  obtainBuffer(192) returned 192 = 64 + 128 err 0
2022-12-26 16:15:15.200 11359-11459 AudioTrack              pid-11359                            V  obtainBuffer(128) returned 128 = 128 + 0 err 0
2022-12-26 16:15:15.205 11359-11459 AudioTrack              pid-11359                            V  obtainBuffer(192) returned 192 = 192 + 0 err 0
2022-12-26 16:15:15.277 11359-11459 chatty                  pid-11359                            I  uid=10213(com.inforcegames.app3dmodelling) AudioTrack identical 18 lines
2022-12-26 16:15:15.282 11359-11459 AudioTrack              pid-11359                            V  obtainBuffer(192) returned 192 = 192 + 0 err 0
2022-12-26 16:15:15.285 11359-11459 AudioTrack              pid-11359                            V  obtainBuffer(192) returned 192 = 128 + 64 err 0
2022-12-26 16:15:15.285 11359-11459 AudioTrack              pid-11359                            V  obtainBuffer(64) returned 64 = 64 + 0 err 0
2022-12-26 16:15:15.289 11359-11459 AudioTrack              pid-11359                            V  obtainBuffer(192) returned 192 = 192 + 0 err 0
2022-12-26 16:15:15.320 11359-11459 chatty                  pid-11359                            I  uid=10213(com.inforcegames.app3dmodelling) AudioTrack identical 8 lines
2022-12-26 16:15:15.324 11359-11459 AudioTrack              pid-11359                            V  obtainBuffer(192) returned 192 = 192 + 0 err 0
2022-12-26 16:15:15.329 11359-11459 AudioTrack              pid-11359                            V  obtainBuffer(192) returned 192 = 64 + 128 err 0
2022-12-26 16:15:15.329 11359-11459 AudioTrack              pid-11359                            V  obtainBuffer(128) returned 128 = 128 + 0 err 0
2022-12-26 16:15:15.333 11359-11459 AudioTrack              pid-11359                            V  obtainBuffer(192) returned 192 = 192 + 0 err 0
2022-12-26 16:15:15.353 11359-11459 chatty                  pid-11359                            I  uid=10213(com.inforcegames.app3dmodelling) AudioTrack identical 5 lines
2022-12-26 16:15:15.356 11359-11459 AudioTrack              pid-11359                            V  obtainBuffer(192) returned 192 = 192 + 0 err 0
2022-12-26 16:15:15.359 13316-13316 SignalClusterView       pid-13316                            D  updateMobileTypeImage  0
2022-12-26 16:15:15.360 11359-11459 AudioTrack              pid-11359                            V  obtainBuffer(192) returned 192 = 192 + 0 err 0
2022-12-26 16:15:15.361 13316-13316 SignalClusterView       pid-13316                            D  updateMobileTypeImage  0
2022-12-26 16:15:15.362 13316-13316 SignalClusterView       pid-13316                            D  updateMobileTypeImage  0
2022-12-26 16:15:15.365 11359-11459 AudioTrack              pid-11359                            V  obtainBuffer(192) returned 192 = 192 + 0 err 0
2022-12-26 16:15:15.405 11359-11459 chatty                  pid-11359                            I  uid=10213(com.inforcegames.app3dmodelling) AudioTrack identical 10 lines
2022-12-26 16:15:15.409 11359-11459 AudioTrack              pid-11359                            V  obtainBuffer(192) returned 192 = 192 + 0 err 0
2022-12-26 16:15:15.413 11359-11459 AudioTrack              pid-11359                            V  obtainBuffer(192) returned 192 = 128 + 64 err 0
2022-12-26 16:15:15.413 11359-11459 AudioTrack              pid-11359                            V  obtainBuffer(64) returned 64 = 64 + 0 err 0
2022-12-26 16:15:15.417 11359-11459 AudioTrack              pid-11359                            V  obtainBuffer(192) returned 192 = 192 + 0 err 0
2022-12-26 16:15:15.449 11359-11459 chatty                  pid-11359                            I  uid=10213(com.inforcegames.app3dmodelling) AudioTrack identical 8 lines
2022-12-26 16:15:15.452 11359-11459 AudioTrack              pid-11359                            V  obtainBuffer(192) returned 192 = 192 + 0 err 0
2022-12-26 16:15:15.457 11359-11459 AudioTrack              pid-11359                            V  obtainBuffer(192) returned 192 = 64 + 128 err 0
2022-12-26 16:15:15.457 11359-11459 AudioTrack              pid-11359                            V  obtainBuffer(128) returned 128 = 128 + 0 err 0
2022-12-26 16:15:15.461 11359-11459 AudioTrack              pid-11359                            V  obtainBuffer(192) returned 192 = 192 + 0 err 0
2022-12-26 16:15:15.533 11359-11459 chatty                  pid-11359                            I  uid=10213(com.inforcegames.app3dmodelling) AudioTrack identical 18 lines
2022-12-26 16:15:15.537 11359-11459 AudioTrack              pid-11359                            V  obtainBuffer(192) returned 192 = 192 + 0 err 0
2022-12-26 16:15:15.540   688-2399  audio_hw_spkr_prot      pid-688                              D  audio_extn_fbsp_get_parameters: Speaker protection disabled
2022-12-26 16:15:15.540   688-2399  audio_hw_extn           pid-688                              D  audio_extn_get_parameters: returns 
2022-12-26 16:15:15.540   743-8567  hash_map_utils          pid-743                              I  key: 'hifi_mode' value: ''
2022-12-26 16:15:15.541 11359-11459 AudioTrack              pid-11359                            V  obtainBuffer(192) returned 192 = 128 + 64 err 0
2022-12-26 16:15:15.541 11359-11459 AudioTrack              pid-11359                            V  obtainBuffer(64) returned 64 = 64 + 0 err 0
2022-12-26 16:15:15.544 11359-13070 AudioManager            pid-11359                            D  getStreamVolume isRestricted mode = 0
2022-12-26 16:15:15.546 11359-11459 AudioTrack              pid-11359                            V  obtainBuffer(192) returned 192 = 192 + 0 err 0
2022-12-26 16:15:15.546   688-2399  audio_hw_spkr_prot      pid-688                              D  audio_extn_fbsp_get_parameters: Speaker protection disabled
2022-12-26 16:15:15.547   688-2399  audio_hw_extn           pid-688                              D  audio_extn_get_parameters: returns 
2022-12-26 16:15:15.547   743-8567  hash_map_utils          pid-743                              I  key: 'hifi_mode' value: ''
2022-12-26 16:15:15.548 11359-11459 AudioTrack              pid-11359                            V  obtainBuffer(192) returned 192 = 192 + 0 err 0
2022-12-26 16:15:15.577 11359-11459 chatty                  pid-11359                            I  uid=10213(com.inforcegames.app3dmodelling) AudioTrack identical 7 lines
2022-12-26 16:15:15.580 11359-11459 AudioTrack              pid-11359                            V  obtainBuffer(192) returned 192 = 192 + 0 err 0
2022-12-26 16:15:15.585 11359-11459 AudioTrack              pid-11359                            V  obtainBuffer(192) returned 192 = 64 + 128 err 0
2022-12-26 16:15:15.585 11359-11459 AudioTrack              pid-11359                            V  obtainBuffer(128) returned 128 = 128 + 0 err 0
2022-12-26 16:15:15.588 11359-11459 AudioTrack              pid-11359                            V  obtainBuffer(192) returned 192 = 192 + 0 err 0
2022-12-26 16:15:15.661 11359-11459 chatty                  pid-11359                            I  uid=10213(com.inforcegames.app3dmodelling) AudioTrack identical 18 lines
2022-12-26 16:15:15.664 11359-11459 AudioTrack              pid-11359                            V  obtainBuffer(192) returned 192 = 192 + 0 err 0
2022-12-26 16:15:15.668 11359-11459 AudioTrack              pid-11359                            V  obtainBuffer(192) returned 192 = 128 + 64 err 0
2022-12-26 16:15:15.668 11359-11459 AudioTrack              pid-11359                            V  obtainBuffer(64) returned 64 = 64 + 0 err 0
2022-12-26 16:15:15.672 11359-11459 AudioTrack              pid-11359                            V  obtainBuffer(192) returned 192 = 192 + 0 err 0
2022-12-26 16:15:15.704 11359-11459 chatty                  pid-11359                            I  uid=10213(com.inforcegames.app3dmodelling) AudioTrack identical 8 lines
2022-12-26 16:15:15.709 11359-11459 AudioTrack              pid-11359                            V  obtainBuffer(192) returned 192 = 192 + 0 err 0
2022-12-26 16:15:15.713 11359-11459 AudioTrack              pid-11359                            V  obtainBuffer(192) returned 192 = 64 + 128 err 0
2022-12-26 16:15:15.713 11359-11459 AudioTrack              pid-11359                            V  obtainBuffer(128) returned 128 = 128 + 0 err 0
2022-12-26 16:15:15.716 11359-11459 AudioTrack              pid-11359                            V  obtainBuffer(192) returned 192 = 192 + 0 err 0
2022-12-26 16:15:15.769 11359-11459 chatty                  pid-11359                            I  uid=10213(com.inforcegames.app3dmodelling) AudioTrack identical 13 lines
2022-12-26 16:15:15.773 11359-11459 AudioTrack              pid-11359                            V  obtainBuffer(192) returned 192 = 192 + 0 err 0
2022-12-26 16:15:15.775  1302-1462  ThermalEngine           pid-1302                             D  sensor_wait: msm_therm Wait done.
2022-12-26 16:15:15.777 11359-11459 AudioTrack              pid-11359                            V  obtainBuffer(192) returned 192 = 192 + 0 err 0
2022-12-26 16:15:15.777  1302-1462  ThermalEngine           pid-1302                             D  sensor_monitor: msm_therm Reading 35000 .
2022-12-26 16:15:15.777  1302-1462  ThermalEngine           pid-1302                             I  Sensor:msm_therm:35000 mC
2022-12-26 16:15:15.777  1302-1462  ThermalEngine           pid-1302                             D  update_active_thresh: msm_therm Active(1), Hi(1) 44000, Lo(0) -2147483648, desc(0) Interval(1) 1000
2022-12-26 16:15:15.777  1302-1462  ThermalEngine           pid-1302                             D  sensor_monitor: msm_therm Sensor wait.
2022-12-26 16:15:15.777  1302-1462  ThermalEngine           pid-1302                             D  sensor_wait: msm_therm Wait start. 1000ms
2022-12-26 16:15:15.780 11359-11459 AudioTrack              pid-11359                            V  obtainBuffer(192) returned 192 = 192 + 0 err 0
2022-12-26 16:15:15.782  1302-1463  ThermalEngine           pid-1302                             D  sensor_wait: quiet_therm Wait done.
2022-12-26 16:15:15.783  1302-1463  ThermalEngine           pid-1302                             D  sensor_monitor: quiet_therm Reading 35000 .
2022-12-26 16:15:15.783  1302-1463  ThermalEngine           pid-1302                             I  Sensor:quiet_therm:35000 mC
2022-12-26 16:15:15.783  1302-1463  ThermalEngine           pid-1302                             D  update_active_thresh: quiet_therm Active(1), Hi(1) 40000, Lo(0) -2147483648, desc(0) Interval(1) 1000
2022-12-26 16:15:15.783  1302-1463  ThermalEngine           pid-1302                             D  sensor_monitor: quiet_therm Sensor wait.
2022-12-26 16:15:15.783  1302-1463  ThermalEngine           pid-1302                             D  sensor_wait: quiet_therm Wait start. 1000ms
2022-12-26 16:15:15.785 11359-11459 AudioTrack              pid-11359                            V  obtainBuffer(192) returned 192 = 192 + 0 err 0
2022-12-26 16:15:15.789 11359-11459 chatty                  pid-11359                            I  uid=10213(com.inforcegames.app3dmodelling) AudioTrack identical 1 line
2022-12-26 16:15:15.793 11359-11459 AudioTrack              pid-11359                            V  obtainBuffer(192) returned 192 = 192 + 0 err 0
2022-12-26 16:15:15.796 11359-11459 AudioTrack              pid-11359                            V  obtainBuffer(192) returned 192 = 128 + 64 err 0
2022-12-26 16:15:15.796 11359-11459 AudioTrack              pid-11359                            V  obtainBuffer(64) returned 64 = 64 + 0 err 0
2022-12-26 16:15:15.800 11359-11459 AudioTrack              pid-11359                            V  obtainBuffer(192) returned 192 = 192 + 0 err 0
2022-12-26 16:15:15.833 11359-11459 chatty                  pid-11359                            I  uid=10213(com.inforcegames.app3dmodelling) AudioTrack identical 8 lines
2022-12-26 16:15:15.837 11359-11459 AudioTrack              pid-11359                            V  obtainBuffer(192) returned 192 = 192 + 0 err 0
2022-12-26 16:15:15.840 11359-11459 AudioTrack              pid-11359                            V  obtainBuffer(192) returned 192 = 64 + 128 err 0
2022-12-26 16:15:15.840 11359-11459 AudioTrack              pid-11359                            V  obtainBuffer(128) returned 128 = 128 + 0 err 0
2022-12-26 16:15:15.845 11359-11459 AudioTrack              pid-11359                            V  obtainBuffer(192) returned 192 = 192 + 0 err 0
2022-12-26 16:15:15.917 11359-11459 chatty                  pid-11359                            I  uid=10213(com.inforcegames.app3dmodelling) AudioTrack identical 18 lines
2022-12-26 16:15:15.921 11359-11459 AudioTrack              pid-11359                            V  obtainBuffer(192) returned 192 = 192 + 0 err 0
2022-12-26 16:15:15.926 11359-11459 AudioTrack              pid-11359                            V  obtainBuffer(192) returned 192 = 128 + 64 err 0
2022-12-26 16:15:15.926 11359-11459 AudioTrack              pid-11359                            V  obtainBuffer(64) returned 64 = 64 + 0 err 0
2022-12-26 16:15:15.929 11359-11459 AudioTrack              pid-11359                            V  obtainBuffer(192) returned 192 = 192 + 0 err 0
2022-12-26 16:15:15.961 11359-11459 chatty                  pid-11359                            I  uid=10213(com.inforcegames.app3dmodelling) AudioTrack identical 8 lines
2022-12-26 16:15:15.964 11359-11459 AudioTrack              pid-11359                            V  obtainBuffer(192) returned 192 = 192 + 0 err 0
2022-12-26 16:15:15.969 11359-11459 AudioTrack              pid-11359                            V  obtainBuffer(192) returned 192 = 64 + 128 err 0
2022-12-26 16:15:15.969 11359-11459 AudioTrack              pid-11359                            V  obtainBuffer(128) returned 128 = 128 + 0 err 0
2022-12-26 16:15:15.973 11359-11459 AudioTrack              pid-11359                            V  obtainBuffer(192) returned 192 = 192 + 0 err 0
2022-12-26 16:15:16.045 11359-11459 chatty                  pid-11359                            I  uid=10213(com.inforcegames.app3dmodelling) AudioTrack identical 18 lines
2022-12-26 16:15:16.049 11359-11459 AudioTrack              pid-11359                            V  obtainBuffer(192) returned 192 = 192 + 0 err 0
2022-12-26 16:15:16.052 11359-11459 AudioTrack              pid-11359                            V  obtainBuffer(192) returned 192 = 128 + 64 err 0
2022-12-26 16:15:16.052 11359-11459 AudioTrack              pid-11359                            V  obtainBuffer(64) returned 64 = 64 + 0 err 0
2022-12-26 16:15:16.056 11359-11459 AudioTrack              pid-11359                            V  obtainBuffer(192) returned 192 = 192 + 0 err 0
2022-12-26 16:15:16.089 11359-11459 chatty                  pid-11359                            I  uid=10213(com.inforcegames.app3dmodelling) AudioTrack identical 8 lines
2022-12-26 16:15:16.092 11359-11459 AudioTrack              pid-11359                            V  obtainBuffer(192) returned 192 = 192 + 0 err 0
2022-12-26 16:15:16.097 11359-11459 AudioTrack              pid-11359                            V  obtainBuffer(192) returned 192 = 64 + 128 err 0
2022-12-26 16:15:16.097 11359-11459 AudioTrack              pid-11359                            V  obtainBuffer(128) returned 128 = 128 + 0 err 0
2022-12-26 16:15:16.101 11359-11459 AudioTrack              pid-11359                            V  obtainBuffer(192) returned 192 = 192 + 0 err 0
2022-12-26 16:15:16.173 11359-11459 chatty                  pid-11359                            I  uid=10213(com.inforcegames.app3dmodelling) AudioTrack identical 18 lines
2022-12-26 16:15:16.176 11359-11459 AudioTrack              pid-11359                            V  obtainBuffer(192) returned 192 = 192 + 0 err 0
2022-12-26 16:15:16.180 11359-11459 AudioTrack              pid-11359                            V  obtainBuffer(192) returned 192 = 128 + 64 err 0
2022-12-26 16:15:16.181 11359-11459 AudioTrack              pid-11359                            V  obtainBuffer(64) returned 64 = 64 + 0 err 0
2022-12-26 16:15:16.185 11359-11459 AudioTrack              pid-11359                            V  obtainBuffer(192) returned 192 = 192 + 0 err 0
2022-12-26 16:15:16.216 11359-11459 chatty                  pid-11359                            I  uid=10213(com.inforcegames.app3dmodelling) AudioTrack identical 8 lines
2022-12-26 16:15:16.221 11359-11459 AudioTrack              pid-11359                            V  obtainBuffer(192) returned 192 = 192 + 0 err 0
2022-12-26 16:15:16.225 11359-11459 AudioTrack              pid-11359                            V  obtainBuffer(192) returned 192 = 64 + 128 err 0
2022-12-26 16:15:16.225 11359-11459 AudioTrack              pid-11359                            V  obtainBuffer(128) returned 128 = 128 + 0 err 0
2022-12-26 16:15:16.228 11359-11459 AudioTrack              pid-11359                            V  obtainBuffer(192) returned 192 = 192 + 0 err 0
2022-12-26 16:15:16.300 11359-11459 chatty                  pid-11359                            I  uid=10213(com.inforcegames.app3dmodelling) AudioTrack identical 18 lines
2022-12-26 16:15:16.305 11359-11459 AudioTrack              pid-11359                            V  obtainBuffer(192) returned 192 = 192 + 0 err 0
2022-12-26 16:15:16.308 11359-11459 AudioTrack              pid-11359                            V  obtainBuffer(192) returned 192 = 128 + 64 err 0
2022-12-26 16:15:16.308 11359-11459 AudioTrack              pid-11359                            V  obtainBuffer(64) returned 64 = 64 + 0 err 0
2022-12-26 16:15:16.312 11359-11459 AudioTrack              pid-11359                            V  obtainBuffer(192) returned 192 = 192 + 0 err 0
2022-12-26 16:15:16.345 11359-11459 chatty                  pid-11359                            I  uid=10213(com.inforcegames.app3dmodelling) AudioTrack identical 8 lines
2022-12-26 16:15:16.348 11359-11459 AudioTrack              pid-11359                            V  obtainBuffer(192) returned 192 = 192 + 0 err 0
2022-12-26 16:15:16.352 11359-11459 AudioTrack              pid-11359                            V  obtainBuffer(192) returned 192 = 64 + 128 err 0
2022-12-26 16:15:16.352 11359-11459 AudioTrack              pid-11359                            V  obtainBuffer(128) returned 128 = 128 + 0 err 0
2022-12-26 16:15:16.356 11359-11459 AudioTrack              pid-11359                            V  obtainBuffer(192) returned 192 = 192 + 0 err 0
2022-12-26 16:15:16.429 11359-11459 chatty                  pid-11359                            I  uid=10213(com.inforcegames.app3dmodelling) AudioTrack identical 18 lines
2022-12-26 16:15:16.432 11359-11459 AudioTrack              pid-11359                            V  obtainBuffer(192) returned 192 = 192 + 0 err 0
2022-12-26 16:15:16.436  2820-5429  DPMJ                    pid-2820                             I  |REQ:RCVR| DPM creating socket
2022-12-26 16:15:16.436 11359-11459 AudioTrack              pid-11359                            V  obtainBuffer(192) returned 192 = 128 + 64 err 0
2022-12-26 16:15:16.436 11359-11459 AudioTrack              pid-11359                            V  obtainBuffer(64) returned 64 = 64 + 0 err 0
2022-12-26 16:15:16.440 11359-11459 AudioTrack              pid-11359                            V  obtainBuffer(192) returned 192 = 192 + 0 err 0
2022-12-26 16:15:16.472 11359-11459 chatty                  pid-11359                            I  uid=10213(com.inforcegames.app3dmodelling) AudioTrack identical 8 lines
2022-12-26 16:15:16.476 11359-11459 AudioTrack              pid-11359                            V  obtainBuffer(192) returned 192 = 192 + 0 err 0
2022-12-26 16:15:16.480 11359-11459 AudioTrack              pid-11359                            V  obtainBuffer(192) returned 192 = 64 + 128 err 0
2022-12-26 16:15:16.481 11359-11459 AudioTrack              pid-11359                            V  obtainBuffer(128) returned 128 = 128 + 0 err 0
2022-12-26 16:15:16.485 11359-11459 AudioTrack              pid-11359                            V  obtainBuffer(192) returned 192 = 192 + 0 err 0
2022-12-26 16:15:16.557 11359-11459 chatty                  pid-11359                            I  uid=10213(com.inforcegames.app3dmodelling) AudioTrack identical 18 lines
2022-12-26 16:15:16.562 11359-11459 AudioTrack              pid-11359                            V  obtainBuffer(192) returned 192 = 192 + 0 err 0
2022-12-26 16:15:16.564 11359-11459 AudioTrack              pid-11359                            V  obtainBuffer(192) returned 192 = 128 + 64 err 0
2022-12-26 16:15:16.565 11359-11459 AudioTrack              pid-11359                            V  obtainBuffer(64) returned 64 = 64 + 0 err 0
2022-12-26 16:15:16.569 11359-11459 AudioTrack              pid-11359                            V  obtainBuffer(192) returned 192 = 192 + 0 err 0
2022-12-26 16:15:16.601 11359-11459 chatty                  pid-11359                            I  uid=10213(com.inforcegames.app3dmodelling) AudioTrack identical 8 lines
2022-12-26 16:15:16.605 11359-11459 AudioTrack              pid-11359                            V  obtainBuffer(192) returned 192 = 192 + 0 err 0
2022-12-26 16:15:16.608 11359-11459 AudioTrack              pid-11359                            V  obtainBuffer(192) returned 192 = 64 + 128 err 0
2022-12-26 16:15:16.608 11359-11459 AudioTrack              pid-11359                            V  obtainBuffer(128) returned 128 = 128 + 0 err 0
2022-12-26 16:15:16.612 11359-11459 AudioTrack              pid-11359                            V  obtainBuffer(192) returned 192 = 192 + 0 err 0
2022-12-26 16:15:16.685 11359-11459 chatty                  pid-11359                            I  uid=10213(com.inforcegames.app3dmodelling) AudioTrack identical 18 lines
2022-12-26 16:15:16.689 11359-11459 AudioTrack              pid-11359                            V  obtainBuffer(192) returned 192 = 192 + 0 err 0
2022-12-26 16:15:16.692 11359-11459 AudioTrack              pid-11359                            V  obtainBuffer(192) returned 192 = 128 + 64 err 0
2022-12-26 16:15:16.692 11359-11459 AudioTrack              pid-11359                            V  obtainBuffer(64) returned 64 = 64 + 0 err 0
2022-12-26 16:15:16.697 11359-11459 AudioTrack              pid-11359                            V  obtainBuffer(192) returned 192 = 192 + 0 err 0
2022-12-26 16:15:16.728 11359-11459 chatty                  pid-11359                            I  uid=10213(com.inforcegames.app3dmodelling) AudioTrack identical 8 lines
2022-12-26 16:15:16.733 11359-11459 AudioTrack              pid-11359                            V  obtainBuffer(192) returned 192 = 192 + 0 err 0
2022-12-26 16:15:16.737 11359-11459 AudioTrack              pid-11359                            V  obtainBuffer(192) returned 192 = 64 + 128 err 0
2022-12-26 16:15:16.737 11359-11459 AudioTrack              pid-11359                            V  obtainBuffer(128) returned 128 = 128 + 0 err 0
2022-12-26 16:15:16.741 11359-11459 AudioTrack              pid-11359                            V  obtainBuffer(192) returned 192 = 192 + 0 err 0
2022-12-26 16:15:16.772 11359-11459 chatty                  pid-11359                            I  uid=10213(com.inforcegames.app3dmodelling) AudioTrack identical 8 lines
2022-12-26 16:15:16.776 11359-11459 AudioTrack              pid-11359                            V  obtainBuffer(192) returned 192 = 192 + 0 err 0
2022-12-26 16:15:16.778  1302-1462  ThermalEngine           pid-1302                             D  sensor_wait: msm_therm Wait done.
2022-12-26 16:15:16.780  1302-1462  ThermalEngine           pid-1302                             D  sensor_monitor: msm_therm Reading 35000 .
2022-12-26 16:15:16.780  1302-1462  ThermalEngine           pid-1302                             I  Sensor:msm_therm:35000 mC
2022-12-26 16:15:16.780  1302-1462  ThermalEngine           pid-1302                             D  update_active_thresh: msm_therm Active(1), Hi(1) 44000, Lo(0) -2147483648, desc(0) Interval(1) 1000
2022-12-26 16:15:16.780  1302-1462  ThermalEngine           pid-1302                             D  sensor_monitor: msm_therm Sensor wait.
2022-12-26 16:15:16.780  1302-1462  ThermalEngine           pid-1302                             D  sensor_wait: msm_therm Wait start. 1000ms
2022-12-26 16:15:16.780 11359-11459 AudioTrack              pid-11359                            V  obtainBuffer(192) returned 192 = 192 + 0 err 0
2022-12-26 16:15:16.783  1302-1463  ThermalEngine           pid-1302                             D  sensor_wait: quiet_therm Wait done.
2022-12-26 16:15:16.784 11359-11459 AudioTrack              pid-11359                            V  obtainBuffer(192) returned 192 = 192 + 0 err 0
2022-12-26 16:15:16.785  1302-1463  ThermalEngine           pid-1302                             D  sensor_monitor: quiet_therm Reading 35000 .
2022-12-26 16:15:16.785  1302-1463  ThermalEngine           pid-1302                             I  Sensor:quiet_therm:35000 mC
2022-12-26 16:15:16.785  1302-1463  ThermalEngine           pid-1302                             D  update_active_thresh: quiet_therm Active(1), Hi(1) 40000, Lo(0) -2147483648, desc(0) Interval(1) 1000
2022-12-26 16:15:16.785  1302-1463  ThermalEngine           pid-1302                             D  sensor_monitor: quiet_therm Sensor wait.
2022-12-26 16:15:16.785  1302-1463  ThermalEngine           pid-1302                             D  sensor_wait: quiet_therm Wait start. 1000ms
2022-12-26 16:15:16.788 11359-11459 AudioTrack              pid-11359                            V  obtainBuffer(192) returned 192 = 192 + 0 err 0
2022-12-26 16:15:16.812 11359-11459 chatty                  pid-11359                            I  uid=10213(com.inforcegames.app3dmodelling) AudioTrack identical 6 lines
2022-12-26 16:15:16.816 11359-11459 AudioTrack              pid-11359                            V  obtainBuffer(192) returned 192 = 192 + 0 err 0
2022-12-26 16:15:16.821 11359-11459 AudioTrack              pid-11359                            V  obtainBuffer(192) returned 192 = 128 + 64 err 0
2022-12-26 16:15:16.821 11359-11459 AudioTrack              pid-11359                            V  obtainBuffer(64) returned 64 = 64 + 0 err 0
2022-12-26 16:15:16.826 11359-11459 AudioTrack              pid-11359                            V  obtainBuffer(192) returned 192 = 192 + 0 err 0
2022-12-26 16:15:16.856 11359-11459 chatty                  pid-11359                            I  uid=10213(com.inforcegames.app3dmodelling) AudioTrack identical 8 lines
2022-12-26 16:15:16.861 11359-11459 AudioTrack              pid-11359                            V  obtainBuffer(192) returned 192 = 192 + 0 err 0
2022-12-26 16:15:16.864 11359-11459 AudioTrack              pid-11359                            V  obtainBuffer(192) returned 192 = 64 + 128 err 0
2022-12-26 16:15:16.864 11359-11459 AudioTrack              pid-11359                            V  obtainBuffer(128) returned 128 = 128 + 0 err 0
2022-12-26 16:15:16.869 11359-11459 AudioTrack              pid-11359                            V  obtainBuffer(192) returned 192 = 192 + 0 err 0
2022-12-26 16:15:16.870  1302-1457  ThermalEngine           pid-1302                             D  sensor_wait: backlight_therm Wait done.
2022-12-26 16:15:16.872  1302-1457  ThermalEngine           pid-1302                             D  sensor_monitor: backlight_therm Reading 32000 .
2022-12-26 16:15:16.872  1302-1457  ThermalEngine           pid-1302                             I  Sensor:backlight_therm:32000 mC
2022-12-26 16:15:16.872  1302-1457  ThermalEngine           pid-1302                             D  update_active_thresh: backlight_therm Active(1), Hi(1) 45000, Lo(0) -2147483648, desc(0) Interval(1) 2000
2022-12-26 16:15:16.872  1302-1457  ThermalEngine           pid-1302                             D  sensor_monitor: backlight_therm Sensor wait.
2022-12-26 16:15:16.872  1302-1457  ThermalEngine           pid-1302                             D  sensor_wait: backlight_therm Wait start. 2000ms
2022-12-26 16:15:16.872 11359-11459 AudioTrack              pid-11359                            V  obtainBuffer(192) returned 192 = 192 + 0 err 0
2022-12-26 16:15:16.940 11359-11459 chatty                  pid-11359                            I  uid=10213(com.inforcegames.app3dmodelling) AudioTrack identical 17 lines
2022-12-26 16:15:16.945 11359-11459 AudioTrack              pid-11359                            V  obtainBuffer(192) returned 192 = 192 + 0 err 0
2022-12-26 16:15:16.948 11359-11459 AudioTrack              pid-11359                            V  obtainBuffer(192) returned 192 = 128 + 64 err 0
2022-12-26 16:15:16.948 11359-11459 AudioTrack              pid-11359                            V  obtainBuffer(64) returned 64 = 64 + 0 err 0
2022-12-26 16:15:16.953 11359-11459 AudioTrack              pid-11359                            V  obtainBuffer(192) returned 192 = 192 + 0 err 0
2022-12-26 16:15:16.985 11359-11459 chatty                  pid-11359                            I  uid=10213(com.inforcegames.app3dmodelling) AudioTrack identical 8 lines
2022-12-26 16:15:16.989 11359-11459 AudioTrack              pid-11359                            V  obtainBuffer(192) returned 192 = 192 + 0 err 0
2022-12-26 16:15:16.993 11359-11459 AudioTrack              pid-11359                            V  obtainBuffer(192) returned 192 = 64 + 128 err 0
2022-12-26 16:15:16.993 11359-11459 AudioTrack              pid-11359                            V  obtainBuffer(128) returned 128 = 128 + 0 err 0
2022-12-26 16:15:16.996 11359-11459 AudioTrack              pid-11359                            V  obtainBuffer(192) returned 192 = 192 + 0 err 0
2022-12-26 16:15:17.021 11359-11459 chatty                  pid-11359                            I  uid=10213(com.inforcegames.app3dmodelling) AudioTrack identical 6 lines
2022-12-26 16:15:17.025 11359-11459 AudioTrack              pid-11359                            V  obtainBuffer(192) returned 192 = 192 + 0 err 0
2022-12-26 16:15:17.026 13316-13371 MobileSignalController  pid-13316                            D  onSignalStrengthsChanged: SignalStrength: 99 0 -120 -160 -120 -160 -1 30 -90 -16 198 2147483647 0 2147483647 99 255 2147483647 gsm|lte use_rsrp_and_rssnr_for_lte_level  [-120, -115, -110, -105, -97] [-115, -105, -95, -85]
2022-12-26 16:15:17.026 13316-13371 NetworkCon...troller(1) pid-13316                            D  4G level = 5
2022-12-26 16:15:17.030 11359-11459 AudioTrack              pid-11359                            V  obtainBuffer(192) returned 192 = 192 + 0 err 0
2022-12-26 16:15:17.069 11359-11459 chatty                  pid-11359                            I  uid=10213(com.inforcegames.app3dmodelling) AudioTrack identical 10 lines
2022-12-26 16:15:17.073 11359-11459 AudioTrack              pid-11359                            V  obtainBuffer(192) returned 192 = 192 + 0 err 0
2022-12-26 16:15:17.077 11359-11459 AudioTrack              pid-11359                            V  obtainBuffer(192) returned 192 = 128 + 64 err 0
2022-12-26 16:15:17.077 11359-11459 AudioTrack              pid-11359                            V  obtainBuffer(64) returned 64 = 64 + 0 err 0
2022-12-26 16:15:17.081 11359-11459 AudioTrack              pid-11359                            V  obtainBuffer(192) returned 192 = 192 + 0 err 0
2022-12-26 16:15:17.113 11359-11459 chatty                  pid-11359                            I  uid=10213(com.inforcegames.app3dmodelling) AudioTrack identical 8 lines
2022-12-26 16:15:17.117 11359-11459 AudioTrack              pid-11359                            V  obtainBuffer(192) returned 192 = 192 + 0 err 0
2022-12-26 16:15:17.121 11359-11459 AudioTrack              pid-11359                            V  obtainBuffer(192) returned 192 = 64 + 128 err 0
2022-12-26 16:15:17.121 11359-11459 AudioTrack              pid-11359                            V  obtainBuffer(128) returned 128 = 128 + 0 err 0
2022-12-26 16:15:17.125 11359-11459 AudioTrack              pid-11359                            V  obtainBuffer(192) returned 192 = 192 + 0 err 0
2022-12-26 16:15:17.197 11359-11459 chatty                  pid-11359                            I  uid=10213(com.inforcegames.app3dmodelling) AudioTrack identical 18 lines
2022-12-26 16:15:17.200 11359-11459 AudioTrack              pid-11359                            V  obtainBuffer(192) returned 192 = 192 + 0 err 0
2022-12-26 16:15:17.205 11359-11459 AudioTrack              pid-11359                            V  obtainBuffer(192) returned 192 = 128 + 64 err 0
2022-12-26 16:15:17.205 11359-11459 AudioTrack              pid-11359                            V  obtainBuffer(64) returned 64 = 64 + 0 err 0
2022-12-26 16:15:17.208 11359-11459 AudioTrack              pid-11359                            V  obtainBuffer(192) returned 192 = 192 + 0 err 0
2022-12-26 16:15:17.241 11359-11459 chatty                  pid-11359                            I  uid=10213(com.inforcegames.app3dmodelling) AudioTrack identical 8 lines
2022-12-26 16:15:17.245 11359-11459 AudioTrack              pid-11359                            V  obtainBuffer(192) returned 192 = 192 + 0 err 0
2022-12-26 16:15:17.248 11359-11459 AudioTrack              pid-11359                            V  obtainBuffer(192) returned 192 = 64 + 128 err 0
2022-12-26 16:15:17.248 11359-11459 AudioTrack              pid-11359                            V  obtainBuffer(128) returned 128 = 128 + 0 err 0
2022-12-26 16:15:17.253 11359-11459 AudioTrack              pid-11359                            V  obtainBuffer(192) returned 192 = 192 + 0 err 0
2022-12-26 16:15:17.325 11359-11459 chatty                  pid-11359                            I  uid=10213(com.inforcegames.app3dmodelling) AudioTrack identical 18 lines
