2022-12-26 16:15:17.329 11359-11459 AudioTrack              pid-11359                            V  obtainBuffer(192) returned 192 = 192 + 0 err 0
2022-12-26 16:15:17.333 11359-11459 AudioTrack              pid-11359                            V  obtainBuffer(192) returned 192 = 128 + 64 err 0
2022-12-26 16:15:17.333 11359-11459 AudioTrack              pid-11359                            V  obtainBuffer(64) returned 64 = 64 + 0 err 0
2022-12-26 16:15:17.336 11359-11459 AudioTrack              pid-11359                            V  obtainBuffer(192) returned 192 = 192 + 0 err 0
2022-12-26 16:15:17.361 11359-11459 chatty                  pid-11359                            I  uid=10213(com.inforcegames.app3dmodelling) AudioTrack identical 6 lines
2022-12-26 16:15:17.365 11359-11459 AudioTrack              pid-11359                            V  obtainBuffer(192) returned 192 = 192 + 0 err 0
2022-12-26 16:15:17.365 13316-13316 SignalClusterView       pid-13316                            D  updateMobileTypeImage  0
2022-12-26 16:15:17.366 13316-13316 chatty                  pid-13316                            I  uid=1000(system) com.android.systemui identical 1 line
2022-12-26 16:15:17.367 13316-13316 SignalClusterView       pid-13316                            D  updateMobileTypeImage  0
2022-12-26 16:15:17.369 11359-11459 AudioTrack              pid-11359                            V  obtainBuffer(192) returned 192 = 192 + 0 err 0
2022-12-26 16:15:17.372 11359-11459 AudioTrack              pid-11359                            V  obtainBuffer(192) returned 192 = 192 + 0 err 0
2022-12-26 16:15:17.376 11359-11459 AudioTrack              pid-11359                            V  obtainBuffer(192) returned 192 = 64 + 128 err 0
2022-12-26 16:15:17.376 11359-11459 AudioTrack              pid-11359                            V  obtainBuffer(128) returned 128 = 128 + 0 err 0
2022-12-26 16:15:17.380 11359-11459 AudioTrack              pid-11359                            V  obtainBuffer(192) returned 192 = 192 + 0 err 0
2022-12-26 16:15:17.452 11359-11459 chatty                  pid-11359                            I  uid=10213(com.inforcegames.app3dmodelling) AudioTrack identical 18 lines
2022-12-26 16:15:17.456 11359-11459 AudioTrack              pid-11359                            V  obtainBuffer(192) returned 192 = 192 + 0 err 0
2022-12-26 16:15:17.460 11359-11459 AudioTrack              pid-11359                            V  obtainBuffer(192) returned 192 = 128 + 64 err 0
2022-12-26 16:15:17.460 11359-11459 AudioTrack              pid-11359                            V  obtainBuffer(64) returned 64 = 64 + 0 err 0
2022-12-26 16:15:17.465 11359-11459 AudioTrack              pid-11359                            V  obtainBuffer(192) returned 192 = 192 + 0 err 0
2022-12-26 16:15:17.497 11359-11459 chatty                  pid-11359                            I  uid=10213(com.inforcegames.app3dmodelling) AudioTrack identical 8 lines
2022-12-26 16:15:17.501 11359-11459 AudioTrack              pid-11359                            V  obtainBuffer(192) returned 192 = 192 + 0 err 0
2022-12-26 16:15:17.505 11359-11459 AudioTrack              pid-11359                            V  obtainBuffer(192) returned 192 = 64 + 128 err 0
2022-12-26 16:15:17.505 11359-11459 AudioTrack              pid-11359                            V  obtainBuffer(128) returned 128 = 128 + 0 err 0
2022-12-26 16:15:17.508 11359-11459 AudioTrack              pid-11359                            V  obtainBuffer(192) returned 192 = 192 + 0 err 0
2022-12-26 16:15:17.580 11359-11459 chatty                  pid-11359                            I  uid=10213(com.inforcegames.app3dmodelling) AudioTrack identical 18 lines
2022-12-26 16:15:17.584 11359-11459 AudioTrack              pid-11359                            V  obtainBuffer(192) returned 192 = 192 + 0 err 0
2022-12-26 16:15:17.588 11359-11459 AudioTrack              pid-11359                            V  obtainBuffer(192) returned 192 = 128 + 64 err 0
2022-12-26 16:15:17.589 11359-11459 AudioTrack              pid-11359                            V  obtainBuffer(64) returned 64 = 64 + 0 err 0
2022-12-26 16:15:17.592 11359-11459 AudioTrack              pid-11359                            V  obtainBuffer(192) returned 192 = 192 + 0 err 0
2022-12-26 16:15:17.604 11359-11459 chatty                  pid-11359                            I  uid=10213(com.inforcegames.app3dmodelling) AudioTrack identical 3 lines
2022-12-26 16:15:17.608 11359-11459 AudioTrack              pid-11359                            V  obtainBuffer(192) returned 192 = 192 + 0 err 0
2022-12-26 16:15:17.610   688-2399  audio_hw_spkr_prot      pid-688                              D  audio_extn_fbsp_get_parameters: Speaker protection disabled
2022-12-26 16:15:17.610   688-2399  audio_hw_extn           pid-688                              D  audio_extn_get_parameters: returns 
2022-12-26 16:15:17.610   743-8567  hash_map_utils          pid-743                              I  key: 'hifi_mode' value: ''
2022-12-26 16:15:17.612 11359-13070 AudioManager            pid-11359                            D  getStreamVolume isRestricted mode = 0
2022-12-26 16:15:17.612 11359-11459 AudioTrack              pid-11359                            V  obtainBuffer(192) returned 192 = 192 + 0 err 0
2022-12-26 16:15:17.614   688-2399  audio_hw_spkr_prot      pid-688                              D  audio_extn_fbsp_get_parameters: Speaker protection disabled
2022-12-26 16:15:17.614   688-2399  audio_hw_extn           pid-688                              D  audio_extn_get_parameters: returns 
2022-12-26 16:15:17.615   743-8567  hash_map_utils          pid-743                              I  key: 'hifi_mode' value: ''
2022-12-26 16:15:17.616 11359-11459 AudioTrack              pid-11359                            V  obtainBuffer(192) returned 192 = 192 + 0 err 0
2022-12-26 16:15:17.624 11359-11459 chatty                  pid-11359                            I  uid=10213(com.inforcegames.app3dmodelling) AudioTrack identical 2 lines
2022-12-26 16:15:17.628 11359-11459 AudioTrack              pid-11359                            V  obtainBuffer(192) returned 192 = 192 + 0 err 0
2022-12-26 16:15:17.632 11359-11459 AudioTrack              pid-11359                            V  obtainBuffer(192) returned 192 = 64 + 128 err 0
2022-12-26 16:15:17.632 11359-11459 AudioTrack              pid-11359                            V  obtainBuffer(128) returned 128 = 128 + 0 err 0
2022-12-26 16:15:17.636 11359-11459 AudioTrack              pid-11359                            V  obtainBuffer(192) returned 192 = 192 + 0 err 0
2022-12-26 16:15:17.709 11359-11459 chatty                  pid-11359                            I  uid=10213(com.inforcegames.app3dmodelling) AudioTrack identical 18 lines
2022-12-26 16:15:17.713 11359-11459 AudioTrack              pid-11359                            V  obtainBuffer(192) returned 192 = 192 + 0 err 0
2022-12-26 16:15:17.716 11359-11459 AudioTrack              pid-11359                            V  obtainBuffer(192) returned 192 = 128 + 64 err 0
2022-12-26 16:15:17.717 11359-11459 AudioTrack              pid-11359                            V  obtainBuffer(64) returned 64 = 64 + 0 err 0
2022-12-26 16:15:17.720 11359-11459 AudioTrack              pid-11359                            V  obtainBuffer(192) returned 192 = 192 + 0 err 0
2022-12-26 16:15:17.753 11359-11459 chatty                  pid-11359                            I  uid=10213(com.inforcegames.app3dmodelling) AudioTrack identical 8 lines
2022-12-26 16:15:17.756 11359-11459 AudioTrack              pid-11359                            V  obtainBuffer(192) returned 192 = 192 + 0 err 0
2022-12-26 16:15:17.760 11359-11459 AudioTrack              pid-11359                            V  obtainBuffer(192) returned 192 = 64 + 128 err 0
2022-12-26 16:15:17.760 11359-11459 AudioTrack              pid-11359                            V  obtainBuffer(128) returned 128 = 128 + 0 err 0
2022-12-26 16:15:17.765 11359-11459 AudioTrack              pid-11359                            V  obtainBuffer(192) returned 192 = 192 + 0 err 0
2022-12-26 16:15:17.772 11359-11459 chatty                  pid-11359                            I  uid=10213(com.inforcegames.app3dmodelling) AudioTrack identical 2 lines
2022-12-26 16:15:17.776 11359-11459 AudioTrack              pid-11359                            V  obtainBuffer(192) returned 192 = 192 + 0 err 0
2022-12-26 16:15:17.780  1302-1462  ThermalEngine           pid-1302                             D  sensor_wait: msm_therm Wait done.
2022-12-26 16:15:17.780 11359-11459 AudioTrack              pid-11359                            V  obtainBuffer(192) returned 192 = 192 + 0 err 0
2022-12-26 16:15:17.781  1302-1462  ThermalEngine           pid-1302                             D  sensor_monitor: msm_therm Reading 35000 .
2022-12-26 16:15:17.781  1302-1462  ThermalEngine           pid-1302                             I  Sensor:msm_therm:35000 mC
2022-12-26 16:15:17.781  1302-1462  ThermalEngine           pid-1302                             D  update_active_thresh: msm_therm Active(1), Hi(1) 44000, Lo(0) -2147483648, desc(0) Interval(1) 1000
2022-12-26 16:15:17.781  1302-1462  ThermalEngine           pid-1302                             D  sensor_monitor: msm_therm Sensor wait.
2022-12-26 16:15:17.781  1302-1462  ThermalEngine           pid-1302                             D  sensor_wait: msm_therm Wait start. 1000ms
2022-12-26 16:15:17.784 11359-11459 AudioTrack              pid-11359                            V  obtainBuffer(192) returned 192 = 192 + 0 err 0
2022-12-26 16:15:17.785  1302-1463  ThermalEngine           pid-1302                             D  sensor_wait: quiet_therm Wait done.
2022-12-26 16:15:17.786  1302-1463  ThermalEngine           pid-1302                             D  sensor_monitor: quiet_therm Reading 35000 .
2022-12-26 16:15:17.786  1302-1463  ThermalEngine           pid-1302                             I  Sensor:quiet_therm:35000 mC
2022-12-26 16:15:17.786  1302-1463  ThermalEngine           pid-1302                             D  update_active_thresh: quiet_therm Active(1), Hi(1) 40000, Lo(0) -2147483648, desc(0) Interval(1) 1000
2022-12-26 16:15:17.786  1302-1463  ThermalEngine           pid-1302                             D  sensor_monitor: quiet_therm Sensor wait.
2022-12-26 16:15:17.786  1302-1463  ThermalEngine           pid-1302                             D  sensor_wait: quiet_therm Wait start. 1000ms
2022-12-26 16:15:17.788 11359-11459 AudioTrack              pid-11359                            V  obtainBuffer(192) returned 192 = 192 + 0 err 0
2022-12-26 16:15:17.836 11359-11459 chatty                  pid-11359                            I  uid=10213(com.inforcegames.app3dmodelling) AudioTrack identical 12 lines
2022-12-26 16:15:17.840 11359-11459 AudioTrack              pid-11359                            V  obtainBuffer(192) returned 192 = 192 + 0 err 0
2022-12-26 16:15:17.844 11359-11459 AudioTrack              pid-11359                            V  obtainBuffer(192) returned 192 = 128 + 64 err 0
2022-12-26 16:15:17.845 11359-11459 AudioTrack              pid-11359                            V  obtainBuffer(64) returned 64 = 64 + 0 err 0
2022-12-26 16:15:17.848 11359-11459 AudioTrack              pid-11359                            V  obtainBuffer(192) returned 192 = 192 + 0 err 0
2022-12-26 16:15:17.876 11359-11459 chatty                  pid-11359                            I  uid=10213(com.inforcegames.app3dmodelling) AudioTrack identical 7 lines
2022-12-26 16:15:17.880 11359-11459 AudioTrack              pid-11359                            V  obtainBuffer(192) returned 192 = 192 + 0 err 0
2022-12-26 16:15:17.881  6619-7142  IdProviderImpl          pid-6619                             D  getOAID
2022-12-26 16:15:17.884 11359-11459 AudioTrack              pid-11359                            V  obtainBuffer(192) returned 192 = 192 + 0 err 0
2022-12-26 16:15:17.888 11359-11459 AudioTrack              pid-11359                            V  obtainBuffer(192) returned 192 = 64 + 128 err 0
2022-12-26 16:15:17.888 11359-11459 AudioTrack              pid-11359                            V  obtainBuffer(128) returned 128 = 128 + 0 err 0
2022-12-26 16:15:17.892 11359-11459 AudioTrack              pid-11359                            V  obtainBuffer(192) returned 192 = 192 + 0 err 0
2022-12-26 16:15:17.964 11359-11459 chatty                  pid-11359                            I  uid=10213(com.inforcegames.app3dmodelling) AudioTrack identical 18 lines
2022-12-26 16:15:17.968 11359-11459 AudioTrack              pid-11359                            V  obtainBuffer(192) returned 192 = 192 + 0 err 0
2022-12-26 16:15:17.972 11359-11459 AudioTrack              pid-11359                            V  obtainBuffer(192) returned 192 = 128 + 64 err 0
2022-12-26 16:15:17.972 11359-11459 AudioTrack              pid-11359                            V  obtainBuffer(64) returned 64 = 64 + 0 err 0
2022-12-26 16:15:17.976 11359-11459 AudioTrack              pid-11359                            V  obtainBuffer(192) returned 192 = 192 + 0 err 0
2022-12-26 16:15:18.008 11359-11459 chatty                  pid-11359                            I  uid=10213(com.inforcegames.app3dmodelling) AudioTrack identical 8 lines
2022-12-26 16:15:18.012 11359-11459 AudioTrack              pid-11359                            V  obtainBuffer(192) returned 192 = 192 + 0 err 0
2022-12-26 16:15:18.016 11359-11459 AudioTrack              pid-11359                            V  obtainBuffer(192) returned 192 = 64 + 128 err 0
2022-12-26 16:15:18.016 11359-11459 AudioTrack              pid-11359                            V  obtainBuffer(128) returned 128 = 128 + 0 err 0
2022-12-26 16:15:18.020 11359-11459 AudioTrack              pid-11359                            V  obtainBuffer(192) returned 192 = 192 + 0 err 0
2022-12-26 16:15:18.093 11359-11459 chatty                  pid-11359                            I  uid=10213(com.inforcegames.app3dmodelling) AudioTrack identical 18 lines
2022-12-26 16:15:18.096 11359-11459 AudioTrack              pid-11359                            V  obtainBuffer(192) returned 192 = 192 + 0 err 0
2022-12-26 16:15:18.101 11359-11459 AudioTrack              pid-11359                            V  obtainBuffer(192) returned 192 = 128 + 64 err 0
2022-12-26 16:15:18.101 11359-11459 AudioTrack              pid-11359                            V  obtainBuffer(64) returned 64 = 64 + 0 err 0
2022-12-26 16:15:18.105 11359-11459 AudioTrack              pid-11359                            V  obtainBuffer(192) returned 192 = 192 + 0 err 0
2022-12-26 16:15:18.137 11359-11459 chatty                  pid-11359                            I  uid=10213(com.inforcegames.app3dmodelling) AudioTrack identical 8 lines
2022-12-26 16:15:18.140 11359-11459 AudioTrack              pid-11359                            V  obtainBuffer(192) returned 192 = 192 + 0 err 0
2022-12-26 16:15:18.145 11359-11459 AudioTrack              pid-11359                            V  obtainBuffer(192) returned 192 = 64 + 128 err 0
2022-12-26 16:15:18.145 11359-11459 AudioTrack              pid-11359                            V  obtainBuffer(128) returned 128 = 128 + 0 err 0
2022-12-26 16:15:18.149 11359-11459 AudioTrack              pid-11359                            V  obtainBuffer(192) returned 192 = 192 + 0 err 0
2022-12-26 16:15:18.220 11359-11459 chatty                  pid-11359                            I  uid=10213(com.inforcegames.app3dmodelling) AudioTrack identical 18 lines
2022-12-26 16:15:18.224 11359-11459 AudioTrack              pid-11359                            V  obtainBuffer(192) returned 192 = 192 + 0 err 0
2022-12-26 16:15:18.228 11359-11459 AudioTrack              pid-11359                            V  obtainBuffer(192) returned 192 = 128 + 64 err 0
2022-12-26 16:15:18.228 11359-11459 AudioTrack              pid-11359                            V  obtainBuffer(64) returned 64 = 64 + 0 err 0
2022-12-26 16:15:18.233 11359-11459 AudioTrack              pid-11359                            V  obtainBuffer(192) returned 192 = 192 + 0 err 0
2022-12-26 16:15:18.264 11359-11459 chatty                  pid-11359                            I  uid=10213(com.inforcegames.app3dmodelling) AudioTrack identical 8 lines
2022-12-26 16:15:18.269 11359-11459 AudioTrack              pid-11359                            V  obtainBuffer(192) returned 192 = 192 + 0 err 0
2022-12-26 16:15:18.272 11359-11459 AudioTrack              pid-11359                            V  obtainBuffer(192) returned 192 = 64 + 128 err 0
2022-12-26 16:15:18.272 11359-11459 AudioTrack              pid-11359                            V  obtainBuffer(128) returned 128 = 128 + 0 err 0
2022-12-26 16:15:18.277 11359-11459 AudioTrack              pid-11359                            V  obtainBuffer(192) returned 192 = 192 + 0 err 0
2022-12-26 16:15:18.348 11359-11459 chatty                  pid-11359                            I  uid=10213(com.inforcegames.app3dmodelling) AudioTrack identical 18 lines
2022-12-26 16:15:18.353 11359-11459 AudioTrack              pid-11359                            V  obtainBuffer(192) returned 192 = 192 + 0 err 0
2022-12-26 16:15:18.356 11359-11459 AudioTrack              pid-11359                            V  obtainBuffer(192) returned 192 = 128 + 64 err 0
2022-12-26 16:15:18.357 11359-11459 AudioTrack              pid-11359                            V  obtainBuffer(64) returned 64 = 64 + 0 err 0
2022-12-26 16:15:18.360 11359-11459 AudioTrack              pid-11359                            V  obtainBuffer(192) returned 192 = 192 + 0 err 0
2022-12-26 16:15:18.364 11359-11459 AudioTrack              pid-11359                            V  obtainBuffer(192) returned 192 = 192 + 0 err 0
2022-12-26 16:15:18.367 13316-13316 SignalClusterView       pid-13316                            D  updateMobileTypeImage  0
2022-12-26 16:15:18.368 13316-13316 SignalClusterView       pid-13316                            D  updateMobileTypeImage  0
2022-12-26 16:15:18.368 11359-11459 AudioTrack              pid-11359                            V  obtainBuffer(192) returned 192 = 192 + 0 err 0
2022-12-26 16:15:18.369 13316-13316 SignalClusterView       pid-13316                            D  updateMobileTypeImage  0
2022-12-26 16:15:18.372 11359-11459 AudioTrack              pid-11359                            V  obtainBuffer(192) returned 192 = 192 + 0 err 0
2022-12-26 16:15:18.393 11359-11459 chatty                  pid-11359                            I  uid=10213(com.inforcegames.app3dmodelling) AudioTrack identical 5 lines
2022-12-26 16:15:18.396 11359-11459 AudioTrack              pid-11359                            V  obtainBuffer(192) returned 192 = 192 + 0 err 0
2022-12-26 16:15:18.400 11359-11459 AudioTrack              pid-11359                            V  obtainBuffer(192) returned 192 = 64 + 128 err 0
2022-12-26 16:15:18.400 11359-11459 AudioTrack              pid-11359                            V  obtainBuffer(128) returned 128 = 128 + 0 err 0
2022-12-26 16:15:18.404 11359-11459 AudioTrack              pid-11359                            V  obtainBuffer(192) returned 192 = 192 + 0 err 0
2022-12-26 16:15:18.477 11359-11459 chatty                  pid-11359                            I  uid=10213(com.inforcegames.app3dmodelling) AudioTrack identical 18 lines
2022-12-26 16:15:18.481 11359-11459 AudioTrack              pid-11359                            V  obtainBuffer(192) returned 192 = 192 + 0 err 0
2022-12-26 16:15:18.484 11359-11459 AudioTrack              pid-11359                            V  obtainBuffer(192) returned 192 = 128 + 64 err 0
2022-12-26 16:15:18.484 11359-11459 AudioTrack              pid-11359                            V  obtainBuffer(64) returned 64 = 64 + 0 err 0
2022-12-26 16:15:18.489 11359-11459 AudioTrack              pid-11359                            V  obtainBuffer(192) returned 192 = 192 + 0 err 0
2022-12-26 16:15:18.520 11359-11459 chatty                  pid-11359                            I  uid=10213(com.inforcegames.app3dmodelling) AudioTrack identical 8 lines
2022-12-26 16:15:18.524 11359-11459 AudioTrack              pid-11359                            V  obtainBuffer(192) returned 192 = 192 + 0 err 0
2022-12-26 16:15:18.528 11359-11459 AudioTrack              pid-11359                            V  obtainBuffer(192) returned 192 = 64 + 128 err 0
2022-12-26 16:15:18.528 11359-11459 AudioTrack              pid-11359                            V  obtainBuffer(128) returned 128 = 128 + 0 err 0
2022-12-26 16:15:18.532 11359-11459 AudioTrack              pid-11359                            V  obtainBuffer(192) returned 192 = 192 + 0 err 0
2022-12-26 16:15:18.604 11359-11459 chatty                  pid-11359                            I  uid=10213(com.inforcegames.app3dmodelling) AudioTrack identical 18 lines
2022-12-26 16:15:18.608 11359-11459 AudioTrack              pid-11359                            V  obtainBuffer(192) returned 192 = 192 + 0 err 0
2022-12-26 16:15:18.613 11359-11459 AudioTrack              pid-11359                            V  obtainBuffer(192) returned 192 = 128 + 64 err 0
2022-12-26 16:15:18.613 11359-11459 AudioTrack              pid-11359                            V  obtainBuffer(64) returned 64 = 64 + 0 err 0
2022-12-26 16:15:18.616 11359-11459 AudioTrack              pid-11359                            V  obtainBuffer(192) returned 192 = 192 + 0 err 0
2022-12-26 16:15:18.648 11359-11459 chatty                  pid-11359                            I  uid=10213(com.inforcegames.app3dmodelling) AudioTrack identical 8 lines
2022-12-26 16:15:18.652 11359-11459 AudioTrack              pid-11359                            V  obtainBuffer(192) returned 192 = 192 + 0 err 0
2022-12-26 16:15:18.656 11359-11459 AudioTrack              pid-11359                            V  obtainBuffer(192) returned 192 = 64 + 128 err 0
2022-12-26 16:15:18.656 11359-11459 AudioTrack              pid-11359                            V  obtainBuffer(128) returned 128 = 128 + 0 err 0
2022-12-26 16:15:18.660 11359-11459 AudioTrack              pid-11359                            V  obtainBuffer(192) returned 192 = 192 + 0 err 0
2022-12-26 16:15:18.720 11359-11459 chatty                  pid-11359                            I  uid=10213(com.inforcegames.app3dmodelling) AudioTrack identical 15 lines
2022-12-26 16:15:18.724 11359-11459 AudioTrack              pid-11359                            V  obtainBuffer(192) returned 192 = 192 + 0 err 0
2022-12-26 16:15:18.727 11359-11415 Unity                   pid-11359                            I  ERROR => CodelessIAPController not ready
                                                                                                    ModelingApp.UI.Windows.Presentation.LanguageSettingsPopupPresenter:SwitchLanguage(Int32)
                                                                                                    UnityEngine.Events.UnityEvent:Invoke()
                                                                                                    UnityEngine.EventSystems.ExecuteEvents:Execute(GameObject, BaseEventData, EventFunction`1)
                                                                                                    UnityEngine.EventSystems.StandaloneInputModule:ProcessTouchPress(PointerEventData, Boolean, Boolean)
                                                                                                    UnityEngine.EventSystems.StandaloneInputModule:ProcessTouchEvents()
                                                                                                    UnityEngine.EventSystems.StandaloneInputModule:Process()
2022-12-26 16:15:18.728 11359-11459 AudioTrack              pid-11359                            V  obtainBuffer(192) returned 192 = 192 + 0 err 0
2022-12-26 16:15:18.731 11359-11415 Unity                   pid-11359                            I  ERROR => CodelessIAPController not ready
                                                                                                    ModelingApp.UI.Windows.Presentation.LanguageSettingsPopupPresenter:SwitchLanguage(Int32)
                                                                                                    UnityEngine.Events.UnityEvent:Invoke()
                                                                                                    UnityEngine.EventSystems.ExecuteEvents:Execute(GameObject, BaseEventData, EventFunction`1)
                                                                                                    UnityEngine.EventSystems.StandaloneInputModule:ProcessTouchPress(PointerEventData, Boolean, Boolean)
                                                                                                    UnityEngine.EventSystems.StandaloneInputModule:ProcessTouchEvents()
                                                                                                    UnityEngine.EventSystems.StandaloneInputModule:Process()
2022-12-26 16:15:18.732 11359-11459 AudioTrack              pid-11359                            V  obtainBuffer(192) returned 192 = 192 + 0 err 0
2022-12-26 16:15:18.735 11359-11415 Unity                   pid-11359                            I  ERROR => CodelessIAPController not ready
                                                                                                    ModelingApp.UI.Windows.Presentation.LanguageSettingsPopupPresenter:SwitchLanguage(Int32)
                                                                                                    UnityEngine.Events.UnityEvent:Invoke()
                                                                                                    UnityEngine.EventSystems.ExecuteEvents:Execute(GameObject, BaseEventData, EventFunction`1)
                                                                                                    UnityEngine.EventSystems.StandaloneInputModule:ProcessTouchPress(PointerEventData, Boolean, Boolean)
                                                                                                    UnityEngine.EventSystems.StandaloneInputModule:ProcessTouchEvents()
                                                                                                    UnityEngine.EventSystems.StandaloneInputModule:Process()
2022-12-26 16:15:18.736 11359-11459 AudioTrack              pid-11359                            V  obtainBuffer(192) returned 192 = 192 + 0 err 0
2022-12-26 16:15:18.740 11359-11459 AudioTrack              pid-11359                            V  obtainBuffer(192) returned 192 = 128 + 64 err 0
2022-12-26 16:15:18.740 11359-11459 AudioTrack              pid-11359                            V  obtainBuffer(64) returned 64 = 64 + 0 err 0
2022-12-26 16:15:18.744 11359-11459 AudioTrack              pid-11359                            V  obtainBuffer(192) returned 192 = 192 + 0 err 0
2022-12-26 16:15:18.777 11359-11459 chatty                  pid-11359                            I  uid=10213(com.inforcegames.app3dmodelling) AudioTrack identical 8 lines
2022-12-26 16:15:18.780 11359-11459 AudioTrack              pid-11359                            V  obtainBuffer(192) returned 192 = 192 + 0 err 0
2022-12-26 16:15:18.781  1302-1462  ThermalEngine           pid-1302                             D  sensor_wait: msm_therm Wait done.
2022-12-26 16:15:18.783  1302-1462  ThermalEngine           pid-1302                             D  sensor_monitor: msm_therm Reading 35000 .
2022-12-26 16:15:18.783  1302-1462  ThermalEngine           pid-1302                             I  Sensor:msm_therm:35000 mC
2022-12-26 16:15:18.783  1302-1462  ThermalEngine           pid-1302                             D  update_active_thresh: msm_therm Active(1), Hi(1) 44000, Lo(0) -2147483648, desc(0) Interval(1) 1000
2022-12-26 16:15:18.783  1302-1462  ThermalEngine           pid-1302                             D  sensor_monitor: msm_therm Sensor wait.
2022-12-26 16:15:18.783  1302-1462  ThermalEngine           pid-1302                             D  sensor_wait: msm_therm Wait start. 1000ms
2022-12-26 16:15:18.784 11359-11459 AudioTrack              pid-11359                            V  obtainBuffer(192) returned 192 = 64 + 128 err 0
2022-12-26 16:15:18.784 11359-11459 AudioTrack              pid-11359                            V  obtainBuffer(128) returned 128 = 128 + 0 err 0
2022-12-26 16:15:18.786  1302-1463  ThermalEngine           pid-1302                             D  sensor_wait: quiet_therm Wait done.
2022-12-26 16:15:18.788  1302-1463  ThermalEngine           pid-1302                             D  sensor_monitor: quiet_therm Reading 35000 .
2022-12-26 16:15:18.788  1302-1463  ThermalEngine           pid-1302                             I  Sensor:quiet_therm:35000 mC
2022-12-26 16:15:18.788  1302-1463  ThermalEngine           pid-1302                             D  update_active_thresh: quiet_therm Active(1), Hi(1) 40000, Lo(0) -2147483648, desc(0) Interval(1) 1000
2022-12-26 16:15:18.788  1302-1463  ThermalEngine           pid-1302                             D  sensor_monitor: quiet_therm Sensor wait.
2022-12-26 16:15:18.788  1302-1463  ThermalEngine           pid-1302                             D  sensor_wait: quiet_therm Wait start. 1000ms
2022-12-26 16:15:18.789 11359-11459 AudioTrack              pid-11359                            V  obtainBuffer(192) returned 192 = 192 + 0 err 0
2022-12-26 16:15:18.860 11359-11459 chatty                  pid-11359                            I  uid=10213(com.inforcegames.app3dmodelling) AudioTrack identical 18 lines
2022-12-26 16:15:18.864 11359-11459 AudioTrack              pid-11359                            V  obtainBuffer(192) returned 192 = 192 + 0 err 0
2022-12-26 16:15:18.868 11359-11459 AudioTrack              pid-11359                            V  obtainBuffer(192) returned 192 = 128 + 64 err 0
2022-12-26 16:15:18.869 11359-11459 AudioTrack              pid-11359                            V  obtainBuffer(64) returned 64 = 64 + 0 err 0
2022-12-26 16:15:18.872 11359-11459 AudioTrack              pid-11359                            V  obtainBuffer(192) returned 192 = 192 + 0 err 0
2022-12-26 16:15:18.872  1302-1457  ThermalEngine           pid-1302                             D  sensor_wait: backlight_therm Wait done.
2022-12-26 16:15:18.873  1302-1457  ThermalEngine           pid-1302                             D  sensor_monitor: backlight_therm Reading 32000 .
2022-12-26 16:15:18.873  1302-1457  ThermalEngine           pid-1302                             I  Sensor:backlight_therm:32000 mC
2022-12-26 16:15:18.873  1302-1457  ThermalEngine           pid-1302                             D  update_active_thresh: backlight_therm Active(1), Hi(1) 45000, Lo(0) -2147483648, desc(0) Interval(1) 2000
2022-12-26 16:15:18.873  1302-1457  ThermalEngine           pid-1302                             D  sensor_monitor: backlight_therm Sensor wait.
2022-12-26 16:15:18.873  1302-1457  ThermalEngine           pid-1302                             D  sensor_wait: backlight_therm Wait start. 2000ms
2022-12-26 16:15:18.877 11359-11459 AudioTrack              pid-11359                            V  obtainBuffer(192) returned 192 = 192 + 0 err 0
2022-12-26 16:15:18.904 11359-11459 chatty                  pid-11359                            I  uid=10213(com.inforcegames.app3dmodelling) AudioTrack identical 7 lines
2022-12-26 16:15:18.908 11359-11459 AudioTrack              pid-11359                            V  obtainBuffer(192) returned 192 = 192 + 0 err 0
2022-12-26 16:15:18.912 11359-11459 AudioTrack              pid-11359                            V  obtainBuffer(192) returned 192 = 64 + 128 err 0
2022-12-26 16:15:18.912 11359-11459 AudioTrack              pid-11359                            V  obtainBuffer(128) returned 128 = 128 + 0 err 0
2022-12-26 16:15:18.917 11359-11459 AudioTrack              pid-11359                            V  obtainBuffer(192) returned 192 = 192 + 0 err 0
2022-12-26 16:15:18.988 11359-11459 chatty                  pid-11359                            I  uid=10213(com.inforcegames.app3dmodelling) AudioTrack identical 18 lines
2022-12-26 16:15:18.992 11359-11459 AudioTrack              pid-11359                            V  obtainBuffer(192) returned 192 = 192 + 0 err 0
2022-12-26 16:15:18.996 11359-11459 AudioTrack              pid-11359                            V  obtainBuffer(192) returned 192 = 128 + 64 err 0
2022-12-26 16:15:18.996 11359-11459 AudioTrack              pid-11359                            V  obtainBuffer(64) returned 64 = 64 + 0 err 0
2022-12-26 16:15:19.000 11359-11459 AudioTrack              pid-11359                            V  obtainBuffer(192) returned 192 = 192 + 0 err 0
2022-12-26 16:15:19.032 11359-11459 chatty                  pid-11359                            I  uid=10213(com.inforcegames.app3dmodelling) AudioTrack identical 8 lines
2022-12-26 16:15:19.037 11359-11459 AudioTrack              pid-11359                            V  obtainBuffer(192) returned 192 = 192 + 0 err 0
2022-12-26 16:15:19.040 11359-11459 AudioTrack              pid-11359                            V  obtainBuffer(192) returned 192 = 64 + 128 err 0
2022-12-26 16:15:19.040 11359-11459 AudioTrack              pid-11359                            V  obtainBuffer(128) returned 128 = 128 + 0 err 0
2022-12-26 16:15:19.044 11359-11459 AudioTrack              pid-11359                            V  obtainBuffer(192) returned 192 = 192 + 0 err 0
2022-12-26 16:15:19.116 11359-11459 chatty                  pid-11359                            I  uid=10213(com.inforcegames.app3dmodelling) AudioTrack identical 18 lines
2022-12-26 16:15:19.120 11359-11459 AudioTrack              pid-11359                            V  obtainBuffer(192) returned 192 = 192 + 0 err 0
2022-12-26 16:15:19.124 11359-11459 AudioTrack              pid-11359                            V  obtainBuffer(192) returned 192 = 128 + 64 err 0
2022-12-26 16:15:19.124 11359-11459 AudioTrack              pid-11359                            V  obtainBuffer(64) returned 64 = 64 + 0 err 0
2022-12-26 16:15:19.128 11359-11459 AudioTrack              pid-11359                            V  obtainBuffer(192) returned 192 = 192 + 0 err 0
2022-12-26 16:15:19.160 11359-11459 chatty                  pid-11359                            I  uid=10213(com.inforcegames.app3dmodelling) AudioTrack identical 8 lines
2022-12-26 16:15:19.164 11359-11459 AudioTrack              pid-11359                            V  obtainBuffer(192) returned 192 = 192 + 0 err 0
2022-12-26 16:15:19.168 11359-11459 AudioTrack              pid-11359                            V  obtainBuffer(192) returned 192 = 64 + 128 err 0
2022-12-26 16:15:19.168 11359-11459 AudioTrack              pid-11359                            V  obtainBuffer(128) returned 128 = 128 + 0 err 0
2022-12-26 16:15:19.172 11359-11459 AudioTrack              pid-11359                            V  obtainBuffer(192) returned 192 = 192 + 0 err 0
2022-12-26 16:15:19.196 11359-11459 chatty                  pid-11359                            I  uid=10213(com.inforcegames.app3dmodelling) AudioTrack identical 6 lines
2022-12-26 16:15:19.200 11359-11459 AudioTrack              pid-11359                            V  obtainBuffer(192) returned 192 = 192 + 0 err 0
2022-12-26 16:15:19.203 11359-11415 Unity                   pid-11359                            I  ERROR => CodelessIAPController not ready
                                                                                                    ModelingApp.UI.Windows.Presentation.LanguageSettingsPopupPresenter:SwitchLanguage(Int32)
                                                                                                    UnityEngine.Events.UnityEvent:Invoke()
                                                                                                    UnityEngine.EventSystems.ExecuteEvents:Execute(GameObject, BaseEventData, EventFunction`1)
                                                                                                    UnityEngine.EventSystems.StandaloneInputModule:ProcessTouchPress(PointerEventData, Boolean, Boolean)
                                                                                                    UnityEngine.EventSystems.StandaloneInputModule:ProcessTouchEvents()
                                                                                                    UnityEngine.EventSystems.StandaloneInputModule:Process()
2022-12-26 16:15:19.204 11359-11459 AudioTrack              pid-11359                            V  obtainBuffer(192) returned 192 = 192 + 0 err 0
2022-12-26 16:15:19.205 11359-11415 Unity                   pid-11359                            I  ERROR => CodelessIAPController not ready
                                                                                                    ModelingApp.UI.Windows.Presentation.LanguageSettingsPopupPresenter:SwitchLanguage(Int32)
                                                                                                    UnityEngine.Events.UnityEvent:Invoke()
                                                                                                    UnityEngine.EventSystems.ExecuteEvents:Execute(GameObject, BaseEventData, EventFunction`1)
                                                                                                    UnityEngine.EventSystems.StandaloneInputModule:ProcessTouchPress(PointerEventData, Boolean, Boolean)
                                                                                                    UnityEngine.EventSystems.StandaloneInputModule:ProcessTouchEvents()
                                                                                                    UnityEngine.EventSystems.StandaloneInputModule:Process()
2022-12-26 16:15:19.207 11359-11415 Unity                   pid-11359                            I  ERROR => CodelessIAPController not ready
                                                                                                    ModelingApp.UI.Windows.Presentation.LanguageSettingsPopupPresenter:SwitchLanguage(Int32)
                                                                                                    UnityEngine.Events.UnityEvent:Invoke()
                                                                                                    UnityEngine.EventSystems.ExecuteEvents:Execute(GameObject, BaseEventData, EventFunction`1)
                                                                                                    UnityEngine.EventSystems.StandaloneInputModule:ProcessTouchPress(PointerEventData, Boolean, Boolean)
                                                                                                    UnityEngine.EventSystems.StandaloneInputModule:ProcessTouchEvents()
                                                                                                    UnityEngine.EventSystems.StandaloneInputModule:Process()
2022-12-26 16:15:19.208 11359-11459 AudioTrack              pid-11359                            V  obtainBuffer(192) returned 192 = 192 + 0 err 0
2022-12-26 16:15:19.244 11359-11459 chatty                  pid-11359                            I  uid=10213(com.inforcegames.app3dmodelling) AudioTrack identical 9 lines
2022-12-26 16:15:19.248 11359-11459 AudioTrack              pid-11359                            V  obtainBuffer(192) returned 192 = 192 + 0 err 0
2022-12-26 16:15:19.252 11359-11459 AudioTrack              pid-11359                            V  obtainBuffer(192) returned 192 = 128 + 64 err 0
2022-12-26 16:15:19.252 11359-11459 AudioTrack              pid-11359                            V  obtainBuffer(64) returned 64 = 64 + 0 err 0
2022-12-26 16:15:19.256 11359-11459 AudioTrack              pid-11359                            V  obtainBuffer(192) returned 192 = 192 + 0 err 0
2022-12-26 16:15:19.288 11359-11459 chatty                  pid-11359                            I  uid=10213(com.inforcegames.app3dmodelling) AudioTrack identical 8 lines
2022-12-26 16:15:19.293 11359-11459 AudioTrack              pid-11359                            V  obtainBuffer(192) returned 192 = 192 + 0 err 0
2022-12-26 16:15:19.296 11359-11459 AudioTrack              pid-11359                            V  obtainBuffer(192) returned 192 = 64 + 128 err 0
2022-12-26 16:15:19.296 11359-11459 AudioTrack              pid-11359                            V  obtainBuffer(128) returned 128 = 128 + 0 err 0
2022-12-26 16:15:19.301 11359-11459 AudioTrack              pid-11359                            V  obtainBuffer(192) returned 192 = 192 + 0 err 0
2022-12-26 16:15:19.361 11359-11459 chatty                  pid-11359                            I  uid=10213(com.inforcegames.app3dmodelling) AudioTrack identical 15 lines
2022-12-26 16:15:19.364 11359-11459 AudioTrack              pid-11359                            V  obtainBuffer(192) returned 192 = 192 + 0 err 0
2022-12-26 16:15:19.368 13316-13316 SignalClusterView       pid-13316                            D  updateMobileTypeImage  0
2022-12-26 16:15:19.369 11359-11459 AudioTrack              pid-11359                            V  obtainBuffer(192) returned 192 = 192 + 0 err 0
2022-12-26 16:15:19.369 13316-13316 SignalClusterView       pid-13316                            D  updateMobileTypeImage  0
2022-12-26 16:15:19.370 13316-13316 SignalClusterView       pid-13316                            D  updateMobileTypeImage  0
2022-12-26 16:15:19.372 11359-11459 AudioTrack              pid-11359                            V  obtainBuffer(192) returned 192 = 192 + 0 err 0
2022-12-26 16:15:19.376 11359-11459 AudioTrack              pid-11359                            V  obtainBuffer(192) returned 192 = 192 + 0 err 0
2022-12-26 16:15:19.380 11359-11459 AudioTrack              pid-11359                            V  obtainBuffer(192) returned 192 = 128 + 64 err 0
2022-12-26 16:15:19.380 11359-11459 AudioTrack              pid-11359                            V  obtainBuffer(64) returned 64 = 64 + 0 err 0
2022-12-26 16:15:19.384 11359-11459 AudioTrack              pid-11359                            V  obtainBuffer(192) returned 192 = 192 + 0 err 0
2022-12-26 16:15:19.416 11359-11459 chatty                  pid-11359                            I  uid=10213(com.inforcegames.app3dmodelling) AudioTrack identical 8 lines
2022-12-26 16:15:19.420 11359-11459 AudioTrack              pid-11359                            V  obtainBuffer(192) returned 192 = 192 + 0 err 0
2022-12-26 16:15:19.424 11359-11459 AudioTrack              pid-11359                            V  obtainBuffer(192) returned 192 = 64 + 128 err 0
2022-12-26 16:15:19.424 11359-11459 AudioTrack              pid-11359                            V  obtainBuffer(128) returned 128 = 128 + 0 err 0
2022-12-26 16:15:19.429 11359-11459 AudioTrack              pid-11359                            V  obtainBuffer(192) returned 192 = 192 + 0 err 0
2022-12-26 16:15:19.501 11359-11459 chatty                  pid-11359                            I  uid=10213(com.inforcegames.app3dmodelling) AudioTrack identical 18 lines
2022-12-26 16:15:19.504 11359-11459 AudioTrack              pid-11359                            V  obtainBuffer(192) returned 192 = 192 + 0 err 0
2022-12-26 16:15:19.510 11359-11459 AudioTrack              pid-11359                            V  obtainBuffer(192) returned 192 = 128 + 64 err 0
2022-12-26 16:15:19.510 11359-11459 AudioTrack              pid-11359                            V  obtainBuffer(64) returned 64 = 64 + 0 err 0
2022-12-26 16:15:19.513 11359-11459 AudioTrack              pid-11359                            V  obtainBuffer(192) returned 192 = 192 + 0 err 0
2022-12-26 16:15:19.544 11359-11459 chatty                  pid-11359                            I  uid=10213(com.inforcegames.app3dmodelling) AudioTrack identical 8 lines
2022-12-26 16:15:19.548 11359-11459 AudioTrack              pid-11359                            V  obtainBuffer(192) returned 192 = 192 + 0 err 0
2022-12-26 16:15:19.552 11359-11459 AudioTrack              pid-11359                            V  obtainBuffer(192) returned 192 = 64 + 128 err 0
2022-12-26 16:15:19.552 11359-11459 AudioTrack              pid-11359                            V  obtainBuffer(128) returned 128 = 128 + 0 err 0
2022-12-26 16:15:19.556 11359-11459 AudioTrack              pid-11359                            V  obtainBuffer(192) returned 192 = 192 + 0 err 0
2022-12-26 16:15:19.628 11359-11459 chatty                  pid-11359                            I  uid=10213(com.inforcegames.app3dmodelling) AudioTrack identical 18 lines
2022-12-26 16:15:19.632 11359-11459 AudioTrack              pid-11359                            V  obtainBuffer(192) returned 192 = 192 + 0 err 0
2022-12-26 16:15:19.636 11359-11459 AudioTrack              pid-11359                            V  obtainBuffer(192) returned 192 = 128 + 64 err 0
2022-12-26 16:15:19.636 11359-11459 AudioTrack              pid-11359                            V  obtainBuffer(64) returned 64 = 64 + 0 err 0
2022-12-26 16:15:19.640 11359-11459 AudioTrack              pid-11359                            V  obtainBuffer(192) returned 192 = 192 + 0 err 0
2022-12-26 16:15:19.672 11359-11459 chatty                  pid-11359                            I  uid=10213(com.inforcegames.app3dmodelling) AudioTrack identical 8 lines
2022-12-26 16:15:19.676 11359-11459 AudioTrack              pid-11359                            V  obtainBuffer(192) returned 192 = 192 + 0 err 0
2022-12-26 16:15:19.680 11359-11459 AudioTrack              pid-11359                            V  obtainBuffer(192) returned 192 = 64 + 128 err 0
2022-12-26 16:15:19.680 11359-11459 AudioTrack              pid-11359                            V  obtainBuffer(128) returned 128 = 128 + 0 err 0
2022-12-26 16:15:19.680   688-2399  audio_hw_spkr_prot      pid-688                              D  audio_extn_fbsp_get_parameters: Speaker protection disabled
2022-12-26 16:15:19.680   688-2399  audio_hw_extn           pid-688                              D  audio_extn_get_parameters: returns 
2022-12-26 16:15:19.681   743-8567  hash_map_utils          pid-743                              I  key: 'hifi_mode' value: ''
2022-12-26 16:15:19.682 11359-13070 AudioManager            pid-11359                            D  getStreamVolume isRestricted mode = 0
2022-12-26 16:15:19.684 11359-11459 AudioTrack              pid-11359                            V  obtainBuffer(192) returned 192 = 192 + 0 err 0
2022-12-26 16:15:19.687   688-2399  audio_hw_spkr_prot      pid-688                              D  audio_extn_fbsp_get_parameters: Speaker protection disabled
2022-12-26 16:15:19.687   688-2399  audio_hw_extn           pid-688                              D  audio_extn_get_parameters: returns 
2022-12-26 16:15:19.687   743-8567  hash_map_utils          pid-743                              I  key: 'hifi_mode' value: ''
2022-12-26 16:15:19.688 11359-11459 AudioTrack              pid-11359                            V  obtainBuffer(192) returned 192 = 192 + 0 err 0
2022-12-26 16:15:19.692 11359-11459 AudioTrack              pid-11359                            V  obtainBuffer(192) returned 192 = 192 + 0 err 0
2022-12-26 16:15:19.694 11359-11415 Unity                   pid-11359                            I  ERROR => CodelessIAPController not ready
                                                                                                    ModelingApp.UI.Windows.Presentation.LanguageSettingsPopupPresenter:SwitchLanguage(Int32)
                                                                                                    UnityEngine.Events.UnityEvent:Invoke()
                                                                                                    UnityEngine.EventSystems.ExecuteEvents:Execute(GameObject, BaseEventData, EventFunction`1)
                                                                                                    UnityEngine.EventSystems.StandaloneInputModule:ProcessTouchPress(PointerEventData, Boolean, Boolean)
                                                                                                    UnityEngine.EventSystems.StandaloneInputModule:ProcessTouchEvents()
                                                                                                    UnityEngine.EventSystems.StandaloneInputModule:Process()
2022-12-26 16:15:19.696 11359-11415 Unity                   pid-11359                            I  ERROR => CodelessIAPController not ready
                                                                                                    ModelingApp.UI.Windows.Presentation.LanguageSettingsPopupPresenter:SwitchLanguage(Int32)
                                                                                                    UnityEngine.Events.UnityEvent:Invoke()
                                                                                                    UnityEngine.EventSystems.ExecuteEvents:Execute(GameObject, BaseEventData, EventFunction`1)
                                                                                                    UnityEngine.EventSystems.StandaloneInputModule:ProcessTouchPress(PointerEventData, Boolean, Boolean)
                                                                                                    UnityEngine.EventSystems.StandaloneInputModule:ProcessTouchEvents()
