2022-12-26 08:43:28.073 22983-23063 chatty                  pid-22983                            I  uid=10213(com.inforcegames.app3dmodelling) AudioTrack identical 18 lines
2022-12-26 08:43:28.077 22983-23063 AudioTrack              pid-22983                            V  obtainBuffer(192) returned 192 = 192 + 0 err 0
2022-12-26 08:43:28.081 22983-23063 AudioTrack              pid-22983                            V  obtainBuffer(192) returned 192 = 128 + 64 err 0
2022-12-26 08:43:28.081 22983-23063 AudioTrack              pid-22983                            V  obtainBuffer(64) returned 64 = 64 + 0 err 0
2022-12-26 08:43:28.085 22983-23063 AudioTrack              pid-22983                            V  obtainBuffer(192) returned 192 = 192 + 0 err 0
2022-12-26 08:43:28.117 22983-23063 chatty                  pid-22983                            I  uid=10213(com.inforcegames.app3dmodelling) AudioTrack identical 8 lines
2022-12-26 08:43:28.121 22983-23063 AudioTrack              pid-22983                            V  obtainBuffer(192) returned 192 = 192 + 0 err 0
2022-12-26 08:43:28.125 22983-23063 AudioTrack              pid-22983                            V  obtainBuffer(192) returned 192 = 64 + 128 err 0
2022-12-26 08:43:28.125 22983-23063 AudioTrack              pid-22983                            V  obtainBuffer(128) returned 128 = 128 + 0 err 0
2022-12-26 08:43:28.129 22983-23063 AudioTrack              pid-22983                            V  obtainBuffer(192) returned 192 = 192 + 0 err 0
2022-12-26 08:43:28.149 22983-23063 chatty                  pid-22983                            I  uid=10213(com.inforcegames.app3dmodelling) AudioTrack identical 5 lines
2022-12-26 08:43:28.153 22983-23063 AudioTrack              pid-22983                            V  obtainBuffer(192) returned 192 = 192 + 0 err 0
2022-12-26 08:43:28.156  1302-1463  ThermalEngine           pid-1302                             D  sensor_wait: quiet_therm Wait done.
2022-12-26 08:43:28.157 22983-23063 AudioTrack              pid-22983                            V  obtainBuffer(192) returned 192 = 192 + 0 err 0
2022-12-26 08:43:28.157  1302-1463  ThermalEngine           pid-1302                             D  sensor_monitor: quiet_therm Reading 31000 .
2022-12-26 08:43:28.157  1302-1463  ThermalEngine           pid-1302                             I  Sensor:quiet_therm:31000 mC
2022-12-26 08:43:28.157  1302-1463  ThermalEngine           pid-1302                             D  update_active_thresh: quiet_therm Active(1), Hi(1) 40000, Lo(0) -2147483648, desc(0) Interval(1) 1000
2022-12-26 08:43:28.157  1302-1463  ThermalEngine           pid-1302                             D  sensor_monitor: quiet_therm Sensor wait.
2022-12-26 08:43:28.157  1302-1463  ThermalEngine           pid-1302                             D  sensor_wait: quiet_therm Wait start. 1000ms
2022-12-26 08:43:28.162 22983-23063 AudioTrack              pid-22983                            V  obtainBuffer(192) returned 192 = 192 + 0 err 0
2022-12-26 08:43:28.165  1302-1462  ThermalEngine           pid-1302                             D  sensor_wait: msm_therm Wait done.
2022-12-26 08:43:28.166 22983-23063 AudioTrack              pid-22983                            V  obtainBuffer(192) returned 192 = 192 + 0 err 0
2022-12-26 08:43:28.166  1302-1462  ThermalEngine           pid-1302                             D  sensor_monitor: msm_therm Reading 32000 .
2022-12-26 08:43:28.167  1302-1462  ThermalEngine           pid-1302                             I  Sensor:msm_therm:32000 mC
2022-12-26 08:43:28.167  1302-1462  ThermalEngine           pid-1302                             D  update_active_thresh: msm_therm Active(1), Hi(1) 44000, Lo(0) -2147483648, desc(0) Interval(1) 1000
2022-12-26 08:43:28.167  1302-1462  ThermalEngine           pid-1302                             D  sensor_monitor: msm_therm Sensor wait.
2022-12-26 08:43:28.167  1302-1462  ThermalEngine           pid-1302                             D  sensor_wait: msm_therm Wait start. 1000ms
2022-12-26 08:43:28.169 22983-23063 AudioTrack              pid-22983                            V  obtainBuffer(192) returned 192 = 192 + 0 err 0
2022-12-26 08:43:28.201 22983-23063 chatty                  pid-22983                            I  uid=10213(com.inforcegames.app3dmodelling) AudioTrack identical 8 lines
2022-12-26 08:43:28.205 22983-23063 AudioTrack              pid-22983                            V  obtainBuffer(192) returned 192 = 192 + 0 err 0
2022-12-26 08:43:28.209 22983-23063 AudioTrack              pid-22983                            V  obtainBuffer(192) returned 192 = 128 + 64 err 0
2022-12-26 08:43:28.209 22983-23063 AudioTrack              pid-22983                            V  obtainBuffer(64) returned 64 = 64 + 0 err 0
2022-12-26 08:43:28.214 22983-23063 AudioTrack              pid-22983                            V  obtainBuffer(192) returned 192 = 192 + 0 err 0
2022-12-26 08:43:28.233 22983-23063 chatty                  pid-22983                            I  uid=10213(com.inforcegames.app3dmodelling) AudioTrack identical 5 lines
2022-12-26 08:43:28.237 22983-23063 AudioTrack              pid-22983                            V  obtainBuffer(192) returned 192 = 192 + 0 err 0
2022-12-26 08:43:28.237  1302-1457  ThermalEngine           pid-1302                             D  sensor_wait: backlight_therm Wait done.
2022-12-26 08:43:28.239  1302-1457  ThermalEngine           pid-1302                             D  sensor_monitor: backlight_therm Reading 27000 .
2022-12-26 08:43:28.239  1302-1457  ThermalEngine           pid-1302                             I  Sensor:backlight_therm:27000 mC
2022-12-26 08:43:28.239  1302-1457  ThermalEngine           pid-1302                             D  update_active_thresh: backlight_therm Active(1), Hi(1) 45000, Lo(0) -2147483648, desc(0) Interval(1) 2000
2022-12-26 08:43:28.240  1302-1457  ThermalEngine           pid-1302                             D  sensor_monitor: backlight_therm Sensor wait.
2022-12-26 08:43:28.240  1302-1457  ThermalEngine           pid-1302                             D  sensor_wait: backlight_therm Wait start. 2000ms
2022-12-26 08:43:28.241 22983-23063 AudioTrack              pid-22983                            V  obtainBuffer(192) returned 192 = 192 + 0 err 0
2022-12-26 08:43:28.246 22983-23063 chatty                  pid-22983                            I  uid=10213(com.inforcegames.app3dmodelling) AudioTrack identical 1 line
2022-12-26 08:43:28.249 22983-23063 AudioTrack              pid-22983                            V  obtainBuffer(192) returned 192 = 192 + 0 err 0
2022-12-26 08:43:28.253 22983-23063 AudioTrack              pid-22983                            V  obtainBuffer(192) returned 192 = 64 + 128 err 0
2022-12-26 08:43:28.253 22983-23063 AudioTrack              pid-22983                            V  obtainBuffer(128) returned 128 = 128 + 0 err 0
2022-12-26 08:43:28.258 22983-23063 AudioTrack              pid-22983                            V  obtainBuffer(192) returned 192 = 192 + 0 err 0
2022-12-26 08:43:28.325 22983-23063 chatty                  pid-22983                            I  uid=10213(com.inforcegames.app3dmodelling) AudioTrack identical 17 lines
2022-12-26 08:43:28.329 22983-23063 AudioTrack              pid-22983                            V  obtainBuffer(192) returned 192 = 192 + 0 err 0
2022-12-26 08:43:28.330   688-4296  audio_hw_spkr_prot      pid-688                              D  audio_extn_fbsp_get_parameters: Speaker protection disabled
2022-12-26 08:43:28.330   688-4296  audio_hw_extn           pid-688                              D  audio_extn_get_parameters: returns 
2022-12-26 08:43:28.330   743-18565 hash_map_utils          pid-743                              I  key: 'hifi_mode' value: ''
2022-12-26 08:43:28.333 22983-15622 AudioManager            pid-22983                            D  getStreamVolume isRestricted mode = 0
2022-12-26 08:43:28.333 22983-23063 AudioTrack              pid-22983                            V  obtainBuffer(192) returned 192 = 192 + 0 err 0
2022-12-26 08:43:28.337 22983-23063 AudioTrack              pid-22983                            V  obtainBuffer(192) returned 192 = 128 + 64 err 0
2022-12-26 08:43:28.337 22983-23063 AudioTrack              pid-22983                            V  obtainBuffer(64) returned 64 = 64 + 0 err 0
2022-12-26 08:43:28.338   688-4296  audio_hw_spkr_prot      pid-688                              D  audio_extn_fbsp_get_parameters: Speaker protection disabled
2022-12-26 08:43:28.338   688-4296  audio_hw_extn           pid-688                              D  audio_extn_get_parameters: returns 
2022-12-26 08:43:28.339   743-18565 hash_map_utils          pid-743                              I  key: 'hifi_mode' value: ''
2022-12-26 08:43:28.341 22983-23063 AudioTrack              pid-22983                            V  obtainBuffer(192) returned 192 = 192 + 0 err 0
2022-12-26 08:43:28.373 22983-23063 chatty                  pid-22983                            I  uid=10213(com.inforcegames.app3dmodelling) AudioTrack identical 8 lines
2022-12-26 08:43:28.377 22983-23063 AudioTrack              pid-22983                            V  obtainBuffer(192) returned 192 = 192 + 0 err 0
2022-12-26 08:43:28.381 22983-23063 AudioTrack              pid-22983                            V  obtainBuffer(192) returned 192 = 64 + 128 err 0
2022-12-26 08:43:28.381 22983-23063 AudioTrack              pid-22983                            V  obtainBuffer(128) returned 128 = 128 + 0 err 0
2022-12-26 08:43:28.385 22983-23063 AudioTrack              pid-22983                            V  obtainBuffer(192) returned 192 = 192 + 0 err 0
2022-12-26 08:43:28.457 22983-23063 chatty                  pid-22983                            I  uid=10213(com.inforcegames.app3dmodelling) AudioTrack identical 18 lines
2022-12-26 08:43:28.461 22983-23063 AudioTrack              pid-22983                            V  obtainBuffer(192) returned 192 = 192 + 0 err 0
2022-12-26 08:43:28.465 22983-23063 AudioTrack              pid-22983                            V  obtainBuffer(192) returned 192 = 128 + 64 err 0
2022-12-26 08:43:28.465 22983-23063 AudioTrack              pid-22983                            V  obtainBuffer(64) returned 64 = 64 + 0 err 0
2022-12-26 08:43:28.469 22983-23063 AudioTrack              pid-22983                            V  obtainBuffer(192) returned 192 = 192 + 0 err 0
2022-12-26 08:43:28.502 22983-23063 chatty                  pid-22983                            I  uid=10213(com.inforcegames.app3dmodelling) AudioTrack identical 8 lines
2022-12-26 08:43:28.505 22983-23063 AudioTrack              pid-22983                            V  obtainBuffer(192) returned 192 = 192 + 0 err 0
2022-12-26 08:43:28.509 22983-23063 AudioTrack              pid-22983                            V  obtainBuffer(192) returned 192 = 64 + 128 err 0
2022-12-26 08:43:28.509 22983-23063 AudioTrack              pid-22983                            V  obtainBuffer(128) returned 128 = 128 + 0 err 0
2022-12-26 08:43:28.513 22983-23063 AudioTrack              pid-22983                            V  obtainBuffer(192) returned 192 = 192 + 0 err 0
2022-12-26 08:43:28.586 22983-23063 chatty                  pid-22983                            I  uid=10213(com.inforcegames.app3dmodelling) AudioTrack identical 18 lines
2022-12-26 08:43:28.589 22983-23063 AudioTrack              pid-22983                            V  obtainBuffer(192) returned 192 = 192 + 0 err 0
2022-12-26 08:43:28.593 22983-23063 AudioTrack              pid-22983                            V  obtainBuffer(192) returned 192 = 128 + 64 err 0
2022-12-26 08:43:28.593 22983-23063 AudioTrack              pid-22983                            V  obtainBuffer(64) returned 64 = 64 + 0 err 0
2022-12-26 08:43:28.598 22983-23063 AudioTrack              pid-22983                            V  obtainBuffer(192) returned 192 = 192 + 0 err 0
2022-12-26 08:43:28.630 22983-23063 chatty                  pid-22983                            I  uid=10213(com.inforcegames.app3dmodelling) AudioTrack identical 8 lines
2022-12-26 08:43:28.633 22983-23063 AudioTrack              pid-22983                            V  obtainBuffer(192) returned 192 = 192 + 0 err 0
2022-12-26 08:43:28.638 22983-23063 AudioTrack              pid-22983                            V  obtainBuffer(192) returned 192 = 64 + 128 err 0
2022-12-26 08:43:28.638 22983-23063 AudioTrack              pid-22983                            V  obtainBuffer(128) returned 128 = 128 + 0 err 0
2022-12-26 08:43:28.641 22983-23063 AudioTrack              pid-22983                            V  obtainBuffer(192) returned 192 = 192 + 0 err 0
2022-12-26 08:43:28.713 22983-23063 chatty                  pid-22983                            I  uid=10213(com.inforcegames.app3dmodelling) AudioTrack identical 18 lines
2022-12-26 08:43:28.718 22983-23063 AudioTrack              pid-22983                            V  obtainBuffer(192) returned 192 = 192 + 0 err 0
2022-12-26 08:43:28.722 22983-23063 AudioTrack              pid-22983                            V  obtainBuffer(192) returned 192 = 128 + 64 err 0
2022-12-26 08:43:28.722 22983-23063 AudioTrack              pid-22983                            V  obtainBuffer(64) returned 64 = 64 + 0 err 0
2022-12-26 08:43:28.725 22983-23063 AudioTrack              pid-22983                            V  obtainBuffer(192) returned 192 = 192 + 0 err 0
2022-12-26 08:43:28.757 22983-23063 chatty                  pid-22983                            I  uid=10213(com.inforcegames.app3dmodelling) AudioTrack identical 8 lines
2022-12-26 08:43:28.761 22983-23063 AudioTrack              pid-22983                            V  obtainBuffer(192) returned 192 = 192 + 0 err 0
2022-12-26 08:43:28.765 22983-23063 AudioTrack              pid-22983                            V  obtainBuffer(192) returned 192 = 64 + 128 err 0
2022-12-26 08:43:28.765 22983-23063 AudioTrack              pid-22983                            V  obtainBuffer(128) returned 128 = 128 + 0 err 0
2022-12-26 08:43:28.769 22983-23063 AudioTrack              pid-22983                            V  obtainBuffer(192) returned 192 = 192 + 0 err 0
2022-12-26 08:43:28.841 22983-23063 chatty                  pid-22983                            I  uid=10213(com.inforcegames.app3dmodelling) AudioTrack identical 18 lines
2022-12-26 08:43:28.845 22983-23063 AudioTrack              pid-22983                            V  obtainBuffer(192) returned 192 = 192 + 0 err 0
2022-12-26 08:43:28.849 22983-23063 AudioTrack              pid-22983                            V  obtainBuffer(192) returned 192 = 128 + 64 err 0
2022-12-26 08:43:28.850 22983-23063 AudioTrack              pid-22983                            V  obtainBuffer(64) returned 64 = 64 + 0 err 0
2022-12-26 08:43:28.854 22983-23063 AudioTrack              pid-22983                            V  obtainBuffer(192) returned 192 = 192 + 0 err 0
2022-12-26 08:43:28.885 22983-23063 chatty                  pid-22983                            I  uid=10213(com.inforcegames.app3dmodelling) AudioTrack identical 8 lines
2022-12-26 08:43:28.890 22983-23063 AudioTrack              pid-22983                            V  obtainBuffer(192) returned 192 = 192 + 0 err 0
2022-12-26 08:43:28.894 22983-23063 AudioTrack              pid-22983                            V  obtainBuffer(192) returned 192 = 64 + 128 err 0
2022-12-26 08:43:28.894 22983-23063 AudioTrack              pid-22983                            V  obtainBuffer(128) returned 128 = 128 + 0 err 0
2022-12-26 08:43:28.897 22983-23063 AudioTrack              pid-22983                            V  obtainBuffer(192) returned 192 = 192 + 0 err 0
2022-12-26 08:43:28.969 22983-23063 chatty                  pid-22983                            I  uid=10213(com.inforcegames.app3dmodelling) AudioTrack identical 18 lines
2022-12-26 08:43:28.973 22983-23063 AudioTrack              pid-22983                            V  obtainBuffer(192) returned 192 = 192 + 0 err 0
2022-12-26 08:43:28.977 22983-23063 AudioTrack              pid-22983                            V  obtainBuffer(192) returned 192 = 128 + 64 err 0
2022-12-26 08:43:28.977 22983-23063 AudioTrack              pid-22983                            V  obtainBuffer(64) returned 64 = 64 + 0 err 0
2022-12-26 08:43:28.981 22983-23063 AudioTrack              pid-22983                            V  obtainBuffer(192) returned 192 = 192 + 0 err 0
2022-12-26 08:43:29.013 22983-23063 chatty                  pid-22983                            I  uid=10213(com.inforcegames.app3dmodelling) AudioTrack identical 8 lines
2022-12-26 08:43:29.017 22983-23063 AudioTrack              pid-22983                            V  obtainBuffer(192) returned 192 = 192 + 0 err 0
2022-12-26 08:43:29.021 22983-23063 AudioTrack              pid-22983                            V  obtainBuffer(192) returned 192 = 64 + 128 err 0
2022-12-26 08:43:29.021 22983-23063 AudioTrack              pid-22983                            V  obtainBuffer(128) returned 128 = 128 + 0 err 0
2022-12-26 08:43:29.025 22983-23063 AudioTrack              pid-22983                            V  obtainBuffer(192) returned 192 = 192 + 0 err 0
2022-12-26 08:43:29.097 22983-23063 chatty                  pid-22983                            I  uid=10213(com.inforcegames.app3dmodelling) AudioTrack identical 18 lines
2022-12-26 08:43:29.101 22983-23063 AudioTrack              pid-22983                            V  obtainBuffer(192) returned 192 = 192 + 0 err 0
2022-12-26 08:43:29.105 22983-23063 AudioTrack              pid-22983                            V  obtainBuffer(192) returned 192 = 128 + 64 err 0
2022-12-26 08:43:29.105 22983-23063 AudioTrack              pid-22983                            V  obtainBuffer(64) returned 64 = 64 + 0 err 0
2022-12-26 08:43:29.109 22983-23063 AudioTrack              pid-22983                            V  obtainBuffer(192) returned 192 = 192 + 0 err 0
2022-12-26 08:43:29.141 22983-23063 chatty                  pid-22983                            I  uid=10213(com.inforcegames.app3dmodelling) AudioTrack identical 8 lines
2022-12-26 08:43:29.145 22983-23063 AudioTrack              pid-22983                            V  obtainBuffer(192) returned 192 = 192 + 0 err 0
2022-12-26 08:43:29.149 22983-23063 AudioTrack              pid-22983                            V  obtainBuffer(192) returned 192 = 64 + 128 err 0
2022-12-26 08:43:29.149 22983-23063 AudioTrack              pid-22983                            V  obtainBuffer(128) returned 128 = 128 + 0 err 0
2022-12-26 08:43:29.154 22983-23063 AudioTrack              pid-22983                            V  obtainBuffer(192) returned 192 = 192 + 0 err 0
2022-12-26 08:43:29.157 22983-23063 AudioTrack              pid-22983                            V  obtainBuffer(192) returned 192 = 192 + 0 err 0
2022-12-26 08:43:29.159  1302-1463  ThermalEngine           pid-1302                             D  sensor_wait: quiet_therm Wait done.
2022-12-26 08:43:29.160  1302-1463  ThermalEngine           pid-1302                             D  sensor_monitor: quiet_therm Reading 31000 .
2022-12-26 08:43:29.160  1302-1463  ThermalEngine           pid-1302                             I  Sensor:quiet_therm:31000 mC
2022-12-26 08:43:29.161  1302-1463  ThermalEngine           pid-1302                             D  update_active_thresh: quiet_therm Active(1), Hi(1) 40000, Lo(0) -2147483648, desc(0) Interval(1) 1000
2022-12-26 08:43:29.161  1302-1463  ThermalEngine           pid-1302                             D  sensor_monitor: quiet_therm Sensor wait.
2022-12-26 08:43:29.161  1302-1463  ThermalEngine           pid-1302                             D  sensor_wait: quiet_therm Wait start. 1000ms
2022-12-26 08:43:29.162 22983-23063 AudioTrack              pid-22983                            V  obtainBuffer(192) returned 192 = 192 + 0 err 0
2022-12-26 08:43:29.165 22983-23063 AudioTrack              pid-22983                            V  obtainBuffer(192) returned 192 = 192 + 0 err 0
2022-12-26 08:43:29.167  1302-1462  ThermalEngine           pid-1302                             D  sensor_wait: msm_therm Wait done.
2022-12-26 08:43:29.169  1302-1462  ThermalEngine           pid-1302                             D  sensor_monitor: msm_therm Reading 32000 .
2022-12-26 08:43:29.169  1302-1462  ThermalEngine           pid-1302                             I  Sensor:msm_therm:32000 mC
2022-12-26 08:43:29.169  1302-1462  ThermalEngine           pid-1302                             D  update_active_thresh: msm_therm Active(1), Hi(1) 44000, Lo(0) -2147483648, desc(0) Interval(1) 1000
2022-12-26 08:43:29.169  1302-1462  ThermalEngine           pid-1302                             D  sensor_monitor: msm_therm Sensor wait.
2022-12-26 08:43:29.169  1302-1462  ThermalEngine           pid-1302                             D  sensor_wait: msm_therm Wait start. 1000ms
2022-12-26 08:43:29.169 22983-23063 AudioTrack              pid-22983                            V  obtainBuffer(192) returned 192 = 192 + 0 err 0
2022-12-26 08:43:29.226 22983-23063 chatty                  pid-22983                            I  uid=10213(com.inforcegames.app3dmodelling) AudioTrack identical 14 lines
2022-12-26 08:43:29.230 22983-23063 AudioTrack              pid-22983                            V  obtainBuffer(192) returned 192 = 192 + 0 err 0
2022-12-26 08:43:29.233 22983-23063 AudioTrack              pid-22983                            V  obtainBuffer(192) returned 192 = 128 + 64 err 0
2022-12-26 08:43:29.233 22983-23063 AudioTrack              pid-22983                            V  obtainBuffer(64) returned 64 = 64 + 0 err 0
2022-12-26 08:43:29.237 22983-23063 AudioTrack              pid-22983                            V  obtainBuffer(192) returned 192 = 192 + 0 err 0
2022-12-26 08:43:29.269 22983-23063 chatty                  pid-22983                            I  uid=10213(com.inforcegames.app3dmodelling) AudioTrack identical 8 lines
2022-12-26 08:43:29.273 22983-23063 AudioTrack              pid-22983                            V  obtainBuffer(192) returned 192 = 192 + 0 err 0
2022-12-26 08:43:29.277 22983-23063 AudioTrack              pid-22983                            V  obtainBuffer(192) returned 192 = 64 + 128 err 0
2022-12-26 08:43:29.278 22983-23063 AudioTrack              pid-22983                            V  obtainBuffer(128) returned 128 = 128 + 0 err 0
2022-12-26 08:43:29.281 22983-23063 AudioTrack              pid-22983                            V  obtainBuffer(192) returned 192 = 192 + 0 err 0
2022-12-26 08:43:29.354 22983-23063 chatty                  pid-22983                            I  uid=10213(com.inforcegames.app3dmodelling) AudioTrack identical 18 lines
2022-12-26 08:43:29.357 22983-23063 AudioTrack              pid-22983                            V  obtainBuffer(192) returned 192 = 192 + 0 err 0
2022-12-26 08:43:29.363 22983-23063 AudioTrack              pid-22983                            V  obtainBuffer(192) returned 192 = 128 + 64 err 0
2022-12-26 08:43:29.363 22983-23063 AudioTrack              pid-22983                            V  obtainBuffer(64) returned 64 = 64 + 0 err 0
2022-12-26 08:43:29.365 22983-23063 AudioTrack              pid-22983                            V  obtainBuffer(192) returned 192 = 192 + 0 err 0
2022-12-26 08:43:29.398 22983-23063 chatty                  pid-22983                            I  uid=10213(com.inforcegames.app3dmodelling) AudioTrack identical 8 lines
2022-12-26 08:43:29.401 22983-23063 AudioTrack              pid-22983                            V  obtainBuffer(192) returned 192 = 192 + 0 err 0
2022-12-26 08:43:29.406 22983-23063 AudioTrack              pid-22983                            V  obtainBuffer(192) returned 192 = 64 + 128 err 0
2022-12-26 08:43:29.406 22983-23063 AudioTrack              pid-22983                            V  obtainBuffer(128) returned 128 = 128 + 0 err 0
2022-12-26 08:43:29.410 22983-23063 AudioTrack              pid-22983                            V  obtainBuffer(192) returned 192 = 192 + 0 err 0
2022-12-26 08:43:29.481 22983-23063 chatty                  pid-22983                            I  uid=10213(com.inforcegames.app3dmodelling) AudioTrack identical 18 lines
2022-12-26 08:43:29.485 22983-23063 AudioTrack              pid-22983                            V  obtainBuffer(192) returned 192 = 192 + 0 err 0
2022-12-26 08:43:29.489 22983-23063 AudioTrack              pid-22983                            V  obtainBuffer(192) returned 192 = 128 + 64 err 0
2022-12-26 08:43:29.489 22983-23063 AudioTrack              pid-22983                            V  obtainBuffer(64) returned 64 = 64 + 0 err 0
2022-12-26 08:43:29.494 22983-23063 AudioTrack              pid-22983                            V  obtainBuffer(192) returned 192 = 192 + 0 err 0
2022-12-26 08:43:29.525 22983-23063 chatty                  pid-22983                            I  uid=10213(com.inforcegames.app3dmodelling) AudioTrack identical 8 lines
2022-12-26 08:43:29.529 22983-23063 AudioTrack              pid-22983                            V  obtainBuffer(192) returned 192 = 192 + 0 err 0
2022-12-26 08:43:29.534 22983-23063 AudioTrack              pid-22983                            V  obtainBuffer(192) returned 192 = 64 + 128 err 0
2022-12-26 08:43:29.534 22983-23063 AudioTrack              pid-22983                            V  obtainBuffer(128) returned 128 = 128 + 0 err 0
2022-12-26 08:43:29.537 22983-23063 AudioTrack              pid-22983                            V  obtainBuffer(192) returned 192 = 192 + 0 err 0
2022-12-26 08:43:29.609 22983-23063 chatty                  pid-22983                            I  uid=10213(com.inforcegames.app3dmodelling) AudioTrack identical 18 lines
2022-12-26 08:43:29.613 22983-23063 AudioTrack              pid-22983                            V  obtainBuffer(192) returned 192 = 192 + 0 err 0
2022-12-26 08:43:29.617 22983-23063 AudioTrack              pid-22983                            V  obtainBuffer(192) returned 192 = 128 + 64 err 0
2022-12-26 08:43:29.617 22983-23063 AudioTrack              pid-22983                            V  obtainBuffer(64) returned 64 = 64 + 0 err 0
2022-12-26 08:43:29.621 22983-23063 AudioTrack              pid-22983                            V  obtainBuffer(192) returned 192 = 192 + 0 err 0
2022-12-26 08:43:29.653 22983-23063 chatty                  pid-22983                            I  uid=10213(com.inforcegames.app3dmodelling) AudioTrack identical 8 lines
2022-12-26 08:43:29.657 22983-23063 AudioTrack              pid-22983                            V  obtainBuffer(192) returned 192 = 192 + 0 err 0
2022-12-26 08:43:29.662 22983-23063 AudioTrack              pid-22983                            V  obtainBuffer(192) returned 192 = 64 + 128 err 0
2022-12-26 08:43:29.662 22983-23063 AudioTrack              pid-22983                            V  obtainBuffer(128) returned 128 = 128 + 0 err 0
2022-12-26 08:43:29.665 22983-23063 AudioTrack              pid-22983                            V  obtainBuffer(192) returned 192 = 192 + 0 err 0
2022-12-26 08:43:29.717 22983-23063 chatty                  pid-22983                            I  uid=10213(com.inforcegames.app3dmodelling) AudioTrack identical 13 lines
2022-12-26 08:43:29.721 22983-23063 AudioTrack              pid-22983                            V  obtainBuffer(192) returned 192 = 192 + 0 err 0
2022-12-26 08:43:29.722  2820-5429  DPMJ                    pid-2820                             I  |REQ:RCVR| DPM creating socket
2022-12-26 08:43:29.725 22983-23063 AudioTrack              pid-22983                            V  obtainBuffer(192) returned 192 = 192 + 0 err 0
2022-12-26 08:43:29.737 22983-23063 chatty                  pid-22983                            I  uid=10213(com.inforcegames.app3dmodelling) AudioTrack identical 3 lines
2022-12-26 08:43:29.741 22983-23063 AudioTrack              pid-22983                            V  obtainBuffer(192) returned 192 = 192 + 0 err 0
2022-12-26 08:43:29.745 22983-23063 AudioTrack              pid-22983                            V  obtainBuffer(192) returned 192 = 128 + 64 err 0
2022-12-26 08:43:29.745 22983-23063 AudioTrack              pid-22983                            V  obtainBuffer(64) returned 64 = 64 + 0 err 0
2022-12-26 08:43:29.749 22983-23063 AudioTrack              pid-22983                            V  obtainBuffer(192) returned 192 = 192 + 0 err 0
2022-12-26 08:43:29.781 22983-23063 chatty                  pid-22983                            I  uid=10213(com.inforcegames.app3dmodelling) AudioTrack identical 8 lines
2022-12-26 08:43:29.785 22983-23063 AudioTrack              pid-22983                            V  obtainBuffer(192) returned 192 = 192 + 0 err 0
2022-12-26 08:43:29.789 22983-23063 AudioTrack              pid-22983                            V  obtainBuffer(192) returned 192 = 64 + 128 err 0
2022-12-26 08:43:29.789 22983-23063 AudioTrack              pid-22983                            V  obtainBuffer(128) returned 128 = 128 + 0 err 0
2022-12-26 08:43:29.793 22983-23063 AudioTrack              pid-22983                            V  obtainBuffer(192) returned 192 = 192 + 0 err 0
2022-12-26 08:43:29.865 22983-23063 chatty                  pid-22983                            I  uid=10213(com.inforcegames.app3dmodelling) AudioTrack identical 18 lines
2022-12-26 08:43:29.869 22983-23063 AudioTrack              pid-22983                            V  obtainBuffer(192) returned 192 = 192 + 0 err 0
2022-12-26 08:43:29.873 22983-23063 AudioTrack              pid-22983                            V  obtainBuffer(192) returned 192 = 128 + 64 err 0
2022-12-26 08:43:29.873 22983-23063 AudioTrack              pid-22983                            V  obtainBuffer(64) returned 64 = 64 + 0 err 0
2022-12-26 08:43:29.877 22983-23063 AudioTrack              pid-22983                            V  obtainBuffer(192) returned 192 = 192 + 0 err 0
2022-12-26 08:43:29.889 22983-23063 chatty                  pid-22983                            I  uid=10213(com.inforcegames.app3dmodelling) AudioTrack identical 3 lines
2022-12-26 08:43:29.893 22983-23063 AudioTrack              pid-22983                            V  obtainBuffer(192) returned 192 = 192 + 0 err 0
2022-12-26 08:43:29.895 13316-13316 SignalClusterView       pid-13316                            D  updateMobileTypeImage  0
2022-12-26 08:43:29.896 13316-13316 chatty                  pid-13316                            I  uid=1000(system) com.android.systemui identical 1 line
2022-12-26 08:43:29.897 13316-13316 SignalClusterView       pid-13316                            D  updateMobileTypeImage  0
2022-12-26 08:43:29.898 22983-23063 AudioTrack              pid-22983                            V  obtainBuffer(192) returned 192 = 192 + 0 err 0
2022-12-26 08:43:29.909 22983-23063 chatty                  pid-22983                            I  uid=10213(com.inforcegames.app3dmodelling) AudioTrack identical 3 lines
2022-12-26 08:43:29.913 22983-23063 AudioTrack              pid-22983                            V  obtainBuffer(192) returned 192 = 192 + 0 err 0
2022-12-26 08:43:29.917 22983-23063 AudioTrack              pid-22983                            V  obtainBuffer(192) returned 192 = 64 + 128 err 0
2022-12-26 08:43:29.917 22983-23063 AudioTrack              pid-22983                            V  obtainBuffer(128) returned 128 = 128 + 0 err 0
2022-12-26 08:43:29.921 22983-23063 AudioTrack              pid-22983                            V  obtainBuffer(192) returned 192 = 192 + 0 err 0
2022-12-26 08:43:29.994 22983-23063 chatty                  pid-22983                            I  uid=10213(com.inforcegames.app3dmodelling) AudioTrack identical 18 lines
2022-12-26 08:43:29.997 22983-23063 AudioTrack              pid-22983                            V  obtainBuffer(192) returned 192 = 192 + 0 err 0
2022-12-26 08:43:30.002 22983-23063 AudioTrack              pid-22983                            V  obtainBuffer(192) returned 192 = 128 + 64 err 0
2022-12-26 08:43:30.002 22983-23063 AudioTrack              pid-22983                            V  obtainBuffer(64) returned 64 = 64 + 0 err 0
2022-12-26 08:43:30.006 22983-23063 AudioTrack              pid-22983                            V  obtainBuffer(192) returned 192 = 192 + 0 err 0
2022-12-26 08:43:30.037 22983-23063 chatty                  pid-22983                            I  uid=10213(com.inforcegames.app3dmodelling) AudioTrack identical 8 lines
2022-12-26 08:43:30.041 22983-23063 AudioTrack              pid-22983                            V  obtainBuffer(192) returned 192 = 192 + 0 err 0
2022-12-26 08:43:30.045 22983-23063 AudioTrack              pid-22983                            V  obtainBuffer(192) returned 192 = 64 + 128 err 0
2022-12-26 08:43:30.045 22983-23063 AudioTrack              pid-22983                            V  obtainBuffer(128) returned 128 = 128 + 0 err 0
2022-12-26 08:43:30.049 22983-23063 AudioTrack              pid-22983                            V  obtainBuffer(192) returned 192 = 192 + 0 err 0
2022-12-26 08:43:30.122 22983-23063 chatty                  pid-22983                            I  uid=10213(com.inforcegames.app3dmodelling) AudioTrack identical 18 lines
2022-12-26 08:43:30.125 22983-23063 AudioTrack              pid-22983                            V  obtainBuffer(192) returned 192 = 192 + 0 err 0
2022-12-26 08:43:30.129 22983-23063 AudioTrack              pid-22983                            V  obtainBuffer(192) returned 192 = 128 + 64 err 0
2022-12-26 08:43:30.130 22983-23063 AudioTrack              pid-22983                            V  obtainBuffer(64) returned 64 = 64 + 0 err 0
2022-12-26 08:43:30.133 22983-23063 AudioTrack              pid-22983                            V  obtainBuffer(192) returned 192 = 192 + 0 err 0
2022-12-26 08:43:30.157 22983-23063 chatty                  pid-22983                            I  uid=10213(com.inforcegames.app3dmodelling) AudioTrack identical 6 lines
2022-12-26 08:43:30.160 22983-23063 AudioTrack              pid-22983                            V  obtainBuffer(192) returned 192 = 192 + 0 err 0
2022-12-26 08:43:30.163  1302-1463  ThermalEngine           pid-1302                             D  sensor_wait: quiet_therm Wait done.
2022-12-26 08:43:30.164  1302-1463  ThermalEngine           pid-1302                             D  sensor_monitor: quiet_therm Reading 31000 .
2022-12-26 08:43:30.164  1302-1463  ThermalEngine           pid-1302                             I  Sensor:quiet_therm:31000 mC
2022-12-26 08:43:30.164  1302-1463  ThermalEngine           pid-1302                             D  update_active_thresh: quiet_therm Active(1), Hi(1) 40000, Lo(0) -2147483648, desc(0) Interval(1) 1000
2022-12-26 08:43:30.164  1302-1463  ThermalEngine           pid-1302                             D  sensor_monitor: quiet_therm Sensor wait.
2022-12-26 08:43:30.164  1302-1463  ThermalEngine           pid-1302                             D  sensor_wait: quiet_therm Wait start. 1000ms
2022-12-26 08:43:30.165 22983-23063 AudioTrack              pid-22983                            V  obtainBuffer(192) returned 192 = 192 + 0 err 0
2022-12-26 08:43:30.169 22983-23063 AudioTrack              pid-22983                            V  obtainBuffer(192) returned 192 = 192 + 0 err 0
2022-12-26 08:43:30.169  1302-1462  ThermalEngine           pid-1302                             D  sensor_wait: msm_therm Wait done.
2022-12-26 08:43:30.170  1302-1462  ThermalEngine           pid-1302                             D  sensor_monitor: msm_therm Reading 32000 .
2022-12-26 08:43:30.170  1302-1462  ThermalEngine           pid-1302                             I  Sensor:msm_therm:32000 mC
2022-12-26 08:43:30.170  1302-1462  ThermalEngine           pid-1302                             D  update_active_thresh: msm_therm Active(1), Hi(1) 44000, Lo(0) -2147483648, desc(0) Interval(1) 1000
2022-12-26 08:43:30.170  1302-1462  ThermalEngine           pid-1302                             D  sensor_monitor: msm_therm Sensor wait.
2022-12-26 08:43:30.170  1302-1462  ThermalEngine           pid-1302                             D  sensor_wait: msm_therm Wait start. 1000ms
2022-12-26 08:43:30.173 22983-23063 AudioTrack              pid-22983                            V  obtainBuffer(192) returned 192 = 64 + 128 err 0
2022-12-26 08:43:30.173 22983-23063 AudioTrack              pid-22983                            V  obtainBuffer(128) returned 128 = 128 + 0 err 0
2022-12-26 08:43:30.177 22983-23063 AudioTrack              pid-22983                            V  obtainBuffer(192) returned 192 = 192 + 0 err 0
2022-12-26 08:43:30.233 22983-23063 chatty                  pid-22983                            I  uid=10213(com.inforcegames.app3dmodelling) AudioTrack identical 14 lines
2022-12-26 08:43:30.238 22983-23063 AudioTrack              pid-22983                            V  obtainBuffer(192) returned 192 = 192 + 0 err 0
2022-12-26 08:43:30.240  1302-1457  ThermalEngine           pid-1302                             D  sensor_wait: backlight_therm Wait done.
2022-12-26 08:43:30.241 22983-23063 AudioTrack              pid-22983                            V  obtainBuffer(192) returned 192 = 192 + 0 err 0
2022-12-26 08:43:30.241  1302-1457  ThermalEngine           pid-1302                             D  sensor_monitor: backlight_therm Reading 27000 .
2022-12-26 08:43:30.241  1302-1457  ThermalEngine           pid-1302                             I  Sensor:backlight_therm:27000 mC
2022-12-26 08:43:30.241  1302-1457  ThermalEngine           pid-1302                             D  update_active_thresh: backlight_therm Active(1), Hi(1) 45000, Lo(0) -2147483648, desc(0) Interval(1) 2000
2022-12-26 08:43:30.241  1302-1457  ThermalEngine           pid-1302                             D  sensor_monitor: backlight_therm Sensor wait.
2022-12-26 08:43:30.241  1302-1457  ThermalEngine           pid-1302                             D  sensor_wait: backlight_therm Wait start. 2000ms
2022-12-26 08:43:30.245 22983-23063 AudioTrack              pid-22983                            V  obtainBuffer(192) returned 192 = 192 + 0 err 0
2022-12-26 08:43:30.249 22983-23063 chatty                  pid-22983                            I  uid=10213(com.inforcegames.app3dmodelling) AudioTrack identical 1 line
2022-12-26 08:43:30.254 22983-23063 AudioTrack              pid-22983                            V  obtainBuffer(192) returned 192 = 192 + 0 err 0
2022-12-26 08:43:30.257 22983-23063 AudioTrack              pid-22983                            V  obtainBuffer(192) returned 192 = 128 + 64 err 0
2022-12-26 08:43:30.257 22983-23063 AudioTrack              pid-22983                            V  obtainBuffer(64) returned 64 = 64 + 0 err 0
2022-12-26 08:43:30.261 22983-23063 AudioTrack              pid-22983                            V  obtainBuffer(192) returned 192 = 192 + 0 err 0
2022-12-26 08:43:30.293 22983-23063 chatty                  pid-22983                            I  uid=10213(com.inforcegames.app3dmodelling) AudioTrack identical 8 lines
2022-12-26 08:43:30.297 22983-23063 AudioTrack              pid-22983                            V  obtainBuffer(192) returned 192 = 192 + 0 err 0
2022-12-26 08:43:30.301 22983-23063 AudioTrack              pid-22983                            V  obtainBuffer(192) returned 192 = 64 + 128 err 0
2022-12-26 08:43:30.301 22983-23063 AudioTrack              pid-22983                            V  obtainBuffer(128) returned 128 = 128 + 0 err 0
2022-12-26 08:43:30.306 22983-23063 AudioTrack              pid-22983                            V  obtainBuffer(192) returned 192 = 192 + 0 err 0
2022-12-26 08:43:30.377 22983-23063 chatty                  pid-22983                            I  uid=10213(com.inforcegames.app3dmodelling) AudioTrack identical 18 lines
2022-12-26 08:43:30.381 22983-23063 AudioTrack              pid-22983                            V  obtainBuffer(192) returned 192 = 192 + 0 err 0
2022-12-26 08:43:30.385 22983-23063 AudioTrack              pid-22983                            V  obtainBuffer(192) returned 192 = 128 + 64 err 0
2022-12-26 08:43:30.386 22983-23063 AudioTrack              pid-22983                            V  obtainBuffer(64) returned 64 = 64 + 0 err 0
2022-12-26 08:43:30.389 22983-23063 AudioTrack              pid-22983                            V  obtainBuffer(192) returned 192 = 192 + 0 err 0
2022-12-26 08:43:30.397 22983-23063 chatty                  pid-22983                            I  uid=10213(com.inforcegames.app3dmodelling) AudioTrack identical 2 lines
2022-12-26 08:43:30.402 22983-23063 AudioTrack              pid-22983                            V  obtainBuffer(192) returned 192 = 192 + 0 err 0
2022-12-26 08:43:30.406   688-4296  audio_hw_spkr_prot      pid-688                              D  audio_extn_fbsp_get_parameters: Speaker protection disabled
2022-12-26 08:43:30.406 22983-23063 AudioTrack              pid-22983                            V  obtainBuffer(192) returned 192 = 192 + 0 err 0
2022-12-26 08:43:30.406   688-4296  audio_hw_extn           pid-688                              D  audio_extn_get_parameters: returns 
2022-12-26 08:43:30.406   743-18565 hash_map_utils          pid-743                              I  key: 'hifi_mode' value: ''
2022-12-26 08:43:30.409 22983-23063 AudioTrack              pid-22983                            V  obtainBuffer(192) returned 192 = 192 + 0 err 0
2022-12-26 08:43:30.411 22983-15622 AudioManager            pid-22983                            D  getStreamVolume isRestricted mode = 0
2022-12-26 08:43:30.413 22983-23063 AudioTrack              pid-22983                            V  obtainBuffer(192) returned 192 = 192 + 0 err 0
2022-12-26 08:43:30.414   688-4296  audio_hw_spkr_prot      pid-688                              D  audio_extn_fbsp_get_parameters: Speaker protection disabled
2022-12-26 08:43:30.414   688-4296  audio_hw_extn           pid-688                              D  audio_extn_get_parameters: returns 
2022-12-26 08:43:30.415   743-11875 hash_map_utils          pid-743                              I  key: 'hifi_mode' value: ''
2022-12-26 08:43:30.417 22983-23063 AudioTrack              pid-22983                            V  obtainBuffer(192) returned 192 = 192 + 0 err 0
2022-12-26 08:43:30.421 22983-23063 chatty                  pid-22983                            I  uid=10213(com.inforcegames.app3dmodelling) AudioTrack identical 1 line
2022-12-26 08:43:30.425 22983-23063 AudioTrack              pid-22983                            V  obtainBuffer(192) returned 192 = 192 + 0 err 0
2022-12-26 08:43:30.430 22983-23063 AudioTrack              pid-22983                            V  obtainBuffer(192) returned 192 = 64 + 128 err 0
2022-12-26 08:43:30.430 22983-23063 AudioTrack              pid-22983                            V  obtainBuffer(128) returned 128 = 128 + 0 err 0
2022-12-26 08:43:30.433 22983-23063 AudioTrack              pid-22983                            V  obtainBuffer(192) returned 192 = 192 + 0 err 0
2022-12-26 08:43:30.489 22983-23063 chatty                  pid-22983                            I  uid=10213(com.inforcegames.app3dmodelling) AudioTrack identical 14 lines
2022-12-26 08:43:30.492 22983-23063 AudioTrack              pid-22983                            V  obtainBuffer(192) returned 192 = 192 + 0 err 0
2022-12-26 08:43:30.495  2853-2853  QtiCarrierConfigHelper  pid-2853                             D  WARNING, no carrier configs on phone Id: 0
2022-12-26 08:43:30.496  3526-4111  PowerCheckerService     pid-3526                             D  onBatteryChanged, mBatteryLevel = 35, status = 2, level = 35, plug = 1, scale = 100
2022-12-26 08:43:30.497 10811-10811 BatteryInfoReceiver     pid-10811                            I  ACTION_BATTERY_CHANGED
2022-12-26 08:43:30.497 22983-23063 AudioTrack              pid-22983                            V  obtainBuffer(192) returned 192 = 192 + 0 err 0
2022-12-26 08:43:30.497  2280-4370  LocSvc_HID...iption_jni pid-2280                             V  battery_level_update
2022-12-26 08:43:30.497  2280-2300  UsbDeviceManager        pid-2280                             E  handle message = 9
2022-12-26 08:43:30.497  2280-4370  LocSvc_HID...iption_jni pid-2280                             V  [battery_level_update][931] [HC] =>> [HS]
2022-12-26 08:43:30.498   713-713   LocSvc_HID...bscription pid-713                              V  [batteryLevelUpdate][777] [HS] <<<<= [HC]
2022-12-26 08:43:30.498  2280-4370  LocSvc_HID...iption_jni pid-2280                             V  Exit Result 0
2022-12-26 08:43:30.501 22983-23063 AudioTrack              pid-22983                            V  obtainBuffer(192) returned 192 = 192 + 0 err 0
2022-12-26 08:43:30.501 13316-13316 KeyguardUpdateMonitor   pid-13316                            D  received broadcast android.intent.action.BATTERY_CHANGED
2022-12-26 08:43:30.503 10811-10811 PowerNoticeUI           pid-10811                            I  handleBatteryChanged oldPlugType 1 mPlugType 1 oldBatteryLevel 35 mBatteryLevel 35 temperature 280
2022-12-26 08:43:30.505 22983-23063 AudioTrack              pid-22983                            V  obtainBuffer(192) returned 192 = 192 + 0 err 0
2022-12-26 08:43:30.509 22983-23063 AudioTrack              pid-22983                            V  obtainBuffer(192) returned 192 = 192 + 0 err 0
2022-12-26 08:43:30.513 22983-23063 AudioTrack              pid-22983                            V  obtainBuffer(192) returned 192 = 128 + 64 err 0
2022-12-26 08:43:30.513 22983-23063 AudioTrack              pid-22983                            V  obtainBuffer(64) returned 64 = 64 + 0 err 0
2022-12-26 08:43:30.517 22983-23063 AudioTrack              pid-22983                            V  obtainBuffer(192) returned 192 = 192 + 0 err 0
2022-12-26 08:43:30.549 22983-23063 chatty                  pid-22983                            I  uid=10213(com.inforcegames.app3dmodelling) AudioTrack identical 8 lines
2022-12-26 08:43:30.553 22983-23063 AudioTrack              pid-22983                            V  obtainBuffer(192) returned 192 = 192 + 0 err 0
2022-12-26 08:43:30.557 22983-23063 AudioTrack              pid-22983                            V  obtainBuffer(192) returned 192 = 64 + 128 err 0
2022-12-26 08:43:30.557 22983-23063 AudioTrack              pid-22983                            V  obtainBuffer(128) returned 128 = 128 + 0 err 0
2022-12-26 08:43:30.561 22983-23063 AudioTrack              pid-22983                            V  obtainBuffer(192) returned 192 = 192 + 0 err 0
2022-12-26 08:43:30.634 22983-23063 chatty                  pid-22983                            I  uid=10213(com.inforcegames.app3dmodelling) AudioTrack identical 18 lines
2022-12-26 08:43:30.637 22983-23063 AudioTrack              pid-22983                            V  obtainBuffer(192) returned 192 = 192 + 0 err 0
2022-12-26 08:43:30.641 22983-23063 AudioTrack              pid-22983                            V  obtainBuffer(192) returned 192 = 128 + 64 err 0
2022-12-26 08:43:30.641 22983-23063 AudioTrack              pid-22983                            V  obtainBuffer(64) returned 64 = 64 + 0 err 0
2022-12-26 08:43:30.646 22983-23063 AudioTrack              pid-22983                            V  obtainBuffer(192) returned 192 = 192 + 0 err 0
2022-12-26 08:43:30.677 22983-23063 chatty                  pid-22983                            I  uid=10213(com.inforcegames.app3dmodelling) AudioTrack identical 8 lines
2022-12-26 08:43:30.681 22983-23063 AudioTrack              pid-22983                            V  obtainBuffer(192) returned 192 = 192 + 0 err 0
2022-12-26 08:43:30.685 22983-23063 AudioTrack              pid-22983                            V  obtainBuffer(192) returned 192 = 64 + 128 err 0
2022-12-26 08:43:30.685 22983-23063 AudioTrack              pid-22983                            V  obtainBuffer(128) returned 128 = 128 + 0 err 0
2022-12-26 08:43:30.689 22983-23063 AudioTrack              pid-22983                            V  obtainBuffer(192) returned 192 = 192 + 0 err 0
2022-12-26 08:43:30.761 22983-23063 chatty                  pid-22983                            I  uid=10213(com.inforcegames.app3dmodelling) AudioTrack identical 18 lines
2022-12-26 08:43:30.766 22983-23063 AudioTrack              pid-22983                            V  obtainBuffer(192) returned 192 = 192 + 0 err 0
2022-12-26 08:43:30.769 22983-23063 AudioTrack              pid-22983                            V  obtainBuffer(192) returned 192 = 128 + 64 err 0
2022-12-26 08:43:30.769 22983-23063 AudioTrack              pid-22983                            V  obtainBuffer(64) returned 64 = 64 + 0 err 0
2022-12-26 08:43:30.773 22983-23063 AudioTrack              pid-22983                            V  obtainBuffer(192) returned 192 = 192 + 0 err 0
2022-12-26 08:43:30.805 22983-23063 chatty                  pid-22983                            I  uid=10213(com.inforcegames.app3dmodelling) AudioTrack identical 8 lines
2022-12-26 08:43:30.809 22983-23063 AudioTrack              pid-22983                            V  obtainBuffer(192) returned 192 = 192 + 0 err 0
2022-12-26 08:43:30.813 22983-23063 AudioTrack              pid-22983                            V  obtainBuffer(192) returned 192 = 64 + 128 err 0
2022-12-26 08:43:30.813 22983-23063 AudioTrack              pid-22983                            V  obtainBuffer(128) returned 128 = 128 + 0 err 0
2022-12-26 08:43:30.818 22983-23063 AudioTrack              pid-22983                            V  obtainBuffer(192) returned 192 = 192 + 0 err 0
