2022-12-26 08:43:30.889 22983-23063 chatty                  pid-22983                            I  uid=10213(com.inforcegames.app3dmodelling) AudioTrack identical 18 lines
2022-12-26 08:43:30.893 22983-23063 AudioTrack              pid-22983                            V  obtainBuffer(192) returned 192 = 192 + 0 err 0
2022-12-26 08:43:30.897 22983-23063 AudioTrack              pid-22983                            V  obtainBuffer(192) returned 192 = 128 + 64 err 0
2022-12-26 08:43:30.897 22983-23063 AudioTrack              pid-22983                            V  obtainBuffer(64) returned 64 = 64 + 0 err 0
2022-12-26 08:43:30.901 22983-23063 AudioTrack              pid-22983                            V  obtainBuffer(192) returned 192 = 192 + 0 err 0
2022-12-26 08:43:30.934 22983-23063 chatty                  pid-22983                            I  uid=10213(com.inforcegames.app3dmodelling) AudioTrack identical 8 lines
2022-12-26 08:43:30.937 22983-23063 AudioTrack              pid-22983                            V  obtainBuffer(192) returned 192 = 192 + 0 err 0
2022-12-26 08:43:30.941 22983-23063 AudioTrack              pid-22983                            V  obtainBuffer(192) returned 192 = 64 + 128 err 0
2022-12-26 08:43:30.941 22983-23063 AudioTrack              pid-22983                            V  obtainBuffer(128) returned 128 = 128 + 0 err 0
2022-12-26 08:43:30.945 22983-23063 AudioTrack              pid-22983                            V  obtainBuffer(192) returned 192 = 192 + 0 err 0
2022-12-26 08:43:31.017 22983-23063 chatty                  pid-22983                            I  uid=10213(com.inforcegames.app3dmodelling) AudioTrack identical 18 lines
2022-12-26 08:43:31.021 22983-23063 AudioTrack              pid-22983                            V  obtainBuffer(192) returned 192 = 192 + 0 err 0
2022-12-26 08:43:31.025 22983-23063 AudioTrack              pid-22983                            V  obtainBuffer(192) returned 192 = 128 + 64 err 0
2022-12-26 08:43:31.025 22983-23063 AudioTrack              pid-22983                            V  obtainBuffer(64) returned 64 = 64 + 0 err 0
2022-12-26 08:43:31.029 22983-23063 AudioTrack              pid-22983                            V  obtainBuffer(192) returned 192 = 192 + 0 err 0
2022-12-26 08:43:31.061 22983-23063 chatty                  pid-22983                            I  uid=10213(com.inforcegames.app3dmodelling) AudioTrack identical 8 lines
2022-12-26 08:43:31.066 22983-23063 AudioTrack              pid-22983                            V  obtainBuffer(192) returned 192 = 192 + 0 err 0
2022-12-26 08:43:31.069 22983-23063 AudioTrack              pid-22983                            V  obtainBuffer(192) returned 192 = 64 + 128 err 0
2022-12-26 08:43:31.069 22983-23063 AudioTrack              pid-22983                            V  obtainBuffer(128) returned 128 = 128 + 0 err 0
2022-12-26 08:43:31.073 22983-23063 AudioTrack              pid-22983                            V  obtainBuffer(192) returned 192 = 192 + 0 err 0
2022-12-26 08:43:31.145 22983-23063 chatty                  pid-22983                            I  uid=10213(com.inforcegames.app3dmodelling) AudioTrack identical 18 lines
2022-12-26 08:43:31.149 22983-23063 AudioTrack              pid-22983                            V  obtainBuffer(192) returned 192 = 192 + 0 err 0
2022-12-26 08:43:31.153 22983-23063 AudioTrack              pid-22983                            V  obtainBuffer(192) returned 192 = 128 + 64 err 0
2022-12-26 08:43:31.153 22983-23063 AudioTrack              pid-22983                            V  obtainBuffer(64) returned 64 = 64 + 0 err 0
2022-12-26 08:43:31.157 22983-23063 AudioTrack              pid-22983                            V  obtainBuffer(192) returned 192 = 192 + 0 err 0
2022-12-26 08:43:31.161 22983-23063 AudioTrack              pid-22983                            V  obtainBuffer(192) returned 192 = 192 + 0 err 0
2022-12-26 08:43:31.164  1302-1463  ThermalEngine           pid-1302                             D  sensor_wait: quiet_therm Wait done.
2022-12-26 08:43:31.166  1302-1463  ThermalEngine           pid-1302                             D  sensor_monitor: quiet_therm Reading 31000 .
2022-12-26 08:43:31.166  1302-1463  ThermalEngine           pid-1302                             I  Sensor:quiet_therm:31000 mC
2022-12-26 08:43:31.166  1302-1463  ThermalEngine           pid-1302                             D  update_active_thresh: quiet_therm Active(1), Hi(1) 40000, Lo(0) -2147483648, desc(0) Interval(1) 1000
2022-12-26 08:43:31.166  1302-1463  ThermalEngine           pid-1302                             D  sensor_monitor: quiet_therm Sensor wait.
2022-12-26 08:43:31.166  1302-1463  ThermalEngine           pid-1302                             D  sensor_wait: quiet_therm Wait start. 1000ms
2022-12-26 08:43:31.166 22983-23063 AudioTrack              pid-22983                            V  obtainBuffer(192) returned 192 = 192 + 0 err 0
2022-12-26 08:43:31.170  1302-1462  ThermalEngine           pid-1302                             D  sensor_wait: msm_therm Wait done.
2022-12-26 08:43:31.170 22983-23063 AudioTrack              pid-22983                            V  obtainBuffer(192) returned 192 = 192 + 0 err 0
2022-12-26 08:43:31.171  1302-1462  ThermalEngine           pid-1302                             D  sensor_monitor: msm_therm Reading 32000 .
2022-12-26 08:43:31.171  1302-1462  ThermalEngine           pid-1302                             I  Sensor:msm_therm:32000 mC
2022-12-26 08:43:31.171  1302-1462  ThermalEngine           pid-1302                             D  update_active_thresh: msm_therm Active(1), Hi(1) 44000, Lo(0) -2147483648, desc(0) Interval(1) 1000
2022-12-26 08:43:31.171  1302-1462  ThermalEngine           pid-1302                             D  sensor_monitor: msm_therm Sensor wait.
2022-12-26 08:43:31.171  1302-1462  ThermalEngine           pid-1302                             D  sensor_wait: msm_therm Wait start. 1000ms
2022-12-26 08:43:31.173 22983-23063 AudioTrack              pid-22983                            V  obtainBuffer(192) returned 192 = 192 + 0 err 0
2022-12-26 08:43:31.189 22983-23063 chatty                  pid-22983                            I  uid=10213(com.inforcegames.app3dmodelling) AudioTrack identical 4 lines
2022-12-26 08:43:31.194 22983-23063 AudioTrack              pid-22983                            V  obtainBuffer(192) returned 192 = 192 + 0 err 0
2022-12-26 08:43:31.198 22983-23063 AudioTrack              pid-22983                            V  obtainBuffer(192) returned 192 = 64 + 128 err 0
2022-12-26 08:43:31.198 22983-23063 AudioTrack              pid-22983                            V  obtainBuffer(128) returned 128 = 128 + 0 err 0
2022-12-26 08:43:31.201 22983-23063 AudioTrack              pid-22983                            V  obtainBuffer(192) returned 192 = 192 + 0 err 0
2022-12-26 08:43:31.233 22983-23063 chatty                  pid-22983                            I  uid=10213(com.inforcegames.app3dmodelling) AudioTrack identical 8 lines
2022-12-26 08:43:31.238 22983-23063 AudioTrack              pid-22983                            V  obtainBuffer(192) returned 192 = 192 + 0 err 0
2022-12-26 08:43:31.242 22983-23027 AudioManager            pid-22983                            D  getStreamVolume isRestricted mode = 0
2022-12-26 08:43:31.242 22983-23063 AudioTrack              pid-22983                            V  obtainBuffer(192) returned 192 = 192 + 0 err 0
2022-12-26 08:43:31.246 22983-23063 AudioTrack              pid-22983                            V  obtainBuffer(192) returned 192 = 192 + 0 err 0
2022-12-26 08:43:31.246   688-4296  audio_hw_spkr_prot      pid-688                              D  audio_extn_fbsp_get_parameters: Speaker protection disabled
2022-12-26 08:43:31.247   688-4296  audio_hw_extn           pid-688                              D  audio_extn_get_parameters: returns 
2022-12-26 08:43:31.247   743-11875 hash_map_utils          pid-743                              I  key: 'hifi_mode' value: ''
2022-12-26 08:43:31.250 22983-23063 AudioTrack              pid-22983                            V  obtainBuffer(192) returned 192 = 192 + 0 err 0
2022-12-26 08:43:31.251   688-4296  audio_hw_spkr_prot      pid-688                              D  audio_extn_fbsp_get_parameters: Speaker protection disabled
2022-12-26 08:43:31.251   688-4296  audio_hw_extn           pid-688                              D  audio_extn_get_parameters: returns 
2022-12-26 08:43:31.252   743-11875 hash_map_utils          pid-743                              I  key: 'hifi_mode' value: ''
2022-12-26 08:43:31.253 22983-23063 AudioTrack              pid-22983                            V  obtainBuffer(192) returned 192 = 192 + 0 err 0
2022-12-26 08:43:31.274 22983-23063 chatty                  pid-22983                            I  uid=10213(com.inforcegames.app3dmodelling) AudioTrack identical 5 lines
2022-12-26 08:43:31.277 22983-23063 AudioTrack              pid-22983                            V  obtainBuffer(192) returned 192 = 192 + 0 err 0
2022-12-26 08:43:31.282 22983-23063 AudioTrack              pid-22983                            V  obtainBuffer(192) returned 192 = 128 + 64 err 0
2022-12-26 08:43:31.282 22983-23063 AudioTrack              pid-22983                            V  obtainBuffer(64) returned 64 = 64 + 0 err 0
2022-12-26 08:43:31.285 22983-23063 AudioTrack              pid-22983                            V  obtainBuffer(192) returned 192 = 192 + 0 err 0
2022-12-26 08:43:31.318 22983-23063 chatty                  pid-22983                            I  uid=10213(com.inforcegames.app3dmodelling) AudioTrack identical 8 lines
2022-12-26 08:43:31.322 22983-23063 AudioTrack              pid-22983                            V  obtainBuffer(192) returned 192 = 192 + 0 err 0
2022-12-26 08:43:31.326 22983-23063 AudioTrack              pid-22983                            V  obtainBuffer(192) returned 192 = 64 + 128 err 0
2022-12-26 08:43:31.326 22983-23063 AudioTrack              pid-22983                            V  obtainBuffer(128) returned 128 = 128 + 0 err 0
2022-12-26 08:43:31.330 22983-23063 AudioTrack              pid-22983                            V  obtainBuffer(192) returned 192 = 192 + 0 err 0
2022-12-26 08:43:31.401 22983-23063 chatty                  pid-22983                            I  uid=10213(com.inforcegames.app3dmodelling) AudioTrack identical 18 lines
2022-12-26 08:43:31.405 22983-23063 AudioTrack              pid-22983                            V  obtainBuffer(192) returned 192 = 192 + 0 err 0
2022-12-26 08:43:31.409 22983-23063 AudioTrack              pid-22983                            V  obtainBuffer(192) returned 192 = 128 + 64 err 0
2022-12-26 08:43:31.409 22983-23063 AudioTrack              pid-22983                            V  obtainBuffer(64) returned 64 = 64 + 0 err 0
2022-12-26 08:43:31.413 22983-23063 AudioTrack              pid-22983                            V  obtainBuffer(192) returned 192 = 192 + 0 err 0
2022-12-26 08:43:31.446 22983-23063 chatty                  pid-22983                            I  uid=10213(com.inforcegames.app3dmodelling) AudioTrack identical 8 lines
2022-12-26 08:43:31.450 22983-23063 AudioTrack              pid-22983                            V  obtainBuffer(192) returned 192 = 192 + 0 err 0
2022-12-26 08:43:31.454 22983-23063 AudioTrack              pid-22983                            V  obtainBuffer(192) returned 192 = 64 + 128 err 0
2022-12-26 08:43:31.454 22983-23063 AudioTrack              pid-22983                            V  obtainBuffer(128) returned 128 = 128 + 0 err 0
2022-12-26 08:43:31.457 22983-23063 AudioTrack              pid-22983                            V  obtainBuffer(192) returned 192 = 192 + 0 err 0
2022-12-26 08:43:31.530 22983-23063 chatty                  pid-22983                            I  uid=10213(com.inforcegames.app3dmodelling) AudioTrack identical 18 lines
2022-12-26 08:43:31.533 22983-23063 AudioTrack              pid-22983                            V  obtainBuffer(192) returned 192 = 192 + 0 err 0
2022-12-26 08:43:31.538 22983-23063 AudioTrack              pid-22983                            V  obtainBuffer(192) returned 192 = 128 + 64 err 0
2022-12-26 08:43:31.538 22983-23063 AudioTrack              pid-22983                            V  obtainBuffer(64) returned 64 = 64 + 0 err 0
2022-12-26 08:43:31.541 22983-23063 AudioTrack              pid-22983                            V  obtainBuffer(192) returned 192 = 192 + 0 err 0
2022-12-26 08:43:31.573 22983-23063 chatty                  pid-22983                            I  uid=10213(com.inforcegames.app3dmodelling) AudioTrack identical 8 lines
2022-12-26 08:43:31.578 22983-23063 AudioTrack              pid-22983                            V  obtainBuffer(192) returned 192 = 192 + 0 err 0
2022-12-26 08:43:31.581 22983-23063 AudioTrack              pid-22983                            V  obtainBuffer(192) returned 192 = 64 + 128 err 0
2022-12-26 08:43:31.581 22983-23063 AudioTrack              pid-22983                            V  obtainBuffer(128) returned 128 = 128 + 0 err 0
2022-12-26 08:43:31.585 22983-23063 AudioTrack              pid-22983                            V  obtainBuffer(192) returned 192 = 192 + 0 err 0
2022-12-26 08:43:31.657 22983-23063 chatty                  pid-22983                            I  uid=10213(com.inforcegames.app3dmodelling) AudioTrack identical 18 lines
2022-12-26 08:43:31.662 22983-23063 AudioTrack              pid-22983                            V  obtainBuffer(192) returned 192 = 192 + 0 err 0
2022-12-26 08:43:31.665 22983-23063 AudioTrack              pid-22983                            V  obtainBuffer(192) returned 192 = 128 + 64 err 0
2022-12-26 08:43:31.665 22983-23063 AudioTrack              pid-22983                            V  obtainBuffer(64) returned 64 = 64 + 0 err 0
2022-12-26 08:43:31.670 22983-23063 AudioTrack              pid-22983                            V  obtainBuffer(192) returned 192 = 192 + 0 err 0
2022-12-26 08:43:31.702 22983-23063 chatty                  pid-22983                            I  uid=10213(com.inforcegames.app3dmodelling) AudioTrack identical 8 lines
2022-12-26 08:43:31.705 22983-23063 AudioTrack              pid-22983                            V  obtainBuffer(192) returned 192 = 192 + 0 err 0
2022-12-26 08:43:31.709 22983-23063 AudioTrack              pid-22983                            V  obtainBuffer(192) returned 192 = 64 + 128 err 0
2022-12-26 08:43:31.709 22983-23063 AudioTrack              pid-22983                            V  obtainBuffer(128) returned 128 = 128 + 0 err 0
2022-12-26 08:43:31.713 22983-23063 AudioTrack              pid-22983                            V  obtainBuffer(192) returned 192 = 192 + 0 err 0
2022-12-26 08:43:31.785 22983-23063 chatty                  pid-22983                            I  uid=10213(com.inforcegames.app3dmodelling) AudioTrack identical 18 lines
2022-12-26 08:43:31.789 22983-23063 AudioTrack              pid-22983                            V  obtainBuffer(192) returned 192 = 192 + 0 err 0
2022-12-26 08:43:31.793 22983-23063 AudioTrack              pid-22983                            V  obtainBuffer(192) returned 192 = 128 + 64 err 0
2022-12-26 08:43:31.793 22983-23063 AudioTrack              pid-22983                            V  obtainBuffer(64) returned 64 = 64 + 0 err 0
2022-12-26 08:43:31.798 22983-23063 AudioTrack              pid-22983                            V  obtainBuffer(192) returned 192 = 192 + 0 err 0
2022-12-26 08:43:31.830 22983-23063 chatty                  pid-22983                            I  uid=10213(com.inforcegames.app3dmodelling) AudioTrack identical 8 lines
2022-12-26 08:43:31.833 22983-23063 AudioTrack              pid-22983                            V  obtainBuffer(192) returned 192 = 192 + 0 err 0
2022-12-26 08:43:31.837 22983-23063 AudioTrack              pid-22983                            V  obtainBuffer(192) returned 192 = 64 + 128 err 0
2022-12-26 08:43:31.837 22983-23063 AudioTrack              pid-22983                            V  obtainBuffer(128) returned 128 = 128 + 0 err 0
2022-12-26 08:43:31.842 22983-23063 AudioTrack              pid-22983                            V  obtainBuffer(192) returned 192 = 192 + 0 err 0
2022-12-26 08:43:31.893 22983-23063 chatty                  pid-22983                            I  uid=10213(com.inforcegames.app3dmodelling) AudioTrack identical 13 lines
2022-12-26 08:43:31.898 22983-23063 AudioTrack              pid-22983                            V  obtainBuffer(192) returned 192 = 192 + 0 err 0
2022-12-26 08:43:31.901 13316-13316 SignalClusterView       pid-13316                            D  updateMobileTypeImage  0
2022-12-26 08:43:31.901 22983-23063 AudioTrack              pid-22983                            V  obtainBuffer(192) returned 192 = 192 + 0 err 0
2022-12-26 08:43:31.903 13316-13316 SignalClusterView       pid-13316                            D  updateMobileTypeImage  0
2022-12-26 08:43:31.903 13316-13316 SignalClusterView       pid-13316                            D  updateMobileTypeImage  0
2022-12-26 08:43:31.906 22983-23063 AudioTrack              pid-22983                            V  obtainBuffer(192) returned 192 = 192 + 0 err 0
2022-12-26 08:43:31.914 22983-23063 chatty                  pid-22983                            I  uid=10213(com.inforcegames.app3dmodelling) AudioTrack identical 2 lines
2022-12-26 08:43:31.917 22983-23063 AudioTrack              pid-22983                            V  obtainBuffer(192) returned 192 = 192 + 0 err 0
2022-12-26 08:43:31.921 22983-23063 AudioTrack              pid-22983                            V  obtainBuffer(192) returned 192 = 128 + 64 err 0
2022-12-26 08:43:31.921 22983-23063 AudioTrack              pid-22983                            V  obtainBuffer(64) returned 64 = 64 + 0 err 0
2022-12-26 08:43:31.925 22983-23063 AudioTrack              pid-22983                            V  obtainBuffer(192) returned 192 = 192 + 0 err 0
2022-12-26 08:43:31.957 22983-23063 chatty                  pid-22983                            I  uid=10213(com.inforcegames.app3dmodelling) AudioTrack identical 8 lines
2022-12-26 08:43:31.961 22983-23063 AudioTrack              pid-22983                            V  obtainBuffer(192) returned 192 = 192 + 0 err 0
2022-12-26 08:43:31.966 22983-23063 AudioTrack              pid-22983                            V  obtainBuffer(192) returned 192 = 64 + 128 err 0
2022-12-26 08:43:31.966 22983-23063 AudioTrack              pid-22983                            V  obtainBuffer(128) returned 128 = 128 + 0 err 0
2022-12-26 08:43:31.969 22983-23063 AudioTrack              pid-22983                            V  obtainBuffer(192) returned 192 = 192 + 0 err 0
2022-12-26 08:43:32.042 22983-23063 chatty                  pid-22983                            I  uid=10213(com.inforcegames.app3dmodelling) AudioTrack identical 18 lines
2022-12-26 08:43:32.046 22983-23063 AudioTrack              pid-22983                            V  obtainBuffer(192) returned 192 = 192 + 0 err 0
2022-12-26 08:43:32.050 22983-23063 AudioTrack              pid-22983                            V  obtainBuffer(192) returned 192 = 128 + 64 err 0
2022-12-26 08:43:32.050 22983-23063 AudioTrack              pid-22983                            V  obtainBuffer(64) returned 64 = 64 + 0 err 0
2022-12-26 08:43:32.053 22983-23063 AudioTrack              pid-22983                            V  obtainBuffer(192) returned 192 = 192 + 0 err 0
2022-12-26 08:43:32.085 22983-23063 chatty                  pid-22983                            I  uid=10213(com.inforcegames.app3dmodelling) AudioTrack identical 8 lines
2022-12-26 08:43:32.089 22983-23063 AudioTrack              pid-22983                            V  obtainBuffer(192) returned 192 = 192 + 0 err 0
2022-12-26 08:43:32.093 22983-23063 AudioTrack              pid-22983                            V  obtainBuffer(192) returned 192 = 64 + 128 err 0
2022-12-26 08:43:32.093 22983-23063 AudioTrack              pid-22983                            V  obtainBuffer(128) returned 128 = 128 + 0 err 0
2022-12-26 08:43:32.097 22983-23063 AudioTrack              pid-22983                            V  obtainBuffer(192) returned 192 = 192 + 0 err 0
2022-12-26 08:43:32.161 22983-23063 chatty                  pid-22983                            I  uid=10213(com.inforcegames.app3dmodelling) AudioTrack identical 16 lines
2022-12-26 08:43:32.165 22983-23063 AudioTrack              pid-22983                            V  obtainBuffer(192) returned 192 = 192 + 0 err 0
2022-12-26 08:43:32.166  1302-1463  ThermalEngine           pid-1302                             D  sensor_wait: quiet_therm Wait done.
2022-12-26 08:43:32.168  1302-1463  ThermalEngine           pid-1302                             D  sensor_monitor: quiet_therm Reading 31000 .
2022-12-26 08:43:32.168  1302-1463  ThermalEngine           pid-1302                             I  Sensor:quiet_therm:31000 mC
2022-12-26 08:43:32.168  1302-1463  ThermalEngine           pid-1302                             D  update_active_thresh: quiet_therm Active(1), Hi(1) 40000, Lo(0) -2147483648, desc(0) Interval(1) 1000
2022-12-26 08:43:32.168  1302-1463  ThermalEngine           pid-1302                             D  sensor_monitor: quiet_therm Sensor wait.
2022-12-26 08:43:32.168  1302-1463  ThermalEngine           pid-1302                             D  sensor_wait: quiet_therm Wait start. 1000ms
2022-12-26 08:43:32.169 22983-23063 AudioTrack              pid-22983                            V  obtainBuffer(192) returned 192 = 192 + 0 err 0
2022-12-26 08:43:32.172  1302-1462  ThermalEngine           pid-1302                             D  sensor_wait: msm_therm Wait done.
2022-12-26 08:43:32.173  1302-1462  ThermalEngine           pid-1302                             D  sensor_monitor: msm_therm Reading 32000 .
2022-12-26 08:43:32.173  1302-1462  ThermalEngine           pid-1302                             I  Sensor:msm_therm:32000 mC
2022-12-26 08:43:32.173  1302-1462  ThermalEngine           pid-1302                             D  update_active_thresh: msm_therm Active(1), Hi(1) 44000, Lo(0) -2147483648, desc(0) Interval(1) 1000
2022-12-26 08:43:32.173  1302-1462  ThermalEngine           pid-1302                             D  sensor_monitor: msm_therm Sensor wait.
2022-12-26 08:43:32.173  1302-1462  ThermalEngine           pid-1302                             D  sensor_wait: msm_therm Wait start. 1000ms
2022-12-26 08:43:32.173 22983-23063 AudioTrack              pid-22983                            V  obtainBuffer(192) returned 192 = 192 + 0 err 0
2022-12-26 08:43:32.177 22983-23063 AudioTrack              pid-22983                            V  obtainBuffer(192) returned 192 = 128 + 64 err 0
2022-12-26 08:43:32.177 22983-23063 AudioTrack              pid-22983                            V  obtainBuffer(64) returned 64 = 64 + 0 err 0
2022-12-26 08:43:32.182 22983-23063 AudioTrack              pid-22983                            V  obtainBuffer(192) returned 192 = 192 + 0 err 0
2022-12-26 08:43:32.213 22983-23063 chatty                  pid-22983                            I  uid=10213(com.inforcegames.app3dmodelling) AudioTrack identical 8 lines
2022-12-26 08:43:32.218 22983-23063 AudioTrack              pid-22983                            V  obtainBuffer(192) returned 192 = 192 + 0 err 0
2022-12-26 08:43:32.221 22983-23063 AudioTrack              pid-22983                            V  obtainBuffer(192) returned 192 = 64 + 128 err 0
2022-12-26 08:43:32.221 22983-23063 AudioTrack              pid-22983                            V  obtainBuffer(128) returned 128 = 128 + 0 err 0
2022-12-26 08:43:32.225 22983-23063 AudioTrack              pid-22983                            V  obtainBuffer(192) returned 192 = 192 + 0 err 0
2022-12-26 08:43:32.237 22983-23063 chatty                  pid-22983                            I  uid=10213(com.inforcegames.app3dmodelling) AudioTrack identical 3 lines
2022-12-26 08:43:32.241 22983-23063 AudioTrack              pid-22983                            V  obtainBuffer(192) returned 192 = 192 + 0 err 0
2022-12-26 08:43:32.241  1302-1457  ThermalEngine           pid-1302                             D  sensor_wait: backlight_therm Wait done.
2022-12-26 08:43:32.242  1302-1457  ThermalEngine           pid-1302                             D  sensor_monitor: backlight_therm Reading 27000 .
2022-12-26 08:43:32.243  1302-1457  ThermalEngine           pid-1302                             I  Sensor:backlight_therm:27000 mC
2022-12-26 08:43:32.243  1302-1457  ThermalEngine           pid-1302                             D  update_active_thresh: backlight_therm Active(1), Hi(1) 45000, Lo(0) -2147483648, desc(0) Interval(1) 2000
2022-12-26 08:43:32.243  1302-1457  ThermalEngine           pid-1302                             D  sensor_monitor: backlight_therm Sensor wait.
2022-12-26 08:43:32.243  1302-1457  ThermalEngine           pid-1302                             D  sensor_wait: backlight_therm Wait start. 2000ms
2022-12-26 08:43:32.245 22983-23063 AudioTrack              pid-22983                            V  obtainBuffer(192) returned 192 = 192 + 0 err 0
2022-12-26 08:43:32.297 22983-23063 chatty                  pid-22983                            I  uid=10213(com.inforcegames.app3dmodelling) AudioTrack identical 13 lines
2022-12-26 08:43:32.302 22983-23063 AudioTrack              pid-22983                            V  obtainBuffer(192) returned 192 = 192 + 0 err 0
2022-12-26 08:43:32.305 22983-23063 AudioTrack              pid-22983                            V  obtainBuffer(192) returned 192 = 128 + 64 err 0
2022-12-26 08:43:32.305 22983-23063 AudioTrack              pid-22983                            V  obtainBuffer(64) returned 64 = 64 + 0 err 0
2022-12-26 08:43:32.309 22983-23063 AudioTrack              pid-22983                            V  obtainBuffer(192) returned 192 = 192 + 0 err 0
2022-12-26 08:43:32.341 22983-23063 chatty                  pid-22983                            I  uid=10213(com.inforcegames.app3dmodelling) AudioTrack identical 8 lines
2022-12-26 08:43:32.346 22983-23063 AudioTrack              pid-22983                            V  obtainBuffer(192) returned 192 = 192 + 0 err 0
2022-12-26 08:43:32.349 22983-23063 AudioTrack              pid-22983                            V  obtainBuffer(192) returned 192 = 64 + 128 err 0
2022-12-26 08:43:32.349 22983-23063 AudioTrack              pid-22983                            V  obtainBuffer(128) returned 128 = 128 + 0 err 0
2022-12-26 08:43:32.353 22983-23063 AudioTrack              pid-22983                            V  obtainBuffer(192) returned 192 = 192 + 0 err 0
2022-12-26 08:43:32.389 22983-23063 chatty                  pid-22983                            I  uid=10213(com.inforcegames.app3dmodelling) AudioTrack identical 9 lines
2022-12-26 08:43:32.393 22983-23063 AudioTrack              pid-22983                            V  obtainBuffer(192) returned 192 = 192 + 0 err 0
2022-12-26 08:43:32.395 13316-13371 MobileSignalController  pid-13316                            D  onSignalStrengthsChanged: SignalStrength: 99 0 -120 -160 -120 -160 -1 19 -105 -12 146 2147483647 0 2147483647 99 255 2147483647 gsm|lte use_rsrp_and_rssnr_for_lte_level  [-120, -115, -110, -105, -97] [-115, -105, -95, -85]
2022-12-26 08:43:32.395 13316-13371 NetworkCon...troller(1) pid-13316                            D  4G level = 4
2022-12-26 08:43:32.397 22983-23063 AudioTrack              pid-22983                            V  obtainBuffer(192) returned 192 = 192 + 0 err 0
2022-12-26 08:43:32.425 22983-23063 chatty                  pid-22983                            I  uid=10213(com.inforcegames.app3dmodelling) AudioTrack identical 7 lines
2022-12-26 08:43:32.429 22983-23063 AudioTrack              pid-22983                            V  obtainBuffer(192) returned 192 = 192 + 0 err 0
2022-12-26 08:43:32.433 22983-23063 AudioTrack              pid-22983                            V  obtainBuffer(192) returned 192 = 128 + 64 err 0
2022-12-26 08:43:32.433 22983-23063 AudioTrack              pid-22983                            V  obtainBuffer(64) returned 64 = 64 + 0 err 0
2022-12-26 08:43:32.437 22983-23063 AudioTrack              pid-22983                            V  obtainBuffer(192) returned 192 = 192 + 0 err 0
2022-12-26 08:43:32.469 22983-23063 chatty                  pid-22983                            I  uid=10213(com.inforcegames.app3dmodelling) AudioTrack identical 8 lines
2022-12-26 08:43:32.473 22983-23063 AudioTrack              pid-22983                            V  obtainBuffer(192) returned 192 = 192 + 0 err 0
2022-12-26 08:43:32.477 22983-23063 AudioTrack              pid-22983                            V  obtainBuffer(192) returned 192 = 64 + 128 err 0
2022-12-26 08:43:32.477 22983-23063 AudioTrack              pid-22983                            V  obtainBuffer(128) returned 128 = 128 + 0 err 0
2022-12-26 08:43:32.480   688-4296  audio_hw_spkr_prot      pid-688                              D  audio_extn_fbsp_get_parameters: Speaker protection disabled
2022-12-26 08:43:32.480   688-4296  audio_hw_extn           pid-688                              D  audio_extn_get_parameters: returns 
2022-12-26 08:43:32.481   743-11875 hash_map_utils          pid-743                              I  key: 'hifi_mode' value: ''
2022-12-26 08:43:32.481 22983-23063 AudioTrack              pid-22983                            V  obtainBuffer(192) returned 192 = 192 + 0 err 0
2022-12-26 08:43:32.483 22983-15622 AudioManager            pid-22983                            D  getStreamVolume isRestricted mode = 0
2022-12-26 08:43:32.486 22983-23063 AudioTrack              pid-22983                            V  obtainBuffer(192) returned 192 = 192 + 0 err 0
2022-12-26 08:43:32.489 22983-23063 AudioTrack              pid-22983                            V  obtainBuffer(192) returned 192 = 192 + 0 err 0
2022-12-26 08:43:32.490   688-4296  audio_hw_spkr_prot      pid-688                              D  audio_extn_fbsp_get_parameters: Speaker protection disabled
2022-12-26 08:43:32.490   688-4296  audio_hw_extn           pid-688                              D  audio_extn_get_parameters: returns 
2022-12-26 08:43:32.490   743-11875 hash_map_utils          pid-743                              I  key: 'hifi_mode' value: ''
2022-12-26 08:43:32.493 22983-23063 AudioTrack              pid-22983                            V  obtainBuffer(192) returned 192 = 192 + 0 err 0
2022-12-26 08:43:32.553 22983-23063 chatty                  pid-22983                            I  uid=10213(com.inforcegames.app3dmodelling) AudioTrack identical 15 lines
2022-12-26 08:43:32.557 22983-23063 AudioTrack              pid-22983                            V  obtainBuffer(192) returned 192 = 192 + 0 err 0
2022-12-26 08:43:32.562 22983-23063 AudioTrack              pid-22983                            V  obtainBuffer(192) returned 192 = 128 + 64 err 0
2022-12-26 08:43:32.562 22983-23063 AudioTrack              pid-22983                            V  obtainBuffer(64) returned 64 = 64 + 0 err 0
2022-12-26 08:43:32.565 22983-23063 AudioTrack              pid-22983                            V  obtainBuffer(192) returned 192 = 192 + 0 err 0
2022-12-26 08:43:32.597 22983-23063 chatty                  pid-22983                            I  uid=10213(com.inforcegames.app3dmodelling) AudioTrack identical 8 lines
2022-12-26 08:43:32.602 22983-23063 AudioTrack              pid-22983                            V  obtainBuffer(192) returned 192 = 192 + 0 err 0
2022-12-26 08:43:32.606 22983-23063 AudioTrack              pid-22983                            V  obtainBuffer(192) returned 192 = 64 + 128 err 0
2022-12-26 08:43:32.606 22983-23063 AudioTrack              pid-22983                            V  obtainBuffer(128) returned 128 = 128 + 0 err 0
2022-12-26 08:43:32.609 22983-23063 AudioTrack              pid-22983                            V  obtainBuffer(192) returned 192 = 192 + 0 err 0
2022-12-26 08:43:32.681 22983-23063 chatty                  pid-22983                            I  uid=10213(com.inforcegames.app3dmodelling) AudioTrack identical 18 lines
2022-12-26 08:43:32.685 22983-23063 AudioTrack              pid-22983                            V  obtainBuffer(192) returned 192 = 192 + 0 err 0
2022-12-26 08:43:32.690 22983-23063 AudioTrack              pid-22983                            V  obtainBuffer(192) returned 192 = 128 + 64 err 0
2022-12-26 08:43:32.690 22983-23063 AudioTrack              pid-22983                            V  obtainBuffer(64) returned 64 = 64 + 0 err 0
2022-12-26 08:43:32.693 22983-23063 AudioTrack              pid-22983                            V  obtainBuffer(192) returned 192 = 192 + 0 err 0
2022-12-26 08:43:32.725 22983-23063 chatty                  pid-22983                            I  uid=10213(com.inforcegames.app3dmodelling) AudioTrack identical 8 lines
2022-12-26 08:43:32.729 22983-23063 AudioTrack              pid-22983                            V  obtainBuffer(192) returned 192 = 192 + 0 err 0
2022-12-26 08:43:32.733 22983-23063 AudioTrack              pid-22983                            V  obtainBuffer(192) returned 192 = 64 + 128 err 0
2022-12-26 08:43:32.733 22983-23063 AudioTrack              pid-22983                            V  obtainBuffer(128) returned 128 = 128 + 0 err 0
2022-12-26 08:43:32.733 18311-18311 linker                  pid-18311                            A  CANNOT LINK EXECUTABLE "/system/bin/dpmd": "/system/lib64/libdpmframework.so" is 32-bit instead of 64-bit
2022-12-26 08:43:32.737 22983-23063 AudioTrack              pid-22983                            V  obtainBuffer(192) returned 192 = 192 + 0 err 0
2022-12-26 08:43:32.809 22983-23063 chatty                  pid-22983                            I  uid=10213(com.inforcegames.app3dmodelling) AudioTrack identical 18 lines
2022-12-26 08:43:32.813 22983-23063 AudioTrack              pid-22983                            V  obtainBuffer(192) returned 192 = 192 + 0 err 0
2022-12-26 08:43:32.817 22983-23063 AudioTrack              pid-22983                            V  obtainBuffer(192) returned 192 = 128 + 64 err 0
2022-12-26 08:43:32.817 22983-23063 AudioTrack              pid-22983                            V  obtainBuffer(64) returned 64 = 64 + 0 err 0
2022-12-26 08:43:32.822 22983-23063 AudioTrack              pid-22983                            V  obtainBuffer(192) returned 192 = 192 + 0 err 0
2022-12-26 08:43:32.853 22983-23063 chatty                  pid-22983                            I  uid=10213(com.inforcegames.app3dmodelling) AudioTrack identical 8 lines
2022-12-26 08:43:32.857 22983-23063 AudioTrack              pid-22983                            V  obtainBuffer(192) returned 192 = 192 + 0 err 0
2022-12-26 08:43:32.861 22983-23063 AudioTrack              pid-22983                            V  obtainBuffer(192) returned 192 = 64 + 128 err 0
2022-12-26 08:43:32.861 22983-23063 AudioTrack              pid-22983                            V  obtainBuffer(128) returned 128 = 128 + 0 err 0
2022-12-26 08:43:32.865 22983-23063 AudioTrack              pid-22983                            V  obtainBuffer(192) returned 192 = 192 + 0 err 0
2022-12-26 08:43:32.897 22983-23063 chatty                  pid-22983                            I  uid=10213(com.inforcegames.app3dmodelling) AudioTrack identical 8 lines
2022-12-26 08:43:32.901 22983-23063 AudioTrack              pid-22983                            V  obtainBuffer(192) returned 192 = 192 + 0 err 0
2022-12-26 08:43:32.904 13316-13316 SignalClusterView       pid-13316                            D  updateMobileTypeImage  0
2022-12-26 08:43:32.905 22983-23063 AudioTrack              pid-22983                            V  obtainBuffer(192) returned 192 = 192 + 0 err 0
2022-12-26 08:43:32.906 13316-13316 SignalClusterView       pid-13316                            D  updateMobileTypeImage  0
2022-12-26 08:43:32.907 13316-13316 SignalClusterView       pid-13316                            D  updateMobileTypeImage  0
2022-12-26 08:43:32.909 22983-23063 AudioTrack              pid-22983                            V  obtainBuffer(192) returned 192 = 192 + 0 err 0
2022-12-26 08:43:32.937 22983-23063 chatty                  pid-22983                            I  uid=10213(com.inforcegames.app3dmodelling) AudioTrack identical 7 lines
2022-12-26 08:43:32.942 22983-23063 AudioTrack              pid-22983                            V  obtainBuffer(192) returned 192 = 192 + 0 err 0
2022-12-26 08:43:32.945 22983-23063 AudioTrack              pid-22983                            V  obtainBuffer(192) returned 192 = 128 + 64 err 0
2022-12-26 08:43:32.945 22983-23063 AudioTrack              pid-22983                            V  obtainBuffer(64) returned 64 = 64 + 0 err 0
2022-12-26 08:43:32.950 22983-23063 AudioTrack              pid-22983                            V  obtainBuffer(192) returned 192 = 192 + 0 err 0
2022-12-26 08:43:32.981 22983-23063 chatty                  pid-22983                            I  uid=10213(com.inforcegames.app3dmodelling) AudioTrack identical 8 lines
2022-12-26 08:43:32.986 22983-23063 AudioTrack              pid-22983                            V  obtainBuffer(192) returned 192 = 192 + 0 err 0
2022-12-26 08:43:32.989 22983-23063 AudioTrack              pid-22983                            V  obtainBuffer(192) returned 192 = 64 + 128 err 0
2022-12-26 08:43:32.989 22983-23063 AudioTrack              pid-22983                            V  obtainBuffer(128) returned 128 = 128 + 0 err 0
2022-12-26 08:43:32.994 22983-23063 AudioTrack              pid-22983                            V  obtainBuffer(192) returned 192 = 192 + 0 err 0
2022-12-26 08:43:33.066 22983-23063 chatty                  pid-22983                            I  uid=10213(com.inforcegames.app3dmodelling) AudioTrack identical 18 lines
2022-12-26 08:43:33.070 22983-23063 AudioTrack              pid-22983                            V  obtainBuffer(192) returned 192 = 192 + 0 err 0
2022-12-26 08:43:33.073 22983-23063 AudioTrack              pid-22983                            V  obtainBuffer(192) returned 192 = 128 + 64 err 0
2022-12-26 08:43:33.073 22983-23063 AudioTrack              pid-22983                            V  obtainBuffer(64) returned 64 = 64 + 0 err 0
2022-12-26 08:43:33.078 22983-23063 AudioTrack              pid-22983                            V  obtainBuffer(192) returned 192 = 192 + 0 err 0
2022-12-26 08:43:33.109 22983-23063 chatty                  pid-22983                            I  uid=10213(com.inforcegames.app3dmodelling) AudioTrack identical 8 lines
2022-12-26 08:43:33.113 22983-23063 AudioTrack              pid-22983                            V  obtainBuffer(192) returned 192 = 192 + 0 err 0
2022-12-26 08:43:33.117 22983-23063 AudioTrack              pid-22983                            V  obtainBuffer(192) returned 192 = 64 + 128 err 0
2022-12-26 08:43:33.118 22983-23063 AudioTrack              pid-22983                            V  obtainBuffer(128) returned 128 = 128 + 0 err 0
2022-12-26 08:43:33.121 22983-23063 AudioTrack              pid-22983                            V  obtainBuffer(192) returned 192 = 192 + 0 err 0
2022-12-26 08:43:33.162 22983-23063 chatty                  pid-22983                            I  uid=10213(com.inforcegames.app3dmodelling) AudioTrack identical 10 lines
2022-12-26 08:43:33.165 22983-23063 AudioTrack              pid-22983                            V  obtainBuffer(192) returned 192 = 192 + 0 err 0
2022-12-26 08:43:33.168  1302-1463  ThermalEngine           pid-1302                             D  sensor_wait: quiet_therm Wait done.
2022-12-26 08:43:33.169  1302-1463  ThermalEngine           pid-1302                             D  sensor_monitor: quiet_therm Reading 31000 .
2022-12-26 08:43:33.169  1302-1463  ThermalEngine           pid-1302                             I  Sensor:quiet_therm:31000 mC
2022-12-26 08:43:33.169  1302-1463  ThermalEngine           pid-1302                             D  update_active_thresh: quiet_therm Active(1), Hi(1) 40000, Lo(0) -2147483648, desc(0) Interval(1) 1000
2022-12-26 08:43:33.169  1302-1463  ThermalEngine           pid-1302                             D  sensor_monitor: quiet_therm Sensor wait.
2022-12-26 08:43:33.169  1302-1463  ThermalEngine           pid-1302                             D  sensor_wait: quiet_therm Wait start. 1000ms
2022-12-26 08:43:33.170 22983-23063 AudioTrack              pid-22983                            V  obtainBuffer(192) returned 192 = 192 + 0 err 0
2022-12-26 08:43:33.173  1302-1462  ThermalEngine           pid-1302                             D  sensor_wait: msm_therm Wait done.
2022-12-26 08:43:33.174 22983-23063 AudioTrack              pid-22983                            V  obtainBuffer(192) returned 192 = 192 + 0 err 0
2022-12-26 08:43:33.174  1302-1462  ThermalEngine           pid-1302                             D  sensor_monitor: msm_therm Reading 32000 .
2022-12-26 08:43:33.174  1302-1462  ThermalEngine           pid-1302                             I  Sensor:msm_therm:32000 mC
2022-12-26 08:43:33.174  1302-1462  ThermalEngine           pid-1302                             D  update_active_thresh: msm_therm Active(1), Hi(1) 44000, Lo(0) -2147483648, desc(0) Interval(1) 1000
2022-12-26 08:43:33.174  1302-1462  ThermalEngine           pid-1302                             D  sensor_monitor: msm_therm Sensor wait.
2022-12-26 08:43:33.176  1302-1462  ThermalEngine           pid-1302                             D  sensor_wait: msm_therm Wait start. 1000ms
2022-12-26 08:43:33.178 22983-23063 AudioTrack              pid-22983                            V  obtainBuffer(192) returned 192 = 192 + 0 err 0
2022-12-26 08:43:33.193 22983-23063 chatty                  pid-22983                            I  uid=10213(com.inforcegames.app3dmodelling) AudioTrack identical 4 lines
2022-12-26 08:43:33.197 22983-23063 AudioTrack              pid-22983                            V  obtainBuffer(192) returned 192 = 192 + 0 err 0
2022-12-26 08:43:33.201 22983-23063 AudioTrack              pid-22983                            V  obtainBuffer(192) returned 192 = 128 + 64 err 0
2022-12-26 08:43:33.202 22983-23063 AudioTrack              pid-22983                            V  obtainBuffer(64) returned 64 = 64 + 0 err 0
2022-12-26 08:43:33.205 22983-23063 AudioTrack              pid-22983                            V  obtainBuffer(192) returned 192 = 192 + 0 err 0
2022-12-26 08:43:33.238 22983-23063 chatty                  pid-22983                            I  uid=10213(com.inforcegames.app3dmodelling) AudioTrack identical 8 lines
2022-12-26 08:43:33.241 22983-23063 AudioTrack              pid-22983                            V  obtainBuffer(192) returned 192 = 192 + 0 err 0
2022-12-26 08:43:33.246 22983-23063 AudioTrack              pid-22983                            V  obtainBuffer(192) returned 192 = 64 + 128 err 0
2022-12-26 08:43:33.246 22983-23063 AudioTrack              pid-22983                            V  obtainBuffer(128) returned 128 = 128 + 0 err 0
2022-12-26 08:43:33.250 22983-23063 AudioTrack              pid-22983                            V  obtainBuffer(192) returned 192 = 192 + 0 err 0
2022-12-26 08:43:33.322 22983-23063 chatty                  pid-22983                            I  uid=10213(com.inforcegames.app3dmodelling) AudioTrack identical 18 lines
2022-12-26 08:43:33.325 22983-23063 AudioTrack              pid-22983                            V  obtainBuffer(192) returned 192 = 192 + 0 err 0
2022-12-26 08:43:33.331 22983-23063 AudioTrack              pid-22983                            V  obtainBuffer(192) returned 192 = 128 + 64 err 0
2022-12-26 08:43:33.331 22983-23063 AudioTrack              pid-22983                            V  obtainBuffer(64) returned 64 = 64 + 0 err 0
2022-12-26 08:43:33.333 22983-23063 AudioTrack              pid-22983                            V  obtainBuffer(192) returned 192 = 192 + 0 err 0
2022-12-26 08:43:33.365 22983-23063 chatty                  pid-22983                            I  uid=10213(com.inforcegames.app3dmodelling) AudioTrack identical 8 lines
2022-12-26 08:43:33.369 22983-23063 AudioTrack              pid-22983                            V  obtainBuffer(192) returned 192 = 192 + 0 err 0
2022-12-26 08:43:33.373 22983-23063 AudioTrack              pid-22983                            V  obtainBuffer(192) returned 192 = 64 + 128 err 0
2022-12-26 08:43:33.374 22983-23063 AudioTrack              pid-22983                            V  obtainBuffer(128) returned 128 = 128 + 0 err 0
2022-12-26 08:43:33.378 22983-23063 AudioTrack              pid-22983                            V  obtainBuffer(192) returned 192 = 192 + 0 err 0
2022-12-26 08:43:33.449 22983-23063 chatty                  pid-22983                            I  uid=10213(com.inforcegames.app3dmodelling) AudioTrack identical 18 lines
2022-12-26 08:43:33.453 22983-23063 AudioTrack              pid-22983                            V  obtainBuffer(192) returned 192 = 192 + 0 err 0
2022-12-26 08:43:33.457 22983-23063 AudioTrack              pid-22983                            V  obtainBuffer(192) returned 192 = 128 + 64 err 0
2022-12-26 08:43:33.457 22983-23063 AudioTrack              pid-22983                            V  obtainBuffer(64) returned 64 = 64 + 0 err 0
2022-12-26 08:43:33.461 22983-23063 AudioTrack              pid-22983                            V  obtainBuffer(192) returned 192 = 192 + 0 err 0
2022-12-26 08:43:33.493 22983-23063 chatty                  pid-22983                            I  uid=10213(com.inforcegames.app3dmodelling) AudioTrack identical 8 lines
2022-12-26 08:43:33.498 22983-23063 AudioTrack              pid-22983                            V  obtainBuffer(192) returned 192 = 192 + 0 err 0
2022-12-26 08:43:33.501 22983-23063 AudioTrack              pid-22983                            V  obtainBuffer(192) returned 192 = 64 + 128 err 0
2022-12-26 08:43:33.501 22983-23063 AudioTrack              pid-22983                            V  obtainBuffer(128) returned 128 = 128 + 0 err 0
2022-12-26 08:43:33.505 22983-23063 AudioTrack              pid-22983                            V  obtainBuffer(192) returned 192 = 192 + 0 err 0
2022-12-26 08:43:33.577 22983-23063 chatty                  pid-22983                            I  uid=10213(com.inforcegames.app3dmodelling) AudioTrack identical 18 lines
2022-12-26 08:43:33.581 22983-23063 AudioTrack              pid-22983                            V  obtainBuffer(192) returned 192 = 192 + 0 err 0
2022-12-26 08:43:33.585 22983-23063 AudioTrack              pid-22983                            V  obtainBuffer(192) returned 192 = 128 + 64 err 0
2022-12-26 08:43:33.585 22983-23063 AudioTrack              pid-22983                            V  obtainBuffer(64) returned 64 = 64 + 0 err 0
2022-12-26 08:43:33.590 22983-23063 AudioTrack              pid-22983                            V  obtainBuffer(192) returned 192 = 192 + 0 err 0
2022-12-26 08:43:33.621 22983-23063 chatty                  pid-22983                            I  uid=10213(com.inforcegames.app3dmodelling) AudioTrack identical 8 lines
2022-12-26 08:43:33.625 22983-23063 AudioTrack              pid-22983                            V  obtainBuffer(192) returned 192 = 192 + 0 err 0
2022-12-26 08:43:33.629 22983-23063 AudioTrack              pid-22983                            V  obtainBuffer(192) returned 192 = 64 + 128 err 0
2022-12-26 08:43:33.629 22983-23063 AudioTrack              pid-22983                            V  obtainBuffer(128) returned 128 = 128 + 0 err 0
2022-12-26 08:43:33.634 22983-23063 AudioTrack              pid-22983                            V  obtainBuffer(192) returned 192 = 192 + 0 err 0
2022-12-26 08:43:33.705 22983-23063 chatty                  pid-22983                            I  uid=10213(com.inforcegames.app3dmodelling) AudioTrack identical 18 lines
2022-12-26 08:43:33.709 22983-23063 AudioTrack              pid-22983                            V  obtainBuffer(192) returned 192 = 192 + 0 err 0
2022-12-26 08:43:33.713 22983-23063 AudioTrack              pid-22983                            V  obtainBuffer(192) returned 192 = 128 + 64 err 0
2022-12-26 08:43:33.713 22983-23063 AudioTrack              pid-22983                            V  obtainBuffer(64) returned 64 = 64 + 0 err 0
2022-12-26 08:43:33.717 22983-23063 AudioTrack              pid-22983                            V  obtainBuffer(192) returned 192 = 192 + 0 err 0
2022-12-26 08:43:33.721 22983-23063 chatty                  pid-22983                            I  uid=10213(com.inforcegames.app3dmodelling) AudioTrack identical 1 line
2022-12-26 08:43:33.725 22983-23063 AudioTrack              pid-22983                            V  obtainBuffer(192) returned 192 = 192 + 0 err 0
2022-12-26 08:43:33.726  2820-5429  DPMJ                    pid-2820                             I  |REQ:RCVR| DPM creating socket
2022-12-26 08:43:33.729 22983-23063 AudioTrack              pid-22983                            V  obtainBuffer(192) returned 192 = 192 + 0 err 0
2022-12-26 08:43:33.750 22983-23063 chatty                  pid-22983                            I  uid=10213(com.inforcegames.app3dmodelling) AudioTrack identical 5 lines
2022-12-26 08:43:33.753 22983-23063 AudioTrack              pid-22983                            V  obtainBuffer(192) returned 192 = 192 + 0 err 0
