2022-12-26 16:28:36.689 11359-11459 chatty                  pid-11359                            I  uid=10213(com.inforcegames.app3dmodelling) AudioTrack identical 13 lines
2022-12-26 16:28:36.693 11359-11459 AudioTrack              pid-11359                            V  obtainBuffer(192) returned 192 = 192 + 0 err 0
2022-12-26 16:28:36.694 17758-10184 Icing                   pid-17758                            I  Usage reports ok 0, Failed Usage reports 0, indexed 0, rejected 0
2022-12-26 16:28:36.697 11359-11459 AudioTrack              pid-11359                            V  obtainBuffer(192) returned 192 = 192 + 0 err 0
2022-12-26 16:28:36.701 11359-11459 AudioTrack              pid-11359                            V  obtainBuffer(192) returned 192 = 128 + 64 err 0
2022-12-26 16:28:36.701 11359-11459 AudioTrack              pid-11359                            V  obtainBuffer(64) returned 64 = 64 + 0 err 0
2022-12-26 16:28:36.705 11359-11459 AudioTrack              pid-11359                            V  obtainBuffer(192) returned 192 = 192 + 0 err 0
2022-12-26 16:28:36.737 11359-11459 chatty                  pid-11359                            I  uid=10213(com.inforcegames.app3dmodelling) AudioTrack identical 8 lines
2022-12-26 16:28:36.741 11359-11459 AudioTrack              pid-11359                            V  obtainBuffer(192) returned 192 = 192 + 0 err 0
2022-12-26 16:28:36.745 11359-11459 AudioTrack              pid-11359                            V  obtainBuffer(192) returned 192 = 64 + 128 err 0
2022-12-26 16:28:36.745 11359-11459 AudioTrack              pid-11359                            V  obtainBuffer(128) returned 128 = 128 + 0 err 0
2022-12-26 16:28:36.749 11359-11459 AudioTrack              pid-11359                            V  obtainBuffer(192) returned 192 = 192 + 0 err 0
2022-12-26 16:28:36.821 11359-11459 chatty                  pid-11359                            I  uid=10213(com.inforcegames.app3dmodelling) AudioTrack identical 18 lines
2022-12-26 16:28:36.825 11359-11459 AudioTrack              pid-11359                            V  obtainBuffer(192) returned 192 = 192 + 0 err 0
2022-12-26 16:28:36.829 11359-11459 AudioTrack              pid-11359                            V  obtainBuffer(192) returned 192 = 128 + 64 err 0
2022-12-26 16:28:36.829 11359-11459 AudioTrack              pid-11359                            V  obtainBuffer(64) returned 64 = 64 + 0 err 0
2022-12-26 16:28:36.833 11359-11459 AudioTrack              pid-11359                            V  obtainBuffer(192) returned 192 = 192 + 0 err 0
2022-12-26 16:28:36.865 11359-11459 chatty                  pid-11359                            I  uid=10213(com.inforcegames.app3dmodelling) AudioTrack identical 8 lines
2022-12-26 16:28:36.869 11359-11459 AudioTrack              pid-11359                            V  obtainBuffer(192) returned 192 = 192 + 0 err 0
2022-12-26 16:28:36.871  2820-5429  DPMJ                    pid-2820                             I  |REQ:RCVR| DPM creating socket
2022-12-26 16:28:36.873 11359-11459 AudioTrack              pid-11359                            V  obtainBuffer(192) returned 192 = 64 + 128 err 0
2022-12-26 16:28:36.873 11359-11459 AudioTrack              pid-11359                            V  obtainBuffer(128) returned 128 = 128 + 0 err 0
2022-12-26 16:28:36.877 11359-11459 AudioTrack              pid-11359                            V  obtainBuffer(192) returned 192 = 192 + 0 err 0
2022-12-26 16:28:36.949 11359-11459 chatty                  pid-11359                            I  uid=10213(com.inforcegames.app3dmodelling) AudioTrack identical 18 lines
2022-12-26 16:28:36.953 11359-11459 AudioTrack              pid-11359                            V  obtainBuffer(192) returned 192 = 192 + 0 err 0
2022-12-26 16:28:36.957 11359-11459 AudioTrack              pid-11359                            V  obtainBuffer(192) returned 192 = 128 + 64 err 0
2022-12-26 16:28:36.957 11359-11459 AudioTrack              pid-11359                            V  obtainBuffer(64) returned 64 = 64 + 0 err 0
2022-12-26 16:28:36.961 11359-11459 AudioTrack              pid-11359                            V  obtainBuffer(192) returned 192 = 192 + 0 err 0
2022-12-26 16:28:36.993 11359-11459 chatty                  pid-11359                            I  uid=10213(com.inforcegames.app3dmodelling) AudioTrack identical 8 lines
2022-12-26 16:28:36.997 11359-11459 AudioTrack              pid-11359                            V  obtainBuffer(192) returned 192 = 192 + 0 err 0
2022-12-26 16:28:37.001 11359-11459 AudioTrack              pid-11359                            V  obtainBuffer(192) returned 192 = 64 + 128 err 0
2022-12-26 16:28:37.001 11359-11459 AudioTrack              pid-11359                            V  obtainBuffer(128) returned 128 = 128 + 0 err 0
2022-12-26 16:28:37.005 11359-11459 AudioTrack              pid-11359                            V  obtainBuffer(192) returned 192 = 192 + 0 err 0
2022-12-26 16:28:37.077 11359-11459 chatty                  pid-11359                            I  uid=10213(com.inforcegames.app3dmodelling) AudioTrack identical 18 lines
2022-12-26 16:28:37.081 11359-11459 AudioTrack              pid-11359                            V  obtainBuffer(192) returned 192 = 192 + 0 err 0
2022-12-26 16:28:37.085 11359-11459 AudioTrack              pid-11359                            V  obtainBuffer(192) returned 192 = 128 + 64 err 0
2022-12-26 16:28:37.085 11359-11459 AudioTrack              pid-11359                            V  obtainBuffer(64) returned 64 = 64 + 0 err 0
2022-12-26 16:28:37.089 11359-11459 AudioTrack              pid-11359                            V  obtainBuffer(192) returned 192 = 192 + 0 err 0
2022-12-26 16:28:37.122 11359-11459 chatty                  pid-11359                            I  uid=10213(com.inforcegames.app3dmodelling) AudioTrack identical 8 lines
2022-12-26 16:28:37.125 11359-11459 AudioTrack              pid-11359                            V  obtainBuffer(192) returned 192 = 192 + 0 err 0
2022-12-26 16:28:37.125  1302-1463  ThermalEngine           pid-1302                             D  sensor_wait: quiet_therm Wait done.
2022-12-26 16:28:37.126  1302-1463  ThermalEngine           pid-1302                             D  sensor_monitor: quiet_therm Reading 37000 .
2022-12-26 16:28:37.126  1302-1463  ThermalEngine           pid-1302                             I  Sensor:quiet_therm:37000 mC
2022-12-26 16:28:37.126  1302-1462  ThermalEngine           pid-1302                             D  sensor_wait: msm_therm Wait done.
2022-12-26 16:28:37.127  1302-1463  ThermalEngine           pid-1302                             D  update_active_thresh: quiet_therm Active(1), Hi(1) 40000, Lo(0) -2147483648, desc(0) Interval(1) 1000
2022-12-26 16:28:37.127  1302-1463  ThermalEngine           pid-1302                             D  sensor_monitor: quiet_therm Sensor wait.
2022-12-26 16:28:37.127  1302-1463  ThermalEngine           pid-1302                             D  sensor_wait: quiet_therm Wait start. 1000ms
2022-12-26 16:28:37.127  1302-1462  ThermalEngine           pid-1302                             D  sensor_monitor: msm_therm Reading 38000 .
2022-12-26 16:28:37.127  1302-1462  ThermalEngine           pid-1302                             I  Sensor:msm_therm:38000 mC
2022-12-26 16:28:37.127  1302-1462  ThermalEngine           pid-1302                             D  update_active_thresh: msm_therm Active(1), Hi(1) 44000, Lo(0) -2147483648, desc(0) Interval(1) 1000
2022-12-26 16:28:37.127  1302-1462  ThermalEngine           pid-1302                             D  sensor_monitor: msm_therm Sensor wait.
2022-12-26 16:28:37.127  1302-1462  ThermalEngine           pid-1302                             D  sensor_wait: msm_therm Wait start. 1000ms
2022-12-26 16:28:37.129 11359-11459 AudioTrack              pid-11359                            V  obtainBuffer(192) returned 192 = 64 + 128 err 0
2022-12-26 16:28:37.129 11359-11459 AudioTrack              pid-11359                            V  obtainBuffer(128) returned 128 = 128 + 0 err 0
2022-12-26 16:28:37.133 11359-11459 AudioTrack              pid-11359                            V  obtainBuffer(192) returned 192 = 192 + 0 err 0
2022-12-26 16:28:37.141 11359-11459 chatty                  pid-11359                            I  uid=10213(com.inforcegames.app3dmodelling) AudioTrack identical 2 lines
2022-12-26 16:28:37.145 11359-11459 AudioTrack              pid-11359                            V  obtainBuffer(192) returned 192 = 192 + 0 err 0
2022-12-26 16:28:37.146 13316-13316 SignalClusterView       pid-13316                            D  updateMobileTypeImage  0
2022-12-26 16:28:37.147 13316-13316 chatty                  pid-13316                            I  uid=1000(system) com.android.systemui identical 1 line
2022-12-26 16:28:37.147 13316-13316 SignalClusterView       pid-13316                            D  updateMobileTypeImage  0
2022-12-26 16:28:37.149 11359-11459 AudioTrack              pid-11359                            V  obtainBuffer(192) returned 192 = 192 + 0 err 0
2022-12-26 16:28:37.206 11359-11459 chatty                  pid-11359                            I  uid=10213(com.inforcegames.app3dmodelling) AudioTrack identical 14 lines
2022-12-26 16:28:37.209 11359-11459 AudioTrack              pid-11359                            V  obtainBuffer(192) returned 192 = 192 + 0 err 0
2022-12-26 16:28:37.213 11359-11459 AudioTrack              pid-11359                            V  obtainBuffer(192) returned 192 = 128 + 64 err 0
2022-12-26 16:28:37.213 11359-11459 AudioTrack              pid-11359                            V  obtainBuffer(64) returned 64 = 64 + 0 err 0
2022-12-26 16:28:37.217 11359-11459 AudioTrack              pid-11359                            V  obtainBuffer(192) returned 192 = 192 + 0 err 0
2022-12-26 16:28:37.249 11359-11459 chatty                  pid-11359                            I  uid=10213(com.inforcegames.app3dmodelling) AudioTrack identical 8 lines
2022-12-26 16:28:37.253 11359-11459 AudioTrack              pid-11359                            V  obtainBuffer(192) returned 192 = 192 + 0 err 0
2022-12-26 16:28:37.257 11359-11459 AudioTrack              pid-11359                            V  obtainBuffer(192) returned 192 = 64 + 128 err 0
2022-12-26 16:28:37.258 11359-11459 AudioTrack              pid-11359                            V  obtainBuffer(128) returned 128 = 128 + 0 err 0
2022-12-26 16:28:37.261 11359-11459 AudioTrack              pid-11359                            V  obtainBuffer(192) returned 192 = 192 + 0 err 0
2022-12-26 16:28:37.333 11359-11459 chatty                  pid-11359                            I  uid=10213(com.inforcegames.app3dmodelling) AudioTrack identical 18 lines
2022-12-26 16:28:37.337 11359-11459 AudioTrack              pid-11359                            V  obtainBuffer(192) returned 192 = 192 + 0 err 0
2022-12-26 16:28:37.341 11359-11459 AudioTrack              pid-11359                            V  obtainBuffer(192) returned 192 = 128 + 64 err 0
2022-12-26 16:28:37.341 11359-11459 AudioTrack              pid-11359                            V  obtainBuffer(64) returned 64 = 64 + 0 err 0
2022-12-26 16:28:37.345 11359-11459 AudioTrack              pid-11359                            V  obtainBuffer(192) returned 192 = 192 + 0 err 0
2022-12-26 16:28:37.349 11359-11459 AudioTrack              pid-11359                            V  obtainBuffer(192) returned 192 = 192 + 0 err 0
2022-12-26 16:28:37.351 11359-11359 EgretLoader             pid-11359                            D  EgretLoader(Context context)
2022-12-26 16:28:37.351 11359-11359 EgretLoader             pid-11359                            D  The context is not activity
2022-12-26 16:28:37.353 11359-11459 AudioTrack              pid-11359                            V  obtainBuffer(192) returned 192 = 192 + 0 err 0
2022-12-26 16:28:37.377 11359-11459 chatty                  pid-11359                            I  uid=10213(com.inforcegames.app3dmodelling) AudioTrack identical 6 lines
2022-12-26 16:28:37.381 11359-11459 AudioTrack              pid-11359                            V  obtainBuffer(192) returned 192 = 192 + 0 err 0
2022-12-26 16:28:37.385 11359-11459 AudioTrack              pid-11359                            V  obtainBuffer(192) returned 192 = 64 + 128 err 0
2022-12-26 16:28:37.385 11359-11459 AudioTrack              pid-11359                            V  obtainBuffer(128) returned 128 = 128 + 0 err 0
2022-12-26 16:28:37.389 11359-11459 AudioTrack              pid-11359                            V  obtainBuffer(192) returned 192 = 192 + 0 err 0
2022-12-26 16:28:37.393 11359-11459 AudioTrack              pid-11359                            V  obtainBuffer(192) returned 192 = 192 + 0 err 0
2022-12-26 16:28:37.395  2280-3817  CompatibilityInfo       pid-2280                             D  mCompatibilityFlags - 0
2022-12-26 16:28:37.395  2280-3817  CompatibilityInfo       pid-2280                             D  applicationDensity - 440
2022-12-26 16:28:37.395  2280-3817  CompatibilityInfo       pid-2280                             D  applicationScale - 1.0
2022-12-26 16:28:37.397 11359-11459 AudioTrack              pid-11359                            V  obtainBuffer(192) returned 192 = 192 + 0 err 0
2022-12-26 16:28:37.397 17758-17758 BoundBrokerSvc          pid-17758                            D  onBind: Intent { act=com.google.android.gms.measurement.START pkg=com.google.android.gms }
2022-12-26 16:28:37.398 17758-17758 BoundBrokerSvc          pid-17758                            D  Loading bound service for intent: Intent { act=com.google.android.gms.measurement.START pkg=com.google.android.gms }
2022-12-26 16:28:37.401 11359-11459 AudioTrack              pid-11359                            V  obtainBuffer(192) returned 192 = 192 + 0 err 0
2022-12-26 16:28:37.461 11359-11459 chatty                  pid-11359                            I  uid=10213(com.inforcegames.app3dmodelling) AudioTrack identical 15 lines
2022-12-26 16:28:37.465 11359-11459 AudioTrack              pid-11359                            V  obtainBuffer(192) returned 192 = 192 + 0 err 0
2022-12-26 16:28:37.469 11359-11459 AudioTrack              pid-11359                            V  obtainBuffer(192) returned 192 = 128 + 64 err 0
2022-12-26 16:28:37.469 11359-11459 AudioTrack              pid-11359                            V  obtainBuffer(64) returned 64 = 64 + 0 err 0
2022-12-26 16:28:37.473 11359-11459 AudioTrack              pid-11359                            V  obtainBuffer(192) returned 192 = 192 + 0 err 0
2022-12-26 16:28:37.505 11359-11459 chatty                  pid-11359                            I  uid=10213(com.inforcegames.app3dmodelling) AudioTrack identical 8 lines
2022-12-26 16:28:37.509 11359-11459 AudioTrack              pid-11359                            V  obtainBuffer(192) returned 192 = 192 + 0 err 0
2022-12-26 16:28:37.513 11359-11459 AudioTrack              pid-11359                            V  obtainBuffer(192) returned 192 = 64 + 128 err 0
2022-12-26 16:28:37.513 11359-11459 AudioTrack              pid-11359                            V  obtainBuffer(128) returned 128 = 128 + 0 err 0
2022-12-26 16:28:37.517 11359-11459 AudioTrack              pid-11359                            V  obtainBuffer(192) returned 192 = 192 + 0 err 0
2022-12-26 16:28:37.537 11359-11459 chatty                  pid-11359                            I  uid=10213(com.inforcegames.app3dmodelling) AudioTrack identical 5 lines
2022-12-26 16:28:37.541 11359-11459 AudioTrack              pid-11359                            V  obtainBuffer(192) returned 192 = 192 + 0 err 0
2022-12-26 16:28:37.544  1302-1457  ThermalEngine           pid-1302                             D  sensor_wait: backlight_therm Wait done.
2022-12-26 16:28:37.545 11359-11459 AudioTrack              pid-11359                            V  obtainBuffer(192) returned 192 = 192 + 0 err 0
2022-12-26 16:28:37.545  1302-1457  ThermalEngine           pid-1302                             D  sensor_monitor: backlight_therm Reading 33000 .
2022-12-26 16:28:37.545  1302-1457  ThermalEngine           pid-1302                             I  Sensor:backlight_therm:33000 mC
2022-12-26 16:28:37.545  1302-1457  ThermalEngine           pid-1302                             D  update_active_thresh: backlight_therm Active(1), Hi(1) 45000, Lo(0) -2147483648, desc(0) Interval(1) 2000
2022-12-26 16:28:37.545  1302-1457  ThermalEngine           pid-1302                             D  sensor_monitor: backlight_therm Sensor wait.
2022-12-26 16:28:37.545  1302-1457  ThermalEngine           pid-1302                             D  sensor_wait: backlight_therm Wait start. 2000ms
2022-12-26 16:28:37.549 11359-11459 AudioTrack              pid-11359                            V  obtainBuffer(192) returned 192 = 192 + 0 err 0
2022-12-26 16:28:37.589 11359-11459 chatty                  pid-11359                            I  uid=10213(com.inforcegames.app3dmodelling) AudioTrack identical 10 lines
2022-12-26 16:28:37.593 11359-11459 AudioTrack              pid-11359                            V  obtainBuffer(192) returned 192 = 192 + 0 err 0
2022-12-26 16:28:37.597 11359-11459 AudioTrack              pid-11359                            V  obtainBuffer(192) returned 192 = 128 + 64 err 0
2022-12-26 16:28:37.597 11359-11459 AudioTrack              pid-11359                            V  obtainBuffer(64) returned 64 = 64 + 0 err 0
2022-12-26 16:28:37.601 11359-11459 AudioTrack              pid-11359                            V  obtainBuffer(192) returned 192 = 192 + 0 err 0
2022-12-26 16:28:37.604  2280-7731  CompatibilityInfo       pid-2280                             D  mCompatibilityFlags - 0
2022-12-26 16:28:37.605  2280-7731  CompatibilityInfo       pid-2280                             D  applicationDensity - 440
2022-12-26 16:28:37.605  2280-7731  CompatibilityInfo       pid-2280                             D  applicationScale - 1.0
2022-12-26 16:28:37.605 11359-11459 AudioTrack              pid-11359                            V  obtainBuffer(192) returned 192 = 192 + 0 err 0
2022-12-26 16:28:37.633 11359-11459 chatty                  pid-11359                            I  uid=10213(com.inforcegames.app3dmodelling) AudioTrack identical 7 lines
2022-12-26 16:28:37.637 11359-11459 AudioTrack              pid-11359                            V  obtainBuffer(192) returned 192 = 192 + 0 err 0
2022-12-26 16:28:37.641 11359-11459 AudioTrack              pid-11359                            V  obtainBuffer(192) returned 192 = 64 + 128 err 0
2022-12-26 16:28:37.641 11359-11459 AudioTrack              pid-11359                            V  obtainBuffer(128) returned 128 = 128 + 0 err 0
2022-12-26 16:28:37.645 11359-11459 AudioTrack              pid-11359                            V  obtainBuffer(192) returned 192 = 192 + 0 err 0
2022-12-26 16:28:37.657 11359-11459 chatty                  pid-11359                            I  uid=10213(com.inforcegames.app3dmodelling) AudioTrack identical 3 lines
2022-12-26 16:28:37.661 11359-11459 AudioTrack              pid-11359                            V  obtainBuffer(192) returned 192 = 192 + 0 err 0
2022-12-26 16:28:37.661 11359-11370 .app3dmodellin          pid-11359                            I  Background concurrent copying GC freed 118677(5MB) AllocSpace objects, 22(1936KB) LOS objects, 49% free, 7MB/15MB, paused 249us total 261.002ms
2022-12-26 16:28:37.665 11359-11459 AudioTrack              pid-11359                            V  obtainBuffer(192) returned 192 = 192 + 0 err 0
2022-12-26 16:28:37.717 11359-11459 chatty                  pid-11359                            I  uid=10213(com.inforcegames.app3dmodelling) AudioTrack identical 13 lines
2022-12-26 16:28:37.721 11359-11459 AudioTrack              pid-11359                            V  obtainBuffer(192) returned 192 = 192 + 0 err 0
2022-12-26 16:28:37.725 11359-11459 AudioTrack              pid-11359                            V  obtainBuffer(192) returned 192 = 128 + 64 err 0
2022-12-26 16:28:37.725 11359-11459 AudioTrack              pid-11359                            V  obtainBuffer(64) returned 64 = 64 + 0 err 0
2022-12-26 16:28:37.729 11359-11459 AudioTrack              pid-11359                            V  obtainBuffer(192) returned 192 = 192 + 0 err 0
2022-12-26 16:28:37.749 11359-11459 chatty                  pid-11359                            I  uid=10213(com.inforcegames.app3dmodelling) AudioTrack identical 5 lines
2022-12-26 16:28:37.753 11359-11459 AudioTrack              pid-11359                            V  obtainBuffer(192) returned 192 = 192 + 0 err 0
2022-12-26 16:28:37.754 32738-14694 NetworkScheduler        pid-32738                            W  Error inserting period=1652000 preferred_charging_state=1 preferred_network_type=1 target_class=com.google.android.gms.measurement.PackageMeasurementTaskService required_network_type=0 runtime=1672068517707 required_idleness_state=0 source=16 service_kind=0 target_package=com.google.android.gms persistence_level=1 source_version=224814000 last_runtime=0 user_id=0 job_id=-1 requires_charging=0 tag=Measurement.PackageMeasurementTaskService.UPLOAD_TASK_TAG flex_time=825000 task_type=0 retry_strategy={"maximum_backoff_seconds":{"3600":0},"initial_backoff_seconds":{"30":0},"retry_policy":{"0":0}} [CONTEXT service_id=218 ]
                                                                                                    android.database.sqlite.SQLiteConstraintException: UNIQUE constraint failed: pending_ops.tag, pending_ops.target_class, pending_ops.target_package, pending_ops.user_id (code 2067 SQLITE_CONSTRAINT_UNIQUE)
                                                                                                    	at android.database.sqlite.SQLiteConnection.nativeExecuteForLastInsertedRowId(Native Method)
                                                                                                    	at android.database.sqlite.SQLiteConnection.executeForLastInsertedRowId(SQLiteConnection.java:796)
                                                                                                    	at android.database.sqlite.SQLiteSession.executeForLastInsertedRowId(SQLiteSession.java:788)
                                                                                                    	at android.database.sqlite.SQLiteStatement.executeInsert(SQLiteStatement.java:86)
                                                                                                    	at android.database.sqlite.SQLiteDatabase.insertWithOnConflict(SQLiteDatabase.java:1564)
                                                                                                    	at android.database.sqlite.SQLiteDatabase.insertOrThrow(SQLiteDatabase.java:1459)
                                                                                                    	at bkqd.g(:com.google.android.gms@224814028@22.48.14 (100400-493411920):53)
                                                                                                    	at bkow.n(:com.google.android.gms@224814028@22.48.14 (100400-493411920):3)
                                                                                                    	at bkow.u(:com.google.android.gms@224814028@22.48.14 (100400-493411920):20)
                                                                                                    	at bkow.h(:com.google.android.gms@224814028@22.48.14 (100400-493411920):3)
                                                                                                    	at bkkn.run(:com.google.android.gms@224814028@22.48.14 (100400-493411920):9)
                                                                                                    	at abva.c(:com.google.android.gms@224814028@22.48.14 (100400-493411920):6)
                                                                                                    	at abva.run(:com.google.android.gms@224814028@22.48.14 (100400-493411920):7)
                                                                                                    	at java.util.concurrent.ThreadPoolExecutor.runWorker(ThreadPoolExecutor.java:1167)
                                                                                                    	at java.util.concurrent.ThreadPoolExecutor$Worker.run(ThreadPoolExecutor.java:641)
                                                                                                    	at acae.run(:com.google.android.gms@224814028@22.48.14 (100400-493411920):0)
                                                                                                    	at java.lang.Thread.run(Thread.java:764)
2022-12-26 16:28:37.757 11359-11459 AudioTrack              pid-11359                            V  obtainBuffer(192) returned 192 = 192 + 0 err 0
2022-12-26 16:28:37.761 11359-11459 chatty                  pid-11359                            I  uid=10213(com.inforcegames.app3dmodelling) AudioTrack identical 1 line
2022-12-26 16:28:37.765 11359-11459 AudioTrack              pid-11359                            V  obtainBuffer(192) returned 192 = 192 + 0 err 0
2022-12-26 16:28:37.769 11359-11459 AudioTrack              pid-11359                            V  obtainBuffer(192) returned 192 = 64 + 128 err 0
2022-12-26 16:28:37.769 11359-11459 AudioTrack              pid-11359                            V  obtainBuffer(128) returned 128 = 128 + 0 err 0
2022-12-26 16:28:37.773 11359-11459 AudioTrack              pid-11359                            V  obtainBuffer(192) returned 192 = 192 + 0 err 0
2022-12-26 16:28:37.845 11359-11459 chatty                  pid-11359                            I  uid=10213(com.inforcegames.app3dmodelling) AudioTrack identical 18 lines
2022-12-26 16:28:37.849 11359-11459 AudioTrack              pid-11359                            V  obtainBuffer(192) returned 192 = 192 + 0 err 0
2022-12-26 16:28:37.853 11359-11459 AudioTrack              pid-11359                            V  obtainBuffer(192) returned 192 = 128 + 64 err 0
2022-12-26 16:28:37.853 11359-11459 AudioTrack              pid-11359                            V  obtainBuffer(64) returned 64 = 64 + 0 err 0
2022-12-26 16:28:37.857 11359-11459 AudioTrack              pid-11359                            V  obtainBuffer(192) returned 192 = 192 + 0 err 0
2022-12-26 16:28:37.885 11359-11459 chatty                  pid-11359                            I  uid=10213(com.inforcegames.app3dmodelling) AudioTrack identical 7 lines
2022-12-26 16:28:37.889 11359-11459 AudioTrack              pid-11359                            V  obtainBuffer(192) returned 192 = 192 + 0 err 0
2022-12-26 16:28:37.889   688-944   audio_hw_spkr_prot      pid-688                              D  audio_extn_fbsp_get_parameters: Speaker protection disabled
2022-12-26 16:28:37.889   688-944   audio_hw_extn           pid-688                              D  audio_extn_get_parameters: returns 
2022-12-26 16:28:37.891   743-18565 hash_map_utils          pid-743                              I  key: 'hifi_mode' value: ''
2022-12-26 16:28:37.893 11359-11459 AudioTrack              pid-11359                            V  obtainBuffer(192) returned 192 = 192 + 0 err 0
2022-12-26 16:28:37.893 11359-11359 AudioManager            pid-11359                            D  getStreamVolume isRestricted mode = 0
2022-12-26 16:28:37.897 11359-11459 AudioTrack              pid-11359                            V  obtainBuffer(192) returned 192 = 64 + 128 err 0
2022-12-26 16:28:37.897 11359-11459 AudioTrack              pid-11359                            V  obtainBuffer(128) returned 128 = 128 + 0 err 0
2022-12-26 16:28:37.898   688-944   audio_hw_spkr_prot      pid-688                              D  audio_extn_fbsp_get_parameters: Speaker protection disabled
2022-12-26 16:28:37.898   688-944   audio_hw_extn           pid-688                              D  audio_extn_get_parameters: returns 
2022-12-26 16:28:37.899   743-18565 hash_map_utils          pid-743                              I  key: 'hifi_mode' value: ''
2022-12-26 16:28:37.901 11359-11459 AudioTrack              pid-11359                            V  obtainBuffer(192) returned 192 = 192 + 0 err 0
2022-12-26 16:28:37.903 11359-11359 ContentCatcher          pid-11359                            W  Failed to notify a WebView
2022-12-26 16:28:37.905 11359-11459 AudioTrack              pid-11359                            V  obtainBuffer(192) returned 192 = 192 + 0 err 0
2022-12-26 16:28:37.909 11359-11459 chatty                  pid-11359                            I  uid=10213(com.inforcegames.app3dmodelling) AudioTrack identical 1 line
2022-12-26 16:28:37.913 11359-11459 AudioTrack              pid-11359                            V  obtainBuffer(192) returned 192 = 192 + 0 err 0
2022-12-26 16:28:37.917 11359-11359 ContentCatcher          pid-11359                            W  Failed to notify a WebView
2022-12-26 16:28:37.917 11359-11459 AudioTrack              pid-11359                            V  obtainBuffer(192) returned 192 = 192 + 0 err 0
2022-12-26 16:28:37.917   688-944   audio_hw_spkr_prot      pid-688                              D  audio_extn_fbsp_get_parameters: Speaker protection disabled
2022-12-26 16:28:37.917   688-944   audio_hw_extn           pid-688                              D  audio_extn_get_parameters: returns 
2022-12-26 16:28:37.917   743-18565 hash_map_utils          pid-743                              I  key: 'hifi_mode' value: ''
2022-12-26 16:28:37.919 11359-15968 AudioManager            pid-11359                            D  getStreamVolume isRestricted mode = 0
2022-12-26 16:28:37.921 11359-11459 AudioTrack              pid-11359                            V  obtainBuffer(192) returned 192 = 192 + 0 err 0
2022-12-26 16:28:37.925 11359-11459 chatty                  pid-11359                            I  uid=10213(com.inforcegames.app3dmodelling) AudioTrack identical 1 line
2022-12-26 16:28:37.929 11359-11459 AudioTrack              pid-11359                            V  obtainBuffer(192) returned 192 = 192 + 0 err 0
2022-12-26 16:28:37.931   688-944   audio_hw_spkr_prot      pid-688                              D  audio_extn_fbsp_get_parameters: Speaker protection disabled
2022-12-26 16:28:37.931   688-944   audio_hw_extn           pid-688                              D  audio_extn_get_parameters: returns 
2022-12-26 16:28:37.932   743-18989 hash_map_utils          pid-743                              I  key: 'hifi_mode' value: ''
2022-12-26 16:28:37.933 11359-11459 AudioTrack              pid-11359                            V  obtainBuffer(192) returned 192 = 192 + 0 err 0
2022-12-26 16:28:37.934 11359-11359 PlayCore                pid-11359                            I  UID: [10213]  PID: [11359] PrewarmService : detach
2022-12-26 16:28:37.934 11359-13158 PlayCore                pid-11359                            I  UID: [10213]  PID: [11359] PrewarmService : Unbind from service.
2022-12-26 16:28:37.937 11359-11459 AudioTrack              pid-11359                            V  obtainBuffer(192) returned 192 = 192 + 0 err 0
2022-12-26 16:28:37.941 11359-11459 chatty                  pid-11359                            I  uid=10213(com.inforcegames.app3dmodelling) AudioTrack identical 1 line
2022-12-26 16:28:37.945 11359-11459 AudioTrack              pid-11359                            V  obtainBuffer(192) returned 192 = 192 + 0 err 0
2022-12-26 16:28:37.945   688-944   audio_hw_spkr_prot      pid-688                              D  audio_extn_fbsp_get_parameters: Speaker protection disabled
2022-12-26 16:28:37.945   688-944   audio_hw_extn           pid-688                              D  audio_extn_get_parameters: returns 
2022-12-26 16:28:37.945 11359-11359 PlayCore                pid-11359                            I  UID: [10213]  PID: [11359] PrewarmService : prewarm(com.inforcegames.app3dmodelling)
2022-12-26 16:28:37.945   743-18989 hash_map_utils          pid-743                              I  key: 'hifi_mode' value: ''
2022-12-26 16:28:37.946 11359-11359 AdsUnity                pid-11359                            D  Calling show() on Android
2022-12-26 16:28:37.947 11359-15852 AudioManager            pid-11359                            D  getStreamVolume isRestricted mode = 0
2022-12-26 16:28:37.949 11359-11459 AudioTrack              pid-11359                            V  obtainBuffer(192) returned 192 = 192 + 0 err 0
2022-12-26 16:28:37.949 11359-13158 PlayCore                pid-11359                            I  UID: [10213]  PID: [11359] PrewarmService : Initiate binding to the service.
2022-12-26 16:28:37.949   688-944   audio_hw_spkr_prot      pid-688                              D  audio_extn_fbsp_get_parameters: Speaker protection disabled
2022-12-26 16:28:37.949   688-944   audio_hw_extn           pid-688                              D  audio_extn_get_parameters: returns 
2022-12-26 16:28:37.950   743-18989 hash_map_utils          pid-743                              I  key: 'hifi_mode' value: ''
2022-12-26 16:28:37.953  2280-7731  CompatibilityInfo       pid-2280                             D  mCompatibilityFlags - 0
2022-12-26 16:28:37.953  2280-7731  CompatibilityInfo       pid-2280                             D  applicationDensity - 440
2022-12-26 16:28:37.953 11359-11459 AudioTrack              pid-11359                            V  obtainBuffer(192) returned 192 = 192 + 0 err 0
2022-12-26 16:28:37.953  2280-7731  CompatibilityInfo       pid-2280                             D  applicationScale - 1.0
2022-12-26 16:28:37.957 11359-11459 AudioTrack              pid-11359                            V  obtainBuffer(192) returned 192 = 192 + 0 err 0
2022-12-26 16:28:37.961 11359-11459 chatty                  pid-11359                            I  uid=10213(com.inforcegames.app3dmodelling) AudioTrack identical 1 line
2022-12-26 16:28:37.965 11359-11459 AudioTrack              pid-11359                            V  obtainBuffer(192) returned 192 = 192 + 0 err 0
2022-12-26 16:28:37.965   688-944   audio_hw_spkr_prot      pid-688                              D  audio_extn_fbsp_get_parameters: Speaker protection disabled
2022-12-26 16:28:37.965   688-944   audio_hw_extn           pid-688                              D  audio_extn_get_parameters: returns 
2022-12-26 16:28:37.966   743-18989 hash_map_utils          pid-743                              I  key: 'hifi_mode' value: ''
2022-12-26 16:28:37.969 11359-11459 AudioTrack              pid-11359                            V  obtainBuffer(192) returned 192 = 192 + 0 err 0
2022-12-26 16:28:37.973 11359-11459 AudioTrack              pid-11359                            V  obtainBuffer(192) returned 192 = 192 + 0 err 0
2022-12-26 16:28:37.975 11359-15852 AudioManager            pid-11359                            D  getStreamVolume isRestricted mode = 0
2022-12-26 16:28:37.977 11359-11459 AudioTrack              pid-11359                            V  obtainBuffer(192) returned 192 = 192 + 0 err 0
2022-12-26 16:28:37.981 11359-11459 AudioTrack              pid-11359                            V  obtainBuffer(192) returned 192 = 128 + 64 err 0
2022-12-26 16:28:37.981 11359-11459 AudioTrack              pid-11359                            V  obtainBuffer(64) returned 64 = 64 + 0 err 0
2022-12-26 16:28:37.981   688-944   audio_hw_spkr_prot      pid-688                              D  audio_extn_fbsp_get_parameters: Speaker protection disabled
2022-12-26 16:28:37.981   688-944   audio_hw_extn           pid-688                              D  audio_extn_get_parameters: returns 
2022-12-26 16:28:37.981   743-18989 hash_map_utils          pid-743                              I  key: 'hifi_mode' value: ''
2022-12-26 16:28:37.985 11359-11459 AudioTrack              pid-11359                            V  obtainBuffer(192) returned 192 = 192 + 0 err 0
2022-12-26 16:28:37.989 11359-11459 chatty                  pid-11359                            I  uid=10213(com.inforcegames.app3dmodelling) AudioTrack identical 1 line
2022-12-26 16:28:37.993 11359-11459 AudioTrack              pid-11359                            V  obtainBuffer(192) returned 192 = 192 + 0 err 0
2022-12-26 16:28:37.995 11359-11359 PlayCore                pid-11359                            I  UID: [10213]  PID: [11359] PrewarmService : ServiceConnectionImpl.onServiceConnected(ComponentInfo{com.android.vending/com.google.android.finsky.prewarmservice.PrewarmService})
2022-12-26 16:28:37.996 11359-13158 PlayCore                pid-11359                            I  UID: [10213]  PID: [11359] PrewarmService : linkToDeath
2022-12-26 16:28:37.997 11359-11459 AudioTrack              pid-11359                            V  obtainBuffer(192) returned 192 = 192 + 0 err 0
2022-12-26 16:28:37.998  9703-10499 Finsky                  pid-9703                             I  [12171] ttx.c(1): prewarm called with callingPackage: com.inforcegames.app3dmodelling
2022-12-26 16:28:37.998   688-944   audio_hw_spkr_prot      pid-688                              D  audio_extn_fbsp_get_parameters: Speaker protection disabled
2022-12-26 16:28:37.998   688-944   audio_hw_extn           pid-688                              D  audio_extn_get_parameters: returns 
2022-12-26 16:28:37.998   743-18989 hash_map_utils          pid-743                              I  key: 'hifi_mode' value: ''
2022-12-26 16:28:37.999 11359-15971 AudioManager            pid-11359                            D  getStreamVolume isRestricted mode = 0
2022-12-26 16:28:38.001 11359-11459 AudioTrack              pid-11359                            V  obtainBuffer(192) returned 192 = 192 + 0 err 0
2022-12-26 16:28:38.005 11359-11459 AudioTrack              pid-11359                            V  obtainBuffer(192) returned 192 = 192 + 0 err 0
2022-12-26 16:28:38.005   688-944   audio_hw_spkr_prot      pid-688                              D  audio_extn_fbsp_get_parameters: Speaker protection disabled
2022-12-26 16:28:38.005   688-944   audio_hw_extn           pid-688                              D  audio_extn_get_parameters: returns 
2022-12-26 16:28:38.005   743-18989 hash_map_utils          pid-743                              I  key: 'hifi_mode' value: ''
2022-12-26 16:28:38.009 11359-11459 AudioTrack              pid-11359                            V  obtainBuffer(192) returned 192 = 192 + 0 err 0
2022-12-26 16:28:38.017 11359-11459 chatty                  pid-11359                            I  uid=10213(com.inforcegames.app3dmodelling) AudioTrack identical 2 lines
2022-12-26 16:28:38.021 11359-11459 AudioTrack              pid-11359                            V  obtainBuffer(192) returned 192 = 192 + 0 err 0
2022-12-26 16:28:38.025 11359-11459 AudioTrack              pid-11359                            V  obtainBuffer(192) returned 192 = 64 + 128 err 0
2022-12-26 16:28:38.025 11359-11459 AudioTrack              pid-11359                            V  obtainBuffer(128) returned 128 = 128 + 0 err 0
2022-12-26 16:28:38.025   688-944   audio_hw_spkr_prot      pid-688                              D  audio_extn_fbsp_get_parameters: Speaker protection disabled
2022-12-26 16:28:38.026   688-944   audio_hw_extn           pid-688                              D  audio_extn_get_parameters: returns 
2022-12-26 16:28:38.026   743-18989 hash_map_utils          pid-743                              I  key: 'hifi_mode' value: ''
2022-12-26 16:28:38.029 11359-11459 AudioTrack              pid-11359                            V  obtainBuffer(192) returned 192 = 192 + 0 err 0
2022-12-26 16:28:38.030 11359-15858 AudioManager            pid-11359                            D  getStreamVolume isRestricted mode = 0
2022-12-26 16:28:38.033 11359-11459 AudioTrack              pid-11359                            V  obtainBuffer(192) returned 192 = 192 + 0 err 0
2022-12-26 16:28:38.033   688-944   audio_hw_spkr_prot      pid-688                              D  audio_extn_fbsp_get_parameters: Speaker protection disabled
2022-12-26 16:28:38.033   688-944   audio_hw_extn           pid-688                              D  audio_extn_get_parameters: returns 
2022-12-26 16:28:38.033   743-18565 hash_map_utils          pid-743                              I  key: 'hifi_mode' value: ''
2022-12-26 16:28:38.037 11359-11459 AudioTrack              pid-11359                            V  obtainBuffer(192) returned 192 = 192 + 0 err 0
2022-12-26 16:28:38.077 11359-11459 chatty                  pid-11359                            I  uid=10213(com.inforcegames.app3dmodelling) AudioTrack identical 10 lines
2022-12-26 16:28:38.081 11359-11459 AudioTrack              pid-11359                            V  obtainBuffer(192) returned 192 = 192 + 0 err 0
2022-12-26 16:28:38.084   688-944   audio_hw_spkr_prot      pid-688                              D  audio_extn_fbsp_get_parameters: Speaker protection disabled
2022-12-26 16:28:38.084   688-944   audio_hw_extn           pid-688                              D  audio_extn_get_parameters: returns 
2022-12-26 16:28:38.085 11359-11459 AudioTrack              pid-11359                            V  obtainBuffer(192) returned 192 = 192 + 0 err 0
2022-12-26 16:28:38.085   743-18565 hash_map_utils          pid-743                              I  key: 'hifi_mode' value: ''
2022-12-26 16:28:38.089 11359-11459 AudioTrack              pid-11359                            V  obtainBuffer(192) returned 192 = 192 + 0 err 0
2022-12-26 16:28:38.093 11359-11459 AudioTrack              pid-11359                            V  obtainBuffer(192) returned 192 = 192 + 0 err 0
2022-12-26 16:28:38.094 11359-15971 AudioManager            pid-11359                            D  getStreamVolume isRestricted mode = 0
2022-12-26 16:28:38.097 11359-11459 AudioTrack              pid-11359                            V  obtainBuffer(192) returned 192 = 192 + 0 err 0
2022-12-26 16:28:38.101 11359-11459 chatty                  pid-11359                            I  uid=10213(com.inforcegames.app3dmodelling) AudioTrack identical 1 line
2022-12-26 16:28:38.105 11359-11459 AudioTrack              pid-11359                            V  obtainBuffer(192) returned 192 = 192 + 0 err 0
2022-12-26 16:28:38.109 11359-11459 AudioTrack              pid-11359                            V  obtainBuffer(192) returned 192 = 128 + 64 err 0
2022-12-26 16:28:38.109 11359-11459 AudioTrack              pid-11359                            V  obtainBuffer(64) returned 64 = 64 + 0 err 0
2022-12-26 16:28:38.110   688-944   audio_hw_spkr_prot      pid-688                              D  audio_extn_fbsp_get_parameters: Speaker protection disabled
2022-12-26 16:28:38.110   688-944   audio_hw_extn           pid-688                              D  audio_extn_get_parameters: returns 
2022-12-26 16:28:38.111   743-18565 hash_map_utils          pid-743                              I  key: 'hifi_mode' value: ''
2022-12-26 16:28:38.113 11359-11459 AudioTrack              pid-11359                            V  obtainBuffer(192) returned 192 = 192 + 0 err 0
2022-12-26 16:28:38.117   688-944   audio_hw_spkr_prot      pid-688                              D  audio_extn_fbsp_get_parameters: Speaker protection disabled
2022-12-26 16:28:38.117   688-944   audio_hw_extn           pid-688                              D  audio_extn_get_parameters: returns 
2022-12-26 16:28:38.117 11359-11459 AudioTrack              pid-11359                            V  obtainBuffer(192) returned 192 = 192 + 0 err 0
2022-12-26 16:28:38.117   743-18565 hash_map_utils          pid-743                              I  key: 'hifi_mode' value: ''
2022-12-26 16:28:38.119 11359-15968 AudioManager            pid-11359                            D  getStreamVolume isRestricted mode = 0
2022-12-26 16:28:38.121 11359-11459 AudioTrack              pid-11359                            V  obtainBuffer(192) returned 192 = 192 + 0 err 0
2022-12-26 16:28:38.125 11359-11459 AudioTrack              pid-11359                            V  obtainBuffer(192) returned 192 = 192 + 0 err 0
2022-12-26 16:28:38.127  1302-1463  ThermalEngine           pid-1302                             D  sensor_wait: quiet_therm Wait done.
2022-12-26 16:28:38.128  1302-1462  ThermalEngine           pid-1302                             D  sensor_wait: msm_therm Wait done.
2022-12-26 16:28:38.128  1302-1463  ThermalEngine           pid-1302                             D  sensor_monitor: quiet_therm Reading 37000 .
2022-12-26 16:28:38.128  1302-1463  ThermalEngine           pid-1302                             I  Sensor:quiet_therm:37000 mC
2022-12-26 16:28:38.128  1302-1463  ThermalEngine           pid-1302                             D  update_active_thresh: quiet_therm Active(1), Hi(1) 40000, Lo(0) -2147483648, desc(0) Interval(1) 1000
2022-12-26 16:28:38.128  1302-1463  ThermalEngine           pid-1302                             D  sensor_monitor: quiet_therm Sensor wait.
2022-12-26 16:28:38.128  1302-1463  ThermalEngine           pid-1302                             D  sensor_wait: quiet_therm Wait start. 1000ms
2022-12-26 16:28:38.129 11359-11459 AudioTrack              pid-11359                            V  obtainBuffer(192) returned 192 = 192 + 0 err 0
2022-12-26 16:28:38.129  1302-1462  ThermalEngine           pid-1302                             D  sensor_monitor: msm_therm Reading 38000 .
2022-12-26 16:28:38.129  1302-1462  ThermalEngine           pid-1302                             I  Sensor:msm_therm:38000 mC
2022-12-26 16:28:38.129  1302-1462  ThermalEngine           pid-1302                             D  update_active_thresh: msm_therm Active(1), Hi(1) 44000, Lo(0) -2147483648, desc(0) Interval(1) 1000
2022-12-26 16:28:38.129  1302-1462  ThermalEngine           pid-1302                             D  sensor_monitor: msm_therm Sensor wait.
2022-12-26 16:28:38.129  1302-1462  ThermalEngine           pid-1302                             D  sensor_wait: msm_therm Wait start. 1000ms
2022-12-26 16:28:38.130   688-944   audio_hw_spkr_prot      pid-688                              D  audio_extn_fbsp_get_parameters: Speaker protection disabled
2022-12-26 16:28:38.130   688-944   audio_hw_extn           pid-688                              D  audio_extn_get_parameters: returns 
2022-12-26 16:28:38.130   743-18565 hash_map_utils          pid-743                              I  key: 'hifi_mode' value: ''
2022-12-26 16:28:38.133 11359-11459 AudioTrack              pid-11359                            V  obtainBuffer(192) returned 192 = 192 + 0 err 0
2022-12-26 16:28:38.145 11359-11459 chatty                  pid-11359                            I  uid=10213(com.inforcegames.app3dmodelling) AudioTrack identical 3 lines
2022-12-26 16:28:38.149 11359-11459 AudioTrack              pid-11359                            V  obtainBuffer(192) returned 192 = 192 + 0 err 0
2022-12-26 16:28:38.153 11359-11459 AudioTrack              pid-11359                            V  obtainBuffer(192) returned 192 = 64 + 128 err 0
2022-12-26 16:28:38.153 11359-11459 AudioTrack              pid-11359                            V  obtainBuffer(128) returned 128 = 128 + 0 err 0
2022-12-26 16:28:38.155 13316-13316 SignalClusterView       pid-13316                            D  updateMobileTypeImage  0
2022-12-26 16:28:38.157 11359-11459 AudioTrack              pid-11359                            V  obtainBuffer(192) returned 192 = 192 + 0 err 0
2022-12-26 16:28:38.161 11359-11459 AudioTrack              pid-11359                            V  obtainBuffer(192) returned 192 = 192 + 0 err 0
2022-12-26 16:28:38.164 13316-13316 SignalClusterView       pid-13316                            D  updateMobileTypeImage  0
2022-12-26 16:28:38.164 13316-13316 SignalClusterView       pid-13316                            D  updateMobileTypeImage  0
2022-12-26 16:28:38.165 11359-11459 AudioTrack              pid-11359                            V  obtainBuffer(192) returned 192 = 192 + 0 err 0
2022-12-26 16:28:38.225 11359-11459 chatty                  pid-11359                            I  uid=10213(com.inforcegames.app3dmodelling) AudioTrack identical 15 lines
2022-12-26 16:28:38.229 11359-11459 AudioTrack              pid-11359                            V  obtainBuffer(192) returned 192 = 192 + 0 err 0
2022-12-26 16:28:38.230 11582-11653 chromium                pid-11582                            E  [ERROR:tile_manager.cc(826)] WARNING: tile memory limits exceeded, some content may not draw
2022-12-26 16:28:38.231 11582-11653 chromium                pid-11582                            E  [ERROR:tile_manager.cc(826)] WARNING: tile memory limits exceeded, some content may not draw
2022-12-26 16:28:38.233 11359-11459 AudioTrack              pid-11359                            V  obtainBuffer(192) returned 192 = 192 + 0 err 0
2022-12-26 16:28:38.237 11359-11459 AudioTrack              pid-11359                            V  obtainBuffer(192) returned 192 = 128 + 64 err 0
2022-12-26 16:28:38.237 11359-11459 AudioTrack              pid-11359                            V  obtainBuffer(64) returned 64 = 64 + 0 err 0
2022-12-26 16:28:38.241 11359-11459 AudioTrack              pid-11359                            V  obtainBuffer(192) returned 192 = 192 + 0 err 0
2022-12-26 16:28:38.245 11359-11459 AudioTrack              pid-11359                            V  obtainBuffer(192) returned 192 = 192 + 0 err 0
2022-12-26 16:28:38.248   688-944   audio_hw_spkr_prot      pid-688                              D  audio_extn_fbsp_get_parameters: Speaker protection disabled
