2022-12-26 16:28:40.202 11359-11459 AudioTrack              pid-11359                            V  obtainBuffer(128) returned 128 = 128 + 0 err 0
2022-12-26 16:28:40.205 11359-11459 AudioTrack              pid-11359                            V  obtainBuffer(192) returned 192 = 192 + 0 err 0
2022-12-26 16:28:40.277 11359-11459 chatty                  pid-11359                            I  uid=10213(com.inforcegames.app3dmodelling) AudioTrack identical 18 lines
2022-12-26 16:28:40.281 11359-11459 AudioTrack              pid-11359                            V  obtainBuffer(192) returned 192 = 192 + 0 err 0
2022-12-26 16:28:40.285 11359-11459 AudioTrack              pid-11359                            V  obtainBuffer(192) returned 192 = 128 + 64 err 0
2022-12-26 16:28:40.285 11359-11459 AudioTrack              pid-11359                            V  obtainBuffer(64) returned 64 = 64 + 0 err 0
2022-12-26 16:28:40.289 11359-11459 AudioTrack              pid-11359                            V  obtainBuffer(192) returned 192 = 192 + 0 err 0
2022-12-26 16:28:40.293 11359-11459 AudioTrack              pid-11359                            V  obtainBuffer(192) returned 192 = 192 + 0 err 0
2022-12-26 16:28:40.295   688-944   audio_hw_spkr_prot      pid-688                              D  audio_extn_fbsp_get_parameters: Speaker protection disabled
2022-12-26 16:28:40.296   688-944   audio_hw_extn           pid-688                              D  audio_extn_get_parameters: returns 
2022-12-26 16:28:40.296   743-18989 hash_map_utils          pid-743                              I  key: 'hifi_mode' value: ''
2022-12-26 16:28:40.297 11359-11459 AudioTrack              pid-11359                            V  obtainBuffer(192) returned 192 = 192 + 0 err 0
2022-12-26 16:28:40.301 11359-13070 AudioManager            pid-11359                            D  getStreamVolume isRestricted mode = 0
2022-12-26 16:28:40.301 11359-11459 AudioTrack              pid-11359                            V  obtainBuffer(192) returned 192 = 192 + 0 err 0
2022-12-26 16:28:40.303   688-944   audio_hw_spkr_prot      pid-688                              D  audio_extn_fbsp_get_parameters: Speaker protection disabled
2022-12-26 16:28:40.303   688-944   audio_hw_extn           pid-688                              D  audio_extn_get_parameters: returns 
2022-12-26 16:28:40.303   743-18989 hash_map_utils          pid-743                              I  key: 'hifi_mode' value: ''
2022-12-26 16:28:40.305 11359-11459 AudioTrack              pid-11359                            V  obtainBuffer(192) returned 192 = 192 + 0 err 0
2022-12-26 16:28:40.321 11359-11459 chatty                  pid-11359                            I  uid=10213(com.inforcegames.app3dmodelling) AudioTrack identical 4 lines
2022-12-26 16:28:40.325 11359-11459 AudioTrack              pid-11359                            V  obtainBuffer(192) returned 192 = 192 + 0 err 0
2022-12-26 16:28:40.329 11359-11459 AudioTrack              pid-11359                            V  obtainBuffer(192) returned 192 = 64 + 128 err 0
2022-12-26 16:28:40.329 11359-11459 AudioTrack              pid-11359                            V  obtainBuffer(128) returned 128 = 128 + 0 err 0
2022-12-26 16:28:40.333 11359-11459 AudioTrack              pid-11359                            V  obtainBuffer(192) returned 192 = 192 + 0 err 0
2022-12-26 16:28:40.405 11359-11459 chatty                  pid-11359                            I  uid=10213(com.inforcegames.app3dmodelling) AudioTrack identical 18 lines
2022-12-26 16:28:40.410 11359-11459 AudioTrack              pid-11359                            V  obtainBuffer(192) returned 192 = 192 + 0 err 0
2022-12-26 16:28:40.413 11359-11459 AudioTrack              pid-11359                            V  obtainBuffer(192) returned 192 = 128 + 64 err 0
2022-12-26 16:28:40.413 11359-11459 AudioTrack              pid-11359                            V  obtainBuffer(64) returned 64 = 64 + 0 err 0
2022-12-26 16:28:40.417 11359-11459 AudioTrack              pid-11359                            V  obtainBuffer(192) returned 192 = 192 + 0 err 0
2022-12-26 16:28:40.449 11359-11459 chatty                  pid-11359                            I  uid=10213(com.inforcegames.app3dmodelling) AudioTrack identical 8 lines
2022-12-26 16:28:40.453 11359-11459 AudioTrack              pid-11359                            V  obtainBuffer(192) returned 192 = 192 + 0 err 0
2022-12-26 16:28:40.457 11359-11459 AudioTrack              pid-11359                            V  obtainBuffer(192) returned 192 = 64 + 128 err 0
2022-12-26 16:28:40.457 11359-11459 AudioTrack              pid-11359                            V  obtainBuffer(128) returned 128 = 128 + 0 err 0
2022-12-26 16:28:40.461 11359-11459 AudioTrack              pid-11359                            V  obtainBuffer(192) returned 192 = 192 + 0 err 0
2022-12-26 16:28:40.533 11359-11459 chatty                  pid-11359                            I  uid=10213(com.inforcegames.app3dmodelling) AudioTrack identical 18 lines
2022-12-26 16:28:40.537 11359-11459 AudioTrack              pid-11359                            V  obtainBuffer(192) returned 192 = 192 + 0 err 0
2022-12-26 16:28:40.541 11359-11459 AudioTrack              pid-11359                            V  obtainBuffer(192) returned 192 = 128 + 64 err 0
2022-12-26 16:28:40.541 11359-11459 AudioTrack              pid-11359                            V  obtainBuffer(64) returned 64 = 64 + 0 err 0
2022-12-26 16:28:40.545 11359-11459 AudioTrack              pid-11359                            V  obtainBuffer(192) returned 192 = 192 + 0 err 0
2022-12-26 16:28:40.577 11359-11459 chatty                  pid-11359                            I  uid=10213(com.inforcegames.app3dmodelling) AudioTrack identical 8 lines
2022-12-26 16:28:40.581 11359-11459 AudioTrack              pid-11359                            V  obtainBuffer(192) returned 192 = 192 + 0 err 0
2022-12-26 16:28:40.585 11359-11459 AudioTrack              pid-11359                            V  obtainBuffer(192) returned 192 = 64 + 128 err 0
2022-12-26 16:28:40.585 11359-11459 AudioTrack              pid-11359                            V  obtainBuffer(128) returned 128 = 128 + 0 err 0
2022-12-26 16:28:40.589 11359-11459 AudioTrack              pid-11359                            V  obtainBuffer(192) returned 192 = 192 + 0 err 0
2022-12-26 16:28:40.661 11359-11459 chatty                  pid-11359                            I  uid=10213(com.inforcegames.app3dmodelling) AudioTrack identical 18 lines
2022-12-26 16:28:40.665 11359-11459 AudioTrack              pid-11359                            V  obtainBuffer(192) returned 192 = 192 + 0 err 0
2022-12-26 16:28:40.669 11359-11459 AudioTrack              pid-11359                            V  obtainBuffer(192) returned 192 = 128 + 64 err 0
2022-12-26 16:28:40.669 11359-11459 AudioTrack              pid-11359                            V  obtainBuffer(64) returned 64 = 64 + 0 err 0
2022-12-26 16:28:40.673 11359-11459 AudioTrack              pid-11359                            V  obtainBuffer(192) returned 192 = 192 + 0 err 0
2022-12-26 16:28:40.705 11359-11459 chatty                  pid-11359                            I  uid=10213(com.inforcegames.app3dmodelling) AudioTrack identical 8 lines
2022-12-26 16:28:40.709 11359-11459 AudioTrack              pid-11359                            V  obtainBuffer(192) returned 192 = 192 + 0 err 0
2022-12-26 16:28:40.713 11359-11459 AudioTrack              pid-11359                            V  obtainBuffer(192) returned 192 = 64 + 128 err 0
2022-12-26 16:28:40.713 11359-11459 AudioTrack              pid-11359                            V  obtainBuffer(128) returned 128 = 128 + 0 err 0
2022-12-26 16:28:40.717 11359-11459 AudioTrack              pid-11359                            V  obtainBuffer(192) returned 192 = 192 + 0 err 0
2022-12-26 16:28:40.789 11359-11459 chatty                  pid-11359                            I  uid=10213(com.inforcegames.app3dmodelling) AudioTrack identical 18 lines
2022-12-26 16:28:40.793 11359-11459 AudioTrack              pid-11359                            V  obtainBuffer(192) returned 192 = 192 + 0 err 0
2022-12-26 16:28:40.797 11359-11459 AudioTrack              pid-11359                            V  obtainBuffer(192) returned 192 = 128 + 64 err 0
2022-12-26 16:28:40.797 11359-11459 AudioTrack              pid-11359                            V  obtainBuffer(64) returned 64 = 64 + 0 err 0
2022-12-26 16:28:40.801 11359-11459 AudioTrack              pid-11359                            V  obtainBuffer(192) returned 192 = 192 + 0 err 0
2022-12-26 16:28:40.833 11359-11459 chatty                  pid-11359                            I  uid=10213(com.inforcegames.app3dmodelling) AudioTrack identical 8 lines
2022-12-26 16:28:40.837 11359-11459 AudioTrack              pid-11359                            V  obtainBuffer(192) returned 192 = 192 + 0 err 0
2022-12-26 16:28:40.841 11359-11459 AudioTrack              pid-11359                            V  obtainBuffer(192) returned 192 = 64 + 128 err 0
2022-12-26 16:28:40.841 11359-11459 AudioTrack              pid-11359                            V  obtainBuffer(128) returned 128 = 128 + 0 err 0
2022-12-26 16:28:40.845 11359-11459 AudioTrack              pid-11359                            V  obtainBuffer(192) returned 192 = 192 + 0 err 0
2022-12-26 16:28:40.869 11359-11459 chatty                  pid-11359                            I  uid=10213(com.inforcegames.app3dmodelling) AudioTrack identical 6 lines
2022-12-26 16:28:40.873 11359-11459 AudioTrack              pid-11359                            V  obtainBuffer(192) returned 192 = 192 + 0 err 0
2022-12-26 16:28:40.877  2820-5429  DPMJ                    pid-2820                             I  |REQ:RCVR| DPM creating socket
2022-12-26 16:28:40.877 11359-11459 AudioTrack              pid-11359                            V  obtainBuffer(192) returned 192 = 192 + 0 err 0
2022-12-26 16:28:40.917 11359-11459 chatty                  pid-11359                            I  uid=10213(com.inforcegames.app3dmodelling) AudioTrack identical 10 lines
2022-12-26 16:28:40.921 11359-11459 AudioTrack              pid-11359                            V  obtainBuffer(192) returned 192 = 192 + 0 err 0
2022-12-26 16:28:40.925 11359-11459 AudioTrack              pid-11359                            V  obtainBuffer(192) returned 192 = 128 + 64 err 0
2022-12-26 16:28:40.925 11359-11459 AudioTrack              pid-11359                            V  obtainBuffer(64) returned 64 = 64 + 0 err 0
2022-12-26 16:28:40.929 11359-11459 AudioTrack              pid-11359                            V  obtainBuffer(192) returned 192 = 192 + 0 err 0
2022-12-26 16:28:40.961 11359-11459 chatty                  pid-11359                            I  uid=10213(com.inforcegames.app3dmodelling) AudioTrack identical 8 lines
2022-12-26 16:28:40.965 11359-11459 AudioTrack              pid-11359                            V  obtainBuffer(192) returned 192 = 192 + 0 err 0
2022-12-26 16:28:40.969 11359-11459 AudioTrack              pid-11359                            V  obtainBuffer(192) returned 192 = 64 + 128 err 0
2022-12-26 16:28:40.969 11359-11459 AudioTrack              pid-11359                            V  obtainBuffer(128) returned 128 = 128 + 0 err 0
2022-12-26 16:28:40.973 11359-11459 AudioTrack              pid-11359                            V  obtainBuffer(192) returned 192 = 192 + 0 err 0
2022-12-26 16:28:41.045 11359-11459 chatty                  pid-11359                            I  uid=10213(com.inforcegames.app3dmodelling) AudioTrack identical 18 lines
2022-12-26 16:28:41.049 11359-11459 AudioTrack              pid-11359                            V  obtainBuffer(192) returned 192 = 192 + 0 err 0
2022-12-26 16:28:41.053 11359-11459 AudioTrack              pid-11359                            V  obtainBuffer(192) returned 192 = 128 + 64 err 0
2022-12-26 16:28:41.053 11359-11459 AudioTrack              pid-11359                            V  obtainBuffer(64) returned 64 = 64 + 0 err 0
2022-12-26 16:28:41.057 11359-11459 AudioTrack              pid-11359                            V  obtainBuffer(192) returned 192 = 192 + 0 err 0
2022-12-26 16:28:41.089 11359-11459 chatty                  pid-11359                            I  uid=10213(com.inforcegames.app3dmodelling) AudioTrack identical 8 lines
2022-12-26 16:28:41.093 11359-11459 AudioTrack              pid-11359                            V  obtainBuffer(192) returned 192 = 192 + 0 err 0
2022-12-26 16:28:41.097 11359-11459 AudioTrack              pid-11359                            V  obtainBuffer(192) returned 192 = 64 + 128 err 0
2022-12-26 16:28:41.097 11359-11459 AudioTrack              pid-11359                            V  obtainBuffer(128) returned 128 = 128 + 0 err 0
2022-12-26 16:28:41.101 11359-11459 AudioTrack              pid-11359                            V  obtainBuffer(192) returned 192 = 192 + 0 err 0
2022-12-26 16:28:41.117 11359-11459 chatty                  pid-11359                            I  uid=10213(com.inforcegames.app3dmodelling) AudioTrack identical 4 lines
2022-12-26 16:28:41.121 11359-11459 AudioTrack              pid-11359                            V  obtainBuffer(192) returned 192 = 192 + 0 err 0
2022-12-26 16:28:41.123 13316-13371 MobileSignalController  pid-13316                            D  onSignalStrengthsChanged: SignalStrength: 99 0 -120 -160 -120 -160 -1 26 -91 -10 218 2147483647 0 2147483647 99 255 2147483647 gsm|lte use_rsrp_and_rssnr_for_lte_level  [-120, -115, -110, -105, -97] [-115, -105, -95, -85]
2022-12-26 16:28:41.123 13316-13371 NetworkCon...troller(1) pid-13316                            D  4G level = 5
2022-12-26 16:28:41.125 11359-11459 AudioTrack              pid-11359                            V  obtainBuffer(192) returned 192 = 192 + 0 err 0
2022-12-26 16:28:41.129 11359-11459 AudioTrack              pid-11359                            V  obtainBuffer(192) returned 192 = 192 + 0 err 0
2022-12-26 16:28:41.132  1302-1463  ThermalEngine           pid-1302                             D  sensor_wait: quiet_therm Wait done.
2022-12-26 16:28:41.133 11359-11459 AudioTrack              pid-11359                            V  obtainBuffer(192) returned 192 = 192 + 0 err 0
2022-12-26 16:28:41.133  1302-1463  ThermalEngine           pid-1302                             D  sensor_monitor: quiet_therm Reading 37000 .
2022-12-26 16:28:41.133  1302-1463  ThermalEngine           pid-1302                             I  Sensor:quiet_therm:37000 mC
2022-12-26 16:28:41.133  1302-1463  ThermalEngine           pid-1302                             D  update_active_thresh: quiet_therm Active(1), Hi(1) 40000, Lo(0) -2147483648, desc(0) Interval(1) 1000
2022-12-26 16:28:41.133  1302-1463  ThermalEngine           pid-1302                             D  sensor_monitor: quiet_therm Sensor wait.
2022-12-26 16:28:41.133  1302-1463  ThermalEngine           pid-1302                             D  sensor_wait: quiet_therm Wait start. 1000ms
2022-12-26 16:28:41.134  1302-1462  ThermalEngine           pid-1302                             D  sensor_wait: msm_therm Wait done.
2022-12-26 16:28:41.135  1302-1462  ThermalEngine           pid-1302                             D  sensor_monitor: msm_therm Reading 38000 .
2022-12-26 16:28:41.135  1302-1462  ThermalEngine           pid-1302                             I  Sensor:msm_therm:38000 mC
2022-12-26 16:28:41.135  1302-1462  ThermalEngine           pid-1302                             D  update_active_thresh: msm_therm Active(1), Hi(1) 44000, Lo(0) -2147483648, desc(0) Interval(1) 1000
2022-12-26 16:28:41.135  1302-1462  ThermalEngine           pid-1302                             D  sensor_monitor: msm_therm Sensor wait.
2022-12-26 16:28:41.135  1302-1462  ThermalEngine           pid-1302                             D  sensor_wait: msm_therm Wait start. 1000ms
2022-12-26 16:28:41.137 11359-11459 AudioTrack              pid-11359                            V  obtainBuffer(192) returned 192 = 192 + 0 err 0
2022-12-26 16:28:41.173 11359-11459 chatty                  pid-11359                            I  uid=10213(com.inforcegames.app3dmodelling) AudioTrack identical 9 lines
2022-12-26 16:28:41.177 11359-11459 AudioTrack              pid-11359                            V  obtainBuffer(192) returned 192 = 192 + 0 err 0
2022-12-26 16:28:41.181 11359-11459 AudioTrack              pid-11359                            V  obtainBuffer(192) returned 192 = 128 + 64 err 0
2022-12-26 16:28:41.181 11359-11459 AudioTrack              pid-11359                            V  obtainBuffer(64) returned 64 = 64 + 0 err 0
2022-12-26 16:28:41.185 11359-11459 AudioTrack              pid-11359                            V  obtainBuffer(192) returned 192 = 192 + 0 err 0
2022-12-26 16:28:41.217 11359-11459 chatty                  pid-11359                            I  uid=10213(com.inforcegames.app3dmodelling) AudioTrack identical 8 lines
2022-12-26 16:28:41.221 11359-11459 AudioTrack              pid-11359                            V  obtainBuffer(192) returned 192 = 192 + 0 err 0
2022-12-26 16:28:41.225 11359-11459 AudioTrack              pid-11359                            V  obtainBuffer(192) returned 192 = 64 + 128 err 0
2022-12-26 16:28:41.225 11359-11459 AudioTrack              pid-11359                            V  obtainBuffer(128) returned 128 = 128 + 0 err 0
2022-12-26 16:28:41.229 11359-11459 AudioTrack              pid-11359                            V  obtainBuffer(192) returned 192 = 192 + 0 err 0
2022-12-26 16:28:41.302 11359-11459 chatty                  pid-11359                            I  uid=10213(com.inforcegames.app3dmodelling) AudioTrack identical 18 lines
2022-12-26 16:28:41.305 11359-11459 AudioTrack              pid-11359                            V  obtainBuffer(192) returned 192 = 192 + 0 err 0
2022-12-26 16:28:41.309 11359-11459 AudioTrack              pid-11359                            V  obtainBuffer(192) returned 192 = 128 + 64 err 0
2022-12-26 16:28:41.309 11359-11459 AudioTrack              pid-11359                            V  obtainBuffer(64) returned 64 = 64 + 0 err 0
2022-12-26 16:28:41.313 11359-11459 AudioTrack              pid-11359                            V  obtainBuffer(192) returned 192 = 192 + 0 err 0
2022-12-26 16:28:41.345 11359-11459 chatty                  pid-11359                            I  uid=10213(com.inforcegames.app3dmodelling) AudioTrack identical 8 lines
2022-12-26 16:28:41.349 11359-11459 AudioTrack              pid-11359                            V  obtainBuffer(192) returned 192 = 192 + 0 err 0
2022-12-26 16:28:41.353 11359-11459 AudioTrack              pid-11359                            V  obtainBuffer(192) returned 192 = 64 + 128 err 0
2022-12-26 16:28:41.353 11359-11459 AudioTrack              pid-11359                            V  obtainBuffer(128) returned 128 = 128 + 0 err 0
2022-12-26 16:28:41.357 11359-11459 AudioTrack              pid-11359                            V  obtainBuffer(192) returned 192 = 192 + 0 err 0
2022-12-26 16:28:41.435 15991-15991 linker                  pid-15991                            A  CANNOT LINK EXECUTABLE "/system/bin/dpmd": "/system/lib64/libdpmframework.so" is 32-bit instead of 64-bit
2022-12-26 16:28:41.429 11359-11459 chatty                  pid-11359                            I  uid=10213(com.inforcegames.app3dmodelling) AudioTrack identical 18 lines
2022-12-26 16:28:41.433 11359-11459 AudioTrack              pid-11359                            V  obtainBuffer(192) returned 192 = 192 + 0 err 0
2022-12-26 16:28:41.437 11359-11459 AudioTrack              pid-11359                            V  obtainBuffer(192) returned 192 = 128 + 64 err 0
2022-12-26 16:28:41.437 11359-11459 AudioTrack              pid-11359                            V  obtainBuffer(64) returned 64 = 64 + 0 err 0
2022-12-26 16:28:41.441 11359-11459 AudioTrack              pid-11359                            V  obtainBuffer(192) returned 192 = 192 + 0 err 0
2022-12-26 16:28:41.473 11359-11459 chatty                  pid-11359                            I  uid=10213(com.inforcegames.app3dmodelling) AudioTrack identical 8 lines
2022-12-26 16:28:41.477 11359-11459 AudioTrack              pid-11359                            V  obtainBuffer(192) returned 192 = 192 + 0 err 0
2022-12-26 16:28:41.481 11359-11459 AudioTrack              pid-11359                            V  obtainBuffer(192) returned 192 = 64 + 128 err 0
2022-12-26 16:28:41.481 11359-11459 AudioTrack              pid-11359                            V  obtainBuffer(128) returned 128 = 128 + 0 err 0
2022-12-26 16:28:41.485 11359-11459 AudioTrack              pid-11359                            V  obtainBuffer(192) returned 192 = 192 + 0 err 0
2022-12-26 16:28:41.541 11359-11459 chatty                  pid-11359                            I  uid=10213(com.inforcegames.app3dmodelling) AudioTrack identical 14 lines
2022-12-26 16:28:41.545 11359-11459 AudioTrack              pid-11359                            V  obtainBuffer(192) returned 192 = 192 + 0 err 0
2022-12-26 16:28:41.547  1302-1457  ThermalEngine           pid-1302                             D  sensor_wait: backlight_therm Wait done.
2022-12-26 16:28:41.549  1302-1457  ThermalEngine           pid-1302                             D  sensor_monitor: backlight_therm Reading 33000 .
2022-12-26 16:28:41.549 11359-11459 AudioTrack              pid-11359                            V  obtainBuffer(192) returned 192 = 192 + 0 err 0
2022-12-26 16:28:41.549  1302-1457  ThermalEngine           pid-1302                             I  Sensor:backlight_therm:33000 mC
2022-12-26 16:28:41.549  1302-1457  ThermalEngine           pid-1302                             D  update_active_thresh: backlight_therm Active(1), Hi(1) 45000, Lo(0) -2147483648, desc(0) Interval(1) 2000
2022-12-26 16:28:41.549  1302-1457  ThermalEngine           pid-1302                             D  sensor_monitor: backlight_therm Sensor wait.
2022-12-26 16:28:41.549  1302-1457  ThermalEngine           pid-1302                             D  sensor_wait: backlight_therm Wait start. 2000ms
2022-12-26 16:28:41.553 11359-11459 AudioTrack              pid-11359                            V  obtainBuffer(192) returned 192 = 192 + 0 err 0
2022-12-26 16:28:41.557 11359-11459 chatty                  pid-11359                            I  uid=10213(com.inforcegames.app3dmodelling) AudioTrack identical 1 line
2022-12-26 16:28:41.561 11359-11459 AudioTrack              pid-11359                            V  obtainBuffer(192) returned 192 = 192 + 0 err 0
2022-12-26 16:28:41.565 11359-11459 AudioTrack              pid-11359                            V  obtainBuffer(192) returned 192 = 128 + 64 err 0
2022-12-26 16:28:41.565 11359-11459 AudioTrack              pid-11359                            V  obtainBuffer(64) returned 64 = 64 + 0 err 0
2022-12-26 16:28:41.569 11359-11459 AudioTrack              pid-11359                            V  obtainBuffer(192) returned 192 = 192 + 0 err 0
2022-12-26 16:28:41.601 11359-11459 chatty                  pid-11359                            I  uid=10213(com.inforcegames.app3dmodelling) AudioTrack identical 8 lines
2022-12-26 16:28:41.605 11359-11459 AudioTrack              pid-11359                            V  obtainBuffer(192) returned 192 = 192 + 0 err 0
2022-12-26 16:28:41.609 11359-11459 AudioTrack              pid-11359                            V  obtainBuffer(192) returned 192 = 64 + 128 err 0
2022-12-26 16:28:41.609 11359-11459 AudioTrack              pid-11359                            V  obtainBuffer(128) returned 128 = 128 + 0 err 0
2022-12-26 16:28:41.613 11359-11459 AudioTrack              pid-11359                            V  obtainBuffer(192) returned 192 = 192 + 0 err 0
2022-12-26 16:28:41.685 11359-11459 chatty                  pid-11359                            I  uid=10213(com.inforcegames.app3dmodelling) AudioTrack identical 18 lines
2022-12-26 16:28:41.689 11359-11459 AudioTrack              pid-11359                            V  obtainBuffer(192) returned 192 = 192 + 0 err 0
2022-12-26 16:28:41.693 11359-11459 AudioTrack              pid-11359                            V  obtainBuffer(192) returned 192 = 128 + 64 err 0
2022-12-26 16:28:41.694 11359-11459 AudioTrack              pid-11359                            V  obtainBuffer(64) returned 64 = 64 + 0 err 0
2022-12-26 16:28:41.697 11359-11459 AudioTrack              pid-11359                            V  obtainBuffer(192) returned 192 = 192 + 0 err 0
2022-12-26 16:28:41.729 11359-11459 chatty                  pid-11359                            I  uid=10213(com.inforcegames.app3dmodelling) AudioTrack identical 8 lines
2022-12-26 16:28:41.733 11359-11459 AudioTrack              pid-11359                            V  obtainBuffer(192) returned 192 = 192 + 0 err 0
2022-12-26 16:28:41.737 11359-11459 AudioTrack              pid-11359                            V  obtainBuffer(192) returned 192 = 64 + 128 err 0
2022-12-26 16:28:41.737 11359-11459 AudioTrack              pid-11359                            V  obtainBuffer(128) returned 128 = 128 + 0 err 0
2022-12-26 16:28:41.741 11359-11459 AudioTrack              pid-11359                            V  obtainBuffer(192) returned 192 = 192 + 0 err 0
2022-12-26 16:28:41.813 11359-11459 chatty                  pid-11359                            I  uid=10213(com.inforcegames.app3dmodelling) AudioTrack identical 18 lines
2022-12-26 16:28:41.817 11359-11459 AudioTrack              pid-11359                            V  obtainBuffer(192) returned 192 = 192 + 0 err 0
2022-12-26 16:28:41.821 11359-11459 AudioTrack              pid-11359                            V  obtainBuffer(192) returned 192 = 128 + 64 err 0
2022-12-26 16:28:41.821 11359-11459 AudioTrack              pid-11359                            V  obtainBuffer(64) returned 64 = 64 + 0 err 0
2022-12-26 16:28:41.825 11359-11459 AudioTrack              pid-11359                            V  obtainBuffer(192) returned 192 = 192 + 0 err 0
2022-12-26 16:28:41.857 11359-11459 chatty                  pid-11359                            I  uid=10213(com.inforcegames.app3dmodelling) AudioTrack identical 8 lines
2022-12-26 16:28:41.861 11359-11459 AudioTrack              pid-11359                            V  obtainBuffer(192) returned 192 = 192 + 0 err 0
2022-12-26 16:28:41.865 11359-11459 AudioTrack              pid-11359                            V  obtainBuffer(192) returned 192 = 64 + 128 err 0
2022-12-26 16:28:41.865 11359-11459 AudioTrack              pid-11359                            V  obtainBuffer(128) returned 128 = 128 + 0 err 0
2022-12-26 16:28:41.869 11359-11459 AudioTrack              pid-11359                            V  obtainBuffer(192) returned 192 = 192 + 0 err 0
2022-12-26 16:28:41.917 11359-11459 chatty                  pid-11359                            I  uid=10213(com.inforcegames.app3dmodelling) AudioTrack identical 12 lines
2022-12-26 16:28:41.921 11359-11459 AudioTrack              pid-11359                            V  obtainBuffer(192) returned 192 = 192 + 0 err 0
2022-12-26 16:28:41.922   688-944   audio_hw_spkr_prot      pid-688                              D  audio_extn_fbsp_get_parameters: Speaker protection disabled
2022-12-26 16:28:41.922   688-944   audio_hw_extn           pid-688                              D  audio_extn_get_parameters: returns 
2022-12-26 16:28:41.923   743-18989 hash_map_utils          pid-743                              I  key: 'hifi_mode' value: ''
2022-12-26 16:28:41.925 11359-11459 AudioTrack              pid-11359                            V  obtainBuffer(192) returned 192 = 192 + 0 err 0
2022-12-26 16:28:41.925 11359-13070 AudioManager            pid-11359                            D  getStreamVolume isRestricted mode = 0
2022-12-26 16:28:41.929 11359-11459 AudioTrack              pid-11359                            V  obtainBuffer(192) returned 192 = 192 + 0 err 0
2022-12-26 16:28:41.931   688-944   audio_hw_spkr_prot      pid-688                              D  audio_extn_fbsp_get_parameters: Speaker protection disabled
2022-12-26 16:28:41.931   688-944   audio_hw_extn           pid-688                              D  audio_extn_get_parameters: returns 
2022-12-26 16:28:41.931   743-18989 hash_map_utils          pid-743                              I  key: 'hifi_mode' value: ''
2022-12-26 16:28:41.933 11359-11459 AudioTrack              pid-11359                            V  obtainBuffer(192) returned 192 = 192 + 0 err 0
2022-12-26 16:28:41.941 11359-11459 chatty                  pid-11359                            I  uid=10213(com.inforcegames.app3dmodelling) AudioTrack identical 2 lines
2022-12-26 16:28:41.945 11359-11459 AudioTrack              pid-11359                            V  obtainBuffer(192) returned 192 = 192 + 0 err 0
2022-12-26 16:28:41.949 11359-11459 AudioTrack              pid-11359                            V  obtainBuffer(192) returned 192 = 128 + 64 err 0
2022-12-26 16:28:41.949 11359-11459 AudioTrack              pid-11359                            V  obtainBuffer(64) returned 64 = 64 + 0 err 0
2022-12-26 16:28:41.953 11359-11459 AudioTrack              pid-11359                            V  obtainBuffer(192) returned 192 = 192 + 0 err 0
2022-12-26 16:28:41.985 11359-11459 chatty                  pid-11359                            I  uid=10213(com.inforcegames.app3dmodelling) AudioTrack identical 8 lines
2022-12-26 16:28:41.989 11359-11459 AudioTrack              pid-11359                            V  obtainBuffer(192) returned 192 = 192 + 0 err 0
2022-12-26 16:28:41.993 11359-11459 AudioTrack              pid-11359                            V  obtainBuffer(192) returned 192 = 64 + 128 err 0
2022-12-26 16:28:41.993 11359-11459 AudioTrack              pid-11359                            V  obtainBuffer(128) returned 128 = 128 + 0 err 0
2022-12-26 16:28:41.997 11359-11459 AudioTrack              pid-11359                            V  obtainBuffer(192) returned 192 = 192 + 0 err 0
2022-12-26 16:28:42.069 11359-11459 chatty                  pid-11359                            I  uid=10213(com.inforcegames.app3dmodelling) AudioTrack identical 18 lines
2022-12-26 16:28:42.073 11359-11459 AudioTrack              pid-11359                            V  obtainBuffer(192) returned 192 = 192 + 0 err 0
2022-12-26 16:28:42.077 11359-11459 AudioTrack              pid-11359                            V  obtainBuffer(192) returned 192 = 128 + 64 err 0
2022-12-26 16:28:42.077 11359-11459 AudioTrack              pid-11359                            V  obtainBuffer(64) returned 64 = 64 + 0 err 0
2022-12-26 16:28:42.081 11359-11459 AudioTrack              pid-11359                            V  obtainBuffer(192) returned 192 = 192 + 0 err 0
2022-12-26 16:28:42.113 11359-11459 chatty                  pid-11359                            I  uid=10213(com.inforcegames.app3dmodelling) AudioTrack identical 8 lines
2022-12-26 16:28:42.117 11359-11459 AudioTrack              pid-11359                            V  obtainBuffer(192) returned 192 = 192 + 0 err 0
2022-12-26 16:28:42.121 11359-11459 AudioTrack              pid-11359                            V  obtainBuffer(192) returned 192 = 64 + 128 err 0
2022-12-26 16:28:42.121 11359-11459 AudioTrack              pid-11359                            V  obtainBuffer(128) returned 128 = 128 + 0 err 0
2022-12-26 16:28:42.125 11359-11459 AudioTrack              pid-11359                            V  obtainBuffer(192) returned 192 = 192 + 0 err 0
2022-12-26 16:28:42.129 11359-11459 chatty                  pid-11359                            I  uid=10213(com.inforcegames.app3dmodelling) AudioTrack identical 1 line
2022-12-26 16:28:42.133 11359-11459 AudioTrack              pid-11359                            V  obtainBuffer(192) returned 192 = 192 + 0 err 0
2022-12-26 16:28:42.133  1302-1463  ThermalEngine           pid-1302                             D  sensor_wait: quiet_therm Wait done.
2022-12-26 16:28:42.135  1302-1463  ThermalEngine           pid-1302                             D  sensor_monitor: quiet_therm Reading 37000 .
2022-12-26 16:28:42.135  1302-1463  ThermalEngine           pid-1302                             I  Sensor:quiet_therm:37000 mC
2022-12-26 16:28:42.135  1302-1463  ThermalEngine           pid-1302                             D  update_active_thresh: quiet_therm Active(1), Hi(1) 40000, Lo(0) -2147483648, desc(0) Interval(1) 1000
2022-12-26 16:28:42.135  1302-1463  ThermalEngine           pid-1302                             D  sensor_monitor: quiet_therm Sensor wait.
2022-12-26 16:28:42.135  1302-1463  ThermalEngine           pid-1302                             D  sensor_wait: quiet_therm Wait start. 1000ms
2022-12-26 16:28:42.135  1302-1462  ThermalEngine           pid-1302                             D  sensor_wait: msm_therm Wait done.
2022-12-26 16:28:42.136  1302-1462  ThermalEngine           pid-1302                             D  sensor_monitor: msm_therm Reading 38000 .
2022-12-26 16:28:42.136  1302-1462  ThermalEngine           pid-1302                             I  Sensor:msm_therm:38000 mC
2022-12-26 16:28:42.136  1302-1462  ThermalEngine           pid-1302                             D  update_active_thresh: msm_therm Active(1), Hi(1) 44000, Lo(0) -2147483648, desc(0) Interval(1) 1000
2022-12-26 16:28:42.136  1302-1462  ThermalEngine           pid-1302                             D  sensor_monitor: msm_therm Sensor wait.
2022-12-26 16:28:42.136  1302-1462  ThermalEngine           pid-1302                             D  sensor_wait: msm_therm Wait start. 1000ms
2022-12-26 16:28:42.137 11359-11459 AudioTrack              pid-11359                            V  obtainBuffer(192) returned 192 = 192 + 0 err 0
2022-12-26 16:28:42.157 11359-11459 chatty                  pid-11359                            I  uid=10213(com.inforcegames.app3dmodelling) AudioTrack identical 5 lines
2022-12-26 16:28:42.161 11359-11459 AudioTrack              pid-11359                            V  obtainBuffer(192) returned 192 = 192 + 0 err 0
2022-12-26 16:28:42.162 13316-13316 SignalClusterView       pid-13316                            D  updateMobileTypeImage  0
2022-12-26 16:28:42.163 13316-13316 chatty                  pid-13316                            I  uid=1000(system) com.android.systemui identical 1 line
2022-12-26 16:28:42.163 13316-13316 SignalClusterView       pid-13316                            D  updateMobileTypeImage  0
2022-12-26 16:28:42.165 11359-11459 AudioTrack              pid-11359                            V  obtainBuffer(192) returned 192 = 192 + 0 err 0
2022-12-26 16:28:42.197 11359-11459 chatty                  pid-11359                            I  uid=10213(com.inforcegames.app3dmodelling) AudioTrack identical 8 lines
2022-12-26 16:28:42.201 11359-11459 AudioTrack              pid-11359                            V  obtainBuffer(192) returned 192 = 192 + 0 err 0
2022-12-26 16:28:42.205 11359-11459 AudioTrack              pid-11359                            V  obtainBuffer(192) returned 192 = 128 + 64 err 0
2022-12-26 16:28:42.205 11359-11459 AudioTrack              pid-11359                            V  obtainBuffer(64) returned 64 = 64 + 0 err 0
2022-12-26 16:28:42.209 11359-11459 AudioTrack              pid-11359                            V  obtainBuffer(192) returned 192 = 192 + 0 err 0
2022-12-26 16:28:42.241 11359-11459 chatty                  pid-11359                            I  uid=10213(com.inforcegames.app3dmodelling) AudioTrack identical 8 lines
2022-12-26 16:28:42.245 11359-11459 AudioTrack              pid-11359                            V  obtainBuffer(192) returned 192 = 192 + 0 err 0
2022-12-26 16:28:42.249 11359-11459 AudioTrack              pid-11359                            V  obtainBuffer(192) returned 192 = 64 + 128 err 0
2022-12-26 16:28:42.249 11359-11459 AudioTrack              pid-11359                            V  obtainBuffer(128) returned 128 = 128 + 0 err 0
2022-12-26 16:28:42.253 11359-11459 AudioTrack              pid-11359                            V  obtainBuffer(192) returned 192 = 192 + 0 err 0
2022-12-26 16:28:42.289 11359-11459 chatty                  pid-11359                            I  uid=10213(com.inforcegames.app3dmodelling) AudioTrack identical 9 lines
2022-12-26 16:28:42.293 11359-11459 AudioTrack              pid-11359                            V  obtainBuffer(192) returned 192 = 192 + 0 err 0
2022-12-26 16:28:42.295 17758-17758 BoundBrokerSvc          pid-17758                            D  onUnbind: Intent { act=com.google.android.gms.ads.service.START pkg=com.google.android.gms }
2022-12-26 16:28:42.297 11359-11459 AudioTrack              pid-11359                            V  obtainBuffer(192) returned 192 = 192 + 0 err 0
2022-12-26 16:28:42.325 11359-11459 chatty                  pid-11359                            I  uid=10213(com.inforcegames.app3dmodelling) AudioTrack identical 7 lines
2022-12-26 16:28:42.329 11359-11459 AudioTrack              pid-11359                            V  obtainBuffer(192) returned 192 = 192 + 0 err 0
2022-12-26 16:28:42.333 11359-11459 AudioTrack              pid-11359                            V  obtainBuffer(192) returned 192 = 128 + 64 err 0
2022-12-26 16:28:42.333 11359-11459 AudioTrack              pid-11359                            V  obtainBuffer(64) returned 64 = 64 + 0 err 0
2022-12-26 16:28:42.337 11359-11459 AudioTrack              pid-11359                            V  obtainBuffer(192) returned 192 = 192 + 0 err 0
2022-12-26 16:28:42.369 11359-11459 chatty                  pid-11359                            I  uid=10213(com.inforcegames.app3dmodelling) AudioTrack identical 8 lines
2022-12-26 16:28:42.373 11359-11459 AudioTrack              pid-11359                            V  obtainBuffer(192) returned 192 = 192 + 0 err 0
2022-12-26 16:28:42.377 11359-11459 AudioTrack              pid-11359                            V  obtainBuffer(192) returned 192 = 64 + 128 err 0
2022-12-26 16:28:42.377 11359-11459 AudioTrack              pid-11359                            V  obtainBuffer(128) returned 128 = 128 + 0 err 0
2022-12-26 16:28:42.381 11359-11459 AudioTrack              pid-11359                            V  obtainBuffer(192) returned 192 = 192 + 0 err 0
2022-12-26 16:28:42.453 11359-11459 chatty                  pid-11359                            I  uid=10213(com.inforcegames.app3dmodelling) AudioTrack identical 18 lines
2022-12-26 16:28:42.457 11359-11459 AudioTrack              pid-11359                            V  obtainBuffer(192) returned 192 = 192 + 0 err 0
2022-12-26 16:28:42.461 11359-11459 AudioTrack              pid-11359                            V  obtainBuffer(192) returned 192 = 128 + 64 err 0
2022-12-26 16:28:42.461 11359-11459 AudioTrack              pid-11359                            V  obtainBuffer(64) returned 64 = 64 + 0 err 0
2022-12-26 16:28:42.465 11359-11459 AudioTrack              pid-11359                            V  obtainBuffer(192) returned 192 = 192 + 0 err 0
2022-12-26 16:28:42.497 11359-11459 chatty                  pid-11359                            I  uid=10213(com.inforcegames.app3dmodelling) AudioTrack identical 8 lines
2022-12-26 16:28:42.501 11359-11459 AudioTrack              pid-11359                            V  obtainBuffer(192) returned 192 = 192 + 0 err 0
2022-12-26 16:28:42.505 11359-11459 AudioTrack              pid-11359                            V  obtainBuffer(192) returned 192 = 64 + 128 err 0
2022-12-26 16:28:42.505 11359-11459 AudioTrack              pid-11359                            V  obtainBuffer(128) returned 128 = 128 + 0 err 0
2022-12-26 16:28:42.509 11359-11459 AudioTrack              pid-11359                            V  obtainBuffer(192) returned 192 = 192 + 0 err 0
2022-12-26 16:28:42.581 11359-11459 chatty                  pid-11359                            I  uid=10213(com.inforcegames.app3dmodelling) AudioTrack identical 18 lines
2022-12-26 16:28:42.585 11359-11459 AudioTrack              pid-11359                            V  obtainBuffer(192) returned 192 = 192 + 0 err 0
2022-12-26 16:28:42.589 11359-11459 AudioTrack              pid-11359                            V  obtainBuffer(192) returned 192 = 128 + 64 err 0
2022-12-26 16:28:42.589 11359-11459 AudioTrack              pid-11359                            V  obtainBuffer(64) returned 64 = 64 + 0 err 0
2022-12-26 16:28:42.593 11359-11459 AudioTrack              pid-11359                            V  obtainBuffer(192) returned 192 = 192 + 0 err 0
2022-12-26 16:28:42.625 11359-11459 chatty                  pid-11359                            I  uid=10213(com.inforcegames.app3dmodelling) AudioTrack identical 8 lines
2022-12-26 16:28:42.629 11359-11459 AudioTrack              pid-11359                            V  obtainBuffer(192) returned 192 = 192 + 0 err 0
2022-12-26 16:28:42.633 11359-11459 AudioTrack              pid-11359                            V  obtainBuffer(192) returned 192 = 64 + 128 err 0
2022-12-26 16:28:42.633 11359-11459 AudioTrack              pid-11359                            V  obtainBuffer(128) returned 128 = 128 + 0 err 0
2022-12-26 16:28:42.637 11359-11459 AudioTrack              pid-11359                            V  obtainBuffer(192) returned 192 = 192 + 0 err 0
2022-12-26 16:28:42.709 11359-11459 chatty                  pid-11359                            I  uid=10213(com.inforcegames.app3dmodelling) AudioTrack identical 18 lines
2022-12-26 16:28:42.713 11359-11459 AudioTrack              pid-11359                            V  obtainBuffer(192) returned 192 = 192 + 0 err 0
2022-12-26 16:28:42.717 11359-11459 AudioTrack              pid-11359                            V  obtainBuffer(192) returned 192 = 128 + 64 err 0
2022-12-26 16:28:42.717 11359-11459 AudioTrack              pid-11359                            V  obtainBuffer(64) returned 64 = 64 + 0 err 0
2022-12-26 16:28:42.721 11359-11459 AudioTrack              pid-11359                            V  obtainBuffer(192) returned 192 = 192 + 0 err 0
2022-12-26 16:28:42.753 11359-11459 chatty                  pid-11359                            I  uid=10213(com.inforcegames.app3dmodelling) AudioTrack identical 8 lines
2022-12-26 16:28:42.757 11359-11459 AudioTrack              pid-11359                            V  obtainBuffer(192) returned 192 = 192 + 0 err 0
2022-12-26 16:28:42.761 11359-11459 AudioTrack              pid-11359                            V  obtainBuffer(192) returned 192 = 64 + 128 err 0
2022-12-26 16:28:42.761 11359-11459 AudioTrack              pid-11359                            V  obtainBuffer(128) returned 128 = 128 + 0 err 0
2022-12-26 16:28:42.765 11359-11459 AudioTrack              pid-11359                            V  obtainBuffer(192) returned 192 = 192 + 0 err 0
2022-12-26 16:28:42.837 11359-11459 chatty                  pid-11359                            I  uid=10213(com.inforcegames.app3dmodelling) AudioTrack identical 18 lines
2022-12-26 16:28:42.841 11359-11459 AudioTrack              pid-11359                            V  obtainBuffer(192) returned 192 = 192 + 0 err 0
2022-12-26 16:28:42.845 11359-11459 AudioTrack              pid-11359                            V  obtainBuffer(192) returned 192 = 128 + 64 err 0
2022-12-26 16:28:42.845 11359-11459 AudioTrack              pid-11359                            V  obtainBuffer(64) returned 64 = 64 + 0 err 0
2022-12-26 16:28:42.849 11359-11459 AudioTrack              pid-11359                            V  obtainBuffer(192) returned 192 = 192 + 0 err 0
2022-12-26 16:28:42.881 11359-11459 chatty                  pid-11359                            I  uid=10213(com.inforcegames.app3dmodelling) AudioTrack identical 8 lines
2022-12-26 16:28:42.885 11359-11459 AudioTrack              pid-11359                            V  obtainBuffer(192) returned 192 = 192 + 0 err 0
2022-12-26 16:28:42.889 11359-11459 AudioTrack              pid-11359                            V  obtainBuffer(192) returned 192 = 64 + 128 err 0
2022-12-26 16:28:42.889 11359-11459 AudioTrack              pid-11359                            V  obtainBuffer(128) returned 128 = 128 + 0 err 0
2022-12-26 16:28:42.893 11359-11459 AudioTrack              pid-11359                            V  obtainBuffer(192) returned 192 = 192 + 0 err 0
2022-12-26 16:28:42.965 11359-11459 chatty                  pid-11359                            I  uid=10213(com.inforcegames.app3dmodelling) AudioTrack identical 18 lines
2022-12-26 16:28:42.969 11359-11459 AudioTrack              pid-11359                            V  obtainBuffer(192) returned 192 = 192 + 0 err 0
2022-12-26 16:28:42.973 11359-11459 AudioTrack              pid-11359                            V  obtainBuffer(192) returned 192 = 128 + 64 err 0
2022-12-26 16:28:42.973 11359-11459 AudioTrack              pid-11359                            V  obtainBuffer(64) returned 64 = 64 + 0 err 0
2022-12-26 16:28:42.977 11359-11459 AudioTrack              pid-11359                            V  obtainBuffer(192) returned 192 = 192 + 0 err 0