2022-12-26 16:28:38.248   688-944   audio_hw_extn           pid-688                              D  audio_extn_get_parameters: returns 
2022-12-26 16:28:38.248   743-18565 hash_map_utils          pid-743                              I  key: 'hifi_mode' value: ''
2022-12-26 16:28:38.249 11359-11459 AudioTrack              pid-11359                            V  obtainBuffer(192) returned 192 = 192 + 0 err 0
2022-12-26 16:28:38.250 11359-15852 AudioManager            pid-11359                            D  getStreamVolume isRestricted mode = 0
2022-12-26 16:28:38.251   688-944   audio_hw_spkr_prot      pid-688                              D  audio_extn_fbsp_get_parameters: Speaker protection disabled
2022-12-26 16:28:38.251   688-944   audio_hw_extn           pid-688                              D  audio_extn_get_parameters: returns 
2022-12-26 16:28:38.251   743-18565 hash_map_utils          pid-743                              I  key: 'hifi_mode' value: ''
2022-12-26 16:28:38.253 11359-11459 AudioTrack              pid-11359                            V  obtainBuffer(192) returned 192 = 192 + 0 err 0
2022-12-26 16:28:38.273 11359-11459 chatty                  pid-11359                            I  uid=10213(com.inforcegames.app3dmodelling) AudioTrack identical 5 lines
2022-12-26 16:28:38.277 11359-11459 AudioTrack              pid-11359                            V  obtainBuffer(192) returned 192 = 192 + 0 err 0
2022-12-26 16:28:38.281 11359-11459 AudioTrack              pid-11359                            V  obtainBuffer(192) returned 192 = 64 + 128 err 0
2022-12-26 16:28:38.281 11359-11459 AudioTrack              pid-11359                            V  obtainBuffer(128) returned 128 = 128 + 0 err 0
2022-12-26 16:28:38.285 11359-11459 AudioTrack              pid-11359                            V  obtainBuffer(192) returned 192 = 192 + 0 err 0
2022-12-26 16:28:38.289 11359-11459 AudioTrack              pid-11359                            V  obtainBuffer(192) returned 192 = 192 + 0 err 0
2022-12-26 16:28:38.292   688-944   audio_hw_spkr_prot      pid-688                              D  audio_extn_fbsp_get_parameters: Speaker protection disabled
2022-12-26 16:28:38.292   688-944   audio_hw_extn           pid-688                              D  audio_extn_get_parameters: returns 
2022-12-26 16:28:38.292   743-18989 hash_map_utils          pid-743                              I  key: 'hifi_mode' value: ''
2022-12-26 16:28:38.293 11359-11459 AudioTrack              pid-11359                            V  obtainBuffer(192) returned 192 = 192 + 0 err 0
2022-12-26 16:28:38.296 11359-15852 AudioManager            pid-11359                            D  getStreamVolume isRestricted mode = 0
2022-12-26 16:28:38.297 11359-11459 AudioTrack              pid-11359                            V  obtainBuffer(192) returned 192 = 192 + 0 err 0
2022-12-26 16:28:38.300   688-944   audio_hw_spkr_prot      pid-688                              D  audio_extn_fbsp_get_parameters: Speaker protection disabled
2022-12-26 16:28:38.300   688-944   audio_hw_extn           pid-688                              D  audio_extn_get_parameters: returns 
2022-12-26 16:28:38.300   743-18989 hash_map_utils          pid-743                              I  key: 'hifi_mode' value: ''
2022-12-26 16:28:38.301 11359-11459 AudioTrack              pid-11359                            V  obtainBuffer(192) returned 192 = 192 + 0 err 0
2022-12-26 16:28:38.309 11359-11459 chatty                  pid-11359                            I  uid=10213(com.inforcegames.app3dmodelling) AudioTrack identical 2 lines
2022-12-26 16:28:38.313 11359-11459 AudioTrack              pid-11359                            V  obtainBuffer(192) returned 192 = 192 + 0 err 0
2022-12-26 16:28:38.316 11582-11653 chromium                pid-11582                            E  [ERROR:tile_manager.cc(826)] WARNING: tile memory limits exceeded, some content may not draw
2022-12-26 16:28:38.317 11359-11459 AudioTrack              pid-11359                            V  obtainBuffer(192) returned 192 = 192 + 0 err 0
2022-12-26 16:28:38.318 11582-11653 chromium                pid-11582                            E  [ERROR:tile_manager.cc(826)] WARNING: tile memory limits exceeded, some content may not draw
2022-12-26 16:28:38.321 11359-11459 AudioTrack              pid-11359                            V  obtainBuffer(192) returned 192 = 192 + 0 err 0
2022-12-26 16:28:38.341 11359-11459 chatty                  pid-11359                            I  uid=10213(com.inforcegames.app3dmodelling) AudioTrack identical 5 lines
2022-12-26 16:28:38.345 11359-11459 AudioTrack              pid-11359                            V  obtainBuffer(192) returned 192 = 192 + 0 err 0
2022-12-26 16:28:38.346  9703-9703  Finsky                  pid-9703                             I  [2] ttz.c(2): /resolveLink request succeeded
2022-12-26 16:28:38.349 11359-11459 AudioTrack              pid-11359                            V  obtainBuffer(192) returned 192 = 192 + 0 err 0
2022-12-26 16:28:38.357 11359-11459 chatty                  pid-11359                            I  uid=10213(com.inforcegames.app3dmodelling) AudioTrack identical 2 lines
2022-12-26 16:28:38.361 11359-11459 AudioTrack              pid-11359                            V  obtainBuffer(192) returned 192 = 192 + 0 err 0
2022-12-26 16:28:38.365 11359-11459 AudioTrack              pid-11359                            V  obtainBuffer(192) returned 192 = 128 + 64 err 0
2022-12-26 16:28:38.365 11359-11459 AudioTrack              pid-11359                            V  obtainBuffer(64) returned 64 = 64 + 0 err 0
2022-12-26 16:28:38.369 11359-11459 AudioTrack              pid-11359                            V  obtainBuffer(192) returned 192 = 192 + 0 err 0
2022-12-26 16:28:38.381 11359-11459 chatty                  pid-11359                            I  uid=10213(com.inforcegames.app3dmodelling) AudioTrack identical 3 lines
2022-12-26 16:28:38.385 11359-11459 AudioTrack              pid-11359                            V  obtainBuffer(192) returned 192 = 192 + 0 err 0
2022-12-26 16:28:38.387 32738-15474 NetworkScheduler        pid-32738                            W  Error inserting period=1650000 preferred_charging_state=1 preferred_network_type=1 target_class=com.google.android.gms.measurement.PackageMeasurementTaskService required_network_type=0 runtime=1672068518378 required_idleness_state=0 source=16 service_kind=0 target_package=com.google.android.gms persistence_level=1 source_version=224814000 last_runtime=0 user_id=0 job_id=-1 requires_charging=0 tag=Measurement.PackageMeasurementTaskService.UPLOAD_TASK_TAG flex_time=824000 task_type=0 retry_strategy={"maximum_backoff_seconds":{"3600":0},"initial_backoff_seconds":{"30":0},"retry_policy":{"0":0}} [CONTEXT service_id=218 ]
                                                                                                    android.database.sqlite.SQLiteConstraintException: UNIQUE constraint failed: pending_ops.tag, pending_ops.target_class, pending_ops.target_package, pending_ops.user_id (code 2067 SQLITE_CONSTRAINT_UNIQUE)
                                                                                                    	at android.database.sqlite.SQLiteConnection.nativeExecuteForLastInsertedRowId(Native Method)
                                                                                                    	at android.database.sqlite.SQLiteConnection.executeForLastInsertedRowId(SQLiteConnection.java:796)
                                                                                                    	at android.database.sqlite.SQLiteSession.executeForLastInsertedRowId(SQLiteSession.java:788)
                                                                                                    	at android.database.sqlite.SQLiteStatement.executeInsert(SQLiteStatement.java:86)
                                                                                                    	at android.database.sqlite.SQLiteDatabase.insertWithOnConflict(SQLiteDatabase.java:1564)
                                                                                                    	at android.database.sqlite.SQLiteDatabase.insertOrThrow(SQLiteDatabase.java:1459)
                                                                                                    	at bkqd.g(:com.google.android.gms@224814028@22.48.14 (100400-493411920):53)
                                                                                                    	at bkow.n(:com.google.android.gms@224814028@22.48.14 (100400-493411920):3)
                                                                                                    	at bkow.u(:com.google.android.gms@224814028@22.48.14 (100400-493411920):20)
                                                                                                    	at bkow.h(:com.google.android.gms@224814028@22.48.14 (100400-493411920):3)
                                                                                                    	at bkkn.run(:com.google.android.gms@224814028@22.48.14 (100400-493411920):9)
                                                                                                    	at abva.c(:com.google.android.gms@224814028@22.48.14 (100400-493411920):6)
                                                                                                    	at abva.run(:com.google.android.gms@224814028@22.48.14 (100400-493411920):7)
                                                                                                    	at java.util.concurrent.ThreadPoolExecutor.runWorker(ThreadPoolExecutor.java:1167)
                                                                                                    	at java.util.concurrent.ThreadPoolExecutor$Worker.run(ThreadPoolExecutor.java:641)
                                                                                                    	at acae.run(:com.google.android.gms@224814028@22.48.14 (100400-493411920):0)
                                                                                                    	at java.lang.Thread.run(Thread.java:764)
2022-12-26 16:28:38.389 11359-11459 AudioTrack              pid-11359                            V  obtainBuffer(192) returned 192 = 192 + 0 err 0
2022-12-26 16:28:38.401 11359-11459 chatty                  pid-11359                            I  uid=10213(com.inforcegames.app3dmodelling) AudioTrack identical 3 lines
2022-12-26 16:28:38.405 11359-11459 AudioTrack              pid-11359                            V  obtainBuffer(192) returned 192 = 192 + 0 err 0
2022-12-26 16:28:38.409 11359-11459 AudioTrack              pid-11359                            V  obtainBuffer(192) returned 192 = 64 + 128 err 0
2022-12-26 16:28:38.409 11359-11459 AudioTrack              pid-11359                            V  obtainBuffer(128) returned 128 = 128 + 0 err 0
2022-12-26 16:28:38.413 11359-11459 AudioTrack              pid-11359                            V  obtainBuffer(192) returned 192 = 192 + 0 err 0
2022-12-26 16:28:38.441 11359-11459 chatty                  pid-11359                            I  uid=10213(com.inforcegames.app3dmodelling) AudioTrack identical 7 lines
2022-12-26 16:28:38.445 11359-11459 AudioTrack              pid-11359                            V  obtainBuffer(192) returned 192 = 192 + 0 err 0
2022-12-26 16:28:38.446 11582-11653 chromium                pid-11582                            E  [ERROR:tile_manager.cc(826)] WARNING: tile memory limits exceeded, some content may not draw
2022-12-26 16:28:38.446 11582-11653 chromium                pid-11582                            E  [ERROR:tile_manager.cc(826)] WARNING: tile memory limits exceeded, some content may not draw
2022-12-26 16:28:38.449 11359-11459 AudioTrack              pid-11359                            V  obtainBuffer(192) returned 192 = 192 + 0 err 0
2022-12-26 16:28:38.485 11359-11459 chatty                  pid-11359                            I  uid=10213(com.inforcegames.app3dmodelling) AudioTrack identical 9 lines
2022-12-26 16:28:38.489 11359-11459 AudioTrack              pid-11359                            V  obtainBuffer(192) returned 192 = 192 + 0 err 0
2022-12-26 16:28:38.493 11359-11459 AudioTrack              pid-11359                            V  obtainBuffer(192) returned 192 = 128 + 64 err 0
2022-12-26 16:28:38.493 11359-11459 AudioTrack              pid-11359                            V  obtainBuffer(64) returned 64 = 64 + 0 err 0
2022-12-26 16:28:38.496 13316-13371 MobileSignalController  pid-13316                            D  onSignalStrengthsChanged: SignalStrength: 99 0 -120 -160 -120 -160 -1 31 -90 -17 128 2147483647 0 2147483647 99 255 2147483647 gsm|lte use_rsrp_and_rssnr_for_lte_level  [-120, -115, -110, -105, -97] [-115, -105, -95, -85]
2022-12-26 16:28:38.496 13316-13371 NetworkCon...troller(1) pid-13316                            D  4G level = 5
2022-12-26 16:28:38.497 11359-11459 AudioTrack              pid-11359                            V  obtainBuffer(192) returned 192 = 192 + 0 err 0
2022-12-26 16:28:38.501 11359-11459 chatty                  pid-11359                            I  uid=10213(com.inforcegames.app3dmodelling) AudioTrack identical 1 line
2022-12-26 16:28:38.505 11359-11459 AudioTrack              pid-11359                            V  obtainBuffer(192) returned 192 = 192 + 0 err 0
2022-12-26 16:28:38.506 11582-11653 chromium                pid-11582                            E  [ERROR:tile_manager.cc(826)] WARNING: tile memory limits exceeded, some content may not draw
2022-12-26 16:28:38.507 11582-11653 chromium                pid-11582                            E  [ERROR:tile_manager.cc(826)] WARNING: tile memory limits exceeded, some content may not draw
2022-12-26 16:28:38.509 11359-11459 AudioTrack              pid-11359                            V  obtainBuffer(192) returned 192 = 192 + 0 err 0
2022-12-26 16:28:38.525 11359-11459 chatty                  pid-11359                            I  uid=10213(com.inforcegames.app3dmodelling) AudioTrack identical 4 lines
2022-12-26 16:28:38.529 11359-11459 AudioTrack              pid-11359                            V  obtainBuffer(192) returned 192 = 192 + 0 err 0
2022-12-26 16:28:38.530 11359-11359 Choreographer           pid-11359                            W  OPTS_INPUT: First frame was drawed before optimized, so skip!
2022-12-26 16:28:38.533 11359-11459 AudioTrack              pid-11359                            V  obtainBuffer(192) returned 192 = 192 + 0 err 0
2022-12-26 16:28:38.537 11359-11459 AudioTrack              pid-11359                            V  obtainBuffer(192) returned 192 = 64 + 128 err 0
2022-12-26 16:28:38.537 11359-11459 AudioTrack              pid-11359                            V  obtainBuffer(128) returned 128 = 128 + 0 err 0
2022-12-26 16:28:38.541 11359-11459 AudioTrack              pid-11359                            V  obtainBuffer(192) returned 192 = 192 + 0 err 0
2022-12-26 16:28:38.589 11359-11459 chatty                  pid-11359                            I  uid=10213(com.inforcegames.app3dmodelling) AudioTrack identical 12 lines
2022-12-26 16:28:38.593 11359-11459 AudioTrack              pid-11359                            V  obtainBuffer(192) returned 192 = 192 + 0 err 0
2022-12-26 16:28:38.593 17758-17772 gle.android.gm          pid-17758                            I  Background concurrent copying GC freed 146468(6MB) AllocSpace objects, 111(15MB) LOS objects, 49% free, 20MB/40MB, paused 180us total 375.609ms
2022-12-26 16:28:38.597 11359-11459 AudioTrack              pid-11359                            V  obtainBuffer(192) returned 192 = 192 + 0 err 0
2022-12-26 16:28:38.601 11359-11459 AudioTrack              pid-11359                            V  obtainBuffer(192) returned 192 = 192 + 0 err 0
2022-12-26 16:28:38.601 17758-17770 System                  pid-17758                            W  A resource failed to call close. 
2022-12-26 16:28:38.603   688-944   audio_hw_spkr_prot      pid-688                              D  audio_extn_fbsp_get_parameters: Speaker protection disabled
2022-12-26 16:28:38.603   688-944   audio_hw_extn           pid-688                              D  audio_extn_get_parameters: returns 
2022-12-26 16:28:38.604   743-18989 hash_map_utils          pid-743                              I  key: 'hifi_mode' value: ''
2022-12-26 16:28:38.605 11359-11459 AudioTrack              pid-11359                            V  obtainBuffer(192) returned 192 = 192 + 0 err 0
2022-12-26 16:28:38.608 11359-13070 AudioManager            pid-11359                            D  getStreamVolume isRestricted mode = 0
2022-12-26 16:28:38.609 11359-11459 AudioTrack              pid-11359                            V  obtainBuffer(192) returned 192 = 192 + 0 err 0
2022-12-26 16:28:38.613 11359-11459 chatty                  pid-11359                            I  uid=10213(com.inforcegames.app3dmodelling) AudioTrack identical 1 line
2022-12-26 16:28:38.617 11359-11459 AudioTrack              pid-11359                            V  obtainBuffer(192) returned 192 = 192 + 0 err 0
2022-12-26 16:28:38.617   688-944   audio_hw_spkr_prot      pid-688                              D  audio_extn_fbsp_get_parameters: Speaker protection disabled
2022-12-26 16:28:38.617   688-944   audio_hw_extn           pid-688                              D  audio_extn_get_parameters: returns 
2022-12-26 16:28:38.617   743-18989 hash_map_utils          pid-743                              I  key: 'hifi_mode' value: ''
2022-12-26 16:28:38.621 11359-11459 AudioTrack              pid-11359                            V  obtainBuffer(192) returned 192 = 128 + 64 err 0
2022-12-26 16:28:38.621 11359-11459 AudioTrack              pid-11359                            V  obtainBuffer(64) returned 64 = 64 + 0 err 0
2022-12-26 16:28:38.624 17758-17770 System                  pid-17758                            W  A resource failed to call close. 
2022-12-26 16:28:38.625 11359-11459 AudioTrack              pid-11359                            V  obtainBuffer(192) returned 192 = 192 + 0 err 0
2022-12-26 16:28:38.657 11359-11459 chatty                  pid-11359                            I  uid=10213(com.inforcegames.app3dmodelling) AudioTrack identical 8 lines
2022-12-26 16:28:38.661 11359-11459 AudioTrack              pid-11359                            V  obtainBuffer(192) returned 192 = 192 + 0 err 0
2022-12-26 16:28:38.665 11359-11459 AudioTrack              pid-11359                            V  obtainBuffer(192) returned 192 = 64 + 128 err 0
2022-12-26 16:28:38.665 11359-11459 AudioTrack              pid-11359                            V  obtainBuffer(128) returned 128 = 128 + 0 err 0
2022-12-26 16:28:38.669 11359-11459 AudioTrack              pid-11359                            V  obtainBuffer(192) returned 192 = 192 + 0 err 0
2022-12-26 16:28:38.741 11359-11459 chatty                  pid-11359                            I  uid=10213(com.inforcegames.app3dmodelling) AudioTrack identical 18 lines
2022-12-26 16:28:38.745 11359-11459 AudioTrack              pid-11359                            V  obtainBuffer(192) returned 192 = 192 + 0 err 0
2022-12-26 16:28:38.749 11359-11459 AudioTrack              pid-11359                            V  obtainBuffer(192) returned 192 = 128 + 64 err 0
2022-12-26 16:28:38.749 11359-11459 AudioTrack              pid-11359                            V  obtainBuffer(64) returned 64 = 64 + 0 err 0
2022-12-26 16:28:38.753 11359-11459 AudioTrack              pid-11359                            V  obtainBuffer(192) returned 192 = 192 + 0 err 0
2022-12-26 16:28:38.785 11359-11459 chatty                  pid-11359                            I  uid=10213(com.inforcegames.app3dmodelling) AudioTrack identical 8 lines
2022-12-26 16:28:38.789 11359-11459 AudioTrack              pid-11359                            V  obtainBuffer(192) returned 192 = 192 + 0 err 0
2022-12-26 16:28:38.793 11359-11459 AudioTrack              pid-11359                            V  obtainBuffer(192) returned 192 = 64 + 128 err 0
2022-12-26 16:28:38.793 11359-11459 AudioTrack              pid-11359                            V  obtainBuffer(128) returned 128 = 128 + 0 err 0
2022-12-26 16:28:38.797 11359-11459 AudioTrack              pid-11359                            V  obtainBuffer(192) returned 192 = 192 + 0 err 0
2022-12-26 16:28:38.829 11359-11459 chatty                  pid-11359                            I  uid=10213(com.inforcegames.app3dmodelling) AudioTrack identical 8 lines
2022-12-26 16:28:38.833 11359-11459 AudioTrack              pid-11359                            V  obtainBuffer(192) returned 192 = 192 + 0 err 0
2022-12-26 16:28:38.834   688-944   audio_hw_spkr_prot      pid-688                              D  audio_extn_fbsp_get_parameters: Speaker protection disabled
2022-12-26 16:28:38.834   688-944   audio_hw_extn           pid-688                              D  audio_extn_get_parameters: returns 
2022-12-26 16:28:38.834   743-18989 hash_map_utils          pid-743                              I  key: 'hifi_mode' value: ''
2022-12-26 16:28:38.837 11359-13070 AudioManager            pid-11359                            D  getStreamVolume isRestricted mode = 0
2022-12-26 16:28:38.837 11359-11459 AudioTrack              pid-11359                            V  obtainBuffer(192) returned 192 = 192 + 0 err 0
2022-12-26 16:28:38.841 11359-11459 AudioTrack              pid-11359                            V  obtainBuffer(192) returned 192 = 192 + 0 err 0
2022-12-26 16:28:38.841   688-944   audio_hw_spkr_prot      pid-688                              D  audio_extn_fbsp_get_parameters: Speaker protection disabled
2022-12-26 16:28:38.841   688-944   audio_hw_extn           pid-688                              D  audio_extn_get_parameters: returns 
2022-12-26 16:28:38.841   743-18989 hash_map_utils          pid-743                              I  key: 'hifi_mode' value: ''
2022-12-26 16:28:38.846 11359-11459 AudioTrack              pid-11359                            V  obtainBuffer(192) returned 192 = 192 + 0 err 0
2022-12-26 16:28:38.869 11359-11459 chatty                  pid-11359                            I  uid=10213(com.inforcegames.app3dmodelling) AudioTrack identical 6 lines
2022-12-26 16:28:38.873 11359-11459 AudioTrack              pid-11359                            V  obtainBuffer(192) returned 192 = 192 + 0 err 0
2022-12-26 16:28:38.877 11359-11459 AudioTrack              pid-11359                            V  obtainBuffer(192) returned 192 = 128 + 64 err 0
2022-12-26 16:28:38.877 11359-11459 AudioTrack              pid-11359                            V  obtainBuffer(64) returned 64 = 64 + 0 err 0
2022-12-26 16:28:38.881 11359-11459 AudioTrack              pid-11359                            V  obtainBuffer(192) returned 192 = 192 + 0 err 0
2022-12-26 16:28:38.913 11359-11459 chatty                  pid-11359                            I  uid=10213(com.inforcegames.app3dmodelling) AudioTrack identical 8 lines
2022-12-26 16:28:38.917 11359-11459 AudioTrack              pid-11359                            V  obtainBuffer(192) returned 192 = 192 + 0 err 0
2022-12-26 16:28:38.921 11359-11459 AudioTrack              pid-11359                            V  obtainBuffer(192) returned 192 = 64 + 128 err 0
2022-12-26 16:28:38.921 11359-11459 AudioTrack              pid-11359                            V  obtainBuffer(128) returned 128 = 128 + 0 err 0
2022-12-26 16:28:38.925 11359-11459 AudioTrack              pid-11359                            V  obtainBuffer(192) returned 192 = 192 + 0 err 0
2022-12-26 16:28:38.997 11359-11459 chatty                  pid-11359                            I  uid=10213(com.inforcegames.app3dmodelling) AudioTrack identical 18 lines
2022-12-26 16:28:39.001 11359-11459 AudioTrack              pid-11359                            V  obtainBuffer(192) returned 192 = 192 + 0 err 0
2022-12-26 16:28:39.005 11359-11459 AudioTrack              pid-11359                            V  obtainBuffer(192) returned 192 = 128 + 64 err 0
2022-12-26 16:28:39.005 11359-11459 AudioTrack              pid-11359                            V  obtainBuffer(64) returned 64 = 64 + 0 err 0
2022-12-26 16:28:39.009 11359-11459 AudioTrack              pid-11359                            V  obtainBuffer(192) returned 192 = 192 + 0 err 0
2022-12-26 16:28:39.041 11359-11459 chatty                  pid-11359                            I  uid=10213(com.inforcegames.app3dmodelling) AudioTrack identical 8 lines
2022-12-26 16:28:39.045 11359-11459 AudioTrack              pid-11359                            V  obtainBuffer(192) returned 192 = 192 + 0 err 0
2022-12-26 16:28:39.049 11359-11459 AudioTrack              pid-11359                            V  obtainBuffer(192) returned 192 = 64 + 128 err 0
2022-12-26 16:28:39.049 11359-11459 AudioTrack              pid-11359                            V  obtainBuffer(128) returned 128 = 128 + 0 err 0
2022-12-26 16:28:39.053 11359-11459 AudioTrack              pid-11359                            V  obtainBuffer(192) returned 192 = 192 + 0 err 0
2022-12-26 16:28:39.057 11359-11459 AudioTrack              pid-11359                            V  obtainBuffer(192) returned 192 = 192 + 0 err 0
2022-12-26 16:28:39.059   688-944   audio_hw_spkr_prot      pid-688                              D  audio_extn_fbsp_get_parameters: Speaker protection disabled
2022-12-26 16:28:39.059   688-944   audio_hw_extn           pid-688                              D  audio_extn_get_parameters: returns 
2022-12-26 16:28:39.059   743-18989 hash_map_utils          pid-743                              I  key: 'hifi_mode' value: ''
2022-12-26 16:28:39.061 11359-11459 AudioTrack              pid-11359                            V  obtainBuffer(192) returned 192 = 192 + 0 err 0
2022-12-26 16:28:39.061 11359-13070 AudioManager            pid-11359                            D  getStreamVolume isRestricted mode = 0
2022-12-26 16:28:39.064   688-944   audio_hw_spkr_prot      pid-688                              D  audio_extn_fbsp_get_parameters: Speaker protection disabled
2022-12-26 16:28:39.064   688-944   audio_hw_extn           pid-688                              D  audio_extn_get_parameters: returns 
2022-12-26 16:28:39.064   743-18989 hash_map_utils          pid-743                              I  key: 'hifi_mode' value: ''
2022-12-26 16:28:39.065 11359-11459 AudioTrack              pid-11359                            V  obtainBuffer(192) returned 192 = 192 + 0 err 0
2022-12-26 16:28:39.121 11359-11459 chatty                  pid-11359                            I  uid=10213(com.inforcegames.app3dmodelling) AudioTrack identical 14 lines
2022-12-26 16:28:39.125 11359-11459 AudioTrack              pid-11359                            V  obtainBuffer(192) returned 192 = 192 + 0 err 0
2022-12-26 16:28:39.128  1302-1463  ThermalEngine           pid-1302                             D  sensor_wait: quiet_therm Wait done.
2022-12-26 16:28:39.129 11359-11459 AudioTrack              pid-11359                            V  obtainBuffer(192) returned 192 = 192 + 0 err 0
2022-12-26 16:28:39.129  1302-1463  ThermalEngine           pid-1302                             D  sensor_monitor: quiet_therm Reading 37000 .
2022-12-26 16:28:39.129  1302-1463  ThermalEngine           pid-1302                             I  Sensor:quiet_therm:37000 mC
2022-12-26 16:28:39.129  1302-1463  ThermalEngine           pid-1302                             D  update_active_thresh: quiet_therm Active(1), Hi(1) 40000, Lo(0) -2147483648, desc(0) Interval(1) 1000
2022-12-26 16:28:39.129  1302-1463  ThermalEngine           pid-1302                             D  sensor_monitor: quiet_therm Sensor wait.
2022-12-26 16:28:39.129  1302-1463  ThermalEngine           pid-1302                             D  sensor_wait: quiet_therm Wait start. 1000ms
2022-12-26 16:28:39.129  1302-1462  ThermalEngine           pid-1302                             D  sensor_wait: msm_therm Wait done.
2022-12-26 16:28:39.130  1302-1462  ThermalEngine           pid-1302                             D  sensor_monitor: msm_therm Reading 38000 .
2022-12-26 16:28:39.130  1302-1462  ThermalEngine           pid-1302                             I  Sensor:msm_therm:38000 mC
2022-12-26 16:28:39.130  1302-1462  ThermalEngine           pid-1302                             D  update_active_thresh: msm_therm Active(1), Hi(1) 44000, Lo(0) -2147483648, desc(0) Interval(1) 1000
2022-12-26 16:28:39.130  1302-1462  ThermalEngine           pid-1302                             D  sensor_monitor: msm_therm Sensor wait.
2022-12-26 16:28:39.130  1302-1462  ThermalEngine           pid-1302                             D  sensor_wait: msm_therm Wait start. 1000ms
2022-12-26 16:28:39.133 11359-11459 AudioTrack              pid-11359                            V  obtainBuffer(192) returned 192 = 128 + 64 err 0
2022-12-26 16:28:39.133 11359-11459 AudioTrack              pid-11359                            V  obtainBuffer(64) returned 64 = 64 + 0 err 0
2022-12-26 16:28:39.137 11359-11459 AudioTrack              pid-11359                            V  obtainBuffer(192) returned 192 = 192 + 0 err 0
2022-12-26 16:28:39.145 11359-11459 chatty                  pid-11359                            I  uid=10213(com.inforcegames.app3dmodelling) AudioTrack identical 2 lines
2022-12-26 16:28:39.149 11359-11459 AudioTrack              pid-11359                            V  obtainBuffer(192) returned 192 = 192 + 0 err 0
2022-12-26 16:28:39.152 13316-13316 SignalClusterView       pid-13316                            D  updateMobileTypeImage  0
2022-12-26 16:28:39.153 13316-13316 SignalClusterView       pid-13316                            D  updateMobileTypeImage  0
2022-12-26 16:28:39.153 11359-11459 AudioTrack              pid-11359                            V  obtainBuffer(192) returned 192 = 192 + 0 err 0
2022-12-26 16:28:39.153 13316-13316 SignalClusterView       pid-13316                            D  updateMobileTypeImage  0
2022-12-26 16:28:39.157 11359-11459 AudioTrack              pid-11359                            V  obtainBuffer(192) returned 192 = 192 + 0 err 0
2022-12-26 16:28:39.169 11359-11459 chatty                  pid-11359                            I  uid=10213(com.inforcegames.app3dmodelling) AudioTrack identical 3 lines
2022-12-26 16:28:39.173 11359-11459 AudioTrack              pid-11359                            V  obtainBuffer(192) returned 192 = 192 + 0 err 0
2022-12-26 16:28:39.177 11359-11459 AudioTrack              pid-11359                            V  obtainBuffer(192) returned 192 = 64 + 128 err 0
2022-12-26 16:28:39.177 11359-11459 AudioTrack              pid-11359                            V  obtainBuffer(128) returned 128 = 128 + 0 err 0
2022-12-26 16:28:39.181 11359-11459 AudioTrack              pid-11359                            V  obtainBuffer(192) returned 192 = 192 + 0 err 0
2022-12-26 16:28:39.253 11359-11459 chatty                  pid-11359                            I  uid=10213(com.inforcegames.app3dmodelling) AudioTrack identical 18 lines
2022-12-26 16:28:39.257 11359-11459 AudioTrack              pid-11359                            V  obtainBuffer(192) returned 192 = 192 + 0 err 0
2022-12-26 16:28:39.261 11359-11459 AudioTrack              pid-11359                            V  obtainBuffer(192) returned 192 = 128 + 64 err 0
2022-12-26 16:28:39.261 11359-11459 AudioTrack              pid-11359                            V  obtainBuffer(64) returned 64 = 64 + 0 err 0
2022-12-26 16:28:39.265 11359-11459 AudioTrack              pid-11359                            V  obtainBuffer(192) returned 192 = 192 + 0 err 0
2022-12-26 16:28:39.289 11359-11459 chatty                  pid-11359                            I  uid=10213(com.inforcegames.app3dmodelling) AudioTrack identical 6 lines
2022-12-26 16:28:39.293 11359-11459 AudioTrack              pid-11359                            V  obtainBuffer(192) returned 192 = 192 + 0 err 0
2022-12-26 16:28:39.294 11582-11653 chromium                pid-11582                            E  [ERROR:tile_manager.cc(826)] WARNING: tile memory limits exceeded, some content may not draw
2022-12-26 16:28:39.295 11582-11653 chromium                pid-11582                            E  [ERROR:tile_manager.cc(826)] WARNING: tile memory limits exceeded, some content may not draw
2022-12-26 16:28:39.297 11359-11459 AudioTrack              pid-11359                            V  obtainBuffer(192) returned 192 = 192 + 0 err 0
2022-12-26 16:28:39.302 11359-11459 AudioTrack              pid-11359                            V  obtainBuffer(192) returned 192 = 192 + 0 err 0
2022-12-26 16:28:39.305 11359-11459 AudioTrack              pid-11359                            V  obtainBuffer(192) returned 192 = 64 + 128 err 0
2022-12-26 16:28:39.305 11359-11459 AudioTrack              pid-11359                            V  obtainBuffer(128) returned 128 = 128 + 0 err 0
2022-12-26 16:28:39.309 11359-11459 AudioTrack              pid-11359                            V  obtainBuffer(192) returned 192 = 192 + 0 err 0
2022-12-26 16:28:39.337 11359-11459 chatty                  pid-11359                            I  uid=10213(com.inforcegames.app3dmodelling) AudioTrack identical 7 lines
2022-12-26 16:28:39.341 11359-11459 AudioTrack              pid-11359                            V  obtainBuffer(192) returned 192 = 192 + 0 err 0
2022-12-26 16:28:39.342 11582-11653 chromium                pid-11582                            E  [ERROR:tile_manager.cc(826)] WARNING: tile memory limits exceeded, some content may not draw
2022-12-26 16:28:39.343 11582-11653 chromium                pid-11582                            E  [ERROR:tile_manager.cc(826)] WARNING: tile memory limits exceeded, some content may not draw
2022-12-26 16:28:39.345 11359-11459 AudioTrack              pid-11359                            V  obtainBuffer(192) returned 192 = 192 + 0 err 0
2022-12-26 16:28:39.381 11359-11459 chatty                  pid-11359                            I  uid=10213(com.inforcegames.app3dmodelling) AudioTrack identical 9 lines
2022-12-26 16:28:39.385 11359-11459 AudioTrack              pid-11359                            V  obtainBuffer(192) returned 192 = 192 + 0 err 0
2022-12-26 16:28:39.389 11359-11459 AudioTrack              pid-11359                            V  obtainBuffer(192) returned 192 = 128 + 64 err 0
2022-12-26 16:28:39.389 11359-11459 AudioTrack              pid-11359                            V  obtainBuffer(64) returned 64 = 64 + 0 err 0
2022-12-26 16:28:39.393 11359-11459 AudioTrack              pid-11359                            V  obtainBuffer(192) returned 192 = 192 + 0 err 0
2022-12-26 16:28:39.425 11359-11459 chatty                  pid-11359                            I  uid=10213(com.inforcegames.app3dmodelling) AudioTrack identical 8 lines
2022-12-26 16:28:39.429 11359-11459 AudioTrack              pid-11359                            V  obtainBuffer(192) returned 192 = 192 + 0 err 0
2022-12-26 16:28:39.433 11359-11459 AudioTrack              pid-11359                            V  obtainBuffer(192) returned 192 = 64 + 128 err 0
2022-12-26 16:28:39.433 11359-11459 AudioTrack              pid-11359                            V  obtainBuffer(128) returned 128 = 128 + 0 err 0
2022-12-26 16:28:39.437 11359-11459 AudioTrack              pid-11359                            V  obtainBuffer(192) returned 192 = 192 + 0 err 0
2022-12-26 16:28:39.473 11359-11459 chatty                  pid-11359                            I  uid=10213(com.inforcegames.app3dmodelling) AudioTrack identical 9 lines
2022-12-26 16:28:39.477 11359-11459 AudioTrack              pid-11359                            V  obtainBuffer(192) returned 192 = 192 + 0 err 0
2022-12-26 16:28:39.480   688-944   audio_hw_spkr_prot      pid-688                              D  audio_extn_fbsp_get_parameters: Speaker protection disabled
2022-12-26 16:28:39.480   688-944   audio_hw_extn           pid-688                              D  audio_extn_get_parameters: returns 
2022-12-26 16:28:39.480   743-18989 hash_map_utils          pid-743                              I  key: 'hifi_mode' value: ''
2022-12-26 16:28:39.481 11359-11459 AudioTrack              pid-11359                            V  obtainBuffer(192) returned 192 = 192 + 0 err 0
2022-12-26 16:28:39.482 11359-13070 AudioManager            pid-11359                            D  getStreamVolume isRestricted mode = 0
2022-12-26 16:28:39.483   688-944   audio_hw_spkr_prot      pid-688                              D  audio_extn_fbsp_get_parameters: Speaker protection disabled
2022-12-26 16:28:39.483   688-944   audio_hw_extn           pid-688                              D  audio_extn_get_parameters: returns 
2022-12-26 16:28:39.483   743-18989 hash_map_utils          pid-743                              I  key: 'hifi_mode' value: ''
2022-12-26 16:28:39.485 11359-11459 AudioTrack              pid-11359                            V  obtainBuffer(192) returned 192 = 192 + 0 err 0
2022-12-26 16:28:39.509 11359-11459 chatty                  pid-11359                            I  uid=10213(com.inforcegames.app3dmodelling) AudioTrack identical 6 lines
2022-12-26 16:28:39.513 11359-11459 AudioTrack              pid-11359                            V  obtainBuffer(192) returned 192 = 192 + 0 err 0
2022-12-26 16:28:39.517 11359-11459 AudioTrack              pid-11359                            V  obtainBuffer(192) returned 192 = 128 + 64 err 0
2022-12-26 16:28:39.517 11359-11459 AudioTrack              pid-11359                            V  obtainBuffer(64) returned 64 = 64 + 0 err 0
2022-12-26 16:28:39.521 11359-11459 AudioTrack              pid-11359                            V  obtainBuffer(192) returned 192 = 192 + 0 err 0
2022-12-26 16:28:39.541 11359-11459 chatty                  pid-11359                            I  uid=10213(com.inforcegames.app3dmodelling) AudioTrack identical 5 lines
2022-12-26 16:28:39.545 11359-11459 AudioTrack              pid-11359                            V  obtainBuffer(192) returned 192 = 192 + 0 err 0
2022-12-26 16:28:39.545  1302-1457  ThermalEngine           pid-1302                             D  sensor_wait: backlight_therm Wait done.
2022-12-26 16:28:39.547  1302-1457  ThermalEngine           pid-1302                             D  sensor_monitor: backlight_therm Reading 33000 .
2022-12-26 16:28:39.547  1302-1457  ThermalEngine           pid-1302                             I  Sensor:backlight_therm:33000 mC
2022-12-26 16:28:39.547  1302-1457  ThermalEngine           pid-1302                             D  update_active_thresh: backlight_therm Active(1), Hi(1) 45000, Lo(0) -2147483648, desc(0) Interval(1) 2000
2022-12-26 16:28:39.547  1302-1457  ThermalEngine           pid-1302                             D  sensor_monitor: backlight_therm Sensor wait.
2022-12-26 16:28:39.547  1302-1457  ThermalEngine           pid-1302                             D  sensor_wait: backlight_therm Wait start. 2000ms
2022-12-26 16:28:39.549 11359-11459 AudioTrack              pid-11359                            V  obtainBuffer(192) returned 192 = 192 + 0 err 0
2022-12-26 16:28:39.553 11359-11459 chatty                  pid-11359                            I  uid=10213(com.inforcegames.app3dmodelling) AudioTrack identical 1 line
2022-12-26 16:28:39.557 11359-11459 AudioTrack              pid-11359                            V  obtainBuffer(192) returned 192 = 192 + 0 err 0
2022-12-26 16:28:39.561 11359-11459 AudioTrack              pid-11359                            V  obtainBuffer(192) returned 192 = 64 + 128 err 0
2022-12-26 16:28:39.561 11359-11459 AudioTrack              pid-11359                            V  obtainBuffer(128) returned 128 = 128 + 0 err 0
2022-12-26 16:28:39.565 11359-11459 AudioTrack              pid-11359                            V  obtainBuffer(192) returned 192 = 192 + 0 err 0
2022-12-26 16:28:39.637 11359-11459 chatty                  pid-11359                            I  uid=10213(com.inforcegames.app3dmodelling) AudioTrack identical 18 lines
2022-12-26 16:28:39.641 11359-11459 AudioTrack              pid-11359                            V  obtainBuffer(192) returned 192 = 192 + 0 err 0
2022-12-26 16:28:39.645 11359-11459 AudioTrack              pid-11359                            V  obtainBuffer(192) returned 192 = 128 + 64 err 0
2022-12-26 16:28:39.645 11359-11459 AudioTrack              pid-11359                            V  obtainBuffer(64) returned 64 = 64 + 0 err 0
2022-12-26 16:28:39.649 11359-11459 AudioTrack              pid-11359                            V  obtainBuffer(192) returned 192 = 192 + 0 err 0
2022-12-26 16:28:39.681 11359-11459 chatty                  pid-11359                            I  uid=10213(com.inforcegames.app3dmodelling) AudioTrack identical 8 lines
2022-12-26 16:28:39.685 11359-11459 AudioTrack              pid-11359                            V  obtainBuffer(192) returned 192 = 192 + 0 err 0
2022-12-26 16:28:39.689 11359-11459 AudioTrack              pid-11359                            V  obtainBuffer(192) returned 192 = 64 + 128 err 0
2022-12-26 16:28:39.689 11359-11459 AudioTrack              pid-11359                            V  obtainBuffer(128) returned 128 = 128 + 0 err 0
2022-12-26 16:28:39.693 11359-11459 AudioTrack              pid-11359                            V  obtainBuffer(192) returned 192 = 192 + 0 err 0
2022-12-26 16:28:39.765 11359-11459 chatty                  pid-11359                            I  uid=10213(com.inforcegames.app3dmodelling) AudioTrack identical 18 lines
2022-12-26 16:28:39.769 11359-11459 AudioTrack              pid-11359                            V  obtainBuffer(192) returned 192 = 192 + 0 err 0
2022-12-26 16:28:39.773 11359-11459 AudioTrack              pid-11359                            V  obtainBuffer(192) returned 192 = 128 + 64 err 0
2022-12-26 16:28:39.773 11359-11459 AudioTrack              pid-11359                            V  obtainBuffer(64) returned 64 = 64 + 0 err 0
2022-12-26 16:28:39.777 11359-11459 AudioTrack              pid-11359                            V  obtainBuffer(192) returned 192 = 192 + 0 err 0
2022-12-26 16:28:39.809 11359-11459 chatty                  pid-11359                            I  uid=10213(com.inforcegames.app3dmodelling) AudioTrack identical 8 lines
2022-12-26 16:28:39.813 11359-11459 AudioTrack              pid-11359                            V  obtainBuffer(192) returned 192 = 192 + 0 err 0
2022-12-26 16:28:39.817 11359-11459 AudioTrack              pid-11359                            V  obtainBuffer(192) returned 192 = 64 + 128 err 0
2022-12-26 16:28:39.817 11359-11459 AudioTrack              pid-11359                            V  obtainBuffer(128) returned 128 = 128 + 0 err 0
2022-12-26 16:28:39.821 11359-11459 AudioTrack              pid-11359                            V  obtainBuffer(192) returned 192 = 192 + 0 err 0
2022-12-26 16:28:39.893 11359-11459 chatty                  pid-11359                            I  uid=10213(com.inforcegames.app3dmodelling) AudioTrack identical 18 lines
2022-12-26 16:28:39.897 11359-11459 AudioTrack              pid-11359                            V  obtainBuffer(192) returned 192 = 192 + 0 err 0
2022-12-26 16:28:39.901 11359-11459 AudioTrack              pid-11359                            V  obtainBuffer(192) returned 192 = 128 + 64 err 0
2022-12-26 16:28:39.901 11359-11459 AudioTrack              pid-11359                            V  obtainBuffer(64) returned 64 = 64 + 0 err 0
2022-12-26 16:28:39.905 11359-11459 AudioTrack              pid-11359                            V  obtainBuffer(192) returned 192 = 192 + 0 err 0
2022-12-26 16:28:39.937 11359-11459 chatty                  pid-11359                            I  uid=10213(com.inforcegames.app3dmodelling) AudioTrack identical 8 lines
2022-12-26 16:28:39.941 11359-11459 AudioTrack              pid-11359                            V  obtainBuffer(192) returned 192 = 192 + 0 err 0
2022-12-26 16:28:39.945 11359-11459 AudioTrack              pid-11359                            V  obtainBuffer(192) returned 192 = 64 + 128 err 0
2022-12-26 16:28:39.945 11359-11459 AudioTrack              pid-11359                            V  obtainBuffer(128) returned 128 = 128 + 0 err 0
2022-12-26 16:28:39.949 11359-11459 AudioTrack              pid-11359                            V  obtainBuffer(192) returned 192 = 192 + 0 err 0
2022-12-26 16:28:40.021 11359-11459 chatty                  pid-11359                            I  uid=10213(com.inforcegames.app3dmodelling) AudioTrack identical 18 lines
2022-12-26 16:28:40.025 11359-11459 AudioTrack              pid-11359                            V  obtainBuffer(192) returned 192 = 192 + 0 err 0
2022-12-26 16:28:40.029 11359-11459 AudioTrack              pid-11359                            V  obtainBuffer(192) returned 192 = 128 + 64 err 0
2022-12-26 16:28:40.029 11359-11459 AudioTrack              pid-11359                            V  obtainBuffer(64) returned 64 = 64 + 0 err 0
2022-12-26 16:28:40.033 11359-11459 AudioTrack              pid-11359                            V  obtainBuffer(192) returned 192 = 192 + 0 err 0
2022-12-26 16:28:40.065 11359-11459 chatty                  pid-11359                            I  uid=10213(com.inforcegames.app3dmodelling) AudioTrack identical 8 lines
2022-12-26 16:28:40.069 11359-11459 AudioTrack              pid-11359                            V  obtainBuffer(192) returned 192 = 192 + 0 err 0
2022-12-26 16:28:40.073 11359-11459 AudioTrack              pid-11359                            V  obtainBuffer(192) returned 192 = 64 + 128 err 0
2022-12-26 16:28:40.073 11359-11459 AudioTrack              pid-11359                            V  obtainBuffer(128) returned 128 = 128 + 0 err 0
2022-12-26 16:28:40.077 11359-11459 AudioTrack              pid-11359                            V  obtainBuffer(192) returned 192 = 192 + 0 err 0
2022-12-26 16:28:40.125 11359-11459 chatty                  pid-11359                            I  uid=10213(com.inforcegames.app3dmodelling) AudioTrack identical 12 lines
2022-12-26 16:28:40.129 11359-11459 AudioTrack              pid-11359                            V  obtainBuffer(192) returned 192 = 192 + 0 err 0
2022-12-26 16:28:40.129  1302-1463  ThermalEngine           pid-1302                             D  sensor_wait: quiet_therm Wait done.
2022-12-26 16:28:40.131  1302-1462  ThermalEngine           pid-1302                             D  sensor_wait: msm_therm Wait done.
2022-12-26 16:28:40.132  1302-1463  ThermalEngine           pid-1302                             D  sensor_monitor: quiet_therm Reading 37000 .
2022-12-26 16:28:40.132  1302-1463  ThermalEngine           pid-1302                             I  Sensor:quiet_therm:37000 mC
2022-12-26 16:28:40.132  1302-1463  ThermalEngine           pid-1302                             D  update_active_thresh: quiet_therm Active(1), Hi(1) 40000, Lo(0) -2147483648, desc(0) Interval(1) 1000
2022-12-26 16:28:40.132  1302-1463  ThermalEngine           pid-1302                             D  sensor_monitor: quiet_therm Sensor wait.
2022-12-26 16:28:40.132  1302-1463  ThermalEngine           pid-1302                             D  sensor_wait: quiet_therm Wait start. 1000ms
2022-12-26 16:28:40.133 11359-11459 AudioTrack              pid-11359                            V  obtainBuffer(192) returned 192 = 192 + 0 err 0
2022-12-26 16:28:40.134  1302-1462  ThermalEngine           pid-1302                             D  sensor_monitor: msm_therm Reading 38000 .
2022-12-26 16:28:40.134  1302-1462  ThermalEngine           pid-1302                             I  Sensor:msm_therm:38000 mC
2022-12-26 16:28:40.134  1302-1462  ThermalEngine           pid-1302                             D  update_active_thresh: msm_therm Active(1), Hi(1) 44000, Lo(0) -2147483648, desc(0) Interval(1) 1000
2022-12-26 16:28:40.134  1302-1462  ThermalEngine           pid-1302                             D  sensor_monitor: msm_therm Sensor wait.
2022-12-26 16:28:40.134  1302-1462  ThermalEngine           pid-1302                             D  sensor_wait: msm_therm Wait start. 1000ms
2022-12-26 16:28:40.137 11359-11459 AudioTrack              pid-11359                            V  obtainBuffer(192) returned 192 = 192 + 0 err 0
2022-12-26 16:28:40.149 11359-11459 chatty                  pid-11359                            I  uid=10213(com.inforcegames.app3dmodelling) AudioTrack identical 3 lines
2022-12-26 16:28:40.153 11359-11459 AudioTrack              pid-11359                            V  obtainBuffer(192) returned 192 = 192 + 0 err 0
2022-12-26 16:28:40.157 11359-11459 AudioTrack              pid-11359                            V  obtainBuffer(192) returned 192 = 128 + 64 err 0
2022-12-26 16:28:40.157 11359-11459 AudioTrack              pid-11359                            V  obtainBuffer(64) returned 64 = 64 + 0 err 0
2022-12-26 16:28:40.161 11359-11459 AudioTrack              pid-11359                            V  obtainBuffer(192) returned 192 = 192 + 0 err 0
2022-12-26 16:28:40.193 11359-11459 chatty                  pid-11359                            I  uid=10213(com.inforcegames.app3dmodelling) AudioTrack identical 8 lines
2022-12-26 16:28:40.197 11359-11459 AudioTrack              pid-11359                            V  obtainBuffer(192) returned 192 = 192 + 0 err 0
2022-12-26 16:28:40.202 11359-11459 AudioTrack              pid-11359                            V  obtainBuffer(192) returned 192 = 64 + 128 err 0
