2022-12-27 10:26:01.785 22113-22202 AudioTrack              pid-22113                            V  obtainBuffer(128) returned 128 = 128 + 0 err 0
2022-12-27 10:26:01.789 22113-22202 AudioTrack              pid-22113                            V  obtainBuffer(192) returned 192 = 192 + 0 err 0
2022-12-27 10:26:01.813 22113-22202 chatty                  pid-22113                            I  uid=10213(com.inforcegames.app3dmodelling) AudioTrack identical 6 lines
2022-12-27 10:26:01.817 22113-22202 AudioTrack              pid-22113                            V  obtainBuffer(192) returned 192 = 192 + 0 err 0
2022-12-27 10:26:01.817 24781-24858 Mms                     pid-24781                            V  isListening slotId 0 allowed is false
2022-12-27 10:26:01.818 24781-24858 Mms                     pid-24781                            V  isListening allowed is false
2022-12-27 10:26:01.819 24781-24858 Mms                     pid-24781                            V  mms is not allowed
2022-12-27 10:26:01.821 22113-22202 AudioTrack              pid-22113                            V  obtainBuffer(192) returned 192 = 192 + 0 err 0
2022-12-27 10:26:01.845 22113-22202 chatty                  pid-22113                            I  uid=10213(com.inforcegames.app3dmodelling) AudioTrack identical 6 lines
2022-12-27 10:26:01.849 22113-22202 AudioTrack              pid-22113                            V  obtainBuffer(192) returned 192 = 192 + 0 err 0
2022-12-27 10:26:01.851  2853-3011  MmsSmsUtils             pid-2853                             V  checkPrivateMsgWhiteList time is 11
2022-12-27 10:26:01.853 22113-22202 AudioTrack              pid-22113                            V  obtainBuffer(192) returned 192 = 192 + 0 err 0
2022-12-27 10:26:01.855  2280-2280  NotificationService     pid-2280                             D  updateLightsLocked | midtestflag=false
2022-12-27 10:26:01.738  2280-2294  chatty                  pid-2280                             I  uid=1000(system) ActivityManager identical 2 lines
2022-12-27 10:26:01.740  2280-2294  ActivityManager         pid-2280                             V  Attempted to start a foreground service (ComponentInfo{com.android.mms/com.xiaomi.mms.transaction.MxMessageTrackService}) with a broken notification (no icon: Notification(channel=Mms_Default pri=0 contentView=null vibrate=null sound=null defaults=0x0 flags=0x40 color=0x00000000 groupKey=mms_foreground_service_group vis=PRIVATE))
2022-12-27 10:26:01.855  2280-2280  NotificationService     pid-2280                             I  Cannot find enqueued record for key: 0|com.android.mms|114|null|10023
2022-12-27 10:26:01.857 22113-22202 AudioTrack              pid-22113                            V  obtainBuffer(192) returned 192 = 192 + 0 err 0
2022-12-27 10:26:01.861 22113-22202 chatty                  pid-22113                            I  uid=10213(com.inforcegames.app3dmodelling) AudioTrack identical 1 line
2022-12-27 10:26:01.865 22113-22202 AudioTrack              pid-22113                            V  obtainBuffer(192) returned 192 = 192 + 0 err 0
2022-12-27 10:26:01.869 22113-22202 AudioTrack              pid-22113                            V  obtainBuffer(192) returned 192 = 128 + 64 err 0
2022-12-27 10:26:01.869 22113-22202 AudioTrack              pid-22113                            V  obtainBuffer(64) returned 64 = 64 + 0 err 0
2022-12-27 10:26:01.873 22113-22202 AudioTrack              pid-22113                            V  obtainBuffer(192) returned 192 = 192 + 0 err 0
2022-12-27 10:26:01.874 13316-13316 StatusBar               pid-13316                            D  onNotificationPosted key=0|com.android.mms|114|null|10023 isUpdate=false
2022-12-27 10:26:01.875 13316-13316 StatusBar               pid-13316                            D  filter Notification key=0|com.android.mms|114|null|10023
2022-12-27 10:26:01.875 13316-13316 StatusBar               pid-13316                            D  onNotificationRemoved key=0|com.android.mms|114|null|10023 reason=8
2022-12-27 10:26:01.875 13316-13316 StatusBar               pid-13316                            W  removeNotification for unknown key: 0|com.android.mms|114|null|10023
2022-12-27 10:26:01.875 13316-13316 StatusBar               pid-13316                            D  removeNotification null
2022-12-27 10:26:01.877 22113-22202 AudioTrack              pid-22113                            V  obtainBuffer(192) returned 192 = 192 + 0 err 0
2022-12-27 10:26:01.905 22113-22202 chatty                  pid-22113                            I  uid=10213(com.inforcegames.app3dmodelling) AudioTrack identical 7 lines
2022-12-27 10:26:01.908 22113-22202 AudioTrack              pid-22113                            V  obtainBuffer(192) returned 192 = 192 + 0 err 0
2022-12-27 10:26:01.913 22113-22202 AudioTrack              pid-22113                            V  obtainBuffer(192) returned 192 = 64 + 128 err 0
2022-12-27 10:26:01.913 22113-22202 AudioTrack              pid-22113                            V  obtainBuffer(128) returned 128 = 128 + 0 err 0
2022-12-27 10:26:01.917 22113-22202 AudioTrack              pid-22113                            V  obtainBuffer(192) returned 192 = 192 + 0 err 0
2022-12-27 10:26:01.933 22113-22202 chatty                  pid-22113                            I  uid=10213(com.inforcegames.app3dmodelling) AudioTrack identical 4 lines
2022-12-27 10:26:01.937 22113-22202 AudioTrack              pid-22113                            V  obtainBuffer(192) returned 192 = 192 + 0 err 0
2022-12-27 10:26:01.939 22409-22488 chromium                pid-22409                            E  [ERROR:tile_manager.cc(826)] WARNING: tile memory limits exceeded, some content may not draw
2022-12-27 10:26:01.940 22409-22488 chromium                pid-22409                            E  [ERROR:tile_manager.cc(826)] WARNING: tile memory limits exceeded, some content may not draw
2022-12-27 10:26:01.940 22113-22202 AudioTrack              pid-22113                            V  obtainBuffer(192) returned 192 = 192 + 0 err 0
2022-12-27 10:26:01.953 22113-22202 chatty                  pid-22113                            I  uid=10213(com.inforcegames.app3dmodelling) AudioTrack identical 3 lines
2022-12-27 10:26:01.957 22113-22202 AudioTrack              pid-22113                            V  obtainBuffer(192) returned 192 = 192 + 0 err 0
2022-12-27 10:26:01.958 29299-24902 NetworkScheduler        pid-29299                            W  Error inserting period=5654000 preferred_charging_state=1 preferred_network_type=1 target_class=com.google.android.gms.measurement.PackageMeasurementTaskService required_network_type=0 runtime=1672133161906 required_idleness_state=0 source=16 service_kind=0 target_package=com.google.android.gms persistence_level=1 source_version=224814000 last_runtime=0 user_id=0 job_id=-1 requires_charging=0 tag=Measurement.PackageMeasurementTaskService.UPLOAD_TASK_TAG flex_time=2826000 task_type=0 retry_strategy={"maximum_backoff_seconds":{"3600":0},"initial_backoff_seconds":{"30":0},"retry_policy":{"0":0}} [CONTEXT service_id=218 ]
                                                                                                    android.database.sqlite.SQLiteConstraintException: UNIQUE constraint failed: pending_ops.tag, pending_ops.target_class, pending_ops.target_package, pending_ops.user_id (code 2067 SQLITE_CONSTRAINT_UNIQUE)
                                                                                                    	at android.database.sqlite.SQLiteConnection.nativeExecuteForLastInsertedRowId(Native Method)
                                                                                                    	at android.database.sqlite.SQLiteConnection.executeForLastInsertedRowId(SQLiteConnection.java:796)
                                                                                                    	at android.database.sqlite.SQLiteSession.executeForLastInsertedRowId(SQLiteSession.java:788)
                                                                                                    	at android.database.sqlite.SQLiteStatement.executeInsert(SQLiteStatement.java:86)
                                                                                                    	at android.database.sqlite.SQLiteDatabase.insertWithOnConflict(SQLiteDatabase.java:1564)
                                                                                                    	at android.database.sqlite.SQLiteDatabase.insertOrThrow(SQLiteDatabase.java:1459)
                                                                                                    	at bkqd.g(:com.google.android.gms@224814028@22.48.14 (100400-493411920):53)
                                                                                                    	at bkow.n(:com.google.android.gms@224814028@22.48.14 (100400-493411920):3)
                                                                                                    	at bkow.u(:com.google.android.gms@224814028@22.48.14 (100400-493411920):20)
                                                                                                    	at bkow.h(:com.google.android.gms@224814028@22.48.14 (100400-493411920):3)
                                                                                                    	at bkkn.run(:com.google.android.gms@224814028@22.48.14 (100400-493411920):9)
                                                                                                    	at abva.c(:com.google.android.gms@224814028@22.48.14 (100400-493411920):6)
                                                                                                    	at abva.run(:com.google.android.gms@224814028@22.48.14 (100400-493411920):7)
                                                                                                    	at java.util.concurrent.ThreadPoolExecutor.runWorker(ThreadPoolExecutor.java:1167)
                                                                                                    	at java.util.concurrent.ThreadPoolExecutor$Worker.run(ThreadPoolExecutor.java:641)
                                                                                                    	at acae.run(:com.google.android.gms@224814028@22.48.14 (100400-493411920):0)
                                                                                                    	at java.lang.Thread.run(Thread.java:764)
2022-12-27 10:26:01.961 22113-22202 AudioTrack              pid-22113                            V  obtainBuffer(192) returned 192 = 192 + 0 err 0
2022-12-27 10:26:01.965 22113-22202 chatty                  pid-22113                            I  uid=10213(com.inforcegames.app3dmodelling) AudioTrack identical 1 line
2022-12-27 10:26:01.968 22113-22202 AudioTrack              pid-22113                            V  obtainBuffer(192) returned 192 = 192 + 0 err 0
2022-12-27 10:26:01.971 22409-22488 chromium                pid-22409                            E  [ERROR:tile_manager.cc(826)] WARNING: tile memory limits exceeded, some content may not draw
2022-12-27 10:26:01.971 22409-22488 chromium                pid-22409                            E  [ERROR:tile_manager.cc(826)] WARNING: tile memory limits exceeded, some content may not draw
2022-12-27 10:26:01.973 22113-22202 AudioTrack              pid-22113                            V  obtainBuffer(192) returned 192 = 192 + 0 err 0
2022-12-27 10:26:01.989 22113-22202 chatty                  pid-22113                            I  uid=10213(com.inforcegames.app3dmodelling) AudioTrack identical 4 lines
2022-12-27 10:26:01.993 22113-22202 AudioTrack              pid-22113                            V  obtainBuffer(192) returned 192 = 192 + 0 err 0
2022-12-27 10:26:01.997 22113-22202 AudioTrack              pid-22113                            V  obtainBuffer(192) returned 192 = 128 + 64 err 0
2022-12-27 10:26:01.997 22113-22202 AudioTrack              pid-22113                            V  obtainBuffer(64) returned 64 = 64 + 0 err 0
2022-12-27 10:26:02.001 22113-22202 AudioTrack              pid-22113                            V  obtainBuffer(192) returned 192 = 192 + 0 err 0
2022-12-27 10:26:02.033 22113-22202 chatty                  pid-22113                            I  uid=10213(com.inforcegames.app3dmodelling) AudioTrack identical 8 lines
2022-12-27 10:26:02.037 22113-22202 AudioTrack              pid-22113                            V  obtainBuffer(192) returned 192 = 192 + 0 err 0
2022-12-27 10:26:02.041 22113-22202 AudioTrack              pid-22113                            V  obtainBuffer(192) returned 192 = 64 + 128 err 0
2022-12-27 10:26:02.041 22113-22202 AudioTrack              pid-22113                            V  obtainBuffer(128) returned 128 = 128 + 0 err 0
2022-12-27 10:26:02.045 22113-22202 AudioTrack              pid-22113                            V  obtainBuffer(192) returned 192 = 192 + 0 err 0
2022-12-27 10:26:02.046   688-944   audio_hw_spkr_prot      pid-688                              D  audio_extn_fbsp_get_parameters: Speaker protection disabled
2022-12-27 10:26:02.046   688-944   audio_hw_extn           pid-688                              D  audio_extn_get_parameters: returns 
2022-12-27 10:26:02.047   743-15843 hash_map_utils          pid-743                              I  key: 'hifi_mode' value: ''
2022-12-27 10:26:02.049 22113-22202 AudioTrack              pid-22113                            V  obtainBuffer(192) returned 192 = 192 + 0 err 0
2022-12-27 10:26:02.049 22113-22550 AudioManager            pid-22113                            D  getStreamVolume isRestricted mode = 0
2022-12-27 10:26:02.053 22113-22202 AudioTrack              pid-22113                            V  obtainBuffer(192) returned 192 = 192 + 0 err 0
2022-12-27 10:26:02.054   688-944   audio_hw_spkr_prot      pid-688                              D  audio_extn_fbsp_get_parameters: Speaker protection disabled
2022-12-27 10:26:02.054   688-944   audio_hw_extn           pid-688                              D  audio_extn_get_parameters: returns 
2022-12-27 10:26:02.055   743-931   hash_map_utils          pid-743                              I  key: 'hifi_mode' value: ''
2022-12-27 10:26:02.056 22113-22202 AudioTrack              pid-22113                            V  obtainBuffer(192) returned 192 = 192 + 0 err 0
2022-12-27 10:26:02.093 22113-22202 chatty                  pid-22113                            I  uid=10213(com.inforcegames.app3dmodelling) AudioTrack identical 9 lines
2022-12-27 10:26:02.097 22113-22202 AudioTrack              pid-22113                            V  obtainBuffer(192) returned 192 = 192 + 0 err 0
2022-12-27 10:26:02.098 13316-13316 SignalClusterView       pid-13316                            D  updateMobileTypeImage  0
2022-12-27 10:26:02.098 13316-13316 chatty                  pid-13316                            I  uid=1000(system) com.android.systemui identical 1 line
2022-12-27 10:26:02.098 13316-13316 SignalClusterView       pid-13316                            D  updateMobileTypeImage  0
2022-12-27 10:26:02.101 22113-22202 AudioTrack              pid-22113                            V  obtainBuffer(192) returned 192 = 192 + 0 err 0
2022-12-27 10:26:02.104 13316-13316 SignalClusterView       pid-13316                            D  updateMobileTypeImage  0
2022-12-27 10:26:02.105 22113-22202 AudioTrack              pid-22113                            V  obtainBuffer(192) returned 192 = 192 + 0 err 0
2022-12-27 10:26:01.856  2280-2280  chatty                  pid-2280                             I  uid=1000 system_server identical 1 line
2022-12-27 10:26:01.856  2280-2280  NotificationService     pid-2280                             I  Cannot find enqueued record for key: 0|com.android.mms|114|null|10023
2022-12-27 10:26:02.120  2280-6954  PerfShielderService     pid-2280                             D  com.android.systemui|StatusBar|186|70310772270361|186|3|1
2022-12-27 10:26:02.117 22113-22202 chatty                  pid-22113                            I  uid=10213(com.inforcegames.app3dmodelling) AudioTrack identical 3 lines
2022-12-27 10:26:02.121 22113-22202 AudioTrack              pid-22113                            V  obtainBuffer(192) returned 192 = 192 + 0 err 0
2022-12-27 10:26:02.125 22113-22202 AudioTrack              pid-22113                            V  obtainBuffer(192) returned 192 = 128 + 64 err 0
2022-12-27 10:26:02.125 22113-22202 AudioTrack              pid-22113                            V  obtainBuffer(64) returned 64 = 64 + 0 err 0
2022-12-27 10:26:02.129 22113-22202 AudioTrack              pid-22113                            V  obtainBuffer(192) returned 192 = 192 + 0 err 0
2022-12-27 10:26:02.132  3314-3336  MiuiPerfServiceClient   pid-3314                             W  interceptAndQueuing:13316|com.android.systemui|186|186|unknown|null|StatusBar|70310772270361|Slow handle traversal|1
2022-12-27 10:26:02.161 22113-22202 chatty                  pid-22113                            I  uid=10213(com.inforcegames.app3dmodelling) AudioTrack identical 8 lines
2022-12-27 10:26:02.165 22113-22202 AudioTrack              pid-22113                            V  obtainBuffer(192) returned 192 = 192 + 0 err 0
2022-12-27 10:26:02.169 22113-22202 AudioTrack              pid-22113                            V  obtainBuffer(192) returned 192 = 64 + 128 err 0
2022-12-27 10:26:02.169 22113-22202 AudioTrack              pid-22113                            V  obtainBuffer(128) returned 128 = 128 + 0 err 0
2022-12-27 10:26:02.173 22113-22202 AudioTrack              pid-22113                            V  obtainBuffer(192) returned 192 = 192 + 0 err 0
2022-12-27 10:26:02.175 29299-4995  FontLog                 pid-29299                            I  Received query Google Sans, URI content://com.google.android.gms.fonts [CONTEXT service_id=132 ]
2022-12-27 10:26:02.178 22113-22202 AudioTrack              pid-22113                            V  obtainBuffer(192) returned 192 = 192 + 0 err 0
2022-12-27 10:26:02.209 22113-22202 chatty                  pid-22113                            I  uid=10213(com.inforcegames.app3dmodelling) AudioTrack identical 8 lines
2022-12-27 10:26:02.213 22113-22202 AudioTrack              pid-22113                            V  obtainBuffer(192) returned 192 = 192 + 0 err 0
2022-12-27 10:26:02.215 29299-4995  FontLog                 pid-29299                            I  Query [Google Sans] resolved to {Google Sans, wdth 100.0, wght 400, ital 0.0, bestEffort false} [CONTEXT service_id=132 ]
2022-12-27 10:26:02.217 22113-22202 AudioTrack              pid-22113                            V  obtainBuffer(192) returned 192 = 192 + 0 err 0
2022-12-27 10:26:02.233 22113-22202 chatty                  pid-22113                            I  uid=10213(com.inforcegames.app3dmodelling) AudioTrack identical 4 lines
2022-12-27 10:26:02.237 22113-22202 AudioTrack              pid-22113                            V  obtainBuffer(192) returned 192 = 192 + 0 err 0
2022-12-27 10:26:02.238  2820-5429  DPMJ                    pid-2820                             I  |REQ:RCVR| DPM creating socket
2022-12-27 10:26:02.241 22113-22202 AudioTrack              pid-22113                            V  obtainBuffer(192) returned 192 = 192 + 0 err 0
2022-12-27 10:26:02.246 22113-22202 chatty                  pid-22113                            I  uid=10213(com.inforcegames.app3dmodelling) AudioTrack identical 1 line
2022-12-27 10:26:02.250 22113-22202 AudioTrack              pid-22113                            V  obtainBuffer(192) returned 192 = 192 + 0 err 0
2022-12-27 10:26:02.250 29299-4995  FontLog                 pid-29299                            I  Font PFD returned from cache for {Google Sans, wdth 100.0, wght 400, ital 0.0, bestEffort false} [CONTEXT service_id=132 ]
2022-12-27 10:26:02.251 29299-4995  FontLog                 pid-29299                            I  Fetch {Google Sans, wdth 100.0, wght 400, ital 0.0, bestEffort false} end status Status{statusCode=SUCCESS, resolution=null} [CONTEXT service_id=132 ]
2022-12-27 10:26:02.253 22113-22202 AudioTrack              pid-22113                            V  obtainBuffer(192) returned 192 = 128 + 64 err 0
2022-12-27 10:26:02.253 22113-22202 AudioTrack              pid-22113                            V  obtainBuffer(64) returned 64 = 64 + 0 err 0
2022-12-27 10:26:02.257 22113-22202 AudioTrack              pid-22113                            V  obtainBuffer(192) returned 192 = 192 + 0 err 0
2022-12-27 10:26:02.287  2280-2336  BackupManagerService    pid-2280                             D  agentConnected pkg=com.android.chrome agent=android.os.BinderProxy@456fd1b
2022-12-27 10:26:02.287  2280-3226  BackupManagerService    pid-2280                             I  got agent android.app.IBackupAgent$Stub$Proxy@80a2eb8
2022-12-27 10:26:02.287  2280-3226  PerformBackupTask       pid-2280                             D  invokeAgentForBackup on com.android.chrome
2022-12-27 10:26:02.289 22113-22202 chatty                  pid-22113                            I  uid=10213(com.inforcegames.app3dmodelling) AudioTrack identical 8 lines
2022-12-27 10:26:02.293 22113-22202 AudioTrack              pid-22113                            V  obtainBuffer(192) returned 192 = 192 + 0 err 0
2022-12-27 10:26:02.297 22113-22202 AudioTrack              pid-22113                            V  obtainBuffer(192) returned 192 = 64 + 128 err 0
2022-12-27 10:26:02.298 22113-22202 AudioTrack              pid-22113                            V  obtainBuffer(128) returned 128 = 128 + 0 err 0
2022-12-27 10:26:02.301 22113-22202 AudioTrack              pid-22113                            V  obtainBuffer(192) returned 192 = 192 + 0 err 0
2022-12-27 10:26:02.314  2280-3226  BackupAgentTimeout      pid-2280                             V  getKvBackupAgentTimeoutMillis(): 30000
2022-12-27 10:26:02.309 22113-22202 chatty                  pid-22113                            I  uid=10213(com.inforcegames.app3dmodelling) AudioTrack identical 2 lines
2022-12-27 10:26:02.313 22113-22202 AudioTrack              pid-22113                            V  obtainBuffer(192) returned 192 = 192 + 0 err 0
2022-12-27 10:26:02.316  1302-1462  ThermalEngine           pid-1302                             D  sensor_wait: msm_therm Wait done.
2022-12-27 10:26:02.317 22113-22202 AudioTrack              pid-22113                            V  obtainBuffer(192) returned 192 = 192 + 0 err 0
2022-12-27 10:26:02.317  1302-1462  ThermalEngine           pid-1302                             D  sensor_monitor: msm_therm Reading 39000 .
2022-12-27 10:26:02.317  1302-1462  ThermalEngine           pid-1302                             I  Sensor:msm_therm:39000 mC
2022-12-27 10:26:02.317  1302-1462  ThermalEngine           pid-1302                             D  update_active_thresh: msm_therm Active(1), Hi(1) 44000, Lo(0) -2147483648, desc(0) Interval(1) 1000
2022-12-27 10:26:02.317  1302-1462  ThermalEngine           pid-1302                             D  sensor_monitor: msm_therm Sensor wait.
2022-12-27 10:26:02.317  1302-1462  ThermalEngine           pid-1302                             D  sensor_wait: msm_therm Wait start. 1000ms
2022-12-27 10:26:02.318 29504-32104 Backup                  pid-29504                            I  [CryptoEnableCheck] Should not encrypt backups: device has no lock screen.
2022-12-27 10:26:02.321 22113-22202 AudioTrack              pid-22113                            V  obtainBuffer(192) returned 192 = 192 + 0 err 0
2022-12-27 10:26:02.322 29299-29311 FontLog                 pid-29299                            I  Pulling font file for id = 44, cache size = 5 [CONTEXT service_id=132 ]
2022-12-27 10:26:02.325 22113-22202 AudioTrack              pid-22113                            V  obtainBuffer(192) returned 192 = 192 + 0 err 0
2022-12-27 10:26:02.329 22113-22202 AudioTrack              pid-22113                            V  obtainBuffer(192) returned 192 = 192 + 0 err 0
2022-12-27 10:26:02.331  1302-1463  ThermalEngine           pid-1302                             D  sensor_wait: quiet_therm Wait done.
2022-12-27 10:26:02.332 22113-22202 AudioTrack              pid-22113                            V  obtainBuffer(192) returned 192 = 192 + 0 err 0
2022-12-27 10:26:02.332  1302-1463  ThermalEngine           pid-1302                             D  sensor_monitor: quiet_therm Reading 35000 .
2022-12-27 10:26:02.333  1302-1463  ThermalEngine           pid-1302                             I  Sensor:quiet_therm:35000 mC
2022-12-27 10:26:02.333  1302-1463  ThermalEngine           pid-1302                             D  update_active_thresh: quiet_therm Active(1), Hi(1) 40000, Lo(0) -2147483648, desc(0) Interval(1) 1000
2022-12-27 10:26:02.333  1302-1463  ThermalEngine           pid-1302                             D  sensor_monitor: quiet_therm Sensor wait.
2022-12-27 10:26:02.333  1302-1463  ThermalEngine           pid-1302                             D  sensor_wait: quiet_therm Wait start. 1000ms
2022-12-27 10:26:02.337 22113-22202 AudioTrack              pid-22113                            V  obtainBuffer(192) returned 192 = 192 + 0 err 0
2022-12-27 10:26:02.372 22113-22202 chatty                  pid-22113                            I  uid=10213(com.inforcegames.app3dmodelling) AudioTrack identical 9 lines
2022-12-27 10:26:02.376 22113-22202 AudioTrack              pid-22113                            V  obtainBuffer(192) returned 192 = 192 + 0 err 0
2022-12-27 10:26:02.381 22113-22202 AudioTrack              pid-22113                            V  obtainBuffer(192) returned 192 = 128 + 64 err 0
2022-12-27 10:26:02.381 22113-22202 AudioTrack              pid-22113                            V  obtainBuffer(64) returned 64 = 64 + 0 err 0
2022-12-27 10:26:02.384 22113-22202 AudioTrack              pid-22113                            V  obtainBuffer(192) returned 192 = 192 + 0 err 0
2022-12-27 10:26:02.401 22113-22202 chatty                  pid-22113                            I  uid=10213(com.inforcegames.app3dmodelling) AudioTrack identical 4 lines
2022-12-27 10:26:02.405 22113-22202 AudioTrack              pid-22113                            V  obtainBuffer(192) returned 192 = 192 + 0 err 0
2022-12-27 10:26:02.407 24862-24916 DynamiteModule          pid-24862                            W  Local module descriptor class for com.google.android.gms.googlecertificates not found.
2022-12-27 10:26:02.409 22113-22202 AudioTrack              pid-22113                            V  obtainBuffer(192) returned 192 = 192 + 0 err 0
2022-12-27 10:26:02.417 22113-22202 chatty                  pid-22113                            I  uid=10213(com.inforcegames.app3dmodelling) AudioTrack identical 2 lines
2022-12-27 10:26:02.421 22113-22202 AudioTrack              pid-22113                            V  obtainBuffer(192) returned 192 = 192 + 0 err 0
2022-12-27 10:26:02.425 22113-22202 AudioTrack              pid-22113                            V  obtainBuffer(192) returned 192 = 64 + 128 err 0
2022-12-27 10:26:02.425 22113-22202 AudioTrack              pid-22113                            V  obtainBuffer(128) returned 128 = 128 + 0 err 0
2022-12-27 10:26:02.429 22113-22202 AudioTrack              pid-22113                            V  obtainBuffer(192) returned 192 = 192 + 0 err 0
2022-12-27 10:26:02.433 22113-22202 chatty                  pid-22113                            I  uid=10213(com.inforcegames.app3dmodelling) AudioTrack identical 1 line
2022-12-27 10:26:02.437 22113-22202 AudioTrack              pid-22113                            V  obtainBuffer(192) returned 192 = 192 + 0 err 0
2022-12-27 10:26:02.439 29299-29311 FontLog                 pid-29299                            I  Received query Google Sans:500, URI content://com.google.android.gms.fonts [CONTEXT service_id=132 ]
2022-12-27 10:26:02.440 29299-29311 FontLog                 pid-29299                            I  Query [Google Sans:500] resolved to {Google Sans, wdth 100.0, wght 500, ital 0.0, bestEffort false} [CONTEXT service_id=132 ]
2022-12-27 10:26:02.441 22113-22202 AudioTrack              pid-22113                            V  obtainBuffer(192) returned 192 = 192 + 0 err 0
2022-12-27 10:26:02.453 22113-22202 chatty                  pid-22113                            I  uid=10213(com.inforcegames.app3dmodelling) AudioTrack identical 3 lines
2022-12-27 10:26:02.457 22113-22202 AudioTrack              pid-22113                            V  obtainBuffer(192) returned 192 = 192 + 0 err 0
2022-12-27 10:26:02.459 24862-24920 cr_LibraryLoader        pid-24862                            I  Successfully loaded native library
2022-12-27 10:26:02.461 22113-22202 AudioTrack              pid-22113                            V  obtainBuffer(192) returned 192 = 192 + 0 err 0
2022-12-27 10:26:02.462 24862-24920 cr_CachingUmaRecorder   pid-24862                            I  Flushed 21 samples from 17 histograms.
2022-12-27 10:26:02.465 22113-22202 AudioTrack              pid-22113                            V  obtainBuffer(192) returned 192 = 192 + 0 err 0
2022-12-27 10:26:02.469 22113-22202 AudioTrack              pid-22113                            V  obtainBuffer(192) returned 192 = 192 + 0 err 0
2022-12-27 10:26:02.470 29299-29311 FontLog                 pid-29299                            I  Font PFD returned from cache for {Google Sans, wdth 100.0, wght 500, ital 0.0, bestEffort false} [CONTEXT service_id=132 ]
2022-12-27 10:26:02.470 29299-29311 FontLog                 pid-29299                            I  Fetch {Google Sans, wdth 100.0, wght 500, ital 0.0, bestEffort false} end status Status{statusCode=SUCCESS, resolution=null} [CONTEXT service_id=132 ]
2022-12-27 10:26:02.473 22113-22202 AudioTrack              pid-22113                            V  obtainBuffer(192) returned 192 = 192 + 0 err 0
2022-12-27 10:26:02.503 22113-22202 chatty                  pid-22113                            I  uid=10213(com.inforcegames.app3dmodelling) AudioTrack identical 7 lines
2022-12-27 10:26:02.506 22113-22202 AudioTrack              pid-22113                            V  obtainBuffer(192) returned 192 = 192 + 0 err 0
2022-12-27 10:26:02.510 22113-22202 AudioTrack              pid-22113                            V  obtainBuffer(192) returned 192 = 128 + 64 err 0
2022-12-27 10:26:02.510 22113-22202 AudioTrack              pid-22113                            V  obtainBuffer(64) returned 64 = 64 + 0 err 0
2022-12-27 10:26:02.513 22113-22202 AudioTrack              pid-22113                            V  obtainBuffer(192) returned 192 = 192 + 0 err 0
2022-12-27 10:26:02.517 22113-22202 AudioTrack              pid-22113                            V  obtainBuffer(192) returned 192 = 192 + 0 err 0
2022-12-27 10:26:02.520   688-944   audio_hw_spkr_prot      pid-688                              D  audio_extn_fbsp_get_parameters: Speaker protection disabled
2022-12-27 10:26:02.520   688-944   audio_hw_extn           pid-688                              D  audio_extn_get_parameters: returns 
2022-12-27 10:26:02.522 22113-22202 AudioTrack              pid-22113                            V  obtainBuffer(192) returned 192 = 192 + 0 err 0
2022-12-27 10:26:02.523   743-931   hash_map_utils          pid-743                              I  key: 'hifi_mode' value: ''
2022-12-27 10:26:02.524 22113-22202 AudioTrack              pid-22113                            V  obtainBuffer(192) returned 192 = 192 + 0 err 0
2022-12-27 10:26:02.527 22113-22550 AudioManager            pid-22113                            D  getStreamVolume isRestricted mode = 0
2022-12-27 10:26:02.529 22113-22202 AudioTrack              pid-22113                            V  obtainBuffer(192) returned 192 = 192 + 0 err 0
2022-12-27 10:26:02.533 22113-22202 AudioTrack              pid-22113                            V  obtainBuffer(192) returned 192 = 192 + 0 err 0
2022-12-27 10:26:02.538   688-944   audio_hw_spkr_prot      pid-688                              D  audio_extn_fbsp_get_parameters: Speaker protection disabled
2022-12-27 10:26:02.538   688-944   audio_hw_extn           pid-688                              D  audio_extn_get_parameters: returns 
2022-12-27 10:26:02.538   743-931   hash_map_utils          pid-743                              I  key: 'hifi_mode' value: ''
2022-12-27 10:26:02.539 22113-22202 AudioTrack              pid-22113                            V  obtainBuffer(192) returned 192 = 192 + 0 err 0
2022-12-27 10:26:02.545 22113-22202 chatty                  pid-22113                            I  uid=10213(com.inforcegames.app3dmodelling) AudioTrack identical 2 lines
2022-12-27 10:26:02.551 22113-22202 AudioTrack              pid-22113                            V  obtainBuffer(192) returned 192 = 192 + 0 err 0
2022-12-27 10:26:02.553 22113-22202 AudioTrack              pid-22113                            V  obtainBuffer(192) returned 192 = 64 + 128 err 0
2022-12-27 10:26:02.553 22113-22202 AudioTrack              pid-22113                            V  obtainBuffer(128) returned 128 = 128 + 0 err 0
2022-12-27 10:26:02.557 22113-22202 AudioTrack              pid-22113                            V  obtainBuffer(192) returned 192 = 192 + 0 err 0
2022-12-27 10:26:02.561 22113-22202 AudioTrack              pid-22113                            V  obtainBuffer(192) returned 192 = 192 + 0 err 0
2022-12-27 10:26:02.562 24862-24916 .android.chrom          pid-24862                            W  Unsupported class loader
2022-12-27 10:26:02.565 22113-22202 AudioTrack              pid-22113                            V  obtainBuffer(192) returned 192 = 192 + 0 err 0
2022-12-27 10:26:02.569 22113-22202 chatty                  pid-22113                            I  uid=10213(com.inforcegames.app3dmodelling) AudioTrack identical 1 line
2022-12-27 10:26:02.573 22113-22202 AudioTrack              pid-22113                            V  obtainBuffer(192) returned 192 = 192 + 0 err 0
2022-12-27 10:26:02.574 29299-4995  FontLog                 pid-29299                            I  Pulling font file for id = 45, cache size = 6 [CONTEXT service_id=132 ]
2022-12-27 10:26:02.577 22113-22202 AudioTrack              pid-22113                            V  obtainBuffer(192) returned 192 = 192 + 0 err 0
2022-12-27 10:26:02.613 22113-22202 chatty                  pid-22113                            I  uid=10213(com.inforcegames.app3dmodelling) AudioTrack identical 9 lines
2022-12-27 10:26:02.617 22113-22202 AudioTrack              pid-22113                            V  obtainBuffer(192) returned 192 = 192 + 0 err 0
2022-12-27 10:26:02.619 29299-4995  FontLog                 pid-29299                            I  Received query Google Sans:700, URI content://com.google.android.gms.fonts [CONTEXT service_id=132 ]
2022-12-27 10:26:02.620 29299-4995  FontLog                 pid-29299                            I  Query [Google Sans:700] resolved to {Google Sans, wdth 100.0, wght 700, ital 0.0, bestEffort false} [CONTEXT service_id=132 ]
2022-12-27 10:26:02.621 22113-22202 AudioTrack              pid-22113                            V  obtainBuffer(192) returned 192 = 192 + 0 err 0
2022-12-27 10:26:02.625 22113-22202 AudioTrack              pid-22113                            V  obtainBuffer(192) returned 192 = 192 + 0 err 0
2022-12-27 10:26:02.626 29299-4995  FontLog                 pid-29299                            I  Fetch {Google Sans, wdth 100.0, wght 700, ital 0.0, bestEffort false} end status Status{statusCode=SUCCESS, resolution=null} [CONTEXT service_id=132 ]
2022-12-27 10:26:02.629 22113-22202 AudioTrack              pid-22113                            V  obtainBuffer(192) returned 192 = 192 + 0 err 0
2022-12-27 10:26:02.633 22113-22202 AudioTrack              pid-22113                            V  obtainBuffer(192) returned 192 = 192 + 0 err 0
2022-12-27 10:26:02.637 22113-22202 AudioTrack              pid-22113                            V  obtainBuffer(192) returned 192 = 128 + 64 err 0
2022-12-27 10:26:02.637 22113-22202 AudioTrack              pid-22113                            V  obtainBuffer(64) returned 64 = 64 + 0 err 0
2022-12-27 10:26:02.641 22113-22202 AudioTrack              pid-22113                            V  obtainBuffer(192) returned 192 = 192 + 0 err 0
2022-12-27 10:26:02.641 29299-4995  FontLog                 pid-29299                            I  Pulling font file for id = 46, cache size = 7 [CONTEXT service_id=132 ]
2022-12-27 10:26:02.645 22113-22202 AudioTrack              pid-22113                            V  obtainBuffer(192) returned 192 = 192 + 0 err 0
2022-12-27 10:26:02.668 22113-22202 chatty                  pid-22113                            I  uid=10213(com.inforcegames.app3dmodelling) AudioTrack identical 6 lines
2022-12-27 10:26:02.672 22113-22202 AudioTrack              pid-22113                            V  obtainBuffer(192) returned 192 = 192 + 0 err 0
2022-12-27 10:26:02.673 24862-24916 DynamiteModule          pid-24862                            I  Considering local module com.google.android.gms.googlecertificates:0 and remote module com.google.android.gms.googlecertificates:7
2022-12-27 10:26:02.674 24862-24916 DynamiteModule          pid-24862                            I  Selected remote version of com.google.android.gms.googlecertificates, version >= 7
2022-12-27 10:26:02.677 22113-22202 AudioTrack              pid-22113                            V  obtainBuffer(192) returned 192 = 192 + 0 err 0
2022-12-27 10:26:02.680 22113-22202 AudioTrack              pid-22113                            V  obtainBuffer(192) returned 192 = 64 + 128 err 0
2022-12-27 10:26:02.680 22113-22202 AudioTrack              pid-22113                            V  obtainBuffer(128) returned 128 = 128 + 0 err 0
2022-12-27 10:26:02.684 22113-22202 AudioTrack              pid-22113                            V  obtainBuffer(192) returned 192 = 192 + 0 err 0
2022-12-27 10:26:02.749 22113-22202 chatty                  pid-22113                            I  uid=10213(com.inforcegames.app3dmodelling) AudioTrack identical 16 lines
2022-12-27 10:26:02.753 22113-22202 AudioTrack              pid-22113                            V  obtainBuffer(192) returned 192 = 192 + 0 err 0
2022-12-27 10:26:02.755 24862-24916 System                  pid-24862                            W  ClassLoader referenced unknown path: 
2022-12-27 10:26:02.757 22113-22202 AudioTrack              pid-22113                            V  obtainBuffer(192) returned 192 = 192 + 0 err 0
2022-12-27 10:26:02.761 22113-22202 AudioTrack              pid-22113                            V  obtainBuffer(192) returned 192 = 192 + 0 err 0
2022-12-27 10:26:02.765 22113-22202 AudioTrack              pid-22113                            V  obtainBuffer(192) returned 192 = 128 + 64 err 0
2022-12-27 10:26:02.765 22113-22202 AudioTrack              pid-22113                            V  obtainBuffer(64) returned 64 = 64 + 0 err 0
2022-12-27 10:26:02.769 22113-22202 AudioTrack              pid-22113                            V  obtainBuffer(192) returned 192 = 192 + 0 err 0
2022-12-27 10:26:02.801 22113-22202 chatty                  pid-22113                            I  uid=10213(com.inforcegames.app3dmodelling) AudioTrack identical 8 lines
2022-12-27 10:26:02.805 22113-22202 AudioTrack              pid-22113                            V  obtainBuffer(192) returned 192 = 192 + 0 err 0
2022-12-27 10:26:02.808 22113-22202 AudioTrack              pid-22113                            V  obtainBuffer(192) returned 192 = 64 + 128 err 0
2022-12-27 10:26:02.808 22113-22202 AudioTrack              pid-22113                            V  obtainBuffer(128) returned 128 = 128 + 0 err 0
2022-12-27 10:26:02.812 22113-22202 AudioTrack              pid-22113                            V  obtainBuffer(192) returned 192 = 192 + 0 err 0
2022-12-27 10:26:02.885 22113-22202 chatty                  pid-22113                            I  uid=10213(com.inforcegames.app3dmodelling) AudioTrack identical 18 lines
2022-12-27 10:26:02.889 22113-22202 AudioTrack              pid-22113                            V  obtainBuffer(192) returned 192 = 192 + 0 err 0
2022-12-27 10:26:02.893 22113-22202 AudioTrack              pid-22113                            V  obtainBuffer(192) returned 192 = 128 + 64 err 0
2022-12-27 10:26:02.893 22113-22202 AudioTrack              pid-22113                            V  obtainBuffer(64) returned 64 = 64 + 0 err 0
2022-12-27 10:26:02.897 22113-22202 AudioTrack              pid-22113                            V  obtainBuffer(192) returned 192 = 192 + 0 err 0
2022-12-27 10:26:02.912 22113-22202 chatty                  pid-22113                            I  uid=10213(com.inforcegames.app3dmodelling) AudioTrack identical 4 lines
2022-12-27 10:26:02.917 22113-22202 AudioTrack              pid-22113                            V  obtainBuffer(192) returned 192 = 192 + 0 err 0
2022-12-27 10:26:02.917 24862-24916 .android.chrom          pid-24862                            W  Unsupported class loader
2022-12-27 10:26:02.921 22113-22202 AudioTrack              pid-22113                            V  obtainBuffer(192) returned 192 = 192 + 0 err 0
2022-12-27 10:26:02.929 22113-22202 chatty                  pid-22113                            I  uid=10213(com.inforcegames.app3dmodelling) AudioTrack identical 2 lines
2022-12-27 10:26:02.933 22113-22202 AudioTrack              pid-22113                            V  obtainBuffer(192) returned 192 = 192 + 0 err 0
2022-12-27 10:26:02.937 22113-22202 AudioTrack              pid-22113                            V  obtainBuffer(192) returned 192 = 64 + 128 err 0
2022-12-27 10:26:02.937 22113-22202 AudioTrack              pid-22113                            V  obtainBuffer(128) returned 128 = 128 + 0 err 0
2022-12-27 10:26:02.941 22113-22202 AudioTrack              pid-22113                            V  obtainBuffer(192) returned 192 = 192 + 0 err 0
2022-12-27 10:26:02.945 22113-22202 chatty                  pid-22113                            I  uid=10213(com.inforcegames.app3dmodelling) AudioTrack identical 1 line
2022-12-27 10:26:02.949 22113-22202 AudioTrack              pid-22113                            V  obtainBuffer(192) returned 192 = 192 + 0 err 0
2022-12-27 10:26:02.949  1302-1457  ThermalEngine           pid-1302                             D  sensor_wait: backlight_therm Wait done.
2022-12-27 10:26:02.951  1302-1457  ThermalEngine           pid-1302                             D  sensor_monitor: backlight_therm Reading 30000 .
2022-12-27 10:26:02.951  1302-1457  ThermalEngine           pid-1302                             I  Sensor:backlight_therm:30000 mC
2022-12-27 10:26:02.951  1302-1457  ThermalEngine           pid-1302                             D  update_active_thresh: backlight_therm Active(1), Hi(1) 45000, Lo(0) -2147483648, desc(0) Interval(1) 2000
2022-12-27 10:26:02.951  1302-1457  ThermalEngine           pid-1302                             D  sensor_monitor: backlight_therm Sensor wait.
2022-12-27 10:26:02.951  1302-1457  ThermalEngine           pid-1302                             D  sensor_wait: backlight_therm Wait start. 2000ms
2022-12-27 10:26:02.953 22113-22202 AudioTrack              pid-22113                            V  obtainBuffer(192) returned 192 = 192 + 0 err 0
2022-12-27 10:26:03.013 22113-22202 chatty                  pid-22113                            I  uid=10213(com.inforcegames.app3dmodelling) AudioTrack identical 15 lines
2022-12-27 10:26:03.017 22113-22202 AudioTrack              pid-22113                            V  obtainBuffer(192) returned 192 = 192 + 0 err 0
2022-12-27 10:26:03.020 22113-22202 AudioTrack              pid-22113                            V  obtainBuffer(192) returned 192 = 128 + 64 err 0
2022-12-27 10:26:03.020 22113-22202 AudioTrack              pid-22113                            V  obtainBuffer(64) returned 64 = 64 + 0 err 0
2022-12-27 10:26:03.025 22113-22202 AudioTrack              pid-22113                            V  obtainBuffer(192) returned 192 = 192 + 0 err 0
2022-12-27 10:26:03.052 24941-24941 linker                  pid-24941                            A  CANNOT LINK EXECUTABLE "/system/bin/dpmd": "/system/lib64/libdpmframework.so" is 32-bit instead of 64-bit
2022-12-27 10:26:03.057 22113-22202 chatty                  pid-22113                            I  uid=10213(com.inforcegames.app3dmodelling) AudioTrack identical 8 lines
2022-12-27 10:26:03.061 22113-22202 AudioTrack              pid-22113                            V  obtainBuffer(192) returned 192 = 192 + 0 err 0
2022-12-27 10:26:03.065 22113-22202 AudioTrack              pid-22113                            V  obtainBuffer(192) returned 192 = 64 + 128 err 0
2022-12-27 10:26:03.065 22113-22202 AudioTrack              pid-22113                            V  obtainBuffer(128) returned 128 = 128 + 0 err 0
2022-12-27 10:26:03.069 22113-22202 AudioTrack              pid-22113                            V  obtainBuffer(192) returned 192 = 192 + 0 err 0
2022-12-27 10:26:03.137 22113-22202 chatty                  pid-22113                            I  uid=10213(com.inforcegames.app3dmodelling) AudioTrack identical 17 lines
2022-12-27 10:26:03.141 22113-22202 AudioTrack              pid-22113                            V  obtainBuffer(192) returned 192 = 192 + 0 err 0
2022-12-27 10:26:03.142 24862-24936 chromium                pid-24862                            W  [WARNING:dns_config_service_android.cc(115)] Failed to read DnsConfig.
2022-12-27 10:26:03.145 22113-22202 AudioTrack              pid-22113                            V  obtainBuffer(192) returned 192 = 192 + 0 err 0
2022-12-27 10:26:03.149 22113-22202 AudioTrack              pid-22113                            V  obtainBuffer(192) returned 192 = 128 + 64 err 0
2022-12-27 10:26:03.149 22113-22202 AudioTrack              pid-22113                            V  obtainBuffer(64) returned 64 = 64 + 0 err 0
2022-12-27 10:26:03.153 22113-22202 AudioTrack              pid-22113                            V  obtainBuffer(192) returned 192 = 192 + 0 err 0
2022-12-27 10:26:03.185 22113-22202 chatty                  pid-22113                            I  uid=10213(com.inforcegames.app3dmodelling) AudioTrack identical 8 lines
2022-12-27 10:26:03.188 22113-22202 AudioTrack              pid-22113                            V  obtainBuffer(192) returned 192 = 192 + 0 err 0
2022-12-27 10:26:03.193 22113-22202 AudioTrack              pid-22113                            V  obtainBuffer(192) returned 192 = 64 + 128 err 0
2022-12-27 10:26:03.193 22113-22202 AudioTrack              pid-22113                            V  obtainBuffer(128) returned 128 = 128 + 0 err 0
2022-12-27 10:26:03.197 22113-22202 AudioTrack              pid-22113                            V  obtainBuffer(192) returned 192 = 192 + 0 err 0
2022-12-27 10:26:03.269 22113-22202 chatty                  pid-22113                            I  uid=10213(com.inforcegames.app3dmodelling) AudioTrack identical 18 lines
2022-12-27 10:26:03.273 22113-22202 AudioTrack              pid-22113                            V  obtainBuffer(192) returned 192 = 192 + 0 err 0
2022-12-27 10:26:03.276 22113-22202 AudioTrack              pid-22113                            V  obtainBuffer(192) returned 192 = 128 + 64 err 0
2022-12-27 10:26:03.277 22113-22202 AudioTrack              pid-22113                            V  obtainBuffer(64) returned 64 = 64 + 0 err 0
2022-12-27 10:26:03.281 22113-22202 AudioTrack              pid-22113                            V  obtainBuffer(192) returned 192 = 192 + 0 err 0
2022-12-27 10:26:03.313 22113-22202 chatty                  pid-22113                            I  uid=10213(com.inforcegames.app3dmodelling) AudioTrack identical 8 lines
2022-12-27 10:26:03.317 22113-22202 AudioTrack              pid-22113                            V  obtainBuffer(192) returned 192 = 192 + 0 err 0
2022-12-27 10:26:03.317  1302-1462  ThermalEngine           pid-1302                             D  sensor_wait: msm_therm Wait done.
2022-12-27 10:26:03.318  1302-1462  ThermalEngine           pid-1302                             D  sensor_monitor: msm_therm Reading 38000 .
2022-12-27 10:26:03.318  1302-1462  ThermalEngine           pid-1302                             I  Sensor:msm_therm:38000 mC
2022-12-27 10:26:03.318  1302-1462  ThermalEngine           pid-1302                             D  update_active_thresh: msm_therm Active(1), Hi(1) 44000, Lo(0) -2147483648, desc(0) Interval(1) 1000
2022-12-27 10:26:03.318  1302-1462  ThermalEngine           pid-1302                             D  sensor_monitor: msm_therm Sensor wait.
2022-12-27 10:26:03.318  1302-1462  ThermalEngine           pid-1302                             D  sensor_wait: msm_therm Wait start. 1000ms
2022-12-27 10:26:03.321 22113-22202 AudioTrack              pid-22113                            V  obtainBuffer(192) returned 192 = 64 + 128 err 0
2022-12-27 10:26:03.321 22113-22202 AudioTrack              pid-22113                            V  obtainBuffer(128) returned 128 = 128 + 0 err 0
2022-12-27 10:26:03.325 22113-22202 AudioTrack              pid-22113                            V  obtainBuffer(192) returned 192 = 192 + 0 err 0
2022-12-27 10:26:03.329 22113-22202 AudioTrack              pid-22113                            V  obtainBuffer(192) returned 192 = 192 + 0 err 0
2022-12-27 10:26:03.333  1302-1463  ThermalEngine           pid-1302                             D  sensor_wait: quiet_therm Wait done.
