2022-12-27 10:26:06.224 22113-22202 AudioTrack              pid-22113                            V  obtainBuffer(192) returned 192 = 192 + 0 err 0
2022-12-27 10:26:06.229 22113-22202 chatty                  pid-22113                            I  uid=10213(com.inforcegames.app3dmodelling) AudioTrack identical 1 line
2022-12-27 10:26:06.233 22113-22202 AudioTrack              pid-22113                            V  obtainBuffer(192) returned 192 = 192 + 0 err 0
2022-12-27 10:26:06.235  2280-3226  CompatibilityInfo       pid-2280                             D  mCompatibilityFlags - 0
2022-12-27 10:26:06.236  2280-3226  CompatibilityInfo       pid-2280                             D  applicationDensity - 440
2022-12-27 10:26:06.236  2280-3226  CompatibilityInfo       pid-2280                             D  applicationScale - 1.0
2022-12-27 10:26:06.237 22113-22202 AudioTrack              pid-22113                            V  obtainBuffer(192) returned 192 = 192 + 0 err 0
2022-12-27 10:26:06.240  2820-5429  DPMJ                    pid-2820                             I  |REQ:RCVR| DPM creating socket
2022-12-27 10:26:06.241 22113-22202 AudioTrack              pid-22113                            V  obtainBuffer(192) returned 192 = 192 + 0 err 0
2022-12-27 10:26:06.249 22113-22202 chatty                  pid-22113                            I  uid=10213(com.inforcegames.app3dmodelling) AudioTrack identical 2 lines
2022-12-27 10:26:06.253 22113-22202 AudioTrack              pid-22113                            V  obtainBuffer(192) returned 192 = 192 + 0 err 0
2022-12-27 10:26:06.254  2280-3804  CompatibilityInfo       pid-2280                             D  mCompatibilityFlags - 0
2022-12-27 10:26:06.254  2280-3804  CompatibilityInfo       pid-2280                             D  applicationDensity - 440
2022-12-27 10:26:06.254  2280-3804  CompatibilityInfo       pid-2280                             D  applicationScale - 1.0
2022-12-27 10:26:06.257 22113-22202 AudioTrack              pid-22113                            V  obtainBuffer(192) returned 192 = 192 + 0 err 0
2022-12-27 10:26:06.261 22113-22202 AudioTrack              pid-22113                            V  obtainBuffer(192) returned 192 = 192 + 0 err 0
2022-12-27 10:26:06.265 22113-22202 AudioTrack              pid-22113                            V  obtainBuffer(192) returned 192 = 64 + 128 err 0
2022-12-27 10:26:06.265 22113-22202 AudioTrack              pid-22113                            V  obtainBuffer(128) returned 128 = 128 + 0 err 0
2022-12-27 10:26:06.269 22113-22202 AudioTrack              pid-22113                            V  obtainBuffer(192) returned 192 = 192 + 0 err 0
2022-12-27 10:26:06.273 22113-22202 AudioTrack              pid-22113                            V  obtainBuffer(192) returned 192 = 192 + 0 err 0
2022-12-27 10:26:06.276  2280-2297  libprocessgroup         pid-2280                             W  kill(-24862, 9) failed: No such process
2022-12-27 10:26:06.277 22113-22202 AudioTrack              pid-22113                            V  obtainBuffer(192) returned 192 = 192 + 0 err 0
2022-12-27 10:26:06.277  2280-6070  ConnectivityService     pid-2280                             D  ConnectivityService NetworkRequestInfo binderDied(NetworkRequest [ TRACK_DEFAULT id=1676, [ Capabilities: INTERNET&NOT_RESTRICTED&TRUSTED Unwanted:  Uid: 10107] ], android.os.BinderProxy@1279fe4)
2022-12-27 10:26:06.277  2280-7731  ConnectivityService     pid-2280                             D  ConnectivityService NetworkRequestInfo binderDied(NetworkRequest [ LISTEN id=1677, [ Capabilities: INTERNET&NOT_RESTRICTED&TRUSTED Unwanted:  Uid: 10107] ], android.os.BinderProxy@eeebc4d)
2022-12-27 10:26:06.277  2280-3804  ActivityManager         pid-2280                             I  Process com.android.chrome (pid 24862) has died: cch+6CEM 
2022-12-27 10:26:06.278  1314-1314  Zygote                  pid-1314                             I  Process 24862 exited due to signal (9)
2022-12-27 10:26:06.281 22113-22202 AudioTrack              pid-22113                            V  obtainBuffer(192) returned 192 = 192 + 0 err 0
2022-12-27 10:26:06.282  2280-2297  libprocessgroup         pid-2280                             W  kill(-24862, 9) failed: No such process
2022-12-27 10:26:06.282  2280-2297  libprocessgroup         pid-2280                             I  Successfully killed process cgroup uid 10107 pid 24862 in 6ms
2022-12-27 10:26:06.283 24962-24993 FA                      pid-24962                            I  App measurement initialized, version: 29000
2022-12-27 10:26:06.283 24962-24993 FA                      pid-24962                            I  To enable debug logging run: adb shell setprop log.tag.FA VERBOSE
2022-12-27 10:26:06.285  2993-2993  QcrilMsgTu...aceManager pid-2993                             D  handleMessage what = 1
2022-12-27 10:26:06.285 22113-22202 AudioTrack              pid-22113                            V  obtainBuffer(192) returned 192 = 192 + 0 err 0
2022-12-27 10:26:06.285 24962-24993 FA                      pid-24962                            I  To enable faster debug mode event logging run:
                                                                                                      adb shell setprop debug.firebase.analytics.app com.xiaomi.calendar
2022-12-27 10:26:06.286  2993-2993  QcrilOemhookMsgTunnel   pid-2993                             I  [0]invokeOemRilRequestRaw: serial=5725 length=24
2022-12-27 10:26:06.287 29504-29504 BoundBrokerSvc          pid-29504                            D  onUnbind: Intent { act=com.google.android.gms.auth.key.retrieval.service.START dat=chimera-action: cmp=com.google.android.gms/.chimera.GmsApiService }
2022-12-27 10:26:06.288  2993-3026  QcrilOemhookMsgTunnel   pid-2993                             I  [0]processOemHookResponse serial no: 5725 error: 0length=0
2022-12-27 10:26:06.288  2993-2993  QcrilMsgTu...aceManager pid-2993                             D  handleMessage what = 2
2022-12-27 10:26:06.289 22113-22202 AudioTrack              pid-22113                            V  obtainBuffer(192) returned 192 = 192 + 0 err 0
2022-12-27 10:26:06.289 29504-29504 BoundBrokerSvc          pid-29504                            D  onUnbind: Intent { act=com.google.android.gms.credential.manager.service.firstparty.START dat=chimera-action: cmp=com.google.android.gms/.chimera.GmsApiService }
2022-12-27 10:26:06.290  2993-2993  QcrilMsgTu...aceManager pid-2993                             D  handleMessage what = 1
2022-12-27 10:26:06.292  2993-2993  QcrilOemhookMsgTunnel   pid-2993                             I  [1]invokeOemRilRequestRaw: serial=5726 length=24
2022-12-27 10:26:06.293  2993-3026  QcrilOemhookMsgTunnel   pid-2993                             I  [0]processOemHookIndication length=28
2022-12-27 10:26:06.293 22113-22202 AudioTrack              pid-22113                            V  obtainBuffer(192) returned 192 = 192 + 0 err 0
2022-12-27 10:26:06.293  2993-2993  QcrilMsgTu...aceManager pid-2993                             D  handleMessage what = 0
2022-12-27 10:26:06.294  2993-3026  QcrilOemhookMsgTunnel   pid-2993                             I  [1]processOemHookResponse serial no: 5726 error: 0length=0
2022-12-27 10:26:06.297 22113-22202 AudioTrack              pid-22113                            V  obtainBuffer(192) returned 192 = 192 + 0 err 0
2022-12-27 10:26:06.299  2993-3026  QcrilOemhookMsgTunnel   pid-2993                             I  [1]processOemHookIndication length=28
2022-12-27 10:26:06.301 22113-22202 AudioTrack              pid-22113                            V  obtainBuffer(192) returned 192 = 192 + 0 err 0
2022-12-27 10:26:06.305 22113-22202 AudioTrack              pid-22113                            V  obtainBuffer(192) returned 192 = 192 + 0 err 0
2022-12-27 10:26:06.307 15703-15703 AppBase                 pid-15703                            I  AppBase.onTrimMemory():497 onTrimMemory(): 10
2022-12-27 10:26:06.307 15703-15703 GoogleInpu...hodService pid-15703                            I  GoogleInputMethodService.onTrimMemory():4406 onTrimMemory(): 10
2022-12-27 10:26:06.309 22113-22202 AudioTrack              pid-22113                            V  obtainBuffer(192) returned 192 = 192 + 0 err 0
2022-12-27 10:26:06.309  9362-9362  WorkerManager           pid-9362                             I  Unloading disused workers
2022-12-27 10:26:06.312 17120-17120 Finsky                  pid-17120                            I  [2] qdj.onTrimMemory(1): Memory trim requested to level 10
2022-12-27 10:26:06.313 22113-22202 AudioTrack              pid-22113                            V  obtainBuffer(192) returned 192 = 192 + 0 err 0
2022-12-27 10:26:06.317 22113-22202 chatty                  pid-22113                            I  uid=10213(com.inforcegames.app3dmodelling) AudioTrack identical 1 line
2022-12-27 10:26:06.321 22113-22202 AudioTrack              pid-22113                            V  obtainBuffer(192) returned 192 = 192 + 0 err 0
2022-12-27 10:26:06.321  1302-1462  ThermalEngine           pid-1302                             D  sensor_wait: msm_therm Wait done.
2022-12-27 10:26:06.322  2993-2993  QcrilMsgTu...aceManager pid-2993                             D  handleMessage what = 2
2022-12-27 10:26:06.322  2993-2993  QcrilMsgTu...aceManager pid-2993                             D  handleMessage what = 0
2022-12-27 10:26:06.322  1302-1462  ThermalEngine           pid-1302                             D  sensor_monitor: msm_therm Reading 38000 .
2022-12-27 10:26:06.322  1302-1462  ThermalEngine           pid-1302                             I  Sensor:msm_therm:38000 mC
2022-12-27 10:26:06.322  1302-1462  ThermalEngine           pid-1302                             D  update_active_thresh: msm_therm Active(1), Hi(1) 44000, Lo(0) -2147483648, desc(0) Interval(1) 1000
2022-12-27 10:26:06.322  1302-1462  ThermalEngine           pid-1302                             D  sensor_monitor: msm_therm Sensor wait.
2022-12-27 10:26:06.322  1302-1462  ThermalEngine           pid-1302                             D  sensor_wait: msm_therm Wait start. 1000ms
2022-12-27 10:26:06.325 22113-22202 AudioTrack              pid-22113                            V  obtainBuffer(192) returned 192 = 192 + 0 err 0
2022-12-27 10:26:06.329 22113-22202 chatty                  pid-22113                            I  uid=10213(com.inforcegames.app3dmodelling) AudioTrack identical 1 line
2022-12-27 10:26:06.333 22113-22202 AudioTrack              pid-22113                            V  obtainBuffer(192) returned 192 = 192 + 0 err 0
2022-12-27 10:26:06.333  2280-3226  CompatibilityInfo       pid-2280                             D  mCompatibilityFlags - 0
2022-12-27 10:26:06.334  2280-3226  CompatibilityInfo       pid-2280                             D  applicationDensity - 440
2022-12-27 10:26:06.334  2280-3226  CompatibilityInfo       pid-2280                             D  applicationScale - 1.0
2022-12-27 10:26:06.337 29504-29504 BoundBrokerSvc          pid-29504                            D  onBind: Intent { act=com.google.android.gms.common.BIND_SHARED_PREFS pkg=com.google.android.gms }
2022-12-27 10:26:06.337 29504-29504 BoundBrokerSvc          pid-29504                            D  Loading bound service for intent: Intent { act=com.google.android.gms.common.BIND_SHARED_PREFS pkg=com.google.android.gms }
2022-12-27 10:26:06.337 22113-22202 AudioTrack              pid-22113                            V  obtainBuffer(192) returned 192 = 192 + 0 err 0
2022-12-27 10:26:06.337  1302-1463  ThermalEngine           pid-1302                             D  sensor_wait: quiet_therm Wait done.
2022-12-27 10:26:06.338  1302-1463  ThermalEngine           pid-1302                             D  sensor_monitor: quiet_therm Reading 36000 .
2022-12-27 10:26:06.338  1302-1463  ThermalEngine           pid-1302                             I  Sensor:quiet_therm:36000 mC
2022-12-27 10:26:06.338  1302-1463  ThermalEngine           pid-1302                             D  update_active_thresh: quiet_therm Active(1), Hi(1) 40000, Lo(0) -2147483648, desc(0) Interval(1) 1000
2022-12-27 10:26:06.338  1302-1463  ThermalEngine           pid-1302                             D  sensor_monitor: quiet_therm Sensor wait.
2022-12-27 10:26:06.338  1302-1463  ThermalEngine           pid-1302                             D  sensor_wait: quiet_therm Wait start. 1000ms
2022-12-27 10:26:06.341 22113-22202 AudioTrack              pid-22113                            V  obtainBuffer(192) returned 192 = 192 + 0 err 0
2022-12-27 10:26:06.342 29504-29504 BoundBrokerSvc          pid-29504                            D  onUnbind: Intent { act=com.google.android.gms.common.BIND_SHARED_PREFS pkg=com.google.android.gms }
2022-12-27 10:26:06.345 22113-22202 AudioTrack              pid-22113                            V  obtainBuffer(192) returned 192 = 192 + 0 err 0
2022-12-27 10:26:06.346  2280-3226  CompatibilityInfo       pid-2280                             D  mCompatibilityFlags - 0
2022-12-27 10:26:06.346  2280-3226  CompatibilityInfo       pid-2280                             D  applicationDensity - 440
2022-12-27 10:26:06.346  2280-3226  CompatibilityInfo       pid-2280                             D  applicationScale - 1.0
2022-12-27 10:26:06.349 22113-22202 AudioTrack              pid-22113                            V  obtainBuffer(192) returned 192 = 128 + 64 err 0
2022-12-27 10:26:06.349 22113-22202 AudioTrack              pid-22113                            V  obtainBuffer(64) returned 64 = 64 + 0 err 0
2022-12-27 10:26:06.353 22113-22202 AudioTrack              pid-22113                            V  obtainBuffer(192) returned 192 = 192 + 0 err 0
2022-12-27 10:26:06.353 29504-29504 BoundBrokerSvc          pid-29504                            D  onBind: Intent { act=com.google.android.gms.common.BIND_SHARED_PREFS pkg=com.google.android.gms }
2022-12-27 10:26:06.353 29504-29504 BoundBrokerSvc          pid-29504                            D  Loading bound service for intent: Intent { act=com.google.android.gms.common.BIND_SHARED_PREFS pkg=com.google.android.gms }
2022-12-27 10:26:06.357 22113-22202 AudioTrack              pid-22113                            V  obtainBuffer(192) returned 192 = 192 + 0 err 0
2022-12-27 10:26:06.358 29504-29504 BoundBrokerSvc          pid-29504                            D  onUnbind: Intent { act=com.google.android.gms.common.BIND_SHARED_PREFS pkg=com.google.android.gms }
2022-12-27 10:26:06.361 22113-22202 AudioTrack              pid-22113                            V  obtainBuffer(192) returned 192 = 192 + 0 err 0
2022-12-27 10:26:06.385 22113-22202 chatty                  pid-22113                            I  uid=10213(com.inforcegames.app3dmodelling) AudioTrack identical 6 lines
2022-12-27 10:26:06.389 22113-22202 AudioTrack              pid-22113                            V  obtainBuffer(192) returned 192 = 192 + 0 err 0
2022-12-27 10:26:06.393 22113-22202 AudioTrack              pid-22113                            V  obtainBuffer(192) returned 192 = 64 + 128 err 0
2022-12-27 10:26:06.394 22113-22202 AudioTrack              pid-22113                            V  obtainBuffer(128) returned 128 = 128 + 0 err 0
2022-12-27 10:26:06.397 22113-22202 AudioTrack              pid-22113                            V  obtainBuffer(192) returned 192 = 192 + 0 err 0
2022-12-27 10:26:06.433 22113-22202 chatty                  pid-22113                            I  uid=10213(com.inforcegames.app3dmodelling) AudioTrack identical 9 lines
2022-12-27 10:26:06.437 22113-22202 AudioTrack              pid-22113                            V  obtainBuffer(192) returned 192 = 192 + 0 err 0
2022-12-27 10:26:06.438 29504-8004  Conscrypt               pid-29504                            W  Could not set socket write timeout: java.net.SocketException: Socket closed
2022-12-27 10:26:06.438 29504-8004  Conscrypt               pid-29504                            W  	at com.google.android.gms.org.conscrypt.Platform.setSocketWriteTimeout(:com.google.android.gms@224814028@22.48.14 (100400-493411920):2)
2022-12-27 10:26:06.438 29504-8004  Conscrypt               pid-29504                            W  	at com.google.android.gms.org.conscrypt.ConscryptFileDescriptorSocket.setSoWriteTimeout(:com.google.android.gms@224814028@22.48.14 (100400-493411920):0)
2022-12-27 10:26:06.441 22113-22202 AudioTrack              pid-22113                            V  obtainBuffer(192) returned 192 = 192 + 0 err 0
2022-12-27 10:26:06.469 22113-22202 chatty                  pid-22113                            I  uid=10213(com.inforcegames.app3dmodelling) AudioTrack identical 7 lines
2022-12-27 10:26:06.473 22113-22202 AudioTrack              pid-22113                            V  obtainBuffer(192) returned 192 = 192 + 0 err 0
2022-12-27 10:26:06.477 22113-22202 AudioTrack              pid-22113                            V  obtainBuffer(192) returned 192 = 128 + 64 err 0
2022-12-27 10:26:06.477 22113-22202 AudioTrack              pid-22113                            V  obtainBuffer(64) returned 64 = 64 + 0 err 0
2022-12-27 10:26:06.481 22113-22202 AudioTrack              pid-22113                            V  obtainBuffer(192) returned 192 = 192 + 0 err 0
2022-12-27 10:26:06.505 22113-22202 chatty                  pid-22113                            I  uid=10213(com.inforcegames.app3dmodelling) AudioTrack identical 6 lines
2022-12-27 10:26:06.510 22113-22202 AudioTrack              pid-22113                            V  obtainBuffer(192) returned 192 = 192 + 0 err 0
2022-12-27 10:26:06.511 29504-8004  Conscrypt               pid-29504                            W  Could not set socket write timeout: java.net.SocketException: Socket closed
2022-12-27 10:26:06.513 22113-22202 AudioTrack              pid-22113                            V  obtainBuffer(192) returned 192 = 192 + 0 err 0
2022-12-27 10:26:06.513 29504-8004  Conscrypt               pid-29504                            W  	at com.google.android.gms.org.conscrypt.Platform.setSocketWriteTimeout(:com.google.android.gms@224814028@22.48.14 (100400-493411920):2)
2022-12-27 10:26:06.513 29504-8004  Conscrypt               pid-29504                            W  	at com.google.android.gms.org.conscrypt.ConscryptFileDescriptorSocket.setSoWriteTimeout(:com.google.android.gms@224814028@22.48.14 (100400-493411920):0)
2022-12-27 10:26:06.517 22113-22202 AudioTrack              pid-22113                            V  obtainBuffer(192) returned 192 = 192 + 0 err 0
2022-12-27 10:26:06.521 22113-22202 AudioTrack              pid-22113                            V  obtainBuffer(192) returned 192 = 64 + 128 err 0
2022-12-27 10:26:06.521 22113-22202 AudioTrack              pid-22113                            V  obtainBuffer(128) returned 128 = 128 + 0 err 0
2022-12-27 10:26:06.525 22113-22202 AudioTrack              pid-22113                            V  obtainBuffer(192) returned 192 = 192 + 0 err 0
2022-12-27 10:26:06.537  2280-6825  ActivityManager         pid-2280                             I  Process com.xiaomi.simactivate.service (pid 24880) has died: cch+6CEM 
2022-12-27 10:26:06.533 22113-22202 chatty                  pid-22113                            I  uid=10213(com.inforcegames.app3dmodelling) AudioTrack identical 2 lines
2022-12-27 10:26:06.537 22113-22202 AudioTrack              pid-22113                            V  obtainBuffer(192) returned 192 = 192 + 0 err 0
2022-12-27 10:26:06.538  2280-2297  libprocessgroup         pid-2280                             W  kill(-24880, 9) failed: No such process
2022-12-27 10:26:06.538  2280-2297  libprocessgroup         pid-2280                             I  Successfully killed process cgroup uid 10084 pid 24880 in 0ms
2022-12-27 10:26:06.538  1313-1313  Zygote                  pid-1313                             I  Process 24880 exited due to signal (9)
2022-12-27 10:26:06.539 24962-25018 NetworkSecurityConfig   pid-24962                            D  No Network Security Config specified, using platform default
2022-12-27 10:26:06.540 24962-25018 DpmTcmClient            pid-24962                            I  RegisterTcmMonitor from: com.android.okhttp.TcmIdleTimerMonitor
2022-12-27 10:26:06.541 22113-22202 AudioTrack              pid-22113                            V  obtainBuffer(192) returned 192 = 192 + 0 err 0
2022-12-27 10:26:06.545 22113-22202 AudioTrack              pid-22113                            V  obtainBuffer(192) returned 192 = 192 + 0 err 0
2022-12-27 10:26:06.547   743-931   APM_AudioPolicyManager  pid-743                              V  AudioPolicyManager:setRecordSilenced(uid:10084, silenced:1)
2022-12-27 10:26:06.547   743-931   AudioFlinger            pid-743                              V  AudioFlinger::setRecordSilenced(uid:10084, silenced:1)
2022-12-27 10:26:06.549 22113-22202 AudioTrack              pid-22113                            V  obtainBuffer(192) returned 192 = 192 + 0 err 0
2022-12-27 10:26:06.597 22113-22202 chatty                  pid-22113                            I  uid=10213(com.inforcegames.app3dmodelling) AudioTrack identical 12 lines
2022-12-27 10:26:06.601 22113-22202 AudioTrack              pid-22113                            V  obtainBuffer(192) returned 192 = 192 + 0 err 0
2022-12-27 10:26:06.605 22113-22202 AudioTrack              pid-22113                            V  obtainBuffer(192) returned 192 = 128 + 64 err 0
2022-12-27 10:26:06.605 22113-22202 AudioTrack              pid-22113                            V  obtainBuffer(64) returned 64 = 64 + 0 err 0
2022-12-27 10:26:06.609 22113-22202 AudioTrack              pid-22113                            V  obtainBuffer(192) returned 192 = 192 + 0 err 0
2022-12-27 10:26:06.641 22113-22202 chatty                  pid-22113                            I  uid=10213(com.inforcegames.app3dmodelling) AudioTrack identical 8 lines
2022-12-27 10:26:06.645 22113-22202 AudioTrack              pid-22113                            V  obtainBuffer(192) returned 192 = 192 + 0 err 0
2022-12-27 10:26:06.649 22113-22202 AudioTrack              pid-22113                            V  obtainBuffer(192) returned 192 = 64 + 128 err 0