2022-12-27 10:26:00.715 22113-22113 ContentCatcher          pid-22113                            W  Failed to notify a WebView
2022-12-27 10:26:00.717 22113-22202 AudioTrack              pid-22113                            V  obtainBuffer(192) returned 192 = 128 + 64 err 0
2022-12-27 10:26:00.717 22113-22202 AudioTrack              pid-22113                            V  obtainBuffer(64) returned 64 = 64 + 0 err 0
2022-12-27 10:26:00.718 22113-24799 AudioManager            pid-22113                            D  getStreamVolume isRestricted mode = 0
2022-12-27 10:26:00.721 22113-22202 AudioTrack              pid-22113                            V  obtainBuffer(192) returned 192 = 192 + 0 err 0
2022-12-27 10:26:00.722   688-944   audio_hw_spkr_prot      pid-688                              D  audio_extn_fbsp_get_parameters: Speaker protection disabled
2022-12-27 10:26:00.722   688-944   audio_hw_extn           pid-688                              D  audio_extn_get_parameters: returns 
2022-12-27 10:26:00.722   743-15843 hash_map_utils          pid-743                              I  key: 'hifi_mode' value: ''
2022-12-27 10:26:00.725 22113-22202 AudioTrack              pid-22113                            V  obtainBuffer(192) returned 192 = 192 + 0 err 0
2022-12-27 10:26:00.753 22113-22202 chatty                  pid-22113                            I  uid=10213(com.inforcegames.app3dmodelling) AudioTrack identical 7 lines
2022-12-27 10:26:00.757 22113-22202 AudioTrack              pid-22113                            V  obtainBuffer(192) returned 192 = 192 + 0 err 0
2022-12-27 10:26:00.759   688-944   audio_hw_spkr_prot      pid-688                              D  audio_extn_fbsp_get_parameters: Speaker protection disabled
2022-12-27 10:26:00.759   688-944   audio_hw_extn           pid-688                              D  audio_extn_get_parameters: returns 
2022-12-27 10:26:00.759   743-15843 hash_map_utils          pid-743                              I  key: 'hifi_mode' value: ''
2022-12-27 10:26:00.760 22113-22202 AudioTrack              pid-22113                            V  obtainBuffer(192) returned 192 = 64 + 128 err 0
2022-12-27 10:26:00.761 22113-22202 AudioTrack              pid-22113                            V  obtainBuffer(128) returned 128 = 128 + 0 err 0
2022-12-27 10:26:00.761 22113-24799 AudioManager            pid-22113                            D  getStreamVolume isRestricted mode = 0
2022-12-27 10:26:00.763   688-944   audio_hw_spkr_prot      pid-688                              D  audio_extn_fbsp_get_parameters: Speaker protection disabled
2022-12-27 10:26:00.764   688-944   audio_hw_extn           pid-688                              D  audio_extn_get_parameters: returns 
2022-12-27 10:26:00.764   743-15843 hash_map_utils          pid-743                              I  key: 'hifi_mode' value: ''
2022-12-27 10:26:00.764 22113-22202 AudioTrack              pid-22113                            V  obtainBuffer(192) returned 192 = 192 + 0 err 0
2022-12-27 10:26:00.773 22113-22202 chatty                  pid-22113                            I  uid=10213(com.inforcegames.app3dmodelling) AudioTrack identical 2 lines
2022-12-27 10:26:00.776 22113-22202 AudioTrack              pid-22113                            V  obtainBuffer(192) returned 192 = 192 + 0 err 0
2022-12-27 10:26:00.780 22113-22113 AdsUnity                pid-22113                            D  Calling show() on Android
2022-12-27 10:26:00.781 22113-22202 AudioTrack              pid-22113                            V  obtainBuffer(192) returned 192 = 192 + 0 err 0
2022-12-27 10:26:00.837 22113-22202 chatty                  pid-22113                            I  uid=10213(com.inforcegames.app3dmodelling) AudioTrack identical 14 lines
2022-12-27 10:26:00.841 22113-22202 AudioTrack              pid-22113                            V  obtainBuffer(192) returned 192 = 192 + 0 err 0
2022-12-27 10:26:00.843  2280-2280  NotificationService     pid-2280                             D  updateLightsLocked | midtestflag=false
2022-12-27 10:26:00.845 22113-22202 AudioTrack              pid-22113                            V  obtainBuffer(192) returned 192 = 128 + 64 err 0
2022-12-27 10:26:00.845 22113-22202 AudioTrack              pid-22113                            V  obtainBuffer(64) returned 64 = 64 + 0 err 0
2022-12-27 10:26:00.845 24781-24877 ActivateStatusReceiver  pid-24781                            V  Updating activate info for sim 1 inserted=true status=3
2022-12-27 10:26:00.848 22113-22202 AudioTrack              pid-22113                            V  obtainBuffer(192) returned 192 = 192 + 0 err 0
2022-12-27 10:26:00.852   688-944   audio_hw_spkr_prot      pid-688                              D  audio_extn_fbsp_get_parameters: Speaker protection disabled
2022-12-27 10:26:00.852   688-944   audio_hw_extn           pid-688                              D  audio_extn_get_parameters: returns 
2022-12-27 10:26:00.853 22113-22202 AudioTrack              pid-22113                            V  obtainBuffer(192) returned 192 = 192 + 0 err 0
2022-12-27 10:26:00.853   743-15843 hash_map_utils          pid-743                              I  key: 'hifi_mode' value: ''
2022-12-27 10:26:00.855 24781-24781 MmsASM                  pid-24781                            I  simIndex: 0  ActivateStatus: -1
2022-12-27 10:26:00.857 22113-22202 AudioTrack              pid-22113                            V  obtainBuffer(192) returned 192 = 192 + 0 err 0
2022-12-27 10:26:00.859 22113-23029 AudioManager            pid-22113                            D  getStreamVolume isRestricted mode = 0
2022-12-27 10:26:00.861 22113-22202 AudioTrack              pid-22113                            V  obtainBuffer(192) returned 192 = 192 + 0 err 0
2022-12-27 10:26:00.861 24781-24781 MmsASM                  pid-24781                            D  isActivateInfoInit: false
2022-12-27 10:26:00.863   688-944   audio_hw_spkr_prot      pid-688                              D  audio_extn_fbsp_get_parameters: Speaker protection disabled
2022-12-27 10:26:00.863   688-944   audio_hw_extn           pid-688                              D  audio_extn_get_parameters: returns 
2022-12-27 10:26:00.865 22113-22202 AudioTrack              pid-22113                            V  obtainBuffer(192) returned 192 = 192 + 0 err 0
2022-12-27 10:26:00.865   743-15843 hash_map_utils          pid-743                              I  key: 'hifi_mode' value: ''
2022-12-27 10:26:00.869 22113-22202 AudioTrack              pid-22113                            V  obtainBuffer(192) returned 192 = 192 + 0 err 0
2022-12-27 10:26:00.869 24781-24781 MmsASM                  pid-24781                            I  simIndex: 1  ActivateStatus: 3
2022-12-27 10:26:00.873 22113-22202 AudioTrack              pid-22113                            V  obtainBuffer(192) returned 192 = 192 + 0 err 0
2022-12-27 10:26:00.880 22113-22202 chatty                  pid-22113                            I  uid=10213(com.inforcegames.app3dmodelling) AudioTrack identical 2 lines
2022-12-27 10:26:00.884 22113-22202 AudioTrack              pid-22113                            V  obtainBuffer(192) returned 192 = 192 + 0 err 0
2022-12-27 10:26:00.889 22113-22202 AudioTrack              pid-22113                            V  obtainBuffer(192) returned 192 = 64 + 128 err 0
2022-12-27 10:26:00.889 22113-22202 AudioTrack              pid-22113                            V  obtainBuffer(128) returned 128 = 128 + 0 err 0
2022-12-27 10:26:00.893 22113-22202 AudioTrack              pid-22113                            V  obtainBuffer(192) returned 192 = 192 + 0 err 0
2022-12-27 10:25:59.489  2280-2298  BatteryExt...tatsWorker pid-2280                             E  no controller energy info supplied for bluetooth
2022-12-27 10:26:00.901  2280-2701  ActivityManager         pid-2280                             I  Process com.qualcomm.qti.poweroffalarm (pid 24674) has died: cch+6CEM 
2022-12-27 10:26:00.897 22113-22202 chatty                  pid-22113                            I  uid=10213(com.inforcegames.app3dmodelling) AudioTrack identical 1 line
2022-12-27 10:26:00.900 22113-22202 AudioTrack              pid-22113                            V  obtainBuffer(192) returned 192 = 192 + 0 err 0
2022-12-27 10:26:00.901  2280-2297  libprocessgroup         pid-2280                             W  kill(-24674, 9) failed: No such process
2022-12-27 10:26:00.902  2280-2297  libprocessgroup         pid-2280                             I  Successfully killed process cgroup uid 1000 pid 24674 in 0ms
2022-12-27 10:26:00.903  1313-1313  Zygote                  pid-1313                             I  Process 24674 exited due to signal (9)
2022-12-27 10:26:00.905 22113-22202 AudioTrack              pid-22113                            V  obtainBuffer(192) returned 192 = 192 + 0 err 0
2022-12-27 10:26:00.937 22113-22202 chatty                  pid-22113                            I  uid=10213(com.inforcegames.app3dmodelling) AudioTrack identical 8 lines
2022-12-27 10:26:00.941 22113-22202 AudioTrack              pid-22113                            V  obtainBuffer(192) returned 192 = 192 + 0 err 0
2022-12-27 10:26:00.942 13316-13316 StatusBar               pid-13316                            D  No peeking: unimportant notification: 0|com.xiaomi.simactivate.service|1001|null|10084
2022-12-27 10:26:00.943 13316-13316 StatusBar               pid-13316                            D  onNotificationRemoved key=0|com.xiaomi.simactivate.service|1001|null|10084 reason=8
2022-12-27 10:26:00.943 13316-13316 StatusBar               pid-13316                            D  onNotificationRemoved key=0|com.xiaomi.simactivate.service|1001|null|10084 reason=8
2022-12-27 10:26:00.943 13316-13316 StatusBar               pid-13316                            W  removeNotification for unknown key: 0|com.xiaomi.simactivate.service|1001|null|10084
2022-12-27 10:26:00.943 13316-13316 StatusBar               pid-13316                            D  removeNotification null
2022-12-27 10:26:00.945 22113-22202 AudioTrack              pid-22113                            V  obtainBuffer(192) returned 192 = 192 + 0 err 0
2022-12-27 10:26:00.948  1302-1457  ThermalEngine           pid-1302                             D  sensor_wait: backlight_therm Wait done.
2022-12-27 10:26:00.948 22113-22202 AudioTrack              pid-22113                            V  obtainBuffer(192) returned 192 = 192 + 0 err 0
2022-12-27 10:26:00.949  1302-1457  ThermalEngine           pid-1302                             D  sensor_monitor: backlight_therm Reading 30000 .
2022-12-27 10:26:00.949  1302-1457  ThermalEngine           pid-1302                             I  Sensor:backlight_therm:30000 mC
2022-12-27 10:26:00.949  1302-1457  ThermalEngine           pid-1302                             D  update_active_thresh: backlight_therm Active(1), Hi(1) 45000, Lo(0) -2147483648, desc(0) Interval(1) 2000
2022-12-27 10:26:00.949  1302-1457  ThermalEngine           pid-1302                             D  sensor_monitor: backlight_therm Sensor wait.
2022-12-27 10:26:00.949  1302-1457  ThermalEngine           pid-1302                             D  sensor_wait: backlight_therm Wait start. 2000ms
2022-12-27 10:26:00.951 13316-13316 StatusBar               pid-13316                            D  onNotificationPosted key=0|com.xiaomi.simactivate.service|1001|null|10084 isUpdate=false
2022-12-27 10:26:00.953 22113-22202 AudioTrack              pid-22113                            V  obtainBuffer(192) returned 192 = 192 + 0 err 0
2022-12-27 10:26:00.965 22113-22202 chatty                  pid-22113                            I  uid=10213(com.inforcegames.app3dmodelling) AudioTrack identical 3 lines
2022-12-27 10:26:00.969 22113-22202 AudioTrack              pid-22113                            V  obtainBuffer(192) returned 192 = 192 + 0 err 0
2022-12-27 10:26:00.973 22113-22202 AudioTrack              pid-22113                            V  obtainBuffer(192) returned 192 = 128 + 64 err 0
2022-12-27 10:26:00.973 22113-22202 AudioTrack              pid-22113                            V  obtainBuffer(64) returned 64 = 64 + 0 err 0
2022-12-27 10:26:00.973 17120-17120 Finsky                  pid-17120                            I  [2] qdj.onTrimMemory(1): Memory trim requested to level 15
2022-12-27 10:26:00.977 22113-22202 AudioTrack              pid-22113                            V  obtainBuffer(192) returned 192 = 192 + 0 err 0
2022-12-27 10:26:00.981 22113-22202 AudioTrack              pid-22113                            V  obtainBuffer(192) returned 192 = 192 + 0 err 0
2022-12-27 10:26:00.982 13316-13316 StatusBar               pid-13316                            D  No peeking: unimportant notification: 0|com.xiaomi.simactivate.service|1001|null|10084
2022-12-27 10:26:00.982 13316-13316 StatusBar               pid-13316                            W  removeNotification for unknown key: 0|com.xiaomi.simactivate.service|1001|null|10084
2022-12-27 10:26:00.982 13316-13316 StatusBar               pid-13316                            D  removeNotification null
2022-12-27 10:26:00.985 22113-22202 AudioTrack              pid-22113                            V  obtainBuffer(192) returned 192 = 192 + 0 err 0
2022-12-27 10:26:01.009 22113-22202 chatty                  pid-22113                            I  uid=10213(com.inforcegames.app3dmodelling) AudioTrack identical 6 lines
2022-12-27 10:26:01.013 22113-22202 AudioTrack              pid-22113                            V  obtainBuffer(192) returned 192 = 192 + 0 err 0
2022-12-27 10:26:01.017 22113-22202 AudioTrack              pid-22113                            V  obtainBuffer(192) returned 192 = 64 + 128 err 0
2022-12-27 10:26:01.017 22113-22202 AudioTrack              pid-22113                            V  obtainBuffer(128) returned 128 = 128 + 0 err 0
2022-12-27 10:26:01.017 13316-13371 MobileSignalController  pid-13316                            D  onSignalStrengthsChanged: SignalStrength: 99 0 -120 -160 -120 -160 -1 29 -88 -14 178 2147483647 0 2147483647 99 255 2147483647 gsm|lte use_rsrp_and_rssnr_for_lte_level  [-120, -115, -110, -105, -97] [-115, -105, -95, -85]
2022-12-27 10:26:01.017 13316-13371 NetworkCon...troller(1) pid-13316                            D  4G level = 5
2022-12-27 10:26:01.021 22113-22202 AudioTrack              pid-22113                            V  obtainBuffer(192) returned 192 = 192 + 0 err 0
2022-12-27 10:26:01.025 22113-22202 chatty                  pid-22113                            I  uid=10213(com.inforcegames.app3dmodelling) AudioTrack identical 1 line
2022-12-27 10:26:01.029 22113-22202 AudioTrack              pid-22113                            V  obtainBuffer(192) returned 192 = 192 + 0 err 0
2022-12-27 10:26:01.029 15703-15703 AppBase                 pid-15703                            I  AppBase.onTrimMemory():497 onTrimMemory(): 15
2022-12-27 10:26:01.032 22113-22202 AudioTrack              pid-22113                            V  obtainBuffer(192) returned 192 = 192 + 0 err 0
2022-12-27 10:26:01.088 22113-22202 chatty                  pid-22113                            I  uid=10213(com.inforcegames.app3dmodelling) AudioTrack identical 14 lines
2022-12-27 10:26:01.093 22113-22202 AudioTrack              pid-22113                            V  obtainBuffer(192) returned 192 = 192 + 0 err 0
2022-12-27 10:26:01.094  9362-9362  WorkerManager           pid-9362                             I  Unloading disused workers
2022-12-27 10:26:01.094 13316-13316 SignalClusterView       pid-13316                            D  updateMobileTypeImage  0
2022-12-27 10:26:01.095 13316-13316 SignalClusterView       pid-13316                            D  updateMobileTypeImage  0
2022-12-27 10:26:01.097 22113-22202 AudioTrack              pid-22113                            V  obtainBuffer(192) returned 192 = 192 + 0 err 0
2022-12-27 10:26:01.097 13316-13316 SignalClusterView       pid-13316                            D  updateMobileTypeImage  0
2022-12-27 10:26:01.097 13316-13316 SignalClusterView       pid-13316                            D  updateMobileTypeImage  0
2022-12-27 10:26:01.100 24781-24781 DeviceLevelUtils        pid-24781                            I  platformsdm660
2022-12-27 10:26:01.100 22113-22202 AudioTrack              pid-22113                            V  obtainBuffer(192) returned 192 = 128 + 64 err 0
2022-12-27 10:26:01.100 22113-22202 AudioTrack              pid-22113                            V  obtainBuffer(64) returned 64 = 64 + 0 err 0
2022-12-27 10:26:01.101 24781-24781 DeviceLevel             pid-24781                            E  MiDeviceLevelBridge(): Load Class Exception:java.lang.NoSuchFieldException: No field IS_MIUI_LITE_VERSION in class Lcom/miui/performance/DeviceLevelUtils; (declaration of 'com.miui.performance.DeviceLevelUtils' appears in /system/framework/MiuiBooster.jar)
2022-12-27 10:26:01.105 22113-22202 AudioTrack              pid-22113                            V  obtainBuffer(192) returned 192 = 192 + 0 err 0
2022-12-27 10:26:01.137 22113-22202 chatty                  pid-22113                            I  uid=10213(com.inforcegames.app3dmodelling) AudioTrack identical 8 lines
2022-12-27 10:26:01.140 22113-22202 AudioTrack              pid-22113                            V  obtainBuffer(192) returned 192 = 192 + 0 err 0
2022-12-27 10:26:01.145 22113-22202 AudioTrack              pid-22113                            V  obtainBuffer(192) returned 192 = 64 + 128 err 0
2022-12-27 10:26:01.145 22113-22202 AudioTrack              pid-22113                            V  obtainBuffer(128) returned 128 = 128 + 0 err 0
2022-12-27 10:26:01.148 22113-22202 AudioTrack              pid-22113                            V  obtainBuffer(192) returned 192 = 192 + 0 err 0
2022-12-27 10:26:01.221 22113-22202 chatty                  pid-22113                            I  uid=10213(com.inforcegames.app3dmodelling) AudioTrack identical 18 lines
2022-12-27 10:26:01.225 22113-22202 AudioTrack              pid-22113                            V  obtainBuffer(192) returned 192 = 192 + 0 err 0
2022-12-27 10:26:01.229 22113-22202 AudioTrack              pid-22113                            V  obtainBuffer(192) returned 192 = 128 + 64 err 0
2022-12-27 10:26:01.229 22113-22202 AudioTrack              pid-22113                            V  obtainBuffer(64) returned 64 = 64 + 0 err 0
2022-12-27 10:26:01.233 22113-22202 AudioTrack              pid-22113                            V  obtainBuffer(192) returned 192 = 192 + 0 err 0
2022-12-27 10:26:01.244 22113-22113 InputEventReceiver      pid-22113                            W  Slow Input: 444ms so far, now at dispatchInputEvent (MotionEvent: event_seq=6518, seq=684206, action=ACTION_DOWN)
2022-12-27 10:26:01.245 22113-22113 InputEventReceiver      pid-22113                            W  Slow Input: 394ms so far, now at dispatchInputEvent (MotionEvent: event_seq=6520, seq=684208, action=ACTION_UP)
2022-12-27 10:26:01.241 22113-22202 chatty                  pid-22113                            I  uid=10213(com.inforcegames.app3dmodelling) AudioTrack identical 2 lines
2022-12-27 10:26:01.245 22113-22202 AudioTrack              pid-22113                            V  obtainBuffer(192) returned 192 = 192 + 0 err 0
2022-12-27 10:26:01.247 24781-24861 TemplateUpdateService   pid-24781                            V   scheduleUpdateJob false
2022-12-27 10:26:01.249 22113-22202 AudioTrack              pid-22113                            V  obtainBuffer(192) returned 192 = 192 + 0 err 0
2022-12-27 10:26:01.253 22113-22202 AudioTrack              pid-22113                            V  obtainBuffer(192) returned 192 = 192 + 0 err 0
2022-12-27 10:26:01.253 24781-24861 TemplateUpdateService   pid-24781                            I  scheduleJob(): schedule(job:1/com.android.mms/com.miui.smsextra.service.TemplateUpdateService)
2022-12-27 10:26:01.257 22113-22202 AudioTrack              pid-22113                            V  obtainBuffer(192) returned 192 = 192 + 0 err 0
2022-12-27 10:26:01.263 22113-22113 Looper                  pid-22113                            W  Slow Looper main: doFrame is 447ms late because of 7 msg, msg 1 took 344ms (late=140ms h=android.view.Choreographer$FrameHandler c=android.view.Choreographer$FrameDisplayEventReceiver)
2022-12-27 10:26:01.261 22113-22202 chatty                  pid-22113                            I  uid=10213(com.inforcegames.app3dmodelling) AudioTrack identical 1 line
2022-12-27 10:26:01.265 22113-22202 AudioTrack              pid-22113                            V  obtainBuffer(192) returned 192 = 192 + 0 err 0
2022-12-27 10:26:01.266   688-944   audio_hw_spkr_prot      pid-688                              D  audio_extn_fbsp_get_parameters: Speaker protection disabled
2022-12-27 10:26:01.266   688-944   audio_hw_extn           pid-688                              D  audio_extn_get_parameters: returns 
2022-12-27 10:26:01.266   743-15843 hash_map_utils          pid-743                              I  key: 'hifi_mode' value: ''
2022-12-27 10:26:01.268 22113-23029 AudioManager            pid-22113                            D  getStreamVolume isRestricted mode = 0
2022-12-27 10:26:01.268 22113-22202 AudioTrack              pid-22113                            V  obtainBuffer(192) returned 192 = 192 + 0 err 0
2022-12-27 10:26:01.271   688-944   audio_hw_spkr_prot      pid-688                              D  audio_extn_fbsp_get_parameters: Speaker protection disabled
2022-12-27 10:26:01.272   688-944   audio_hw_extn           pid-688                              D  audio_extn_get_parameters: returns 
2022-12-27 10:26:01.272   743-15843 hash_map_utils          pid-743                              I  key: 'hifi_mode' value: ''
2022-12-27 10:26:01.273 22113-22202 AudioTrack              pid-22113                            V  obtainBuffer(192) returned 192 = 64 + 128 err 0
2022-12-27 10:26:01.273 22113-22202 AudioTrack              pid-22113                            V  obtainBuffer(128) returned 128 = 128 + 0 err 0
2022-12-27 10:26:01.277 22113-22202 AudioTrack              pid-22113                            V  obtainBuffer(192) returned 192 = 192 + 0 err 0
2022-12-27 10:26:01.281 22113-22202 AudioTrack              pid-22113                            V  obtainBuffer(192) returned 192 = 192 + 0 err 0
2022-12-27 10:26:01.282   688-944   audio_hw_spkr_prot      pid-688                              D  audio_extn_fbsp_get_parameters: Speaker protection disabled
2022-12-27 10:26:01.282   688-944   audio_hw_extn           pid-688                              D  audio_extn_get_parameters: returns 
2022-12-27 10:26:01.283   743-15843 hash_map_utils          pid-743                              I  key: 'hifi_mode' value: ''
2022-12-27 10:26:01.284 22113-24799 AudioManager            pid-22113                            D  getStreamVolume isRestricted mode = 0
2022-12-27 10:26:01.285 22113-22202 AudioTrack              pid-22113                            V  obtainBuffer(192) returned 192 = 192 + 0 err 0
2022-12-27 10:26:01.286   688-944   audio_hw_spkr_prot      pid-688                              D  audio_extn_fbsp_get_parameters: Speaker protection disabled
2022-12-27 10:26:01.286   688-944   audio_hw_extn           pid-688                              D  audio_extn_get_parameters: returns 
2022-12-27 10:26:01.287   743-15843 hash_map_utils          pid-743                              I  key: 'hifi_mode' value: ''
2022-12-27 10:26:01.289 22113-22202 AudioTrack              pid-22113                            V  obtainBuffer(192) returned 192 = 192 + 0 err 0
2022-12-27 10:26:01.293 22113-22202 AudioTrack              pid-22113                            V  obtainBuffer(192) returned 192 = 192 + 0 err 0
2022-12-27 10:26:01.296 15703-15703 GoogleInpu...hodService pid-15703                            I  GoogleInputMethodService.onTrimMemory():4406 onTrimMemory(): 15
2022-12-27 10:26:01.297 22113-22202 AudioTrack              pid-22113                            V  obtainBuffer(192) returned 192 = 192 + 0 err 0
2022-12-27 10:26:01.309 22113-22202 chatty                  pid-22113                            I  uid=10213(com.inforcegames.app3dmodelling) AudioTrack identical 3 lines
2022-12-27 10:26:01.312 22113-22202 AudioTrack              pid-22113                            V  obtainBuffer(192) returned 192 = 192 + 0 err 0
2022-12-27 10:26:01.314  1302-1462  ThermalEngine           pid-1302                             D  sensor_wait: msm_therm Wait done.
2022-12-27 10:26:01.315  1302-1462  ThermalEngine           pid-1302                             D  sensor_monitor: msm_therm Reading 38000 .
2022-12-27 10:26:01.315  1302-1462  ThermalEngine           pid-1302                             I  Sensor:msm_therm:38000 mC
2022-12-27 10:26:01.315  1302-1462  ThermalEngine           pid-1302                             D  update_active_thresh: msm_therm Active(1), Hi(1) 44000, Lo(0) -2147483648, desc(0) Interval(1) 1000
2022-12-27 10:26:01.315  1302-1462  ThermalEngine           pid-1302                             D  sensor_monitor: msm_therm Sensor wait.
2022-12-27 10:26:01.315  1302-1462  ThermalEngine           pid-1302                             D  sensor_wait: msm_therm Wait start. 1000ms
2022-12-27 10:26:01.316 22113-22202 AudioTrack              pid-22113                            V  obtainBuffer(192) returned 192 = 192 + 0 err 0
2022-12-27 10:26:01.324 22113-22202 chatty                  pid-22113                            I  uid=10213(com.inforcegames.app3dmodelling) AudioTrack identical 2 lines
2022-12-27 10:26:01.328 22113-22202 AudioTrack              pid-22113                            V  obtainBuffer(192) returned 192 = 192 + 0 err 0
2022-12-27 10:26:01.329  1302-1463  ThermalEngine           pid-1302                             D  sensor_wait: quiet_therm Wait done.
2022-12-27 10:26:01.331  1302-1463  ThermalEngine           pid-1302                             D  sensor_monitor: quiet_therm Reading 35000 .
2022-12-27 10:26:01.331  1302-1463  ThermalEngine           pid-1302                             I  Sensor:quiet_therm:35000 mC
2022-12-27 10:26:01.331  1302-1463  ThermalEngine           pid-1302                             D  update_active_thresh: quiet_therm Active(1), Hi(1) 40000, Lo(0) -2147483648, desc(0) Interval(1) 1000
2022-12-27 10:26:01.331  1302-1463  ThermalEngine           pid-1302                             D  sensor_monitor: quiet_therm Sensor wait.
2022-12-27 10:26:01.331  1302-1463  ThermalEngine           pid-1302                             D  sensor_wait: quiet_therm Wait start. 1000ms
2022-12-27 10:26:01.333 22113-22202 AudioTrack              pid-22113                            V  obtainBuffer(192) returned 192 = 192 + 0 err 0
2022-12-27 10:26:01.348 22113-22202 chatty                  pid-22113                            I  uid=10213(com.inforcegames.app3dmodelling) AudioTrack identical 4 lines
2022-12-27 10:26:01.352 22113-22202 AudioTrack              pid-22113                            V  obtainBuffer(192) returned 192 = 192 + 0 err 0
2022-12-27 10:26:01.356 22113-22202 AudioTrack              pid-22113                            V  obtainBuffer(192) returned 192 = 128 + 64 err 0
2022-12-27 10:26:01.357 22113-22202 AudioTrack              pid-22113                            V  obtainBuffer(64) returned 64 = 64 + 0 err 0
2022-12-27 10:26:01.361 22113-22202 AudioTrack              pid-22113                            V  obtainBuffer(192) returned 192 = 192 + 0 err 0
2022-12-27 10:26:01.373 22113-22202 chatty                  pid-22113                            I  uid=10213(com.inforcegames.app3dmodelling) AudioTrack identical 3 lines
2022-12-27 10:26:01.377 22113-22202 AudioTrack              pid-22113                            V  obtainBuffer(192) returned 192 = 192 + 0 err 0
2022-12-27 10:26:01.378   688-944   audio_hw_spkr_prot      pid-688                              D  audio_extn_fbsp_get_parameters: Speaker protection disabled
2022-12-27 10:26:01.378   688-944   audio_hw_extn           pid-688                              D  audio_extn_get_parameters: returns 
2022-12-27 10:26:01.378   743-15843 hash_map_utils          pid-743                              I  key: 'hifi_mode' value: ''
2022-12-27 10:26:01.380 22113-23029 AudioManager            pid-22113                            D  getStreamVolume isRestricted mode = 0
2022-12-27 10:26:01.381 22113-22202 AudioTrack              pid-22113                            V  obtainBuffer(192) returned 192 = 192 + 0 err 0
2022-12-27 10:26:01.381   688-944   audio_hw_spkr_prot      pid-688                              D  audio_extn_fbsp_get_parameters: Speaker protection disabled
2022-12-27 10:26:01.381   688-944   audio_hw_extn           pid-688                              D  audio_extn_get_parameters: returns 
2022-12-27 10:26:01.382   743-15843 hash_map_utils          pid-743                              I  key: 'hifi_mode' value: ''
2022-12-27 10:26:01.384 22113-22202 AudioTrack              pid-22113                            V  obtainBuffer(192) returned 192 = 192 + 0 err 0
2022-12-27 10:26:01.392 22113-22202 chatty                  pid-22113                            I  uid=10213(com.inforcegames.app3dmodelling) AudioTrack identical 2 lines
2022-12-27 10:26:01.396 22113-22202 AudioTrack              pid-22113                            V  obtainBuffer(192) returned 192 = 192 + 0 err 0
2022-12-27 10:26:01.401 22113-22202 AudioTrack              pid-22113                            V  obtainBuffer(192) returned 192 = 64 + 128 err 0
2022-12-27 10:26:01.401 22113-22202 AudioTrack              pid-22113                            V  obtainBuffer(128) returned 128 = 128 + 0 err 0
2022-12-27 10:26:01.405 22113-22202 AudioTrack              pid-22113                            V  obtainBuffer(192) returned 192 = 192 + 0 err 0
2022-12-27 10:26:01.409 22113-22202 AudioTrack              pid-22113                            V  obtainBuffer(192) returned 192 = 192 + 0 err 0
2022-12-27 10:26:01.411 22409-22488 chromium                pid-22409                            E  [ERROR:tile_manager.cc(826)] WARNING: tile memory limits exceeded, some content may not draw
2022-12-27 10:26:01.413 22113-22202 AudioTrack              pid-22113                            V  obtainBuffer(192) returned 192 = 192 + 0 err 0
2022-12-27 10:26:01.417 22113-22202 AudioTrack              pid-22113                            V  obtainBuffer(192) returned 192 = 192 + 0 err 0
2022-12-27 10:26:01.418 24781-24858 CloudTelephonyManager   pid-24781                            V  phone type: 1
2022-12-27 10:26:01.420 22409-22488 chromium                pid-22409                            E  [ERROR:tile_manager.cc(826)] WARNING: tile memory limits exceeded, some content may not draw
2022-12-27 10:26:01.421 22113-22202 AudioTrack              pid-22113                            V  obtainBuffer(192) returned 192 = 192 + 0 err 0
2022-12-27 10:26:01.423   688-944   audio_hw_spkr_prot      pid-688                              D  audio_extn_fbsp_get_parameters: Speaker protection disabled
2022-12-27 10:26:01.423   688-944   audio_hw_extn           pid-688                              D  audio_extn_get_parameters: returns 
2022-12-27 10:26:01.423   743-15843 hash_map_utils          pid-743                              I  key: 'hifi_mode' value: ''
2022-12-27 10:26:01.425 22113-22202 AudioTrack              pid-22113                            V  obtainBuffer(192) returned 192 = 192 + 0 err 0
2022-12-27 10:26:01.429 22113-22202 AudioTrack              pid-22113                            V  obtainBuffer(192) returned 192 = 192 + 0 err 0
2022-12-27 10:26:01.429 22113-23029 AudioManager            pid-22113                            D  getStreamVolume isRestricted mode = 0
2022-12-27 10:26:01.433 22113-22202 AudioTrack              pid-22113                            V  obtainBuffer(192) returned 192 = 192 + 0 err 0
2022-12-27 10:26:01.437 22113-22202 AudioTrack              pid-22113                            V  obtainBuffer(192) returned 192 = 192 + 0 err 0
2022-12-27 10:26:01.439   688-944   audio_hw_spkr_prot      pid-688                              D  audio_extn_fbsp_get_parameters: Speaker protection disabled
2022-12-27 10:26:01.439   688-944   audio_hw_extn           pid-688                              D  audio_extn_get_parameters: returns 
2022-12-27 10:26:01.439   743-15843 hash_map_utils          pid-743                              I  key: 'hifi_mode' value: ''
2022-12-27 10:26:01.441 22113-22202 AudioTrack              pid-22113                            V  obtainBuffer(192) returned 192 = 192 + 0 err 0
2022-12-27 10:26:01.449 22113-22202 chatty                  pid-22113                            I  uid=10213(com.inforcegames.app3dmodelling) AudioTrack identical 2 lines
2022-12-27 10:26:01.453 22113-22202 AudioTrack              pid-22113                            V  obtainBuffer(192) returned 192 = 192 + 0 err 0
2022-12-27 10:26:01.455   688-944   audio_hw_spkr_prot      pid-688                              D  audio_extn_fbsp_get_parameters: Speaker protection disabled
2022-12-27 10:26:01.455   688-944   audio_hw_extn           pid-688                              D  audio_extn_get_parameters: returns 
2022-12-27 10:26:01.456   743-15843 hash_map_utils          pid-743                              I  key: 'hifi_mode' value: ''
2022-12-27 10:26:01.456 22113-22202 AudioTrack              pid-22113                            V  obtainBuffer(192) returned 192 = 192 + 0 err 0
2022-12-27 10:26:01.460 22113-22202 AudioTrack              pid-22113                            V  obtainBuffer(192) returned 192 = 192 + 0 err 0
2022-12-27 10:26:01.461 22113-23558 AudioManager            pid-22113                            D  getStreamVolume isRestricted mode = 0
2022-12-27 10:26:01.463 10811-10811 tycenter.remot          pid-10811                            W  Long monitor contention with owner BatteryHistoryManager (10971) at android.content.res.Resources android.app.ResourcesManager.getOrCreateResources(android.os.IBinder, android.content.res.ResourcesKey, java.lang.ClassLoader)(ResourcesManager.java:741) waiters=0 in java.util.ArrayList android.app.ActivityThread.collectComponentCallbacks(boolean, android.content.res.Configuration) for 518ms
2022-12-27 10:26:01.465 22113-22202 AudioTrack              pid-22113                            V  obtainBuffer(192) returned 192 = 192 + 0 err 0
2022-12-27 10:26:01.469 22113-22202 AudioTrack              pid-22113                            V  obtainBuffer(192) returned 192 = 192 + 0 err 0
2022-12-27 10:26:01.469   688-944   audio_hw_spkr_prot      pid-688                              D  audio_extn_fbsp_get_parameters: Speaker protection disabled
2022-12-27 10:26:01.469   688-944   audio_hw_extn           pid-688                              D  audio_extn_get_parameters: returns 
2022-12-27 10:26:01.469   743-15843 hash_map_utils          pid-743                              I  key: 'hifi_mode' value: ''
2022-12-27 10:26:01.473 22113-22202 AudioTrack              pid-22113                            V  obtainBuffer(192) returned 192 = 192 + 0 err 0
2022-12-27 10:26:01.477 22113-22202 chatty                  pid-22113                            I  uid=10213(com.inforcegames.app3dmodelling) AudioTrack identical 1 line
2022-12-27 10:26:01.481 22113-22202 AudioTrack              pid-22113                            V  obtainBuffer(192) returned 192 = 192 + 0 err 0
2022-12-27 10:26:01.485 22113-22202 AudioTrack              pid-22113                            V  obtainBuffer(192) returned 192 = 128 + 64 err 0
2022-12-27 10:26:01.485 22113-22202 AudioTrack              pid-22113                            V  obtainBuffer(64) returned 64 = 64 + 0 err 0
2022-12-27 10:26:01.486 24781-24858 AdaptO                  pid-24781                            D  start from background: com.xiaomi.mms.mx.ACTION_START_TRACK|null
2022-12-27 10:26:01.488 22113-22202 AudioTrack              pid-22113                            V  obtainBuffer(192) returned 192 = 192 + 0 err 0
2022-12-27 10:26:01.492 22113-22202 AudioTrack              pid-22113                            V  obtainBuffer(192) returned 192 = 192 + 0 err 0
2022-12-27 10:26:01.494 22409-22488 chromium                pid-22409                            E  [ERROR:tile_manager.cc(826)] WARNING: tile memory limits exceeded, some content may not draw
2022-12-27 10:26:01.494 22409-22488 chromium                pid-22409                            E  [ERROR:tile_manager.cc(826)] WARNING: tile memory limits exceeded, some content may not draw
2022-12-27 10:26:01.497 22113-22202 AudioTrack              pid-22113                            V  obtainBuffer(192) returned 192 = 192 + 0 err 0
2022-12-27 10:26:01.500  2280-3804  CompatibilityInfo       pid-2280                             D  mCompatibilityFlags - 0
2022-12-27 10:26:01.500  2280-3804  CompatibilityInfo       pid-2280                             D  applicationDensity - 440
2022-12-27 10:26:01.500  2280-3804  CompatibilityInfo       pid-2280                             D  applicationScale - 1.0
2022-12-27 10:26:01.501 22113-22202 AudioTrack              pid-22113                            V  obtainBuffer(192) returned 192 = 192 + 0 err 0
2022-12-27 10:26:01.503   743-15843 APM_AudioPolicyManager  pid-743                              V  AudioPolicyManager:setRecordSilenced(uid:10023, silenced:0)
2022-12-27 10:26:01.503   743-15843 AudioFlinger            pid-743                              V  AudioFlinger::setRecordSilenced(uid:10023, silenced:0)
2022-12-27 10:26:01.505 22113-22202 AudioTrack              pid-22113                            V  obtainBuffer(192) returned 192 = 192 + 0 err 0
2022-12-27 10:26:01.521 22113-22202 chatty                  pid-22113                            I  uid=10213(com.inforcegames.app3dmodelling) AudioTrack identical 4 lines
2022-12-27 10:26:01.525 22113-22202 AudioTrack              pid-22113                            V  obtainBuffer(192) returned 192 = 192 + 0 err 0
2022-12-27 10:26:01.528 22113-22202 AudioTrack              pid-22113                            V  obtainBuffer(192) returned 192 = 64 + 128 err 0
2022-12-27 10:26:01.529 22113-22202 AudioTrack              pid-22113                            V  obtainBuffer(128) returned 128 = 128 + 0 err 0
2022-12-27 10:26:01.532 24862-24862 Perf                    pid-24862                            I  Connecting to perf service.
2022-12-27 10:26:01.533 22113-22202 AudioTrack              pid-22113                            V  obtainBuffer(192) returned 192 = 192 + 0 err 0
2022-12-27 10:26:01.537 22113-22202 chatty                  pid-22113                            I  uid=10213(com.inforcegames.app3dmodelling) AudioTrack identical 1 line
2022-12-27 10:26:01.540 22113-22202 AudioTrack              pid-22113                            V  obtainBuffer(192) returned 192 = 192 + 0 err 0
2022-12-27 10:26:01.542  2853-3011  MmsSmsUtils             pid-2853                             V  checkPrivateMsgWhiteList time is 1
2022-12-27 10:26:01.545 22113-22202 AudioTrack              pid-22113                            V  obtainBuffer(192) returned 192 = 192 + 0 err 0
2022-12-27 10:26:01.555  2280-2294  ActivityManager         pid-2280                             V  Attempted to start a foreground service (ComponentInfo{com.android.mms/com.xiaomi.mms.transaction.MxMessageTrackService}) with a broken notification (no icon: Notification(channel=Mms_Default pri=0 contentView=null vibrate=null sound=null defaults=0x0 flags=0x40 color=0x00000000 groupKey=mms_foreground_service_group vis=PRIVATE))
2022-12-27 10:26:01.573 22113-22202 chatty                  pid-22113                            I  uid=10213(com.inforcegames.app3dmodelling) AudioTrack identical 7 lines
2022-12-27 10:26:01.577 22113-22202 AudioTrack              pid-22113                            V  obtainBuffer(192) returned 192 = 192 + 0 err 0
2022-12-27 10:26:01.579  2853-3011  MmsSmsUtils             pid-2853                             V  checkPrivateMsgWhiteList time is 1
2022-12-27 10:26:01.581 22113-22202 AudioTrack              pid-22113                            V  obtainBuffer(192) returned 192 = 192 + 0 err 0
2022-12-27 10:26:01.585 22113-22202 AudioTrack              pid-22113                            V  obtainBuffer(192) returned 192 = 192 + 0 err 0
2022-12-27 10:26:01.587 24781-24914 <no-tag>                pid-24781                            V  MxMessageTrackService, start service, action: ACTION_START_TRACK
2022-12-27 10:26:01.589 22113-22202 AudioTrack              pid-22113                            V  obtainBuffer(192) returned 192 = 192 + 0 err 0
2022-12-27 10:26:01.593 22113-22202 chatty                  pid-22113                            I  uid=10213(com.inforcegames.app3dmodelling) AudioTrack identical 1 line
2022-12-27 10:26:01.597 22113-22202 AudioTrack              pid-22113                            V  obtainBuffer(192) returned 192 = 192 + 0 err 0
2022-12-27 10:26:01.600  2853-3011  MmsSmsUtils             pid-2853                             V  checkPrivateMsgWhiteList time is 0
2022-12-27 10:26:01.601 22113-22202 AudioTrack              pid-22113                            V  obtainBuffer(192) returned 192 = 192 + 0 err 0
2022-12-27 10:26:01.605 22113-22202 AudioTrack              pid-22113                            V  obtainBuffer(192) returned 192 = 192 + 0 err 0
2022-12-27 10:26:01.606 22409-22488 chromium                pid-22409                            E  [ERROR:tile_manager.cc(826)] WARNING: tile memory limits exceeded, some content may not draw
2022-12-27 10:26:01.606 22409-22488 chromium                pid-22409                            E  [ERROR:tile_manager.cc(826)] WARNING: tile memory limits exceeded, some content may not draw
2022-12-27 10:26:01.609 22113-22202 AudioTrack              pid-22113                            V  obtainBuffer(192) returned 192 = 192 + 0 err 0
2022-12-27 10:26:01.613 22113-22202 AudioTrack              pid-22113                            V  obtainBuffer(192) returned 192 = 128 + 64 err 0
2022-12-27 10:26:01.613 22113-22202 AudioTrack              pid-22113                            V  obtainBuffer(64) returned 64 = 64 + 0 err 0
2022-12-27 10:26:01.617 22113-22202 AudioTrack              pid-22113                            V  obtainBuffer(192) returned 192 = 192 + 0 err 0
2022-12-27 10:26:01.619 24781-24914 <no-tag>                pid-24781                            V  MxMessageTrackService, query sms msg size not delivered: 0
2022-12-27 10:26:01.621 22113-22202 AudioTrack              pid-22113                            V  obtainBuffer(192) returned 192 = 192 + 0 err 0
2022-12-27 10:26:01.625 22113-22202 chatty                  pid-22113                            I  uid=10213(com.inforcegames.app3dmodelling) AudioTrack identical 1 line
2022-12-27 10:26:01.629 22113-22202 AudioTrack              pid-22113                            V  obtainBuffer(192) returned 192 = 192 + 0 err 0
2022-12-27 10:26:01.631 24781-24914 <no-tag>                pid-24781                            V  MxMessageTrackService, query sms time out count is 0 AND next count is 0
2022-12-27 10:26:01.633 22113-22202 AudioTrack              pid-22113                            V  obtainBuffer(192) returned 192 = 192 + 0 err 0
2022-12-27 10:26:01.637 22113-22202 AudioTrack              pid-22113                            V  obtainBuffer(192) returned 192 = 192 + 0 err 0
2022-12-27 10:26:01.639  2853-3011  MmsSmsUtils             pid-2853                             V  checkPrivateMsgWhiteList time is 0
2022-12-27 10:26:01.641 22113-22202 AudioTrack              pid-22113                            V  obtainBuffer(192) returned 192 = 192 + 0 err 0
2022-12-27 10:26:01.645 22113-22202 AudioTrack              pid-22113                            V  obtainBuffer(192) returned 192 = 192 + 0 err 0
2022-12-27 10:26:01.647 22409-22488 chromium                pid-22409                            E  [ERROR:tile_manager.cc(826)] WARNING: tile memory limits exceeded, some content may not draw
2022-12-27 10:26:01.649 22113-22202 AudioTrack              pid-22113                            V  obtainBuffer(192) returned 192 = 192 + 0 err 0
2022-12-27 10:26:01.653 22113-22202 AudioTrack              pid-22113                            V  obtainBuffer(192) returned 192 = 192 + 0 err 0
2022-12-27 10:26:01.654 24781-24914 <no-tag>                pid-24781                            V  MxMessageTrackService, query mms msg size not delivered: 0
2022-12-27 10:26:01.655 22409-22488 chromium                pid-22409                            E  [ERROR:tile_manager.cc(826)] WARNING: tile memory limits exceeded, some content may not draw
2022-12-27 10:26:01.657 22113-22202 AudioTrack              pid-22113                            V  obtainBuffer(192) returned 192 = 64 + 128 err 0
2022-12-27 10:26:01.657 22113-22202 AudioTrack              pid-22113                            V  obtainBuffer(128) returned 128 = 128 + 0 err 0
2022-12-27 10:26:01.658 24781-24914 <no-tag>                pid-24781                            V  MxMessageTrackService, query mms time out count is 0 AND next count is 0
2022-12-27 10:26:01.661 22113-22202 AudioTrack              pid-22113                            V  obtainBuffer(192) returned 192 = 192 + 0 err 0
2022-12-27 10:26:01.693 22113-22202 chatty                  pid-22113                            I  uid=10213(com.inforcegames.app3dmodelling) AudioTrack identical 8 lines
2022-12-27 10:26:01.696 22113-22202 AudioTrack              pid-22113                            V  obtainBuffer(192) returned 192 = 192 + 0 err 0
2022-12-27 10:26:01.698  2853-3011  MmsSmsUtils             pid-2853                             V  checkPrivateMsgWhiteList time is 0
2022-12-27 10:26:01.701 22113-22202 AudioTrack              pid-22113                            V  obtainBuffer(192) returned 192 = 192 + 0 err 0
2022-12-27 10:26:01.729 22113-22202 chatty                  pid-22113                            I  uid=10213(com.inforcegames.app3dmodelling) AudioTrack identical 7 lines
2022-12-27 10:26:01.732 22113-22202 AudioTrack              pid-22113                            V  obtainBuffer(192) returned 192 = 192 + 0 err 0
2022-12-27 10:26:01.735  2853-3011  MmsSmsUtils             pid-2853                             V  checkPrivateMsgWhiteList time is 1
2022-12-27 10:26:01.737 22113-22202 AudioTrack              pid-22113                            V  obtainBuffer(192) returned 192 = 192 + 0 err 0
2022-12-27 10:26:01.741 22113-22202 AudioTrack              pid-22113                            V  obtainBuffer(192) returned 192 = 128 + 64 err 0
2022-12-27 10:26:01.741 22113-22202 AudioTrack              pid-22113                            V  obtainBuffer(64) returned 64 = 64 + 0 err 0
2022-12-27 10:26:01.745 22113-22202 AudioTrack              pid-22113                            V  obtainBuffer(192) returned 192 = 192 + 0 err 0
2022-12-27 10:26:01.752 22113-22202 chatty                  pid-22113                            I  uid=10213(com.inforcegames.app3dmodelling) AudioTrack identical 2 lines
2022-12-27 10:26:01.757 22113-22202 AudioTrack              pid-22113                            V  obtainBuffer(192) returned 192 = 192 + 0 err 0
2022-12-27 10:26:01.759 24862-24862 cr_SplitCompatApp       pid-24862                            I  Launched version=108.0.5359.128 minSdkVersion=24 isBundle=true processName=com.android.chrome isIsolated=false
2022-12-27 10:26:01.761 22113-22202 AudioTrack              pid-22113                            V  obtainBuffer(192) returned 192 = 192 + 0 err 0
2022-12-27 10:26:01.765 22113-22202 chatty                  pid-22113                            I  uid=10213(com.inforcegames.app3dmodelling) AudioTrack identical 1 line
2022-12-27 10:26:01.769 22113-22202 AudioTrack              pid-22113                            V  obtainBuffer(192) returned 192 = 192 + 0 err 0
2022-12-27 10:26:01.770   688-944   audio_hw_spkr_prot      pid-688                              D  audio_extn_fbsp_get_parameters: Speaker protection disabled
2022-12-27 10:26:01.770   688-944   audio_hw_extn           pid-688                              D  audio_extn_get_parameters: returns 
2022-12-27 10:26:01.771   743-15843 hash_map_utils          pid-743                              I  key: 'hifi_mode' value: ''
2022-12-27 10:26:01.773 22113-22202 AudioTrack              pid-22113                            V  obtainBuffer(192) returned 192 = 192 + 0 err 0
2022-12-27 10:26:01.773 22113-22550 AudioManager            pid-22113                            D  getStreamVolume isRestricted mode = 0
2022-12-27 10:26:01.776   688-944   audio_hw_spkr_prot      pid-688                              D  audio_extn_fbsp_get_parameters: Speaker protection disabled
2022-12-27 10:26:01.776   688-944   audio_hw_extn           pid-688                              D  audio_extn_get_parameters: returns 
2022-12-27 10:26:01.777 22113-22202 AudioTrack              pid-22113                            V  obtainBuffer(192) returned 192 = 192 + 0 err 0
2022-12-27 10:26:01.777   743-15843 hash_map_utils          pid-743                              I  key: 'hifi_mode' value: ''
2022-12-27 10:26:01.781 22113-22202 AudioTrack              pid-22113                            V  obtainBuffer(192) returned 192 = 192 + 0 err 0
2022-12-27 10:26:01.785 22113-22202 AudioTrack              pid-22113                            V  obtainBuffer(192) returned 192 = 64 + 128 err 0
