2022-12-27 10:26:03.333 22113-22202 AudioTrack              pid-22113                            V  obtainBuffer(192) returned 192 = 192 + 0 err 0
2022-12-27 10:26:03.334  1302-1463  ThermalEngine           pid-1302                             D  sensor_monitor: quiet_therm Reading 36000 .
2022-12-27 10:26:03.334  1302-1463  ThermalEngine           pid-1302                             I  Sensor:quiet_therm:36000 mC
2022-12-27 10:26:03.334  1302-1463  ThermalEngine           pid-1302                             D  update_active_thresh: quiet_therm Active(1), Hi(1) 40000, Lo(0) -2147483648, desc(0) Interval(1) 1000
2022-12-27 10:26:03.334  1302-1463  ThermalEngine           pid-1302                             D  sensor_monitor: quiet_therm Sensor wait.
2022-12-27 10:26:03.334  1302-1463  ThermalEngine           pid-1302                             D  sensor_wait: quiet_therm Wait start. 1000ms
2022-12-27 10:26:03.337 22113-22202 AudioTrack              pid-22113                            V  obtainBuffer(192) returned 192 = 192 + 0 err 0
2022-12-27 10:26:03.341 22113-22202 chatty                  pid-22113                            I  uid=10213(com.inforcegames.app3dmodelling) AudioTrack identical 1 line
2022-12-27 10:26:03.345 22113-22202 AudioTrack              pid-22113                            V  obtainBuffer(192) returned 192 = 192 + 0 err 0
2022-12-27 10:26:03.346 24862-24862 cr_SmsProviderGms       pid-24862                            I  construction successfull Yc3@3ef67a7, Vc3@ae3454
2022-12-27 10:26:03.349 22113-22202 AudioTrack              pid-22113                            V  obtainBuffer(192) returned 192 = 192 + 0 err 0
2022-12-27 10:26:03.369 22113-22202 chatty                  pid-22113                            I  uid=10213(com.inforcegames.app3dmodelling) AudioTrack identical 5 lines
2022-12-27 10:26:03.373 22113-22202 AudioTrack              pid-22113                            V  obtainBuffer(192) returned 192 = 192 + 0 err 0
2022-12-27 10:26:03.374  2280-6954  CompatibilityInfo       pid-2280                             D  mCompatibilityFlags - 0
2022-12-27 10:26:03.374  2280-6954  CompatibilityInfo       pid-2280                             D  applicationDensity - 440
2022-12-27 10:26:03.374  2280-6954  CompatibilityInfo       pid-2280                             D  applicationScale - 1.0
2022-12-27 10:26:03.377 22113-22202 AudioTrack              pid-22113                            V  obtainBuffer(192) returned 192 = 192 + 0 err 0
2022-12-27 10:26:03.385 22113-22202 chatty                  pid-22113                            I  uid=10213(com.inforcegames.app3dmodelling) AudioTrack identical 2 lines
2022-12-27 10:26:03.388 22113-22202 AudioTrack              pid-22113                            V  obtainBuffer(192) returned 192 = 192 + 0 err 0
2022-12-27 10:26:03.389   688-944   audio_hw_spkr_prot      pid-688                              D  audio_extn_fbsp_get_parameters: Speaker protection disabled
2022-12-27 10:26:03.389   688-944   audio_hw_extn           pid-688                              D  audio_extn_get_parameters: returns 
2022-12-27 10:26:03.389   743-15843 hash_map_utils          pid-743                              I  key: 'hifi_mode' value: ''
2022-12-27 10:26:03.390 22113-22550 AudioManager            pid-22113                            D  getStreamVolume isRestricted mode = 0
2022-12-27 10:26:03.392   688-944   audio_hw_spkr_prot      pid-688                              D  audio_extn_fbsp_get_parameters: Speaker protection disabled
2022-12-27 10:26:03.392   688-944   audio_hw_extn           pid-688                              D  audio_extn_get_parameters: returns 
2022-12-27 10:26:03.392   743-15843 hash_map_utils          pid-743                              I  key: 'hifi_mode' value: ''
2022-12-27 10:26:03.393 22113-22202 AudioTrack              pid-22113                            V  obtainBuffer(192) returned 192 = 192 + 0 err 0
2022-12-27 10:26:03.397 22113-22202 chatty                  pid-22113                            I  uid=10213(com.inforcegames.app3dmodelling) AudioTrack identical 1 line
2022-12-27 10:26:03.401 22113-22202 AudioTrack              pid-22113                            V  obtainBuffer(192) returned 192 = 192 + 0 err 0
2022-12-27 10:26:03.404 22113-22202 AudioTrack              pid-22113                            V  obtainBuffer(192) returned 192 = 128 + 64 err 0
2022-12-27 10:26:03.405 22113-22202 AudioTrack              pid-22113                            V  obtainBuffer(64) returned 64 = 64 + 0 err 0
2022-12-27 10:26:03.407 24862-24934 InstanceID              pid-24862                            W  Instance ID SDK is deprecated, com.android.chrome should update to use Firebase Instance ID
2022-12-27 10:26:03.407 29504-29504 BoundBrokerSvc          pid-29504                            D  onBind: Intent { act=com.google.android.gms.credential.manager.service.firstparty.START dat=chimera-action: cmp=com.google.android.gms/.chimera.GmsApiService }
2022-12-27 10:26:03.407 29504-29504 BoundBrokerSvc          pid-29504                            D  Loading bound service for intent: Intent { act=com.google.android.gms.credential.manager.service.firstparty.START dat=chimera-action: cmp=com.google.android.gms/.chimera.GmsApiService }
2022-12-27 10:26:03.409 22113-22202 AudioTrack              pid-22113                            V  obtainBuffer(192) returned 192 = 192 + 0 err 0
2022-12-27 10:26:03.440 22113-22202 chatty                  pid-22113                            I  uid=10213(com.inforcegames.app3dmodelling) AudioTrack identical 8 lines
2022-12-27 10:26:03.445 22113-22202 AudioTrack              pid-22113                            V  obtainBuffer(192) returned 192 = 192 + 0 err 0
2022-12-27 10:26:03.449 22113-22202 AudioTrack              pid-22113                            V  obtainBuffer(192) returned 192 = 64 + 128 err 0
2022-12-27 10:26:03.449 22113-22202 AudioTrack              pid-22113                            V  obtainBuffer(128) returned 128 = 128 + 0 err 0
2022-12-27 10:26:03.453 22113-22202 AudioTrack              pid-22113                            V  obtainBuffer(192) returned 192 = 192 + 0 err 0
2022-12-27 10:26:03.497 22113-22202 chatty                  pid-22113                            I  uid=10213(com.inforcegames.app3dmodelling) AudioTrack identical 11 lines
2022-12-27 10:26:03.501 22113-22202 AudioTrack              pid-22113                            V  obtainBuffer(192) returned 192 = 192 + 0 err 0
2022-12-27 10:26:03.503 29504-29504 BoundBrokerSvc          pid-29504                            D  onBind: Intent { act=com.google.android.gms.auth.key.retrieval.service.START dat=chimera-action: cmp=com.google.android.gms/.chimera.GmsApiService }
2022-12-27 10:26:03.503 29504-29504 BoundBrokerSvc          pid-29504                            D  Loading bound service for intent: Intent { act=com.google.android.gms.auth.key.retrieval.service.START dat=chimera-action: cmp=com.google.android.gms/.chimera.GmsApiService }
2022-12-27 10:26:03.504 22113-22202 AudioTrack              pid-22113                            V  obtainBuffer(192) returned 192 = 192 + 0 err 0
2022-12-27 10:26:03.525 22113-22202 chatty                  pid-22113                            I  uid=10213(com.inforcegames.app3dmodelling) AudioTrack identical 5 lines
2022-12-27 10:26:03.529 22113-22202 AudioTrack              pid-22113                            V  obtainBuffer(192) returned 192 = 192 + 0 err 0
2022-12-27 10:26:03.533 22113-22202 AudioTrack              pid-22113                            V  obtainBuffer(192) returned 192 = 128 + 64 err 0
2022-12-27 10:26:03.533 22113-22202 AudioTrack              pid-22113                            V  obtainBuffer(64) returned 64 = 64 + 0 err 0
2022-12-27 10:26:03.537 22113-22202 AudioTrack              pid-22113                            V  obtainBuffer(192) returned 192 = 192 + 0 err 0
2022-12-27 10:26:03.553 22113-22202 chatty                  pid-22113                            I  uid=10213(com.inforcegames.app3dmodelling) AudioTrack identical 4 lines
2022-12-27 10:26:03.557 22113-22202 AudioTrack              pid-22113                            V  obtainBuffer(192) returned 192 = 192 + 0 err 0
2022-12-27 10:26:03.557  2280-6954  CompatibilityInfo       pid-2280                             D  mCompatibilityFlags - 0
2022-12-27 10:26:03.557  2280-6954  CompatibilityInfo       pid-2280                             D  applicationDensity - 440
2022-12-27 10:26:03.558  2280-6954  CompatibilityInfo       pid-2280                             D  applicationScale - 1.0
2022-12-27 10:26:03.561 22113-22202 AudioTrack              pid-22113                            V  obtainBuffer(192) returned 192 = 192 + 0 err 0
2022-12-27 10:26:03.569 22113-22202 chatty                  pid-22113                            I  uid=10213(com.inforcegames.app3dmodelling) AudioTrack identical 2 lines
2022-12-27 10:26:03.573 22113-22202 AudioTrack              pid-22113                            V  obtainBuffer(192) returned 192 = 192 + 0 err 0
2022-12-27 10:26:03.576 22113-22202 AudioTrack              pid-22113                            V  obtainBuffer(192) returned 192 = 64 + 128 err 0
2022-12-27 10:26:03.577 22113-22202 AudioTrack              pid-22113                            V  obtainBuffer(128) returned 128 = 128 + 0 err 0
2022-12-27 10:26:03.581 22113-22202 AudioTrack              pid-22113                            V  obtainBuffer(192) returned 192 = 192 + 0 err 0
2022-12-27 10:26:03.645 22113-22202 chatty                  pid-22113                            I  uid=10213(com.inforcegames.app3dmodelling) AudioTrack identical 16 lines
2022-12-27 10:26:03.649 22113-22202 AudioTrack              pid-22113                            V  obtainBuffer(192) returned 192 = 192 + 0 err 0
2022-12-27 10:26:03.651 24862-24862 cr_KnoxSettingsProvider pid-24862                            W  Permission to read device policy denied.
2022-12-27 10:26:03.653 22113-22202 AudioTrack              pid-22113                            V  obtainBuffer(192) returned 192 = 192 + 0 err 0
2022-12-27 10:26:03.657 22113-22202 AudioTrack              pid-22113                            V  obtainBuffer(192) returned 192 = 192 + 0 err 0
2022-12-27 10:26:03.661 22113-22202 AudioTrack              pid-22113                            V  obtainBuffer(192) returned 192 = 128 + 64 err 0
2022-12-27 10:26:03.661 22113-22202 AudioTrack              pid-22113                            V  obtainBuffer(64) returned 64 = 64 + 0 err 0
2022-12-27 10:26:03.665 22113-22202 AudioTrack              pid-22113                            V  obtainBuffer(192) returned 192 = 192 + 0 err 0
2022-12-27 10:26:03.697 22113-22202 chatty                  pid-22113                            I  uid=10213(com.inforcegames.app3dmodelling) AudioTrack identical 8 lines
2022-12-27 10:26:03.701 22113-22202 AudioTrack              pid-22113                            V  obtainBuffer(192) returned 192 = 192 + 0 err 0
2022-12-27 10:26:03.704 10811-10971 tycenter.remot          pid-10811                            W  Unknown chunk type '200'.
2022-12-27 10:26:03.705 10811-10971 tycenter.remot          pid-10811                            W  Unknown chunk type '200'.
2022-12-27 10:26:03.705 22113-22202 AudioTrack              pid-22113                            V  obtainBuffer(192) returned 192 = 64 + 128 err 0
2022-12-27 10:26:03.705 22113-22202 AudioTrack              pid-22113                            V  obtainBuffer(128) returned 128 = 128 + 0 err 0
2022-12-27 10:26:03.709 22113-22202 AudioTrack              pid-22113                            V  obtainBuffer(192) returned 192 = 192 + 0 err 0
2022-12-27 10:26:03.712 22113-22202 AudioTrack              pid-22113                            V  obtainBuffer(192) returned 192 = 192 + 0 err 0
2022-12-27 10:26:03.715 10811-10971 tycenter.remot          pid-10811                            W  Unknown chunk type '200'.
2022-12-27 10:26:03.716 22113-22202 AudioTrack              pid-22113                            V  obtainBuffer(192) returned 192 = 192 + 0 err 0
2022-12-27 10:26:03.724 22113-22202 chatty                  pid-22113                            I  uid=10213(com.inforcegames.app3dmodelling) AudioTrack identical 2 lines
2022-12-27 10:26:03.729 22113-22202 AudioTrack              pid-22113                            V  obtainBuffer(192) returned 192 = 192 + 0 err 0
2022-12-27 10:26:03.729 24862-24901 cr_ChromeBackupAgent    pid-24862                            I  Can't read backup status file
2022-12-27 10:26:03.732 22113-22202 AudioTrack              pid-22113                            V  obtainBuffer(192) returned 192 = 192 + 0 err 0
2022-12-27 10:26:03.733 10811-10971 tycenter.remot          pid-10811                            W  Unknown chunk type '200'.
2022-12-27 10:26:03.737 22113-22202 AudioTrack              pid-22113                            V  obtainBuffer(192) returned 192 = 192 + 0 err 0
2022-12-27 10:26:03.741 22113-22202 AudioTrack              pid-22113                            V  obtainBuffer(192) returned 192 = 192 + 0 err 0
2022-12-27 10:26:03.741  2280-2433  Ethernet                pid-2280                             D  got request NetworkRequest [ TRACK_DEFAULT id=1676, [ Capabilities: INTERNET&NOT_RESTRICTED&TRUSTED Unwanted:  Uid: 10107] ] with score 60
2022-12-27 10:26:03.741  2280-2379  WIFI                    pid-2280                             D  got request NetworkRequest [ TRACK_DEFAULT id=1676, [ Capabilities: INTERNET&NOT_RESTRICTED&TRUSTED Unwanted:  Uid: 10107] ] with score 60
2022-12-27 10:26:03.741  2280-2379  WIFI_UT                 pid-2280                             D  got request NetworkRequest [ TRACK_DEFAULT id=1676, [ Capabilities: INTERNET&NOT_RESTRICTED&TRUSTED Unwanted:  Uid: 10107] ] with score 60
2022-12-27 10:26:03.741  2853-2853  PhoneSwitc...stListener pid-2853                             D  got request NetworkRequest [ TRACK_DEFAULT id=1676, [ Capabilities: INTERNET&NOT_RESTRICTED&TRUSTED Unwanted:  Uid: 10107] ] with score 60
2022-12-27 10:26:03.745 22113-22202 AudioTrack              pid-22113                            V  obtainBuffer(192) returned 192 = 192 + 0 err 0
2022-12-27 10:26:03.748 22113-22202 AudioTrack              pid-22113                            V  obtainBuffer(192) returned 192 = 192 + 0 err 0
2022-12-27 10:26:03.751 24862-24901 cr_ChromeBackupAgent    pid-24862                            I  Backup complete
2022-12-27 10:26:03.753 22113-22202 AudioTrack              pid-22113                            V  obtainBuffer(192) returned 192 = 192 + 0 err 0
2022-12-27 10:26:03.780 22113-22202 chatty                  pid-22113                            I  uid=10213(com.inforcegames.app3dmodelling) AudioTrack identical 7 lines
2022-12-27 10:26:03.785 22113-22202 AudioTrack              pid-22113                            V  obtainBuffer(192) returned 192 = 192 + 0 err 0
2022-12-27 10:26:03.788 22113-22202 AudioTrack              pid-22113                            V  obtainBuffer(192) returned 192 = 128 + 64 err 0
2022-12-27 10:26:03.789 22113-22202 AudioTrack              pid-22113                            V  obtainBuffer(64) returned 64 = 64 + 0 err 0
2022-12-27 10:26:03.792 22113-22202 AudioTrack              pid-22113                            V  obtainBuffer(192) returned 192 = 192 + 0 err 0
2022-12-27 10:26:03.821 22113-22202 chatty                  pid-22113                            I  uid=10213(com.inforcegames.app3dmodelling) AudioTrack identical 7 lines
2022-12-27 10:26:03.824 22113-22202 AudioTrack              pid-22113                            V  obtainBuffer(192) returned 192 = 192 + 0 err 0
2022-12-27 10:26:03.825  2993-2993  QcrilMsgTu...aceManager pid-2993                             D  handleMessage what = 1
2022-12-27 10:26:03.828  2993-2993  QcrilOemhookMsgTunnel   pid-2993                             I  [0]invokeOemRilRequestRaw: serial=5723 length=24
2022-12-27 10:26:03.828 22113-22202 AudioTrack              pid-22113                            V  obtainBuffer(192) returned 192 = 192 + 0 err 0
2022-12-27 10:26:03.832 22113-22202 AudioTrack              pid-22113                            V  obtainBuffer(192) returned 192 = 64 + 128 err 0
2022-12-27 10:26:03.832 22113-22202 AudioTrack              pid-22113                            V  obtainBuffer(128) returned 128 = 128 + 0 err 0
2022-12-27 10:26:03.836 22113-22202 AudioTrack              pid-22113                            V  obtainBuffer(192) returned 192 = 192 + 0 err 0
2022-12-27 10:26:03.896 22113-22202 chatty                  pid-22113                            I  uid=10213(com.inforcegames.app3dmodelling) AudioTrack identical 15 lines
2022-12-27 10:26:03.900 22113-22202 AudioTrack              pid-22113                            V  obtainBuffer(192) returned 192 = 192 + 0 err 0
2022-12-27 10:26:03.904  2993-3026  QcrilOemhookMsgTunnel   pid-2993                             I  [0]processOemHookResponse serial no: 5723 error: 0length=0
2022-12-27 10:26:03.904 22113-22202 AudioTrack              pid-22113                            V  obtainBuffer(192) returned 192 = 192 + 0 err 0
2022-12-27 10:26:03.908 22113-22202 AudioTrack              pid-22113                            V  obtainBuffer(192) returned 192 = 192 + 0 err 0
2022-12-27 10:26:03.909  2993-2993  QcrilMsgTu...aceManager pid-2993                             D  handleMessage what = 2
2022-12-27 10:26:03.911  2993-2993  QcrilMsgTu...aceManager pid-2993                             D  handleMessage what = 1
2022-12-27 10:26:03.912 22113-22202 AudioTrack              pid-22113                            V  obtainBuffer(192) returned 192 = 192 + 0 err 0
2022-12-27 10:26:03.914  2993-3026  QcrilOemhookMsgTunnel   pid-2993                             I  [0]processOemHookIndication length=28
2022-12-27 10:26:03.915  2993-2993  QcrilOemhookMsgTunnel   pid-2993                             I  [1]invokeOemRilRequestRaw: serial=5724 length=24
2022-12-27 10:26:03.917 22113-22202 AudioTrack              pid-22113                            V  obtainBuffer(192) returned 192 = 128 + 64 err 0
2022-12-27 10:26:03.917 22113-22202 AudioTrack              pid-22113                            V  obtainBuffer(64) returned 64 = 64 + 0 err 0
2022-12-27 10:26:03.921 22113-22202 AudioTrack              pid-22113                            V  obtainBuffer(192) returned 192 = 192 + 0 err 0
2022-12-27 10:26:03.925 22113-22202 AudioTrack              pid-22113                            V  obtainBuffer(192) returned 192 = 192 + 0 err 0
2022-12-27 10:26:03.927  2993-2993  QcrilMsgTu...aceManager pid-2993                             D  handleMessage what = 0
2022-12-27 10:26:03.929 22113-22202 AudioTrack              pid-22113                            V  obtainBuffer(192) returned 192 = 192 + 0 err 0
2022-12-27 10:26:03.931  2993-3026  QcrilOemhookMsgTunnel   pid-2993                             I  [1]processOemHookResponse serial no: 5724 error: 0length=0
2022-12-27 10:26:03.933 22113-22202 AudioTrack              pid-22113                            V  obtainBuffer(192) returned 192 = 192 + 0 err 0
2022-12-27 10:26:03.934  2993-3026  QcrilOemhookMsgTunnel   pid-2993                             I  [1]processOemHookIndication length=28
2022-12-27 10:26:03.937 22113-22202 AudioTrack              pid-22113                            V  obtainBuffer(192) returned 192 = 192 + 0 err 0
2022-12-27 10:26:03.937  2993-2993  QcrilMsgTu...aceManager pid-2993                             D  handleMessage what = 2
2022-12-27 10:26:03.937  2993-2993  QcrilMsgTu...aceManager pid-2993                             D  handleMessage what = 0
2022-12-27 10:26:03.941 22113-22202 AudioTrack              pid-22113                            V  obtainBuffer(192) returned 192 = 192 + 0 err 0
2022-12-27 10:26:03.948 22113-22202 chatty                  pid-22113                            I  uid=10213(com.inforcegames.app3dmodelling) AudioTrack identical 2 lines
2022-12-27 10:26:03.952 22113-22202 AudioTrack              pid-22113                            V  obtainBuffer(192) returned 192 = 192 + 0 err 0
2022-12-27 10:26:03.953 29504-29504 BoundBrokerSvc          pid-29504                            D  onUnbind: Intent { act=com.google.android.gms.ads.service.START pkg=com.google.android.gms }
2022-12-27 10:26:03.956 22113-22202 AudioTrack              pid-22113                            V  obtainBuffer(192) returned 192 = 192 + 0 err 0
2022-12-27 10:26:03.960 22113-22202 AudioTrack              pid-22113                            V  obtainBuffer(192) returned 192 = 64 + 128 err 0
2022-12-27 10:26:03.961 22113-22202 AudioTrack              pid-22113                            V  obtainBuffer(128) returned 128 = 128 + 0 err 0
2022-12-27 10:26:03.964 22113-22202 AudioTrack              pid-22113                            V  obtainBuffer(192) returned 192 = 192 + 0 err 0
2022-12-27 10:26:03.990  2280-3226  BackupRestoreController pid-2280                             I  Getting widget state for user: 0
2022-12-27 10:26:03.984 22113-22202 chatty                  pid-22113                            I  uid=10213(com.inforcegames.app3dmodelling) AudioTrack identical 5 lines
2022-12-27 10:26:03.989 22113-22202 AudioTrack              pid-22113                            V  obtainBuffer(192) returned 192 = 192 + 0 err 0
2022-12-27 10:26:03.991  2280-3226  CompatibilityInfo       pid-2280                             D  mCompatibilityFlags - 0
2022-12-27 10:26:03.991  2280-3226  CompatibilityInfo       pid-2280                             D  applicationDensity - 440
2022-12-27 10:26:03.991  2280-3226  CompatibilityInfo       pid-2280                             D  applicationScale - 1.0
2022-12-27 10:26:03.993 22113-22202 AudioTrack              pid-22113                            V  obtainBuffer(192) returned 192 = 192 + 0 err 0
2022-12-27 10:26:04.004 22113-22202 chatty                  pid-22113                            I  uid=10213(com.inforcegames.app3dmodelling) AudioTrack identical 3 lines
2022-12-27 10:26:04.008 22113-22202 AudioTrack              pid-22113                            V  obtainBuffer(192) returned 192 = 192 + 0 err 0
2022-12-27 10:26:04.011 29504-32104 Backup                  pid-29504                            I  [CryptoEnableCheck] Should not encrypt backups: device has no lock screen.
2022-12-27 10:26:04.013 22113-22202 AudioTrack              pid-22113                            V  obtainBuffer(192) returned 192 = 192 + 0 err 0
2022-12-27 10:26:04.017 22113-22202 chatty                  pid-22113                            I  uid=10213(com.inforcegames.app3dmodelling) AudioTrack identical 1 line
2022-12-27 10:26:04.021 22113-22202 AudioTrack              pid-22113                            V  obtainBuffer(192) returned 192 = 192 + 0 err 0
2022-12-27 10:26:04.024 29504-32104 Backup                  pid-29504                            I  [CryptoEnableCheck] Should not encrypt backups: device has no lock screen.
2022-12-27 10:26:04.025 22113-22202 AudioTrack              pid-22113                            V  obtainBuffer(192) returned 192 = 192 + 0 err 0
2022-12-27 10:26:04.037 22113-22202 chatty                  pid-22113                            I  uid=10213(com.inforcegames.app3dmodelling) AudioTrack identical 3 lines
2022-12-27 10:26:04.040 22113-22202 AudioTrack              pid-22113                            V  obtainBuffer(192) returned 192 = 192 + 0 err 0
2022-12-27 10:26:04.044 22113-22202 AudioTrack              pid-22113                            V  obtainBuffer(192) returned 192 = 128 + 64 err 0
2022-12-27 10:26:04.044 22113-22202 AudioTrack              pid-22113                            V  obtainBuffer(64) returned 64 = 64 + 0 err 0
2022-12-27 10:26:04.048 22113-22202 AudioTrack              pid-22113                            V  obtainBuffer(192) returned 192 = 192 + 0 err 0
2022-12-27 10:26:04.052 22113-22202 AudioTrack              pid-22113                            V  obtainBuffer(192) returned 192 = 192 + 0 err 0
2022-12-27 10:26:04.053 29504-32104 Backup                  pid-29504                            I  [CryptoEnableCheck] Should not encrypt backups: device has no lock screen.
2022-12-27 10:26:04.054 29504-32104 Backup                  pid-29504                            I  [GmsBackupTransport] Performing unencrypted kv backup: com.android.chrome
2022-12-27 10:26:04.054 29504-32104 Backup                  pid-29504                            I  [GmsBackupTransport] Starting new backup session
2022-12-27 10:26:04.055 29504-32104 Backup                  pid-29504                            I  [GmsBackupTransport] performBackup done for com.android.chrome
2022-12-27 10:26:04.057 22113-22202 AudioTrack              pid-22113                            V  obtainBuffer(192) returned 192 = 192 + 0 err 0
2022-12-27 10:26:04.081 22113-22202 chatty                  pid-22113                            I  uid=10213(com.inforcegames.app3dmodelling) AudioTrack identical 6 lines
2022-12-27 10:26:04.085 22113-22202 AudioTrack              pid-22113                            V  obtainBuffer(192) returned 192 = 192 + 0 err 0
2022-12-27 10:26:04.088 22113-22202 AudioTrack              pid-22113                            V  obtainBuffer(192) returned 192 = 64 + 128 err 0
2022-12-27 10:26:04.089 22113-22202 AudioTrack              pid-22113                            V  obtainBuffer(128) returned 128 = 128 + 0 err 0
2022-12-27 10:26:04.089 13316-13371 MobileSignalController  pid-13316                            D  onSignalStrengthsChanged: SignalStrength: 99 0 -120 -160 -120 -160 -1 27 -90 -12 256 2147483647 0 2147483647 99 255 2147483647 gsm|lte use_rsrp_and_rssnr_for_lte_level  [-120, -115, -110, -105, -97] [-115, -105, -95, -85]
2022-12-27 10:26:04.089 13316-13371 NetworkCon...troller(1) pid-13316                            D  4G level = 5
2022-12-27 10:26:04.093 22113-22202 AudioTrack              pid-22113                            V  obtainBuffer(192) returned 192 = 192 + 0 err 0
2022-12-27 10:26:04.097 22113-22202 AudioTrack              pid-22113                            V  obtainBuffer(192) returned 192 = 192 + 0 err 0
2022-12-27 10:26:04.100  2280-3226  CompatibilityInfo       pid-2280                             D  mCompatibilityFlags - 0
2022-12-27 10:26:04.100  2280-3226  CompatibilityInfo       pid-2280                             D  applicationDensity - 440
2022-12-27 10:26:04.100  2280-3226  CompatibilityInfo       pid-2280                             D  applicationScale - 1.0
2022-12-27 10:26:04.100 13316-13316 SignalClusterView       pid-13316                            D  updateMobileTypeImage  0
2022-12-27 10:26:04.101 22113-22202 AudioTrack              pid-22113                            V  obtainBuffer(192) returned 192 = 192 + 0 err 0
2022-12-27 10:26:04.101 13316-13316 SignalClusterView       pid-13316                            D  updateMobileTypeImage  0
2022-12-27 10:26:04.101 13316-13316 chatty                  pid-13316                            I  uid=1000(system) com.android.systemui identical 1 line
2022-12-27 10:26:04.101 13316-13316 SignalClusterView       pid-13316                            D  updateMobileTypeImage  0
2022-12-27 10:26:04.102 29504-29504 BoundBrokerSvc          pid-29504                            D  onBind: Intent { act=com.google.android.gms.common.BIND_SHARED_PREFS pkg=com.google.android.gms }
2022-12-27 10:26:04.102 29504-29504 BoundBrokerSvc          pid-29504                            D  Loading bound service for intent: Intent { act=com.google.android.gms.common.BIND_SHARED_PREFS pkg=com.google.android.gms }
2022-12-27 10:26:04.105 22113-22202 AudioTrack              pid-22113                            V  obtainBuffer(192) returned 192 = 192 + 0 err 0
2022-12-27 10:26:04.108 29504-29504 BoundBrokerSvc          pid-29504                            D  onUnbind: Intent { act=com.google.android.gms.common.BIND_SHARED_PREFS pkg=com.google.android.gms }
2022-12-27 10:26:04.109 22113-22202 AudioTrack              pid-22113                            V  obtainBuffer(192) returned 192 = 192 + 0 err 0
2022-12-27 10:26:04.121 22113-22202 chatty                  pid-22113                            I  uid=10213(com.inforcegames.app3dmodelling) AudioTrack identical 3 lines
2022-12-27 10:26:04.125 22113-22202 AudioTrack              pid-22113                            V  obtainBuffer(192) returned 192 = 192 + 0 err 0
2022-12-27 10:26:04.128  2280-3226  CompatibilityInfo       pid-2280                             D  mCompatibilityFlags - 0
2022-12-27 10:26:04.129  2280-3226  CompatibilityInfo       pid-2280                             D  applicationDensity - 440
2022-12-27 10:26:04.129 22113-22202 AudioTrack              pid-22113                            V  obtainBuffer(192) returned 192 = 192 + 0 err 0
2022-12-27 10:26:04.129  2280-3226  CompatibilityInfo       pid-2280                             D  applicationScale - 1.0
2022-12-27 10:26:04.133 22113-22202 AudioTrack              pid-22113                            V  obtainBuffer(192) returned 192 = 192 + 0 err 0
2022-12-27 10:26:04.139  2280-2701  ActivityManager         pid-2280                             I  Process com.miui.weather2 (pid 24738) has died: cch+6CEM 
2022-12-27 10:26:04.137 22113-22202 AudioTrack              pid-22113                            V  obtainBuffer(192) returned 192 = 192 + 0 err 0
2022-12-27 10:26:04.139  2280-2297  libprocessgroup         pid-2280                             W  kill(-24738, 9) failed: No such process
2022-12-27 10:26:04.141 22113-22202 AudioTrack              pid-22113                            V  obtainBuffer(192) returned 192 = 192 + 0 err 0
2022-12-27 10:26:04.144  1313-1313  Zygote                  pid-1313                             I  Process 24738 exited due to signal (9)
2022-12-27 10:26:04.145 22113-22202 AudioTrack              pid-22113                            V  obtainBuffer(192) returned 192 = 192 + 0 err 0
2022-12-27 10:26:04.145  2280-2297  libprocessgroup         pid-2280                             W  kill(-24738, 9) failed: No such process
2022-12-27 10:26:04.145  2280-2297  libprocessgroup         pid-2280                             I  Successfully killed process cgroup uid 10017 pid 24738 in 5ms
2022-12-27 10:26:04.149 22113-22202 AudioTrack              pid-22113                            V  obtainBuffer(192) returned 192 = 192 + 0 err 0
2022-12-27 10:26:04.161 22113-22202 chatty                  pid-22113                            I  uid=10213(com.inforcegames.app3dmodelling) AudioTrack identical 3 lines
2022-12-27 10:26:04.165 22113-22202 AudioTrack              pid-22113                            V  obtainBuffer(192) returned 192 = 192 + 0 err 0
2022-12-27 10:26:04.166 15703-15703 AppBase                 pid-15703                            I  AppBase.onTrimMemory():497 onTrimMemory(): 15
2022-12-27 10:26:04.167 15703-15703 GoogleInpu...hodService pid-15703                            I  GoogleInputMethodService.onTrimMemory():4406 onTrimMemory(): 15
2022-12-27 10:26:04.169 22113-22202 AudioTrack              pid-22113                            V  obtainBuffer(192) returned 192 = 192 + 0 err 0
2022-12-27 10:26:04.173 22113-22202 AudioTrack              pid-22113                            V  obtainBuffer(192) returned 192 = 128 + 64 err 0
2022-12-27 10:26:04.173 22113-22202 AudioTrack              pid-22113                            V  obtainBuffer(64) returned 64 = 64 + 0 err 0
2022-12-27 10:26:04.176 22113-22202 AudioTrack              pid-22113                            V  obtainBuffer(192) returned 192 = 192 + 0 err 0
2022-12-27 10:26:04.209 22113-22202 chatty                  pid-22113                            I  uid=10213(com.inforcegames.app3dmodelling) AudioTrack identical 8 lines
2022-12-27 10:26:04.213 22113-22202 AudioTrack              pid-22113                            V  obtainBuffer(192) returned 192 = 192 + 0 err 0
2022-12-27 10:26:04.213  2280-3226  CompatibilityInfo       pid-2280                             D  mCompatibilityFlags - 0
2022-12-27 10:26:04.213  2280-3226  CompatibilityInfo       pid-2280                             D  applicationDensity - 440
2022-12-27 10:26:04.214  2280-3226  CompatibilityInfo       pid-2280                             D  applicationScale - 1.0
2022-12-27 10:26:04.217 22113-22202 AudioTrack              pid-22113                            V  obtainBuffer(192) returned 192 = 64 + 128 err 0
2022-12-27 10:26:04.217 22113-22202 AudioTrack              pid-22113                            V  obtainBuffer(128) returned 128 = 128 + 0 err 0
2022-12-27 10:26:04.218 29504-29504 BoundBrokerSvc          pid-29504                            D  onBind: Intent { act=com.google.android.gms.common.BIND_SHARED_PREFS pkg=com.google.android.gms }
2022-12-27 10:26:04.218 29504-29504 BoundBrokerSvc          pid-29504                            D  Loading bound service for intent: Intent { act=com.google.android.gms.common.BIND_SHARED_PREFS pkg=com.google.android.gms }
2022-12-27 10:26:04.221 22113-22202 AudioTrack              pid-22113                            V  obtainBuffer(192) returned 192 = 192 + 0 err 0
2022-12-27 10:26:04.221 17120-17120 Finsky                  pid-17120                            I  [2] qdj.onTrimMemory(1): Memory trim requested to level 15
2022-12-27 10:26:04.224 29504-29504 BoundBrokerSvc          pid-29504                            D  onUnbind: Intent { act=com.google.android.gms.common.BIND_SHARED_PREFS pkg=com.google.android.gms }
2022-12-27 10:26:04.225 22113-22202 AudioTrack              pid-22113                            V  obtainBuffer(192) returned 192 = 192 + 0 err 0
2022-12-27 10:26:04.228 22113-22202 AudioTrack              pid-22113                            V  obtainBuffer(192) returned 192 = 192 + 0 err 0
2022-12-27 10:26:04.230  2280-3226  CompatibilityInfo       pid-2280                             D  mCompatibilityFlags - 0
2022-12-27 10:26:04.230  2280-3226  CompatibilityInfo       pid-2280                             D  applicationDensity - 440
2022-12-27 10:26:04.230  2280-3226  CompatibilityInfo       pid-2280                             D  applicationScale - 1.0
2022-12-27 10:26:04.232 29504-29504 BoundBrokerSvc          pid-29504                            D  onBind: Intent { act=com.google.android.gms.common.BIND_SHARED_PREFS pkg=com.google.android.gms }
2022-12-27 10:26:04.232 29504-29504 BoundBrokerSvc          pid-29504                            D  Loading bound service for intent: Intent { act=com.google.android.gms.common.BIND_SHARED_PREFS pkg=com.google.android.gms }
2022-12-27 10:26:04.232 22113-22202 AudioTrack              pid-22113                            V  obtainBuffer(192) returned 192 = 192 + 0 err 0
2022-12-27 10:26:04.237 22113-22202 AudioTrack              pid-22113                            V  obtainBuffer(192) returned 192 = 192 + 0 err 0
2022-12-27 10:26:04.238 29504-29504 BoundBrokerSvc          pid-29504                            D  onUnbind: Intent { act=com.google.android.gms.common.BIND_SHARED_PREFS pkg=com.google.android.gms }
2022-12-27 10:26:04.240 22113-22202 AudioTrack              pid-22113                            V  obtainBuffer(192) returned 192 = 192 + 0 err 0
2022-12-27 10:26:04.244 22113-22202 chatty                  pid-22113                            I  uid=10213(com.inforcegames.app3dmodelling) AudioTrack identical 1 line
2022-12-27 10:26:04.249 22113-22202 AudioTrack              pid-22113                            V  obtainBuffer(192) returned 192 = 192 + 0 err 0
2022-12-27 10:26:04.252  2280-3226  CompatibilityInfo       pid-2280                             D  mCompatibilityFlags - 0
2022-12-27 10:26:04.252  2280-3226  CompatibilityInfo       pid-2280                             D  applicationDensity - 440
2022-12-27 10:26:04.252  2280-3226  CompatibilityInfo       pid-2280                             D  applicationScale - 1.0
2022-12-27 10:26:04.253 22113-22202 AudioTrack              pid-22113                            V  obtainBuffer(192) returned 192 = 192 + 0 err 0
2022-12-27 10:26:04.292 22113-22202 chatty                  pid-22113                            I  uid=10213(com.inforcegames.app3dmodelling) AudioTrack identical 10 lines
2022-12-27 10:26:04.297 22113-22202 AudioTrack              pid-22113                            V  obtainBuffer(192) returned 192 = 192 + 0 err 0
2022-12-27 10:26:04.300  9362-9362  WorkerManager           pid-9362                             I  Unloading disused workers
2022-12-27 10:26:04.300 22113-22202 AudioTrack              pid-22113                            V  obtainBuffer(192) returned 192 = 128 + 64 err 0
2022-12-27 10:26:04.300 22113-22202 AudioTrack              pid-22113                            V  obtainBuffer(64) returned 64 = 64 + 0 err 0
2022-12-27 10:26:04.304 22113-22202 AudioTrack              pid-22113                            V  obtainBuffer(192) returned 192 = 192 + 0 err 0
2022-12-27 10:26:04.309 22113-22202 AudioTrack              pid-22113                            V  obtainBuffer(192) returned 192 = 192 + 0 err 0
2022-12-27 10:26:04.311 24755-24776 ocess.gservice          pid-24755                            I  ProcessProfilingInfo new_methods=0 is saved saved_to_disk=0 resolve_classes_delay=8000
2022-12-27 10:26:04.313 22113-22202 AudioTrack              pid-22113                            V  obtainBuffer(192) returned 192 = 192 + 0 err 0
2022-12-27 10:26:04.317 22113-22202 AudioTrack              pid-22113                            V  obtainBuffer(192) returned 192 = 192 + 0 err 0
2022-12-27 10:26:04.318  1302-1462  ThermalEngine           pid-1302                             D  sensor_wait: msm_therm Wait done.
2022-12-27 10:26:04.319  1302-1462  ThermalEngine           pid-1302                             D  sensor_monitor: msm_therm Reading 38000 .
2022-12-27 10:26:04.319  1302-1462  ThermalEngine           pid-1302                             I  Sensor:msm_therm:38000 mC
2022-12-27 10:26:04.319  1302-1462  ThermalEngine           pid-1302                             D  update_active_thresh: msm_therm Active(1), Hi(1) 44000, Lo(0) -2147483648, desc(0) Interval(1) 1000
2022-12-27 10:26:04.319  1302-1462  ThermalEngine           pid-1302                             D  sensor_monitor: msm_therm Sensor wait.
2022-12-27 10:26:04.319  1302-1462  ThermalEngine           pid-1302                             D  sensor_wait: msm_therm Wait start. 1000ms
2022-12-27 10:26:04.321 22113-22202 AudioTrack              pid-22113                            V  obtainBuffer(192) returned 192 = 192 + 0 err 0
2022-12-27 10:26:04.325 22113-22202 AudioTrack              pid-22113                            V  obtainBuffer(192) returned 192 = 192 + 0 err 0
2022-12-27 10:26:04.327 29504-32104 Conscrypt               pid-29504                            W  Could not set socket write timeout: java.net.SocketException: Socket closed
2022-12-27 10:26:04.328 22113-22202 AudioTrack              pid-22113                            V  obtainBuffer(192) returned 192 = 192 + 0 err 0
2022-12-27 10:26:04.333 22113-22202 AudioTrack              pid-22113                            V  obtainBuffer(192) returned 192 = 192 + 0 err 0
2022-12-27 10:26:04.334  1302-1463  ThermalEngine           pid-1302                             D  sensor_wait: quiet_therm Wait done.
2022-12-27 10:26:04.336  1302-1463  ThermalEngine           pid-1302                             D  sensor_monitor: quiet_therm Reading 36000 .
2022-12-27 10:26:04.336  1302-1463  ThermalEngine           pid-1302                             I  Sensor:quiet_therm:36000 mC
2022-12-27 10:26:04.336  1302-1463  ThermalEngine           pid-1302                             D  update_active_thresh: quiet_therm Active(1), Hi(1) 40000, Lo(0) -2147483648, desc(0) Interval(1) 1000
2022-12-27 10:26:04.336  1302-1463  ThermalEngine           pid-1302                             D  sensor_monitor: quiet_therm Sensor wait.
2022-12-27 10:26:04.336  1302-1463  ThermalEngine           pid-1302                             D  sensor_wait: quiet_therm Wait start. 1000ms
2022-12-27 10:26:04.337 22113-22202 AudioTrack              pid-22113                            V  obtainBuffer(192) returned 192 = 192 + 0 err 0
2022-12-27 10:26:04.341 22113-22202 AudioTrack              pid-22113                            V  obtainBuffer(192) returned 192 = 192 + 0 err 0
2022-12-27 10:26:04.345 22113-22202 AudioTrack              pid-22113                            V  obtainBuffer(192) returned 192 = 64 + 128 err 0
2022-12-27 10:26:04.345 22113-22202 AudioTrack              pid-22113                            V  obtainBuffer(128) returned 128 = 128 + 0 err 0
2022-12-27 10:26:04.349 22113-22202 AudioTrack              pid-22113                            V  obtainBuffer(192) returned 192 = 192 + 0 err 0
2022-12-27 10:26:04.360 22113-22202 chatty                  pid-22113                            I  uid=10213(com.inforcegames.app3dmodelling) AudioTrack identical 3 lines
2022-12-27 10:26:04.365 22113-22202 AudioTrack              pid-22113                            V  obtainBuffer(192) returned 192 = 192 + 0 err 0
2022-12-27 10:26:04.367 29504-32104 Conscrypt               pid-29504                            W  	at com.google.android.gms.org.conscrypt.Platform.setSocketWriteTimeout(:com.google.android.gms@224814028@22.48.14 (100400-493411920):2)
2022-12-27 10:26:04.367 29504-32104 Conscrypt               pid-29504                            W  	at com.google.android.gms.org.conscrypt.ConscryptFileDescriptorSocket.setSoWriteTimeout(:com.google.android.gms@224814028@22.48.14 (100400-493411920):0)
2022-12-27 10:26:04.369 22113-22202 AudioTrack              pid-22113                            V  obtainBuffer(192) returned 192 = 192 + 0 err 0
2022-12-27 10:26:04.373 22113-22202 AudioTrack              pid-22113                            V  obtainBuffer(192) returned 192 = 192 + 0 err 0
2022-12-27 10:26:04.376 29299-13359 bifa                    pid-29299                            E  Phenotype API error. Event # dhor@481f3d51, EventCode: 7 [CONTEXT service_id=51 ]
                                                                                                    biec: 29505: No config packages for log source, or config package not registered
                                                                                                    	at bifv.b(:com.google.android.gms@224814028@22.48.14 (100400-493411920):4)
                                                                                                    	at bifs.g(:com.google.android.gms@224814028@22.48.14 (100400-493411920):0)
                                                                                                    	at bifa.e(:com.google.android.gms@224814028@22.48.14 (100400-493411920):4)
                                                                                                    	at bifa.f(:com.google.android.gms@224814028@22.48.14 (100400-493411920):2)
                                                                                                    	at atgy.er(:com.google.android.gms@224814028@22.48.14 (100400-493411920):1)
                                                                                                    	at athe.run(:com.google.android.gms@224814028@22.48.14 (100400-493411920):12)
                                                                                                    	at cmvw.run(:com.google.android.gms@224814028@22.48.14 (100400-493411920):2)
                                                                                                    	at abva.c(:com.google.android.gms@224814028@22.48.14 (100400-493411920):6)
                                                                                                    	at abva.run(:com.google.android.gms@224814028@22.48.14 (100400-493411920):7)
                                                                                                    	at java.util.concurrent.ThreadPoolExecutor.runWorker(ThreadPoolExecutor.java:1167)
                                                                                                    	at java.util.concurrent.ThreadPoolExecutor$Worker.run(ThreadPoolExecutor.java:641)
                                                                                                    	at acae.run(:com.google.android.gms@224814028@22.48.14 (100400-493411920):0)
                                                                                                    	at java.lang.Thread.run(Thread.java:764)
2022-12-27 10:26:04.377 22113-22202 AudioTrack              pid-22113                            V  obtainBuffer(192) returned 192 = 192 + 0 err 0
2022-12-27 10:26:04.381 22113-22202 AudioTrack              pid-22113                            V  obtainBuffer(192) returned 192 = 192 + 0 err 0
2022-12-27 10:26:04.381 29299-13359 AsyncOperation          pid-29299                            W  operation=GetExperimentTokensOperationCall, opStatusCode=29505 [CONTEXT service_id=51 ]
                                                                                                    OperationException[Status{statusCode=No config packages for log source, or config package not registered, resolution=null}]
                                                                                                    	at bifa.e(:com.google.android.gms@224814028@22.48.14 (100400-493411920):6)
                                                                                                    	at bifa.f(:com.google.android.gms@224814028@22.48.14 (100400-493411920):2)
                                                                                                    	at atgy.er(:com.google.android.gms@224814028@22.48.14 (100400-493411920):1)
                                                                                                    	at athe.run(:com.google.android.gms@224814028@22.48.14 (100400-493411920):12)
                                                                                                    	at cmvw.run(:com.google.android.gms@224814028@22.48.14 (100400-493411920):2)
                                                                                                    	at abva.c(:com.google.android.gms@224814028@22.48.14 (100400-493411920):6)
                                                                                                    	at abva.run(:com.google.android.gms@224814028@22.48.14 (100400-493411920):7)
                                                                                                    	at java.util.concurrent.ThreadPoolExecutor.runWorker(ThreadPoolExecutor.java:1167)
                                                                                                    	at java.util.concurrent.ThreadPoolExecutor$Worker.run(ThreadPoolExecutor.java:641)
                                                                                                    	at acae.run(:com.google.android.gms@224814028@22.48.14 (100400-493411920):0)
                                                                                                    	at java.lang.Thread.run(Thread.java:764)
2022-12-27 10:26:04.385 22113-22202 AudioTrack              pid-22113                            V  obtainBuffer(192) returned 192 = 192 + 0 err 0
2022-12-27 10:26:04.421 22113-22202 chatty                  pid-22113                            I  uid=10213(com.inforcegames.app3dmodelling) AudioTrack identical 9 lines
2022-12-27 10:26:04.425 22113-22202 AudioTrack              pid-22113                            V  obtainBuffer(192) returned 192 = 192 + 0 err 0
2022-12-27 10:26:04.429 22113-22202 AudioTrack              pid-22113                            V  obtainBuffer(192) returned 192 = 128 + 64 err 0
2022-12-27 10:26:04.429 22113-22202 AudioTrack              pid-22113                            V  obtainBuffer(64) returned 64 = 64 + 0 err 0
2022-12-27 10:26:04.433 22113-22202 AudioTrack              pid-22113                            V  obtainBuffer(192) returned 192 = 192 + 0 err 0
2022-12-27 10:26:04.465 22113-22202 chatty                  pid-22113                            I  uid=10213(com.inforcegames.app3dmodelling) AudioTrack identical 8 lines
2022-12-27 10:26:04.469 22113-22202 AudioTrack              pid-22113                            V  obtainBuffer(192) returned 192 = 192 + 0 err 0
2022-12-27 10:26:04.472 22113-22202 AudioTrack              pid-22113                            V  obtainBuffer(192) returned 192 = 64 + 128 err 0
2022-12-27 10:26:04.473 22113-22202 AudioTrack              pid-22113                            V  obtainBuffer(128) returned 128 = 128 + 0 err 0
2022-12-27 10:26:04.477 22113-22202 AudioTrack              pid-22113                            V  obtainBuffer(192) returned 192 = 192 + 0 err 0
2022-12-27 10:26:04.481 22113-22202 AudioTrack              pid-22113                            V  obtainBuffer(192) returned 192 = 192 + 0 err 0
2022-12-27 10:26:04.482 29504-32104 Conscrypt               pid-29504                            W  Could not set socket write timeout: java.net.SocketException: Socket closed
2022-12-27 10:26:04.483 29504-32104 Conscrypt               pid-29504                            W  	at com.google.android.gms.org.conscrypt.Platform.setSocketWriteTimeout(:com.google.android.gms@224814028@22.48.14 (100400-493411920):2)
2022-12-27 10:26:04.483 29504-32104 Conscrypt               pid-29504                            W  	at com.google.android.gms.org.conscrypt.ConscryptFileDescriptorSocket.setSoWriteTimeout(:com.google.android.gms@224814028@22.48.14 (100400-493411920):0)
