2022-12-25 19:53:51.555 12683-12755 AudioTrack              pid-12683                            V  obtainBuffer(192) returned 192 = 64 + 128 err 0
2022-12-25 19:53:51.555 12683-12755 AudioTrack              pid-12683                            V  obtainBuffer(128) returned 128 = 128 + 0 err 0
2022-12-25 19:53:51.559 12683-12755 AudioTrack              pid-12683                            V  obtainBuffer(192) returned 192 = 192 + 0 err 0
2022-12-25 19:53:51.631 12683-12755 chatty                  pid-12683                            I  uid=10213(com.inforcegames.app3dmodelling) AudioTrack identical 18 lines
2022-12-25 19:53:51.635 12683-12755 AudioTrack              pid-12683                            V  obtainBuffer(192) returned 192 = 192 + 0 err 0
2022-12-25 19:53:51.639 12683-12755 AudioTrack              pid-12683                            V  obtainBuffer(192) returned 192 = 128 + 64 err 0
2022-12-25 19:53:51.639 12683-12755 AudioTrack              pid-12683                            V  obtainBuffer(64) returned 64 = 64 + 0 err 0
2022-12-25 19:53:51.643 12683-12755 AudioTrack              pid-12683                            V  obtainBuffer(192) returned 192 = 192 + 0 err 0
2022-12-25 19:53:51.676 12683-12755 chatty                  pid-12683                            I  uid=10213(com.inforcegames.app3dmodelling) AudioTrack identical 8 lines
2022-12-25 19:53:51.679 12683-12755 AudioTrack              pid-12683                            V  obtainBuffer(192) returned 192 = 192 + 0 err 0
2022-12-25 19:53:51.684 12683-12755 AudioTrack              pid-12683                            V  obtainBuffer(192) returned 192 = 64 + 128 err 0
2022-12-25 19:53:51.684 12683-12755 AudioTrack              pid-12683                            V  obtainBuffer(128) returned 128 = 128 + 0 err 0
2022-12-25 19:53:51.688 12683-12755 AudioTrack              pid-12683                            V  obtainBuffer(192) returned 192 = 192 + 0 err 0
2022-12-25 19:53:51.760 12683-12755 chatty                  pid-12683                            I  uid=10213(com.inforcegames.app3dmodelling) AudioTrack identical 18 lines
2022-12-25 19:53:51.763 12683-12755 AudioTrack              pid-12683                            V  obtainBuffer(192) returned 192 = 192 + 0 err 0
2022-12-25 19:53:51.767 12683-12755 AudioTrack              pid-12683                            V  obtainBuffer(192) returned 192 = 128 + 64 err 0
2022-12-25 19:53:51.768 12683-12755 AudioTrack              pid-12683                            V  obtainBuffer(64) returned 64 = 64 + 0 err 0
2022-12-25 19:53:51.771 12683-12755 AudioTrack              pid-12683                            V  obtainBuffer(192) returned 192 = 192 + 0 err 0
2022-12-25 19:53:51.803 12683-12755 chatty                  pid-12683                            I  uid=10213(com.inforcegames.app3dmodelling) AudioTrack identical 8 lines
2022-12-25 19:53:51.808 12683-12755 AudioTrack              pid-12683                            V  obtainBuffer(192) returned 192 = 192 + 0 err 0
2022-12-25 19:53:51.811 12683-12755 AudioTrack              pid-12683                            V  obtainBuffer(192) returned 192 = 64 + 128 err 0
2022-12-25 19:53:51.811 12683-12755 AudioTrack              pid-12683                            V  obtainBuffer(128) returned 128 = 128 + 0 err 0
2022-12-25 19:53:51.815 12683-12755 AudioTrack              pid-12683                            V  obtainBuffer(192) returned 192 = 192 + 0 err 0
2022-12-25 19:53:51.887 12683-12755 chatty                  pid-12683                            I  uid=10213(com.inforcegames.app3dmodelling) AudioTrack identical 18 lines
2022-12-25 19:53:51.891 12683-12755 AudioTrack              pid-12683                            V  obtainBuffer(192) returned 192 = 192 + 0 err 0
2022-12-25 19:53:51.896 12683-12755 AudioTrack              pid-12683                            V  obtainBuffer(192) returned 192 = 128 + 64 err 0
2022-12-25 19:53:51.896 12683-12755 AudioTrack              pid-12683                            V  obtainBuffer(64) returned 64 = 64 + 0 err 0
2022-12-25 19:53:51.899 12683-12755 AudioTrack              pid-12683                            V  obtainBuffer(192) returned 192 = 192 + 0 err 0
2022-12-25 19:53:51.932 12683-12755 chatty                  pid-12683                            I  uid=10213(com.inforcegames.app3dmodelling) AudioTrack identical 8 lines
2022-12-25 19:53:51.935 12683-12755 AudioTrack              pid-12683                            V  obtainBuffer(192) returned 192 = 192 + 0 err 0
2022-12-25 19:53:51.939 12683-12755 AudioTrack              pid-12683                            V  obtainBuffer(192) returned 192 = 64 + 128 err 0
2022-12-25 19:53:51.940 12683-12755 AudioTrack              pid-12683                            V  obtainBuffer(128) returned 128 = 128 + 0 err 0
2022-12-25 19:53:51.944 12683-12755 AudioTrack              pid-12683                            V  obtainBuffer(192) returned 192 = 192 + 0 err 0
2022-12-25 19:53:52.016 12683-12755 chatty                  pid-12683                            I  uid=10213(com.inforcegames.app3dmodelling) AudioTrack identical 18 lines
2022-12-25 19:53:52.019 12683-12755 AudioTrack              pid-12683                            V  obtainBuffer(192) returned 192 = 192 + 0 err 0
2022-12-25 19:53:52.024 12683-12755 AudioTrack              pid-12683                            V  obtainBuffer(192) returned 192 = 128 + 64 err 0
2022-12-25 19:53:52.024 12683-12755 AudioTrack              pid-12683                            V  obtainBuffer(64) returned 64 = 64 + 0 err 0
2022-12-25 19:53:52.028 12683-12755 AudioTrack              pid-12683                            V  obtainBuffer(192) returned 192 = 192 + 0 err 0
2022-12-25 19:53:52.059 12683-12755 chatty                  pid-12683                            I  uid=10213(com.inforcegames.app3dmodelling) AudioTrack identical 8 lines
2022-12-25 19:53:52.063 12683-12755 AudioTrack              pid-12683                            V  obtainBuffer(192) returned 192 = 192 + 0 err 0
2022-12-25 19:53:52.068 12683-12755 AudioTrack              pid-12683                            V  obtainBuffer(192) returned 192 = 64 + 128 err 0
2022-12-25 19:53:52.068 12683-12755 AudioTrack              pid-12683                            V  obtainBuffer(128) returned 128 = 128 + 0 err 0
2022-12-25 19:53:52.071 12683-12755 AudioTrack              pid-12683                            V  obtainBuffer(192) returned 192 = 192 + 0 err 0
2022-12-25 19:53:52.123 12683-12755 chatty                  pid-12683                            I  uid=10213(com.inforcegames.app3dmodelling) AudioTrack identical 13 lines
2022-12-25 19:53:52.128 12683-12755 AudioTrack              pid-12683                            V  obtainBuffer(192) returned 192 = 192 + 0 err 0
2022-12-25 19:53:52.129   688-4296  audio_hw_spkr_prot      pid-688                              D  audio_extn_fbsp_get_parameters: Speaker protection disabled
2022-12-25 19:53:52.129   688-4296  audio_hw_extn           pid-688                              D  audio_extn_get_parameters: returns 
2022-12-25 19:53:52.129   743-8567  hash_map_utils          pid-743                              I  key: 'hifi_mode' value: ''
2022-12-25 19:53:52.131 12683-12755 AudioTrack              pid-12683                            V  obtainBuffer(192) returned 192 = 192 + 0 err 0
2022-12-25 19:53:52.133 12683-12940 AudioManager            pid-12683                            D  getStreamVolume isRestricted mode = 0
2022-12-25 19:53:52.135 12683-12755 AudioTrack              pid-12683                            V  obtainBuffer(192) returned 192 = 192 + 0 err 0
2022-12-25 19:53:52.139 12683-12755 AudioTrack              pid-12683                            V  obtainBuffer(192) returned 192 = 192 + 0 err 0
2022-12-25 19:53:52.140   688-4296  audio_hw_spkr_prot      pid-688                              D  audio_extn_fbsp_get_parameters: Speaker protection disabled
2022-12-25 19:53:52.140   688-4296  audio_hw_extn           pid-688                              D  audio_extn_get_parameters: returns 
2022-12-25 19:53:52.141   743-8567  hash_map_utils          pid-743                              I  key: 'hifi_mode' value: ''
2022-12-25 19:53:52.143 12683-12755 AudioTrack              pid-12683                            V  obtainBuffer(192) returned 192 = 192 + 0 err 0
2022-12-25 19:53:52.145  1302-1463  ThermalEngine           pid-1302                             D  sensor_wait: quiet_therm Wait done.
2022-12-25 19:53:52.146  1302-1463  ThermalEngine           pid-1302                             D  sensor_monitor: quiet_therm Reading 36000 .
2022-12-25 19:53:52.146  1302-1463  ThermalEngine           pid-1302                             I  Sensor:quiet_therm:36000 mC
2022-12-25 19:53:52.146  1302-1463  ThermalEngine           pid-1302                             D  update_active_thresh: quiet_therm Active(1), Hi(1) 40000, Lo(0) -2147483648, desc(0) Interval(1) 1000
2022-12-25 19:53:52.146  1302-1463  ThermalEngine           pid-1302                             D  sensor_monitor: quiet_therm Sensor wait.
2022-12-25 19:53:52.146  1302-1463  ThermalEngine           pid-1302                             D  sensor_wait: quiet_therm Wait start. 1000ms
2022-12-25 19:53:52.148 12683-12755 AudioTrack              pid-12683                            V  obtainBuffer(192) returned 192 = 192 + 0 err 0
2022-12-25 19:53:52.152 12683-12755 AudioTrack              pid-12683                            V  obtainBuffer(192) returned 192 = 128 + 64 err 0
2022-12-25 19:53:52.152 12683-12755 AudioTrack              pid-12683                            V  obtainBuffer(64) returned 64 = 64 + 0 err 0
2022-12-25 19:53:52.152  2820-5429  DPMJ                    pid-2820                             I  |REQ:RCVR| DPM creating socket
2022-12-25 19:53:52.155 12683-12755 AudioTrack              pid-12683                            V  obtainBuffer(192) returned 192 = 192 + 0 err 0
2022-12-25 19:53:52.155  1302-1462  ThermalEngine           pid-1302                             D  sensor_wait: msm_therm Wait done.
2022-12-25 19:53:52.157  1302-1462  ThermalEngine           pid-1302                             D  sensor_monitor: msm_therm Reading 38000 .
2022-12-25 19:53:52.157  1302-1462  ThermalEngine           pid-1302                             I  Sensor:msm_therm:38000 mC
2022-12-25 19:53:52.157  1302-1462  ThermalEngine           pid-1302                             D  update_active_thresh: msm_therm Active(1), Hi(1) 44000, Lo(0) -2147483648, desc(0) Interval(1) 1000
2022-12-25 19:53:52.157  1302-1462  ThermalEngine           pid-1302                             D  sensor_monitor: msm_therm Sensor wait.
2022-12-25 19:53:52.157  1302-1462  ThermalEngine           pid-1302                             D  sensor_wait: msm_therm Wait start. 1000ms
2022-12-25 19:53:52.159 12683-12755 AudioTrack              pid-12683                            V  obtainBuffer(192) returned 192 = 192 + 0 err 0
2022-12-25 19:53:52.187 12683-12755 chatty                  pid-12683                            I  uid=10213(com.inforcegames.app3dmodelling) AudioTrack identical 7 lines
2022-12-25 19:53:52.191 12683-12755 AudioTrack              pid-12683                            V  obtainBuffer(192) returned 192 = 192 + 0 err 0
2022-12-25 19:53:52.195 12683-12755 AudioTrack              pid-12683                            V  obtainBuffer(192) returned 192 = 64 + 128 err 0
2022-12-25 19:53:52.196 12683-12755 AudioTrack              pid-12683                            V  obtainBuffer(128) returned 128 = 128 + 0 err 0
2022-12-25 19:53:52.199 12683-12755 AudioTrack              pid-12683                            V  obtainBuffer(192) returned 192 = 192 + 0 err 0
2022-12-25 19:53:52.271 12683-12755 chatty                  pid-12683                            I  uid=10213(com.inforcegames.app3dmodelling) AudioTrack identical 18 lines
2022-12-25 19:53:52.275 12683-12755 AudioTrack              pid-12683                            V  obtainBuffer(192) returned 192 = 192 + 0 err 0
2022-12-25 19:53:52.279 12683-12755 AudioTrack              pid-12683                            V  obtainBuffer(192) returned 192 = 128 + 64 err 0
2022-12-25 19:53:52.280 12683-12755 AudioTrack              pid-12683                            V  obtainBuffer(64) returned 64 = 64 + 0 err 0
2022-12-25 19:53:52.284 12683-12755 AudioTrack              pid-12683                            V  obtainBuffer(192) returned 192 = 192 + 0 err 0
2022-12-25 19:53:52.316 12683-12755 chatty                  pid-12683                            I  uid=10213(com.inforcegames.app3dmodelling) AudioTrack identical 8 lines
2022-12-25 19:53:52.320 12683-12755 AudioTrack              pid-12683                            V  obtainBuffer(192) returned 192 = 192 + 0 err 0
2022-12-25 19:53:52.323 12683-12755 AudioTrack              pid-12683                            V  obtainBuffer(192) returned 192 = 64 + 128 err 0
2022-12-25 19:53:52.323 12683-12755 AudioTrack              pid-12683                            V  obtainBuffer(128) returned 128 = 128 + 0 err 0
2022-12-25 19:53:52.327 12683-12755 AudioTrack              pid-12683                            V  obtainBuffer(192) returned 192 = 192 + 0 err 0
2022-12-25 19:53:52.399 12683-12755 chatty                  pid-12683                            I  uid=10213(com.inforcegames.app3dmodelling) AudioTrack identical 18 lines
2022-12-25 19:53:52.403 12683-12755 AudioTrack              pid-12683                            V  obtainBuffer(192) returned 192 = 192 + 0 err 0
2022-12-25 19:53:52.407 12683-12755 AudioTrack              pid-12683                            V  obtainBuffer(192) returned 192 = 128 + 64 err 0
2022-12-25 19:53:52.407 12683-12755 AudioTrack              pid-12683                            V  obtainBuffer(64) returned 64 = 64 + 0 err 0
2022-12-25 19:53:52.411 12683-12755 AudioTrack              pid-12683                            V  obtainBuffer(192) returned 192 = 192 + 0 err 0
2022-12-25 19:53:52.443 12683-12755 chatty                  pid-12683                            I  uid=10213(com.inforcegames.app3dmodelling) AudioTrack identical 8 lines
2022-12-25 19:53:52.447 12683-12755 AudioTrack              pid-12683                            V  obtainBuffer(192) returned 192 = 192 + 0 err 0
2022-12-25 19:53:52.451 12683-12755 AudioTrack              pid-12683                            V  obtainBuffer(192) returned 192 = 64 + 128 err 0
2022-12-25 19:53:52.451 12683-12755 AudioTrack              pid-12683                            V  obtainBuffer(128) returned 128 = 128 + 0 err 0
2022-12-25 19:53:52.455 12683-12755 AudioTrack              pid-12683                            V  obtainBuffer(192) returned 192 = 192 + 0 err 0
2022-12-25 19:53:52.459 12683-12755 chatty                  pid-12683                            I  uid=10213(com.inforcegames.app3dmodelling) AudioTrack identical 1 line
2022-12-25 19:53:52.463 12683-12755 AudioTrack              pid-12683                            V  obtainBuffer(192) returned 192 = 192 + 0 err 0
2022-12-25 19:53:52.467  2280-2383  WifiGbk                 pid-2280                             D  getRandUtfOrGbkBytes - ssid="" rand=207
2022-12-25 19:53:52.467 12683-12755 AudioTrack              pid-12683                            V  obtainBuffer(192) returned 192 = 192 + 0 err 0
2022-12-25 19:53:52.471 12683-12755 chatty                  pid-12683                            I  uid=10213(com.inforcegames.app3dmodelling) AudioTrack identical 1 line
2022-12-25 19:53:52.475 12683-12755 AudioTrack              pid-12683                            V  obtainBuffer(192) returned 192 = 192 + 0 err 0
2022-12-25 19:53:52.475  1302-1457  ThermalEngine           pid-1302                             D  sensor_wait: backlight_therm Wait done.
2022-12-25 19:53:52.477  1302-1457  ThermalEngine           pid-1302                             D  sensor_monitor: backlight_therm Reading 35000 .
2022-12-25 19:53:52.477  1302-1457  ThermalEngine           pid-1302                             I  Sensor:backlight_therm:35000 mC
2022-12-25 19:53:52.477  1302-1457  ThermalEngine           pid-1302                             D  update_active_thresh: backlight_therm Active(1), Hi(1) 45000, Lo(0) -2147483648, desc(0) Interval(1) 2000
2022-12-25 19:53:52.477  1302-1457  ThermalEngine           pid-1302                             D  sensor_monitor: backlight_therm Sensor wait.
2022-12-25 19:53:52.477  1302-1457  ThermalEngine           pid-1302                             D  sensor_wait: backlight_therm Wait start. 2000ms
2022-12-25 19:53:52.479 12683-12755 AudioTrack              pid-12683                            V  obtainBuffer(192) returned 192 = 192 + 0 err 0
2022-12-25 19:53:52.527 12683-12755 chatty                  pid-12683                            I  uid=10213(com.inforcegames.app3dmodelling) AudioTrack identical 12 lines
2022-12-25 19:53:52.531 12683-12755 AudioTrack              pid-12683                            V  obtainBuffer(192) returned 192 = 192 + 0 err 0
2022-12-25 19:53:52.535 12683-12755 AudioTrack              pid-12683                            V  obtainBuffer(192) returned 192 = 128 + 64 err 0
2022-12-25 19:53:52.535 12683-12755 AudioTrack              pid-12683                            V  obtainBuffer(64) returned 64 = 64 + 0 err 0
2022-12-25 19:53:52.540 12683-12755 AudioTrack              pid-12683                            V  obtainBuffer(192) returned 192 = 192 + 0 err 0
2022-12-25 19:53:52.571 12683-12755 chatty                  pid-12683                            I  uid=10213(com.inforcegames.app3dmodelling) AudioTrack identical 8 lines
2022-12-25 19:53:52.575 12683-12755 AudioTrack              pid-12683                            V  obtainBuffer(192) returned 192 = 192 + 0 err 0
2022-12-25 19:53:52.580 12683-12755 AudioTrack              pid-12683                            V  obtainBuffer(192) returned 192 = 64 + 128 err 0
2022-12-25 19:53:52.580 12683-12755 AudioTrack              pid-12683                            V  obtainBuffer(128) returned 128 = 128 + 0 err 0
2022-12-25 19:53:52.583 12683-12755 AudioTrack              pid-12683                            V  obtainBuffer(192) returned 192 = 192 + 0 err 0
2022-12-25 19:53:52.656 12683-12755 chatty                  pid-12683                            I  uid=10213(com.inforcegames.app3dmodelling) AudioTrack identical 18 lines
2022-12-25 19:53:52.659 12683-12755 AudioTrack              pid-12683                            V  obtainBuffer(192) returned 192 = 192 + 0 err 0
2022-12-25 19:53:52.663 12683-12755 AudioTrack              pid-12683                            V  obtainBuffer(192) returned 192 = 128 + 64 err 0
2022-12-25 19:53:52.663 12683-12755 AudioTrack              pid-12683                            V  obtainBuffer(64) returned 64 = 64 + 0 err 0
2022-12-25 19:53:52.667 12683-12755 AudioTrack              pid-12683                            V  obtainBuffer(192) returned 192 = 192 + 0 err 0
2022-12-25 19:53:52.700 12683-12755 chatty                  pid-12683                            I  uid=10213(com.inforcegames.app3dmodelling) AudioTrack identical 8 lines
2022-12-25 19:53:52.703 12683-12755 AudioTrack              pid-12683                            V  obtainBuffer(192) returned 192 = 192 + 0 err 0
2022-12-25 19:53:52.707 12683-12755 AudioTrack              pid-12683                            V  obtainBuffer(192) returned 192 = 64 + 128 err 0
2022-12-25 19:53:52.707 12683-12755 AudioTrack              pid-12683                            V  obtainBuffer(128) returned 128 = 128 + 0 err 0
2022-12-25 19:53:52.711 12683-12755 AudioTrack              pid-12683                            V  obtainBuffer(192) returned 192 = 192 + 0 err 0
2022-12-25 19:53:52.783 12683-12755 chatty                  pid-12683                            I  uid=10213(com.inforcegames.app3dmodelling) AudioTrack identical 18 lines
2022-12-25 19:53:52.787 12683-12755 AudioTrack              pid-12683                            V  obtainBuffer(192) returned 192 = 192 + 0 err 0
2022-12-25 19:53:52.792 12683-12755 AudioTrack              pid-12683                            V  obtainBuffer(192) returned 192 = 128 + 64 err 0
2022-12-25 19:53:52.792 12683-12755 AudioTrack              pid-12683                            V  obtainBuffer(64) returned 64 = 64 + 0 err 0
2022-12-25 19:53:52.795 12683-12755 AudioTrack              pid-12683                            V  obtainBuffer(192) returned 192 = 192 + 0 err 0
2022-12-25 19:53:52.827 12683-12755 chatty                  pid-12683                            I  uid=10213(com.inforcegames.app3dmodelling) AudioTrack identical 8 lines
2022-12-25 19:53:52.831 12683-12755 AudioTrack              pid-12683                            V  obtainBuffer(192) returned 192 = 192 + 0 err 0
2022-12-25 19:53:52.835 12683-12755 AudioTrack              pid-12683                            V  obtainBuffer(192) returned 192 = 64 + 128 err 0
2022-12-25 19:53:52.835 12683-12755 AudioTrack              pid-12683                            V  obtainBuffer(128) returned 128 = 128 + 0 err 0
2022-12-25 19:53:52.839 12683-12755 AudioTrack              pid-12683                            V  obtainBuffer(192) returned 192 = 192 + 0 err 0
2022-12-25 19:53:52.911 12683-12755 chatty                  pid-12683                            I  uid=10213(com.inforcegames.app3dmodelling) AudioTrack identical 18 lines
2022-12-25 19:53:52.915 12683-12755 AudioTrack              pid-12683                            V  obtainBuffer(192) returned 192 = 192 + 0 err 0
2022-12-25 19:53:52.919 12683-12755 AudioTrack              pid-12683                            V  obtainBuffer(192) returned 192 = 128 + 64 err 0
2022-12-25 19:53:52.919 12683-12755 AudioTrack              pid-12683                            V  obtainBuffer(64) returned 64 = 64 + 0 err 0
2022-12-25 19:53:52.923 12683-12755 AudioTrack              pid-12683                            V  obtainBuffer(192) returned 192 = 192 + 0 err 0
2022-12-25 19:53:52.955 12683-12755 chatty                  pid-12683                            I  uid=10213(com.inforcegames.app3dmodelling) AudioTrack identical 8 lines
2022-12-25 19:53:52.959 12683-12755 AudioTrack              pid-12683                            V  obtainBuffer(192) returned 192 = 192 + 0 err 0
2022-12-25 19:53:52.963 12683-12755 AudioTrack              pid-12683                            V  obtainBuffer(192) returned 192 = 64 + 128 err 0
2022-12-25 19:53:52.963 12683-12755 AudioTrack              pid-12683                            V  obtainBuffer(128) returned 128 = 128 + 0 err 0
2022-12-25 19:53:52.968 12683-12755 AudioTrack              pid-12683                            V  obtainBuffer(192) returned 192 = 192 + 0 err 0
2022-12-25 19:53:52.969  2480-2754  MobileSignalController  pid-2480                             D  onSignalStrengthsChanged: SignalStrength: 99 0 -120 -160 -120 -160 -1 30 -86 -12 280 2147483647 0 2147483647 99 255 2147483647 gsm|lte use_rsrp_and_rssnr_for_lte_level  [-120, -115, -110, -105, -97] [-115, -105, -95, -85]
2022-12-25 19:53:52.970  2480-2754  NetworkCon...troller(1) pid-2480                             D  4G level = 5
2022-12-25 19:53:52.971 12683-12755 AudioTrack              pid-12683                            V  obtainBuffer(192) returned 192 = 192 + 0 err 0
2022-12-25 19:53:53.024 12683-12755 chatty                  pid-12683                            I  uid=10213(com.inforcegames.app3dmodelling) AudioTrack identical 13 lines
2022-12-25 19:53:53.028 12683-12755 AudioTrack              pid-12683                            V  obtainBuffer(192) returned 192 = 192 + 0 err 0
2022-12-25 19:53:53.030  2480-2480  SignalClusterView       pid-2480                             D  updateMobileTypeImage  0
2022-12-25 19:53:53.031 12683-12755 AudioTrack              pid-12683                            V  obtainBuffer(192) returned 192 = 192 + 0 err 0
2022-12-25 19:53:53.031  2480-2480  SignalClusterView       pid-2480                             D  updateMobileTypeImage  0
2022-12-25 19:53:53.032  2480-2480  SignalClusterView       pid-2480                             D  updateMobileTypeImage  0
2022-12-25 19:53:53.036 12683-12755 AudioTrack              pid-12683                            V  obtainBuffer(192) returned 192 = 192 + 0 err 0
2022-12-25 19:53:53.039 12683-12755 chatty                  pid-12683                            I  uid=10213(com.inforcegames.app3dmodelling) AudioTrack identical 1 line
2022-12-25 19:53:53.043 12683-12755 AudioTrack              pid-12683                            V  obtainBuffer(192) returned 192 = 192 + 0 err 0
2022-12-25 19:53:53.047 12683-12755 AudioTrack              pid-12683                            V  obtainBuffer(192) returned 192 = 128 + 64 err 0
2022-12-25 19:53:53.047 12683-12755 AudioTrack              pid-12683                            V  obtainBuffer(64) returned 64 = 64 + 0 err 0
2022-12-25 19:53:53.052 12683-12755 AudioTrack              pid-12683                            V  obtainBuffer(192) returned 192 = 192 + 0 err 0
2022-12-25 19:53:53.084 12683-12755 chatty                  pid-12683                            I  uid=10213(com.inforcegames.app3dmodelling) AudioTrack identical 8 lines
2022-12-25 19:53:53.088 12683-12755 AudioTrack              pid-12683                            V  obtainBuffer(192) returned 192 = 192 + 0 err 0
2022-12-25 19:53:53.091 12683-12755 AudioTrack              pid-12683                            V  obtainBuffer(192) returned 192 = 64 + 128 err 0
2022-12-25 19:53:53.091 12683-12755 AudioTrack              pid-12683                            V  obtainBuffer(128) returned 128 = 128 + 0 err 0
2022-12-25 19:53:53.095 12683-12755 AudioTrack              pid-12683                            V  obtainBuffer(192) returned 192 = 192 + 0 err 0
2022-12-25 19:53:53.140 12683-12755 chatty                  pid-12683                            I  uid=10213(com.inforcegames.app3dmodelling) AudioTrack identical 11 lines
2022-12-25 19:53:53.143 12683-12755 AudioTrack              pid-12683                            V  obtainBuffer(192) returned 192 = 192 + 0 err 0
2022-12-25 19:53:53.147  1302-1463  ThermalEngine           pid-1302                             D  sensor_wait: quiet_therm Wait done.
2022-12-25 19:53:53.147 12683-12755 AudioTrack              pid-12683                            V  obtainBuffer(192) returned 192 = 192 + 0 err 0
2022-12-25 19:53:53.148  1302-1463  ThermalEngine           pid-1302                             D  sensor_monitor: quiet_therm Reading 37000 .
2022-12-25 19:53:53.148  1302-1463  ThermalEngine           pid-1302                             I  Sensor:quiet_therm:37000 mC
2022-12-25 19:53:53.148  1302-1463  ThermalEngine           pid-1302                             D  update_active_thresh: quiet_therm Active(1), Hi(1) 40000, Lo(0) -2147483648, desc(0) Interval(1) 1000
2022-12-25 19:53:53.148  1302-1463  ThermalEngine           pid-1302                             D  sensor_monitor: quiet_therm Sensor wait.
2022-12-25 19:53:53.148  1302-1463  ThermalEngine           pid-1302                             D  sensor_wait: quiet_therm Wait start. 1000ms
2022-12-25 19:53:53.151 12683-12755 AudioTrack              pid-12683                            V  obtainBuffer(192) returned 192 = 192 + 0 err 0
2022-12-25 19:53:53.156 12683-12755 AudioTrack              pid-12683                            V  obtainBuffer(192) returned 192 = 192 + 0 err 0
2022-12-25 19:53:53.157  1302-1462  ThermalEngine           pid-1302                             D  sensor_wait: msm_therm Wait done.
2022-12-25 19:53:53.158  1302-1462  ThermalEngine           pid-1302                             D  sensor_monitor: msm_therm Reading 38000 .
2022-12-25 19:53:53.158  1302-1462  ThermalEngine           pid-1302                             I  Sensor:msm_therm:38000 mC
2022-12-25 19:53:53.158  1302-1462  ThermalEngine           pid-1302                             D  update_active_thresh: msm_therm Active(1), Hi(1) 44000, Lo(0) -2147483648, desc(0) Interval(1) 1000
2022-12-25 19:53:53.158  1302-1462  ThermalEngine           pid-1302                             D  sensor_monitor: msm_therm Sensor wait.
2022-12-25 19:53:53.158  1302-1462  ThermalEngine           pid-1302                             D  sensor_wait: msm_therm Wait start. 1000ms
2022-12-25 19:53:53.160 12683-12755 AudioTrack              pid-12683                            V  obtainBuffer(192) returned 192 = 192 + 0 err 0
2022-12-25 19:53:53.167 12683-12755 chatty                  pid-12683                            I  uid=10213(com.inforcegames.app3dmodelling) AudioTrack identical 2 lines
2022-12-25 19:53:53.172 12683-12755 AudioTrack              pid-12683                            V  obtainBuffer(192) returned 192 = 192 + 0 err 0
2022-12-25 19:53:53.176 12683-12755 AudioTrack              pid-12683                            V  obtainBuffer(192) returned 192 = 128 + 64 err 0
2022-12-25 19:53:53.176 12683-12755 AudioTrack              pid-12683                            V  obtainBuffer(64) returned 64 = 64 + 0 err 0
2022-12-25 19:53:53.180 12683-12755 AudioTrack              pid-12683                            V  obtainBuffer(192) returned 192 = 192 + 0 err 0
2022-12-25 19:53:53.211 12683-12755 chatty                  pid-12683                            I  uid=10213(com.inforcegames.app3dmodelling) AudioTrack identical 8 lines
2022-12-25 19:53:53.216 12683-12755 AudioTrack              pid-12683                            V  obtainBuffer(192) returned 192 = 192 + 0 err 0
2022-12-25 19:53:53.219 12683-12755 AudioTrack              pid-12683                            V  obtainBuffer(192) returned 192 = 64 + 128 err 0
2022-12-25 19:53:53.219 12683-12755 AudioTrack              pid-12683                            V  obtainBuffer(128) returned 128 = 128 + 0 err 0
2022-12-25 19:53:53.224 12683-12755 AudioTrack              pid-12683                            V  obtainBuffer(192) returned 192 = 192 + 0 err 0
2022-12-25 19:53:53.295 12683-12755 chatty                  pid-12683                            I  uid=10213(com.inforcegames.app3dmodelling) AudioTrack identical 18 lines
2022-12-25 19:53:53.299 12683-12755 AudioTrack              pid-12683                            V  obtainBuffer(192) returned 192 = 192 + 0 err 0
2022-12-25 19:53:53.303 12683-12755 AudioTrack              pid-12683                            V  obtainBuffer(192) returned 192 = 128 + 64 err 0
2022-12-25 19:53:53.304 12683-12755 AudioTrack              pid-12683                            V  obtainBuffer(64) returned 64 = 64 + 0 err 0
2022-12-25 19:53:53.308 12683-12755 AudioTrack              pid-12683                            V  obtainBuffer(192) returned 192 = 192 + 0 err 0
2022-12-25 19:53:53.339 12683-12755 chatty                  pid-12683                            I  uid=10213(com.inforcegames.app3dmodelling) AudioTrack identical 8 lines
2022-12-25 19:53:53.343 12683-12755 AudioTrack              pid-12683                            V  obtainBuffer(192) returned 192 = 192 + 0 err 0
2022-12-25 19:53:53.347 12683-12755 AudioTrack              pid-12683                            V  obtainBuffer(192) returned 192 = 64 + 128 err 0
2022-12-25 19:53:53.347 12683-12755 AudioTrack              pid-12683                            V  obtainBuffer(128) returned 128 = 128 + 0 err 0
2022-12-25 19:53:53.351 12683-12755 AudioTrack              pid-12683                            V  obtainBuffer(192) returned 192 = 192 + 0 err 0
2022-12-25 19:53:53.423 12683-12755 chatty                  pid-12683                            I  uid=10213(com.inforcegames.app3dmodelling) AudioTrack identical 18 lines
2022-12-25 19:53:53.427 12683-12755 AudioTrack              pid-12683                            V  obtainBuffer(192) returned 192 = 192 + 0 err 0
2022-12-25 19:53:53.432 12683-12755 AudioTrack              pid-12683                            V  obtainBuffer(192) returned 192 = 128 + 64 err 0
2022-12-25 19:53:53.433 12683-12755 AudioTrack              pid-12683                            V  obtainBuffer(64) returned 64 = 64 + 0 err 0
2022-12-25 19:53:53.435 12683-12755 AudioTrack              pid-12683                            V  obtainBuffer(192) returned 192 = 192 + 0 err 0
2022-12-25 19:53:53.467 12683-12755 chatty                  pid-12683                            I  uid=10213(com.inforcegames.app3dmodelling) AudioTrack identical 8 lines
2022-12-25 19:53:53.471 12683-12755 AudioTrack              pid-12683                            V  obtainBuffer(192) returned 192 = 192 + 0 err 0
2022-12-25 19:53:53.475 12683-12755 AudioTrack              pid-12683                            V  obtainBuffer(192) returned 192 = 64 + 128 err 0
2022-12-25 19:53:53.475 12683-12755 AudioTrack              pid-12683                            V  obtainBuffer(128) returned 128 = 128 + 0 err 0
2022-12-25 19:53:53.479 12683-12755 AudioTrack              pid-12683                            V  obtainBuffer(192) returned 192 = 192 + 0 err 0
2022-12-25 19:53:53.551 12683-12755 chatty                  pid-12683                            I  uid=10213(com.inforcegames.app3dmodelling) AudioTrack identical 18 lines
2022-12-25 19:53:53.555 12683-12755 AudioTrack              pid-12683                            V  obtainBuffer(192) returned 192 = 192 + 0 err 0
2022-12-25 19:53:53.559 12683-12755 AudioTrack              pid-12683                            V  obtainBuffer(192) returned 192 = 128 + 64 err 0
2022-12-25 19:53:53.560 12683-12755 AudioTrack              pid-12683                            V  obtainBuffer(64) returned 64 = 64 + 0 err 0
2022-12-25 19:53:53.564 12683-12755 AudioTrack              pid-12683                            V  obtainBuffer(192) returned 192 = 192 + 0 err 0
2022-12-25 19:53:53.595 12683-12755 chatty                  pid-12683                            I  uid=10213(com.inforcegames.app3dmodelling) AudioTrack identical 8 lines
2022-12-25 19:53:53.600 12683-12755 AudioTrack              pid-12683                            V  obtainBuffer(192) returned 192 = 192 + 0 err 0
2022-12-25 19:53:53.603 12683-12755 AudioTrack              pid-12683                            V  obtainBuffer(192) returned 192 = 64 + 128 err 0
2022-12-25 19:53:53.603 12683-12755 AudioTrack              pid-12683                            V  obtainBuffer(128) returned 128 = 128 + 0 err 0
2022-12-25 19:53:53.607 12683-12755 AudioTrack              pid-12683                            V  obtainBuffer(192) returned 192 = 192 + 0 err 0
2022-12-25 19:53:53.679 12683-12755 chatty                  pid-12683                            I  uid=10213(com.inforcegames.app3dmodelling) AudioTrack identical 18 lines
2022-12-25 19:53:53.683 12683-12755 AudioTrack              pid-12683                            V  obtainBuffer(192) returned 192 = 192 + 0 err 0
2022-12-25 19:53:53.687 12683-12755 AudioTrack              pid-12683                            V  obtainBuffer(192) returned 192 = 128 + 64 err 0
2022-12-25 19:53:53.687 12683-12755 AudioTrack              pid-12683                            V  obtainBuffer(64) returned 64 = 64 + 0 err 0
2022-12-25 19:53:53.692 12683-12755 AudioTrack              pid-12683                            V  obtainBuffer(192) returned 192 = 192 + 0 err 0
2022-12-25 19:53:53.723 12683-12755 chatty                  pid-12683                            I  uid=10213(com.inforcegames.app3dmodelling) AudioTrack identical 8 lines
2022-12-25 19:53:53.727 12683-12755 AudioTrack              pid-12683                            V  obtainBuffer(192) returned 192 = 192 + 0 err 0
2022-12-25 19:53:53.731 12683-12755 AudioTrack              pid-12683                            V  obtainBuffer(192) returned 192 = 64 + 128 err 0
2022-12-25 19:53:53.731 12683-12755 AudioTrack              pid-12683                            V  obtainBuffer(128) returned 128 = 128 + 0 err 0
2022-12-25 19:53:53.735 12683-12755 AudioTrack              pid-12683                            V  obtainBuffer(192) returned 192 = 192 + 0 err 0
2022-12-25 19:53:53.807 12683-12755 chatty                  pid-12683                            I  uid=10213(com.inforcegames.app3dmodelling) AudioTrack identical 18 lines
2022-12-25 19:53:53.811 12683-12755 AudioTrack              pid-12683                            V  obtainBuffer(192) returned 192 = 192 + 0 err 0
2022-12-25 19:53:53.816 12683-12755 AudioTrack              pid-12683                            V  obtainBuffer(192) returned 192 = 128 + 64 err 0
2022-12-25 19:53:53.816 12683-12755 AudioTrack              pid-12683                            V  obtainBuffer(64) returned 64 = 64 + 0 err 0
2022-12-25 19:53:53.819 12683-12755 AudioTrack              pid-12683                            V  obtainBuffer(192) returned 192 = 192 + 0 err 0
2022-12-25 19:53:53.851 12683-12755 chatty                  pid-12683                            I  uid=10213(com.inforcegames.app3dmodelling) AudioTrack identical 8 lines
2022-12-25 19:53:53.855 12683-12755 AudioTrack              pid-12683                            V  obtainBuffer(192) returned 192 = 192 + 0 err 0
2022-12-25 19:53:53.859 12683-12755 AudioTrack              pid-12683                            V  obtainBuffer(192) returned 192 = 64 + 128 err 0
2022-12-25 19:53:53.859 12683-12755 AudioTrack              pid-12683                            V  obtainBuffer(128) returned 128 = 128 + 0 err 0
2022-12-25 19:53:53.863 12683-12755 AudioTrack              pid-12683                            V  obtainBuffer(192) returned 192 = 192 + 0 err 0
2022-12-25 19:53:53.936 12683-12755 chatty                  pid-12683                            I  uid=10213(com.inforcegames.app3dmodelling) AudioTrack identical 18 lines
2022-12-25 19:53:53.940 12683-12755 AudioTrack              pid-12683                            V  obtainBuffer(192) returned 192 = 192 + 0 err 0
2022-12-25 19:53:53.944 12683-12755 AudioTrack              pid-12683                            V  obtainBuffer(192) returned 192 = 128 + 64 err 0
2022-12-25 19:53:53.944 12683-12755 AudioTrack              pid-12683                            V  obtainBuffer(64) returned 64 = 64 + 0 err 0
2022-12-25 19:53:53.947 12683-12755 AudioTrack              pid-12683                            V  obtainBuffer(192) returned 192 = 192 + 0 err 0
2022-12-25 19:53:53.979 12683-12755 chatty                  pid-12683                            I  uid=10213(com.inforcegames.app3dmodelling) AudioTrack identical 8 lines
2022-12-25 19:53:53.983 12683-12755 AudioTrack              pid-12683                            V  obtainBuffer(192) returned 192 = 192 + 0 err 0
2022-12-25 19:53:53.988 12683-12755 AudioTrack              pid-12683                            V  obtainBuffer(192) returned 192 = 64 + 128 err 0
2022-12-25 19:53:53.988 12683-12755 AudioTrack              pid-12683                            V  obtainBuffer(128) returned 128 = 128 + 0 err 0
2022-12-25 19:53:53.991 12683-12755 AudioTrack              pid-12683                            V  obtainBuffer(192) returned 192 = 192 + 0 err 0
2022-12-25 19:53:54.028 12683-12755 chatty                  pid-12683                            I  uid=10213(com.inforcegames.app3dmodelling) AudioTrack identical 9 lines
2022-12-25 19:53:54.032 12683-12755 AudioTrack              pid-12683                            V  obtainBuffer(192) returned 192 = 192 + 0 err 0
2022-12-25 19:53:54.033  2480-2480  SignalClusterView       pid-2480                             D  updateMobileTypeImage  0
2022-12-25 19:53:54.034  2480-2480  SignalClusterView       pid-2480                             D  updateMobileTypeImage  0
2022-12-25 19:53:54.035 12683-12755 AudioTrack              pid-12683                            V  obtainBuffer(192) returned 192 = 192 + 0 err 0
2022-12-25 19:53:54.035  2480-2480  SignalClusterView       pid-2480                             D  updateMobileTypeImage  0
2022-12-25 19:53:54.040 12683-12755 AudioTrack              pid-12683                            V  obtainBuffer(192) returned 192 = 192 + 0 err 0
2022-12-25 19:53:54.064 12683-12755 chatty                  pid-12683                            I  uid=10213(com.inforcegames.app3dmodelling) AudioTrack identical 6 lines
2022-12-25 19:53:54.068 12683-12755 AudioTrack              pid-12683                            V  obtainBuffer(192) returned 192 = 192 + 0 err 0
2022-12-25 19:53:54.071 12683-12755 AudioTrack              pid-12683                            V  obtainBuffer(192) returned 192 = 128 + 64 err 0
2022-12-25 19:53:54.071 12683-12755 AudioTrack              pid-12683                            V  obtainBuffer(64) returned 64 = 64 + 0 err 0
2022-12-25 19:53:54.076 12683-12755 AudioTrack              pid-12683                            V  obtainBuffer(192) returned 192 = 192 + 0 err 0
2022-12-25 19:53:54.107 12683-12755 chatty                  pid-12683                            I  uid=10213(com.inforcegames.app3dmodelling) AudioTrack identical 8 lines
2022-12-25 19:53:54.111 12683-12755 AudioTrack              pid-12683                            V  obtainBuffer(192) returned 192 = 192 + 0 err 0
2022-12-25 19:53:54.115 12683-12755 AudioTrack              pid-12683                            V  obtainBuffer(192) returned 192 = 64 + 128 err 0
2022-12-25 19:53:54.115 12683-12755 AudioTrack              pid-12683                            V  obtainBuffer(128) returned 128 = 128 + 0 err 0
2022-12-25 19:53:54.119 12683-12755 AudioTrack              pid-12683                            V  obtainBuffer(192) returned 192 = 192 + 0 err 0
2022-12-25 19:53:54.143 12683-12755 chatty                  pid-12683                            I  uid=10213(com.inforcegames.app3dmodelling) AudioTrack identical 6 lines
2022-12-25 19:53:54.147 12683-12755 AudioTrack              pid-12683                            V  obtainBuffer(192) returned 192 = 192 + 0 err 0
2022-12-25 19:53:54.148  1302-1463  ThermalEngine           pid-1302                             D  sensor_wait: quiet_therm Wait done.
2022-12-25 19:53:54.150  1302-1463  ThermalEngine           pid-1302                             D  sensor_monitor: quiet_therm Reading 37000 .
2022-12-25 19:53:54.150  1302-1463  ThermalEngine           pid-1302                             I  Sensor:quiet_therm:37000 mC
2022-12-25 19:53:54.150  1302-1463  ThermalEngine           pid-1302                             D  update_active_thresh: quiet_therm Active(1), Hi(1) 40000, Lo(0) -2147483648, desc(0) Interval(1) 1000
2022-12-25 19:53:54.150  1302-1463  ThermalEngine           pid-1302                             D  sensor_monitor: quiet_therm Sensor wait.
2022-12-25 19:53:54.150  1302-1463  ThermalEngine           pid-1302                             D  sensor_wait: quiet_therm Wait start. 1000ms
2022-12-25 19:53:54.152 12683-12755 AudioTrack              pid-12683                            V  obtainBuffer(192) returned 192 = 192 + 0 err 0
2022-12-25 19:53:54.156 12683-12755 AudioTrack              pid-12683                            V  obtainBuffer(192) returned 192 = 192 + 0 err 0
2022-12-25 19:53:54.159  1302-1462  ThermalEngine           pid-1302                             D  sensor_wait: msm_therm Wait done.
2022-12-25 19:53:54.159 12683-12755 AudioTrack              pid-12683                            V  obtainBuffer(192) returned 192 = 192 + 0 err 0
2022-12-25 19:53:54.160  1302-1462  ThermalEngine           pid-1302                             D  sensor_monitor: msm_therm Reading 38000 .
2022-12-25 19:53:54.160  1302-1462  ThermalEngine           pid-1302                             I  Sensor:msm_therm:38000 mC
2022-12-25 19:53:54.160  1302-1462  ThermalEngine           pid-1302                             D  update_active_thresh: msm_therm Active(1), Hi(1) 44000, Lo(0) -2147483648, desc(0) Interval(1) 1000
2022-12-25 19:53:54.160  1302-1462  ThermalEngine           pid-1302                             D  sensor_monitor: msm_therm Sensor wait.
2022-12-25 19:53:54.160  1302-1462  ThermalEngine           pid-1302                             D  sensor_wait: msm_therm Wait start. 1000ms
2022-12-25 19:53:54.163 12683-12755 AudioTrack              pid-12683                            V  obtainBuffer(192) returned 192 = 192 + 0 err 0
2022-12-25 19:53:54.191 12683-12755 chatty                  pid-12683                            I  uid=10213(com.inforcegames.app3dmodelling) AudioTrack identical 7 lines
2022-12-25 19:53:54.196 12683-12755 AudioTrack              pid-12683                            V  obtainBuffer(192) returned 192 = 192 + 0 err 0
2022-12-25 19:53:54.199 12683-12755 AudioTrack              pid-12683                            V  obtainBuffer(192) returned 192 = 128 + 64 err 0
2022-12-25 19:53:54.199 12683-12755 AudioTrack              pid-12683                            V  obtainBuffer(64) returned 64 = 64 + 0 err 0
2022-12-25 19:53:54.203   688-4296  audio_hw_spkr_prot      pid-688                              D  audio_extn_fbsp_get_parameters: Speaker protection disabled
2022-12-25 19:53:54.203   688-4296  audio_hw_extn           pid-688                              D  audio_extn_get_parameters: returns 
2022-12-25 19:53:54.203 12683-12755 AudioTrack              pid-12683                            V  obtainBuffer(192) returned 192 = 192 + 0 err 0
2022-12-25 19:53:54.204   743-8567  hash_map_utils          pid-743                              I  key: 'hifi_mode' value: ''
2022-12-25 19:53:54.205 12683-12940 AudioManager            pid-12683                            D  getStreamVolume isRestricted mode = 0
2022-12-25 19:53:54.207 12683-12755 AudioTrack              pid-12683                            V  obtainBuffer(192) returned 192 = 192 + 0 err 0
2022-12-25 19:53:54.208   688-4296  audio_hw_spkr_prot      pid-688                              D  audio_extn_fbsp_get_parameters: Speaker protection disabled
2022-12-25 19:53:54.208   688-4296  audio_hw_extn           pid-688                              D  audio_extn_get_parameters: returns 
2022-12-25 19:53:54.208   743-8567  hash_map_utils          pid-743                              I  key: 'hifi_mode' value: ''
2022-12-25 19:53:54.211 12683-12755 AudioTrack              pid-12683                            V  obtainBuffer(192) returned 192 = 192 + 0 err 0
2022-12-25 19:53:54.236 12683-12755 chatty                  pid-12683                            I  uid=10213(com.inforcegames.app3dmodelling) AudioTrack identical 6 lines
2022-12-25 19:53:54.240 12683-12755 AudioTrack              pid-12683                            V  obtainBuffer(192) returned 192 = 192 + 0 err 0
2022-12-25 19:53:54.243 12683-12755 AudioTrack              pid-12683                            V  obtainBuffer(192) returned 192 = 64 + 128 err 0
2022-12-25 19:53:54.243 12683-12755 AudioTrack              pid-12683                            V  obtainBuffer(128) returned 128 = 128 + 0 err 0
2022-12-25 19:53:54.248 12683-12755 AudioTrack              pid-12683                            V  obtainBuffer(192) returned 192 = 192 + 0 err 0
2022-12-25 19:53:54.319 12683-12755 chatty                  pid-12683                            I  uid=10213(com.inforcegames.app3dmodelling) AudioTrack identical 18 lines
2022-12-25 19:53:54.324 12683-12755 AudioTrack              pid-12683                            V  obtainBuffer(192) returned 192 = 192 + 0 err 0
2022-12-25 19:53:54.327 12683-12755 AudioTrack              pid-12683                            V  obtainBuffer(192) returned 192 = 128 + 64 err 0
2022-12-25 19:53:54.327 12683-12755 AudioTrack              pid-12683                            V  obtainBuffer(64) returned 64 = 64 + 0 err 0
2022-12-25 19:53:54.332 12683-12755 AudioTrack              pid-12683                            V  obtainBuffer(192) returned 192 = 192 + 0 err 0
2022-12-25 19:53:54.363 12683-12755 chatty                  pid-12683                            I  uid=10213(com.inforcegames.app3dmodelling) AudioTrack identical 8 lines
2022-12-25 19:53:54.367 12683-12755 AudioTrack              pid-12683                            V  obtainBuffer(192) returned 192 = 192 + 0 err 0
2022-12-25 19:53:54.372 12683-12755 AudioTrack              pid-12683                            V  obtainBuffer(192) returned 192 = 64 + 128 err 0
2022-12-25 19:53:54.372 12683-12755 AudioTrack              pid-12683                            V  obtainBuffer(128) returned 128 = 128 + 0 err 0
2022-12-25 19:53:54.376 12683-12755 AudioTrack              pid-12683                            V  obtainBuffer(192) returned 192 = 192 + 0 err 0
2022-12-25 19:53:54.447 12683-12755 chatty                  pid-12683                            I  uid=10213(com.inforcegames.app3dmodelling) AudioTrack identical 18 lines
2022-12-25 19:53:54.452 12683-12755 AudioTrack              pid-12683                            V  obtainBuffer(192) returned 192 = 192 + 0 err 0
2022-12-25 19:53:54.455 12683-12755 AudioTrack              pid-12683                            V  obtainBuffer(192) returned 192 = 128 + 64 err 0
2022-12-25 19:53:54.455 12683-12755 AudioTrack              pid-12683                            V  obtainBuffer(64) returned 64 = 64 + 0 err 0
2022-12-25 19:53:54.460 12683-12755 AudioTrack              pid-12683                            V  obtainBuffer(192) returned 192 = 192 + 0 err 0
2022-12-25 19:53:54.472 12683-12755 chatty                  pid-12683                            I  uid=10213(com.inforcegames.app3dmodelling) AudioTrack identical 3 lines
2022-12-25 19:53:54.475 12683-12755 AudioTrack              pid-12683                            V  obtainBuffer(192) returned 192 = 192 + 0 err 0
