2022-12-25 19:53:48.443 12683-12755 AudioTrack              pid-12683                            V  obtainBuffer(192) returned 192 = 192 + 0 err 0
2022-12-25 19:53:48.464 12683-12755 chatty                  pid-12683                            I  uid=10213(com.inforcegames.app3dmodelling) AudioTrack identical 5 lines
2022-12-25 19:53:48.467 12683-12755 AudioTrack              pid-12683                            V  obtainBuffer(192) returned 192 = 192 + 0 err 0
2022-12-25 19:53:48.471  1302-1457  ThermalEngine           pid-1302                             D  sensor_wait: backlight_therm Wait done.
2022-12-25 19:53:48.471 12683-12755 AudioTrack              pid-12683                            V  obtainBuffer(192) returned 192 = 192 + 0 err 0
2022-12-25 19:53:48.472  1302-1457  ThermalEngine           pid-1302                             D  sensor_monitor: backlight_therm Reading 35000 .
2022-12-25 19:53:48.472  1302-1457  ThermalEngine           pid-1302                             I  Sensor:backlight_therm:35000 mC
2022-12-25 19:53:48.472  1302-1457  ThermalEngine           pid-1302                             D  update_active_thresh: backlight_therm Active(1), Hi(1) 45000, Lo(0) -2147483648, desc(0) Interval(1) 2000
2022-12-25 19:53:48.472  1302-1457  ThermalEngine           pid-1302                             D  sensor_monitor: backlight_therm Sensor wait.
2022-12-25 19:53:48.472  1302-1457  ThermalEngine           pid-1302                             D  sensor_wait: backlight_therm Wait start. 2000ms
2022-12-25 19:53:48.475 12683-12755 AudioTrack              pid-12683                            V  obtainBuffer(192) returned 192 = 192 + 0 err 0
2022-12-25 19:53:48.479 12683-12755 AudioTrack              pid-12683                            V  obtainBuffer(192) returned 192 = 192 + 0 err 0
2022-12-25 19:53:48.483 12683-12755 AudioTrack              pid-12683                            V  obtainBuffer(192) returned 192 = 64 + 128 err 0
2022-12-25 19:53:48.483 12683-12755 AudioTrack              pid-12683                            V  obtainBuffer(128) returned 128 = 128 + 0 err 0
2022-12-25 19:53:48.487 12683-12755 AudioTrack              pid-12683                            V  obtainBuffer(192) returned 192 = 192 + 0 err 0
2022-12-25 19:53:48.559 12683-12755 chatty                  pid-12683                            I  uid=10213(com.inforcegames.app3dmodelling) AudioTrack identical 18 lines
2022-12-25 19:53:48.564 12683-12755 AudioTrack              pid-12683                            V  obtainBuffer(192) returned 192 = 192 + 0 err 0
2022-12-25 19:53:48.567 12683-12755 AudioTrack              pid-12683                            V  obtainBuffer(192) returned 192 = 128 + 64 err 0
2022-12-25 19:53:48.567 12683-12755 AudioTrack              pid-12683                            V  obtainBuffer(64) returned 64 = 64 + 0 err 0
2022-12-25 19:53:48.572 12683-12755 AudioTrack              pid-12683                            V  obtainBuffer(192) returned 192 = 192 + 0 err 0
2022-12-25 19:53:48.603 12683-12755 chatty                  pid-12683                            I  uid=10213(com.inforcegames.app3dmodelling) AudioTrack identical 8 lines
2022-12-25 19:53:48.607 12683-12755 AudioTrack              pid-12683                            V  obtainBuffer(192) returned 192 = 192 + 0 err 0
2022-12-25 19:53:48.611 12683-12755 AudioTrack              pid-12683                            V  obtainBuffer(192) returned 192 = 64 + 128 err 0
2022-12-25 19:53:48.611 12683-12755 AudioTrack              pid-12683                            V  obtainBuffer(128) returned 128 = 128 + 0 err 0
2022-12-25 19:53:48.616 12683-12755 AudioTrack              pid-12683                            V  obtainBuffer(192) returned 192 = 192 + 0 err 0
2022-12-25 19:53:48.688 12683-12755 chatty                  pid-12683                            I  uid=10213(com.inforcegames.app3dmodelling) AudioTrack identical 18 lines
2022-12-25 19:53:48.691 12683-12755 AudioTrack              pid-12683                            V  obtainBuffer(192) returned 192 = 192 + 0 err 0
2022-12-25 19:53:48.695 12683-12755 AudioTrack              pid-12683                            V  obtainBuffer(192) returned 192 = 128 + 64 err 0
2022-12-25 19:53:48.695 12683-12755 AudioTrack              pid-12683                            V  obtainBuffer(64) returned 64 = 64 + 0 err 0
2022-12-25 19:53:48.700 12683-12755 AudioTrack              pid-12683                            V  obtainBuffer(192) returned 192 = 192 + 0 err 0
2022-12-25 19:53:48.732 12683-12755 chatty                  pid-12683                            I  uid=10213(com.inforcegames.app3dmodelling) AudioTrack identical 8 lines
2022-12-25 19:53:48.735 12683-12755 AudioTrack              pid-12683                            V  obtainBuffer(192) returned 192 = 192 + 0 err 0
2022-12-25 19:53:48.740 12683-12755 AudioTrack              pid-12683                            V  obtainBuffer(192) returned 192 = 64 + 128 err 0
2022-12-25 19:53:48.740 12683-12755 AudioTrack              pid-12683                            V  obtainBuffer(128) returned 128 = 128 + 0 err 0
2022-12-25 19:53:48.744 12683-12755 AudioTrack              pid-12683                            V  obtainBuffer(192) returned 192 = 192 + 0 err 0
2022-12-25 19:53:48.816 12683-12755 chatty                  pid-12683                            I  uid=10213(com.inforcegames.app3dmodelling) AudioTrack identical 18 lines
2022-12-25 19:53:48.819 12683-12755 AudioTrack              pid-12683                            V  obtainBuffer(192) returned 192 = 192 + 0 err 0
2022-12-25 19:53:48.823 12683-12755 AudioTrack              pid-12683                            V  obtainBuffer(192) returned 192 = 128 + 64 err 0
2022-12-25 19:53:48.824 12683-12755 AudioTrack              pid-12683                            V  obtainBuffer(64) returned 64 = 64 + 0 err 0
2022-12-25 19:53:48.827 12683-12755 AudioTrack              pid-12683                            V  obtainBuffer(192) returned 192 = 192 + 0 err 0
2022-12-25 19:53:48.859 12683-12755 chatty                  pid-12683                            I  uid=10213(com.inforcegames.app3dmodelling) AudioTrack identical 8 lines
2022-12-25 19:53:48.865 12683-12755 AudioTrack              pid-12683                            V  obtainBuffer(192) returned 192 = 192 + 0 err 0
2022-12-25 19:53:48.867 12683-12755 AudioTrack              pid-12683                            V  obtainBuffer(192) returned 192 = 64 + 128 err 0
2022-12-25 19:53:48.868 12683-12755 AudioTrack              pid-12683                            V  obtainBuffer(128) returned 128 = 128 + 0 err 0
2022-12-25 19:53:48.872 12683-12755 AudioTrack              pid-12683                            V  obtainBuffer(192) returned 192 = 192 + 0 err 0
2022-12-25 19:53:48.943 12683-12755 chatty                  pid-12683                            I  uid=10213(com.inforcegames.app3dmodelling) AudioTrack identical 18 lines
2022-12-25 19:53:48.947 12683-12755 AudioTrack              pid-12683                            V  obtainBuffer(192) returned 192 = 192 + 0 err 0
2022-12-25 19:53:48.951 12683-12755 AudioTrack              pid-12683                            V  obtainBuffer(192) returned 192 = 128 + 64 err 0
2022-12-25 19:53:48.951 12683-12755 AudioTrack              pid-12683                            V  obtainBuffer(64) returned 64 = 64 + 0 err 0
2022-12-25 19:53:48.956 12683-12755 AudioTrack              pid-12683                            V  obtainBuffer(192) returned 192 = 192 + 0 err 0
2022-12-25 19:53:48.987 12683-12755 chatty                  pid-12683                            I  uid=10213(com.inforcegames.app3dmodelling) AudioTrack identical 8 lines
2022-12-25 19:53:48.991 12683-12755 AudioTrack              pid-12683                            V  obtainBuffer(192) returned 192 = 192 + 0 err 0
2022-12-25 19:53:48.996 12683-12755 AudioTrack              pid-12683                            V  obtainBuffer(192) returned 192 = 64 + 128 err 0
2022-12-25 19:53:48.996 12683-12755 AudioTrack              pid-12683                            V  obtainBuffer(128) returned 128 = 128 + 0 err 0
2022-12-25 19:53:48.999 12683-12755 AudioTrack              pid-12683                            V  obtainBuffer(192) returned 192 = 192 + 0 err 0
2022-12-25 19:53:49.072 12683-12755 chatty                  pid-12683                            I  uid=10213(com.inforcegames.app3dmodelling) AudioTrack identical 18 lines
2022-12-25 19:53:49.075 12683-12755 AudioTrack              pid-12683                            V  obtainBuffer(192) returned 192 = 192 + 0 err 0
2022-12-25 19:53:49.079 12683-12755 AudioTrack              pid-12683                            V  obtainBuffer(192) returned 192 = 128 + 64 err 0
2022-12-25 19:53:49.079 12683-12755 AudioTrack              pid-12683                            V  obtainBuffer(64) returned 64 = 64 + 0 err 0
2022-12-25 19:53:49.083 12683-12755 AudioTrack              pid-12683                            V  obtainBuffer(192) returned 192 = 192 + 0 err 0
2022-12-25 19:53:49.115 12683-12755 chatty                  pid-12683                            I  uid=10213(com.inforcegames.app3dmodelling) AudioTrack identical 8 lines
2022-12-25 19:53:49.120 12683-12755 AudioTrack              pid-12683                            V  obtainBuffer(192) returned 192 = 192 + 0 err 0
2022-12-25 19:53:49.123 12683-12755 AudioTrack              pid-12683                            V  obtainBuffer(192) returned 192 = 64 + 128 err 0
2022-12-25 19:53:49.123 12683-12755 AudioTrack              pid-12683                            V  obtainBuffer(128) returned 128 = 128 + 0 err 0
2022-12-25 19:53:49.127 12683-12755 AudioTrack              pid-12683                            V  obtainBuffer(192) returned 192 = 192 + 0 err 0
2022-12-25 19:53:49.136 12683-12755 chatty                  pid-12683                            I  uid=10213(com.inforcegames.app3dmodelling) AudioTrack identical 2 lines
2022-12-25 19:53:49.139 12683-12755 AudioTrack              pid-12683                            V  obtainBuffer(192) returned 192 = 192 + 0 err 0
2022-12-25 19:53:49.140  1302-1463  ThermalEngine           pid-1302                             D  sensor_wait: quiet_therm Wait done.
2022-12-25 19:53:49.141  1302-1463  ThermalEngine           pid-1302                             D  sensor_monitor: quiet_therm Reading 36000 .
2022-12-25 19:53:49.141  1302-1463  ThermalEngine           pid-1302                             I  Sensor:quiet_therm:36000 mC
2022-12-25 19:53:49.141  1302-1463  ThermalEngine           pid-1302                             D  update_active_thresh: quiet_therm Active(1), Hi(1) 40000, Lo(0) -2147483648, desc(0) Interval(1) 1000
2022-12-25 19:53:49.142  1302-1463  ThermalEngine           pid-1302                             D  sensor_monitor: quiet_therm Sensor wait.
2022-12-25 19:53:49.142  1302-1463  ThermalEngine           pid-1302                             D  sensor_wait: quiet_therm Wait start. 1000ms
2022-12-25 19:53:49.143 12683-12755 AudioTrack              pid-12683                            V  obtainBuffer(192) returned 192 = 192 + 0 err 0
2022-12-25 19:53:49.148 12683-12755 AudioTrack              pid-12683                            V  obtainBuffer(192) returned 192 = 192 + 0 err 0
2022-12-25 19:53:49.152  1302-1462  ThermalEngine           pid-1302                             D  sensor_wait: msm_therm Wait done.
2022-12-25 19:53:49.152 12683-12755 AudioTrack              pid-12683                            V  obtainBuffer(192) returned 192 = 192 + 0 err 0
2022-12-25 19:53:49.153  1302-1462  ThermalEngine           pid-1302                             D  sensor_monitor: msm_therm Reading 38000 .
2022-12-25 19:53:49.153  1302-1462  ThermalEngine           pid-1302                             I  Sensor:msm_therm:38000 mC
2022-12-25 19:53:49.153  1302-1462  ThermalEngine           pid-1302                             D  update_active_thresh: msm_therm Active(1), Hi(1) 44000, Lo(0) -2147483648, desc(0) Interval(1) 1000
2022-12-25 19:53:49.153  1302-1462  ThermalEngine           pid-1302                             D  sensor_monitor: msm_therm Sensor wait.
2022-12-25 19:53:49.153  1302-1462  ThermalEngine           pid-1302                             D  sensor_wait: msm_therm Wait start. 1000ms
2022-12-25 19:53:49.155 12683-12755 AudioTrack              pid-12683                            V  obtainBuffer(192) returned 192 = 192 + 0 err 0
2022-12-25 19:53:49.200 12683-12755 chatty                  pid-12683                            I  uid=10213(com.inforcegames.app3dmodelling) AudioTrack identical 11 lines
2022-12-25 19:53:49.204 12683-12755 AudioTrack              pid-12683                            V  obtainBuffer(192) returned 192 = 192 + 0 err 0
2022-12-25 19:53:49.207 12683-12755 AudioTrack              pid-12683                            V  obtainBuffer(192) returned 192 = 128 + 64 err 0
2022-12-25 19:53:49.207 12683-12755 AudioTrack              pid-12683                            V  obtainBuffer(64) returned 64 = 64 + 0 err 0
2022-12-25 19:53:49.211 12683-12755 AudioTrack              pid-12683                            V  obtainBuffer(192) returned 192 = 192 + 0 err 0
2022-12-25 19:53:49.244 12683-12755 chatty                  pid-12683                            I  uid=10213(com.inforcegames.app3dmodelling) AudioTrack identical 8 lines
2022-12-25 19:53:49.247 12683-12755 AudioTrack              pid-12683                            V  obtainBuffer(192) returned 192 = 192 + 0 err 0
2022-12-25 19:53:49.252 12683-12755 AudioTrack              pid-12683                            V  obtainBuffer(192) returned 192 = 64 + 128 err 0
2022-12-25 19:53:49.252 12683-12755 AudioTrack              pid-12683                            V  obtainBuffer(128) returned 128 = 128 + 0 err 0
2022-12-25 19:53:49.256 12683-12755 AudioTrack              pid-12683                            V  obtainBuffer(192) returned 192 = 192 + 0 err 0
2022-12-25 19:53:49.327 12683-12755 chatty                  pid-12683                            I  uid=10213(com.inforcegames.app3dmodelling) AudioTrack identical 18 lines
2022-12-25 19:53:49.331 12683-12755 AudioTrack              pid-12683                            V  obtainBuffer(192) returned 192 = 192 + 0 err 0
2022-12-25 19:53:49.335 12683-12755 AudioTrack              pid-12683                            V  obtainBuffer(192) returned 192 = 128 + 64 err 0
2022-12-25 19:53:49.335 12683-12755 AudioTrack              pid-12683                            V  obtainBuffer(64) returned 64 = 64 + 0 err 0
2022-12-25 19:53:49.339 12683-12755 AudioTrack              pid-12683                            V  obtainBuffer(192) returned 192 = 192 + 0 err 0
2022-12-25 19:53:49.372 12683-12755 chatty                  pid-12683                            I  uid=10213(com.inforcegames.app3dmodelling) AudioTrack identical 8 lines
2022-12-25 19:53:49.376 12683-12755 AudioTrack              pid-12683                            V  obtainBuffer(192) returned 192 = 192 + 0 err 0
2022-12-25 19:53:49.379 12683-12755 AudioTrack              pid-12683                            V  obtainBuffer(192) returned 192 = 64 + 128 err 0
2022-12-25 19:53:49.379 12683-12755 AudioTrack              pid-12683                            V  obtainBuffer(128) returned 128 = 128 + 0 err 0
2022-12-25 19:53:49.383 12683-12755 AudioTrack              pid-12683                            V  obtainBuffer(192) returned 192 = 192 + 0 err 0
2022-12-25 19:53:49.456 12683-12755 chatty                  pid-12683                            I  uid=10213(com.inforcegames.app3dmodelling) AudioTrack identical 18 lines
2022-12-25 19:53:49.459 12683-12755 AudioTrack              pid-12683                            V  obtainBuffer(192) returned 192 = 192 + 0 err 0
2022-12-25 19:53:49.464 12683-12755 AudioTrack              pid-12683                            V  obtainBuffer(192) returned 192 = 128 + 64 err 0
2022-12-25 19:53:49.464 12683-12755 AudioTrack              pid-12683                            V  obtainBuffer(64) returned 64 = 64 + 0 err 0
2022-12-25 19:53:49.467 12683-12755 AudioTrack              pid-12683                            V  obtainBuffer(192) returned 192 = 192 + 0 err 0
2022-12-25 19:53:49.500 12683-12755 chatty                  pid-12683                            I  uid=10213(com.inforcegames.app3dmodelling) AudioTrack identical 8 lines
2022-12-25 19:53:49.503 12683-12755 AudioTrack              pid-12683                            V  obtainBuffer(192) returned 192 = 192 + 0 err 0
2022-12-25 19:53:49.508 12683-12755 AudioTrack              pid-12683                            V  obtainBuffer(192) returned 192 = 64 + 128 err 0
2022-12-25 19:53:49.508 12683-12755 AudioTrack              pid-12683                            V  obtainBuffer(128) returned 128 = 128 + 0 err 0
2022-12-25 19:53:49.511 12683-12755 AudioTrack              pid-12683                            V  obtainBuffer(192) returned 192 = 192 + 0 err 0
2022-12-25 19:53:49.584 12683-12755 chatty                  pid-12683                            I  uid=10213(com.inforcegames.app3dmodelling) AudioTrack identical 18 lines
2022-12-25 19:53:49.587 12683-12755 AudioTrack              pid-12683                            V  obtainBuffer(192) returned 192 = 192 + 0 err 0
2022-12-25 19:53:49.592 12683-12755 AudioTrack              pid-12683                            V  obtainBuffer(192) returned 192 = 128 + 64 err 0
2022-12-25 19:53:49.592 12683-12755 AudioTrack              pid-12683                            V  obtainBuffer(64) returned 64 = 64 + 0 err 0
2022-12-25 19:53:49.596 12683-12755 AudioTrack              pid-12683                            V  obtainBuffer(192) returned 192 = 192 + 0 err 0
2022-12-25 19:53:49.628 12683-12755 chatty                  pid-12683                            I  uid=10213(com.inforcegames.app3dmodelling) AudioTrack identical 8 lines
2022-12-25 19:53:49.632 12683-12755 AudioTrack              pid-12683                            V  obtainBuffer(192) returned 192 = 192 + 0 err 0
2022-12-25 19:53:49.635 12683-12755 AudioTrack              pid-12683                            V  obtainBuffer(192) returned 192 = 64 + 128 err 0
2022-12-25 19:53:49.635 12683-12755 AudioTrack              pid-12683                            V  obtainBuffer(128) returned 128 = 128 + 0 err 0
2022-12-25 19:53:49.640 12683-12755 AudioTrack              pid-12683                            V  obtainBuffer(192) returned 192 = 192 + 0 err 0
2022-12-25 19:53:49.711 12683-12755 chatty                  pid-12683                            I  uid=10213(com.inforcegames.app3dmodelling) AudioTrack identical 18 lines
2022-12-25 19:53:49.715 12683-12755 AudioTrack              pid-12683                            V  obtainBuffer(192) returned 192 = 192 + 0 err 0
2022-12-25 19:53:49.719 12683-12755 AudioTrack              pid-12683                            V  obtainBuffer(192) returned 192 = 128 + 64 err 0
2022-12-25 19:53:49.719 12683-12755 AudioTrack              pid-12683                            V  obtainBuffer(64) returned 64 = 64 + 0 err 0
2022-12-25 19:53:49.724 12683-12755 AudioTrack              pid-12683                            V  obtainBuffer(192) returned 192 = 192 + 0 err 0
2022-12-25 19:53:49.755 12683-12755 chatty                  pid-12683                            I  uid=10213(com.inforcegames.app3dmodelling) AudioTrack identical 8 lines
2022-12-25 19:53:49.759 12683-12755 AudioTrack              pid-12683                            V  obtainBuffer(192) returned 192 = 192 + 0 err 0
2022-12-25 19:53:49.763 12683-12755 AudioTrack              pid-12683                            V  obtainBuffer(192) returned 192 = 64 + 128 err 0
2022-12-25 19:53:49.763 12683-12755 AudioTrack              pid-12683                            V  obtainBuffer(128) returned 128 = 128 + 0 err 0
2022-12-25 19:53:49.768 12683-12755 AudioTrack              pid-12683                            V  obtainBuffer(192) returned 192 = 192 + 0 err 0
2022-12-25 19:53:49.839 12683-12755 chatty                  pid-12683                            I  uid=10213(com.inforcegames.app3dmodelling) AudioTrack identical 18 lines
2022-12-25 19:53:49.843 12683-12755 AudioTrack              pid-12683                            V  obtainBuffer(192) returned 192 = 192 + 0 err 0
2022-12-25 19:53:49.847 12683-12755 AudioTrack              pid-12683                            V  obtainBuffer(192) returned 192 = 128 + 64 err 0
2022-12-25 19:53:49.847 12683-12755 AudioTrack              pid-12683                            V  obtainBuffer(64) returned 64 = 64 + 0 err 0
2022-12-25 19:53:49.851 12683-12755 AudioTrack              pid-12683                            V  obtainBuffer(192) returned 192 = 192 + 0 err 0
2022-12-25 19:53:49.883 12683-12755 chatty                  pid-12683                            I  uid=10213(com.inforcegames.app3dmodelling) AudioTrack identical 8 lines
2022-12-25 19:53:49.887 12683-12755 AudioTrack              pid-12683                            V  obtainBuffer(192) returned 192 = 192 + 0 err 0
2022-12-25 19:53:49.891 12683-12755 AudioTrack              pid-12683                            V  obtainBuffer(192) returned 192 = 64 + 128 err 0
2022-12-25 19:53:49.891 12683-12755 AudioTrack              pid-12683                            V  obtainBuffer(128) returned 128 = 128 + 0 err 0
2022-12-25 19:53:49.895 12683-12755 AudioTrack              pid-12683                            V  obtainBuffer(192) returned 192 = 192 + 0 err 0
2022-12-25 19:53:49.968 12683-12755 chatty                  pid-12683                            I  uid=10213(com.inforcegames.app3dmodelling) AudioTrack identical 18 lines
2022-12-25 19:53:49.971 12683-12755 AudioTrack              pid-12683                            V  obtainBuffer(192) returned 192 = 192 + 0 err 0
2022-12-25 19:53:49.975 12683-12755 AudioTrack              pid-12683                            V  obtainBuffer(192) returned 192 = 128 + 64 err 0
2022-12-25 19:53:49.975 12683-12755 AudioTrack              pid-12683                            V  obtainBuffer(64) returned 64 = 64 + 0 err 0
2022-12-25 19:53:49.980 12683-12755 AudioTrack              pid-12683                            V  obtainBuffer(192) returned 192 = 192 + 0 err 0
2022-12-25 19:53:50.012 12683-12755 chatty                  pid-12683                            I  uid=10213(com.inforcegames.app3dmodelling) AudioTrack identical 8 lines
2022-12-25 19:53:50.016 12683-12755 AudioTrack              pid-12683                            V  obtainBuffer(192) returned 192 = 192 + 0 err 0
2022-12-25 19:53:50.020 12683-12755 AudioTrack              pid-12683                            V  obtainBuffer(192) returned 192 = 64 + 128 err 0
2022-12-25 19:53:50.020 12683-12755 AudioTrack              pid-12683                            V  obtainBuffer(128) returned 128 = 128 + 0 err 0
2022-12-25 19:53:50.023 12683-12755 AudioTrack              pid-12683                            V  obtainBuffer(192) returned 192 = 192 + 0 err 0
2022-12-25 19:53:50.055 12683-12755 chatty                  pid-12683                            I  uid=10213(com.inforcegames.app3dmodelling) AudioTrack identical 8 lines
2022-12-25 19:53:50.059 12683-12755 AudioTrack              pid-12683                            V  obtainBuffer(192) returned 192 = 192 + 0 err 0
2022-12-25 19:53:50.061   688-4296  audio_hw_spkr_prot      pid-688                              D  audio_extn_fbsp_get_parameters: Speaker protection disabled
2022-12-25 19:53:50.061   688-4296  audio_hw_extn           pid-688                              D  audio_extn_get_parameters: returns 
2022-12-25 19:53:50.062   743-8567  hash_map_utils          pid-743                              I  key: 'hifi_mode' value: ''
2022-12-25 19:53:50.063 12683-12755 AudioTrack              pid-12683                            V  obtainBuffer(192) returned 192 = 192 + 0 err 0
2022-12-25 19:53:50.065 12683-12940 AudioManager            pid-12683                            D  getStreamVolume isRestricted mode = 0
2022-12-25 19:53:50.067   688-4296  audio_hw_spkr_prot      pid-688                              D  audio_extn_fbsp_get_parameters: Speaker protection disabled
2022-12-25 19:53:50.067   688-4296  audio_hw_extn           pid-688                              D  audio_extn_get_parameters: returns 
2022-12-25 19:53:50.067 12683-12755 AudioTrack              pid-12683                            V  obtainBuffer(192) returned 192 = 192 + 0 err 0
2022-12-25 19:53:50.068   743-8567  hash_map_utils          pid-743                              I  key: 'hifi_mode' value: ''
2022-12-25 19:53:50.071 12683-12755 AudioTrack              pid-12683                            V  obtainBuffer(192) returned 192 = 192 + 0 err 0
2022-12-25 19:53:50.095 12683-12755 chatty                  pid-12683                            I  uid=10213(com.inforcegames.app3dmodelling) AudioTrack identical 6 lines
2022-12-25 19:53:50.100 12683-12755 AudioTrack              pid-12683                            V  obtainBuffer(192) returned 192 = 192 + 0 err 0
2022-12-25 19:53:50.103 12683-12755 AudioTrack              pid-12683                            V  obtainBuffer(192) returned 192 = 128 + 64 err 0
2022-12-25 19:53:50.104 12683-12755 AudioTrack              pid-12683                            V  obtainBuffer(64) returned 64 = 64 + 0 err 0
2022-12-25 19:53:50.107 12683-12755 AudioTrack              pid-12683                            V  obtainBuffer(192) returned 192 = 192 + 0 err 0
2022-12-25 19:53:50.136 12683-12755 chatty                  pid-12683                            I  uid=10213(com.inforcegames.app3dmodelling) AudioTrack identical 7 lines
2022-12-25 19:53:50.139 12683-12755 AudioTrack              pid-12683                            V  obtainBuffer(192) returned 192 = 192 + 0 err 0
2022-12-25 19:53:50.142  1302-1463  ThermalEngine           pid-1302                             D  sensor_wait: quiet_therm Wait done.
2022-12-25 19:53:50.143  1302-1463  ThermalEngine           pid-1302                             D  sensor_monitor: quiet_therm Reading 36000 .
2022-12-25 19:53:50.143  1302-1463  ThermalEngine           pid-1302                             I  Sensor:quiet_therm:36000 mC
2022-12-25 19:53:50.143  1302-1463  ThermalEngine           pid-1302                             D  update_active_thresh: quiet_therm Active(1), Hi(1) 40000, Lo(0) -2147483648, desc(0) Interval(1) 1000
2022-12-25 19:53:50.143  1302-1463  ThermalEngine           pid-1302                             D  sensor_monitor: quiet_therm Sensor wait.
2022-12-25 19:53:50.143  1302-1463  ThermalEngine           pid-1302                             D  sensor_wait: quiet_therm Wait start. 1000ms
2022-12-25 19:53:50.143 12683-12755 AudioTrack              pid-12683                            V  obtainBuffer(192) returned 192 = 192 + 0 err 0
2022-12-25 19:53:50.147 12683-12755 AudioTrack              pid-12683                            V  obtainBuffer(192) returned 192 = 64 + 128 err 0
2022-12-25 19:53:50.147 12683-12755 AudioTrack              pid-12683                            V  obtainBuffer(128) returned 128 = 128 + 0 err 0
2022-12-25 19:53:50.153 12683-12755 AudioTrack              pid-12683                            V  obtainBuffer(192) returned 192 = 192 + 0 err 0
2022-12-25 19:53:50.153  1302-1462  ThermalEngine           pid-1302                             D  sensor_wait: msm_therm Wait done.
2022-12-25 19:53:50.154  1302-1462  ThermalEngine           pid-1302                             D  sensor_monitor: msm_therm Reading 38000 .
2022-12-25 19:53:50.154  1302-1462  ThermalEngine           pid-1302                             I  Sensor:msm_therm:38000 mC
2022-12-25 19:53:50.154  1302-1462  ThermalEngine           pid-1302                             D  update_active_thresh: msm_therm Active(1), Hi(1) 44000, Lo(0) -2147483648, desc(0) Interval(1) 1000
2022-12-25 19:53:50.154  1302-1462  ThermalEngine           pid-1302                             D  sensor_monitor: msm_therm Sensor wait.
2022-12-25 19:53:50.154  1302-1462  ThermalEngine           pid-1302                             D  sensor_wait: msm_therm Wait start. 1000ms
2022-12-25 19:53:50.155 12683-12755 AudioTrack              pid-12683                            V  obtainBuffer(192) returned 192 = 192 + 0 err 0
2022-12-25 19:53:50.223 12683-12755 chatty                  pid-12683                            I  uid=10213(com.inforcegames.app3dmodelling) AudioTrack identical 17 lines
2022-12-25 19:53:50.227 12683-12755 AudioTrack              pid-12683                            V  obtainBuffer(192) returned 192 = 192 + 0 err 0
2022-12-25 19:53:50.232 12683-12755 AudioTrack              pid-12683                            V  obtainBuffer(192) returned 192 = 128 + 64 err 0
2022-12-25 19:53:50.232 12683-12755 AudioTrack              pid-12683                            V  obtainBuffer(64) returned 64 = 64 + 0 err 0
2022-12-25 19:53:50.236 12683-12755 AudioTrack              pid-12683                            V  obtainBuffer(192) returned 192 = 192 + 0 err 0
2022-12-25 19:53:50.267 12683-12755 chatty                  pid-12683                            I  uid=10213(com.inforcegames.app3dmodelling) AudioTrack identical 8 lines
2022-12-25 19:53:50.271 12683-12755 AudioTrack              pid-12683                            V  obtainBuffer(192) returned 192 = 192 + 0 err 0
2022-12-25 19:53:50.275 12683-12755 AudioTrack              pid-12683                            V  obtainBuffer(192) returned 192 = 64 + 128 err 0
2022-12-25 19:53:50.275 12683-12755 AudioTrack              pid-12683                            V  obtainBuffer(128) returned 128 = 128 + 0 err 0
2022-12-25 19:53:50.280 12683-12755 AudioTrack              pid-12683                            V  obtainBuffer(192) returned 192 = 192 + 0 err 0
2022-12-25 19:53:50.351 12683-12755 chatty                  pid-12683                            I  uid=10213(com.inforcegames.app3dmodelling) AudioTrack identical 18 lines
2022-12-25 19:53:50.355 12683-12755 AudioTrack              pid-12683                            V  obtainBuffer(192) returned 192 = 192 + 0 err 0
2022-12-25 19:53:50.359 12683-12755 AudioTrack              pid-12683                            V  obtainBuffer(192) returned 192 = 128 + 64 err 0
2022-12-25 19:53:50.360 12683-12755 AudioTrack              pid-12683                            V  obtainBuffer(64) returned 64 = 64 + 0 err 0
2022-12-25 19:53:50.364 12683-12755 AudioTrack              pid-12683                            V  obtainBuffer(192) returned 192 = 192 + 0 err 0
2022-12-25 19:53:50.396 12683-12755 chatty                  pid-12683                            I  uid=10213(com.inforcegames.app3dmodelling) AudioTrack identical 8 lines
2022-12-25 19:53:50.400 12683-12755 AudioTrack              pid-12683                            V  obtainBuffer(192) returned 192 = 192 + 0 err 0
2022-12-25 19:53:50.403 12683-12755 AudioTrack              pid-12683                            V  obtainBuffer(192) returned 192 = 64 + 128 err 0
2022-12-25 19:53:50.403 12683-12755 AudioTrack              pid-12683                            V  obtainBuffer(128) returned 128 = 128 + 0 err 0
2022-12-25 19:53:50.408 12683-12755 AudioTrack              pid-12683                            V  obtainBuffer(192) returned 192 = 192 + 0 err 0
2022-12-25 19:53:50.467 12683-12755 chatty                  pid-12683                            I  uid=10213(com.inforcegames.app3dmodelling) AudioTrack identical 15 lines
2022-12-25 19:53:50.471 12683-12755 AudioTrack              pid-12683                            V  obtainBuffer(192) returned 192 = 192 + 0 err 0
2022-12-25 19:53:50.473  1302-1457  ThermalEngine           pid-1302                             D  sensor_wait: backlight_therm Wait done.
2022-12-25 19:53:50.475  1302-1457  ThermalEngine           pid-1302                             D  sensor_monitor: backlight_therm Reading 35000 .
2022-12-25 19:53:50.475  1302-1457  ThermalEngine           pid-1302                             I  Sensor:backlight_therm:35000 mC
2022-12-25 19:53:50.475 12683-12755 AudioTrack              pid-12683                            V  obtainBuffer(192) returned 192 = 192 + 0 err 0
2022-12-25 19:53:50.475  1302-1457  ThermalEngine           pid-1302                             D  update_active_thresh: backlight_therm Active(1), Hi(1) 45000, Lo(0) -2147483648, desc(0) Interval(1) 2000
2022-12-25 19:53:50.475  1302-1457  ThermalEngine           pid-1302                             D  sensor_monitor: backlight_therm Sensor wait.
2022-12-25 19:53:50.475  1302-1457  ThermalEngine           pid-1302                             D  sensor_wait: backlight_therm Wait start. 2000ms
2022-12-25 19:53:50.480 12683-12755 AudioTrack              pid-12683                            V  obtainBuffer(192) returned 192 = 192 + 0 err 0
2022-12-25 19:53:50.483 12683-12755 AudioTrack              pid-12683                            V  obtainBuffer(192) returned 192 = 192 + 0 err 0
2022-12-25 19:53:50.487 12683-12755 AudioTrack              pid-12683                            V  obtainBuffer(192) returned 192 = 128 + 64 err 0
2022-12-25 19:53:50.487 12683-12755 AudioTrack              pid-12683                            V  obtainBuffer(64) returned 64 = 64 + 0 err 0
2022-12-25 19:53:50.491 12683-12755 AudioTrack              pid-12683                            V  obtainBuffer(192) returned 192 = 192 + 0 err 0
2022-12-25 19:53:50.523 12683-12755 chatty                  pid-12683                            I  uid=10213(com.inforcegames.app3dmodelling) AudioTrack identical 8 lines
2022-12-25 19:53:50.527 12683-12755 AudioTrack              pid-12683                            V  obtainBuffer(192) returned 192 = 192 + 0 err 0
2022-12-25 19:53:50.532 12683-12755 AudioTrack              pid-12683                            V  obtainBuffer(192) returned 192 = 64 + 128 err 0
2022-12-25 19:53:50.532 12683-12755 AudioTrack              pid-12683                            V  obtainBuffer(128) returned 128 = 128 + 0 err 0
2022-12-25 19:53:50.535 12683-12755 AudioTrack              pid-12683                            V  obtainBuffer(192) returned 192 = 192 + 0 err 0
2022-12-25 19:53:50.607 12683-12755 chatty                  pid-12683                            I  uid=10213(com.inforcegames.app3dmodelling) AudioTrack identical 18 lines
2022-12-25 19:53:50.611 12683-12755 AudioTrack              pid-12683                            V  obtainBuffer(192) returned 192 = 192 + 0 err 0
2022-12-25 19:53:50.615 12683-12755 AudioTrack              pid-12683                            V  obtainBuffer(192) returned 192 = 128 + 64 err 0
2022-12-25 19:53:50.615 12683-12755 AudioTrack              pid-12683                            V  obtainBuffer(64) returned 64 = 64 + 0 err 0
2022-12-25 19:53:50.619 12683-12755 AudioTrack              pid-12683                            V  obtainBuffer(192) returned 192 = 192 + 0 err 0
2022-12-25 19:53:50.652 12683-12755 chatty                  pid-12683                            I  uid=10213(com.inforcegames.app3dmodelling) AudioTrack identical 8 lines
2022-12-25 19:53:50.655 12683-12755 AudioTrack              pid-12683                            V  obtainBuffer(192) returned 192 = 192 + 0 err 0
2022-12-25 19:53:50.659 12683-12755 AudioTrack              pid-12683                            V  obtainBuffer(192) returned 192 = 64 + 128 err 0
2022-12-25 19:53:50.660 12683-12755 AudioTrack              pid-12683                            V  obtainBuffer(128) returned 128 = 128 + 0 err 0
2022-12-25 19:53:50.663 12683-12755 AudioTrack              pid-12683                            V  obtainBuffer(192) returned 192 = 192 + 0 err 0
2022-12-25 19:53:50.719 12683-12755 chatty                  pid-12683                            I  uid=10213(com.inforcegames.app3dmodelling) AudioTrack identical 14 lines
2022-12-25 19:53:50.723 12683-12755 AudioTrack              pid-12683                            V  obtainBuffer(192) returned 192 = 192 + 0 err 0
2022-12-25 19:53:50.727  2480-2754  MobileSignalController  pid-2480                             D  onSignalStrengthsChanged: SignalStrength: 99 0 -120 -160 -120 -160 -1 27 -88 -10 140 2147483647 0 2147483647 99 255 2147483647 gsm|lte use_rsrp_and_rssnr_for_lte_level  [-120, -115, -110, -105, -97] [-115, -105, -95, -85]
2022-12-25 19:53:50.727  2480-2754  NetworkCon...troller(1) pid-2480                             D  4G level = 5
2022-12-25 19:53:50.727 12683-12755 AudioTrack              pid-12683                            V  obtainBuffer(192) returned 192 = 192 + 0 err 0
2022-12-25 19:53:50.735 12683-12755 chatty                  pid-12683                            I  uid=10213(com.inforcegames.app3dmodelling) AudioTrack identical 2 lines
2022-12-25 19:53:50.739 12683-12755 AudioTrack              pid-12683                            V  obtainBuffer(192) returned 192 = 192 + 0 err 0
2022-12-25 19:53:50.743 12683-12755 AudioTrack              pid-12683                            V  obtainBuffer(192) returned 192 = 128 + 64 err 0
2022-12-25 19:53:50.743 12683-12755 AudioTrack              pid-12683                            V  obtainBuffer(64) returned 64 = 64 + 0 err 0
2022-12-25 19:53:50.747 12683-12755 AudioTrack              pid-12683                            V  obtainBuffer(192) returned 192 = 192 + 0 err 0
2022-12-25 19:53:50.779 12683-12755 chatty                  pid-12683                            I  uid=10213(com.inforcegames.app3dmodelling) AudioTrack identical 8 lines
2022-12-25 19:53:50.783 12683-12755 AudioTrack              pid-12683                            V  obtainBuffer(192) returned 192 = 192 + 0 err 0
2022-12-25 19:53:50.787 12683-12755 AudioTrack              pid-12683                            V  obtainBuffer(192) returned 192 = 64 + 128 err 0
2022-12-25 19:53:50.787 12683-12755 AudioTrack              pid-12683                            V  obtainBuffer(128) returned 128 = 128 + 0 err 0
2022-12-25 19:53:50.791 12683-12755 AudioTrack              pid-12683                            V  obtainBuffer(192) returned 192 = 192 + 0 err 0
2022-12-25 19:53:50.864 12683-12755 chatty                  pid-12683                            I  uid=10213(com.inforcegames.app3dmodelling) AudioTrack identical 18 lines
2022-12-25 19:53:50.867 12683-12755 AudioTrack              pid-12683                            V  obtainBuffer(192) returned 192 = 192 + 0 err 0
2022-12-25 19:53:50.871 12683-12755 AudioTrack              pid-12683                            V  obtainBuffer(192) returned 192 = 128 + 64 err 0
2022-12-25 19:53:50.871 12683-12755 AudioTrack              pid-12683                            V  obtainBuffer(64) returned 64 = 64 + 0 err 0
2022-12-25 19:53:50.875 12683-12755 AudioTrack              pid-12683                            V  obtainBuffer(192) returned 192 = 192 + 0 err 0
2022-12-25 19:53:50.907 12683-12755 chatty                  pid-12683                            I  uid=10213(com.inforcegames.app3dmodelling) AudioTrack identical 8 lines
2022-12-25 19:53:50.912 12683-12755 AudioTrack              pid-12683                            V  obtainBuffer(192) returned 192 = 192 + 0 err 0
2022-12-25 19:53:50.916 12683-12755 AudioTrack              pid-12683                            V  obtainBuffer(192) returned 192 = 64 + 128 err 0
2022-12-25 19:53:50.916 12683-12755 AudioTrack              pid-12683                            V  obtainBuffer(128) returned 128 = 128 + 0 err 0
2022-12-25 19:53:50.919 12683-12755 AudioTrack              pid-12683                            V  obtainBuffer(192) returned 192 = 192 + 0 err 0
2022-12-25 19:53:50.991 12683-12755 chatty                  pid-12683                            I  uid=10213(com.inforcegames.app3dmodelling) AudioTrack identical 18 lines
2022-12-25 19:53:50.996 12683-12755 AudioTrack              pid-12683                            V  obtainBuffer(192) returned 192 = 192 + 0 err 0
2022-12-25 19:53:50.999 12683-12755 AudioTrack              pid-12683                            V  obtainBuffer(192) returned 192 = 128 + 64 err 0
2022-12-25 19:53:50.999 12683-12755 AudioTrack              pid-12683                            V  obtainBuffer(64) returned 64 = 64 + 0 err 0
2022-12-25 19:53:51.004 12683-12755 AudioTrack              pid-12683                            V  obtainBuffer(192) returned 192 = 192 + 0 err 0
2022-12-25 19:53:51.035 12683-12755 chatty                  pid-12683                            I  uid=10213(com.inforcegames.app3dmodelling) AudioTrack identical 8 lines
2022-12-25 19:53:51.040 12683-12755 AudioTrack              pid-12683                            V  obtainBuffer(192) returned 192 = 192 + 0 err 0
2022-12-25 19:53:51.043 12683-12755 AudioTrack              pid-12683                            V  obtainBuffer(192) returned 192 = 64 + 128 err 0
2022-12-25 19:53:51.043 12683-12755 AudioTrack              pid-12683                            V  obtainBuffer(128) returned 128 = 128 + 0 err 0
2022-12-25 19:53:51.048 12683-12755 AudioTrack              pid-12683                            V  obtainBuffer(192) returned 192 = 192 + 0 err 0
2022-12-25 19:53:51.119 12683-12755 chatty                  pid-12683                            I  uid=10213(com.inforcegames.app3dmodelling) AudioTrack identical 18 lines
2022-12-25 19:53:51.124 12683-12755 AudioTrack              pid-12683                            V  obtainBuffer(192) returned 192 = 192 + 0 err 0
2022-12-25 19:53:51.127 12683-12755 AudioTrack              pid-12683                            V  obtainBuffer(192) returned 192 = 128 + 64 err 0
2022-12-25 19:53:51.127 12683-12755 AudioTrack              pid-12683                            V  obtainBuffer(64) returned 64 = 64 + 0 err 0
2022-12-25 19:53:51.131 12683-12755 AudioTrack              pid-12683                            V  obtainBuffer(192) returned 192 = 192 + 0 err 0
2022-12-25 19:53:51.139 12683-12755 chatty                  pid-12683                            I  uid=10213(com.inforcegames.app3dmodelling) AudioTrack identical 2 lines
2022-12-25 19:53:51.143 12683-12755 AudioTrack              pid-12683                            V  obtainBuffer(192) returned 192 = 192 + 0 err 0
2022-12-25 19:53:51.143  1302-1463  ThermalEngine           pid-1302                             D  sensor_wait: quiet_therm Wait done.
2022-12-25 19:53:51.145  1302-1463  ThermalEngine           pid-1302                             D  sensor_monitor: quiet_therm Reading 36000 .
2022-12-25 19:53:51.145  1302-1463  ThermalEngine           pid-1302                             I  Sensor:quiet_therm:36000 mC
2022-12-25 19:53:51.145  1302-1463  ThermalEngine           pid-1302                             D  update_active_thresh: quiet_therm Active(1), Hi(1) 40000, Lo(0) -2147483648, desc(0) Interval(1) 1000
2022-12-25 19:53:51.145  1302-1463  ThermalEngine           pid-1302                             D  sensor_monitor: quiet_therm Sensor wait.
2022-12-25 19:53:51.145  1302-1463  ThermalEngine           pid-1302                             D  sensor_wait: quiet_therm Wait start. 1000ms
2022-12-25 19:53:51.147 12683-12755 AudioTrack              pid-12683                            V  obtainBuffer(192) returned 192 = 192 + 0 err 0
2022-12-25 19:53:51.151 12683-12755 AudioTrack              pid-12683                            V  obtainBuffer(192) returned 192 = 192 + 0 err 0
2022-12-25 19:53:51.154  1302-1462  ThermalEngine           pid-1302                             D  sensor_wait: msm_therm Wait done.
2022-12-25 19:53:51.155 12683-12755 AudioTrack              pid-12683                            V  obtainBuffer(192) returned 192 = 192 + 0 err 0
2022-12-25 19:53:51.155  1302-1462  ThermalEngine           pid-1302                             D  sensor_monitor: msm_therm Reading 38000 .
2022-12-25 19:53:51.155  1302-1462  ThermalEngine           pid-1302                             I  Sensor:msm_therm:38000 mC
2022-12-25 19:53:51.155  1302-1462  ThermalEngine           pid-1302                             D  update_active_thresh: msm_therm Active(1), Hi(1) 44000, Lo(0) -2147483648, desc(0) Interval(1) 1000
2022-12-25 19:53:51.155  1302-1462  ThermalEngine           pid-1302                             D  sensor_monitor: msm_therm Sensor wait.
2022-12-25 19:53:51.155  1302-1462  ThermalEngine           pid-1302                             D  sensor_wait: msm_therm Wait start. 1000ms
2022-12-25 19:53:51.159 12683-12755 AudioTrack              pid-12683                            V  obtainBuffer(192) returned 192 = 192 + 0 err 0
2022-12-25 19:53:51.163 12683-12755 chatty                  pid-12683                            I  uid=10213(com.inforcegames.app3dmodelling) AudioTrack identical 1 line
2022-12-25 19:53:51.167 12683-12755 AudioTrack              pid-12683                            V  obtainBuffer(192) returned 192 = 192 + 0 err 0
2022-12-25 19:53:51.171 12683-12755 AudioTrack              pid-12683                            V  obtainBuffer(192) returned 192 = 64 + 128 err 0
2022-12-25 19:53:51.171 12683-12755 AudioTrack              pid-12683                            V  obtainBuffer(128) returned 128 = 128 + 0 err 0
2022-12-25 19:53:51.176 12683-12755 AudioTrack              pid-12683                            V  obtainBuffer(192) returned 192 = 192 + 0 err 0
2022-12-25 19:53:51.247 12683-12755 chatty                  pid-12683                            I  uid=10213(com.inforcegames.app3dmodelling) AudioTrack identical 18 lines
2022-12-25 19:53:51.251 12683-12755 AudioTrack              pid-12683                            V  obtainBuffer(192) returned 192 = 192 + 0 err 0
2022-12-25 19:53:51.256 12683-12755 AudioTrack              pid-12683                            V  obtainBuffer(192) returned 192 = 128 + 64 err 0
2022-12-25 19:53:51.256 12683-12755 AudioTrack              pid-12683                            V  obtainBuffer(64) returned 64 = 64 + 0 err 0
2022-12-25 19:53:51.260 12683-12755 AudioTrack              pid-12683                            V  obtainBuffer(192) returned 192 = 192 + 0 err 0
2022-12-25 19:53:51.291 12683-12755 chatty                  pid-12683                            I  uid=10213(com.inforcegames.app3dmodelling) AudioTrack identical 8 lines
2022-12-25 19:53:51.296 12683-12755 AudioTrack              pid-12683                            V  obtainBuffer(192) returned 192 = 192 + 0 err 0
2022-12-25 19:53:51.299 12683-12755 AudioTrack              pid-12683                            V  obtainBuffer(192) returned 192 = 64 + 128 err 0
2022-12-25 19:53:51.299 12683-12755 AudioTrack              pid-12683                            V  obtainBuffer(128) returned 128 = 128 + 0 err 0
2022-12-25 19:53:51.303 12683-12755 AudioTrack              pid-12683                            V  obtainBuffer(192) returned 192 = 192 + 0 err 0
2022-12-25 19:53:51.370 12953-12953 linker                  pid-12953                            A  CANNOT LINK EXECUTABLE "/system/bin/dpmd": "/system/lib64/libdpmframework.so" is 32-bit instead of 64-bit
2022-12-25 19:53:51.375 12683-12755 chatty                  pid-12683                            I  uid=10213(com.inforcegames.app3dmodelling) AudioTrack identical 18 lines
2022-12-25 19:53:51.380 12683-12755 AudioTrack              pid-12683                            V  obtainBuffer(192) returned 192 = 192 + 0 err 0
2022-12-25 19:53:51.383 12683-12755 AudioTrack              pid-12683                            V  obtainBuffer(192) returned 192 = 128 + 64 err 0
2022-12-25 19:53:51.383 12683-12755 AudioTrack              pid-12683                            V  obtainBuffer(64) returned 64 = 64 + 0 err 0
2022-12-25 19:53:51.387 12683-12755 AudioTrack              pid-12683                            V  obtainBuffer(192) returned 192 = 192 + 0 err 0
2022-12-25 19:53:51.419 12683-12755 chatty                  pid-12683                            I  uid=10213(com.inforcegames.app3dmodelling) AudioTrack identical 8 lines
2022-12-25 19:53:51.424 12683-12755 AudioTrack              pid-12683                            V  obtainBuffer(192) returned 192 = 192 + 0 err 0
2022-12-25 19:53:51.427 12683-12755 AudioTrack              pid-12683                            V  obtainBuffer(192) returned 192 = 64 + 128 err 0
2022-12-25 19:53:51.427 12683-12755 AudioTrack              pid-12683                            V  obtainBuffer(128) returned 128 = 128 + 0 err 0
2022-12-25 19:53:51.431 12683-12755 AudioTrack              pid-12683                            V  obtainBuffer(192) returned 192 = 192 + 0 err 0
2022-12-25 19:53:51.503 12683-12755 chatty                  pid-12683                            I  uid=10213(com.inforcegames.app3dmodelling) AudioTrack identical 18 lines
2022-12-25 19:53:51.507 12683-12755 AudioTrack              pid-12683                            V  obtainBuffer(192) returned 192 = 192 + 0 err 0
2022-12-25 19:53:51.511 12683-12755 AudioTrack              pid-12683                            V  obtainBuffer(192) returned 192 = 128 + 64 err 0
2022-12-25 19:53:51.511 12683-12755 AudioTrack              pid-12683                            V  obtainBuffer(64) returned 64 = 64 + 0 err 0
2022-12-25 19:53:51.515 12683-12755 AudioTrack              pid-12683                            V  obtainBuffer(192) returned 192 = 192 + 0 err 0
2022-12-25 19:53:51.547 12683-12755 chatty                  pid-12683                            I  uid=10213(com.inforcegames.app3dmodelling) AudioTrack identical 8 lines
2022-12-25 19:53:51.551 12683-12755 AudioTrack              pid-12683                            V  obtainBuffer(192) returned 192 = 192 + 0 err 0
