2022-12-25 15:50:09.314   743-743   hash_map_utils          pid-743                              I  key: 'hifi_mode' value: ''
2022-12-25 15:50:09.315 22931-23058 AudioTrack              pid-22931                            V  obtainBuffer(192) returned 192 = 192 + 0 err 0
2022-12-25 15:50:09.316 22931-7570  AudioManager            pid-22931                            D  getStreamVolume isRestricted mode = 0
2022-12-25 15:50:09.319   688-924   audio_hw_spkr_prot      pid-688                              D  audio_extn_fbsp_get_parameters: Speaker protection disabled
2022-12-25 15:50:09.319   688-924   audio_hw_extn           pid-688                              D  audio_extn_get_parameters: returns 
2022-12-25 15:50:09.319   743-743   hash_map_utils          pid-743                              I  key: 'hifi_mode' value: ''
2022-12-25 15:50:09.319 22931-23058 AudioTrack              pid-22931                            V  obtainBuffer(192) returned 192 = 192 + 0 err 0
2022-12-25 15:50:09.339 22931-23058 chatty                  pid-22931                            I  uid=10213(com.inforcegames.app3dmodelling) AudioTrack identical 5 lines
2022-12-25 15:50:09.343 22931-23058 AudioTrack              pid-22931                            V  obtainBuffer(192) returned 192 = 192 + 0 err 0
2022-12-25 15:50:09.347 22931-23058 AudioTrack              pid-22931                            V  obtainBuffer(192) returned 192 = 64 + 128 err 0
2022-12-25 15:50:09.347 22931-23058 AudioTrack              pid-22931                            V  obtainBuffer(128) returned 128 = 128 + 0 err 0
2022-12-25 15:50:09.352 22931-23058 AudioTrack              pid-22931                            V  obtainBuffer(192) returned 192 = 192 + 0 err 0
2022-12-25 15:50:09.423 22931-23058 chatty                  pid-22931                            I  uid=10213(com.inforcegames.app3dmodelling) AudioTrack identical 18 lines
2022-12-25 15:50:09.428 22931-23058 AudioTrack              pid-22931                            V  obtainBuffer(192) returned 192 = 192 + 0 err 0
2022-12-25 15:50:09.432 22931-23058 AudioTrack              pid-22931                            V  obtainBuffer(192) returned 192 = 128 + 64 err 0
2022-12-25 15:50:09.432 22931-23058 AudioTrack              pid-22931                            V  obtainBuffer(64) returned 64 = 64 + 0 err 0
2022-12-25 15:50:09.436 22931-23058 AudioTrack              pid-22931                            V  obtainBuffer(192) returned 192 = 192 + 0 err 0
2022-12-25 15:50:09.468 22931-23058 chatty                  pid-22931                            I  uid=10213(com.inforcegames.app3dmodelling) AudioTrack identical 8 lines
2022-12-25 15:50:09.471 22931-23058 AudioTrack              pid-22931                            V  obtainBuffer(192) returned 192 = 192 + 0 err 0
2022-12-25 15:50:09.475 22931-23058 AudioTrack              pid-22931                            V  obtainBuffer(192) returned 192 = 64 + 128 err 0
2022-12-25 15:50:09.475 22931-23058 AudioTrack              pid-22931                            V  obtainBuffer(128) returned 128 = 128 + 0 err 0
2022-12-25 15:50:09.479 22931-23058 AudioTrack              pid-22931                            V  obtainBuffer(192) returned 192 = 192 + 0 err 0
2022-12-25 15:50:09.523 22931-23058 chatty                  pid-22931                            I  uid=10213(com.inforcegames.app3dmodelling) AudioTrack identical 11 lines
2022-12-25 15:50:09.527 22931-23058 AudioTrack              pid-22931                            V  obtainBuffer(192) returned 192 = 192 + 0 err 0
2022-12-25 15:50:09.528   688-924   audio_hw_spkr_prot      pid-688                              D  audio_extn_fbsp_get_parameters: Speaker protection disabled
2022-12-25 15:50:09.528   688-924   audio_hw_extn           pid-688                              D  audio_extn_get_parameters: returns 
2022-12-25 15:50:09.529   743-743   hash_map_utils          pid-743                              I  key: 'hifi_mode' value: ''
2022-12-25 15:50:09.531 22931-23058 AudioTrack              pid-22931                            V  obtainBuffer(192) returned 192 = 192 + 0 err 0
2022-12-25 15:50:09.531 22931-7570  AudioManager            pid-22931                            D  getStreamVolume isRestricted mode = 0
2022-12-25 15:50:09.533   688-924   audio_hw_spkr_prot      pid-688                              D  audio_extn_fbsp_get_parameters: Speaker protection disabled
2022-12-25 15:50:09.533   688-924   audio_hw_extn           pid-688                              D  audio_extn_get_parameters: returns 
2022-12-25 15:50:09.533   743-743   hash_map_utils          pid-743                              I  key: 'hifi_mode' value: ''
2022-12-25 15:50:09.535 22931-23058 AudioTrack              pid-22931                            V  obtainBuffer(192) returned 192 = 192 + 0 err 0
2022-12-25 15:50:09.552 22931-23058 chatty                  pid-22931                            I  uid=10213(com.inforcegames.app3dmodelling) AudioTrack identical 4 lines
2022-12-25 15:50:09.556 22931-23058 AudioTrack              pid-22931                            V  obtainBuffer(192) returned 192 = 192 + 0 err 0
2022-12-25 15:50:09.559 22931-23058 AudioTrack              pid-22931                            V  obtainBuffer(192) returned 192 = 128 + 64 err 0
2022-12-25 15:50:09.559 22931-23058 AudioTrack              pid-22931                            V  obtainBuffer(64) returned 64 = 64 + 0 err 0
2022-12-25 15:50:09.563 22931-23058 AudioTrack              pid-22931                            V  obtainBuffer(192) returned 192 = 192 + 0 err 0
2022-12-25 15:50:09.595 22931-23058 chatty                  pid-22931                            I  uid=10213(com.inforcegames.app3dmodelling) AudioTrack identical 8 lines
2022-12-25 15:50:09.599 22931-23058 AudioTrack              pid-22931                            V  obtainBuffer(192) returned 192 = 192 + 0 err 0
2022-12-25 15:50:09.603 22931-23058 AudioTrack              pid-22931                            V  obtainBuffer(192) returned 192 = 64 + 128 err 0
2022-12-25 15:50:09.603 22931-23058 AudioTrack              pid-22931                            V  obtainBuffer(128) returned 128 = 128 + 0 err 0
2022-12-25 15:50:09.607 22931-23058 AudioTrack              pid-22931                            V  obtainBuffer(192) returned 192 = 192 + 0 err 0
2022-12-25 15:50:09.679 22931-23058 chatty                  pid-22931                            I  uid=10213(com.inforcegames.app3dmodelling) AudioTrack identical 18 lines
2022-12-25 15:50:09.683 22931-23058 AudioTrack              pid-22931                            V  obtainBuffer(192) returned 192 = 192 + 0 err 0
2022-12-25 15:50:09.687 22931-23058 AudioTrack              pid-22931                            V  obtainBuffer(192) returned 192 = 128 + 64 err 0
2022-12-25 15:50:09.687 22931-23058 AudioTrack              pid-22931                            V  obtainBuffer(64) returned 64 = 64 + 0 err 0
2022-12-25 15:50:09.692 22931-23058 AudioTrack              pid-22931                            V  obtainBuffer(192) returned 192 = 192 + 0 err 0
2022-12-25 15:50:09.724 22931-23058 chatty                  pid-22931                            I  uid=10213(com.inforcegames.app3dmodelling) AudioTrack identical 8 lines
2022-12-25 15:50:09.728 22931-23058 AudioTrack              pid-22931                            V  obtainBuffer(192) returned 192 = 192 + 0 err 0
2022-12-25 15:50:09.731 22931-23058 AudioTrack              pid-22931                            V  obtainBuffer(192) returned 192 = 64 + 128 err 0
2022-12-25 15:50:09.731 22931-23058 AudioTrack              pid-22931                            V  obtainBuffer(128) returned 128 = 128 + 0 err 0
2022-12-25 15:50:09.736 22931-23058 AudioTrack              pid-22931                            V  obtainBuffer(192) returned 192 = 192 + 0 err 0
2022-12-25 15:50:09.743 22931-23058 chatty                  pid-22931                            I  uid=10213(com.inforcegames.app3dmodelling) AudioTrack identical 2 lines
2022-12-25 15:50:09.748 22931-23058 AudioTrack              pid-22931                            V  obtainBuffer(192) returned 192 = 192 + 0 err 0
2022-12-25 15:50:09.749   688-924   audio_hw_spkr_prot      pid-688                              D  audio_extn_fbsp_get_parameters: Speaker protection disabled
2022-12-25 15:50:09.749   688-924   audio_hw_extn           pid-688                              D  audio_extn_get_parameters: returns 
2022-12-25 15:50:09.749   743-743   hash_map_utils          pid-743                              I  key: 'hifi_mode' value: ''
2022-12-25 15:50:09.751 22931-7570  AudioManager            pid-22931                            D  getStreamVolume isRestricted mode = 0
2022-12-25 15:50:09.751 22931-23058 AudioTrack              pid-22931                            V  obtainBuffer(192) returned 192 = 192 + 0 err 0
2022-12-25 15:50:09.754   688-924   audio_hw_spkr_prot      pid-688                              D  audio_extn_fbsp_get_parameters: Speaker protection disabled
2022-12-25 15:50:09.754   688-924   audio_hw_extn           pid-688                              D  audio_extn_get_parameters: returns 
2022-12-25 15:50:09.754   743-743   hash_map_utils          pid-743                              I  key: 'hifi_mode' value: ''
2022-12-25 15:50:09.756 22931-23058 AudioTrack              pid-22931                            V  obtainBuffer(192) returned 192 = 192 + 0 err 0
2022-12-25 15:50:09.807 22931-23058 chatty                  pid-22931                            I  uid=10213(com.inforcegames.app3dmodelling) AudioTrack identical 13 lines
2022-12-25 15:50:09.811 22931-23058 AudioTrack              pid-22931                            V  obtainBuffer(192) returned 192 = 192 + 0 err 0
2022-12-25 15:50:09.815 22931-23058 AudioTrack              pid-22931                            V  obtainBuffer(192) returned 192 = 128 + 64 err 0
2022-12-25 15:50:09.815 22931-23058 AudioTrack              pid-22931                            V  obtainBuffer(64) returned 64 = 64 + 0 err 0
2022-12-25 15:50:09.819 22931-23058 AudioTrack              pid-22931                            V  obtainBuffer(192) returned 192 = 192 + 0 err 0
2022-12-25 15:50:09.851 22931-23058 chatty                  pid-22931                            I  uid=10213(com.inforcegames.app3dmodelling) AudioTrack identical 8 lines
2022-12-25 15:50:09.855 22931-23058 AudioTrack              pid-22931                            V  obtainBuffer(192) returned 192 = 192 + 0 err 0
2022-12-25 15:50:09.859 22931-23058 AudioTrack              pid-22931                            V  obtainBuffer(192) returned 192 = 64 + 128 err 0
2022-12-25 15:50:09.859 22931-23058 AudioTrack              pid-22931                            V  obtainBuffer(128) returned 128 = 128 + 0 err 0
2022-12-25 15:50:09.864 22931-23058 AudioTrack              pid-22931                            V  obtainBuffer(192) returned 192 = 192 + 0 err 0
2022-12-25 15:50:09.903 22931-23058 chatty                  pid-22931                            I  uid=10213(com.inforcegames.app3dmodelling) AudioTrack identical 10 lines
2022-12-25 15:50:09.907 22931-23058 AudioTrack              pid-22931                            V  obtainBuffer(192) returned 192 = 192 + 0 err 0
2022-12-25 15:50:09.909 22931-22931 ExoPlayerImpl           pid-22931                            I  Release d460b [AndroidXMedia3/1.0.0-beta02] [tulip, Redmi Note 6 Pro, Xiaomi, 28] [media3.common, media3.exoplayer, media3.decoder, media3.datasource, media3.extractor]
2022-12-25 15:50:09.911 22931-23058 AudioTrack              pid-22931                            V  obtainBuffer(192) returned 192 = 192 + 0 err 0
2022-12-25 15:50:09.915 22931-11735 AudioTrack              pid-22931                            V  ~AudioTrack, releasing session id 1225 from 22931 on behalf of 22931
2022-12-25 15:50:09.915 22931-23058 AudioTrack              pid-22931                            V  obtainBuffer(192) returned 192 = 192 + 0 err 0
2022-12-25 15:50:09.915   743-931   AudioFlinger            pid-743                              V  releasing 1225 from 22931 for 22931
2022-12-25 15:50:09.915   743-931   AudioFlinger            pid-743                              V   decremented refcount to 0
2022-12-25 15:50:09.915   743-931   AudioFlinger            pid-743                              V  purging stale effects
2022-12-25 15:50:09.915   743-931   AudioFlinger            pid-743                              V   session 817 still exists for 22931 with 1 refs
2022-12-25 15:50:09.916   743-930   APM_AudioPolicyManager  pid-743                              V  releaseOutput() 21
2022-12-25 15:50:09.920 22931-23058 AudioTrack              pid-22931                            V  obtainBuffer(192) returned 192 = 192 + 0 err 0
2022-12-25 15:50:09.935 22931-23058 chatty                  pid-22931                            I  uid=10213(com.inforcegames.app3dmodelling) AudioTrack identical 4 lines
2022-12-25 15:50:09.939 22931-23058 AudioTrack              pid-22931                            V  obtainBuffer(192) returned 192 = 192 + 0 err 0
2022-12-25 15:50:09.943 22931-23058 AudioTrack              pid-22931                            V  obtainBuffer(192) returned 192 = 128 + 64 err 0
2022-12-25 15:50:09.943 22931-23058 AudioTrack              pid-22931                            V  obtainBuffer(64) returned 64 = 64 + 0 err 0
2022-12-25 15:50:09.947 22931-23058 AudioTrack              pid-22931                            V  obtainBuffer(192) returned 192 = 192 + 0 err 0
2022-12-25 15:50:09.951  1354-21307 OMX-VDEC-1080P          pid-1354                             I  omx_vdec::component_deinit() complete
2022-12-25 15:50:09.951 22931-23058 AudioTrack              pid-22931                            V  obtainBuffer(192) returned 192 = 192 + 0 err 0
2022-12-25 15:50:09.955 22931-23058 AudioTrack              pid-22931                            V  obtainBuffer(192) returned 192 = 192 + 0 err 0
2022-12-25 15:50:09.956  1354-21307 OMX-VDEC-1080P          pid-1354                             I  Exit OMX vdec Destructor: fd=72
2022-12-25 15:50:09.957  1354-21307 OMX-VDEC-1080P          pid-1354                             I  Video slvp perflock released
2022-12-25 15:50:09.959 22931-23058 AudioTrack              pid-22931                            V  obtainBuffer(192) returned 192 = 192 + 0 err 0
2022-12-25 15:50:09.961 22931-11644 SurfaceUtils            pid-22931                            D  disconnecting from surface 0x7c5e22a010, reason disconnectFromSurface
2022-12-25 15:50:09.963 22931-23058 AudioTrack              pid-22931                            V  obtainBuffer(192) returned 192 = 192 + 0 err 0
2022-12-25 15:50:09.967 22931-23058 AudioTrack              pid-22931                            V  obtainBuffer(192) returned 192 = 192 + 0 err 0
2022-12-25 15:50:09.971  1302-1457  ThermalEngine           pid-1302                             D  sensor_wait: backlight_therm Wait done.
2022-12-25 15:50:09.971 22931-23058 AudioTrack              pid-22931                            V  obtainBuffer(192) returned 192 = 192 + 0 err 0
2022-12-25 15:50:09.972  1302-1457  ThermalEngine           pid-1302                             D  sensor_monitor: backlight_therm Reading 38000 .
2022-12-25 15:50:09.972  1302-1457  ThermalEngine           pid-1302                             I  Sensor:backlight_therm:38000 mC
2022-12-25 15:50:09.972  1302-1457  ThermalEngine           pid-1302                             D  update_active_thresh: backlight_therm Active(1), Hi(1) 45000, Lo(0) -2147483648, desc(0) Interval(1) 2000
2022-12-25 15:50:09.972  1302-1457  ThermalEngine           pid-1302                             D  sensor_monitor: backlight_therm Sensor wait.
2022-12-25 15:50:09.972  1302-1457  ThermalEngine           pid-1302                             D  sensor_wait: backlight_therm Wait start. 2000ms
2022-12-25 15:50:09.975 22931-23058 AudioTrack              pid-22931                            V  obtainBuffer(192) returned 192 = 192 + 0 err 0
2022-12-25 15:50:09.979 22931-23058 AudioTrack              pid-22931                            V  obtainBuffer(192) returned 192 = 192 + 0 err 0
2022-12-25 15:50:09.980   688-924   audio_hw_spkr_prot      pid-688                              D  audio_extn_fbsp_get_parameters: Speaker protection disabled
2022-12-25 15:50:09.980   688-924   audio_hw_extn           pid-688                              D  audio_extn_get_parameters: returns 
2022-12-25 15:50:09.981   743-743   hash_map_utils          pid-743                              I  key: 'hifi_mode' value: ''
2022-12-25 15:50:09.983 22931-23058 AudioTrack              pid-22931                            V  obtainBuffer(192) returned 192 = 192 + 0 err 0
2022-12-25 15:50:09.984 22931-7570  AudioManager            pid-22931                            D  getStreamVolume isRestricted mode = 0
2022-12-25 15:50:09.986   688-924   audio_hw_spkr_prot      pid-688                              D  audio_extn_fbsp_get_parameters: Speaker protection disabled
2022-12-25 15:50:09.986   688-924   audio_hw_extn           pid-688                              D  audio_extn_get_parameters: returns 
2022-12-25 15:50:09.986   743-743   hash_map_utils          pid-743                              I  key: 'hifi_mode' value: ''
2022-12-25 15:50:09.987 22931-23058 AudioTrack              pid-22931                            V  obtainBuffer(192) returned 192 = 64 + 128 err 0
2022-12-25 15:50:09.987 22931-23058 AudioTrack              pid-22931                            V  obtainBuffer(128) returned 128 = 128 + 0 err 0
2022-12-25 15:50:09.991 22931-23058 AudioTrack              pid-22931                            V  obtainBuffer(192) returned 192 = 192 + 0 err 0
2022-12-25 15:50:10.064 22931-23058 chatty                  pid-22931                            I  uid=10213(com.inforcegames.app3dmodelling) AudioTrack identical 18 lines
2022-12-25 15:50:10.068 22931-23058 AudioTrack              pid-22931                            V  obtainBuffer(192) returned 192 = 192 + 0 err 0
2022-12-25 15:50:10.071 22931-23058 AudioTrack              pid-22931                            V  obtainBuffer(192) returned 192 = 128 + 64 err 0
2022-12-25 15:50:10.071 22931-23058 AudioTrack              pid-22931                            V  obtainBuffer(64) returned 64 = 64 + 0 err 0
2022-12-25 15:50:10.075 22931-23058 AudioTrack              pid-22931                            V  obtainBuffer(192) returned 192 = 192 + 0 err 0
2022-12-25 15:50:10.107 22931-23058 chatty                  pid-22931                            I  uid=10213(com.inforcegames.app3dmodelling) AudioTrack identical 8 lines
2022-12-25 15:50:10.111 22931-23058 AudioTrack              pid-22931                            V  obtainBuffer(192) returned 192 = 192 + 0 err 0
2022-12-25 15:50:10.115 22931-23058 AudioTrack              pid-22931                            V  obtainBuffer(192) returned 192 = 64 + 128 err 0
2022-12-25 15:50:10.115 22931-23058 AudioTrack              pid-22931                            V  obtainBuffer(128) returned 128 = 128 + 0 err 0
2022-12-25 15:50:10.119 22931-23058 AudioTrack              pid-22931                            V  obtainBuffer(192) returned 192 = 192 + 0 err 0
2022-12-25 15:50:10.143 22931-23058 chatty                  pid-22931                            I  uid=10213(com.inforcegames.app3dmodelling) AudioTrack identical 6 lines
2022-12-25 15:50:10.148 22931-23058 AudioTrack              pid-22931                            V  obtainBuffer(192) returned 192 = 192 + 0 err 0
2022-12-25 15:50:10.149  1302-1462  ThermalEngine           pid-1302                             D  sensor_wait: msm_therm Wait done.
2022-12-25 15:50:10.150  1302-1462  ThermalEngine           pid-1302                             D  sensor_monitor: msm_therm Reading 41000 .
2022-12-25 15:50:10.150  1302-1462  ThermalEngine           pid-1302                             I  Sensor:msm_therm:41000 mC
2022-12-25 15:50:10.150  1302-1462  ThermalEngine           pid-1302                             D  update_active_thresh: msm_therm Active(1), Hi(1) 44000, Lo(0) -2147483648, desc(0) Interval(1) 1000
2022-12-25 15:50:10.150  1302-1462  ThermalEngine           pid-1302                             D  sensor_monitor: msm_therm Sensor wait.
2022-12-25 15:50:10.150  1302-1462  ThermalEngine           pid-1302                             D  sensor_wait: msm_therm Wait start. 1000ms
2022-12-25 15:50:10.151 22931-23058 AudioTrack              pid-22931                            V  obtainBuffer(192) returned 192 = 192 + 0 err 0
2022-12-25 15:50:10.155 22931-23058 chatty                  pid-22931                            I  uid=10213(com.inforcegames.app3dmodelling) AudioTrack identical 1 line
2022-12-25 15:50:10.159 22931-23058 AudioTrack              pid-22931                            V  obtainBuffer(192) returned 192 = 192 + 0 err 0
2022-12-25 15:50:10.159  1302-1463  ThermalEngine           pid-1302                             D  sensor_wait: quiet_therm Wait done.
2022-12-25 15:50:10.161  1302-1463  ThermalEngine           pid-1302                             D  sensor_monitor: quiet_therm Reading 39000 .
2022-12-25 15:50:10.161  1302-1463  ThermalEngine           pid-1302                             I  Sensor:quiet_therm:39000 mC
2022-12-25 15:50:10.161  1302-1463  ThermalEngine           pid-1302                             D  update_active_thresh: quiet_therm Active(1), Hi(1) 40000, Lo(0) -2147483648, desc(0) Interval(1) 1000
2022-12-25 15:50:10.161  1302-1463  ThermalEngine           pid-1302                             D  sensor_monitor: quiet_therm Sensor wait.
2022-12-25 15:50:10.161  1302-1463  ThermalEngine           pid-1302                             D  sensor_wait: quiet_therm Wait start. 1000ms
2022-12-25 15:50:10.164 22931-23058 AudioTrack              pid-22931                            V  obtainBuffer(192) returned 192 = 192 + 0 err 0
2022-12-25 15:50:10.191 22931-23058 chatty                  pid-22931                            I  uid=10213(com.inforcegames.app3dmodelling) AudioTrack identical 7 lines
2022-12-25 15:50:10.195 22931-23058 AudioTrack              pid-22931                            V  obtainBuffer(192) returned 192 = 192 + 0 err 0
2022-12-25 15:50:10.200 22931-23058 AudioTrack              pid-22931                            V  obtainBuffer(192) returned 192 = 128 + 64 err 0
2022-12-25 15:50:10.200 22931-23058 AudioTrack              pid-22931                            V  obtainBuffer(64) returned 64 = 64 + 0 err 0
2022-12-25 15:50:10.203 22931-23058 AudioTrack              pid-22931                            V  obtainBuffer(192) returned 192 = 192 + 0 err 0
2022-12-25 15:50:10.235 22931-23058 chatty                  pid-22931                            I  uid=10213(com.inforcegames.app3dmodelling) AudioTrack identical 8 lines
2022-12-25 15:50:10.239 22931-23058 AudioTrack              pid-22931                            V  obtainBuffer(192) returned 192 = 192 + 0 err 0
2022-12-25 15:50:10.243 22931-23058 AudioTrack              pid-22931                            V  obtainBuffer(192) returned 192 = 64 + 128 err 0
2022-12-25 15:50:10.243 22931-23058 AudioTrack              pid-22931                            V  obtainBuffer(128) returned 128 = 128 + 0 err 0
2022-12-25 15:50:10.249 22931-23058 AudioTrack              pid-22931                            V  obtainBuffer(192) returned 192 = 192 + 0 err 0
2022-12-25 15:50:10.320 22931-23058 chatty                  pid-22931                            I  uid=10213(com.inforcegames.app3dmodelling) AudioTrack identical 18 lines
2022-12-25 15:50:10.323 22931-23058 AudioTrack              pid-22931                            V  obtainBuffer(192) returned 192 = 192 + 0 err 0
2022-12-25 15:50:10.328 22931-23058 AudioTrack              pid-22931                            V  obtainBuffer(192) returned 192 = 128 + 64 err 0
2022-12-25 15:50:10.328 22931-23058 AudioTrack              pid-22931                            V  obtainBuffer(64) returned 64 = 64 + 0 err 0
2022-12-25 15:50:10.333 22931-23058 AudioTrack              pid-22931                            V  obtainBuffer(192) returned 192 = 192 + 0 err 0
2022-12-25 15:50:10.363 22931-23058 chatty                  pid-22931                            I  uid=10213(com.inforcegames.app3dmodelling) AudioTrack identical 8 lines
2022-12-25 15:50:10.367 22931-23058 AudioTrack              pid-22931                            V  obtainBuffer(192) returned 192 = 192 + 0 err 0
2022-12-25 15:50:10.369 23192-23304 chromium                pid-23192                            E  [ERROR:tile_manager.cc(826)] WARNING: tile memory limits exceeded, some content may not draw
2022-12-25 15:50:10.369 23192-23304 chromium                pid-23192                            E  [ERROR:tile_manager.cc(826)] WARNING: tile memory limits exceeded, some content may not draw
2022-12-25 15:50:10.372 22931-23058 AudioTrack              pid-22931                            V  obtainBuffer(192) returned 192 = 64 + 128 err 0
2022-12-25 15:50:10.372 22931-23058 AudioTrack              pid-22931                            V  obtainBuffer(128) returned 128 = 128 + 0 err 0
2022-12-25 15:50:10.375 22931-23058 AudioTrack              pid-22931                            V  obtainBuffer(192) returned 192 = 192 + 0 err 0
2022-12-25 15:50:10.411 22931-23058 chatty                  pid-22931                            I  uid=10213(com.inforcegames.app3dmodelling) AudioTrack identical 9 lines
2022-12-25 15:50:10.416 22931-23058 AudioTrack              pid-22931                            V  obtainBuffer(192) returned 192 = 192 + 0 err 0
2022-12-25 15:50:10.419 23192-23304 chromium                pid-23192                            E  [ERROR:tile_manager.cc(826)] WARNING: tile memory limits exceeded, some content may not draw
2022-12-25 15:50:10.419 22931-23058 AudioTrack              pid-22931                            V  obtainBuffer(192) returned 192 = 192 + 0 err 0
2022-12-25 15:50:10.419 23192-23304 chromium                pid-23192                            E  [ERROR:tile_manager.cc(826)] WARNING: tile memory limits exceeded, some content may not draw
2022-12-25 15:50:10.423 22931-23058 AudioTrack              pid-22931                            V  obtainBuffer(192) returned 192 = 192 + 0 err 0
2022-12-25 15:50:10.427 22931-23058 chatty                  pid-22931                            I  uid=10213(com.inforcegames.app3dmodelling) AudioTrack identical 1 line
2022-12-25 15:50:10.431 22931-23058 AudioTrack              pid-22931                            V  obtainBuffer(192) returned 192 = 192 + 0 err 0
2022-12-25 15:50:10.432   688-924   audio_hw_spkr_prot      pid-688                              D  audio_extn_fbsp_get_parameters: Speaker protection disabled
2022-12-25 15:50:10.432   688-924   audio_hw_extn           pid-688                              D  audio_extn_get_parameters: returns 
2022-12-25 15:50:10.433   743-743   hash_map_utils          pid-743                              I  key: 'hifi_mode' value: ''
2022-12-25 15:50:10.436 22931-23058 AudioTrack              pid-22931                            V  obtainBuffer(192) returned 192 = 192 + 0 err 0
2022-12-25 15:50:10.436 22931-7570  AudioManager            pid-22931                            D  getStreamVolume isRestricted mode = 0
2022-12-25 15:50:10.438   688-924   audio_hw_spkr_prot      pid-688                              D  audio_extn_fbsp_get_parameters: Speaker protection disabled
2022-12-25 15:50:10.438   688-924   audio_hw_extn           pid-688                              D  audio_extn_get_parameters: returns 
2022-12-25 15:50:10.438   743-743   hash_map_utils          pid-743                              I  key: 'hifi_mode' value: ''
2022-12-25 15:50:10.439 22931-23058 AudioTrack              pid-22931                            V  obtainBuffer(192) returned 192 = 192 + 0 err 0
2022-12-25 15:50:10.447 22931-23058 chatty                  pid-22931                            I  uid=10213(com.inforcegames.app3dmodelling) AudioTrack identical 2 lines
2022-12-25 15:50:10.452 22931-23058 AudioTrack              pid-22931                            V  obtainBuffer(192) returned 192 = 192 + 0 err 0
2022-12-25 15:50:10.456 22931-23058 AudioTrack              pid-22931                            V  obtainBuffer(192) returned 192 = 128 + 64 err 0
2022-12-25 15:50:10.456 22931-23058 AudioTrack              pid-22931                            V  obtainBuffer(64) returned 64 = 64 + 0 err 0
2022-12-25 15:50:10.459 22931-23058 AudioTrack              pid-22931                            V  obtainBuffer(192) returned 192 = 192 + 0 err 0
2022-12-25 15:50:10.491 22931-23058 chatty                  pid-22931                            I  uid=10213(com.inforcegames.app3dmodelling) AudioTrack identical 8 lines
2022-12-25 15:50:10.495 22931-23058 AudioTrack              pid-22931                            V  obtainBuffer(192) returned 192 = 192 + 0 err 0
2022-12-25 15:50:10.499 22931-23058 AudioTrack              pid-22931                            V  obtainBuffer(192) returned 192 = 64 + 128 err 0
2022-12-25 15:50:10.499 22931-23058 AudioTrack              pid-22931                            V  obtainBuffer(128) returned 128 = 128 + 0 err 0
2022-12-25 15:50:10.503 22931-23058 AudioTrack              pid-22931                            V  obtainBuffer(192) returned 192 = 192 + 0 err 0