2022-12-25 15:50:08.146  1302-1462  ThermalEngine           pid-1302                             D  sensor_wait: msm_therm Wait start. 1000ms
2022-12-25 15:50:08.149 22931-23058 AudioTrack              pid-22931                            V  obtainBuffer(192) returned 192 = 192 + 0 err 0
2022-12-25 15:50:08.151 22931-23058 AudioTrack              pid-22931                            V  obtainBuffer(192) returned 192 = 128 + 64 err 0
2022-12-25 15:50:08.152 22931-23058 AudioTrack              pid-22931                            V  obtainBuffer(64) returned 64 = 64 + 0 err 0
2022-12-25 15:50:08.155 22931-23058 AudioTrack              pid-22931                            V  obtainBuffer(192) returned 192 = 192 + 0 err 0
2022-12-25 15:50:08.156  1302-1463  ThermalEngine           pid-1302                             D  sensor_wait: quiet_therm Wait done.
2022-12-25 15:50:08.158  1302-1463  ThermalEngine           pid-1302                             D  sensor_monitor: quiet_therm Reading 39000 .
2022-12-25 15:50:08.158  1302-1463  ThermalEngine           pid-1302                             I  Sensor:quiet_therm:39000 mC
2022-12-25 15:50:08.158  1302-1463  ThermalEngine           pid-1302                             D  update_active_thresh: quiet_therm Active(1), Hi(1) 40000, Lo(0) -2147483648, desc(0) Interval(1) 1000
2022-12-25 15:50:08.158  1302-1463  ThermalEngine           pid-1302                             D  sensor_monitor: quiet_therm Sensor wait.
2022-12-25 15:50:08.158  1302-1463  ThermalEngine           pid-1302                             D  sensor_wait: quiet_therm Wait start. 1000ms
2022-12-25 15:50:08.160 22931-23058 AudioTrack              pid-22931                            V  obtainBuffer(192) returned 192 = 192 + 0 err 0
2022-12-25 15:50:08.188 22931-23058 chatty                  pid-22931                            I  uid=10213(com.inforcegames.app3dmodelling) AudioTrack identical 7 lines
2022-12-25 15:50:08.191 22931-23058 AudioTrack              pid-22931                            V  obtainBuffer(192) returned 192 = 192 + 0 err 0
2022-12-25 15:50:08.196 22931-23058 AudioTrack              pid-22931                            V  obtainBuffer(192) returned 192 = 64 + 128 err 0
2022-12-25 15:50:08.196 22931-23058 AudioTrack              pid-22931                            V  obtainBuffer(128) returned 128 = 128 + 0 err 0
2022-12-25 15:50:08.199 22931-23058 AudioTrack              pid-22931                            V  obtainBuffer(192) returned 192 = 192 + 0 err 0
2022-12-25 15:50:08.271 22931-23058 chatty                  pid-22931                            I  uid=10213(com.inforcegames.app3dmodelling) AudioTrack identical 18 lines
2022-12-25 15:50:08.276 22931-23058 AudioTrack              pid-22931                            V  obtainBuffer(192) returned 192 = 192 + 0 err 0
2022-12-25 15:50:08.280 22931-23058 AudioTrack              pid-22931                            V  obtainBuffer(192) returned 192 = 128 + 64 err 0
2022-12-25 15:50:08.280 22931-23058 AudioTrack              pid-22931                            V  obtainBuffer(64) returned 64 = 64 + 0 err 0
2022-12-25 15:50:08.283 22931-23058 AudioTrack              pid-22931                            V  obtainBuffer(192) returned 192 = 192 + 0 err 0
2022-12-25 15:50:08.316 22931-23058 chatty                  pid-22931                            I  uid=10213(com.inforcegames.app3dmodelling) AudioTrack identical 8 lines
2022-12-25 15:50:08.319 22931-23058 AudioTrack              pid-22931                            V  obtainBuffer(192) returned 192 = 192 + 0 err 0
2022-12-25 15:50:08.323 22931-23058 AudioTrack              pid-22931                            V  obtainBuffer(192) returned 192 = 64 + 128 err 0
2022-12-25 15:50:08.323 22931-23058 AudioTrack              pid-22931                            V  obtainBuffer(128) returned 128 = 128 + 0 err 0
2022-12-25 15:50:08.327 22931-23058 AudioTrack              pid-22931                            V  obtainBuffer(192) returned 192 = 192 + 0 err 0
2022-12-25 15:50:08.399 22931-23058 chatty                  pid-22931                            I  uid=10213(com.inforcegames.app3dmodelling) AudioTrack identical 18 lines
2022-12-25 15:50:08.403 22931-23058 AudioTrack              pid-22931                            V  obtainBuffer(192) returned 192 = 192 + 0 err 0
2022-12-25 15:50:08.407 22931-23058 AudioTrack              pid-22931                            V  obtainBuffer(192) returned 192 = 128 + 64 err 0
2022-12-25 15:50:08.407 22931-23058 AudioTrack              pid-22931                            V  obtainBuffer(64) returned 64 = 64 + 0 err 0
2022-12-25 15:50:08.411 22931-23058 AudioTrack              pid-22931                            V  obtainBuffer(192) returned 192 = 192 + 0 err 0
2022-12-25 15:50:08.443 22931-23058 chatty                  pid-22931                            I  uid=10213(com.inforcegames.app3dmodelling) AudioTrack identical 8 lines
2022-12-25 15:50:08.447 22931-23058 AudioTrack              pid-22931                            V  obtainBuffer(192) returned 192 = 192 + 0 err 0
2022-12-25 15:50:08.451 22931-23058 AudioTrack              pid-22931                            V  obtainBuffer(192) returned 192 = 64 + 128 err 0
2022-12-25 15:50:08.451 22931-23058 AudioTrack              pid-22931                            V  obtainBuffer(128) returned 128 = 128 + 0 err 0
2022-12-25 15:50:08.455 22931-23058 AudioTrack              pid-22931                            V  obtainBuffer(192) returned 192 = 192 + 0 err 0
2022-12-25 15:50:08.511 22931-23058 chatty                  pid-22931                            I  uid=10213(com.inforcegames.app3dmodelling) AudioTrack identical 14 lines
2022-12-25 15:50:08.516 22931-23058 AudioTrack              pid-22931                            V  obtainBuffer(192) returned 192 = 192 + 0 err 0
2022-12-25 15:50:08.517   688-924   audio_hw_spkr_prot      pid-688                              D  audio_extn_fbsp_get_parameters: Speaker protection disabled
2022-12-25 15:50:08.517   688-924   audio_hw_extn           pid-688                              D  audio_extn_get_parameters: returns 
2022-12-25 15:50:08.518   743-15843 hash_map_utils          pid-743                              I  key: 'hifi_mode' value: ''
2022-12-25 15:50:08.520 22931-7570  AudioManager            pid-22931                            D  getStreamVolume isRestricted mode = 0
2022-12-25 15:50:08.520 22931-23058 AudioTrack              pid-22931                            V  obtainBuffer(192) returned 192 = 192 + 0 err 0
2022-12-25 15:50:08.522   688-924   audio_hw_spkr_prot      pid-688                              D  audio_extn_fbsp_get_parameters: Speaker protection disabled
2022-12-25 15:50:08.522   688-924   audio_hw_extn           pid-688                              D  audio_extn_get_parameters: returns 
2022-12-25 15:50:08.522   743-15843 hash_map_utils          pid-743                              I  key: 'hifi_mode' value: ''
2022-12-25 15:50:08.523 22931-23058 AudioTrack              pid-22931                            V  obtainBuffer(192) returned 192 = 192 + 0 err 0
2022-12-25 15:50:08.527 22931-23058 chatty                  pid-22931                            I  uid=10213(com.inforcegames.app3dmodelling) AudioTrack identical 1 line
2022-12-25 15:50:08.531 22931-23058 AudioTrack              pid-22931                            V  obtainBuffer(192) returned 192 = 192 + 0 err 0
2022-12-25 15:50:08.535 22931-23058 AudioTrack              pid-22931                            V  obtainBuffer(192) returned 192 = 128 + 64 err 0
2022-12-25 15:50:08.535 22931-23058 AudioTrack              pid-22931                            V  obtainBuffer(64) returned 64 = 64 + 0 err 0
2022-12-25 15:50:08.539 22931-23058 AudioTrack              pid-22931                            V  obtainBuffer(192) returned 192 = 192 + 0 err 0
2022-12-25 15:50:08.571 22931-23058 chatty                  pid-22931                            I  uid=10213(com.inforcegames.app3dmodelling) AudioTrack identical 8 lines
2022-12-25 15:50:08.575 22931-23058 AudioTrack              pid-22931                            V  obtainBuffer(192) returned 192 = 192 + 0 err 0
2022-12-25 15:50:08.579 22931-23058 AudioTrack              pid-22931                            V  obtainBuffer(192) returned 192 = 64 + 128 err 0
2022-12-25 15:50:08.579 22931-23058 AudioTrack              pid-22931                            V  obtainBuffer(128) returned 128 = 128 + 0 err 0
2022-12-25 15:50:08.583 22931-23058 AudioTrack              pid-22931                            V  obtainBuffer(192) returned 192 = 192 + 0 err 0
2022-12-25 15:50:08.619 22931-23058 chatty                  pid-22931                            I  uid=10213(com.inforcegames.app3dmodelling) AudioTrack identical 9 lines
2022-12-25 15:50:08.623 22931-23058 AudioTrack              pid-22931                            V  obtainBuffer(192) returned 192 = 192 + 0 err 0
2022-12-25 15:50:08.626 22931-22931 EgretLoader             pid-22931                            D  EgretLoader(Context context)
2022-12-25 15:50:08.626 22931-22931 EgretLoader             pid-22931                            D  The context is not activity
2022-12-25 15:50:08.627 22931-23058 AudioTrack              pid-22931                            V  obtainBuffer(192) returned 192 = 192 + 0 err 0
2022-12-25 15:50:08.655 22931-23058 chatty                  pid-22931                            I  uid=10213(com.inforcegames.app3dmodelling) AudioTrack identical 7 lines
2022-12-25 15:50:08.659 22931-23058 AudioTrack              pid-22931                            V  obtainBuffer(192) returned 192 = 192 + 0 err 0
2022-12-25 15:50:08.663 22931-23058 AudioTrack              pid-22931                            V  obtainBuffer(192) returned 192 = 128 + 64 err 0
2022-12-25 15:50:08.663 22931-23058 AudioTrack              pid-22931                            V  obtainBuffer(64) returned 64 = 64 + 0 err 0
2022-12-25 15:50:08.667 22931-23058 AudioTrack              pid-22931                            V  obtainBuffer(192) returned 192 = 192 + 0 err 0
2022-12-25 15:50:08.675 22931-23058 chatty                  pid-22931                            I  uid=10213(com.inforcegames.app3dmodelling) AudioTrack identical 2 lines
2022-12-25 15:50:08.680 22931-23058 AudioTrack              pid-22931                            V  obtainBuffer(192) returned 192 = 192 + 0 err 0
2022-12-25 15:50:08.680  2280-5858  CompatibilityInfo       pid-2280                             D  mCompatibilityFlags - 0
2022-12-25 15:50:08.680  2280-5858  CompatibilityInfo       pid-2280                             D  applicationDensity - 440
2022-12-25 15:50:08.680  2280-5858  CompatibilityInfo       pid-2280                             D  applicationScale - 1.0
2022-12-25 15:50:08.683 17758-17758 BoundBrokerSvc          pid-17758                            D  onBind: Intent { act=com.google.android.gms.measurement.START pkg=com.google.android.gms }
2022-12-25 15:50:08.683 17758-17758 BoundBrokerSvc          pid-17758                            D  Loading bound service for intent: Intent { act=com.google.android.gms.measurement.START pkg=com.google.android.gms }
2022-12-25 15:50:08.684 22931-23058 AudioTrack              pid-22931                            V  obtainBuffer(192) returned 192 = 192 + 0 err 0
2022-12-25 15:50:08.699 22931-23058 chatty                  pid-22931                            I  uid=10213(com.inforcegames.app3dmodelling) AudioTrack identical 4 lines
2022-12-25 15:50:08.703 22931-23058 AudioTrack              pid-22931                            V  obtainBuffer(192) returned 192 = 192 + 0 err 0
2022-12-25 15:50:08.707 22931-23058 AudioTrack              pid-22931                            V  obtainBuffer(192) returned 192 = 64 + 128 err 0
2022-12-25 15:50:08.707 22931-23058 AudioTrack              pid-22931                            V  obtainBuffer(128) returned 128 = 128 + 0 err 0
2022-12-25 15:50:08.711 22931-23058 AudioTrack              pid-22931                            V  obtainBuffer(192) returned 192 = 192 + 0 err 0
2022-12-25 15:50:08.715 22931-23058 chatty                  pid-22931                            I  uid=10213(com.inforcegames.app3dmodelling) AudioTrack identical 1 line
2022-12-25 15:50:08.719 22931-23058 AudioTrack              pid-22931                            V  obtainBuffer(192) returned 192 = 192 + 0 err 0
2022-12-25 15:50:08.720  2280-3822  CompatibilityInfo       pid-2280                             D  mCompatibilityFlags - 0
2022-12-25 15:50:08.720  2280-3822  CompatibilityInfo       pid-2280                             D  applicationDensity - 440
2022-12-25 15:50:08.720  2280-3822  CompatibilityInfo       pid-2280                             D  applicationScale - 1.0
2022-12-25 15:50:08.723 22931-23058 AudioTrack              pid-22931                            V  obtainBuffer(192) returned 192 = 192 + 0 err 0
2022-12-25 15:50:08.727 22931-23058 AudioTrack              pid-22931                            V  obtainBuffer(192) returned 192 = 192 + 0 err 0
2022-12-25 15:50:08.731  2280-6070  CompatibilityInfo       pid-2280                             D  mCompatibilityFlags - 0
2022-12-25 15:50:08.731  2280-6070  CompatibilityInfo       pid-2280                             D  applicationDensity - 440
2022-12-25 15:50:08.731  2280-6070  CompatibilityInfo       pid-2280                             D  applicationScale - 1.0
2022-12-25 15:50:08.731 22931-23058 AudioTrack              pid-22931                            V  obtainBuffer(192) returned 192 = 192 + 0 err 0
2022-12-25 15:50:08.739 22931-23058 chatty                  pid-22931                            I  uid=10213(com.inforcegames.app3dmodelling) AudioTrack identical 2 lines
2022-12-25 15:50:08.743 22931-23058 AudioTrack              pid-22931                            V  obtainBuffer(192) returned 192 = 192 + 0 err 0
2022-12-25 15:50:08.746  2480-2480  SignalClusterView       pid-2480                             D  updateMobileTypeImage  0
2022-12-25 15:50:08.746  2480-2480  chatty                  pid-2480                             I  uid=1000(system) com.android.systemui identical 1 line
2022-12-25 15:50:08.747  2480-2480  SignalClusterView       pid-2480                             D  updateMobileTypeImage  0
2022-12-25 15:50:08.747 22931-23058 AudioTrack              pid-22931                            V  obtainBuffer(192) returned 192 = 192 + 0 err 0
2022-12-25 15:50:08.783 22931-23058 chatty                  pid-22931                            I  uid=10213(com.inforcegames.app3dmodelling) AudioTrack identical 9 lines
2022-12-25 15:50:08.787 22931-23058 AudioTrack              pid-22931                            V  obtainBuffer(192) returned 192 = 192 + 0 err 0
2022-12-25 15:50:08.790 32738-9221  NetworkScheduler        pid-32738                            W  Error inserting period=2783000 preferred_charging_state=1 preferred_network_type=1 target_class=com.google.android.gms.measurement.PackageMeasurementTaskService required_network_type=0 runtime=1671979808779 required_idleness_state=0 source=16 service_kind=0 target_package=com.google.android.gms persistence_level=1 source_version=224814000 last_runtime=0 user_id=0 job_id=-1 requires_charging=0 tag=Measurement.PackageMeasurementTaskService.UPLOAD_TASK_TAG flex_time=1391000 task_type=0 retry_strategy={"maximum_backoff_seconds":{"3600":0},"initial_backoff_seconds":{"30":0},"retry_policy":{"0":0}} [CONTEXT service_id=218 ]
                                                                                                    android.database.sqlite.SQLiteConstraintException: UNIQUE constraint failed: pending_ops.tag, pending_ops.target_class, pending_ops.target_package, pending_ops.user_id (code 2067 SQLITE_CONSTRAINT_UNIQUE)
                                                                                                    	at android.database.sqlite.SQLiteConnection.nativeExecuteForLastInsertedRowId(Native Method)
                                                                                                    	at android.database.sqlite.SQLiteConnection.executeForLastInsertedRowId(SQLiteConnection.java:796)
                                                                                                    	at android.database.sqlite.SQLiteSession.executeForLastInsertedRowId(SQLiteSession.java:788)
                                                                                                    	at android.database.sqlite.SQLiteStatement.executeInsert(SQLiteStatement.java:86)
                                                                                                    	at android.database.sqlite.SQLiteDatabase.insertWithOnConflict(SQLiteDatabase.java:1564)
                                                                                                    	at android.database.sqlite.SQLiteDatabase.insertOrThrow(SQLiteDatabase.java:1459)
                                                                                                    	at bkqd.g(:com.google.android.gms@224814028@22.48.14 (100400-493411920):53)
                                                                                                    	at bkow.n(:com.google.android.gms@224814028@22.48.14 (100400-493411920):3)
                                                                                                    	at bkow.u(:com.google.android.gms@224814028@22.48.14 (100400-493411920):20)
                                                                                                    	at bkow.h(:com.google.android.gms@224814028@22.48.14 (100400-493411920):3)
                                                                                                    	at bkkn.run(:com.google.android.gms@224814028@22.48.14 (100400-493411920):9)
                                                                                                    	at abva.c(:com.google.android.gms@224814028@22.48.14 (100400-493411920):6)
                                                                                                    	at abva.run(:com.google.android.gms@224814028@22.48.14 (100400-493411920):7)
                                                                                                    	at java.util.concurrent.ThreadPoolExecutor.runWorker(ThreadPoolExecutor.java:1167)
                                                                                                    	at java.util.concurrent.ThreadPoolExecutor$Worker.run(ThreadPoolExecutor.java:641)
                                                                                                    	at acae.run(:com.google.android.gms@224814028@22.48.14 (100400-493411920):0)
                                                                                                    	at java.lang.Thread.run(Thread.java:764)
2022-12-25 15:50:08.791 22931-23058 AudioTrack              pid-22931                            V  obtainBuffer(192) returned 192 = 128 + 64 err 0
2022-12-25 15:50:08.791 22931-23058 AudioTrack              pid-22931                            V  obtainBuffer(64) returned 64 = 64 + 0 err 0
2022-12-25 15:50:08.795 22931-23058 AudioTrack              pid-22931                            V  obtainBuffer(192) returned 192 = 192 + 0 err 0
2022-12-25 15:50:08.827 22931-23058 chatty                  pid-22931                            I  uid=10213(com.inforcegames.app3dmodelling) AudioTrack identical 8 lines
2022-12-25 15:50:08.831 22931-23058 AudioTrack              pid-22931                            V  obtainBuffer(192) returned 192 = 192 + 0 err 0
2022-12-25 15:50:08.835 22931-23058 AudioTrack              pid-22931                            V  obtainBuffer(192) returned 192 = 64 + 128 err 0
2022-12-25 15:50:08.835 22931-23058 AudioTrack              pid-22931                            V  obtainBuffer(128) returned 128 = 128 + 0 err 0
2022-12-25 15:50:08.839 22931-23058 AudioTrack              pid-22931                            V  obtainBuffer(192) returned 192 = 192 + 0 err 0
2022-12-25 15:50:08.871 22931-23058 chatty                  pid-22931                            I  uid=10213(com.inforcegames.app3dmodelling) AudioTrack identical 8 lines
2022-12-25 15:50:08.875 22931-23058 AudioTrack              pid-22931                            V  obtainBuffer(192) returned 192 = 192 + 0 err 0
2022-12-25 15:50:08.876   688-924   audio_hw_spkr_prot      pid-688                              D  audio_extn_fbsp_get_parameters: Speaker protection disabled
2022-12-25 15:50:08.876   688-924   audio_hw_extn           pid-688                              D  audio_extn_get_parameters: returns 
2022-12-25 15:50:08.876   743-743   hash_map_utils          pid-743                              I  key: 'hifi_mode' value: ''
2022-12-25 15:50:08.879 22931-22931 AudioManager            pid-22931                            D  getStreamVolume isRestricted mode = 0
2022-12-25 15:50:08.879 22931-23058 AudioTrack              pid-22931                            V  obtainBuffer(192) returned 192 = 192 + 0 err 0
2022-12-25 15:50:08.883 22931-23058 AudioTrack              pid-22931                            V  obtainBuffer(192) returned 192 = 192 + 0 err 0
2022-12-25 15:50:08.884   688-924   audio_hw_spkr_prot      pid-688                              D  audio_extn_fbsp_get_parameters: Speaker protection disabled
2022-12-25 15:50:08.885   688-924   audio_hw_extn           pid-688                              D  audio_extn_get_parameters: returns 
2022-12-25 15:50:08.885   743-743   hash_map_utils          pid-743                              I  key: 'hifi_mode' value: ''
2022-12-25 15:50:08.887 22931-23058 AudioTrack              pid-22931                            V  obtainBuffer(192) returned 192 = 192 + 0 err 0
2022-12-25 15:50:08.888 22931-22931 ContentCatcher          pid-22931                            W  Failed to notify a WebView
2022-12-25 15:50:08.891 22931-23058 AudioTrack              pid-22931                            V  obtainBuffer(192) returned 192 = 192 + 0 err 0
2022-12-25 15:50:08.895 22931-23058 AudioTrack              pid-22931                            V  obtainBuffer(192) returned 192 = 192 + 0 err 0
2022-12-25 15:50:08.897 22931-22931 ContentCatcher          pid-22931                            W  Failed to notify a WebView
2022-12-25 15:50:08.899 22931-23058 AudioTrack              pid-22931                            V  obtainBuffer(192) returned 192 = 192 + 0 err 0
2022-12-25 15:50:08.899   688-924   audio_hw_spkr_prot      pid-688                              D  audio_extn_fbsp_get_parameters: Speaker protection disabled
2022-12-25 15:50:08.900   688-924   audio_hw_extn           pid-688                              D  audio_extn_get_parameters: returns 
2022-12-25 15:50:08.900   743-743   hash_map_utils          pid-743                              I  key: 'hifi_mode' value: ''
2022-12-25 15:50:08.902 22931-11625 AudioManager            pid-22931                            D  getStreamVolume isRestricted mode = 0
2022-12-25 15:50:08.903 22931-23058 AudioTrack              pid-22931                            V  obtainBuffer(192) returned 192 = 192 + 0 err 0
2022-12-25 15:50:08.903 11731-11731 linker                  pid-11731                            A  CANNOT LINK EXECUTABLE "/system/bin/dpmd": "/system/lib64/libdpmframework.so" is 32-bit instead of 64-bit
2022-12-25 15:50:08.905   688-924   audio_hw_spkr_prot      pid-688                              D  audio_extn_fbsp_get_parameters: Speaker protection disabled
2022-12-25 15:50:08.905   688-924   audio_hw_extn           pid-688                              D  audio_extn_get_parameters: returns 
2022-12-25 15:50:08.907 22931-23058 AudioTrack              pid-22931                            V  obtainBuffer(192) returned 192 = 192 + 0 err 0
2022-12-25 15:50:08.907   743-743   hash_map_utils          pid-743                              I  key: 'hifi_mode' value: ''
2022-12-25 15:50:08.910 22931-22931 AdsUnity                pid-22931                            D  Calling show() on Android
2022-12-25 15:50:08.911 22931-23058 AudioTrack              pid-22931                            V  obtainBuffer(192) returned 192 = 192 + 0 err 0
2022-12-25 15:50:08.915 22931-23058 AudioTrack              pid-22931                            V  obtainBuffer(192) returned 192 = 192 + 0 err 0
2022-12-25 15:50:08.915   688-924   audio_hw_spkr_prot      pid-688                              D  audio_extn_fbsp_get_parameters: Speaker protection disabled
2022-12-25 15:50:08.915   688-924   audio_hw_extn           pid-688                              D  audio_extn_get_parameters: returns 
2022-12-25 15:50:08.915   743-743   hash_map_utils          pid-743                              I  key: 'hifi_mode' value: ''
2022-12-25 15:50:08.917 22931-11718 AudioManager            pid-22931                            D  getStreamVolume isRestricted mode = 0
2022-12-25 15:50:08.918   688-924   audio_hw_spkr_prot      pid-688                              D  audio_extn_fbsp_get_parameters: Speaker protection disabled
2022-12-25 15:50:08.918   688-924   audio_hw_extn           pid-688                              D  audio_extn_get_parameters: returns 
2022-12-25 15:50:08.919   743-743   hash_map_utils          pid-743                              I  key: 'hifi_mode' value: ''
2022-12-25 15:50:08.919 22931-23058 AudioTrack              pid-22931                            V  obtainBuffer(192) returned 192 = 128 + 64 err 0
2022-12-25 15:50:08.919 22931-23058 AudioTrack              pid-22931                            V  obtainBuffer(64) returned 64 = 64 + 0 err 0
2022-12-25 15:50:08.921   688-924   audio_hw_spkr_prot      pid-688                              D  audio_extn_fbsp_get_parameters: Speaker protection disabled
2022-12-25 15:50:08.921   688-924   audio_hw_extn           pid-688                              D  audio_extn_get_parameters: returns 
2022-12-25 15:50:08.921   743-743   hash_map_utils          pid-743                              I  key: 'hifi_mode' value: ''
2022-12-25 15:50:08.923 22931-23058 AudioTrack              pid-22931                            V  obtainBuffer(192) returned 192 = 192 + 0 err 0
2022-12-25 15:50:08.923 22931-11625 AudioManager            pid-22931                            D  getStreamVolume isRestricted mode = 0
2022-12-25 15:50:08.926   688-924   audio_hw_spkr_prot      pid-688                              D  audio_extn_fbsp_get_parameters: Speaker protection disabled
2022-12-25 15:50:08.926   688-924   audio_hw_extn           pid-688                              D  audio_extn_get_parameters: returns 
2022-12-25 15:50:08.927 22931-23058 AudioTrack              pid-22931                            V  obtainBuffer(192) returned 192 = 192 + 0 err 0
2022-12-25 15:50:08.928   743-743   hash_map_utils          pid-743                              I  key: 'hifi_mode' value: ''
2022-12-25 15:50:08.932 22931-23058 AudioTrack              pid-22931                            V  obtainBuffer(192) returned 192 = 192 + 0 err 0
2022-12-25 15:50:08.935 22931-23058 AudioTrack              pid-22931                            V  obtainBuffer(192) returned 192 = 192 + 0 err 0
2022-12-25 15:50:08.938   688-924   audio_hw_spkr_prot      pid-688                              D  audio_extn_fbsp_get_parameters: Speaker protection disabled
2022-12-25 15:50:08.938   688-924   audio_hw_extn           pid-688                              D  audio_extn_get_parameters: returns 
2022-12-25 15:50:08.939   743-743   hash_map_utils          pid-743                              I  key: 'hifi_mode' value: ''
2022-12-25 15:50:08.939 22931-23058 AudioTrack              pid-22931                            V  obtainBuffer(192) returned 192 = 192 + 0 err 0
2022-12-25 15:50:08.941 22931-11711 AudioManager            pid-22931                            D  getStreamVolume isRestricted mode = 0
2022-12-25 15:50:08.943   688-924   audio_hw_spkr_prot      pid-688                              D  audio_extn_fbsp_get_parameters: Speaker protection disabled
2022-12-25 15:50:08.943   688-924   audio_hw_extn           pid-688                              D  audio_extn_get_parameters: returns 
2022-12-25 15:50:08.943 22931-23058 AudioTrack              pid-22931                            V  obtainBuffer(192) returned 192 = 192 + 0 err 0
2022-12-25 15:50:08.943   743-743   hash_map_utils          pid-743                              I  key: 'hifi_mode' value: ''
2022-12-25 15:50:08.947 22931-23058 AudioTrack              pid-22931                            V  obtainBuffer(192) returned 192 = 192 + 0 err 0
2022-12-25 15:50:08.951 22931-23058 chatty                  pid-22931                            I  uid=10213(com.inforcegames.app3dmodelling) AudioTrack identical 1 line
2022-12-25 15:50:08.955 22931-23058 AudioTrack              pid-22931                            V  obtainBuffer(192) returned 192 = 192 + 0 err 0
2022-12-25 15:50:08.959   688-924   audio_hw_spkr_prot      pid-688                              D  audio_extn_fbsp_get_parameters: Speaker protection disabled
2022-12-25 15:50:08.959   688-924   audio_hw_extn           pid-688                              D  audio_extn_get_parameters: returns 
2022-12-25 15:50:08.959 22931-23058 AudioTrack              pid-22931                            V  obtainBuffer(192) returned 192 = 192 + 0 err 0
2022-12-25 15:50:08.959   743-743   hash_map_utils          pid-743                              I  key: 'hifi_mode' value: ''
2022-12-25 15:50:08.963 22931-23058 AudioTrack              pid-22931                            V  obtainBuffer(192) returned 192 = 64 + 128 err 0
2022-12-25 15:50:08.963 22931-11718 AudioManager            pid-22931                            D  getStreamVolume isRestricted mode = 0
2022-12-25 15:50:08.963 22931-23058 AudioTrack              pid-22931                            V  obtainBuffer(128) returned 128 = 128 + 0 err 0
2022-12-25 15:50:08.967 22931-23058 AudioTrack              pid-22931                            V  obtainBuffer(192) returned 192 = 192 + 0 err 0
2022-12-25 15:50:08.969   688-924   audio_hw_spkr_prot      pid-688                              D  audio_extn_fbsp_get_parameters: Speaker protection disabled
2022-12-25 15:50:08.969   688-924   audio_hw_extn           pid-688                              D  audio_extn_get_parameters: returns 
2022-12-25 15:50:08.969   743-743   hash_map_utils          pid-743                              I  key: 'hifi_mode' value: ''
2022-12-25 15:50:08.971 22931-23058 AudioTrack              pid-22931                            V  obtainBuffer(192) returned 192 = 192 + 0 err 0
2022-12-25 15:50:08.975 22931-23058 AudioTrack              pid-22931                            V  obtainBuffer(192) returned 192 = 192 + 0 err 0
2022-12-25 15:50:08.976   688-924   audio_hw_spkr_prot      pid-688                              D  audio_extn_fbsp_get_parameters: Speaker protection disabled
2022-12-25 15:50:08.976   688-924   audio_hw_extn           pid-688                              D  audio_extn_get_parameters: returns 
2022-12-25 15:50:08.976   743-743   hash_map_utils          pid-743                              I  key: 'hifi_mode' value: ''
2022-12-25 15:50:08.978 22931-11711 AudioManager            pid-22931                            D  getStreamVolume isRestricted mode = 0
2022-12-25 15:50:08.979 22931-23058 AudioTrack              pid-22931                            V  obtainBuffer(192) returned 192 = 192 + 0 err 0
2022-12-25 15:50:08.981   688-924   audio_hw_spkr_prot      pid-688                              D  audio_extn_fbsp_get_parameters: Speaker protection disabled
2022-12-25 15:50:08.981   688-924   audio_hw_extn           pid-688                              D  audio_extn_get_parameters: returns 
2022-12-25 15:50:08.981   743-743   hash_map_utils          pid-743                              I  key: 'hifi_mode' value: ''
2022-12-25 15:50:08.983 22931-23058 AudioTrack              pid-22931                            V  obtainBuffer(192) returned 192 = 192 + 0 err 0
2022-12-25 15:50:08.986   688-924   audio_hw_spkr_prot      pid-688                              D  audio_extn_fbsp_get_parameters: Speaker protection disabled
2022-12-25 15:50:08.986   688-924   audio_hw_extn           pid-688                              D  audio_extn_get_parameters: returns 
2022-12-25 15:50:08.987   743-743   hash_map_utils          pid-743                              I  key: 'hifi_mode' value: ''
2022-12-25 15:50:08.987 22931-23058 AudioTrack              pid-22931                            V  obtainBuffer(192) returned 192 = 192 + 0 err 0
2022-12-25 15:50:08.989 22931-11715 AudioManager            pid-22931                            D  getStreamVolume isRestricted mode = 0
2022-12-25 15:50:08.991 22931-23058 AudioTrack              pid-22931                            V  obtainBuffer(192) returned 192 = 192 + 0 err 0
2022-12-25 15:50:08.991   688-924   audio_hw_spkr_prot      pid-688                              D  audio_extn_fbsp_get_parameters: Speaker protection disabled
2022-12-25 15:50:08.991   688-924   audio_hw_extn           pid-688                              D  audio_extn_get_parameters: returns 
2022-12-25 15:50:08.992   743-743   hash_map_utils          pid-743                              I  key: 'hifi_mode' value: ''
2022-12-25 15:50:08.992 23192-23304 chromium                pid-23192                            E  [ERROR:tile_manager.cc(826)] WARNING: tile memory limits exceeded, some content may not draw
2022-12-25 15:50:08.993 23192-23304 chromium                pid-23192                            E  [ERROR:tile_manager.cc(826)] WARNING: tile memory limits exceeded, some content may not draw
2022-12-25 15:50:08.995 22931-23058 AudioTrack              pid-22931                            V  obtainBuffer(192) returned 192 = 192 + 0 err 0
2022-12-25 15:50:09.039 22931-23058 chatty                  pid-22931                            I  uid=10213(com.inforcegames.app3dmodelling) AudioTrack identical 11 lines
2022-12-25 15:50:09.043 22931-23058 AudioTrack              pid-22931                            V  obtainBuffer(192) returned 192 = 192 + 0 err 0
2022-12-25 15:50:09.047 22931-23058 AudioTrack              pid-22931                            V  obtainBuffer(192) returned 192 = 128 + 64 err 0
2022-12-25 15:50:09.047 22931-23058 AudioTrack              pid-22931                            V  obtainBuffer(64) returned 64 = 64 + 0 err 0
2022-12-25 15:50:09.051 22931-23058 AudioTrack              pid-22931                            V  obtainBuffer(192) returned 192 = 192 + 0 err 0
2022-12-25 15:50:09.063 22931-23058 chatty                  pid-22931                            I  uid=10213(com.inforcegames.app3dmodelling) AudioTrack identical 3 lines
2022-12-25 15:50:09.067 22931-23058 AudioTrack              pid-22931                            V  obtainBuffer(192) returned 192 = 192 + 0 err 0
2022-12-25 15:50:09.070   688-924   audio_hw_spkr_prot      pid-688                              D  audio_extn_fbsp_get_parameters: Speaker protection disabled
2022-12-25 15:50:09.070   688-924   audio_hw_extn           pid-688                              D  audio_extn_get_parameters: returns 
2022-12-25 15:50:09.070   743-743   hash_map_utils          pid-743                              I  key: 'hifi_mode' value: ''
2022-12-25 15:50:09.071 22931-23058 AudioTrack              pid-22931                            V  obtainBuffer(192) returned 192 = 192 + 0 err 0
2022-12-25 15:50:09.071 22931-11711 AudioManager            pid-22931                            D  getStreamVolume isRestricted mode = 0
2022-12-25 15:50:09.074   688-924   audio_hw_spkr_prot      pid-688                              D  audio_extn_fbsp_get_parameters: Speaker protection disabled
2022-12-25 15:50:09.074   688-924   audio_hw_extn           pid-688                              D  audio_extn_get_parameters: returns 
2022-12-25 15:50:09.074   743-743   hash_map_utils          pid-743                              I  key: 'hifi_mode' value: ''
2022-12-25 15:50:09.075 22931-23058 AudioTrack              pid-22931                            V  obtainBuffer(192) returned 192 = 192 + 0 err 0
2022-12-25 15:50:09.078 23192-23304 chromium                pid-23192                            E  [ERROR:tile_manager.cc(826)] WARNING: tile memory limits exceeded, some content may not draw
2022-12-25 15:50:09.078 23192-23304 chromium                pid-23192                            E  [ERROR:tile_manager.cc(826)] WARNING: tile memory limits exceeded, some content may not draw
2022-12-25 15:50:09.079 22931-23058 AudioTrack              pid-22931                            V  obtainBuffer(192) returned 192 = 192 + 0 err 0
2022-12-25 15:50:09.083 22931-23058 chatty                  pid-22931                            I  uid=10213(com.inforcegames.app3dmodelling) AudioTrack identical 1 line
2022-12-25 15:50:09.087 22931-23058 AudioTrack              pid-22931                            V  obtainBuffer(192) returned 192 = 192 + 0 err 0
2022-12-25 15:50:09.092 22931-23058 AudioTrack              pid-22931                            V  obtainBuffer(192) returned 192 = 64 + 128 err 0
2022-12-25 15:50:09.092   688-924   audio_hw_spkr_prot      pid-688                              D  audio_extn_fbsp_get_parameters: Speaker protection disabled
2022-12-25 15:50:09.092   688-924   audio_hw_extn           pid-688                              D  audio_extn_get_parameters: returns 
2022-12-25 15:50:09.092 22931-23058 AudioTrack              pid-22931                            V  obtainBuffer(128) returned 128 = 128 + 0 err 0
2022-12-25 15:50:09.092   743-15843 hash_map_utils          pid-743                              I  key: 'hifi_mode' value: ''
2022-12-25 15:50:09.095 22931-23058 AudioTrack              pid-22931                            V  obtainBuffer(192) returned 192 = 192 + 0 err 0
2022-12-25 15:50:09.097 22931-11715 AudioManager            pid-22931                            D  getStreamVolume isRestricted mode = 0
2022-12-25 15:50:09.099 22931-23058 AudioTrack              pid-22931                            V  obtainBuffer(192) returned 192 = 192 + 0 err 0
2022-12-25 15:50:09.099   688-924   audio_hw_spkr_prot      pid-688                              D  audio_extn_fbsp_get_parameters: Speaker protection disabled
2022-12-25 15:50:09.099   688-924   audio_hw_extn           pid-688                              D  audio_extn_get_parameters: returns 
2022-12-25 15:50:09.100   743-743   hash_map_utils          pid-743                              I  key: 'hifi_mode' value: ''
2022-12-25 15:50:09.103 22931-23058 AudioTrack              pid-22931                            V  obtainBuffer(192) returned 192 = 192 + 0 err 0
2022-12-25 15:50:09.107 22931-23058 AudioTrack              pid-22931                            V  obtainBuffer(192) returned 192 = 192 + 0 err 0
2022-12-25 15:50:09.108 32738-10148 NetworkScheduler        pid-32738                            W  Error inserting period=2782000 preferred_charging_state=1 preferred_network_type=1 target_class=com.google.android.gms.measurement.PackageMeasurementTaskService required_network_type=0 runtime=1671979809103 required_idleness_state=0 source=16 service_kind=0 target_package=com.google.android.gms persistence_level=1 source_version=224814000 last_runtime=0 user_id=0 job_id=-1 requires_charging=0 tag=Measurement.PackageMeasurementTaskService.UPLOAD_TASK_TAG flex_time=1390000 task_type=0 retry_strategy={"maximum_backoff_seconds":{"3600":0},"initial_backoff_seconds":{"30":0},"retry_policy":{"0":0}} [CONTEXT service_id=218 ]
                                                                                                    android.database.sqlite.SQLiteConstraintException: UNIQUE constraint failed: pending_ops.tag, pending_ops.target_class, pending_ops.target_package, pending_ops.user_id (code 2067 SQLITE_CONSTRAINT_UNIQUE)
                                                                                                    	at android.database.sqlite.SQLiteConnection.nativeExecuteForLastInsertedRowId(Native Method)
                                                                                                    	at android.database.sqlite.SQLiteConnection.executeForLastInsertedRowId(SQLiteConnection.java:796)
                                                                                                    	at android.database.sqlite.SQLiteSession.executeForLastInsertedRowId(SQLiteSession.java:788)
                                                                                                    	at android.database.sqlite.SQLiteStatement.executeInsert(SQLiteStatement.java:86)
                                                                                                    	at android.database.sqlite.SQLiteDatabase.insertWithOnConflict(SQLiteDatabase.java:1564)
                                                                                                    	at android.database.sqlite.SQLiteDatabase.insertOrThrow(SQLiteDatabase.java:1459)
                                                                                                    	at bkqd.g(:com.google.android.gms@224814028@22.48.14 (100400-493411920):53)
                                                                                                    	at bkow.n(:com.google.android.gms@224814028@22.48.14 (100400-493411920):3)
                                                                                                    	at bkow.u(:com.google.android.gms@224814028@22.48.14 (100400-493411920):20)
                                                                                                    	at bkow.h(:com.google.android.gms@224814028@22.48.14 (100400-493411920):3)
                                                                                                    	at bkkn.run(:com.google.android.gms@224814028@22.48.14 (100400-493411920):9)
                                                                                                    	at abva.c(:com.google.android.gms@224814028@22.48.14 (100400-493411920):6)
                                                                                                    	at abva.run(:com.google.android.gms@224814028@22.48.14 (100400-493411920):7)
                                                                                                    	at java.util.concurrent.ThreadPoolExecutor.runWorker(ThreadPoolExecutor.java:1167)
                                                                                                    	at java.util.concurrent.ThreadPoolExecutor$Worker.run(ThreadPoolExecutor.java:641)
                                                                                                    	at acae.run(:com.google.android.gms@224814028@22.48.14 (100400-493411920):0)
                                                                                                    	at java.lang.Thread.run(Thread.java:764)
2022-12-25 15:50:09.111 22931-23058 AudioTrack              pid-22931                            V  obtainBuffer(192) returned 192 = 192 + 0 err 0
2022-12-25 15:50:09.139 22931-23058 chatty                  pid-22931                            I  uid=10213(com.inforcegames.app3dmodelling) AudioTrack identical 7 lines
2022-12-25 15:50:09.143 22931-23058 AudioTrack              pid-22931                            V  obtainBuffer(192) returned 192 = 192 + 0 err 0
2022-12-25 15:50:09.146  1302-1462  ThermalEngine           pid-1302                             D  sensor_wait: msm_therm Wait done.
2022-12-25 15:50:09.147 22931-23058 AudioTrack              pid-22931                            V  obtainBuffer(192) returned 192 = 192 + 0 err 0
2022-12-25 15:50:09.148  1302-1462  ThermalEngine           pid-1302                             D  sensor_monitor: msm_therm Reading 41000 .
2022-12-25 15:50:09.148  1302-1462  ThermalEngine           pid-1302                             I  Sensor:msm_therm:41000 mC
2022-12-25 15:50:09.148  1302-1462  ThermalEngine           pid-1302                             D  update_active_thresh: msm_therm Active(1), Hi(1) 44000, Lo(0) -2147483648, desc(0) Interval(1) 1000
2022-12-25 15:50:09.148  1302-1462  ThermalEngine           pid-1302                             D  sensor_monitor: msm_therm Sensor wait.
2022-12-25 15:50:09.148  1302-1462  ThermalEngine           pid-1302                             D  sensor_wait: msm_therm Wait start. 1000ms
2022-12-25 15:50:09.151 22931-23058 AudioTrack              pid-22931                            V  obtainBuffer(192) returned 192 = 192 + 0 err 0
2022-12-25 15:50:09.155 22931-23058 AudioTrack              pid-22931                            V  obtainBuffer(192) returned 192 = 192 + 0 err 0
2022-12-25 15:50:09.158  1302-1463  ThermalEngine           pid-1302                             D  sensor_wait: quiet_therm Wait done.
2022-12-25 15:50:09.159  1302-1463  ThermalEngine           pid-1302                             D  sensor_monitor: quiet_therm Reading 39000 .
2022-12-25 15:50:09.159 22931-23058 AudioTrack              pid-22931                            V  obtainBuffer(192) returned 192 = 192 + 0 err 0
2022-12-25 15:50:09.159  1302-1463  ThermalEngine           pid-1302                             I  Sensor:quiet_therm:39000 mC
2022-12-25 15:50:09.159  1302-1463  ThermalEngine           pid-1302                             D  update_active_thresh: quiet_therm Active(1), Hi(1) 40000, Lo(0) -2147483648, desc(0) Interval(1) 1000
2022-12-25 15:50:09.159  1302-1463  ThermalEngine           pid-1302                             D  sensor_monitor: quiet_therm Sensor wait.
2022-12-25 15:50:09.159  1302-1463  ThermalEngine           pid-1302                             D  sensor_wait: quiet_therm Wait start. 1000ms
2022-12-25 15:50:09.163 22931-23058 AudioTrack              pid-22931                            V  obtainBuffer(192) returned 192 = 192 + 0 err 0
2022-12-25 15:50:09.167 22931-23058 AudioTrack              pid-22931                            V  obtainBuffer(192) returned 192 = 192 + 0 err 0
2022-12-25 15:50:09.168  2820-5429  DPMJ                    pid-2820                             I  |REQ:RCVR| DPM creating socket
2022-12-25 15:50:09.171 22931-23058 AudioTrack              pid-22931                            V  obtainBuffer(192) returned 192 = 192 + 0 err 0
2022-12-25 15:50:09.175 22931-23058 AudioTrack              pid-22931                            V  obtainBuffer(192) returned 192 = 128 + 64 err 0
2022-12-25 15:50:09.175 22931-23058 AudioTrack              pid-22931                            V  obtainBuffer(64) returned 64 = 64 + 0 err 0
2022-12-25 15:50:09.179 22931-23058 AudioTrack              pid-22931                            V  obtainBuffer(192) returned 192 = 192 + 0 err 0
2022-12-25 15:50:09.195 22931-23058 chatty                  pid-22931                            I  uid=10213(com.inforcegames.app3dmodelling) AudioTrack identical 4 lines
2022-12-25 15:50:09.199 22931-23058 AudioTrack              pid-22931                            V  obtainBuffer(192) returned 192 = 192 + 0 err 0
2022-12-25 15:50:09.202 17758-17770 System                  pid-17758                            W  A resource failed to call close. 
2022-12-25 15:50:09.203 22931-23058 AudioTrack              pid-22931                            V  obtainBuffer(192) returned 192 = 192 + 0 err 0
2022-12-25 15:50:09.204 17758-17770 System                  pid-17758                            W  A resource failed to call close. 
2022-12-25 15:50:09.207 22931-23058 AudioTrack              pid-22931                            V  obtainBuffer(192) returned 192 = 192 + 0 err 0
2022-12-25 15:50:09.211 22931-23058 chatty                  pid-22931                            I  uid=10213(com.inforcegames.app3dmodelling) AudioTrack identical 1 line
2022-12-25 15:50:09.215 22931-23058 AudioTrack              pid-22931                            V  obtainBuffer(192) returned 192 = 192 + 0 err 0
2022-12-25 15:50:09.219 22931-23058 AudioTrack              pid-22931                            V  obtainBuffer(192) returned 192 = 64 + 128 err 0
2022-12-25 15:50:09.219 22931-23058 AudioTrack              pid-22931                            V  obtainBuffer(128) returned 128 = 128 + 0 err 0
2022-12-25 15:50:09.223 22931-23058 AudioTrack              pid-22931                            V  obtainBuffer(192) returned 192 = 192 + 0 err 0
2022-12-25 15:50:09.295 22931-23058 chatty                  pid-22931                            I  uid=10213(com.inforcegames.app3dmodelling) AudioTrack identical 18 lines
2022-12-25 15:50:09.299 22931-23058 AudioTrack              pid-22931                            V  obtainBuffer(192) returned 192 = 192 + 0 err 0
2022-12-25 15:50:09.303 22931-23058 AudioTrack              pid-22931                            V  obtainBuffer(192) returned 192 = 128 + 64 err 0
2022-12-25 15:50:09.303 22931-23058 AudioTrack              pid-22931                            V  obtainBuffer(64) returned 64 = 64 + 0 err 0
2022-12-25 15:50:09.308 22931-23058 AudioTrack              pid-22931                            V  obtainBuffer(192) returned 192 = 192 + 0 err 0
2022-12-25 15:50:09.311 22931-23058 AudioTrack              pid-22931                            V  obtainBuffer(192) returned 192 = 192 + 0 err 0
2022-12-25 15:50:09.313   688-924   audio_hw_spkr_prot      pid-688                              D  audio_extn_fbsp_get_parameters: Speaker protection disabled
2022-12-25 15:50:09.313   688-924   audio_hw_extn           pid-688                              D  audio_extn_get_parameters: returns 
