2022-12-25 15:49:59.755 22931-23058 AudioTrack              pid-22931                            V  obtainBuffer(192) returned 192 = 192 + 0 err 0
2022-12-25 15:49:59.823 22931-23058 chatty                  pid-22931                            I  uid=10213(com.inforcegames.app3dmodelling) AudioTrack identical 18 lines
2022-12-25 15:49:59.827 22931-23058 AudioTrack              pid-22931                            V  obtainBuffer(192) returned 192 = 192 + 0 err 0
2022-12-25 15:49:59.832 22931-23058 AudioTrack              pid-22931                            V  obtainBuffer(192) returned 192 = 128 + 64 err 0
2022-12-25 15:49:59.832 22931-23058 AudioTrack              pid-22931                            V  obtainBuffer(64) returned 64 = 64 + 0 err 0
2022-12-25 15:49:59.836 22931-23058 AudioTrack              pid-22931                            V  obtainBuffer(192) returned 192 = 192 + 0 err 0
2022-12-25 15:49:59.868 22931-23058 chatty                  pid-22931                            I  uid=10213(com.inforcegames.app3dmodelling) AudioTrack identical 8 lines
2022-12-25 15:49:59.872 22931-23058 AudioTrack              pid-22931                            V  obtainBuffer(192) returned 192 = 192 + 0 err 0
2022-12-25 15:49:59.875 22931-23058 AudioTrack              pid-22931                            V  obtainBuffer(192) returned 192 = 64 + 128 err 0
2022-12-25 15:49:59.875 22931-23058 AudioTrack              pid-22931                            V  obtainBuffer(128) returned 128 = 128 + 0 err 0
2022-12-25 15:49:59.879 22931-23058 AudioTrack              pid-22931                            V  obtainBuffer(192) returned 192 = 192 + 0 err 0
2022-12-25 15:49:59.953 22931-23058 chatty                  pid-22931                            I  uid=10213(com.inforcegames.app3dmodelling) AudioTrack identical 18 lines
2022-12-25 15:49:59.956 22931-23058 AudioTrack              pid-22931                            V  obtainBuffer(192) returned 192 = 192 + 0 err 0
2022-12-25 15:49:59.959 22931-23058 AudioTrack              pid-22931                            V  obtainBuffer(192) returned 192 = 128 + 64 err 0
2022-12-25 15:49:59.959 22931-23058 AudioTrack              pid-22931                            V  obtainBuffer(64) returned 64 = 64 + 0 err 0
2022-12-25 15:49:59.962  1302-1457  ThermalEngine           pid-1302                             D  sensor_wait: backlight_therm Wait done.
2022-12-25 15:49:59.963 22931-23058 AudioTrack              pid-22931                            V  obtainBuffer(192) returned 192 = 192 + 0 err 0
2022-12-25 15:49:59.964  1302-1457  ThermalEngine           pid-1302                             D  sensor_monitor: backlight_therm Reading 38000 .
2022-12-25 15:49:59.964  1302-1457  ThermalEngine           pid-1302                             I  Sensor:backlight_therm:38000 mC
2022-12-25 15:49:59.964  1302-1457  ThermalEngine           pid-1302                             D  update_active_thresh: backlight_therm Active(1), Hi(1) 45000, Lo(0) -2147483648, desc(0) Interval(1) 2000
2022-12-25 15:49:59.964  1302-1457  ThermalEngine           pid-1302                             D  sensor_monitor: backlight_therm Sensor wait.
2022-12-25 15:49:59.964  1302-1457  ThermalEngine           pid-1302                             D  sensor_wait: backlight_therm Wait start. 2000ms
2022-12-25 15:49:59.968 22931-23058 AudioTrack              pid-22931                            V  obtainBuffer(192) returned 192 = 192 + 0 err 0
2022-12-25 15:49:59.996 22931-23058 chatty                  pid-22931                            I  uid=10213(com.inforcegames.app3dmodelling) AudioTrack identical 7 lines
2022-12-25 15:49:59.999 22931-23058 AudioTrack              pid-22931                            V  obtainBuffer(192) returned 192 = 192 + 0 err 0
2022-12-25 15:50:00.003 22931-23058 AudioTrack              pid-22931                            V  obtainBuffer(192) returned 192 = 64 + 128 err 0
2022-12-25 15:50:00.003 22931-23058 AudioTrack              pid-22931                            V  obtainBuffer(128) returned 128 = 128 + 0 err 0
2022-12-25 15:50:00.003  2480-2480  KeyguardUpdateMonitor   pid-2480                             D  handleTimeUpdate
2022-12-25 15:50:00.007 22931-23058 AudioTrack              pid-22931                            V  obtainBuffer(192) returned 192 = 192 + 0 err 0
2022-12-25 15:50:00.079 22931-23058 chatty                  pid-22931                            I  uid=10213(com.inforcegames.app3dmodelling) AudioTrack identical 18 lines
2022-12-25 15:50:00.083 22931-23058 AudioTrack              pid-22931                            V  obtainBuffer(192) returned 192 = 192 + 0 err 0
2022-12-25 15:50:00.087 22931-23058 AudioTrack              pid-22931                            V  obtainBuffer(192) returned 192 = 128 + 64 err 0
2022-12-25 15:50:00.087 22931-23058 AudioTrack              pid-22931                            V  obtainBuffer(64) returned 64 = 64 + 0 err 0
2022-12-25 15:50:00.091 22931-23058 AudioTrack              pid-22931                            V  obtainBuffer(192) returned 192 = 192 + 0 err 0
2022-12-25 15:50:00.123 22931-23058 chatty                  pid-22931                            I  uid=10213(com.inforcegames.app3dmodelling) AudioTrack identical 8 lines
2022-12-25 15:50:00.127 22931-23058 AudioTrack              pid-22931                            V  obtainBuffer(192) returned 192 = 192 + 0 err 0
2022-12-25 15:50:00.130  1302-1462  ThermalEngine           pid-1302                             D  sensor_wait: msm_therm Wait done.
2022-12-25 15:50:00.131  1302-1462  ThermalEngine           pid-1302                             D  sensor_monitor: msm_therm Reading 40000 .
2022-12-25 15:50:00.131  1302-1462  ThermalEngine           pid-1302                             I  Sensor:msm_therm:40000 mC
2022-12-25 15:50:00.131 22931-23058 AudioTrack              pid-22931                            V  obtainBuffer(192) returned 192 = 64 + 128 err 0
2022-12-25 15:50:00.131  1302-1462  ThermalEngine           pid-1302                             D  update_active_thresh: msm_therm Active(1), Hi(1) 44000, Lo(0) -2147483648, desc(0) Interval(1) 1000
2022-12-25 15:50:00.131  1302-1462  ThermalEngine           pid-1302                             D  sensor_monitor: msm_therm Sensor wait.
2022-12-25 15:50:00.131 22931-23058 AudioTrack              pid-22931                            V  obtainBuffer(128) returned 128 = 128 + 0 err 0
2022-12-25 15:50:00.131  1302-1462  ThermalEngine           pid-1302                             D  sensor_wait: msm_therm Wait start. 1000ms
2022-12-25 15:50:00.137 22931-23058 AudioTrack              pid-22931                            V  obtainBuffer(192) returned 192 = 192 + 0 err 0
2022-12-25 15:50:00.140 22931-23058 chatty                  pid-22931                            I  uid=10213(com.inforcegames.app3dmodelling) AudioTrack identical 1 line
2022-12-25 15:50:00.143 22931-23058 AudioTrack              pid-22931                            V  obtainBuffer(192) returned 192 = 192 + 0 err 0
2022-12-25 15:50:00.145  1302-1463  ThermalEngine           pid-1302                             D  sensor_wait: quiet_therm Wait done.
2022-12-25 15:50:00.146  1302-1463  ThermalEngine           pid-1302                             D  sensor_monitor: quiet_therm Reading 39000 .
2022-12-25 15:50:00.146  1302-1463  ThermalEngine           pid-1302                             I  Sensor:quiet_therm:39000 mC
2022-12-25 15:50:00.146  1302-1463  ThermalEngine           pid-1302                             D  update_active_thresh: quiet_therm Active(1), Hi(1) 40000, Lo(0) -2147483648, desc(0) Interval(1) 1000
2022-12-25 15:50:00.146  1302-1463  ThermalEngine           pid-1302                             D  sensor_monitor: quiet_therm Sensor wait.
2022-12-25 15:50:00.146  1302-1463  ThermalEngine           pid-1302                             D  sensor_wait: quiet_therm Wait start. 1000ms
2022-12-25 15:50:00.147 22931-23058 AudioTrack              pid-22931                            V  obtainBuffer(192) returned 192 = 192 + 0 err 0
2022-12-25 15:50:00.207 22931-23058 chatty                  pid-22931                            I  uid=10213(com.inforcegames.app3dmodelling) AudioTrack identical 15 lines
2022-12-25 15:50:00.211 22931-23058 AudioTrack              pid-22931                            V  obtainBuffer(192) returned 192 = 192 + 0 err 0
2022-12-25 15:50:00.214   688-924   audio_hw_spkr_prot      pid-688                              D  audio_extn_fbsp_get_parameters: Speaker protection disabled
2022-12-25 15:50:00.214   688-924   audio_hw_extn           pid-688                              D  audio_extn_get_parameters: returns 
2022-12-25 15:50:00.214   743-743   hash_map_utils          pid-743                              I  key: 'hifi_mode' value: ''
2022-12-25 15:50:00.216 22931-23058 AudioTrack              pid-22931                            V  obtainBuffer(192) returned 192 = 128 + 64 err 0
2022-12-25 15:50:00.216 22931-23058 AudioTrack              pid-22931                            V  obtainBuffer(64) returned 64 = 64 + 0 err 0
2022-12-25 15:50:00.217 22931-7570  AudioManager            pid-22931                            D  getStreamVolume isRestricted mode = 0
2022-12-25 15:50:00.219 22931-23058 AudioTrack              pid-22931                            V  obtainBuffer(192) returned 192 = 192 + 0 err 0
2022-12-25 15:50:00.223 22931-23058 AudioTrack              pid-22931                            V  obtainBuffer(192) returned 192 = 192 + 0 err 0
2022-12-25 15:50:00.224   688-924   audio_hw_spkr_prot      pid-688                              D  audio_extn_fbsp_get_parameters: Speaker protection disabled
2022-12-25 15:50:00.224   688-924   audio_hw_extn           pid-688                              D  audio_extn_get_parameters: returns 
2022-12-25 15:50:00.225   743-743   hash_map_utils          pid-743                              I  key: 'hifi_mode' value: ''
2022-12-25 15:50:00.227 22931-23058 AudioTrack              pid-22931                            V  obtainBuffer(192) returned 192 = 192 + 0 err 0
2022-12-25 15:50:00.251 22931-23058 chatty                  pid-22931                            I  uid=10213(com.inforcegames.app3dmodelling) AudioTrack identical 6 lines
2022-12-25 15:50:00.256 22931-23058 AudioTrack              pid-22931                            V  obtainBuffer(192) returned 192 = 192 + 0 err 0
2022-12-25 15:50:00.259 22931-23058 AudioTrack              pid-22931                            V  obtainBuffer(192) returned 192 = 64 + 128 err 0
2022-12-25 15:50:00.259 22931-23058 AudioTrack              pid-22931                            V  obtainBuffer(128) returned 128 = 128 + 0 err 0
2022-12-25 15:50:00.263 22931-23058 AudioTrack              pid-22931                            V  obtainBuffer(192) returned 192 = 192 + 0 err 0
2022-12-25 15:50:00.335 22931-23058 chatty                  pid-22931                            I  uid=10213(com.inforcegames.app3dmodelling) AudioTrack identical 18 lines
2022-12-25 15:50:00.339 22931-23058 AudioTrack              pid-22931                            V  obtainBuffer(192) returned 192 = 192 + 0 err 0
2022-12-25 15:50:00.343 22931-23058 AudioTrack              pid-22931                            V  obtainBuffer(192) returned 192 = 128 + 64 err 0
2022-12-25 15:50:00.344 22931-23058 AudioTrack              pid-22931                            V  obtainBuffer(64) returned 64 = 64 + 0 err 0
2022-12-25 15:50:00.347 22931-23058 AudioTrack              pid-22931                            V  obtainBuffer(192) returned 192 = 192 + 0 err 0
2022-12-25 15:50:00.379 22931-23058 chatty                  pid-22931                            I  uid=10213(com.inforcegames.app3dmodelling) AudioTrack identical 8 lines
2022-12-25 15:50:00.384 22931-23058 AudioTrack              pid-22931                            V  obtainBuffer(192) returned 192 = 192 + 0 err 0
2022-12-25 15:50:00.387 22931-23058 AudioTrack              pid-22931                            V  obtainBuffer(192) returned 192 = 64 + 128 err 0
2022-12-25 15:50:00.387 22931-23058 AudioTrack              pid-22931                            V  obtainBuffer(128) returned 128 = 128 + 0 err 0
2022-12-25 15:50:00.391 22931-23058 AudioTrack              pid-22931                            V  obtainBuffer(192) returned 192 = 192 + 0 err 0
2022-12-25 15:50:00.463 22931-23058 chatty                  pid-22931                            I  uid=10213(com.inforcegames.app3dmodelling) AudioTrack identical 18 lines
2022-12-25 15:50:00.467 22931-23058 AudioTrack              pid-22931                            V  obtainBuffer(192) returned 192 = 192 + 0 err 0
2022-12-25 15:50:00.471 22931-23058 AudioTrack              pid-22931                            V  obtainBuffer(192) returned 192 = 128 + 64 err 0
2022-12-25 15:50:00.471 22931-23058 AudioTrack              pid-22931                            V  obtainBuffer(64) returned 64 = 64 + 0 err 0
2022-12-25 15:50:00.476 22931-23058 AudioTrack              pid-22931                            V  obtainBuffer(192) returned 192 = 192 + 0 err 0
2022-12-25 15:50:00.508 22931-23058 chatty                  pid-22931                            I  uid=10213(com.inforcegames.app3dmodelling) AudioTrack identical 8 lines
2022-12-25 15:50:00.513 22931-23058 AudioTrack              pid-22931                            V  obtainBuffer(192) returned 192 = 192 + 0 err 0
2022-12-25 15:50:00.515 22931-23058 AudioTrack              pid-22931                            V  obtainBuffer(192) returned 192 = 64 + 128 err 0
2022-12-25 15:50:00.516 22931-23058 AudioTrack              pid-22931                            V  obtainBuffer(128) returned 128 = 128 + 0 err 0
2022-12-25 15:50:00.519 22931-23058 AudioTrack              pid-22931                            V  obtainBuffer(192) returned 192 = 192 + 0 err 0
2022-12-25 15:50:00.592 22931-23058 chatty                  pid-22931                            I  uid=10213(com.inforcegames.app3dmodelling) AudioTrack identical 18 lines
2022-12-25 15:50:00.595 22931-23058 AudioTrack              pid-22931                            V  obtainBuffer(192) returned 192 = 192 + 0 err 0
2022-12-25 15:50:00.600 22931-23058 AudioTrack              pid-22931                            V  obtainBuffer(192) returned 192 = 128 + 64 err 0
2022-12-25 15:50:00.600 22931-23058 AudioTrack              pid-22931                            V  obtainBuffer(64) returned 64 = 64 + 0 err 0
2022-12-25 15:50:00.604 22931-23058 AudioTrack              pid-22931                            V  obtainBuffer(192) returned 192 = 192 + 0 err 0
2022-12-25 15:50:00.635 22931-23058 chatty                  pid-22931                            I  uid=10213(com.inforcegames.app3dmodelling) AudioTrack identical 8 lines
2022-12-25 15:50:00.639 22931-23058 AudioTrack              pid-22931                            V  obtainBuffer(192) returned 192 = 192 + 0 err 0
2022-12-25 15:50:00.644 22931-23058 AudioTrack              pid-22931                            V  obtainBuffer(192) returned 192 = 64 + 128 err 0
2022-12-25 15:50:00.644 22931-23058 AudioTrack              pid-22931                            V  obtainBuffer(128) returned 128 = 128 + 0 err 0
2022-12-25 15:50:00.648 22931-23058 AudioTrack              pid-22931                            V  obtainBuffer(192) returned 192 = 192 + 0 err 0
2022-12-25 15:50:00.719 22931-23058 chatty                  pid-22931                            I  uid=10213(com.inforcegames.app3dmodelling) AudioTrack identical 18 lines
2022-12-25 15:50:00.724 22931-23058 AudioTrack              pid-22931                            V  obtainBuffer(192) returned 192 = 192 + 0 err 0
2022-12-25 15:50:00.728 22931-23058 AudioTrack              pid-22931                            V  obtainBuffer(192) returned 192 = 128 + 64 err 0
2022-12-25 15:50:00.728 22931-23058 AudioTrack              pid-22931                            V  obtainBuffer(64) returned 64 = 64 + 0 err 0
2022-12-25 15:50:00.732 22931-23058 AudioTrack              pid-22931                            V  obtainBuffer(192) returned 192 = 192 + 0 err 0
2022-12-25 15:50:00.763 22931-23058 chatty                  pid-22931                            I  uid=10213(com.inforcegames.app3dmodelling) AudioTrack identical 8 lines
2022-12-25 15:50:00.767 22931-23058 AudioTrack              pid-22931                            V  obtainBuffer(192) returned 192 = 192 + 0 err 0
2022-12-25 15:50:00.771 22931-23058 AudioTrack              pid-22931                            V  obtainBuffer(192) returned 192 = 64 + 128 err 0
2022-12-25 15:50:00.772 22931-23058 AudioTrack              pid-22931                            V  obtainBuffer(128) returned 128 = 128 + 0 err 0
2022-12-25 15:50:00.775 22931-23058 AudioTrack              pid-22931                            V  obtainBuffer(192) returned 192 = 192 + 0 err 0
2022-12-25 15:50:00.848 22931-23058 chatty                  pid-22931                            I  uid=10213(com.inforcegames.app3dmodelling) AudioTrack identical 18 lines
2022-12-25 15:50:00.852 22931-23058 AudioTrack              pid-22931                            V  obtainBuffer(192) returned 192 = 192 + 0 err 0
2022-12-25 15:50:00.855 22931-23058 AudioTrack              pid-22931                            V  obtainBuffer(192) returned 192 = 128 + 64 err 0
2022-12-25 15:50:00.855 22931-23058 AudioTrack              pid-22931                            V  obtainBuffer(64) returned 64 = 64 + 0 err 0
2022-12-25 15:50:00.859 22931-23058 AudioTrack              pid-22931                            V  obtainBuffer(192) returned 192 = 192 + 0 err 0
2022-12-25 15:50:00.891 22931-23058 chatty                  pid-22931                            I  uid=10213(com.inforcegames.app3dmodelling) AudioTrack identical 8 lines
2022-12-25 15:50:00.896 22931-23058 AudioTrack              pid-22931                            V  obtainBuffer(192) returned 192 = 192 + 0 err 0
2022-12-25 15:50:00.899 22931-23058 AudioTrack              pid-22931                            V  obtainBuffer(192) returned 192 = 64 + 128 err 0
2022-12-25 15:50:00.900 22931-23058 AudioTrack              pid-22931                            V  obtainBuffer(128) returned 128 = 128 + 0 err 0
2022-12-25 15:50:00.904 22931-23058 AudioTrack              pid-22931                            V  obtainBuffer(192) returned 192 = 192 + 0 err 0
2022-12-25 15:50:00.975 22931-23058 chatty                  pid-22931                            I  uid=10213(com.inforcegames.app3dmodelling) AudioTrack identical 18 lines
2022-12-25 15:50:00.979 22931-23058 AudioTrack              pid-22931                            V  obtainBuffer(192) returned 192 = 192 + 0 err 0
2022-12-25 15:50:00.983 22931-23058 AudioTrack              pid-22931                            V  obtainBuffer(192) returned 192 = 128 + 64 err 0
2022-12-25 15:50:00.983 22931-23058 AudioTrack              pid-22931                            V  obtainBuffer(64) returned 64 = 64 + 0 err 0
2022-12-25 15:50:00.987 22931-23058 AudioTrack              pid-22931                            V  obtainBuffer(192) returned 192 = 192 + 0 err 0
2022-12-25 15:50:01.019 22931-23058 chatty                  pid-22931                            I  uid=10213(com.inforcegames.app3dmodelling) AudioTrack identical 8 lines
2022-12-25 15:50:01.023 22931-23058 AudioTrack              pid-22931                            V  obtainBuffer(192) returned 192 = 192 + 0 err 0
2022-12-25 15:50:01.028 22931-23058 AudioTrack              pid-22931                            V  obtainBuffer(192) returned 192 = 64 + 128 err 0
2022-12-25 15:50:01.028 22931-23058 AudioTrack              pid-22931                            V  obtainBuffer(128) returned 128 = 128 + 0 err 0
2022-12-25 15:50:01.031 22931-23058 AudioTrack              pid-22931                            V  obtainBuffer(192) returned 192 = 192 + 0 err 0
2022-12-25 15:50:01.071 22931-23058 chatty                  pid-22931                            I  uid=10213(com.inforcegames.app3dmodelling) AudioTrack identical 10 lines
2022-12-25 15:50:01.075 22931-23058 AudioTrack              pid-22931                            V  obtainBuffer(192) returned 192 = 192 + 0 err 0
2022-12-25 15:50:01.077  2480-2754  MobileSignalController  pid-2480                             D  onSignalStrengthsChanged: SignalStrength: 99 0 -120 -160 -120 -160 -1 27 -88 -9 300 2147483647 0 2147483647 99 255 2147483647 gsm|lte use_rsrp_and_rssnr_for_lte_level  [-120, -115, -110, -105, -97] [-115, -105, -95, -85]
2022-12-25 15:50:01.077  2480-2754  NetworkCon...troller(1) pid-2480                             D  4G level = 5
2022-12-25 15:50:01.079 22931-23058 AudioTrack              pid-22931                            V  obtainBuffer(192) returned 192 = 192 + 0 err 0
2022-12-25 15:50:01.103 22931-23058 chatty                  pid-22931                            I  uid=10213(com.inforcegames.app3dmodelling) AudioTrack identical 6 lines
2022-12-25 15:50:01.107 22931-23058 AudioTrack              pid-22931                            V  obtainBuffer(192) returned 192 = 192 + 0 err 0
2022-12-25 15:50:01.112 22931-23058 AudioTrack              pid-22931                            V  obtainBuffer(192) returned 192 = 128 + 64 err 0
2022-12-25 15:50:01.112 22931-23058 AudioTrack              pid-22931                            V  obtainBuffer(64) returned 64 = 64 + 0 err 0
2022-12-25 15:50:01.116 22931-23058 AudioTrack              pid-22931                            V  obtainBuffer(192) returned 192 = 192 + 0 err 0
2022-12-25 15:50:01.127 22931-23058 chatty                  pid-22931                            I  uid=10213(com.inforcegames.app3dmodelling) AudioTrack identical 3 lines
2022-12-25 15:50:01.132 22931-23058 AudioTrack              pid-22931                            V  obtainBuffer(192) returned 192 = 192 + 0 err 0
2022-12-25 15:50:01.132  1302-1462  ThermalEngine           pid-1302                             D  sensor_wait: msm_therm Wait done.
2022-12-25 15:50:01.133  1302-1462  ThermalEngine           pid-1302                             D  sensor_monitor: msm_therm Reading 40000 .
2022-12-25 15:50:01.133  1302-1462  ThermalEngine           pid-1302                             I  Sensor:msm_therm:40000 mC
2022-12-25 15:50:01.133  1302-1462  ThermalEngine           pid-1302                             D  update_active_thresh: msm_therm Active(1), Hi(1) 44000, Lo(0) -2147483648, desc(0) Interval(1) 1000
2022-12-25 15:50:01.133  1302-1462  ThermalEngine           pid-1302                             D  sensor_monitor: msm_therm Sensor wait.
2022-12-25 15:50:01.133  1302-1462  ThermalEngine           pid-1302                             D  sensor_wait: msm_therm Wait start. 1000ms
2022-12-25 15:50:01.135 22931-23058 AudioTrack              pid-22931                            V  obtainBuffer(192) returned 192 = 192 + 0 err 0
2022-12-25 15:50:01.139 22931-23058 chatty                  pid-22931                            I  uid=10213(com.inforcegames.app3dmodelling) AudioTrack identical 1 line
2022-12-25 15:50:01.143 22931-23058 AudioTrack              pid-22931                            V  obtainBuffer(192) returned 192 = 192 + 0 err 0
2022-12-25 15:50:01.146  1302-1463  ThermalEngine           pid-1302                             D  sensor_wait: quiet_therm Wait done.
2022-12-25 15:50:01.147  1302-1463  ThermalEngine           pid-1302                             D  sensor_monitor: quiet_therm Reading 39000 .
2022-12-25 15:50:01.147  1302-1463  ThermalEngine           pid-1302                             I  Sensor:quiet_therm:39000 mC
2022-12-25 15:50:01.147  1302-1463  ThermalEngine           pid-1302                             D  update_active_thresh: quiet_therm Active(1), Hi(1) 40000, Lo(0) -2147483648, desc(0) Interval(1) 1000
2022-12-25 15:50:01.147  1302-1463  ThermalEngine           pid-1302                             D  sensor_monitor: quiet_therm Sensor wait.
2022-12-25 15:50:01.147  1302-1463  ThermalEngine           pid-1302                             D  sensor_wait: quiet_therm Wait start. 1000ms
2022-12-25 15:50:01.148 22931-23058 AudioTrack              pid-22931                            V  obtainBuffer(192) returned 192 = 192 + 0 err 0
2022-12-25 15:50:01.151 22931-23058 AudioTrack              pid-22931                            V  obtainBuffer(192) returned 192 = 192 + 0 err 0
2022-12-25 15:50:01.156 22931-23058 AudioTrack              pid-22931                            V  obtainBuffer(192) returned 192 = 64 + 128 err 0
2022-12-25 15:50:01.156 22931-23058 AudioTrack              pid-22931                            V  obtainBuffer(128) returned 128 = 128 + 0 err 0
2022-12-25 15:50:01.159 22931-23058 AudioTrack              pid-22931                            V  obtainBuffer(192) returned 192 = 192 + 0 err 0
2022-12-25 15:50:01.164 22931-23058 AudioTrack              pid-22931                            V  obtainBuffer(192) returned 192 = 192 + 0 err 0
2022-12-25 15:50:01.164  2820-5429  DPMJ                    pid-2820                             I  |REQ:RCVR| DPM creating socket
2022-12-25 15:50:01.169 22931-23058 AudioTrack              pid-22931                            V  obtainBuffer(192) returned 192 = 192 + 0 err 0
2022-12-25 15:50:01.232 22931-23058 chatty                  pid-22931                            I  uid=10213(com.inforcegames.app3dmodelling) AudioTrack identical 16 lines
2022-12-25 15:50:01.236 22931-23058 AudioTrack              pid-22931                            V  obtainBuffer(192) returned 192 = 192 + 0 err 0
2022-12-25 15:50:01.240 22931-23058 AudioTrack              pid-22931                            V  obtainBuffer(192) returned 192 = 128 + 64 err 0
2022-12-25 15:50:01.240 22931-23058 AudioTrack              pid-22931                            V  obtainBuffer(64) returned 64 = 64 + 0 err 0
2022-12-25 15:50:01.243 22931-23058 AudioTrack              pid-22931                            V  obtainBuffer(192) returned 192 = 192 + 0 err 0
2022-12-25 15:50:01.275 22931-23058 chatty                  pid-22931                            I  uid=10213(com.inforcegames.app3dmodelling) AudioTrack identical 8 lines
2022-12-25 15:50:01.279 22931-23058 AudioTrack              pid-22931                            V  obtainBuffer(192) returned 192 = 192 + 0 err 0
2022-12-25 15:50:01.284 22931-23058 AudioTrack              pid-22931                            V  obtainBuffer(192) returned 192 = 64 + 128 err 0
2022-12-25 15:50:01.284 22931-23058 AudioTrack              pid-22931                            V  obtainBuffer(128) returned 128 = 128 + 0 err 0
2022-12-25 15:50:01.288 22931-23058 AudioTrack              pid-22931                            V  obtainBuffer(192) returned 192 = 192 + 0 err 0
2022-12-25 15:50:01.359 22931-23058 chatty                  pid-22931                            I  uid=10213(com.inforcegames.app3dmodelling) AudioTrack identical 18 lines
2022-12-25 15:50:01.363 22931-23058 AudioTrack              pid-22931                            V  obtainBuffer(192) returned 192 = 192 + 0 err 0
2022-12-25 15:50:01.368 22931-23058 AudioTrack              pid-22931                            V  obtainBuffer(192) returned 192 = 128 + 64 err 0
2022-12-25 15:50:01.369 22931-23058 AudioTrack              pid-22931                            V  obtainBuffer(64) returned 64 = 64 + 0 err 0
2022-12-25 15:50:01.372 22931-23058 AudioTrack              pid-22931                            V  obtainBuffer(192) returned 192 = 192 + 0 err 0
2022-12-25 15:50:01.404 22931-23058 chatty                  pid-22931                            I  uid=10213(com.inforcegames.app3dmodelling) AudioTrack identical 8 lines
2022-12-25 15:50:01.407 22931-23058 AudioTrack              pid-22931                            V  obtainBuffer(192) returned 192 = 192 + 0 err 0
2022-12-25 15:50:01.411 22931-23058 AudioTrack              pid-22931                            V  obtainBuffer(192) returned 192 = 64 + 128 err 0
2022-12-25 15:50:01.411 22931-23058 AudioTrack              pid-22931                            V  obtainBuffer(128) returned 128 = 128 + 0 err 0
2022-12-25 15:50:01.416 22931-23058 AudioTrack              pid-22931                            V  obtainBuffer(192) returned 192 = 192 + 0 err 0
2022-12-25 15:50:01.488 22931-23058 chatty                  pid-22931                            I  uid=10213(com.inforcegames.app3dmodelling) AudioTrack identical 18 lines
2022-12-25 15:50:01.491 22931-23058 AudioTrack              pid-22931                            V  obtainBuffer(192) returned 192 = 192 + 0 err 0
2022-12-25 15:50:01.495 22931-23058 AudioTrack              pid-22931                            V  obtainBuffer(192) returned 192 = 128 + 64 err 0
2022-12-25 15:50:01.495 22931-23058 AudioTrack              pid-22931                            V  obtainBuffer(64) returned 64 = 64 + 0 err 0
2022-12-25 15:50:01.499 22931-23058 AudioTrack              pid-22931                            V  obtainBuffer(192) returned 192 = 192 + 0 err 0
2022-12-25 15:50:01.532 22931-23058 chatty                  pid-22931                            I  uid=10213(com.inforcegames.app3dmodelling) AudioTrack identical 8 lines
2022-12-25 15:50:01.536 22931-23058 AudioTrack              pid-22931                            V  obtainBuffer(192) returned 192 = 192 + 0 err 0
2022-12-25 15:50:01.539 22931-23058 AudioTrack              pid-22931                            V  obtainBuffer(192) returned 192 = 64 + 128 err 0
2022-12-25 15:50:01.539 22931-23058 AudioTrack              pid-22931                            V  obtainBuffer(128) returned 128 = 128 + 0 err 0
2022-12-25 15:50:01.544 22931-23058 AudioTrack              pid-22931                            V  obtainBuffer(192) returned 192 = 192 + 0 err 0
2022-12-25 15:50:01.617 22931-23058 chatty                  pid-22931                            I  uid=10213(com.inforcegames.app3dmodelling) AudioTrack identical 18 lines
2022-12-25 15:50:01.620 22931-23058 AudioTrack              pid-22931                            V  obtainBuffer(192) returned 192 = 192 + 0 err 0
2022-12-25 15:50:01.623 22931-23058 AudioTrack              pid-22931                            V  obtainBuffer(192) returned 192 = 128 + 64 err 0
2022-12-25 15:50:01.623 22931-23058 AudioTrack              pid-22931                            V  obtainBuffer(64) returned 64 = 64 + 0 err 0
2022-12-25 15:50:01.627 22931-23058 AudioTrack              pid-22931                            V  obtainBuffer(192) returned 192 = 192 + 0 err 0
2022-12-25 15:50:01.659 22931-23058 chatty                  pid-22931                            I  uid=10213(com.inforcegames.app3dmodelling) AudioTrack identical 8 lines
2022-12-25 15:50:01.663 22931-23058 AudioTrack              pid-22931                            V  obtainBuffer(192) returned 192 = 192 + 0 err 0
2022-12-25 15:50:01.668 22931-23058 AudioTrack              pid-22931                            V  obtainBuffer(192) returned 192 = 64 + 128 err 0
2022-12-25 15:50:01.668 22931-23058 AudioTrack              pid-22931                            V  obtainBuffer(128) returned 128 = 128 + 0 err 0
2022-12-25 15:50:01.672 22931-23058 AudioTrack              pid-22931                            V  obtainBuffer(192) returned 192 = 192 + 0 err 0
2022-12-25 15:50:01.743 22931-23058 chatty                  pid-22931                            I  uid=10213(com.inforcegames.app3dmodelling) AudioTrack identical 18 lines
2022-12-25 15:50:01.747 22931-23058 AudioTrack              pid-22931                            V  obtainBuffer(192) returned 192 = 192 + 0 err 0
2022-12-25 15:50:01.751 22931-23058 AudioTrack              pid-22931                            V  obtainBuffer(192) returned 192 = 128 + 64 err 0
2022-12-25 15:50:01.752 22931-23058 AudioTrack              pid-22931                            V  obtainBuffer(64) returned 64 = 64 + 0 err 0
2022-12-25 15:50:01.755 22931-23058 AudioTrack              pid-22931                            V  obtainBuffer(192) returned 192 = 192 + 0 err 0
2022-12-25 15:50:01.788 22931-23058 chatty                  pid-22931                            I  uid=10213(com.inforcegames.app3dmodelling) AudioTrack identical 8 lines
2022-12-25 15:50:01.791 22931-23058 AudioTrack              pid-22931                            V  obtainBuffer(192) returned 192 = 192 + 0 err 0
2022-12-25 15:50:01.796 22931-23058 AudioTrack              pid-22931                            V  obtainBuffer(192) returned 192 = 64 + 128 err 0
2022-12-25 15:50:01.796 22931-23058 AudioTrack              pid-22931                            V  obtainBuffer(128) returned 128 = 128 + 0 err 0
2022-12-25 15:50:01.799 22931-23058 AudioTrack              pid-22931                            V  obtainBuffer(192) returned 192 = 192 + 0 err 0
2022-12-25 15:50:01.871 22931-23058 chatty                  pid-22931                            I  uid=10213(com.inforcegames.app3dmodelling) AudioTrack identical 18 lines
2022-12-25 15:50:01.875 22931-23058 AudioTrack              pid-22931                            V  obtainBuffer(192) returned 192 = 192 + 0 err 0
2022-12-25 15:50:01.880 22931-23058 AudioTrack              pid-22931                            V  obtainBuffer(192) returned 192 = 128 + 64 err 0
2022-12-25 15:50:01.880 22931-23058 AudioTrack              pid-22931                            V  obtainBuffer(64) returned 64 = 64 + 0 err 0
2022-12-25 15:50:01.884 22931-23058 AudioTrack              pid-22931                            V  obtainBuffer(192) returned 192 = 192 + 0 err 0
2022-12-25 15:50:01.915 22931-23058 chatty                  pid-22931                            I  uid=10213(com.inforcegames.app3dmodelling) AudioTrack identical 8 lines
2022-12-25 15:50:01.919 22931-23058 AudioTrack              pid-22931                            V  obtainBuffer(192) returned 192 = 192 + 0 err 0
2022-12-25 15:50:01.924 22931-23058 AudioTrack              pid-22931                            V  obtainBuffer(192) returned 192 = 64 + 128 err 0
2022-12-25 15:50:01.924 22931-23058 AudioTrack              pid-22931                            V  obtainBuffer(128) returned 128 = 128 + 0 err 0
2022-12-25 15:50:01.927 22931-23058 AudioTrack              pid-22931                            V  obtainBuffer(192) returned 192 = 192 + 0 err 0
2022-12-25 15:50:01.959 22931-23058 chatty                  pid-22931                            I  uid=10213(com.inforcegames.app3dmodelling) AudioTrack identical 8 lines
2022-12-25 15:50:01.964 22931-23058 AudioTrack              pid-22931                            V  obtainBuffer(192) returned 192 = 192 + 0 err 0
2022-12-25 15:50:01.965  1302-1457  ThermalEngine           pid-1302                             D  sensor_wait: backlight_therm Wait done.
2022-12-25 15:50:01.966  1302-1457  ThermalEngine           pid-1302                             D  sensor_monitor: backlight_therm Reading 38000 .
2022-12-25 15:50:01.966  1302-1457  ThermalEngine           pid-1302                             I  Sensor:backlight_therm:38000 mC
2022-12-25 15:50:01.966  1302-1457  ThermalEngine           pid-1302                             D  update_active_thresh: backlight_therm Active(1), Hi(1) 45000, Lo(0) -2147483648, desc(0) Interval(1) 2000
2022-12-25 15:50:01.966  1302-1457  ThermalEngine           pid-1302                             D  sensor_monitor: backlight_therm Sensor wait.
2022-12-25 15:50:01.966  1302-1457  ThermalEngine           pid-1302                             D  sensor_wait: backlight_therm Wait start. 2000ms
2022-12-25 15:50:01.968 22931-23058 AudioTrack              pid-22931                            V  obtainBuffer(192) returned 192 = 192 + 0 err 0
2022-12-25 15:50:01.999 22931-23058 chatty                  pid-22931                            I  uid=10213(com.inforcegames.app3dmodelling) AudioTrack identical 8 lines
2022-12-25 15:50:02.003 22931-23058 AudioTrack              pid-22931                            V  obtainBuffer(192) returned 192 = 192 + 0 err 0
2022-12-25 15:50:02.007 22931-23058 AudioTrack              pid-22931                            V  obtainBuffer(192) returned 192 = 128 + 64 err 0
2022-12-25 15:50:02.007 22931-23058 AudioTrack              pid-22931                            V  obtainBuffer(64) returned 64 = 64 + 0 err 0
2022-12-25 15:50:02.011 22931-23058 AudioTrack              pid-22931                            V  obtainBuffer(192) returned 192 = 192 + 0 err 0
2022-12-25 15:50:02.043 22931-23058 chatty                  pid-22931                            I  uid=10213(com.inforcegames.app3dmodelling) AudioTrack identical 8 lines
2022-12-25 15:50:02.047 22931-23058 AudioTrack              pid-22931                            V  obtainBuffer(192) returned 192 = 192 + 0 err 0
2022-12-25 15:50:02.051 22931-23058 AudioTrack              pid-22931                            V  obtainBuffer(192) returned 192 = 64 + 128 err 0
2022-12-25 15:50:02.051 22931-23058 AudioTrack              pid-22931                            V  obtainBuffer(128) returned 128 = 128 + 0 err 0
2022-12-25 15:50:02.056 22931-23058 AudioTrack              pid-22931                            V  obtainBuffer(192) returned 192 = 192 + 0 err 0
2022-12-25 15:50:02.127 22931-23058 chatty                  pid-22931                            I  uid=10213(com.inforcegames.app3dmodelling) AudioTrack identical 18 lines
2022-12-25 15:50:02.131 22931-23058 AudioTrack              pid-22931                            V  obtainBuffer(192) returned 192 = 192 + 0 err 0
2022-12-25 15:50:02.133  1302-1462  ThermalEngine           pid-1302                             D  sensor_wait: msm_therm Wait done.
2022-12-25 15:50:02.134  1302-1462  ThermalEngine           pid-1302                             D  sensor_monitor: msm_therm Reading 40000 .
2022-12-25 15:50:02.134  1302-1462  ThermalEngine           pid-1302                             I  Sensor:msm_therm:40000 mC
2022-12-25 15:50:02.135  1302-1462  ThermalEngine           pid-1302                             D  update_active_thresh: msm_therm Active(1), Hi(1) 44000, Lo(0) -2147483648, desc(0) Interval(1) 1000
2022-12-25 15:50:02.135  1302-1462  ThermalEngine           pid-1302                             D  sensor_monitor: msm_therm Sensor wait.
2022-12-25 15:50:02.135  1302-1462  ThermalEngine           pid-1302                             D  sensor_wait: msm_therm Wait start. 1000ms
2022-12-25 15:50:02.136 22931-23058 AudioTrack              pid-22931                            V  obtainBuffer(192) returned 192 = 128 + 64 err 0
2022-12-25 15:50:02.136 22931-23058 AudioTrack              pid-22931                            V  obtainBuffer(64) returned 64 = 64 + 0 err 0
2022-12-25 15:50:02.140 22931-23058 AudioTrack              pid-22931                            V  obtainBuffer(192) returned 192 = 192 + 0 err 0
2022-12-25 15:50:02.144 22931-23058 chatty                  pid-22931                            I  uid=10213(com.inforcegames.app3dmodelling) AudioTrack identical 1 line
2022-12-25 15:50:02.147 22931-23058 AudioTrack              pid-22931                            V  obtainBuffer(192) returned 192 = 192 + 0 err 0
2022-12-25 15:50:02.147  1302-1463  ThermalEngine           pid-1302                             D  sensor_wait: quiet_therm Wait done.
2022-12-25 15:50:02.149  1302-1463  ThermalEngine           pid-1302                             D  sensor_monitor: quiet_therm Reading 39000 .
2022-12-25 15:50:02.149  1302-1463  ThermalEngine           pid-1302                             I  Sensor:quiet_therm:39000 mC
2022-12-25 15:50:02.149  1302-1463  ThermalEngine           pid-1302                             D  update_active_thresh: quiet_therm Active(1), Hi(1) 40000, Lo(0) -2147483648, desc(0) Interval(1) 1000
2022-12-25 15:50:02.149  1302-1463  ThermalEngine           pid-1302                             D  sensor_monitor: quiet_therm Sensor wait.
2022-12-25 15:50:02.149  1302-1463  ThermalEngine           pid-1302                             D  sensor_wait: quiet_therm Wait start. 1000ms
2022-12-25 15:50:02.151 22931-23058 AudioTrack              pid-22931                            V  obtainBuffer(192) returned 192 = 192 + 0 err 0
2022-12-25 15:50:02.171 22931-23058 chatty                  pid-22931                            I  uid=10213(com.inforcegames.app3dmodelling) AudioTrack identical 5 lines
2022-12-25 15:50:02.175 22931-23058 AudioTrack              pid-22931                            V  obtainBuffer(192) returned 192 = 192 + 0 err 0
2022-12-25 15:50:02.179 22931-23058 AudioTrack              pid-22931                            V  obtainBuffer(192) returned 192 = 64 + 128 err 0
2022-12-25 15:50:02.180 22931-23058 AudioTrack              pid-22931                            V  obtainBuffer(128) returned 128 = 128 + 0 err 0
2022-12-25 15:50:02.183 22931-23058 AudioTrack              pid-22931                            V  obtainBuffer(192) returned 192 = 192 + 0 err 0
2022-12-25 15:50:02.255 22931-23058 chatty                  pid-22931                            I  uid=10213(com.inforcegames.app3dmodelling) AudioTrack identical 18 lines
2022-12-25 15:50:02.259 22931-23058 AudioTrack              pid-22931                            V  obtainBuffer(192) returned 192 = 192 + 0 err 0
2022-12-25 15:50:02.263 22931-23058 AudioTrack              pid-22931                            V  obtainBuffer(192) returned 192 = 128 + 64 err 0
2022-12-25 15:50:02.263 22931-23058 AudioTrack              pid-22931                            V  obtainBuffer(64) returned 64 = 64 + 0 err 0
2022-12-25 15:50:02.267 22931-23058 AudioTrack              pid-22931                            V  obtainBuffer(192) returned 192 = 192 + 0 err 0
2022-12-25 15:50:02.284 22931-23058 chatty                  pid-22931                            I  uid=10213(com.inforcegames.app3dmodelling) AudioTrack identical 4 lines
2022-12-25 15:50:02.288 22931-23058 AudioTrack              pid-22931                            V  obtainBuffer(192) returned 192 = 192 + 0 err 0
2022-12-25 15:50:02.289   688-924   audio_hw_spkr_prot      pid-688                              D  audio_extn_fbsp_get_parameters: Speaker protection disabled
2022-12-25 15:50:02.289   688-924   audio_hw_extn           pid-688                              D  audio_extn_get_parameters: returns 
2022-12-25 15:50:02.290   743-743   hash_map_utils          pid-743                              I  key: 'hifi_mode' value: ''
2022-12-25 15:50:02.292 22931-7570  AudioManager            pid-22931                            D  getStreamVolume isRestricted mode = 0
2022-12-25 15:50:02.292 22931-23058 AudioTrack              pid-22931                            V  obtainBuffer(192) returned 192 = 192 + 0 err 0
2022-12-25 15:50:02.295   688-924   audio_hw_spkr_prot      pid-688                              D  audio_extn_fbsp_get_parameters: Speaker protection disabled
2022-12-25 15:50:02.295   688-924   audio_hw_extn           pid-688                              D  audio_extn_get_parameters: returns 
2022-12-25 15:50:02.295   743-743   hash_map_utils          pid-743                              I  key: 'hifi_mode' value: ''
2022-12-25 15:50:02.296 22931-23058 AudioTrack              pid-22931                            V  obtainBuffer(192) returned 192 = 192 + 0 err 0
2022-12-25 15:50:02.299 22931-23058 chatty                  pid-22931                            I  uid=10213(com.inforcegames.app3dmodelling) AudioTrack identical 1 line
2022-12-25 15:50:02.304 22931-23058 AudioTrack              pid-22931                            V  obtainBuffer(192) returned 192 = 192 + 0 err 0
2022-12-25 15:50:02.307 22931-23058 AudioTrack              pid-22931                            V  obtainBuffer(192) returned 192 = 64 + 128 err 0
2022-12-25 15:50:02.307 22931-23058 AudioTrack              pid-22931                            V  obtainBuffer(128) returned 128 = 128 + 0 err 0
2022-12-25 15:50:02.311 22931-23058 AudioTrack              pid-22931                            V  obtainBuffer(192) returned 192 = 192 + 0 err 0
2022-12-25 15:50:02.383 22931-23058 chatty                  pid-22931                            I  uid=10213(com.inforcegames.app3dmodelling) AudioTrack identical 18 lines
2022-12-25 15:50:02.387 22931-23058 AudioTrack              pid-22931                            V  obtainBuffer(192) returned 192 = 192 + 0 err 0
2022-12-25 15:50:02.391 22931-23058 AudioTrack              pid-22931                            V  obtainBuffer(192) returned 192 = 128 + 64 err 0
2022-12-25 15:50:02.391 22931-23058 AudioTrack              pid-22931                            V  obtainBuffer(64) returned 64 = 64 + 0 err 0
2022-12-25 15:50:02.395 22931-23058 AudioTrack              pid-22931                            V  obtainBuffer(192) returned 192 = 192 + 0 err 0
2022-12-25 15:50:02.428 22931-23058 chatty                  pid-22931                            I  uid=10213(com.inforcegames.app3dmodelling) AudioTrack identical 8 lines
2022-12-25 15:50:02.431 22931-23058 AudioTrack              pid-22931                            V  obtainBuffer(192) returned 192 = 192 + 0 err 0
2022-12-25 15:50:02.436 22931-23058 AudioTrack              pid-22931                            V  obtainBuffer(192) returned 192 = 64 + 128 err 0
2022-12-25 15:50:02.436 22931-23058 AudioTrack              pid-22931                            V  obtainBuffer(128) returned 128 = 128 + 0 err 0
2022-12-25 15:50:02.439 22931-23058 AudioTrack              pid-22931                            V  obtainBuffer(192) returned 192 = 192 + 0 err 0
2022-12-25 15:50:02.512 22931-23058 chatty                  pid-22931                            I  uid=10213(com.inforcegames.app3dmodelling) AudioTrack identical 18 lines
2022-12-25 15:50:02.515 22931-23058 AudioTrack              pid-22931                            V  obtainBuffer(192) returned 192 = 192 + 0 err 0
2022-12-25 15:50:02.519 22931-23058 AudioTrack              pid-22931                            V  obtainBuffer(192) returned 192 = 128 + 64 err 0
2022-12-25 15:50:02.519 22931-23058 AudioTrack              pid-22931                            V  obtainBuffer(64) returned 64 = 64 + 0 err 0
2022-12-25 15:50:02.523 22931-23058 AudioTrack              pid-22931                            V  obtainBuffer(192) returned 192 = 192 + 0 err 0
2022-12-25 15:50:02.555 22931-23058 chatty                  pid-22931                            I  uid=10213(com.inforcegames.app3dmodelling) AudioTrack identical 8 lines
2022-12-25 15:50:02.559 22931-23058 AudioTrack              pid-22931                            V  obtainBuffer(192) returned 192 = 192 + 0 err 0
2022-12-25 15:50:02.563 22931-23058 AudioTrack              pid-22931                            V  obtainBuffer(192) returned 192 = 64 + 128 err 0
2022-12-25 15:50:02.563 22931-23058 AudioTrack              pid-22931                            V  obtainBuffer(128) returned 128 = 128 + 0 err 0
2022-12-25 15:50:02.567 22931-23058 AudioTrack              pid-22931                            V  obtainBuffer(192) returned 192 = 192 + 0 err 0
2022-12-25 15:50:02.639 22931-23058 chatty                  pid-22931                            I  uid=10213(com.inforcegames.app3dmodelling) AudioTrack identical 18 lines
2022-12-25 15:50:02.644 22931-23058 AudioTrack              pid-22931                            V  obtainBuffer(192) returned 192 = 192 + 0 err 0
2022-12-25 15:50:02.647 22931-23058 AudioTrack              pid-22931                            V  obtainBuffer(192) returned 192 = 128 + 64 err 0
2022-12-25 15:50:02.647 22931-23058 AudioTrack              pid-22931                            V  obtainBuffer(64) returned 64 = 64 + 0 err 0
2022-12-25 15:50:02.651 22931-23058 AudioTrack              pid-22931                            V  obtainBuffer(192) returned 192 = 192 + 0 err 0
2022-12-25 15:50:02.683 22931-23058 chatty                  pid-22931                            I  uid=10213(com.inforcegames.app3dmodelling) AudioTrack identical 8 lines
2022-12-25 15:50:02.687 22931-23058 AudioTrack              pid-22931                            V  obtainBuffer(192) returned 192 = 192 + 0 err 0
2022-12-25 15:50:02.691 22931-23058 AudioTrack              pid-22931                            V  obtainBuffer(192) returned 192 = 64 + 128 err 0
2022-12-25 15:50:02.691 22931-23058 AudioTrack              pid-22931                            V  obtainBuffer(128) returned 128 = 128 + 0 err 0
2022-12-25 15:50:02.695 22931-23058 AudioTrack              pid-22931                            V  obtainBuffer(192) returned 192 = 192 + 0 err 0
2022-12-25 15:50:02.728 22931-23058 chatty                  pid-22931                            I  uid=10213(com.inforcegames.app3dmodelling) AudioTrack identical 8 lines
2022-12-25 15:50:02.731 22931-23058 AudioTrack              pid-22931                            V  obtainBuffer(192) returned 192 = 192 + 0 err 0
2022-12-25 15:50:02.735  2480-2480  SignalClusterView       pid-2480                             D  updateMobileTypeImage  0
2022-12-25 15:50:02.735 22931-23058 AudioTrack              pid-22931                            V  obtainBuffer(192) returned 192 = 192 + 0 err 0
2022-12-25 15:50:02.736  2480-2480  SignalClusterView       pid-2480                             D  updateMobileTypeImage  0
2022-12-25 15:50:02.737  2480-2480  SignalClusterView       pid-2480                             D  updateMobileTypeImage  0
2022-12-25 15:50:02.740 22931-23058 AudioTrack              pid-22931                            V  obtainBuffer(192) returned 192 = 192 + 0 err 0
