2022-12-26 22:17:22.962  8918-9015  chatty                  pid-8918                             I  uid=10213(com.inforcegames.app3dmodelling) AudioTrack identical 18 lines
2022-12-26 22:17:22.965  8918-9015  AudioTrack              pid-8918                             V  obtainBuffer(192) returned 192 = 192 + 0 err 0
2022-12-26 22:17:22.970  8918-9015  AudioTrack              pid-8918                             V  obtainBuffer(192) returned 192 = 128 + 64 err 0
2022-12-26 22:17:22.970  8918-9015  AudioTrack              pid-8918                             V  obtainBuffer(64) returned 64 = 64 + 0 err 0
2022-12-26 22:17:22.973  8918-9015  AudioTrack              pid-8918                             V  obtainBuffer(192) returned 192 = 192 + 0 err 0
2022-12-26 22:17:23.005  8918-9015  chatty                  pid-8918                             I  uid=10213(com.inforcegames.app3dmodelling) AudioTrack identical 8 lines
2022-12-26 22:17:23.009  8918-9015  AudioTrack              pid-8918                             V  obtainBuffer(192) returned 192 = 192 + 0 err 0
2022-12-26 22:17:23.015  8918-9015  AudioTrack              pid-8918                             V  obtainBuffer(192) returned 192 = 64 + 128 err 0
2022-12-26 22:17:23.015  8918-9015  AudioTrack              pid-8918                             V  obtainBuffer(128) returned 128 = 128 + 0 err 0
2022-12-26 22:17:23.017  8918-9015  AudioTrack              pid-8918                             V  obtainBuffer(192) returned 192 = 192 + 0 err 0
2022-12-26 22:17:23.089  8918-9015  chatty                  pid-8918                             I  uid=10213(com.inforcegames.app3dmodelling) AudioTrack identical 18 lines
2022-12-26 22:17:23.093  8918-9015  AudioTrack              pid-8918                             V  obtainBuffer(192) returned 192 = 192 + 0 err 0
2022-12-26 22:17:23.097  8918-9015  AudioTrack              pid-8918                             V  obtainBuffer(192) returned 192 = 128 + 64 err 0
2022-12-26 22:17:23.097  8918-9015  AudioTrack              pid-8918                             V  obtainBuffer(64) returned 64 = 64 + 0 err 0
2022-12-26 22:17:23.101  8918-9015  AudioTrack              pid-8918                             V  obtainBuffer(192) returned 192 = 192 + 0 err 0
2022-12-26 22:17:23.121  8918-9015  chatty                  pid-8918                             I  uid=10213(com.inforcegames.app3dmodelling) AudioTrack identical 5 lines
2022-12-26 22:17:23.125  8918-9015  AudioTrack              pid-8918                             V  obtainBuffer(192) returned 192 = 192 + 0 err 0
2022-12-26 22:17:23.129  1302-1463  ThermalEngine           pid-1302                             D  sensor_wait: quiet_therm Wait done.
2022-12-26 22:17:23.129  8918-9015  AudioTrack              pid-8918                             V  obtainBuffer(192) returned 192 = 192 + 0 err 0
2022-12-26 22:17:23.130  1302-1463  ThermalEngine           pid-1302                             D  sensor_monitor: quiet_therm Reading 31000 .
2022-12-26 22:17:23.130  1302-1463  ThermalEngine           pid-1302                             I  Sensor:quiet_therm:31000 mC
2022-12-26 22:17:23.130  1302-1463  ThermalEngine           pid-1302                             D  update_active_thresh: quiet_therm Active(1), Hi(1) 40000, Lo(0) -2147483648, desc(0) Interval(1) 1000
2022-12-26 22:17:23.130  1302-1463  ThermalEngine           pid-1302                             D  sensor_monitor: quiet_therm Sensor wait.
2022-12-26 22:17:23.130  1302-1463  ThermalEngine           pid-1302                             D  sensor_wait: quiet_therm Wait start. 1000ms
2022-12-26 22:17:23.134  8918-9015  AudioTrack              pid-8918                             V  obtainBuffer(192) returned 192 = 192 + 0 err 0
2022-12-26 22:17:23.137  8918-9015  AudioTrack              pid-8918                             V  obtainBuffer(192) returned 192 = 192 + 0 err 0
2022-12-26 22:17:23.137  1302-1462  ThermalEngine           pid-1302                             D  sensor_wait: msm_therm Wait done.
2022-12-26 22:17:23.140  1302-1462  ThermalEngine           pid-1302                             D  sensor_monitor: msm_therm Reading 31000 .
2022-12-26 22:17:23.140  1302-1462  ThermalEngine           pid-1302                             I  Sensor:msm_therm:31000 mC
2022-12-26 22:17:23.140  1302-1462  ThermalEngine           pid-1302                             D  update_active_thresh: msm_therm Active(1), Hi(1) 44000, Lo(0) -2147483648, desc(0) Interval(1) 1000
2022-12-26 22:17:23.140  1302-1462  ThermalEngine           pid-1302                             D  sensor_monitor: msm_therm Sensor wait.
2022-12-26 22:17:23.140  1302-1462  ThermalEngine           pid-1302                             D  sensor_wait: msm_therm Wait start. 1000ms
2022-12-26 22:17:23.141  8918-9015  AudioTrack              pid-8918                             V  obtainBuffer(192) returned 192 = 64 + 128 err 0
2022-12-26 22:17:23.141  8918-9015  AudioTrack              pid-8918                             V  obtainBuffer(128) returned 128 = 128 + 0 err 0
2022-12-26 22:17:23.145  8918-9015  AudioTrack              pid-8918                             V  obtainBuffer(192) returned 192 = 192 + 0 err 0
2022-12-26 22:17:23.217  8918-9015  chatty                  pid-8918                             I  uid=10213(com.inforcegames.app3dmodelling) AudioTrack identical 18 lines
2022-12-26 22:17:23.222  8918-9015  AudioTrack              pid-8918                             V  obtainBuffer(192) returned 192 = 192 + 0 err 0
2022-12-26 22:17:23.225  8918-9015  AudioTrack              pid-8918                             V  obtainBuffer(192) returned 192 = 128 + 64 err 0
2022-12-26 22:17:23.225  8918-9015  AudioTrack              pid-8918                             V  obtainBuffer(64) returned 64 = 64 + 0 err 0
2022-12-26 22:17:23.229  8918-9015  AudioTrack              pid-8918                             V  obtainBuffer(192) returned 192 = 192 + 0 err 0
2022-12-26 22:17:23.249  8918-9015  chatty                  pid-8918                             I  uid=10213(com.inforcegames.app3dmodelling) AudioTrack identical 5 lines
2022-12-26 22:17:23.253  8918-9015  AudioTrack              pid-8918                             V  obtainBuffer(192) returned 192 = 192 + 0 err 0
2022-12-26 22:17:23.255 13316-13316 SignalClusterView       pid-13316                            D  updateMobileTypeImage  0
2022-12-26 22:17:23.255 13316-13316 SignalClusterView       pid-13316                            D  updateMobileTypeImage  0
2022-12-26 22:17:23.257  8918-9015  AudioTrack              pid-8918                             V  obtainBuffer(192) returned 192 = 192 + 0 err 0
2022-12-26 22:17:23.258 13316-13316 SignalClusterView       pid-13316                            D  updateMobileTypeImage  0
2022-12-26 22:17:23.261  8918-9015  AudioTrack              pid-8918                             V  obtainBuffer(192) returned 192 = 192 + 0 err 0
2022-12-26 22:17:23.263 13316-13316 SignalClusterView       pid-13316                            D  updateMobileTypeImage  0
2022-12-26 22:17:23.265  8918-9015  AudioTrack              pid-8918                             V  obtainBuffer(192) returned 192 = 192 + 0 err 0
2022-12-26 22:17:23.270  8918-9015  AudioTrack              pid-8918                             V  obtainBuffer(192) returned 192 = 64 + 128 err 0
2022-12-26 22:17:23.270  8918-9015  AudioTrack              pid-8918                             V  obtainBuffer(128) returned 128 = 128 + 0 err 0
2022-12-26 22:17:23.273  8918-9015  AudioTrack              pid-8918                             V  obtainBuffer(192) returned 192 = 192 + 0 err 0
2022-12-26 22:17:23.345  8918-9015  chatty                  pid-8918                             I  uid=10213(com.inforcegames.app3dmodelling) AudioTrack identical 18 lines
2022-12-26 22:17:23.349  8918-9015  AudioTrack              pid-8918                             V  obtainBuffer(192) returned 192 = 192 + 0 err 0
2022-12-26 22:17:23.354  8918-9015  AudioTrack              pid-8918                             V  obtainBuffer(192) returned 192 = 128 + 64 err 0
2022-12-26 22:17:23.354  8918-9015  AudioTrack              pid-8918                             V  obtainBuffer(64) returned 64 = 64 + 0 err 0
2022-12-26 22:17:23.357  8918-9015  AudioTrack              pid-8918                             V  obtainBuffer(192) returned 192 = 192 + 0 err 0
2022-12-26 22:17:23.389  8918-9015  chatty                  pid-8918                             I  uid=10213(com.inforcegames.app3dmodelling) AudioTrack identical 8 lines
2022-12-26 22:17:23.393  8918-9015  AudioTrack              pid-8918                             V  obtainBuffer(192) returned 192 = 192 + 0 err 0
2022-12-26 22:17:23.397  8918-9015  AudioTrack              pid-8918                             V  obtainBuffer(192) returned 192 = 64 + 128 err 0
2022-12-26 22:17:23.397  8918-9015  AudioTrack              pid-8918                             V  obtainBuffer(128) returned 128 = 128 + 0 err 0
2022-12-26 22:17:23.401  8918-9015  AudioTrack              pid-8918                             V  obtainBuffer(192) returned 192 = 192 + 0 err 0
2022-12-26 22:17:23.474  8918-9015  chatty                  pid-8918                             I  uid=10213(com.inforcegames.app3dmodelling) AudioTrack identical 18 lines
2022-12-26 22:17:23.477  8918-9015  AudioTrack              pid-8918                             V  obtainBuffer(192) returned 192 = 192 + 0 err 0
2022-12-26 22:17:23.481  8918-9015  AudioTrack              pid-8918                             V  obtainBuffer(192) returned 192 = 128 + 64 err 0
2022-12-26 22:17:23.481  8918-9015  AudioTrack              pid-8918                             V  obtainBuffer(64) returned 64 = 64 + 0 err 0
2022-12-26 22:17:23.485  8918-9015  AudioTrack              pid-8918                             V  obtainBuffer(192) returned 192 = 192 + 0 err 0
2022-12-26 22:17:23.517  8918-9015  chatty                  pid-8918                             I  uid=10213(com.inforcegames.app3dmodelling) AudioTrack identical 8 lines
2022-12-26 22:17:23.522  8918-9015  AudioTrack              pid-8918                             V  obtainBuffer(192) returned 192 = 192 + 0 err 0
2022-12-26 22:17:23.525  8918-9015  AudioTrack              pid-8918                             V  obtainBuffer(192) returned 192 = 64 + 128 err 0
2022-12-26 22:17:23.525  8918-9015  AudioTrack              pid-8918                             V  obtainBuffer(128) returned 128 = 128 + 0 err 0
2022-12-26 22:17:23.530  8918-9015  AudioTrack              pid-8918                             V  obtainBuffer(192) returned 192 = 192 + 0 err 0
2022-12-26 22:17:23.601  8918-9015  chatty                  pid-8918                             I  uid=10213(com.inforcegames.app3dmodelling) AudioTrack identical 18 lines
2022-12-26 22:17:23.605  8918-9015  AudioTrack              pid-8918                             V  obtainBuffer(192) returned 192 = 192 + 0 err 0
2022-12-26 22:17:23.610  8918-9015  AudioTrack              pid-8918                             V  obtainBuffer(192) returned 192 = 128 + 64 err 0
2022-12-26 22:17:23.610  8918-9015  AudioTrack              pid-8918                             V  obtainBuffer(64) returned 64 = 64 + 0 err 0
2022-12-26 22:17:23.613  8918-9015  AudioTrack              pid-8918                             V  obtainBuffer(192) returned 192 = 192 + 0 err 0
2022-12-26 22:17:23.645  8918-9015  chatty                  pid-8918                             I  uid=10213(com.inforcegames.app3dmodelling) AudioTrack identical 8 lines
2022-12-26 22:17:23.649  8918-9015  AudioTrack              pid-8918                             V  obtainBuffer(192) returned 192 = 192 + 0 err 0
2022-12-26 22:17:23.653  8918-9015  AudioTrack              pid-8918                             V  obtainBuffer(192) returned 192 = 64 + 128 err 0
2022-12-26 22:17:23.653  8918-9015  AudioTrack              pid-8918                             V  obtainBuffer(128) returned 128 = 128 + 0 err 0
2022-12-26 22:17:23.658  8918-9015  AudioTrack              pid-8918                             V  obtainBuffer(192) returned 192 = 192 + 0 err 0
2022-12-26 22:17:23.701  8918-9015  chatty                  pid-8918                             I  uid=10213(com.inforcegames.app3dmodelling) AudioTrack identical 11 lines
2022-12-26 22:17:23.706  8918-9015  AudioTrack              pid-8918                             V  obtainBuffer(192) returned 192 = 192 + 0 err 0
2022-12-26 22:17:23.706  8918-8929  .app3dmodellin          pid-8918                             I  Background concurrent copying GC freed 38331(6MB) AllocSpace objects, 2(104KB) LOS objects, 49% free, 6MB/12MB, paused 214us total 109.581ms
2022-12-26 22:17:23.709  8918-9015  AudioTrack              pid-8918                             V  obtainBuffer(192) returned 192 = 192 + 0 err 0
2022-12-26 22:17:23.729  8918-9015  chatty                  pid-8918                             I  uid=10213(com.inforcegames.app3dmodelling) AudioTrack identical 5 lines
2022-12-26 22:17:23.733  8918-9015  AudioTrack              pid-8918                             V  obtainBuffer(192) returned 192 = 192 + 0 err 0
2022-12-26 22:17:23.737  8918-9015  AudioTrack              pid-8918                             V  obtainBuffer(192) returned 192 = 128 + 64 err 0
2022-12-26 22:17:23.737  8918-9015  AudioTrack              pid-8918                             V  obtainBuffer(64) returned 64 = 64 + 0 err 0
2022-12-26 22:17:23.742  8918-9015  AudioTrack              pid-8918                             V  obtainBuffer(192) returned 192 = 192 + 0 err 0
2022-12-26 22:17:23.773  8918-9015  chatty                  pid-8918                             I  uid=10213(com.inforcegames.app3dmodelling) AudioTrack identical 8 lines
2022-12-26 22:17:23.777  8918-9015  AudioTrack              pid-8918                             V  obtainBuffer(192) returned 192 = 192 + 0 err 0
2022-12-26 22:17:23.781  8918-9015  AudioTrack              pid-8918                             V  obtainBuffer(192) returned 192 = 64 + 128 err 0
2022-12-26 22:17:23.781  8918-9015  AudioTrack              pid-8918                             V  obtainBuffer(128) returned 128 = 128 + 0 err 0
2022-12-26 22:17:23.785  8918-9015  AudioTrack              pid-8918                             V  obtainBuffer(192) returned 192 = 192 + 0 err 0
2022-12-26 22:17:23.857  8918-9015  chatty                  pid-8918                             I  uid=10213(com.inforcegames.app3dmodelling) AudioTrack identical 18 lines
2022-12-26 22:17:23.862  8918-9015  AudioTrack              pid-8918                             V  obtainBuffer(192) returned 192 = 192 + 0 err 0
2022-12-26 22:17:23.865  8918-9015  AudioTrack              pid-8918                             V  obtainBuffer(192) returned 192 = 128 + 64 err 0
2022-12-26 22:17:23.865  8918-9015  AudioTrack              pid-8918                             V  obtainBuffer(64) returned 64 = 64 + 0 err 0
2022-12-26 22:17:23.870  8918-9015  AudioTrack              pid-8918                             V  obtainBuffer(192) returned 192 = 192 + 0 err 0
2022-12-26 22:17:23.901  8918-9015  chatty                  pid-8918                             I  uid=10213(com.inforcegames.app3dmodelling) AudioTrack identical 8 lines
2022-12-26 22:17:23.905  8918-9015  AudioTrack              pid-8918                             V  obtainBuffer(192) returned 192 = 192 + 0 err 0
2022-12-26 22:17:23.909  8918-9015  AudioTrack              pid-8918                             V  obtainBuffer(192) returned 192 = 64 + 128 err 0
2022-12-26 22:17:23.909  8918-9015  AudioTrack              pid-8918                             V  obtainBuffer(128) returned 128 = 128 + 0 err 0
2022-12-26 22:17:23.913  8918-9015  AudioTrack              pid-8918                             V  obtainBuffer(192) returned 192 = 192 + 0 err 0
2022-12-26 22:17:23.985  8918-9015  chatty                  pid-8918                             I  uid=10213(com.inforcegames.app3dmodelling) AudioTrack identical 18 lines
2022-12-26 22:17:23.989  8918-9015  AudioTrack              pid-8918                             V  obtainBuffer(192) returned 192 = 192 + 0 err 0
2022-12-26 22:17:23.994  8918-9015  AudioTrack              pid-8918                             V  obtainBuffer(192) returned 192 = 128 + 64 err 0
2022-12-26 22:17:23.995  8918-9015  AudioTrack              pid-8918                             V  obtainBuffer(64) returned 64 = 64 + 0 err 0
2022-12-26 22:17:23.997  8918-9015  AudioTrack              pid-8918                             V  obtainBuffer(192) returned 192 = 192 + 0 err 0
2022-12-26 22:17:24.029  8918-9015  chatty                  pid-8918                             I  uid=10213(com.inforcegames.app3dmodelling) AudioTrack identical 8 lines
2022-12-26 22:17:24.033  8918-9015  AudioTrack              pid-8918                             V  obtainBuffer(192) returned 192 = 192 + 0 err 0
2022-12-26 22:17:24.037  8918-9015  AudioTrack              pid-8918                             V  obtainBuffer(192) returned 192 = 64 + 128 err 0
2022-12-26 22:17:24.037  8918-9015  AudioTrack              pid-8918                             V  obtainBuffer(128) returned 128 = 128 + 0 err 0
2022-12-26 22:17:24.041  8918-9015  AudioTrack              pid-8918                             V  obtainBuffer(192) returned 192 = 192 + 0 err 0
2022-12-26 22:17:24.109  8918-9015  chatty                  pid-8918                             I  uid=10213(com.inforcegames.app3dmodelling) AudioTrack identical 17 lines
2022-12-26 22:17:24.114  8918-9015  AudioTrack              pid-8918                             V  obtainBuffer(192) returned 192 = 192 + 0 err 0
2022-12-26 22:17:24.115  2820-5429  DPMJ                    pid-2820                             I  |REQ:RCVR| DPM creating socket
2022-12-26 22:17:24.117  8918-9015  AudioTrack              pid-8918                             V  obtainBuffer(192) returned 192 = 192 + 0 err 0
2022-12-26 22:17:24.121  8918-9015  AudioTrack              pid-8918                             V  obtainBuffer(192) returned 192 = 128 + 64 err 0
2022-12-26 22:17:24.122  8918-9015  AudioTrack              pid-8918                             V  obtainBuffer(64) returned 64 = 64 + 0 err 0
2022-12-26 22:17:24.125  8918-9015  AudioTrack              pid-8918                             V  obtainBuffer(192) returned 192 = 192 + 0 err 0
2022-12-26 22:17:24.129  8918-9015  AudioTrack              pid-8918                             V  obtainBuffer(192) returned 192 = 192 + 0 err 0
2022-12-26 22:17:24.130  1302-1463  ThermalEngine           pid-1302                             D  sensor_wait: quiet_therm Wait done.
2022-12-26 22:17:24.132  1302-1463  ThermalEngine           pid-1302                             D  sensor_monitor: quiet_therm Reading 31000 .
2022-12-26 22:17:24.132  1302-1463  ThermalEngine           pid-1302                             I  Sensor:quiet_therm:31000 mC
2022-12-26 22:17:24.132  1302-1463  ThermalEngine           pid-1302                             D  update_active_thresh: quiet_therm Active(1), Hi(1) 40000, Lo(0) -2147483648, desc(0) Interval(1) 1000
2022-12-26 22:17:24.132  1302-1463  ThermalEngine           pid-1302                             D  sensor_monitor: quiet_therm Sensor wait.
2022-12-26 22:17:24.132  1302-1463  ThermalEngine           pid-1302                             D  sensor_wait: quiet_therm Wait start. 1000ms
2022-12-26 22:17:24.133  8918-9015  AudioTrack              pid-8918                             V  obtainBuffer(192) returned 192 = 192 + 0 err 0
2022-12-26 22:17:24.137  8918-9015  AudioTrack              pid-8918                             V  obtainBuffer(192) returned 192 = 192 + 0 err 0
2022-12-26 22:17:24.141  1302-1462  ThermalEngine           pid-1302                             D  sensor_wait: msm_therm Wait done.
2022-12-26 22:17:24.142  1302-1462  ThermalEngine           pid-1302                             D  sensor_monitor: msm_therm Reading 31000 .
2022-12-26 22:17:24.142  1302-1462  ThermalEngine           pid-1302                             I  Sensor:msm_therm:31000 mC
2022-12-26 22:17:24.142  1302-1462  ThermalEngine           pid-1302                             D  update_active_thresh: msm_therm Active(1), Hi(1) 44000, Lo(0) -2147483648, desc(0) Interval(1) 1000
2022-12-26 22:17:24.142  1302-1462  ThermalEngine           pid-1302                             D  sensor_monitor: msm_therm Sensor wait.
2022-12-26 22:17:24.142  1302-1462  ThermalEngine           pid-1302                             D  sensor_wait: msm_therm Wait start. 1000ms
2022-12-26 22:17:24.143  8918-9015  AudioTrack              pid-8918                             V  obtainBuffer(192) returned 192 = 192 + 0 err 0
2022-12-26 22:17:24.157  8918-9015  chatty                  pid-8918                             I  uid=10213(com.inforcegames.app3dmodelling) AudioTrack identical 4 lines
2022-12-26 22:17:24.161  8918-9015  AudioTrack              pid-8918                             V  obtainBuffer(192) returned 192 = 192 + 0 err 0
2022-12-26 22:17:24.166  8918-9015  AudioTrack              pid-8918                             V  obtainBuffer(192) returned 192 = 64 + 128 err 0
2022-12-26 22:17:24.166  8918-9015  AudioTrack              pid-8918                             V  obtainBuffer(128) returned 128 = 128 + 0 err 0
2022-12-26 22:17:24.169  8918-9015  AudioTrack              pid-8918                             V  obtainBuffer(192) returned 192 = 192 + 0 err 0
2022-12-26 22:17:24.241  8918-9015  chatty                  pid-8918                             I  uid=10213(com.inforcegames.app3dmodelling) AudioTrack identical 18 lines
2022-12-26 22:17:24.245  8918-9015  AudioTrack              pid-8918                             V  obtainBuffer(192) returned 192 = 192 + 0 err 0
2022-12-26 22:17:24.249  8918-9015  AudioTrack              pid-8918                             V  obtainBuffer(192) returned 192 = 128 + 64 err 0
2022-12-26 22:17:24.249  8918-9015  AudioTrack              pid-8918                             V  obtainBuffer(64) returned 64 = 64 + 0 err 0
2022-12-26 22:17:24.253  8918-9015  AudioTrack              pid-8918                             V  obtainBuffer(192) returned 192 = 192 + 0 err 0
2022-12-26 22:17:24.257  8918-9015  AudioTrack              pid-8918                             V  obtainBuffer(192) returned 192 = 192 + 0 err 0
2022-12-26 22:17:24.257 13316-13316 SignalClusterView       pid-13316                            D  updateMobileTypeImage  0
2022-12-26 22:17:24.259 13316-13316 chatty                  pid-13316                            I  uid=1000(system) com.android.systemui identical 2 lines
2022-12-26 22:17:24.261 13316-13316 SignalClusterView       pid-13316                            D  updateMobileTypeImage  0
2022-12-26 22:17:24.262  8918-9015  AudioTrack              pid-8918                             V  obtainBuffer(192) returned 192 = 192 + 0 err 0
2022-12-26 22:17:24.266  8918-9015  AudioTrack              pid-8918                             V  obtainBuffer(192) returned 192 = 192 + 0 err 0
2022-12-26 22:17:24.267  1302-1457  ThermalEngine           pid-1302                             D  sensor_wait: backlight_therm Wait done.
2022-12-26 22:17:24.269  1302-1457  ThermalEngine           pid-1302                             D  sensor_monitor: backlight_therm Reading 28000 .
2022-12-26 22:17:24.269  1302-1457  ThermalEngine           pid-1302                             I  Sensor:backlight_therm:28000 mC
2022-12-26 22:17:24.269  1302-1457  ThermalEngine           pid-1302                             D  update_active_thresh: backlight_therm Active(1), Hi(1) 45000, Lo(0) -2147483648, desc(0) Interval(1) 2000
2022-12-26 22:17:24.269  1302-1457  ThermalEngine           pid-1302                             D  sensor_monitor: backlight_therm Sensor wait.
2022-12-26 22:17:24.269  1302-1457  ThermalEngine           pid-1302                             D  sensor_wait: backlight_therm Wait start. 2000ms
2022-12-26 22:17:24.269  8918-9015  AudioTrack              pid-8918                             V  obtainBuffer(192) returned 192 = 192 + 0 err 0
2022-12-26 22:17:24.285  8918-9015  chatty                  pid-8918                             I  uid=10213(com.inforcegames.app3dmodelling) AudioTrack identical 4 lines
2022-12-26 22:17:24.289  8918-9015  AudioTrack              pid-8918                             V  obtainBuffer(192) returned 192 = 192 + 0 err 0
2022-12-26 22:17:24.293  8918-9015  AudioTrack              pid-8918                             V  obtainBuffer(192) returned 192 = 64 + 128 err 0
2022-12-26 22:17:24.293   688-2399  audio_hw_spkr_prot      pid-688                              D  audio_extn_fbsp_get_parameters: Speaker protection disabled
2022-12-26 22:17:24.293  8918-9015  AudioTrack              pid-8918                             V  obtainBuffer(128) returned 128 = 128 + 0 err 0
2022-12-26 22:17:24.293   688-2399  audio_hw_extn           pid-688                              D  audio_extn_get_parameters: returns 
2022-12-26 22:17:24.293   743-18565 hash_map_utils          pid-743                              I  key: 'hifi_mode' value: ''
2022-12-26 22:17:24.296  8918-10592 AudioManager            pid-8918                             D  getStreamVolume isRestricted mode = 0
2022-12-26 22:17:24.297  8918-9015  AudioTrack              pid-8918                             V  obtainBuffer(192) returned 192 = 192 + 0 err 0
2022-12-26 22:17:24.301  8918-9015  AudioTrack              pid-8918                             V  obtainBuffer(192) returned 192 = 192 + 0 err 0
2022-12-26 22:17:24.305   688-2399  audio_hw_spkr_prot      pid-688                              D  audio_extn_fbsp_get_parameters: Speaker protection disabled
2022-12-26 22:17:24.305   688-2399  audio_hw_extn           pid-688                              D  audio_extn_get_parameters: returns 
2022-12-26 22:17:24.306  8918-9015  AudioTrack              pid-8918                             V  obtainBuffer(192) returned 192 = 192 + 0 err 0
2022-12-26 22:17:24.306   743-18565 hash_map_utils          pid-743                              I  key: 'hifi_mode' value: ''
2022-12-26 22:17:24.309  8918-9015  AudioTrack              pid-8918                             V  obtainBuffer(192) returned 192 = 192 + 0 err 0
2022-12-26 22:17:24.369  8918-9015  chatty                  pid-8918                             I  uid=10213(com.inforcegames.app3dmodelling) AudioTrack identical 15 lines
2022-12-26 22:17:24.373  8918-9015  AudioTrack              pid-8918                             V  obtainBuffer(192) returned 192 = 192 + 0 err 0
2022-12-26 22:17:24.378  8918-9015  AudioTrack              pid-8918                             V  obtainBuffer(192) returned 192 = 128 + 64 err 0
2022-12-26 22:17:24.378  8918-9015  AudioTrack              pid-8918                             V  obtainBuffer(64) returned 64 = 64 + 0 err 0
2022-12-26 22:17:24.381  8918-9015  AudioTrack              pid-8918                             V  obtainBuffer(192) returned 192 = 192 + 0 err 0
2022-12-26 22:17:24.413  8918-9015  chatty                  pid-8918                             I  uid=10213(com.inforcegames.app3dmodelling) AudioTrack identical 8 lines
2022-12-26 22:17:24.417  8918-9015  AudioTrack              pid-8918                             V  obtainBuffer(192) returned 192 = 192 + 0 err 0
2022-12-26 22:17:24.421  8918-9015  AudioTrack              pid-8918                             V  obtainBuffer(192) returned 192 = 64 + 128 err 0
2022-12-26 22:17:24.421  8918-9015  AudioTrack              pid-8918                             V  obtainBuffer(128) returned 128 = 128 + 0 err 0
2022-12-26 22:17:24.425  8918-9015  AudioTrack              pid-8918                             V  obtainBuffer(192) returned 192 = 192 + 0 err 0
2022-12-26 22:17:24.498  8918-9015  chatty                  pid-8918                             I  uid=10213(com.inforcegames.app3dmodelling) AudioTrack identical 18 lines
2022-12-26 22:17:24.502  8918-9015  AudioTrack              pid-8918                             V  obtainBuffer(192) returned 192 = 192 + 0 err 0
2022-12-26 22:17:24.505  8918-9015  AudioTrack              pid-8918                             V  obtainBuffer(192) returned 192 = 128 + 64 err 0
2022-12-26 22:17:24.505  8918-9015  AudioTrack              pid-8918                             V  obtainBuffer(64) returned 64 = 64 + 0 err 0
2022-12-26 22:17:24.509  8918-9015  AudioTrack              pid-8918                             V  obtainBuffer(192) returned 192 = 192 + 0 err 0
2022-12-26 22:17:24.542  8918-9015  chatty                  pid-8918                             I  uid=10213(com.inforcegames.app3dmodelling) AudioTrack identical 8 lines
2022-12-26 22:17:24.545  8918-9015  AudioTrack              pid-8918                             V  obtainBuffer(192) returned 192 = 192 + 0 err 0
2022-12-26 22:17:24.549  8918-9015  AudioTrack              pid-8918                             V  obtainBuffer(192) returned 192 = 64 + 128 err 0
2022-12-26 22:17:24.549  8918-9015  AudioTrack              pid-8918                             V  obtainBuffer(128) returned 128 = 128 + 0 err 0
2022-12-26 22:17:24.553  8918-9015  AudioTrack              pid-8918                             V  obtainBuffer(192) returned 192 = 192 + 0 err 0
2022-12-26 22:17:24.625  8918-9015  chatty                  pid-8918                             I  uid=10213(com.inforcegames.app3dmodelling) AudioTrack identical 18 lines
2022-12-26 22:17:24.629  8918-9015  AudioTrack              pid-8918                             V  obtainBuffer(192) returned 192 = 192 + 0 err 0
2022-12-26 22:17:24.633  8918-9015  AudioTrack              pid-8918                             V  obtainBuffer(192) returned 192 = 128 + 64 err 0
2022-12-26 22:17:24.633  8918-9015  AudioTrack              pid-8918                             V  obtainBuffer(64) returned 64 = 64 + 0 err 0
2022-12-26 22:17:24.637  8918-9015  AudioTrack              pid-8918                             V  obtainBuffer(192) returned 192 = 192 + 0 err 0
2022-12-26 22:17:24.669  8918-9015  chatty                  pid-8918                             I  uid=10213(com.inforcegames.app3dmodelling) AudioTrack identical 8 lines
2022-12-26 22:17:24.673  8918-9015  AudioTrack              pid-8918                             V  obtainBuffer(192) returned 192 = 192 + 0 err 0
2022-12-26 22:17:24.677  8918-9015  AudioTrack              pid-8918                             V  obtainBuffer(192) returned 192 = 64 + 128 err 0
2022-12-26 22:17:24.677  8918-9015  AudioTrack              pid-8918                             V  obtainBuffer(128) returned 128 = 128 + 0 err 0
2022-12-26 22:17:24.681  8918-9015  AudioTrack              pid-8918                             V  obtainBuffer(192) returned 192 = 192 + 0 err 0
2022-12-26 22:17:24.753  8918-9015  chatty                  pid-8918                             I  uid=10213(com.inforcegames.app3dmodelling) AudioTrack identical 18 lines
2022-12-26 22:17:24.757  8918-9015  AudioTrack              pid-8918                             V  obtainBuffer(192) returned 192 = 192 + 0 err 0
2022-12-26 22:17:24.761  8918-9015  AudioTrack              pid-8918                             V  obtainBuffer(192) returned 192 = 128 + 64 err 0
2022-12-26 22:17:24.761  8918-9015  AudioTrack              pid-8918                             V  obtainBuffer(64) returned 64 = 64 + 0 err 0
2022-12-26 22:17:24.765  8918-9015  AudioTrack              pid-8918                             V  obtainBuffer(192) returned 192 = 192 + 0 err 0
2022-12-26 22:17:24.797  8918-9015  chatty                  pid-8918                             I  uid=10213(com.inforcegames.app3dmodelling) AudioTrack identical 8 lines
2022-12-26 22:17:24.801  8918-9015  AudioTrack              pid-8918                             V  obtainBuffer(192) returned 192 = 192 + 0 err 0
2022-12-26 22:17:24.806  8918-9015  AudioTrack              pid-8918                             V  obtainBuffer(192) returned 192 = 64 + 128 err 0
2022-12-26 22:17:24.806  8918-9015  AudioTrack              pid-8918                             V  obtainBuffer(128) returned 128 = 128 + 0 err 0
2022-12-26 22:17:24.810  8918-9015  AudioTrack              pid-8918                             V  obtainBuffer(192) returned 192 = 192 + 0 err 0
2022-12-26 22:17:24.881  8918-9015  chatty                  pid-8918                             I  uid=10213(com.inforcegames.app3dmodelling) AudioTrack identical 18 lines
2022-12-26 22:17:24.885  8918-9015  AudioTrack              pid-8918                             V  obtainBuffer(192) returned 192 = 192 + 0 err 0
2022-12-26 22:17:24.889  8918-9015  AudioTrack              pid-8918                             V  obtainBuffer(192) returned 192 = 128 + 64 err 0
2022-12-26 22:17:24.889  8918-9015  AudioTrack              pid-8918                             V  obtainBuffer(64) returned 64 = 64 + 0 err 0
2022-12-26 22:17:24.894  8918-9015  AudioTrack              pid-8918                             V  obtainBuffer(192) returned 192 = 192 + 0 err 0
2022-12-26 22:17:24.926  8918-9015  chatty                  pid-8918                             I  uid=10213(com.inforcegames.app3dmodelling) AudioTrack identical 8 lines
2022-12-26 22:17:24.930  8918-9015  AudioTrack              pid-8918                             V  obtainBuffer(192) returned 192 = 192 + 0 err 0
2022-12-26 22:17:24.933  8918-9015  AudioTrack              pid-8918                             V  obtainBuffer(192) returned 192 = 64 + 128 err 0
2022-12-26 22:17:24.934  8918-9015  AudioTrack              pid-8918                             V  obtainBuffer(128) returned 128 = 128 + 0 err 0
2022-12-26 22:17:24.937  8918-9015  AudioTrack              pid-8918                             V  obtainBuffer(192) returned 192 = 192 + 0 err 0
2022-12-26 22:17:25.009  8918-9015  chatty                  pid-8918                             I  uid=10213(com.inforcegames.app3dmodelling) AudioTrack identical 18 lines
2022-12-26 22:17:25.013  8918-9015  AudioTrack              pid-8918                             V  obtainBuffer(192) returned 192 = 192 + 0 err 0
2022-12-26 22:17:25.017  8918-9015  AudioTrack              pid-8918                             V  obtainBuffer(192) returned 192 = 128 + 64 err 0
2022-12-26 22:17:25.017  8918-9015  AudioTrack              pid-8918                             V  obtainBuffer(64) returned 64 = 64 + 0 err 0
2022-12-26 22:17:25.021  8918-9015  AudioTrack              pid-8918                             V  obtainBuffer(192) returned 192 = 192 + 0 err 0
2022-12-26 22:17:25.053  8918-9015  chatty                  pid-8918                             I  uid=10213(com.inforcegames.app3dmodelling) AudioTrack identical 8 lines
2022-12-26 22:17:25.057  8918-9015  AudioTrack              pid-8918                             V  obtainBuffer(192) returned 192 = 192 + 0 err 0
2022-12-26 22:17:25.062  8918-9015  AudioTrack              pid-8918                             V  obtainBuffer(192) returned 192 = 64 + 128 err 0
2022-12-26 22:17:25.062  8918-9015  AudioTrack              pid-8918                             V  obtainBuffer(128) returned 128 = 128 + 0 err 0
2022-12-26 22:17:25.065  8918-9015  AudioTrack              pid-8918                             V  obtainBuffer(192) returned 192 = 192 + 0 err 0
2022-12-26 22:17:25.126  8918-9015  chatty                  pid-8918                             I  uid=10213(com.inforcegames.app3dmodelling) AudioTrack identical 15 lines
2022-12-26 22:17:25.129  8918-9015  AudioTrack              pid-8918                             V  obtainBuffer(192) returned 192 = 192 + 0 err 0
2022-12-26 22:17:25.132  1302-1463  ThermalEngine           pid-1302                             D  sensor_wait: quiet_therm Wait done.
2022-12-26 22:17:25.133  8918-9015  AudioTrack              pid-8918                             V  obtainBuffer(192) returned 192 = 192 + 0 err 0
2022-12-26 22:17:25.133  1302-1463  ThermalEngine           pid-1302                             D  sensor_monitor: quiet_therm Reading 31000 .
2022-12-26 22:17:25.133  1302-1463  ThermalEngine           pid-1302                             I  Sensor:quiet_therm:31000 mC
2022-12-26 22:17:25.133  1302-1463  ThermalEngine           pid-1302                             D  update_active_thresh: quiet_therm Active(1), Hi(1) 40000, Lo(0) -2147483648, desc(0) Interval(1) 1000
2022-12-26 22:17:25.133  1302-1463  ThermalEngine           pid-1302                             D  sensor_monitor: quiet_therm Sensor wait.
2022-12-26 22:17:25.133  1302-1463  ThermalEngine           pid-1302                             D  sensor_wait: quiet_therm Wait start. 1000ms
2022-12-26 22:17:25.137  8918-9015  AudioTrack              pid-8918                             V  obtainBuffer(192) returned 192 = 192 + 0 err 0
2022-12-26 22:17:25.141  8918-9015  AudioTrack              pid-8918                             V  obtainBuffer(192) returned 192 = 192 + 0 err 0
2022-12-26 22:17:25.143  1302-1462  ThermalEngine           pid-1302                             D  sensor_wait: msm_therm Wait done.
2022-12-26 22:17:25.144  1302-1462  ThermalEngine           pid-1302                             D  sensor_monitor: msm_therm Reading 31000 .
2022-12-26 22:17:25.144  1302-1462  ThermalEngine           pid-1302                             I  Sensor:msm_therm:31000 mC
2022-12-26 22:17:25.144  1302-1462  ThermalEngine           pid-1302                             D  update_active_thresh: msm_therm Active(1), Hi(1) 44000, Lo(0) -2147483648, desc(0) Interval(1) 1000
2022-12-26 22:17:25.144  1302-1462  ThermalEngine           pid-1302                             D  sensor_monitor: msm_therm Sensor wait.
2022-12-26 22:17:25.144  1302-1462  ThermalEngine           pid-1302                             D  sensor_wait: msm_therm Wait start. 1000ms
2022-12-26 22:17:25.146  8918-9015  AudioTrack              pid-8918                             V  obtainBuffer(192) returned 192 = 128 + 64 err 0
2022-12-26 22:17:25.146  8918-9015  AudioTrack              pid-8918                             V  obtainBuffer(64) returned 64 = 64 + 0 err 0
2022-12-26 22:17:25.149  8918-9015  AudioTrack              pid-8918                             V  obtainBuffer(192) returned 192 = 192 + 0 err 0
2022-12-26 22:17:25.181  8918-9015  chatty                  pid-8918                             I  uid=10213(com.inforcegames.app3dmodelling) AudioTrack identical 8 lines
2022-12-26 22:17:25.185  8918-9015  AudioTrack              pid-8918                             V  obtainBuffer(192) returned 192 = 192 + 0 err 0
2022-12-26 22:17:25.189  8918-9015  AudioTrack              pid-8918                             V  obtainBuffer(192) returned 192 = 64 + 128 err 0
2022-12-26 22:17:25.189  8918-9015  AudioTrack              pid-8918                             V  obtainBuffer(128) returned 128 = 128 + 0 err 0
2022-12-26 22:17:25.193  8918-9015  AudioTrack              pid-8918                             V  obtainBuffer(192) returned 192 = 192 + 0 err 0
2022-12-26 22:17:25.265  8918-9015  chatty                  pid-8918                             I  uid=10213(com.inforcegames.app3dmodelling) AudioTrack identical 18 lines
2022-12-26 22:17:25.269  8918-9015  AudioTrack              pid-8918                             V  obtainBuffer(192) returned 192 = 192 + 0 err 0
2022-12-26 22:17:25.273  8918-9015  AudioTrack              pid-8918                             V  obtainBuffer(192) returned 192 = 128 + 64 err 0
2022-12-26 22:17:25.273  8918-9015  AudioTrack              pid-8918                             V  obtainBuffer(64) returned 64 = 64 + 0 err 0
2022-12-26 22:17:25.277  8918-9015  AudioTrack              pid-8918                             V  obtainBuffer(192) returned 192 = 192 + 0 err 0
2022-12-26 22:17:25.309  8918-9015  chatty                  pid-8918                             I  uid=10213(com.inforcegames.app3dmodelling) AudioTrack identical 8 lines
2022-12-26 22:17:25.313  8918-9015  AudioTrack              pid-8918                             V  obtainBuffer(192) returned 192 = 192 + 0 err 0
2022-12-26 22:17:25.317  8918-9015  AudioTrack              pid-8918                             V  obtainBuffer(192) returned 192 = 64 + 128 err 0
2022-12-26 22:17:25.317  8918-9015  AudioTrack              pid-8918                             V  obtainBuffer(128) returned 128 = 128 + 0 err 0
2022-12-26 22:17:25.321  8918-9015  AudioTrack              pid-8918                             V  obtainBuffer(192) returned 192 = 192 + 0 err 0
2022-12-26 22:17:25.393  8918-9015  chatty                  pid-8918                             I  uid=10213(com.inforcegames.app3dmodelling) AudioTrack identical 18 lines
2022-12-26 22:17:25.397  8918-9015  AudioTrack              pid-8918                             V  obtainBuffer(192) returned 192 = 192 + 0 err 0
2022-12-26 22:17:25.401  8918-9015  AudioTrack              pid-8918                             V  obtainBuffer(192) returned 192 = 128 + 64 err 0
2022-12-26 22:17:25.401  8918-9015  AudioTrack              pid-8918                             V  obtainBuffer(64) returned 64 = 64 + 0 err 0
2022-12-26 22:17:25.405  8918-9015  AudioTrack              pid-8918                             V  obtainBuffer(192) returned 192 = 192 + 0 err 0
2022-12-26 22:17:25.437  8918-9015  chatty                  pid-8918                             I  uid=10213(com.inforcegames.app3dmodelling) AudioTrack identical 8 lines
2022-12-26 22:17:25.441  8918-9015  AudioTrack              pid-8918                             V  obtainBuffer(192) returned 192 = 192 + 0 err 0
2022-12-26 22:17:25.445  8918-9015  AudioTrack              pid-8918                             V  obtainBuffer(192) returned 192 = 64 + 128 err 0
2022-12-26 22:17:25.445  8918-9015  AudioTrack              pid-8918                             V  obtainBuffer(128) returned 128 = 128 + 0 err 0
2022-12-26 22:17:25.449  8918-9015  AudioTrack              pid-8918                             V  obtainBuffer(192) returned 192 = 192 + 0 err 0
2022-12-26 22:17:25.521  8918-9015  chatty                  pid-8918                             I  uid=10213(com.inforcegames.app3dmodelling) AudioTrack identical 18 lines
2022-12-26 22:17:25.526  8918-9015  AudioTrack              pid-8918                             V  obtainBuffer(192) returned 192 = 192 + 0 err 0
2022-12-26 22:17:25.529  8918-9015  AudioTrack              pid-8918                             V  obtainBuffer(192) returned 192 = 128 + 64 err 0
2022-12-26 22:17:25.529  8918-9015  AudioTrack              pid-8918                             V  obtainBuffer(64) returned 64 = 64 + 0 err 0
2022-12-26 22:17:25.533  8918-9015  AudioTrack              pid-8918                             V  obtainBuffer(192) returned 192 = 192 + 0 err 0
2022-12-26 22:17:25.566  8918-9015  chatty                  pid-8918                             I  uid=10213(com.inforcegames.app3dmodelling) AudioTrack identical 8 lines
2022-12-26 22:17:25.569  8918-9015  AudioTrack              pid-8918                             V  obtainBuffer(192) returned 192 = 192 + 0 err 0
2022-12-26 22:17:25.573  8918-9015  AudioTrack              pid-8918                             V  obtainBuffer(192) returned 192 = 64 + 128 err 0
2022-12-26 22:17:25.573  8918-9015  AudioTrack              pid-8918                             V  obtainBuffer(128) returned 128 = 128 + 0 err 0
2022-12-26 22:17:25.578  8918-9015  AudioTrack              pid-8918                             V  obtainBuffer(192) returned 192 = 192 + 0 err 0
2022-12-26 22:17:25.650  8918-9015  chatty                  pid-8918                             I  uid=10213(com.inforcegames.app3dmodelling) AudioTrack identical 18 lines
2022-12-26 22:17:25.653  8918-9015  AudioTrack              pid-8918                             V  obtainBuffer(192) returned 192 = 192 + 0 err 0
2022-12-26 22:17:25.657  8918-9015  AudioTrack              pid-8918                             V  obtainBuffer(192) returned 192 = 128 + 64 err 0
2022-12-26 22:17:25.657  8918-9015  AudioTrack              pid-8918                             V  obtainBuffer(64) returned 64 = 64 + 0 err 0
2022-12-26 22:17:25.661  8918-9015  AudioTrack              pid-8918                             V  obtainBuffer(192) returned 192 = 192 + 0 err 0
2022-12-26 22:17:25.693  8918-9015  chatty                  pid-8918                             I  uid=10213(com.inforcegames.app3dmodelling) AudioTrack identical 8 lines
2022-12-26 22:17:25.698  8918-9015  AudioTrack              pid-8918                             V  obtainBuffer(192) returned 192 = 192 + 0 err 0
2022-12-26 22:17:25.701  8918-9015  AudioTrack              pid-8918                             V  obtainBuffer(192) returned 192 = 64 + 128 err 0
2022-12-26 22:17:25.701  8918-9015  AudioTrack              pid-8918                             V  obtainBuffer(128) returned 128 = 128 + 0 err 0
2022-12-26 22:17:25.705  8918-9015  AudioTrack              pid-8918                             V  obtainBuffer(192) returned 192 = 192 + 0 err 0
2022-12-26 22:17:25.777  8918-9015  chatty                  pid-8918                             I  uid=10213(com.inforcegames.app3dmodelling) AudioTrack identical 18 lines
2022-12-26 22:17:25.781  8918-9015  AudioTrack              pid-8918                             V  obtainBuffer(192) returned 192 = 192 + 0 err 0
2022-12-26 22:17:25.786  8918-9015  AudioTrack              pid-8918                             V  obtainBuffer(192) returned 192 = 128 + 64 err 0
2022-12-26 22:17:25.786  8918-9015  AudioTrack              pid-8918                             V  obtainBuffer(64) returned 64 = 64 + 0 err 0
2022-12-26 22:17:25.789  8918-9015  AudioTrack              pid-8918                             V  obtainBuffer(192) returned 192 = 192 + 0 err 0
2022-12-26 22:17:25.821  8918-9015  chatty                  pid-8918                             I  uid=10213(com.inforcegames.app3dmodelling) AudioTrack identical 8 lines
2022-12-26 22:17:25.825  8918-9015  AudioTrack              pid-8918                             V  obtainBuffer(192) returned 192 = 192 + 0 err 0
2022-12-26 22:17:25.829  8918-9015  AudioTrack              pid-8918                             V  obtainBuffer(192) returned 192 = 64 + 128 err 0
2022-12-26 22:17:25.829  8918-9015  AudioTrack              pid-8918                             V  obtainBuffer(128) returned 128 = 128 + 0 err 0