2022-12-25 17:26:49.030 22931-23058 AudioTrack              pid-22931                            V  obtainBuffer(192) returned 192 = 64 + 128 err 0
2022-12-25 17:26:49.030 22931-23058 AudioTrack              pid-22931                            V  obtainBuffer(128) returned 128 = 128 + 0 err 0
2022-12-25 17:26:49.034 22931-23058 AudioTrack              pid-22931                            V  obtainBuffer(192) returned 192 = 192 + 0 err 0
2022-12-25 17:26:49.106 22931-23058 chatty                  pid-22931                            I  uid=10213(com.inforcegames.app3dmodelling) AudioTrack identical 18 lines
2022-12-25 17:26:49.110 22931-23058 AudioTrack              pid-22931                            V  obtainBuffer(192) returned 192 = 192 + 0 err 0
2022-12-25 17:26:49.114 22931-23058 AudioTrack              pid-22931                            V  obtainBuffer(192) returned 192 = 128 + 64 err 0
2022-12-25 17:26:49.114 22931-23058 AudioTrack              pid-22931                            V  obtainBuffer(64) returned 64 = 64 + 0 err 0
2022-12-25 17:26:49.119 22931-23058 AudioTrack              pid-22931                            V  obtainBuffer(192) returned 192 = 192 + 0 err 0
2022-12-25 17:26:49.150 22931-23058 chatty                  pid-22931                            I  uid=10213(com.inforcegames.app3dmodelling) AudioTrack identical 8 lines
2022-12-25 17:26:49.154 22931-23058 AudioTrack              pid-22931                            V  obtainBuffer(192) returned 192 = 192 + 0 err 0
2022-12-25 17:26:49.159 22931-23058 AudioTrack              pid-22931                            V  obtainBuffer(192) returned 192 = 64 + 128 err 0
2022-12-25 17:26:49.159 22931-23058 AudioTrack              pid-22931                            V  obtainBuffer(128) returned 128 = 128 + 0 err 0
2022-12-25 17:26:49.162 22931-23058 AudioTrack              pid-22931                            V  obtainBuffer(192) returned 192 = 192 + 0 err 0
2022-12-25 17:26:49.235 22931-23058 chatty                  pid-22931                            I  uid=10213(com.inforcegames.app3dmodelling) AudioTrack identical 18 lines
2022-12-25 17:26:49.238 22931-23058 AudioTrack              pid-22931                            V  obtainBuffer(192) returned 192 = 192 + 0 err 0
2022-12-25 17:26:49.242 22931-23058 AudioTrack              pid-22931                            V  obtainBuffer(192) returned 192 = 128 + 64 err 0
2022-12-25 17:26:49.242 22931-23058 AudioTrack              pid-22931                            V  obtainBuffer(64) returned 64 = 64 + 0 err 0
2022-12-25 17:26:49.247 22931-23058 AudioTrack              pid-22931                            V  obtainBuffer(192) returned 192 = 192 + 0 err 0
2022-12-25 17:26:49.278 22931-23058 chatty                  pid-22931                            I  uid=10213(com.inforcegames.app3dmodelling) AudioTrack identical 8 lines
2022-12-25 17:26:49.282 22931-23058 AudioTrack              pid-22931                            V  obtainBuffer(192) returned 192 = 192 + 0 err 0
2022-12-25 17:26:49.286 22931-23058 AudioTrack              pid-22931                            V  obtainBuffer(192) returned 192 = 64 + 128 err 0
2022-12-25 17:26:49.286 22931-23058 AudioTrack              pid-22931                            V  obtainBuffer(128) returned 128 = 128 + 0 err 0
2022-12-25 17:26:49.291 22931-23058 AudioTrack              pid-22931                            V  obtainBuffer(192) returned 192 = 192 + 0 err 0
2022-12-25 17:26:49.362 22931-23058 chatty                  pid-22931                            I  uid=10213(com.inforcegames.app3dmodelling) AudioTrack identical 18 lines
2022-12-25 17:26:49.366 22931-23058 AudioTrack              pid-22931                            V  obtainBuffer(192) returned 192 = 192 + 0 err 0
2022-12-25 17:26:49.370 22931-23058 AudioTrack              pid-22931                            V  obtainBuffer(192) returned 192 = 128 + 64 err 0
2022-12-25 17:26:49.370 22931-23058 AudioTrack              pid-22931                            V  obtainBuffer(64) returned 64 = 64 + 0 err 0
2022-12-25 17:26:49.374 22931-23058 AudioTrack              pid-22931                            V  obtainBuffer(192) returned 192 = 192 + 0 err 0
2022-12-25 17:26:49.406 22931-23058 chatty                  pid-22931                            I  uid=10213(com.inforcegames.app3dmodelling) AudioTrack identical 8 lines
2022-12-25 17:26:49.411 22931-23058 AudioTrack              pid-22931                            V  obtainBuffer(192) returned 192 = 192 + 0 err 0
2022-12-25 17:26:49.415 22931-23058 AudioTrack              pid-22931                            V  obtainBuffer(192) returned 192 = 64 + 128 err 0
2022-12-25 17:26:49.415 22931-23058 AudioTrack              pid-22931                            V  obtainBuffer(128) returned 128 = 128 + 0 err 0
2022-12-25 17:26:49.418 22931-23058 AudioTrack              pid-22931                            V  obtainBuffer(192) returned 192 = 192 + 0 err 0
2022-12-25 17:26:49.490 22931-23058 chatty                  pid-22931                            I  uid=10213(com.inforcegames.app3dmodelling) AudioTrack identical 18 lines
2022-12-25 17:26:49.494 22931-23058 AudioTrack              pid-22931                            V  obtainBuffer(192) returned 192 = 192 + 0 err 0
2022-12-25 17:26:49.498 22931-23058 AudioTrack              pid-22931                            V  obtainBuffer(192) returned 192 = 128 + 64 err 0
2022-12-25 17:26:49.498 22931-23058 AudioTrack              pid-22931                            V  obtainBuffer(64) returned 64 = 64 + 0 err 0
2022-12-25 17:26:49.502 22931-23058 AudioTrack              pid-22931                            V  obtainBuffer(192) returned 192 = 192 + 0 err 0
2022-12-25 17:26:49.507 22931-23058 chatty                  pid-22931                            I  uid=10213(com.inforcegames.app3dmodelling) AudioTrack identical 1 line
2022-12-25 17:26:49.510 22931-23058 AudioTrack              pid-22931                            V  obtainBuffer(192) returned 192 = 192 + 0 err 0
2022-12-25 17:26:49.511  2480-2480  SignalClusterView       pid-2480                             D  updateMobileTypeImage  0
2022-12-25 17:26:49.512  2480-2480  chatty                  pid-2480                             I  uid=1000(system) com.android.systemui identical 1 line
2022-12-25 17:26:49.512  2480-2480  SignalClusterView       pid-2480                             D  updateMobileTypeImage  0
2022-12-25 17:26:49.513  2820-5429  DPMJ                    pid-2820                             I  |REQ:RCVR| DPM creating socket
2022-12-25 17:26:49.514 22931-23058 AudioTrack              pid-22931                            V  obtainBuffer(192) returned 192 = 192 + 0 err 0
2022-12-25 17:26:49.534 22931-23058 chatty                  pid-22931                            I  uid=10213(com.inforcegames.app3dmodelling) AudioTrack identical 5 lines
2022-12-25 17:26:49.538 22931-23058 AudioTrack              pid-22931                            V  obtainBuffer(192) returned 192 = 192 + 0 err 0
2022-12-25 17:26:49.542 22931-23058 AudioTrack              pid-22931                            V  obtainBuffer(192) returned 192 = 64 + 128 err 0
2022-12-25 17:26:49.542 22931-23058 AudioTrack              pid-22931                            V  obtainBuffer(128) returned 128 = 128 + 0 err 0
2022-12-25 17:26:49.547 22931-23058 AudioTrack              pid-22931                            V  obtainBuffer(192) returned 192 = 192 + 0 err 0
2022-12-25 17:26:49.618 22931-23058 chatty                  pid-22931                            I  uid=10213(com.inforcegames.app3dmodelling) AudioTrack identical 18 lines
2022-12-25 17:26:49.622 22931-23058 AudioTrack              pid-22931                            V  obtainBuffer(192) returned 192 = 192 + 0 err 0
2022-12-25 17:26:49.623  1302-1463  ThermalEngine           pid-1302                             D  sensor_wait: quiet_therm Wait done.
2022-12-25 17:26:49.625  1302-1463  ThermalEngine           pid-1302                             D  sensor_monitor: quiet_therm Reading 36000 .
2022-12-25 17:26:49.625  1302-1463  ThermalEngine           pid-1302                             I  Sensor:quiet_therm:36000 mC
2022-12-25 17:26:49.625  1302-1463  ThermalEngine           pid-1302                             D  update_active_thresh: quiet_therm Active(1), Hi(1) 40000, Lo(0) -2147483648, desc(0) Interval(1) 1000
2022-12-25 17:26:49.625  1302-1463  ThermalEngine           pid-1302                             D  sensor_monitor: quiet_therm Sensor wait.
2022-12-25 17:26:49.625  1302-1463  ThermalEngine           pid-1302                             D  sensor_wait: quiet_therm Wait start. 1000ms
2022-12-25 17:26:49.626 22931-23058 AudioTrack              pid-22931                            V  obtainBuffer(192) returned 192 = 128 + 64 err 0
2022-12-25 17:26:49.626 22931-23058 AudioTrack              pid-22931                            V  obtainBuffer(64) returned 64 = 64 + 0 err 0
2022-12-25 17:26:49.630 22931-23058 AudioTrack              pid-22931                            V  obtainBuffer(192) returned 192 = 192 + 0 err 0
2022-12-25 17:26:49.647 22931-23058 chatty                  pid-22931                            I  uid=10213(com.inforcegames.app3dmodelling) AudioTrack identical 4 lines
2022-12-25 17:26:49.650 22931-23058 AudioTrack              pid-22931                            V  obtainBuffer(192) returned 192 = 192 + 0 err 0
2022-12-25 17:26:49.654  1302-1462  ThermalEngine           pid-1302                             D  sensor_wait: msm_therm Wait done.
2022-12-25 17:26:49.654 22931-23058 AudioTrack              pid-22931                            V  obtainBuffer(192) returned 192 = 192 + 0 err 0
2022-12-25 17:26:49.655  1302-1462  ThermalEngine           pid-1302                             D  sensor_monitor: msm_therm Reading 38000 .
2022-12-25 17:26:49.655  1302-1462  ThermalEngine           pid-1302                             I  Sensor:msm_therm:38000 mC
2022-12-25 17:26:49.655  1302-1462  ThermalEngine           pid-1302                             D  update_active_thresh: msm_therm Active(1), Hi(1) 44000, Lo(0) -2147483648, desc(0) Interval(1) 1000
2022-12-25 17:26:49.655  1302-1462  ThermalEngine           pid-1302                             D  sensor_monitor: msm_therm Sensor wait.
2022-12-25 17:26:49.655  1302-1462  ThermalEngine           pid-1302                             D  sensor_wait: msm_therm Wait start. 1000ms
2022-12-25 17:26:49.658 22931-23058 AudioTrack              pid-22931                            V  obtainBuffer(192) returned 192 = 192 + 0 err 0
2022-12-25 17:26:49.662 22931-23058 chatty                  pid-22931                            I  uid=10213(com.inforcegames.app3dmodelling) AudioTrack identical 1 line
2022-12-25 17:26:49.666 22931-23058 AudioTrack              pid-22931                            V  obtainBuffer(192) returned 192 = 192 + 0 err 0
2022-12-25 17:26:49.670 22931-23058 AudioTrack              pid-22931                            V  obtainBuffer(192) returned 192 = 64 + 128 err 0
2022-12-25 17:26:49.670 22931-23058 AudioTrack              pid-22931                            V  obtainBuffer(128) returned 128 = 128 + 0 err 0
2022-12-25 17:26:49.675 22931-23058 AudioTrack              pid-22931                            V  obtainBuffer(192) returned 192 = 192 + 0 err 0
2022-12-25 17:26:49.746 22931-23058 chatty                  pid-22931                            I  uid=10213(com.inforcegames.app3dmodelling) AudioTrack identical 18 lines
2022-12-25 17:26:49.750 22931-23058 AudioTrack              pid-22931                            V  obtainBuffer(192) returned 192 = 192 + 0 err 0
2022-12-25 17:26:49.754 22931-23058 AudioTrack              pid-22931                            V  obtainBuffer(192) returned 192 = 128 + 64 err 0
2022-12-25 17:26:49.754 22931-23058 AudioTrack              pid-22931                            V  obtainBuffer(64) returned 64 = 64 + 0 err 0
2022-12-25 17:26:49.758 22931-23058 AudioTrack              pid-22931                            V  obtainBuffer(192) returned 192 = 192 + 0 err 0
2022-12-25 17:26:49.762 22931-23058 AudioTrack              pid-22931                            V  obtainBuffer(192) returned 192 = 192 + 0 err 0
2022-12-25 17:26:49.764   688-688   audio_hw_spkr_prot      pid-688                              D  audio_extn_fbsp_get_parameters: Speaker protection disabled
2022-12-25 17:26:49.764   688-688   audio_hw_extn           pid-688                              D  audio_extn_get_parameters: returns 
2022-12-25 17:26:49.766 22931-23058 AudioTrack              pid-22931                            V  obtainBuffer(192) returned 192 = 192 + 0 err 0
2022-12-25 17:26:49.767   743-3264  hash_map_utils          pid-743                              I  key: 'hifi_mode' value: ''
2022-12-25 17:26:49.769 22931-17851 AudioManager            pid-22931                            D  getStreamVolume isRestricted mode = 0
2022-12-25 17:26:49.770 22931-23058 AudioTrack              pid-22931                            V  obtainBuffer(192) returned 192 = 192 + 0 err 0
2022-12-25 17:26:49.771   688-688   audio_hw_spkr_prot      pid-688                              D  audio_extn_fbsp_get_parameters: Speaker protection disabled
2022-12-25 17:26:49.772   688-688   audio_hw_extn           pid-688                              D  audio_extn_get_parameters: returns 
2022-12-25 17:26:49.772   743-3264  hash_map_utils          pid-743                              I  key: 'hifi_mode' value: ''
2022-12-25 17:26:49.775 22931-23058 AudioTrack              pid-22931                            V  obtainBuffer(192) returned 192 = 192 + 0 err 0
2022-12-25 17:26:49.790 22931-23058 chatty                  pid-22931                            I  uid=10213(com.inforcegames.app3dmodelling) AudioTrack identical 4 lines
2022-12-25 17:26:49.794 22931-23058 AudioTrack              pid-22931                            V  obtainBuffer(192) returned 192 = 192 + 0 err 0
2022-12-25 17:26:49.798 22931-23058 AudioTrack              pid-22931                            V  obtainBuffer(192) returned 192 = 64 + 128 err 0
2022-12-25 17:26:49.798 22931-23058 AudioTrack              pid-22931                            V  obtainBuffer(128) returned 128 = 128 + 0 err 0
2022-12-25 17:26:49.802 22931-22942 .app3dmodellin          pid-22931                            I  Background concurrent copying GC freed 157713(7MB) AllocSpace objects, 20(2MB) LOS objects, 49% free, 9MB/19MB, paused 409us total 105.046ms
2022-12-25 17:26:49.803 22931-23058 AudioTrack              pid-22931                            V  obtainBuffer(192) returned 192 = 192 + 0 err 0
2022-12-25 17:26:49.875 22931-23058 chatty                  pid-22931                            I  uid=10213(com.inforcegames.app3dmodelling) AudioTrack identical 18 lines
2022-12-25 17:26:49.878 22931-23058 AudioTrack              pid-22931                            V  obtainBuffer(192) returned 192 = 192 + 0 err 0
2022-12-25 17:26:49.882 22931-23058 AudioTrack              pid-22931                            V  obtainBuffer(192) returned 192 = 128 + 64 err 0
2022-12-25 17:26:49.882 22931-23058 AudioTrack              pid-22931                            V  obtainBuffer(64) returned 64 = 64 + 0 err 0
2022-12-25 17:26:49.886 22931-23058 AudioTrack              pid-22931                            V  obtainBuffer(192) returned 192 = 192 + 0 err 0
2022-12-25 17:26:49.918 22931-23058 chatty                  pid-22931                            I  uid=10213(com.inforcegames.app3dmodelling) AudioTrack identical 8 lines
2022-12-25 17:26:49.922 22931-23058 AudioTrack              pid-22931                            V  obtainBuffer(192) returned 192 = 192 + 0 err 0
2022-12-25 17:26:49.926 22931-23058 AudioTrack              pid-22931                            V  obtainBuffer(192) returned 192 = 64 + 128 err 0
2022-12-25 17:26:49.926 22931-23058 AudioTrack              pid-22931                            V  obtainBuffer(128) returned 128 = 128 + 0 err 0
2022-12-25 17:26:49.930 22931-23058 AudioTrack              pid-22931                            V  obtainBuffer(192) returned 192 = 192 + 0 err 0
2022-12-25 17:26:50.002 22931-23058 chatty                  pid-22931                            I  uid=10213(com.inforcegames.app3dmodelling) AudioTrack identical 18 lines
2022-12-25 17:26:50.006 22931-23058 AudioTrack              pid-22931                            V  obtainBuffer(192) returned 192 = 192 + 0 err 0
2022-12-25 17:26:50.011 22931-23058 AudioTrack              pid-22931                            V  obtainBuffer(192) returned 192 = 128 + 64 err 0
2022-12-25 17:26:50.011 22931-23058 AudioTrack              pid-22931                            V  obtainBuffer(64) returned 64 = 64 + 0 err 0
2022-12-25 17:26:50.014 22931-23058 AudioTrack              pid-22931                            V  obtainBuffer(192) returned 192 = 192 + 0 err 0
2022-12-25 17:26:50.047 22931-23058 chatty                  pid-22931                            I  uid=10213(com.inforcegames.app3dmodelling) AudioTrack identical 8 lines
2022-12-25 17:26:50.050 22931-23058 AudioTrack              pid-22931                            V  obtainBuffer(192) returned 192 = 192 + 0 err 0
2022-12-25 17:26:50.055 22931-23058 AudioTrack              pid-22931                            V  obtainBuffer(192) returned 192 = 64 + 128 err 0
2022-12-25 17:26:50.055 22931-23058 AudioTrack              pid-22931                            V  obtainBuffer(128) returned 128 = 128 + 0 err 0
2022-12-25 17:26:50.058 22931-23058 AudioTrack              pid-22931                            V  obtainBuffer(192) returned 192 = 192 + 0 err 0
2022-12-25 17:26:50.130 22931-23058 chatty                  pid-22931                            I  uid=10213(com.inforcegames.app3dmodelling) AudioTrack identical 18 lines
2022-12-25 17:26:50.135 22931-23058 AudioTrack              pid-22931                            V  obtainBuffer(192) returned 192 = 192 + 0 err 0
2022-12-25 17:26:50.139 22931-23058 AudioTrack              pid-22931                            V  obtainBuffer(192) returned 192 = 128 + 64 err 0
2022-12-25 17:26:50.139 22931-23058 AudioTrack              pid-22931                            V  obtainBuffer(64) returned 64 = 64 + 0 err 0
2022-12-25 17:26:50.142 22931-23058 AudioTrack              pid-22931                            V  obtainBuffer(192) returned 192 = 192 + 0 err 0
2022-12-25 17:26:50.174 22931-23058 chatty                  pid-22931                            I  uid=10213(com.inforcegames.app3dmodelling) AudioTrack identical 8 lines
2022-12-25 17:26:50.178 22931-23058 AudioTrack              pid-22931                            V  obtainBuffer(192) returned 192 = 192 + 0 err 0
2022-12-25 17:26:50.182 22931-23058 AudioTrack              pid-22931                            V  obtainBuffer(192) returned 192 = 64 + 128 err 0
2022-12-25 17:26:50.182 22931-23058 AudioTrack              pid-22931                            V  obtainBuffer(128) returned 128 = 128 + 0 err 0
2022-12-25 17:26:50.186 22931-23058 AudioTrack              pid-22931                            V  obtainBuffer(192) returned 192 = 192 + 0 err 0
2022-12-25 17:26:50.258 22931-23058 chatty                  pid-22931                            I  uid=10213(com.inforcegames.app3dmodelling) AudioTrack identical 18 lines
2022-12-25 17:26:50.262 22931-23058 AudioTrack              pid-22931                            V  obtainBuffer(192) returned 192 = 192 + 0 err 0
2022-12-25 17:26:50.267 22931-23058 AudioTrack              pid-22931                            V  obtainBuffer(192) returned 192 = 128 + 64 err 0
2022-12-25 17:26:50.267 22931-23058 AudioTrack              pid-22931                            V  obtainBuffer(64) returned 64 = 64 + 0 err 0
2022-12-25 17:26:50.270 22931-23058 AudioTrack              pid-22931                            V  obtainBuffer(192) returned 192 = 192 + 0 err 0
2022-12-25 17:26:50.290 22851-22851 linker                  pid-22851                            A  CANNOT LINK EXECUTABLE "/system/bin/dpmd": "/system/lib64/libdpmframework.so" is 32-bit instead of 64-bit
2022-12-25 17:26:50.302 22931-23058 chatty                  pid-22931                            I  uid=10213(com.inforcegames.app3dmodelling) AudioTrack identical 8 lines
2022-12-25 17:26:50.306 22931-23058 AudioTrack              pid-22931                            V  obtainBuffer(192) returned 192 = 192 + 0 err 0
2022-12-25 17:26:50.311 22931-23058 AudioTrack              pid-22931                            V  obtainBuffer(192) returned 192 = 64 + 128 err 0
2022-12-25 17:26:50.311 22931-23058 AudioTrack              pid-22931                            V  obtainBuffer(128) returned 128 = 128 + 0 err 0
2022-12-25 17:26:50.314 22931-23058 AudioTrack              pid-22931                            V  obtainBuffer(192) returned 192 = 192 + 0 err 0
2022-12-25 17:26:50.375 22931-23058 chatty                  pid-22931                            I  uid=10213(com.inforcegames.app3dmodelling) AudioTrack identical 15 lines
2022-12-25 17:26:50.378 22931-23058 AudioTrack              pid-22931                            V  obtainBuffer(192) returned 192 = 192 + 0 err 0
2022-12-25 17:26:50.379  2480-2754  MobileSignalController  pid-2480                             D  onSignalStrengthsChanged: SignalStrength: 99 0 -120 -160 -120 -160 -1 28 -84 -8 198 2147483647 0 2147483647 99 255 2147483647 gsm|lte use_rsrp_and_rssnr_for_lte_level  [-120, -115, -110, -105, -97] [-115, -105, -95, -85]
2022-12-25 17:26:50.379  2480-2754  NetworkCon...troller(1) pid-2480                             D  4G level = 5
2022-12-25 17:26:50.382 22931-23058 AudioTrack              pid-22931                            V  obtainBuffer(192) returned 192 = 192 + 0 err 0
2022-12-25 17:26:50.386 22931-23058 chatty                  pid-22931                            I  uid=10213(com.inforcegames.app3dmodelling) AudioTrack identical 1 line
2022-12-25 17:26:50.391 22931-23058 AudioTrack              pid-22931                            V  obtainBuffer(192) returned 192 = 192 + 0 err 0
2022-12-25 17:26:50.394 22931-23058 AudioTrack              pid-22931                            V  obtainBuffer(192) returned 192 = 128 + 64 err 0
2022-12-25 17:26:50.394 22931-23058 AudioTrack              pid-22931                            V  obtainBuffer(64) returned 64 = 64 + 0 err 0
2022-12-25 17:26:50.398 22931-23058 AudioTrack              pid-22931                            V  obtainBuffer(192) returned 192 = 192 + 0 err 0
2022-12-25 17:26:50.430 22931-23058 chatty                  pid-22931                            I  uid=10213(com.inforcegames.app3dmodelling) AudioTrack identical 8 lines
2022-12-25 17:26:50.434 22931-23058 AudioTrack              pid-22931                            V  obtainBuffer(192) returned 192 = 192 + 0 err 0
2022-12-25 17:26:50.438 22931-23058 AudioTrack              pid-22931                            V  obtainBuffer(192) returned 192 = 64 + 128 err 0
2022-12-25 17:26:50.438 22931-23058 AudioTrack              pid-22931                            V  obtainBuffer(128) returned 128 = 128 + 0 err 0
2022-12-25 17:26:50.443 22931-23058 AudioTrack              pid-22931                            V  obtainBuffer(192) returned 192 = 192 + 0 err 0
2022-12-25 17:26:50.506 22931-23058 chatty                  pid-22931                            I  uid=10213(com.inforcegames.app3dmodelling) AudioTrack identical 16 lines
2022-12-25 17:26:50.511 22931-23058 AudioTrack              pid-22931                            V  obtainBuffer(192) returned 192 = 192 + 0 err 0
2022-12-25 17:26:50.513  2480-2480  SignalClusterView       pid-2480                             D  updateMobileTypeImage  0
2022-12-25 17:26:50.514 22931-23058 AudioTrack              pid-22931                            V  obtainBuffer(192) returned 192 = 192 + 0 err 0
2022-12-25 17:26:50.514  2480-2480  SignalClusterView       pid-2480                             D  updateMobileTypeImage  0
2022-12-25 17:26:50.518 22931-23058 AudioTrack              pid-22931                            V  obtainBuffer(192) returned 192 = 192 + 0 err 0
2022-12-25 17:26:50.518  2480-2480  SignalClusterView       pid-2480                             D  updateMobileTypeImage  0
2022-12-25 17:26:50.523 22931-23058 AudioTrack              pid-22931                            V  obtainBuffer(192) returned 192 = 128 + 64 err 0
2022-12-25 17:26:50.523 22931-23058 AudioTrack              pid-22931                            V  obtainBuffer(64) returned 64 = 64 + 0 err 0
2022-12-25 17:26:50.526 22931-23058 AudioTrack              pid-22931                            V  obtainBuffer(192) returned 192 = 192 + 0 err 0
2022-12-25 17:26:50.530 22931-23058 AudioTrack              pid-22931                            V  obtainBuffer(192) returned 192 = 192 + 0 err 0
2022-12-25 17:26:50.532  1302-1457  ThermalEngine           pid-1302                             D  sensor_wait: backlight_therm Wait done.
2022-12-25 17:26:50.533  1302-1457  ThermalEngine           pid-1302                             D  sensor_monitor: backlight_therm Reading 35000 .
2022-12-25 17:26:50.533  1302-1457  ThermalEngine           pid-1302                             I  Sensor:backlight_therm:35000 mC
2022-12-25 17:26:50.533  1302-1457  ThermalEngine           pid-1302                             D  update_active_thresh: backlight_therm Active(1), Hi(1) 45000, Lo(0) -2147483648, desc(0) Interval(1) 2000
2022-12-25 17:26:50.533  1302-1457  ThermalEngine           pid-1302                             D  sensor_monitor: backlight_therm Sensor wait.
2022-12-25 17:26:50.533  1302-1457  ThermalEngine           pid-1302                             D  sensor_wait: backlight_therm Wait start. 2000ms
2022-12-25 17:26:50.534 22931-23058 AudioTrack              pid-22931                            V  obtainBuffer(192) returned 192 = 192 + 0 err 0
2022-12-25 17:26:50.558 22931-23058 chatty                  pid-22931                            I  uid=10213(com.inforcegames.app3dmodelling) AudioTrack identical 6 lines
2022-12-25 17:26:50.562 22931-23058 AudioTrack              pid-22931                            V  obtainBuffer(192) returned 192 = 192 + 0 err 0
2022-12-25 17:26:50.566 22931-23058 AudioTrack              pid-22931                            V  obtainBuffer(192) returned 192 = 64 + 128 err 0
2022-12-25 17:26:50.566 22931-23058 AudioTrack              pid-22931                            V  obtainBuffer(128) returned 128 = 128 + 0 err 0
2022-12-25 17:26:50.571 22931-23058 AudioTrack              pid-22931                            V  obtainBuffer(192) returned 192 = 192 + 0 err 0
2022-12-25 17:26:50.619 22931-23058 chatty                  pid-22931                            I  uid=10213(com.inforcegames.app3dmodelling) AudioTrack identical 12 lines
2022-12-25 17:26:50.622 22931-23058 AudioTrack              pid-22931                            V  obtainBuffer(192) returned 192 = 192 + 0 err 0
2022-12-25 17:26:50.625  1302-1463  ThermalEngine           pid-1302                             D  sensor_wait: quiet_therm Wait done.
2022-12-25 17:26:50.626  1302-1463  ThermalEngine           pid-1302                             D  sensor_monitor: quiet_therm Reading 36000 .
2022-12-25 17:26:50.626  1302-1463  ThermalEngine           pid-1302                             I  Sensor:quiet_therm:36000 mC
2022-12-25 17:26:50.626  1302-1463  ThermalEngine           pid-1302                             D  update_active_thresh: quiet_therm Active(1), Hi(1) 40000, Lo(0) -2147483648, desc(0) Interval(1) 1000
2022-12-25 17:26:50.626  1302-1463  ThermalEngine           pid-1302                             D  sensor_monitor: quiet_therm Sensor wait.
2022-12-25 17:26:50.626  1302-1463  ThermalEngine           pid-1302                             D  sensor_wait: quiet_therm Wait start. 1000ms
2022-12-25 17:26:50.627 22931-23058 AudioTrack              pid-22931                            V  obtainBuffer(192) returned 192 = 192 + 0 err 0
2022-12-25 17:26:50.642 22931-23058 chatty                  pid-22931                            I  uid=10213(com.inforcegames.app3dmodelling) AudioTrack identical 4 lines
2022-12-25 17:26:50.646 22931-23058 AudioTrack              pid-22931                            V  obtainBuffer(192) returned 192 = 192 + 0 err 0
2022-12-25 17:26:50.650 22931-23058 AudioTrack              pid-22931                            V  obtainBuffer(192) returned 192 = 128 + 64 err 0
2022-12-25 17:26:50.650 22931-23058 AudioTrack              pid-22931                            V  obtainBuffer(64) returned 64 = 64 + 0 err 0
2022-12-25 17:26:50.654 22931-23058 AudioTrack              pid-22931                            V  obtainBuffer(192) returned 192 = 192 + 0 err 0
2022-12-25 17:26:50.656  1302-1462  ThermalEngine           pid-1302                             D  sensor_wait: msm_therm Wait done.
2022-12-25 17:26:50.657  1302-1462  ThermalEngine           pid-1302                             D  sensor_monitor: msm_therm Reading 38000 .
2022-12-25 17:26:50.657  1302-1462  ThermalEngine           pid-1302                             I  Sensor:msm_therm:38000 mC
2022-12-25 17:26:50.657  1302-1462  ThermalEngine           pid-1302                             D  update_active_thresh: msm_therm Active(1), Hi(1) 44000, Lo(0) -2147483648, desc(0) Interval(1) 1000
2022-12-25 17:26:50.657  1302-1462  ThermalEngine           pid-1302                             D  sensor_monitor: msm_therm Sensor wait.
2022-12-25 17:26:50.657  1302-1462  ThermalEngine           pid-1302                             D  sensor_wait: msm_therm Wait start. 1000ms
2022-12-25 17:26:50.658 22931-23058 AudioTrack              pid-22931                            V  obtainBuffer(192) returned 192 = 192 + 0 err 0
2022-12-25 17:26:50.686 22931-23058 chatty                  pid-22931                            I  uid=10213(com.inforcegames.app3dmodelling) AudioTrack identical 7 lines
2022-12-25 17:26:50.690 22931-23058 AudioTrack              pid-22931                            V  obtainBuffer(192) returned 192 = 192 + 0 err 0
2022-12-25 17:26:50.694 22931-23058 AudioTrack              pid-22931                            V  obtainBuffer(192) returned 192 = 64 + 128 err 0
2022-12-25 17:26:50.694 22931-23058 AudioTrack              pid-22931                            V  obtainBuffer(128) returned 128 = 128 + 0 err 0
2022-12-25 17:26:50.698 22931-23058 AudioTrack              pid-22931                            V  obtainBuffer(192) returned 192 = 192 + 0 err 0
2022-12-25 17:26:50.770 22931-23058 chatty                  pid-22931                            I  uid=10213(com.inforcegames.app3dmodelling) AudioTrack identical 18 lines
2022-12-25 17:26:50.774 22931-23058 AudioTrack              pid-22931                            V  obtainBuffer(192) returned 192 = 192 + 0 err 0
2022-12-25 17:26:50.779 22931-23058 AudioTrack              pid-22931                            V  obtainBuffer(192) returned 192 = 128 + 64 err 0
2022-12-25 17:26:50.779 22931-23058 AudioTrack              pid-22931                            V  obtainBuffer(64) returned 64 = 64 + 0 err 0
2022-12-25 17:26:50.782 22931-23058 AudioTrack              pid-22931                            V  obtainBuffer(192) returned 192 = 192 + 0 err 0
2022-12-25 17:26:50.815 22931-23058 chatty                  pid-22931                            I  uid=10213(com.inforcegames.app3dmodelling) AudioTrack identical 8 lines
2022-12-25 17:26:50.818 22931-23058 AudioTrack              pid-22931                            V  obtainBuffer(192) returned 192 = 192 + 0 err 0
2022-12-25 17:26:50.823 22931-23058 AudioTrack              pid-22931                            V  obtainBuffer(192) returned 192 = 64 + 128 err 0
2022-12-25 17:26:50.823 22931-23058 AudioTrack              pid-22931                            V  obtainBuffer(128) returned 128 = 128 + 0 err 0
2022-12-25 17:26:50.827 22931-23058 AudioTrack              pid-22931                            V  obtainBuffer(192) returned 192 = 192 + 0 err 0
2022-12-25 17:26:50.898 22931-23058 chatty                  pid-22931                            I  uid=10213(com.inforcegames.app3dmodelling) AudioTrack identical 18 lines
2022-12-25 17:26:50.902 22931-23058 AudioTrack              pid-22931                            V  obtainBuffer(192) returned 192 = 192 + 0 err 0
2022-12-25 17:26:50.906 22931-23058 AudioTrack              pid-22931                            V  obtainBuffer(192) returned 192 = 128 + 64 err 0
2022-12-25 17:26:50.906 22931-23058 AudioTrack              pid-22931                            V  obtainBuffer(64) returned 64 = 64 + 0 err 0
2022-12-25 17:26:50.910 22931-23058 AudioTrack              pid-22931                            V  obtainBuffer(192) returned 192 = 192 + 0 err 0
2022-12-25 17:26:50.942 22931-23058 chatty                  pid-22931                            I  uid=10213(com.inforcegames.app3dmodelling) AudioTrack identical 8 lines
2022-12-25 17:26:50.946 22931-23058 AudioTrack              pid-22931                            V  obtainBuffer(192) returned 192 = 192 + 0 err 0
2022-12-25 17:26:50.950 22931-23058 AudioTrack              pid-22931                            V  obtainBuffer(192) returned 192 = 64 + 128 err 0
2022-12-25 17:26:50.950 22931-23058 AudioTrack              pid-22931                            V  obtainBuffer(128) returned 128 = 128 + 0 err 0
2022-12-25 17:26:50.954 22931-23058 AudioTrack              pid-22931                            V  obtainBuffer(192) returned 192 = 192 + 0 err 0
2022-12-25 17:26:51.026 22931-23058 chatty                  pid-22931                            I  uid=10213(com.inforcegames.app3dmodelling) AudioTrack identical 18 lines
2022-12-25 17:26:51.030 22931-23058 AudioTrack              pid-22931                            V  obtainBuffer(192) returned 192 = 192 + 0 err 0
2022-12-25 17:26:51.035 22931-23058 AudioTrack              pid-22931                            V  obtainBuffer(192) returned 192 = 128 + 64 err 0
2022-12-25 17:26:51.035 22931-23058 AudioTrack              pid-22931                            V  obtainBuffer(64) returned 64 = 64 + 0 err 0
2022-12-25 17:26:51.039 22931-23058 AudioTrack              pid-22931                            V  obtainBuffer(192) returned 192 = 192 + 0 err 0
2022-12-25 17:26:51.070 22931-23058 chatty                  pid-22931                            I  uid=10213(com.inforcegames.app3dmodelling) AudioTrack identical 8 lines
2022-12-25 17:26:51.074 22931-23058 AudioTrack              pid-22931                            V  obtainBuffer(192) returned 192 = 192 + 0 err 0
2022-12-25 17:26:51.079 22931-23058 AudioTrack              pid-22931                            V  obtainBuffer(192) returned 192 = 64 + 128 err 0
2022-12-25 17:26:51.079 22931-23058 AudioTrack              pid-22931                            V  obtainBuffer(128) returned 128 = 128 + 0 err 0
2022-12-25 17:26:51.082 22931-23058 AudioTrack              pid-22931                            V  obtainBuffer(192) returned 192 = 192 + 0 err 0
2022-12-25 17:26:51.154 22931-23058 chatty                  pid-22931                            I  uid=10213(com.inforcegames.app3dmodelling) AudioTrack identical 18 lines
2022-12-25 17:26:51.158 22931-23058 AudioTrack              pid-22931                            V  obtainBuffer(192) returned 192 = 192 + 0 err 0
2022-12-25 17:26:51.162 22931-23058 AudioTrack              pid-22931                            V  obtainBuffer(192) returned 192 = 128 + 64 err 0
2022-12-25 17:26:51.162 22931-23058 AudioTrack              pid-22931                            V  obtainBuffer(64) returned 64 = 64 + 0 err 0
2022-12-25 17:26:51.166 22931-23058 AudioTrack              pid-22931                            V  obtainBuffer(192) returned 192 = 192 + 0 err 0
2022-12-25 17:26:51.198 22931-23058 chatty                  pid-22931                            I  uid=10213(com.inforcegames.app3dmodelling) AudioTrack identical 8 lines
2022-12-25 17:26:51.202 22931-23058 AudioTrack              pid-22931                            V  obtainBuffer(192) returned 192 = 192 + 0 err 0
2022-12-25 17:26:51.206 22931-23058 AudioTrack              pid-22931                            V  obtainBuffer(192) returned 192 = 64 + 128 err 0
2022-12-25 17:26:51.206 22931-23058 AudioTrack              pid-22931                            V  obtainBuffer(128) returned 128 = 128 + 0 err 0