2022-12-25 21:17:00.222  1302-1457  ThermalEngine           pid-1302                             D  sensor_monitor: backlight_therm Reading 37000 .
2022-12-25 21:17:00.222  1302-1457  ThermalEngine           pid-1302                             I  Sensor:backlight_therm:37000 mC
2022-12-25 21:17:00.222  1302-1457  ThermalEngine           pid-1302                             D  update_active_thresh: backlight_therm Active(1), Hi(1) 45000, Lo(0) -2147483648, desc(0) Interval(1) 2000
2022-12-25 21:17:00.223  1302-1457  ThermalEngine           pid-1302                             D  sensor_monitor: backlight_therm Sensor wait.
2022-12-25 21:17:00.223  1302-1457  ThermalEngine           pid-1302                             D  sensor_wait: backlight_therm Wait start. 2000ms
2022-12-25 21:17:00.224 12683-12755 AudioTrack              pid-12683                            V  obtainBuffer(192) returned 192 = 192 + 0 err 0
2022-12-25 21:17:00.229 12683-12755 AudioTrack              pid-12683                            V  obtainBuffer(192) returned 192 = 128 + 64 err 0
2022-12-25 21:17:00.229 12683-12755 AudioTrack              pid-12683                            V  obtainBuffer(64) returned 64 = 64 + 0 err 0
2022-12-25 21:17:00.233 12683-12755 AudioTrack              pid-12683                            V  obtainBuffer(192) returned 192 = 192 + 0 err 0
2022-12-25 21:17:00.264 12683-12755 chatty                  pid-12683                            I  uid=10213(com.inforcegames.app3dmodelling) AudioTrack identical 8 lines
2022-12-25 21:17:00.268 12683-12755 AudioTrack              pid-12683                            V  obtainBuffer(192) returned 192 = 192 + 0 err 0
2022-12-25 21:17:00.272 12683-12755 AudioTrack              pid-12683                            V  obtainBuffer(192) returned 192 = 64 + 128 err 0
2022-12-25 21:17:00.272 12683-12755 AudioTrack              pid-12683                            V  obtainBuffer(128) returned 128 = 128 + 0 err 0
2022-12-25 21:17:00.276 12683-12755 AudioTrack              pid-12683                            V  obtainBuffer(192) returned 192 = 192 + 0 err 0
2022-12-25 21:17:00.348 12683-12755 chatty                  pid-12683                            I  uid=10213(com.inforcegames.app3dmodelling) AudioTrack identical 18 lines
2022-12-25 21:17:00.352 12683-12755 AudioTrack              pid-12683                            V  obtainBuffer(192) returned 192 = 192 + 0 err 0
2022-12-25 21:17:00.356 12683-12755 AudioTrack              pid-12683                            V  obtainBuffer(192) returned 192 = 128 + 64 err 0
2022-12-25 21:17:00.357 12683-12755 AudioTrack              pid-12683                            V  obtainBuffer(64) returned 64 = 64 + 0 err 0
2022-12-25 21:17:00.361 12683-12755 AudioTrack              pid-12683                            V  obtainBuffer(192) returned 192 = 192 + 0 err 0
2022-12-25 21:17:00.392 12683-12755 chatty                  pid-12683                            I  uid=10213(com.inforcegames.app3dmodelling) AudioTrack identical 8 lines
2022-12-25 21:17:00.396 12683-12755 AudioTrack              pid-12683                            V  obtainBuffer(192) returned 192 = 192 + 0 err 0
2022-12-25 21:17:00.400 12683-12755 AudioTrack              pid-12683                            V  obtainBuffer(192) returned 192 = 64 + 128 err 0
2022-12-25 21:17:00.400 12683-12755 AudioTrack              pid-12683                            V  obtainBuffer(128) returned 128 = 128 + 0 err 0
2022-12-25 21:17:00.405 12683-12755 AudioTrack              pid-12683                            V  obtainBuffer(192) returned 192 = 192 + 0 err 0
2022-12-25 21:17:00.477 12683-12755 chatty                  pid-12683                            I  uid=10213(com.inforcegames.app3dmodelling) AudioTrack identical 18 lines
2022-12-25 21:17:00.480 12683-12755 AudioTrack              pid-12683                            V  obtainBuffer(192) returned 192 = 192 + 0 err 0
2022-12-25 21:17:00.484 12683-12755 AudioTrack              pid-12683                            V  obtainBuffer(192) returned 192 = 128 + 64 err 0
2022-12-25 21:17:00.485 12683-12755 AudioTrack              pid-12683                            V  obtainBuffer(64) returned 64 = 64 + 0 err 0
2022-12-25 21:17:00.488 12683-12755 AudioTrack              pid-12683                            V  obtainBuffer(192) returned 192 = 192 + 0 err 0
2022-12-25 21:17:00.520 12683-12755 chatty                  pid-12683                            I  uid=10213(com.inforcegames.app3dmodelling) AudioTrack identical 8 lines
2022-12-25 21:17:00.524 12683-12755 AudioTrack              pid-12683                            V  obtainBuffer(192) returned 192 = 192 + 0 err 0
2022-12-25 21:17:00.529 12683-12755 AudioTrack              pid-12683                            V  obtainBuffer(192) returned 192 = 64 + 128 err 0
2022-12-25 21:17:00.529 12683-12755 AudioTrack              pid-12683                            V  obtainBuffer(128) returned 128 = 128 + 0 err 0
2022-12-25 21:17:00.532 12683-12755 AudioTrack              pid-12683                            V  obtainBuffer(192) returned 192 = 192 + 0 err 0
2022-12-25 21:17:00.600 12683-12755 chatty                  pid-12683                            I  uid=10213(com.inforcegames.app3dmodelling) AudioTrack identical 17 lines
2022-12-25 21:17:00.604 12683-12755 AudioTrack              pid-12683                            V  obtainBuffer(192) returned 192 = 192 + 0 err 0
2022-12-25 21:17:00.605  1302-1462  ThermalEngine           pid-1302                             D  sensor_wait: msm_therm Wait done.
2022-12-25 21:17:00.607  1302-1462  ThermalEngine           pid-1302                             D  sensor_monitor: msm_therm Reading 40000 .
2022-12-25 21:17:00.607  1302-1462  ThermalEngine           pid-1302                             I  Sensor:msm_therm:40000 mC
2022-12-25 21:17:00.607  1302-1462  ThermalEngine           pid-1302                             D  update_active_thresh: msm_therm Active(1), Hi(1) 44000, Lo(0) -2147483648, desc(0) Interval(1) 1000
2022-12-25 21:17:00.607  1302-1462  ThermalEngine           pid-1302                             D  sensor_monitor: msm_therm Sensor wait.
2022-12-25 21:17:00.607  1302-1462  ThermalEngine           pid-1302                             D  sensor_wait: msm_therm Wait start. 1000ms
2022-12-25 21:17:00.609 12683-12755 AudioTrack              pid-12683                            V  obtainBuffer(192) returned 192 = 192 + 0 err 0
2022-12-25 21:17:00.611  1302-1463  ThermalEngine           pid-1302                             D  sensor_wait: quiet_therm Wait done.
2022-12-25 21:17:00.612  1302-1463  ThermalEngine           pid-1302                             D  sensor_monitor: quiet_therm Reading 38000 .
2022-12-25 21:17:00.612  1302-1463  ThermalEngine           pid-1302                             I  Sensor:quiet_therm:38000 mC
2022-12-25 21:17:00.612  1302-1463  ThermalEngine           pid-1302                             D  update_active_thresh: quiet_therm Active(1), Hi(1) 40000, Lo(0) -2147483648, desc(0) Interval(1) 1000
2022-12-25 21:17:00.612  1302-1463  ThermalEngine           pid-1302                             D  sensor_monitor: quiet_therm Sensor wait.
2022-12-25 21:17:00.612  1302-1463  ThermalEngine           pid-1302                             D  sensor_wait: quiet_therm Wait start. 1000ms
2022-12-25 21:17:00.613 12683-12755 AudioTrack              pid-12683                            V  obtainBuffer(192) returned 192 = 128 + 64 err 0
2022-12-25 21:17:00.613 12683-12755 AudioTrack              pid-12683                            V  obtainBuffer(64) returned 64 = 64 + 0 err 0
2022-12-25 21:17:00.616 12683-12755 AudioTrack              pid-12683                            V  obtainBuffer(192) returned 192 = 192 + 0 err 0
2022-12-25 21:17:00.648 12683-12755 chatty                  pid-12683                            I  uid=10213(com.inforcegames.app3dmodelling) AudioTrack identical 8 lines
2022-12-25 21:17:00.652 12683-12755 AudioTrack              pid-12683                            V  obtainBuffer(192) returned 192 = 192 + 0 err 0
2022-12-25 21:17:00.657 12683-12755 AudioTrack              pid-12683                            V  obtainBuffer(192) returned 192 = 64 + 128 err 0
2022-12-25 21:17:00.657 12683-12755 AudioTrack              pid-12683                            V  obtainBuffer(128) returned 128 = 128 + 0 err 0
2022-12-25 21:17:00.661 12683-12755 AudioTrack              pid-12683                            V  obtainBuffer(192) returned 192 = 192 + 0 err 0
2022-12-25 21:17:00.721 19487-19487 linker                  pid-19487                            A  CANNOT LINK EXECUTABLE "/system/bin/dpmd": "/system/lib64/libdpmframework.so" is 32-bit instead of 64-bit
2022-12-25 21:17:00.732 12683-12755 chatty                  pid-12683                            I  uid=10213(com.inforcegames.app3dmodelling) AudioTrack identical 18 lines
2022-12-25 21:17:00.736 12683-12755 AudioTrack              pid-12683                            V  obtainBuffer(192) returned 192 = 192 + 0 err 0
2022-12-25 21:17:00.740 12683-12755 AudioTrack              pid-12683                            V  obtainBuffer(192) returned 192 = 128 + 64 err 0
2022-12-25 21:17:00.740 12683-12755 AudioTrack              pid-12683                            V  obtainBuffer(64) returned 64 = 64 + 0 err 0
2022-12-25 21:17:00.745 12683-12755 AudioTrack              pid-12683                            V  obtainBuffer(192) returned 192 = 192 + 0 err 0
2022-12-25 21:17:00.777 12683-12755 chatty                  pid-12683                            I  uid=10213(com.inforcegames.app3dmodelling) AudioTrack identical 8 lines
2022-12-25 21:17:00.781 12683-12755 AudioTrack              pid-12683                            V  obtainBuffer(192) returned 192 = 192 + 0 err 0
2022-12-25 21:17:00.784 12683-12755 AudioTrack              pid-12683                            V  obtainBuffer(192) returned 192 = 64 + 128 err 0
2022-12-25 21:17:00.784 12683-12755 AudioTrack              pid-12683                            V  obtainBuffer(128) returned 128 = 128 + 0 err 0
2022-12-25 21:17:00.788 12683-12755 AudioTrack              pid-12683                            V  obtainBuffer(192) returned 192 = 192 + 0 err 0
2022-12-25 21:17:00.860 12683-12755 chatty                  pid-12683                            I  uid=10213(com.inforcegames.app3dmodelling) AudioTrack identical 18 lines
2022-12-25 21:17:00.864 12683-12755 AudioTrack              pid-12683                            V  obtainBuffer(192) returned 192 = 192 + 0 err 0
2022-12-25 21:17:00.868 12683-12755 AudioTrack              pid-12683                            V  obtainBuffer(192) returned 192 = 128 + 64 err 0
2022-12-25 21:17:00.868 12683-12755 AudioTrack              pid-12683                            V  obtainBuffer(64) returned 64 = 64 + 0 err 0
2022-12-25 21:17:00.872 12683-12755 AudioTrack              pid-12683                            V  obtainBuffer(192) returned 192 = 192 + 0 err 0
2022-12-25 21:17:00.904 12683-12755 chatty                  pid-12683                            I  uid=10213(com.inforcegames.app3dmodelling) AudioTrack identical 8 lines
2022-12-25 21:17:00.909 12683-12755 AudioTrack              pid-12683                            V  obtainBuffer(192) returned 192 = 192 + 0 err 0
2022-12-25 21:17:00.912 12683-12755 AudioTrack              pid-12683                            V  obtainBuffer(192) returned 192 = 64 + 128 err 0
2022-12-25 21:17:00.912 12683-12755 AudioTrack              pid-12683                            V  obtainBuffer(128) returned 128 = 128 + 0 err 0
2022-12-25 21:17:00.917 12683-12755 AudioTrack              pid-12683                            V  obtainBuffer(192) returned 192 = 192 + 0 err 0
2022-12-25 21:17:00.989 12683-12755 chatty                  pid-12683                            I  uid=10213(com.inforcegames.app3dmodelling) AudioTrack identical 18 lines
2022-12-25 21:17:00.993 12683-12755 AudioTrack              pid-12683                            V  obtainBuffer(192) returned 192 = 192 + 0 err 0
2022-12-25 21:17:00.996 12683-12755 AudioTrack              pid-12683                            V  obtainBuffer(192) returned 192 = 128 + 64 err 0
2022-12-25 21:17:00.996 12683-12755 AudioTrack              pid-12683                            V  obtainBuffer(64) returned 64 = 64 + 0 err 0
2022-12-25 21:17:01.001 12683-12755 AudioTrack              pid-12683                            V  obtainBuffer(192) returned 192 = 192 + 0 err 0
2022-12-25 21:17:01.033 12683-12755 chatty                  pid-12683                            I  uid=10213(com.inforcegames.app3dmodelling) AudioTrack identical 8 lines
2022-12-25 21:17:01.036 12683-12755 AudioTrack              pid-12683                            V  obtainBuffer(192) returned 192 = 192 + 0 err 0
2022-12-25 21:17:01.040 12683-12755 AudioTrack              pid-12683                            V  obtainBuffer(192) returned 192 = 64 + 128 err 0
2022-12-25 21:17:01.040 12683-12755 AudioTrack              pid-12683                            V  obtainBuffer(128) returned 128 = 128 + 0 err 0
2022-12-25 21:17:01.045 12683-12755 AudioTrack              pid-12683                            V  obtainBuffer(192) returned 192 = 192 + 0 err 0
2022-12-25 21:17:01.117 12683-12755 chatty                  pid-12683                            I  uid=10213(com.inforcegames.app3dmodelling) AudioTrack identical 18 lines
2022-12-25 21:17:01.120 12683-12755 AudioTrack              pid-12683                            V  obtainBuffer(192) returned 192 = 192 + 0 err 0
2022-12-25 21:17:01.125 12683-12755 AudioTrack              pid-12683                            V  obtainBuffer(192) returned 192 = 128 + 64 err 0
2022-12-25 21:17:01.125 12683-12755 AudioTrack              pid-12683                            V  obtainBuffer(64) returned 64 = 64 + 0 err 0
2022-12-25 21:17:01.128 12683-12755 AudioTrack              pid-12683                            V  obtainBuffer(192) returned 192 = 192 + 0 err 0
2022-12-25 21:17:01.160 12683-12755 chatty                  pid-12683                            I  uid=10213(com.inforcegames.app3dmodelling) AudioTrack identical 8 lines
2022-12-25 21:17:01.165 12683-12755 AudioTrack              pid-12683                            V  obtainBuffer(192) returned 192 = 192 + 0 err 0
2022-12-25 21:17:01.168 12683-12755 AudioTrack              pid-12683                            V  obtainBuffer(192) returned 192 = 64 + 128 err 0
2022-12-25 21:17:01.168 12683-12755 AudioTrack              pid-12683                            V  obtainBuffer(128) returned 128 = 128 + 0 err 0
2022-12-25 21:17:01.173 12683-12755 AudioTrack              pid-12683                            V  obtainBuffer(192) returned 192 = 192 + 0 err 0
2022-12-25 21:17:01.245 12683-12755 chatty                  pid-12683                            I  uid=10213(com.inforcegames.app3dmodelling) AudioTrack identical 18 lines
2022-12-25 21:17:01.248 12683-12755 AudioTrack              pid-12683                            V  obtainBuffer(192) returned 192 = 192 + 0 err 0
2022-12-25 21:17:01.252 12683-12755 AudioTrack              pid-12683                            V  obtainBuffer(192) returned 192 = 128 + 64 err 0
2022-12-25 21:17:01.252 12683-12755 AudioTrack              pid-12683                            V  obtainBuffer(64) returned 64 = 64 + 0 err 0
2022-12-25 21:17:01.256 12683-12755 AudioTrack              pid-12683                            V  obtainBuffer(192) returned 192 = 192 + 0 err 0
2022-12-25 21:17:01.289 12683-12755 chatty                  pid-12683                            I  uid=10213(com.inforcegames.app3dmodelling) AudioTrack identical 8 lines
2022-12-25 21:17:01.293 12683-12755 AudioTrack              pid-12683                            V  obtainBuffer(192) returned 192 = 192 + 0 err 0
2022-12-25 21:17:01.296 12683-12755 AudioTrack              pid-12683                            V  obtainBuffer(192) returned 192 = 64 + 128 err 0
2022-12-25 21:17:01.296 12683-12755 AudioTrack              pid-12683                            V  obtainBuffer(128) returned 128 = 128 + 0 err 0
2022-12-25 21:17:01.301 12683-12755 AudioTrack              pid-12683                            V  obtainBuffer(192) returned 192 = 192 + 0 err 0
2022-12-25 21:17:01.373 12683-12755 chatty                  pid-12683                            I  uid=10213(com.inforcegames.app3dmodelling) AudioTrack identical 18 lines
2022-12-25 21:17:01.376 12683-12755 AudioTrack              pid-12683                            V  obtainBuffer(192) returned 192 = 192 + 0 err 0
2022-12-25 21:17:01.380 12683-12755 AudioTrack              pid-12683                            V  obtainBuffer(192) returned 192 = 128 + 64 err 0
2022-12-25 21:17:01.380 12683-12755 AudioTrack              pid-12683                            V  obtainBuffer(64) returned 64 = 64 + 0 err 0
2022-12-25 21:17:01.385 12683-12755 AudioTrack              pid-12683                            V  obtainBuffer(192) returned 192 = 192 + 0 err 0
2022-12-25 21:17:01.416 12683-12755 chatty                  pid-12683                            I  uid=10213(com.inforcegames.app3dmodelling) AudioTrack identical 8 lines
2022-12-25 21:17:01.420 12683-12755 AudioTrack              pid-12683                            V  obtainBuffer(192) returned 192 = 192 + 0 err 0
2022-12-25 21:17:01.424 12683-12755 AudioTrack              pid-12683                            V  obtainBuffer(192) returned 192 = 64 + 128 err 0
2022-12-25 21:17:01.424 12683-12755 AudioTrack              pid-12683                            V  obtainBuffer(128) returned 128 = 128 + 0 err 0
2022-12-25 21:17:01.428 12683-12755 AudioTrack              pid-12683                            V  obtainBuffer(192) returned 192 = 192 + 0 err 0
2022-12-25 21:17:01.484 12683-12755 chatty                  pid-12683                            I  uid=10213(com.inforcegames.app3dmodelling) AudioTrack identical 14 lines
2022-12-25 21:17:01.488 12683-12755 AudioTrack              pid-12683                            V  obtainBuffer(192) returned 192 = 192 + 0 err 0
2022-12-25 21:17:01.491 13316-13371 MobileSignalController  pid-13316                            D  onSignalStrengthsChanged: SignalStrength: 99 0 -120 -160 -120 -160 -1 28 -90 -12 104 2147483647 0 2147483647 99 255 2147483647 gsm|lte use_rsrp_and_rssnr_for_lte_level  [-120, -115, -110, -105, -97] [-115, -105, -95, -85]
2022-12-25 21:17:01.491 13316-13371 NetworkCon...troller(1) pid-13316                            D  4G level = 5
2022-12-25 21:17:01.492 12683-12755 AudioTrack              pid-12683                            V  obtainBuffer(192) returned 192 = 192 + 0 err 0
2022-12-25 21:17:01.501 12683-12755 chatty                  pid-12683                            I  uid=10213(com.inforcegames.app3dmodelling) AudioTrack identical 2 lines
2022-12-25 21:17:01.504 12683-12755 AudioTrack              pid-12683                            V  obtainBuffer(192) returned 192 = 192 + 0 err 0
2022-12-25 21:17:01.508 12683-12755 AudioTrack              pid-12683                            V  obtainBuffer(192) returned 192 = 128 + 64 err 0
2022-12-25 21:17:01.508 12683-12755 AudioTrack              pid-12683                            V  obtainBuffer(64) returned 64 = 64 + 0 err 0
2022-12-25 21:17:01.512 12683-12755 AudioTrack              pid-12683                            V  obtainBuffer(192) returned 192 = 192 + 0 err 0
2022-12-25 21:17:01.544 12683-12755 chatty                  pid-12683                            I  uid=10213(com.inforcegames.app3dmodelling) AudioTrack identical 8 lines
2022-12-25 21:17:01.548 12683-12755 AudioTrack              pid-12683                            V  obtainBuffer(192) returned 192 = 192 + 0 err 0
2022-12-25 21:17:01.552 12683-12755 AudioTrack              pid-12683                            V  obtainBuffer(192) returned 192 = 64 + 128 err 0
2022-12-25 21:17:01.552 12683-12755 AudioTrack              pid-12683                            V  obtainBuffer(128) returned 128 = 128 + 0 err 0
2022-12-25 21:17:01.556 12683-12755 AudioTrack              pid-12683                            V  obtainBuffer(192) returned 192 = 192 + 0 err 0
2022-12-25 21:17:01.600 12683-12755 chatty                  pid-12683                            I  uid=10213(com.inforcegames.app3dmodelling) AudioTrack identical 11 lines
2022-12-25 21:17:01.605 12683-12755 AudioTrack              pid-12683                            V  obtainBuffer(192) returned 192 = 192 + 0 err 0
2022-12-25 21:17:01.607  1302-1462  ThermalEngine           pid-1302                             D  sensor_wait: msm_therm Wait done.
2022-12-25 21:17:01.608  1302-1462  ThermalEngine           pid-1302                             D  sensor_monitor: msm_therm Reading 40000 .
2022-12-25 21:17:01.608  1302-1462  ThermalEngine           pid-1302                             I  Sensor:msm_therm:40000 mC
2022-12-25 21:17:01.608 12683-12755 AudioTrack              pid-12683                            V  obtainBuffer(192) returned 192 = 192 + 0 err 0
2022-12-25 21:17:01.608  1302-1462  ThermalEngine           pid-1302                             D  update_active_thresh: msm_therm Active(1), Hi(1) 44000, Lo(0) -2147483648, desc(0) Interval(1) 1000
2022-12-25 21:17:01.608  1302-1462  ThermalEngine           pid-1302                             D  sensor_monitor: msm_therm Sensor wait.
2022-12-25 21:17:01.608  1302-1462  ThermalEngine           pid-1302                             D  sensor_wait: msm_therm Wait start. 1000ms
2022-12-25 21:17:01.612  1302-1463  ThermalEngine           pid-1302                             D  sensor_wait: quiet_therm Wait done.
2022-12-25 21:17:01.613 12683-12755 AudioTrack              pid-12683                            V  obtainBuffer(192) returned 192 = 192 + 0 err 0
2022-12-25 21:17:01.615  1302-1463  ThermalEngine           pid-1302                             D  sensor_monitor: quiet_therm Reading 38000 .
2022-12-25 21:17:01.615  1302-1463  ThermalEngine           pid-1302                             I  Sensor:quiet_therm:38000 mC
2022-12-25 21:17:01.615  1302-1463  ThermalEngine           pid-1302                             D  update_active_thresh: quiet_therm Active(1), Hi(1) 40000, Lo(0) -2147483648, desc(0) Interval(1) 1000
2022-12-25 21:17:01.615  1302-1463  ThermalEngine           pid-1302                             D  sensor_monitor: quiet_therm Sensor wait.
2022-12-25 21:17:01.615  1302-1463  ThermalEngine           pid-1302                             D  sensor_wait: quiet_therm Wait start. 1000ms
2022-12-25 21:17:01.617 12683-12755 AudioTrack              pid-12683                            V  obtainBuffer(192) returned 192 = 192 + 0 err 0
2022-12-25 21:17:01.628 12683-12755 chatty                  pid-12683                            I  uid=10213(com.inforcegames.app3dmodelling) AudioTrack identical 3 lines
2022-12-25 21:17:01.632 12683-12755 AudioTrack              pid-12683                            V  obtainBuffer(192) returned 192 = 192 + 0 err 0
2022-12-25 21:17:01.636 12683-12755 AudioTrack              pid-12683                            V  obtainBuffer(192) returned 192 = 128 + 64 err 0
2022-12-25 21:17:01.636 12683-12755 AudioTrack              pid-12683                            V  obtainBuffer(64) returned 64 = 64 + 0 err 0
2022-12-25 21:17:01.641 12683-12755 AudioTrack              pid-12683                            V  obtainBuffer(192) returned 192 = 192 + 0 err 0
2022-12-25 21:17:01.672 12683-12755 chatty                  pid-12683                            I  uid=10213(com.inforcegames.app3dmodelling) AudioTrack identical 8 lines
2022-12-25 21:17:01.676 12683-12755 AudioTrack              pid-12683                            V  obtainBuffer(192) returned 192 = 192 + 0 err 0
2022-12-25 21:17:01.680 12683-12755 AudioTrack              pid-12683                            V  obtainBuffer(192) returned 192 = 64 + 128 err 0
2022-12-25 21:17:01.680 12683-12755 AudioTrack              pid-12683                            V  obtainBuffer(128) returned 128 = 128 + 0 err 0
2022-12-25 21:17:01.684 12683-12755 AudioTrack              pid-12683                            V  obtainBuffer(192) returned 192 = 192 + 0 err 0
2022-12-25 21:17:01.757 12683-12755 chatty                  pid-12683                            I  uid=10213(com.inforcegames.app3dmodelling) AudioTrack identical 18 lines
2022-12-25 21:17:01.760 12683-12755 AudioTrack              pid-12683                            V  obtainBuffer(192) returned 192 = 192 + 0 err 0
2022-12-25 21:17:01.764 12683-12755 AudioTrack              pid-12683                            V  obtainBuffer(192) returned 192 = 128 + 64 err 0
2022-12-25 21:17:01.765 12683-12755 AudioTrack              pid-12683                            V  obtainBuffer(64) returned 64 = 64 + 0 err 0
2022-12-25 21:17:01.769 12683-12755 AudioTrack              pid-12683                            V  obtainBuffer(192) returned 192 = 192 + 0 err 0
2022-12-25 21:17:01.800 12683-12755 chatty                  pid-12683                            I  uid=10213(com.inforcegames.app3dmodelling) AudioTrack identical 8 lines
2022-12-25 21:17:01.805 12683-12755 AudioTrack              pid-12683                            V  obtainBuffer(192) returned 192 = 192 + 0 err 0
2022-12-25 21:17:01.808 12683-12755 AudioTrack              pid-12683                            V  obtainBuffer(192) returned 192 = 64 + 128 err 0
2022-12-25 21:17:01.808 12683-12755 AudioTrack              pid-12683                            V  obtainBuffer(128) returned 128 = 128 + 0 err 0
2022-12-25 21:17:01.813 12683-12755 AudioTrack              pid-12683                            V  obtainBuffer(192) returned 192 = 192 + 0 err 0
2022-12-25 21:17:01.872 12683-12755 chatty                  pid-12683                            I  uid=10213(com.inforcegames.app3dmodelling) AudioTrack identical 15 lines
2022-12-25 21:17:01.877 12683-12755 AudioTrack              pid-12683                            V  obtainBuffer(192) returned 192 = 192 + 0 err 0
2022-12-25 21:17:01.879   688-4296  audio_hw_spkr_prot      pid-688                              D  audio_extn_fbsp_get_parameters: Speaker protection disabled
2022-12-25 21:17:01.879   688-4296  audio_hw_extn           pid-688                              D  audio_extn_get_parameters: returns 
2022-12-25 21:17:01.879   743-8567  hash_map_utils          pid-743                              I  key: 'hifi_mode' value: ''
2022-12-25 21:17:01.881 12683-12755 AudioTrack              pid-12683                            V  obtainBuffer(192) returned 192 = 192 + 0 err 0
2022-12-25 21:17:01.882 12683-18131 AudioManager            pid-12683                            D  getStreamVolume isRestricted mode = 0
2022-12-25 21:17:01.884 12683-12755 AudioTrack              pid-12683                            V  obtainBuffer(192) returned 192 = 192 + 0 err 0
2022-12-25 21:17:01.888   688-4296  audio_hw_spkr_prot      pid-688                              D  audio_extn_fbsp_get_parameters: Speaker protection disabled
2022-12-25 21:17:01.888   688-4296  audio_hw_extn           pid-688                              D  audio_extn_get_parameters: returns 
2022-12-25 21:17:01.888 12683-12755 AudioTrack              pid-12683                            V  obtainBuffer(192) returned 192 = 192 + 0 err 0
2022-12-25 21:17:01.890   743-8567  hash_map_utils          pid-743                              I  key: 'hifi_mode' value: ''
2022-12-25 21:17:01.892 12683-12755 AudioTrack              pid-12683                            V  obtainBuffer(192) returned 192 = 128 + 64 err 0
2022-12-25 21:17:01.892 12683-12755 AudioTrack              pid-12683                            V  obtainBuffer(64) returned 64 = 64 + 0 err 0
2022-12-25 21:17:01.897 12683-12755 AudioTrack              pid-12683                            V  obtainBuffer(192) returned 192 = 192 + 0 err 0
2022-12-25 21:17:01.928 12683-12755 chatty                  pid-12683                            I  uid=10213(com.inforcegames.app3dmodelling) AudioTrack identical 8 lines
2022-12-25 21:17:01.932 12683-12755 AudioTrack              pid-12683                            V  obtainBuffer(192) returned 192 = 192 + 0 err 0
2022-12-25 21:17:01.937 12683-12755 AudioTrack              pid-12683                            V  obtainBuffer(192) returned 192 = 64 + 128 err 0
2022-12-25 21:17:01.937 12683-12755 AudioTrack              pid-12683                            V  obtainBuffer(128) returned 128 = 128 + 0 err 0
2022-12-25 21:17:01.940 12683-12755 AudioTrack              pid-12683                            V  obtainBuffer(192) returned 192 = 192 + 0 err 0
2022-12-25 21:17:02.012 12683-12755 chatty                  pid-12683                            I  uid=10213(com.inforcegames.app3dmodelling) AudioTrack identical 18 lines
2022-12-25 21:17:02.016 12683-12755 AudioTrack              pid-12683                            V  obtainBuffer(192) returned 192 = 192 + 0 err 0
2022-12-25 21:17:02.020 12683-12755 AudioTrack              pid-12683                            V  obtainBuffer(192) returned 192 = 128 + 64 err 0
2022-12-25 21:17:02.020 12683-12755 AudioTrack              pid-12683                            V  obtainBuffer(64) returned 64 = 64 + 0 err 0
2022-12-25 21:17:02.024 12683-12755 AudioTrack              pid-12683                            V  obtainBuffer(192) returned 192 = 192 + 0 err 0
2022-12-25 21:17:02.056 12683-12755 chatty                  pid-12683                            I  uid=10213(com.inforcegames.app3dmodelling) AudioTrack identical 8 lines
2022-12-25 21:17:02.061 12683-12755 AudioTrack              pid-12683                            V  obtainBuffer(192) returned 192 = 192 + 0 err 0
2022-12-25 21:17:02.064 12683-12755 AudioTrack              pid-12683                            V  obtainBuffer(192) returned 192 = 64 + 128 err 0
2022-12-25 21:17:02.065 12683-12755 AudioTrack              pid-12683                            V  obtainBuffer(128) returned 128 = 128 + 0 err 0