2022-12-26 10:43:34.790  2280-4370  LocSvc_HID...iption_jni pid-2280                             V  Exit Result 0
2022-12-26 10:43:34.790  3526-4111  PowerCheckerService     pid-3526                             D  onBatteryChanged, mBatteryLevel = 42, status = 2, level = 42, plug = 1, scale = 100
2022-12-26 10:43:34.791 22803-22913 AudioTrack              pid-22803                            V  obtainBuffer(192) returned 192 = 192 + 0 err 0
2022-12-26 10:43:34.792 13316-13316 KeyguardUpdateMonitor   pid-13316                            D  received broadcast android.intent.action.BATTERY_CHANGED
2022-12-26 10:43:34.795 22803-22913 AudioTrack              pid-22803                            V  obtainBuffer(192) returned 192 = 192 + 0 err 0
2022-12-26 10:43:34.800 22803-22913 AudioTrack              pid-22803                            V  obtainBuffer(192) returned 192 = 64 + 128 err 0
2022-12-26 10:43:34.800 22803-22913 AudioTrack              pid-22803                            V  obtainBuffer(128) returned 128 = 128 + 0 err 0
2022-12-26 10:43:34.801 10811-10811 BatteryInfoReceiver     pid-10811                            I  ACTION_BATTERY_CHANGED
2022-12-26 10:43:34.803 10811-10811 PowerNoticeUI           pid-10811                            I  handleBatteryChanged oldPlugType 1 mPlugType 1 oldBatteryLevel 42 mBatteryLevel 42 temperature 330
2022-12-26 10:43:34.804 22803-22913 AudioTrack              pid-22803                            V  obtainBuffer(192) returned 192 = 192 + 0 err 0
2022-12-26 10:43:34.875 22803-22913 chatty                  pid-22803                            I  uid=10213(com.inforcegames.app3dmodelling) AudioTrack identical 18 lines
2022-12-26 10:43:34.880 22803-22913 AudioTrack              pid-22803                            V  obtainBuffer(192) returned 192 = 192 + 0 err 0
2022-12-26 10:43:34.884 22803-22913 AudioTrack              pid-22803                            V  obtainBuffer(192) returned 192 = 128 + 64 err 0
2022-12-26 10:43:34.884 22803-22913 AudioTrack              pid-22803                            V  obtainBuffer(64) returned 64 = 64 + 0 err 0
2022-12-26 10:43:34.889 22803-22913 AudioTrack              pid-22803                            V  obtainBuffer(192) returned 192 = 192 + 0 err 0
2022-12-26 10:43:34.920 22803-22913 chatty                  pid-22803                            I  uid=10213(com.inforcegames.app3dmodelling) AudioTrack identical 8 lines
2022-12-26 10:43:34.924 22803-22913 AudioTrack              pid-22803                            V  obtainBuffer(192) returned 192 = 192 + 0 err 0
2022-12-26 10:43:34.927 22803-22913 AudioTrack              pid-22803                            V  obtainBuffer(192) returned 192 = 64 + 128 err 0
2022-12-26 10:43:34.927 22803-22913 AudioTrack              pid-22803                            V  obtainBuffer(128) returned 128 = 128 + 0 err 0
2022-12-26 10:43:34.931 22803-22913 AudioTrack              pid-22803                            V  obtainBuffer(192) returned 192 = 192 + 0 err 0
2022-12-26 10:43:35.003 22803-22913 chatty                  pid-22803                            I  uid=10213(com.inforcegames.app3dmodelling) AudioTrack identical 18 lines
2022-12-26 10:43:35.008 22803-22913 AudioTrack              pid-22803                            V  obtainBuffer(192) returned 192 = 192 + 0 err 0
2022-12-26 10:43:35.012 22803-22913 AudioTrack              pid-22803                            V  obtainBuffer(192) returned 192 = 128 + 64 err 0
2022-12-26 10:43:35.012 22803-22913 AudioTrack              pid-22803                            V  obtainBuffer(64) returned 64 = 64 + 0 err 0
2022-12-26 10:43:35.016 22803-22913 AudioTrack              pid-22803                            V  obtainBuffer(192) returned 192 = 192 + 0 err 0
2022-12-26 10:43:35.048 22803-22913 chatty                  pid-22803                            I  uid=10213(com.inforcegames.app3dmodelling) AudioTrack identical 8 lines
2022-12-26 10:43:35.052 22803-22913 AudioTrack              pid-22803                            V  obtainBuffer(192) returned 192 = 192 + 0 err 0
2022-12-26 10:43:35.055 22803-22913 AudioTrack              pid-22803                            V  obtainBuffer(192) returned 192 = 64 + 128 err 0
2022-12-26 10:43:35.056 22803-22913 AudioTrack              pid-22803                            V  obtainBuffer(128) returned 128 = 128 + 0 err 0
2022-12-26 10:43:35.060 22803-22913 AudioTrack              pid-22803                            V  obtainBuffer(192) returned 192 = 192 + 0 err 0
2022-12-26 10:43:35.132 22803-22913 chatty                  pid-22803                            I  uid=10213(com.inforcegames.app3dmodelling) AudioTrack identical 18 lines
2022-12-26 10:43:35.136 22803-22913 AudioTrack              pid-22803                            V  obtainBuffer(192) returned 192 = 192 + 0 err 0
2022-12-26 10:43:35.140 22803-22913 AudioTrack              pid-22803                            V  obtainBuffer(192) returned 192 = 128 + 64 err 0
2022-12-26 10:43:35.140 22803-22913 AudioTrack              pid-22803                            V  obtainBuffer(64) returned 64 = 64 + 0 err 0
2022-12-26 10:43:35.144 22803-22913 AudioTrack              pid-22803                            V  obtainBuffer(192) returned 192 = 192 + 0 err 0
2022-12-26 10:43:35.163 22803-22913 chatty                  pid-22803                            I  uid=10213(com.inforcegames.app3dmodelling) AudioTrack identical 5 lines
2022-12-26 10:43:35.168 22803-22913 AudioTrack              pid-22803                            V  obtainBuffer(192) returned 192 = 192 + 0 err 0
2022-12-26 10:43:35.172   688-944   audio_hw_spkr_prot      pid-688                              D  audio_extn_fbsp_get_parameters: Speaker protection disabled
2022-12-26 10:43:35.172   688-944   audio_hw_extn           pid-688                              D  audio_extn_get_parameters: returns 
2022-12-26 10:43:35.172   743-18565 hash_map_utils          pid-743                              I  key: 'hifi_mode' value: ''
2022-12-26 10:43:35.172 22803-22913 AudioTrack              pid-22803                            V  obtainBuffer(192) returned 192 = 192 + 0 err 0
2022-12-26 10:43:35.173 13316-13316 SignalClusterView       pid-13316                            D  updateMobileTypeImage  0
2022-12-26 10:43:35.174 13316-13316 chatty                  pid-13316                            I  uid=1000(system) com.android.systemui identical 1 line
2022-12-26 10:43:35.174 13316-13316 SignalClusterView       pid-13316                            D  updateMobileTypeImage  0
2022-12-26 10:43:35.175 22803-24497 AudioManager            pid-22803                            D  getStreamVolume isRestricted mode = 0
2022-12-26 10:43:35.176 22803-22913 AudioTrack              pid-22803                            V  obtainBuffer(192) returned 192 = 192 + 0 err 0
2022-12-26 10:43:35.179 22803-22913 AudioTrack              pid-22803                            V  obtainBuffer(192) returned 192 = 192 + 0 err 0
2022-12-26 10:43:35.182   688-944   audio_hw_spkr_prot      pid-688                              D  audio_extn_fbsp_get_parameters: Speaker protection disabled
2022-12-26 10:43:35.182   688-944   audio_hw_extn           pid-688                              D  audio_extn_get_parameters: returns 
2022-12-26 10:43:35.184 22803-22913 AudioTrack              pid-22803                            V  obtainBuffer(192) returned 192 = 64 + 128 err 0
2022-12-26 10:43:35.184   743-18565 hash_map_utils          pid-743                              I  key: 'hifi_mode' value: ''
2022-12-26 10:43:35.184 22803-22913 AudioTrack              pid-22803                            V  obtainBuffer(128) returned 128 = 128 + 0 err 0
2022-12-26 10:43:35.188 22803-22913 AudioTrack              pid-22803                            V  obtainBuffer(192) returned 192 = 192 + 0 err 0
2022-12-26 10:43:35.255  2280-2290  WindowManager           pid-2280                             I  input method visible height changed 831
2022-12-26 10:43:35.251 22803-22913 chatty                  pid-22803                            I  uid=10213(com.inforcegames.app3dmodelling) AudioTrack identical 16 lines
2022-12-26 10:43:35.255 22803-22913 AudioTrack              pid-22803                            V  obtainBuffer(192) returned 192 = 192 + 0 err 0
2022-12-26 10:43:35.259 22803-22803 IInputConnectionWrapper pid-22803                            W  getTextBeforeCursor on inactive InputConnection
2022-12-26 10:43:35.259 22803-22913 AudioTrack              pid-22803                            V  obtainBuffer(192) returned 192 = 192 + 0 err 0
2022-12-26 10:43:35.263 22803-22913 AudioTrack              pid-22803                            V  obtainBuffer(192) returned 192 = 192 + 0 err 0
2022-12-26 10:43:35.268 22803-22913 AudioTrack              pid-22803                            V  obtainBuffer(192) returned 192 = 128 + 64 err 0
2022-12-26 10:43:35.268 22803-22913 AudioTrack              pid-22803                            V  obtainBuffer(64) returned 64 = 64 + 0 err 0
2022-12-26 10:43:35.271 22803-22913 AudioTrack              pid-22803                            V  obtainBuffer(192) returned 192 = 192 + 0 err 0
2022-12-26 10:43:35.273 22803-22803 IInputConnectionWrapper pid-22803                            W  getTextAfterCursor on inactive InputConnection
2022-12-26 10:43:35.274 22803-22803 IInputConnectionWrapper pid-22803                            W  getSelectedText on inactive InputConnection
2022-12-26 10:43:35.275 22803-22913 AudioTrack              pid-22803                            V  obtainBuffer(192) returned 192 = 192 + 0 err 0
2022-12-26 10:43:35.277 24985-24985 GoogleInpu...hodService pid-24985                            I  GoogleInputMethodService.onFinishInputView():2241 
2022-12-26 10:43:35.280 22803-22913 AudioTrack              pid-22803                            V  obtainBuffer(192) returned 192 = 192 + 0 err 0
2022-12-26 10:43:35.283 22803-22913 chatty                  pid-22803                            I  uid=10213(com.inforcegames.app3dmodelling) AudioTrack identical 1 line
2022-12-26 10:43:35.287 22803-22913 AudioTrack              pid-22803                            V  obtainBuffer(192) returned 192 = 192 + 0 err 0
2022-12-26 10:43:35.292 24985-24985 KeyboardWrapper         pid-24985                            I  KeyboardWrapper.consumeEvent():275 Skip consuming an event as current keyboard is deactivated (state=0, keyboard existence=true)
2022-12-26 10:43:35.292 22803-22913 AudioTrack              pid-22803                            V  obtainBuffer(192) returned 192 = 192 + 0 err 0
2022-12-26 10:43:35.292 24985-24985 VoiceInput...gerWrapper pid-24985                            I  VoiceInputManagerWrapper.shutdown():77 shutdown()
2022-12-26 10:43:35.296 22803-22913 AudioTrack              pid-22803                            V  obtainBuffer(192) returned 192 = 192 + 0 err 0
2022-12-26 10:43:35.297 24985-24985 AndroidIME              pid-24985                            I  AbstractIme.onDeactivate():207 LatinIme.onDeactivate()
2022-12-26 10:43:35.298 24985-25019 native                  pid-24985                            E  E0000 00:00:1672047815.298125   25019 input_actions_processor_jni.cc:125] Fail to process input actions request:No processor registered
2022-12-26 10:43:35.300 22803-22913 AudioTrack              pid-22803                            V  obtainBuffer(192) returned 192 = 192 + 0 err 0
2022-12-26 10:43:35.303 22803-22913 AudioTrack              pid-22803                            V  obtainBuffer(192) returned 192 = 192 + 0 err 0
2022-12-26 10:43:35.304 24985-24985 GoogleInpu...hodService pid-24985                            I  GoogleInputMethodService.onFinishInput():3227 
2022-12-26 10:43:35.305 24985-24985 GoogleInpu...hodService pid-24985                            I  GoogleInputMethodService.updateDeviceLockedStatus():2087 repeatCheckTimes = 0, unlocked = true
2022-12-26 10:43:35.305 24985-24985 GoogleInpu...hodService pid-24985                            I  GoogleInputMethodService.onStartInput():1877 onStartInput(EditorInfo{inputType=0x0(NULL) imeOptions=0x0 privateImeOptions=null actionName=UNSPECIFIED actionLabel=null actionId=0 initialSelStart=-1 initialSelEnd=-1 initialCapsMode=0x0 hintText=null label=null packageName=com.inforcegames.app3dmodelling fieldId=2131165376 fieldName=null extras=null}, false)
2022-12-26 10:43:35.305 24985-24985 GoogleInpu...hodService pid-24985                            I  GoogleInputMethodService.shouldHideHeaderOnInitialState():4008 ShouldHideHeaderOnInitialState = false
2022-12-26 10:43:35.306 24985-24985 GoogleInpu...hodService pid-24985                            I  GoogleInputMethodService.updateDeviceLockedStatus():2087 repeatCheckTimes = 2, unlocked = true
2022-12-26 10:43:35.307 22803-22913 AudioTrack              pid-22803                            V  obtainBuffer(192) returned 192 = 192 + 0 err 0
2022-12-26 10:43:35.311 22803-22913 AudioTrack              pid-22803                            V  obtainBuffer(192) returned 192 = 64 + 128 err 0
2022-12-26 10:43:35.311 22803-22913 AudioTrack              pid-22803                            V  obtainBuffer(128) returned 128 = 128 + 0 err 0
2022-12-26 10:43:35.315 22803-22913 AudioTrack              pid-22803                            V  obtainBuffer(192) returned 192 = 192 + 0 err 0
2022-12-26 10:43:35.328  2280-2290  WindowManager           pid-2280                             I  input method visible height changed 0
2022-12-26 10:43:35.323 22803-22913 chatty                  pid-22803                            I  uid=10213(com.inforcegames.app3dmodelling) AudioTrack identical 2 lines
2022-12-26 10:43:35.327 22803-22913 AudioTrack              pid-22803                            V  obtainBuffer(192) returned 192 = 192 + 0 err 0
2022-12-26 10:43:35.330 13316-13316 StatusBar               pid-13316                            D  disable<e i a s b h r c s > disable2<q i n g r >
2022-12-26 10:43:35.331 13316-13316 PhoneStatu...ionBarView pid-13316                            D  setDisabledFlags back:false home:false recent:false
2022-12-26 10:43:35.331 22803-22913 AudioTrack              pid-22803                            V  obtainBuffer(192) returned 192 = 192 + 0 err 0
2022-12-26 10:43:35.331 13316-13316 StatusBarClock          pid-13316                            D   isNormalMode= true clock visible=true
2022-12-26 10:43:35.335 22803-22913 AudioTrack              pid-22803                            V  obtainBuffer(192) returned 192 = 192 + 0 err 0
2022-12-26 10:43:35.343 22803-22913 chatty                  pid-22803                            I  uid=10213(com.inforcegames.app3dmodelling) AudioTrack identical 2 lines
2022-12-26 10:43:35.347 22803-22913 AudioTrack              pid-22803                            V  obtainBuffer(192) returned 192 = 192 + 0 err 0
2022-12-26 10:43:35.347 13316-13316 PhoneStatu...ionBarView pid-13316                            D  onDraw
2022-12-26 10:43:35.351 22803-22913 AudioTrack              pid-22803                            V  obtainBuffer(192) returned 192 = 192 + 0 err 0
2022-12-26 10:43:35.355 22803-22913 AudioTrack              pid-22803                            V  obtainBuffer(192) returned 192 = 192 + 0 err 0
2022-12-26 10:43:35.357   688-944   audio_hw_spkr_prot      pid-688                              D  audio_extn_fbsp_get_parameters: Speaker protection disabled
2022-12-26 10:43:35.357   688-944   audio_hw_extn           pid-688                              D  audio_extn_get_parameters: returns 
2022-12-26 10:43:35.357   743-18565 hash_map_utils          pid-743                              I  key: 'hifi_mode' value: ''
2022-12-26 10:43:35.360 22803-29357 AudioManager            pid-22803                            D  getStreamVolume isRestricted mode = 0
2022-12-26 10:43:35.361 22803-22913 AudioTrack              pid-22803                            V  obtainBuffer(192) returned 192 = 192 + 0 err 0
2022-12-26 10:43:35.363 22803-22913 chatty                  pid-22803                            I  uid=10213(com.inforcegames.app3dmodelling) AudioTrack identical 1 line
2022-12-26 10:43:35.367 22803-22913 AudioTrack              pid-22803                            V  obtainBuffer(192) returned 192 = 192 + 0 err 0
2022-12-26 10:43:35.369   688-944   audio_hw_spkr_prot      pid-688                              D  audio_extn_fbsp_get_parameters: Speaker protection disabled
2022-12-26 10:43:35.369   688-944   audio_hw_extn           pid-688                              D  audio_extn_get_parameters: returns 
2022-12-26 10:43:35.369   743-18565 hash_map_utils          pid-743                              I  key: 'hifi_mode' value: ''
2022-12-26 10:43:35.372 22803-22913 AudioTrack              pid-22803                            V  obtainBuffer(192) returned 192 = 192 + 0 err 0
2022-12-26 10:43:35.375 22803-22913 chatty                  pid-22803                            I  uid=10213(com.inforcegames.app3dmodelling) AudioTrack identical 1 line
2022-12-26 10:43:35.379 22803-22913 AudioTrack              pid-22803                            V  obtainBuffer(192) returned 192 = 192 + 0 err 0
2022-12-26 10:43:35.382   688-944   audio_hw_spkr_prot      pid-688                              D  audio_extn_fbsp_get_parameters: Speaker protection disabled
2022-12-26 10:43:35.382   688-944   audio_hw_extn           pid-688                              D  audio_extn_get_parameters: returns 
2022-12-26 10:43:35.383   743-18565 hash_map_utils          pid-743                              I  key: 'hifi_mode' value: ''
2022-12-26 10:43:35.383 22803-22913 AudioTrack              pid-22803                            V  obtainBuffer(192) returned 192 = 192 + 0 err 0
2022-12-26 10:43:35.386 22803-29356 AudioManager            pid-22803                            D  getStreamVolume isRestricted mode = 0
2022-12-26 10:43:35.387 22803-22913 AudioTrack              pid-22803                            V  obtainBuffer(192) returned 192 = 192 + 0 err 0
2022-12-26 10:43:35.388   688-2399  audio_hw_spkr_prot      pid-688                              D  audio_extn_fbsp_get_parameters: Speaker protection disabled
2022-12-26 10:43:35.388   688-2399  audio_hw_extn           pid-688                              D  audio_extn_get_parameters: returns 
2022-12-26 10:43:35.388   743-18565 hash_map_utils          pid-743                              I  key: 'hifi_mode' value: ''
2022-12-26 10:43:35.391 22803-22913 AudioTrack              pid-22803                            V  obtainBuffer(192) returned 192 = 192 + 0 err 0
2022-12-26 10:43:35.395 22803-22913 AudioTrack              pid-22803                            V  obtainBuffer(192) returned 192 = 128 + 64 err 0
2022-12-26 10:43:35.395 22803-22913 AudioTrack              pid-22803                            V  obtainBuffer(64) returned 64 = 64 + 0 err 0
2022-12-26 10:43:35.399 22803-22913 AudioTrack              pid-22803                            V  obtainBuffer(192) returned 192 = 192 + 0 err 0
2022-12-26 10:43:35.411 22803-22913 chatty                  pid-22803                            I  uid=10213(com.inforcegames.app3dmodelling) AudioTrack identical 3 lines
2022-12-26 10:43:35.415 22803-22913 AudioTrack              pid-22803                            V  obtainBuffer(192) returned 192 = 192 + 0 err 0
2022-12-26 10:43:35.419   745-983   SurfaceFlinger          pid-745                              W  Attempting to set client state on removed layer: com.inforcegames.app3dmodelling/com.unity3d.player.UnityPlayerActivity#1
2022-12-26 10:43:35.419   745-983   SurfaceFlinger          pid-745                              W  Attempting to destroy on removed layer: com.inforcegames.app3dmodelling/com.unity3d.player.UnityPlayerActivity#1
2022-12-26 10:43:35.419 22803-22913 AudioTrack              pid-22803                            V  obtainBuffer(192) returned 192 = 192 + 0 err 0
2022-12-26 10:43:35.431 22803-22913 chatty                  pid-22803                            I  uid=10213(com.inforcegames.app3dmodelling) AudioTrack identical 3 lines
2022-12-26 10:43:35.435 22803-22913 AudioTrack              pid-22803                            V  obtainBuffer(192) returned 192 = 192 + 0 err 0
2022-12-26 10:43:35.439 22803-22913 AudioTrack              pid-22803                            V  obtainBuffer(192) returned 192 = 64 + 128 err 0
2022-12-26 10:43:35.439 22803-22913 AudioTrack              pid-22803                            V  obtainBuffer(128) returned 128 = 128 + 0 err 0
2022-12-26 10:43:35.443 22803-22913 AudioTrack              pid-22803                            V  obtainBuffer(192) returned 192 = 192 + 0 err 0
2022-12-26 10:43:35.515 22803-22913 chatty                  pid-22803                            I  uid=10213(com.inforcegames.app3dmodelling) AudioTrack identical 18 lines
2022-12-26 10:43:35.520 22803-22913 AudioTrack              pid-22803                            V  obtainBuffer(192) returned 192 = 192 + 0 err 0
2022-12-26 10:43:35.524 22803-22913 AudioTrack              pid-22803                            V  obtainBuffer(192) returned 192 = 128 + 64 err 0
2022-12-26 10:43:35.524 22803-22913 AudioTrack              pid-22803                            V  obtainBuffer(64) returned 64 = 64 + 0 err 0
2022-12-26 10:43:35.528 22803-22913 AudioTrack              pid-22803                            V  obtainBuffer(192) returned 192 = 192 + 0 err 0
2022-12-26 10:43:35.559 22803-22913 chatty                  pid-22803                            I  uid=10213(com.inforcegames.app3dmodelling) AudioTrack identical 8 lines
2022-12-26 10:43:35.563 22803-22913 AudioTrack              pid-22803                            V  obtainBuffer(192) returned 192 = 192 + 0 err 0
2022-12-26 10:43:35.568 22803-22913 AudioTrack              pid-22803                            V  obtainBuffer(192) returned 192 = 64 + 128 err 0
2022-12-26 10:43:35.568 22803-22913 AudioTrack              pid-22803                            V  obtainBuffer(128) returned 128 = 128 + 0 err 0
2022-12-26 10:43:35.572 22803-22913 AudioTrack              pid-22803                            V  obtainBuffer(192) returned 192 = 192 + 0 err 0
2022-12-26 10:43:35.579 22803-22913 chatty                  pid-22803                            I  uid=10213(com.inforcegames.app3dmodelling) AudioTrack identical 2 lines
2022-12-26 10:43:35.584 22803-22913 AudioTrack              pid-22803                            V  obtainBuffer(192) returned 192 = 192 + 0 err 0
2022-12-26 10:43:35.584  1302-1463  ThermalEngine           pid-1302                             D  sensor_wait: quiet_therm Wait done.
2022-12-26 10:43:35.587  1302-1463  ThermalEngine           pid-1302                             D  sensor_monitor: quiet_therm Reading 35000 .
2022-12-26 10:43:35.587  1302-1463  ThermalEngine           pid-1302                             I  Sensor:quiet_therm:35000 mC
2022-12-26 10:43:35.587  1302-1463  ThermalEngine           pid-1302                             D  update_active_thresh: quiet_therm Active(1), Hi(1) 40000, Lo(0) -2147483648, desc(0) Interval(1) 1000
2022-12-26 10:43:35.587  1302-1463  ThermalEngine           pid-1302                             D  sensor_monitor: quiet_therm Sensor wait.
2022-12-26 10:43:35.587  1302-1463  ThermalEngine           pid-1302                             D  sensor_wait: quiet_therm Wait start. 1000ms
2022-12-26 10:43:35.588 22803-22913 AudioTrack              pid-22803                            V  obtainBuffer(192) returned 192 = 192 + 0 err 0
2022-12-26 10:43:35.591 22803-22913 chatty                  pid-22803                            I  uid=10213(com.inforcegames.app3dmodelling) AudioTrack identical 1 line
2022-12-26 10:43:35.596 22803-22913 AudioTrack              pid-22803                            V  obtainBuffer(192) returned 192 = 192 + 0 err 0
2022-12-26 10:43:35.599  1302-1462  ThermalEngine           pid-1302                             D  sensor_wait: msm_therm Wait done.
2022-12-26 10:43:35.599 22803-22913 AudioTrack              pid-22803                            V  obtainBuffer(192) returned 192 = 192 + 0 err 0
2022-12-26 10:43:35.600  1302-1462  ThermalEngine           pid-1302                             D  sensor_monitor: msm_therm Reading 37000 .
2022-12-26 10:43:35.600  1302-1462  ThermalEngine           pid-1302                             I  Sensor:msm_therm:37000 mC
2022-12-26 10:43:35.600  1302-1462  ThermalEngine           pid-1302                             D  update_active_thresh: msm_therm Active(1), Hi(1) 44000, Lo(0) -2147483648, desc(0) Interval(1) 1000
2022-12-26 10:43:35.600  1302-1462  ThermalEngine           pid-1302                             D  sensor_monitor: msm_therm Sensor wait.
2022-12-26 10:43:35.600  1302-1462  ThermalEngine           pid-1302                             D  sensor_wait: msm_therm Wait start. 1000ms
2022-12-26 10:43:35.604 22803-22913 AudioTrack              pid-22803                            V  obtainBuffer(192) returned 192 = 192 + 0 err 0
2022-12-26 10:43:35.643 22803-22913 chatty                  pid-22803                            I  uid=10213(com.inforcegames.app3dmodelling) AudioTrack identical 10 lines
2022-12-26 10:43:35.647 22803-22913 AudioTrack              pid-22803                            V  obtainBuffer(192) returned 192 = 192 + 0 err 0
2022-12-26 10:43:35.651 22803-22913 AudioTrack              pid-22803                            V  obtainBuffer(192) returned 192 = 128 + 64 err 0
2022-12-26 10:43:35.651 22803-22913 AudioTrack              pid-22803                            V  obtainBuffer(64) returned 64 = 64 + 0 err 0
2022-12-26 10:43:35.656 22803-22913 AudioTrack              pid-22803                            V  obtainBuffer(192) returned 192 = 192 + 0 err 0
2022-12-26 10:43:35.689 22803-22913 chatty                  pid-22803                            I  uid=10213(com.inforcegames.app3dmodelling) AudioTrack identical 8 lines
2022-12-26 10:43:35.692 22803-22913 AudioTrack              pid-22803                            V  obtainBuffer(192) returned 192 = 192 + 0 err 0
2022-12-26 10:43:35.696 22803-22913 AudioTrack              pid-22803                            V  obtainBuffer(192) returned 192 = 64 + 128 err 0
2022-12-26 10:43:35.696 22803-22913 AudioTrack              pid-22803                            V  obtainBuffer(128) returned 128 = 128 + 0 err 0
2022-12-26 10:43:35.699 22803-22913 AudioTrack              pid-22803                            V  obtainBuffer(192) returned 192 = 192 + 0 err 0
2022-12-26 10:43:35.773 22803-22913 chatty                  pid-22803                            I  uid=10213(com.inforcegames.app3dmodelling) AudioTrack identical 18 lines
2022-12-26 10:43:35.775 22803-22913 AudioTrack              pid-22803                            V  obtainBuffer(192) returned 192 = 192 + 0 err 0
2022-12-26 10:43:35.779 22803-22913 AudioTrack              pid-22803                            V  obtainBuffer(192) returned 192 = 128 + 64 err 0
2022-12-26 10:43:35.779 22803-22913 AudioTrack              pid-22803                            V  obtainBuffer(64) returned 64 = 64 + 0 err 0
2022-12-26 10:43:35.784 22803-22913 AudioTrack              pid-22803                            V  obtainBuffer(192) returned 192 = 192 + 0 err 0
2022-12-26 10:43:35.816 22803-22913 chatty                  pid-22803                            I  uid=10213(com.inforcegames.app3dmodelling) AudioTrack identical 8 lines
2022-12-26 10:43:35.820 22803-22913 AudioTrack              pid-22803                            V  obtainBuffer(192) returned 192 = 192 + 0 err 0
2022-12-26 10:43:35.824 22803-22913 AudioTrack              pid-22803                            V  obtainBuffer(192) returned 192 = 64 + 128 err 0
2022-12-26 10:43:35.824 22803-22913 AudioTrack              pid-22803                            V  obtainBuffer(128) returned 128 = 128 + 0 err 0
2022-12-26 10:43:35.827 22803-22913 AudioTrack              pid-22803                            V  obtainBuffer(192) returned 192 = 192 + 0 err 0
2022-12-26 10:43:35.899 22803-22913 chatty                  pid-22803                            I  uid=10213(com.inforcegames.app3dmodelling) AudioTrack identical 18 lines
2022-12-26 10:43:35.904 22803-22913 AudioTrack              pid-22803                            V  obtainBuffer(192) returned 192 = 192 + 0 err 0
2022-12-26 10:43:35.907 22803-22913 AudioTrack              pid-22803                            V  obtainBuffer(192) returned 192 = 128 + 64 err 0
2022-12-26 10:43:35.907 22803-22913 AudioTrack              pid-22803                            V  obtainBuffer(64) returned 64 = 64 + 0 err 0
2022-12-26 10:43:35.911 22803-22913 AudioTrack              pid-22803                            V  obtainBuffer(192) returned 192 = 192 + 0 err 0
2022-12-26 10:43:35.943 22803-22913 chatty                  pid-22803                            I  uid=10213(com.inforcegames.app3dmodelling) AudioTrack identical 8 lines
2022-12-26 10:43:35.947 22803-22913 AudioTrack              pid-22803                            V  obtainBuffer(192) returned 192 = 192 + 0 err 0
2022-12-26 10:43:35.951 22803-22913 AudioTrack              pid-22803                            V  obtainBuffer(192) returned 192 = 64 + 128 err 0
2022-12-26 10:43:35.951 22803-22913 AudioTrack              pid-22803                            V  obtainBuffer(128) returned 128 = 128 + 0 err 0
2022-12-26 10:43:35.955 22803-22913 AudioTrack              pid-22803                            V  obtainBuffer(192) returned 192 = 192 + 0 err 0
2022-12-26 10:43:36.007 22803-22913 chatty                  pid-22803                            I  uid=10213(com.inforcegames.app3dmodelling) AudioTrack identical 13 lines
2022-12-26 10:43:36.011 22803-22913 AudioTrack              pid-22803                            V  obtainBuffer(192) returned 192 = 192 + 0 err 0
2022-12-26 10:43:36.013  1302-1457  ThermalEngine           pid-1302                             D  sensor_wait: backlight_therm Wait done.
2022-12-26 10:43:36.014  1302-1457  ThermalEngine           pid-1302                             D  sensor_monitor: backlight_therm Reading 32000 .
2022-12-26 10:43:36.014  1302-1457  ThermalEngine           pid-1302                             I  Sensor:backlight_therm:32000 mC
2022-12-26 10:43:36.015  1302-1457  ThermalEngine           pid-1302                             D  update_active_thresh: backlight_therm Active(1), Hi(1) 45000, Lo(0) -2147483648, desc(0) Interval(1) 2000
2022-12-26 10:43:36.015  1302-1457  ThermalEngine           pid-1302                             D  sensor_monitor: backlight_therm Sensor wait.
2022-12-26 10:43:36.015  1302-1457  ThermalEngine           pid-1302                             D  sensor_wait: backlight_therm Wait start. 2000ms
2022-12-26 10:43:36.015 22803-22913 AudioTrack              pid-22803                            V  obtainBuffer(192) returned 192 = 192 + 0 err 0
2022-12-26 10:43:36.019 13316-13371 MobileSignalController  pid-13316                            D  onSignalStrengthsChanged: SignalStrength: 99 0 -120 -160 -120 -160 -1 21 -100 -10 182 2147483647 0 2147483647 99 255 2147483647 gsm|lte use_rsrp_and_rssnr_for_lte_level  [-120, -115, -110, -105, -97] [-115, -105, -95, -85]
2022-12-26 10:43:36.019 13316-13371 NetworkCon...troller(1) pid-13316                            D  4G level = 4
2022-12-26 10:43:36.020 22803-22913 AudioTrack              pid-22803                            V  obtainBuffer(192) returned 192 = 192 + 0 err 0
2022-12-26 10:43:36.028 22803-22913 chatty                  pid-22803                            I  uid=10213(com.inforcegames.app3dmodelling) AudioTrack identical 2 lines
2022-12-26 10:43:36.032 22803-22913 AudioTrack              pid-22803                            V  obtainBuffer(192) returned 192 = 192 + 0 err 0
2022-12-26 10:43:36.036 22803-22913 AudioTrack              pid-22803                            V  obtainBuffer(192) returned 192 = 128 + 64 err 0
2022-12-26 10:43:36.036 22803-22913 AudioTrack              pid-22803                            V  obtainBuffer(64) returned 64 = 64 + 0 err 0
2022-12-26 10:43:36.040 22803-22913 AudioTrack              pid-22803                            V  obtainBuffer(192) returned 192 = 192 + 0 err 0
2022-12-26 10:43:36.071 22803-22913 chatty                  pid-22803                            I  uid=10213(com.inforcegames.app3dmodelling) AudioTrack identical 8 lines
2022-12-26 10:43:36.075 22803-22913 AudioTrack              pid-22803                            V  obtainBuffer(192) returned 192 = 192 + 0 err 0
2022-12-26 10:43:36.079 22803-22913 AudioTrack              pid-22803                            V  obtainBuffer(192) returned 192 = 64 + 128 err 0
2022-12-26 10:43:36.079 22803-22913 AudioTrack              pid-22803                            V  obtainBuffer(128) returned 128 = 128 + 0 err 0
2022-12-26 10:43:36.084 22803-22913 AudioTrack              pid-22803                            V  obtainBuffer(192) returned 192 = 192 + 0 err 0
2022-12-26 10:43:36.156 22803-22913 chatty                  pid-22803                            I  uid=10213(com.inforcegames.app3dmodelling) AudioTrack identical 18 lines
2022-12-26 10:43:36.159 22803-22913 AudioTrack              pid-22803                            V  obtainBuffer(192) returned 192 = 192 + 0 err 0
2022-12-26 10:43:36.164 22803-22913 AudioTrack              pid-22803                            V  obtainBuffer(192) returned 192 = 128 + 64 err 0
2022-12-26 10:43:36.164 22803-22913 AudioTrack              pid-22803                            V  obtainBuffer(64) returned 64 = 64 + 0 err 0
2022-12-26 10:43:36.168 22803-22913 AudioTrack              pid-22803                            V  obtainBuffer(192) returned 192 = 192 + 0 err 0
2022-12-26 10:43:36.171 22803-22913 AudioTrack              pid-22803                            V  obtainBuffer(192) returned 192 = 192 + 0 err 0
2022-12-26 10:43:36.176 13316-13316 SignalClusterView       pid-13316                            D  updateMobileTypeImage  0
2022-12-26 10:43:36.176 22803-22913 AudioTrack              pid-22803                            V  obtainBuffer(192) returned 192 = 192 + 0 err 0
2022-12-26 10:43:36.178 13316-13316 SignalClusterView       pid-13316                            D  updateMobileTypeImage  0
2022-12-26 10:43:36.179 13316-13316 SignalClusterView       pid-13316                            D  updateMobileTypeImage  0
2022-12-26 10:43:36.180 22803-22913 AudioTrack              pid-22803                            V  obtainBuffer(192) returned 192 = 192 + 0 err 0
2022-12-26 10:43:36.199 22803-22913 chatty                  pid-22803                            I  uid=10213(com.inforcegames.app3dmodelling) AudioTrack identical 5 lines
2022-12-26 10:43:36.204 22803-22913 AudioTrack              pid-22803                            V  obtainBuffer(192) returned 192 = 192 + 0 err 0
2022-12-26 10:43:36.209 22803-22913 AudioTrack              pid-22803                            V  obtainBuffer(192) returned 192 = 64 + 128 err 0
2022-12-26 10:43:36.209 22803-22913 AudioTrack              pid-22803                            V  obtainBuffer(128) returned 128 = 128 + 0 err 0
2022-12-26 10:43:36.212 22803-22913 AudioTrack              pid-22803                            V  obtainBuffer(192) returned 192 = 192 + 0 err 0
2022-12-26 10:43:36.284 22803-22913 chatty                  pid-22803                            I  uid=10213(com.inforcegames.app3dmodelling) AudioTrack identical 18 lines
2022-12-26 10:43:36.287 22803-22913 AudioTrack              pid-22803                            V  obtainBuffer(192) returned 192 = 192 + 0 err 0
2022-12-26 10:43:36.291  2820-5429  DPMJ                    pid-2820                             I  |REQ:RCVR| DPM creating socket
2022-12-26 10:43:36.291 22803-22913 AudioTrack              pid-22803                            V  obtainBuffer(192) returned 192 = 128 + 64 err 0
2022-12-26 10:43:36.291 22803-22913 AudioTrack              pid-22803                            V  obtainBuffer(64) returned 64 = 64 + 0 err 0
2022-12-26 10:43:36.296 22803-22913 AudioTrack              pid-22803                            V  obtainBuffer(192) returned 192 = 192 + 0 err 0
2022-12-26 10:43:36.328 22803-22913 chatty                  pid-22803                            I  uid=10213(com.inforcegames.app3dmodelling) AudioTrack identical 8 lines
2022-12-26 10:43:36.331 22803-22913 AudioTrack              pid-22803                            V  obtainBuffer(192) returned 192 = 192 + 0 err 0
2022-12-26 10:43:36.335 22803-22913 AudioTrack              pid-22803                            V  obtainBuffer(192) returned 192 = 64 + 128 err 0
2022-12-26 10:43:36.335 22803-22913 AudioTrack              pid-22803                            V  obtainBuffer(128) returned 128 = 128 + 0 err 0
2022-12-26 10:43:36.341 22803-22913 AudioTrack              pid-22803                            V  obtainBuffer(192) returned 192 = 192 + 0 err 0
2022-12-26 10:43:36.413 22803-22913 chatty                  pid-22803                            I  uid=10213(com.inforcegames.app3dmodelling) AudioTrack identical 18 lines
2022-12-26 10:43:36.415 22803-22913 AudioTrack              pid-22803                            V  obtainBuffer(192) returned 192 = 192 + 0 err 0
2022-12-26 10:43:36.419 22803-22913 AudioTrack              pid-22803                            V  obtainBuffer(192) returned 192 = 128 + 64 err 0
2022-12-26 10:43:36.419 22803-22913 AudioTrack              pid-22803                            V  obtainBuffer(64) returned 64 = 64 + 0 err 0
2022-12-26 10:43:36.424 22803-22913 AudioTrack              pid-22803                            V  obtainBuffer(192) returned 192 = 192 + 0 err 0
2022-12-26 10:43:36.456 22803-22913 chatty                  pid-22803                            I  uid=10213(com.inforcegames.app3dmodelling) AudioTrack identical 8 lines
2022-12-26 10:43:36.460 22803-22913 AudioTrack              pid-22803                            V  obtainBuffer(192) returned 192 = 192 + 0 err 0
2022-12-26 10:43:36.464 22803-22913 AudioTrack              pid-22803                            V  obtainBuffer(192) returned 192 = 64 + 128 err 0
2022-12-26 10:43:36.464 22803-22913 AudioTrack              pid-22803                            V  obtainBuffer(128) returned 128 = 128 + 0 err 0
2022-12-26 10:43:36.469 22803-22913 AudioTrack              pid-22803                            V  obtainBuffer(192) returned 192 = 192 + 0 err 0
2022-12-26 10:43:36.540 22803-22913 chatty                  pid-22803                            I  uid=10213(com.inforcegames.app3dmodelling) AudioTrack identical 18 lines
2022-12-26 10:43:36.544 22803-22913 AudioTrack              pid-22803                            V  obtainBuffer(192) returned 192 = 192 + 0 err 0
2022-12-26 10:43:36.547 22803-22913 AudioTrack              pid-22803                            V  obtainBuffer(192) returned 192 = 128 + 64 err 0
2022-12-26 10:43:36.548 22803-22913 AudioTrack              pid-22803                            V  obtainBuffer(64) returned 64 = 64 + 0 err 0
2022-12-26 10:43:36.552 22803-22913 AudioTrack              pid-22803                            V  obtainBuffer(192) returned 192 = 192 + 0 err 0
2022-12-26 10:43:36.584 22803-22913 chatty                  pid-22803                            I  uid=10213(com.inforcegames.app3dmodelling) AudioTrack identical 8 lines
2022-12-26 10:43:36.587 22803-22913 AudioTrack              pid-22803                            V  obtainBuffer(192) returned 192 = 192 + 0 err 0
2022-12-26 10:43:36.587  1302-1463  ThermalEngine           pid-1302                             D  sensor_wait: quiet_therm Wait done.
2022-12-26 10:43:36.589  1302-1463  ThermalEngine           pid-1302                             D  sensor_monitor: quiet_therm Reading 35000 .
2022-12-26 10:43:36.589  1302-1463  ThermalEngine           pid-1302                             I  Sensor:quiet_therm:35000 mC
2022-12-26 10:43:36.589  1302-1463  ThermalEngine           pid-1302                             D  update_active_thresh: quiet_therm Active(1), Hi(1) 40000, Lo(0) -2147483648, desc(0) Interval(1) 1000
2022-12-26 10:43:36.589  1302-1463  ThermalEngine           pid-1302                             D  sensor_monitor: quiet_therm Sensor wait.
2022-12-26 10:43:36.589  1302-1463  ThermalEngine           pid-1302                             D  sensor_wait: quiet_therm Wait start. 1000ms
2022-12-26 10:43:36.592 22803-22913 AudioTrack              pid-22803                            V  obtainBuffer(192) returned 192 = 64 + 128 err 0
2022-12-26 10:43:36.592 22803-22913 AudioTrack              pid-22803                            V  obtainBuffer(128) returned 128 = 128 + 0 err 0
2022-12-26 10:43:36.597 22803-22913 AudioTrack              pid-22803                            V  obtainBuffer(192) returned 192 = 192 + 0 err 0
2022-12-26 10:43:36.601  1302-1462  ThermalEngine           pid-1302                             D  sensor_wait: msm_therm Wait done.
2022-12-26 10:43:36.601 22803-22913 AudioTrack              pid-22803                            V  obtainBuffer(192) returned 192 = 192 + 0 err 0
2022-12-26 10:43:36.602  1302-1462  ThermalEngine           pid-1302                             D  sensor_monitor: msm_therm Reading 37000 .
2022-12-26 10:43:36.602  1302-1462  ThermalEngine           pid-1302                             I  Sensor:msm_therm:37000 mC
2022-12-26 10:43:36.602  1302-1462  ThermalEngine           pid-1302                             D  update_active_thresh: msm_therm Active(1), Hi(1) 44000, Lo(0) -2147483648, desc(0) Interval(1) 1000
2022-12-26 10:43:36.602  1302-1462  ThermalEngine           pid-1302                             D  sensor_monitor: msm_therm Sensor wait.
2022-12-26 10:43:36.602  1302-1462  ThermalEngine           pid-1302                             D  sensor_wait: msm_therm Wait start. 1000ms
2022-12-26 10:43:36.604 22803-22913 AudioTrack              pid-22803                            V  obtainBuffer(192) returned 192 = 192 + 0 err 0
2022-12-26 10:43:36.668 22803-22913 chatty                  pid-22803                            I  uid=10213(com.inforcegames.app3dmodelling) AudioTrack identical 16 lines
2022-12-26 10:43:36.672 22803-22913 AudioTrack              pid-22803                            V  obtainBuffer(192) returned 192 = 192 + 0 err 0
2022-12-26 10:43:36.677 22803-22913 AudioTrack              pid-22803                            V  obtainBuffer(192) returned 192 = 128 + 64 err 0
2022-12-26 10:43:36.677 22803-22913 AudioTrack              pid-22803                            V  obtainBuffer(64) returned 64 = 64 + 0 err 0
2022-12-26 10:43:36.681 22803-22913 AudioTrack              pid-22803                            V  obtainBuffer(192) returned 192 = 192 + 0 err 0
2022-12-26 10:43:36.713 22803-22913 chatty                  pid-22803                            I  uid=10213(com.inforcegames.app3dmodelling) AudioTrack identical 8 lines
2022-12-26 10:43:36.716 22803-22913 AudioTrack              pid-22803                            V  obtainBuffer(192) returned 192 = 192 + 0 err 0
2022-12-26 10:43:36.720 22803-22913 AudioTrack              pid-22803                            V  obtainBuffer(192) returned 192 = 64 + 128 err 0
2022-12-26 10:43:36.720 22803-22913 AudioTrack              pid-22803                            V  obtainBuffer(128) returned 128 = 128 + 0 err 0
2022-12-26 10:43:36.724 22803-22913 AudioTrack              pid-22803                            V  obtainBuffer(192) returned 192 = 192 + 0 err 0
2022-12-26 10:43:36.797 22803-22913 chatty                  pid-22803                            I  uid=10213(com.inforcegames.app3dmodelling) AudioTrack identical 18 lines
2022-12-26 10:43:36.799 22803-22913 AudioTrack              pid-22803                            V  obtainBuffer(192) returned 192 = 192 + 0 err 0
2022-12-26 10:43:36.804 22803-22913 AudioTrack              pid-22803                            V  obtainBuffer(192) returned 192 = 128 + 64 err 0
2022-12-26 10:43:36.804 22803-22913 AudioTrack              pid-22803                            V  obtainBuffer(64) returned 64 = 64 + 0 err 0
2022-12-26 10:43:36.808 22803-22913 AudioTrack              pid-22803                            V  obtainBuffer(192) returned 192 = 192 + 0 err 0
2022-12-26 10:43:36.840 22803-22913 chatty                  pid-22803                            I  uid=10213(com.inforcegames.app3dmodelling) AudioTrack identical 8 lines
2022-12-26 10:43:36.845 22803-22913 AudioTrack              pid-22803                            V  obtainBuffer(192) returned 192 = 192 + 0 err 0
2022-12-26 10:43:36.848 22803-22913 AudioTrack              pid-22803                            V  obtainBuffer(192) returned 192 = 64 + 128 err 0
2022-12-26 10:43:36.848 22803-22913 AudioTrack              pid-22803                            V  obtainBuffer(128) returned 128 = 128 + 0 err 0
2022-12-26 10:43:36.852 22803-22913 AudioTrack              pid-22803                            V  obtainBuffer(192) returned 192 = 192 + 0 err 0
2022-12-26 10:43:36.924 22803-22913 chatty                  pid-22803                            I  uid=10213(com.inforcegames.app3dmodelling) AudioTrack identical 18 lines
2022-12-26 10:43:36.927 22803-22913 AudioTrack              pid-22803                            V  obtainBuffer(192) returned 192 = 192 + 0 err 0
2022-12-26 10:43:36.932 22803-22913 AudioTrack              pid-22803                            V  obtainBuffer(192) returned 192 = 128 + 64 err 0
2022-12-26 10:43:36.932 22803-22913 AudioTrack              pid-22803                            V  obtainBuffer(64) returned 64 = 64 + 0 err 0
2022-12-26 10:43:36.935 22803-22913 AudioTrack              pid-22803                            V  obtainBuffer(192) returned 192 = 192 + 0 err 0
2022-12-26 10:43:36.967 22803-22913 chatty                  pid-22803                            I  uid=10213(com.inforcegames.app3dmodelling) AudioTrack identical 8 lines
2022-12-26 10:43:36.973 22803-22913 AudioTrack              pid-22803                            V  obtainBuffer(192) returned 192 = 192 + 0 err 0
2022-12-26 10:43:36.976 22803-22913 AudioTrack              pid-22803                            V  obtainBuffer(192) returned 192 = 64 + 128 err 0
2022-12-26 10:43:36.976 22803-22913 AudioTrack              pid-22803                            V  obtainBuffer(128) returned 128 = 128 + 0 err 0
2022-12-26 10:43:36.980 22803-22913 AudioTrack              pid-22803                            V  obtainBuffer(192) returned 192 = 192 + 0 err 0
2022-12-26 10:43:37.052 22803-22913 chatty                  pid-22803                            I  uid=10213(com.inforcegames.app3dmodelling) AudioTrack identical 18 lines
2022-12-26 10:43:37.056 22803-22913 AudioTrack              pid-22803                            V  obtainBuffer(192) returned 192 = 192 + 0 err 0
2022-12-26 10:43:37.060 22803-22913 AudioTrack              pid-22803                            V  obtainBuffer(192) returned 192 = 128 + 64 err 0
2022-12-26 10:43:37.060 22803-22913 AudioTrack              pid-22803                            V  obtainBuffer(64) returned 64 = 64 + 0 err 0
2022-12-26 10:43:37.064 22803-22913 AudioTrack              pid-22803                            V  obtainBuffer(192) returned 192 = 192 + 0 err 0
2022-12-26 10:43:37.095 22803-22913 chatty                  pid-22803                            I  uid=10213(com.inforcegames.app3dmodelling) AudioTrack identical 8 lines
2022-12-26 10:43:37.100 22803-22913 AudioTrack              pid-22803                            V  obtainBuffer(192) returned 192 = 192 + 0 err 0
2022-12-26 10:43:37.104 22803-22913 AudioTrack              pid-22803                            V  obtainBuffer(192) returned 192 = 64 + 128 err 0
2022-12-26 10:43:37.104 22803-22913 AudioTrack              pid-22803                            V  obtainBuffer(128) returned 128 = 128 + 0 err 0
2022-12-26 10:43:37.108 22803-22913 AudioTrack              pid-22803                            V  obtainBuffer(192) returned 192 = 192 + 0 err 0
2022-12-26 10:43:37.180 22803-22913 chatty                  pid-22803                            I  uid=10213(com.inforcegames.app3dmodelling) AudioTrack identical 18 lines
2022-12-26 10:43:37.185 22803-22913 AudioTrack              pid-22803                            V  obtainBuffer(192) returned 192 = 192 + 0 err 0
2022-12-26 10:43:37.188 22803-22913 AudioTrack              pid-22803                            V  obtainBuffer(192) returned 192 = 128 + 64 err 0
2022-12-26 10:43:37.188 22803-22913 AudioTrack              pid-22803                            V  obtainBuffer(64) returned 64 = 64 + 0 err 0
2022-12-26 10:43:37.192 22803-22913 AudioTrack              pid-22803                            V  obtainBuffer(192) returned 192 = 192 + 0 err 0
2022-12-26 10:43:37.224 22803-22913 chatty                  pid-22803                            I  uid=10213(com.inforcegames.app3dmodelling) AudioTrack identical 8 lines
2022-12-26 10:43:37.228 22803-22913 AudioTrack              pid-22803                            V  obtainBuffer(192) returned 192 = 192 + 0 err 0
2022-12-26 10:43:37.232 22803-22913 AudioTrack              pid-22803                            V  obtainBuffer(192) returned 192 = 64 + 128 err 0
2022-12-26 10:43:37.232 22803-22913 AudioTrack              pid-22803                            V  obtainBuffer(128) returned 128 = 128 + 0 err 0
2022-12-26 10:43:37.236 22803-22913 AudioTrack              pid-22803                            V  obtainBuffer(192) returned 192 = 192 + 0 err 0
