2022-12-25 17:19:21.794 22931-23058 AudioTrack              pid-22931                            V  obtainBuffer(192) returned 192 = 192 + 0 err 0
2022-12-25 17:19:21.796  1302-1463  ThermalEngine           pid-1302                             D  sensor_wait: quiet_therm Wait done.
2022-12-25 17:19:21.798  1302-1463  ThermalEngine           pid-1302                             D  sensor_monitor: quiet_therm Reading 34000 .
2022-12-25 17:19:21.798  1302-1463  ThermalEngine           pid-1302                             I  Sensor:quiet_therm:34000 mC
2022-12-25 17:19:21.798  1302-1463  ThermalEngine           pid-1302                             D  update_active_thresh: quiet_therm Active(1), Hi(1) 40000, Lo(0) -2147483648, desc(0) Interval(1) 1000
2022-12-25 17:19:21.798  1302-1463  ThermalEngine           pid-1302                             D  sensor_monitor: quiet_therm Sensor wait.
2022-12-25 17:19:21.798  1302-1463  ThermalEngine           pid-1302                             D  sensor_wait: quiet_therm Wait start. 1000ms
2022-12-25 17:19:21.799 22931-23058 AudioTrack              pid-22931                            V  obtainBuffer(192) returned 192 = 192 + 0 err 0
2022-12-25 17:19:21.802 22931-23058 chatty                  pid-22931                            I  uid=10213(com.inforcegames.app3dmodelling) AudioTrack identical 1 line
2022-12-25 17:19:21.806 22931-23058 AudioTrack              pid-22931                            V  obtainBuffer(192) returned 192 = 192 + 0 err 0
2022-12-25 17:19:21.807  1302-1462  ThermalEngine           pid-1302                             D  sensor_wait: msm_therm Wait done.
2022-12-25 17:19:21.808  1302-1462  ThermalEngine           pid-1302                             D  sensor_monitor: msm_therm Reading 36000 .
2022-12-25 17:19:21.808  1302-1462  ThermalEngine           pid-1302                             I  Sensor:msm_therm:36000 mC
2022-12-25 17:19:21.808  1302-1462  ThermalEngine           pid-1302                             D  update_active_thresh: msm_therm Active(1), Hi(1) 44000, Lo(0) -2147483648, desc(0) Interval(1) 1000
2022-12-25 17:19:21.808  1302-1462  ThermalEngine           pid-1302                             D  sensor_monitor: msm_therm Sensor wait.
2022-12-25 17:19:21.808  1302-1462  ThermalEngine           pid-1302                             D  sensor_wait: msm_therm Wait start. 1000ms
2022-12-25 17:19:21.810 22931-23058 AudioTrack              pid-22931                            V  obtainBuffer(192) returned 192 = 192 + 0 err 0
2022-12-25 17:19:21.818 22931-23058 chatty                  pid-22931                            I  uid=10213(com.inforcegames.app3dmodelling) AudioTrack identical 2 lines
2022-12-25 17:19:21.822 22931-23058 AudioTrack              pid-22931                            V  obtainBuffer(192) returned 192 = 192 + 0 err 0
2022-12-25 17:19:21.827 22931-23058 AudioTrack              pid-22931                            V  obtainBuffer(192) returned 192 = 128 + 64 err 0
2022-12-25 17:19:21.827 22931-23058 AudioTrack              pid-22931                            V  obtainBuffer(64) returned 64 = 64 + 0 err 0
2022-12-25 17:19:21.830 22931-23058 AudioTrack              pid-22931                            V  obtainBuffer(192) returned 192 = 192 + 0 err 0
2022-12-25 17:19:21.863 22931-23058 chatty                  pid-22931                            I  uid=10213(com.inforcegames.app3dmodelling) AudioTrack identical 8 lines
2022-12-25 17:19:21.867 22931-23058 AudioTrack              pid-22931                            V  obtainBuffer(192) returned 192 = 192 + 0 err 0
2022-12-25 17:19:21.870 22931-23058 AudioTrack              pid-22931                            V  obtainBuffer(192) returned 192 = 64 + 128 err 0
2022-12-25 17:19:21.871 22931-23058 AudioTrack              pid-22931                            V  obtainBuffer(128) returned 128 = 128 + 0 err 0
2022-12-25 17:19:21.875 22931-23058 AudioTrack              pid-22931                            V  obtainBuffer(192) returned 192 = 192 + 0 err 0
2022-12-25 17:19:21.946 22931-23058 chatty                  pid-22931                            I  uid=10213(com.inforcegames.app3dmodelling) AudioTrack identical 18 lines
2022-12-25 17:19:21.950 22931-23058 AudioTrack              pid-22931                            V  obtainBuffer(192) returned 192 = 192 + 0 err 0
2022-12-25 17:19:21.954 22931-23058 AudioTrack              pid-22931                            V  obtainBuffer(192) returned 192 = 128 + 64 err 0
2022-12-25 17:19:21.954 22931-23058 AudioTrack              pid-22931                            V  obtainBuffer(64) returned 64 = 64 + 0 err 0
2022-12-25 17:19:21.959 22931-23058 AudioTrack              pid-22931                            V  obtainBuffer(192) returned 192 = 192 + 0 err 0
2022-12-25 17:19:21.991 22931-23058 chatty                  pid-22931                            I  uid=10213(com.inforcegames.app3dmodelling) AudioTrack identical 8 lines
2022-12-25 17:19:21.994 22931-23058 AudioTrack              pid-22931                            V  obtainBuffer(192) returned 192 = 192 + 0 err 0
2022-12-25 17:19:21.999 22931-23058 AudioTrack              pid-22931                            V  obtainBuffer(192) returned 192 = 64 + 128 err 0
2022-12-25 17:19:22.000 22931-23058 AudioTrack              pid-22931                            V  obtainBuffer(128) returned 128 = 128 + 0 err 0
2022-12-25 17:19:22.002 22931-23058 AudioTrack              pid-22931                            V  obtainBuffer(192) returned 192 = 192 + 0 err 0
2022-12-25 17:19:22.075 22931-23058 chatty                  pid-22931                            I  uid=10213(com.inforcegames.app3dmodelling) AudioTrack identical 18 lines
2022-12-25 17:19:22.079 22931-23058 AudioTrack              pid-22931                            V  obtainBuffer(192) returned 192 = 192 + 0 err 0
2022-12-25 17:19:22.083 22931-23058 AudioTrack              pid-22931                            V  obtainBuffer(192) returned 192 = 128 + 64 err 0
2022-12-25 17:19:22.084 22931-23058 AudioTrack              pid-22931                            V  obtainBuffer(64) returned 64 = 64 + 0 err 0
2022-12-25 17:19:22.086 22931-23058 AudioTrack              pid-22931                            V  obtainBuffer(192) returned 192 = 192 + 0 err 0
2022-12-25 17:19:22.106 22931-23058 chatty                  pid-22931                            I  uid=10213(com.inforcegames.app3dmodelling) AudioTrack identical 5 lines
2022-12-25 17:19:22.111 22931-23058 AudioTrack              pid-22931                            V  obtainBuffer(192) returned 192 = 192 + 0 err 0
2022-12-25 17:19:22.113  1302-1457  ThermalEngine           pid-1302                             D  sensor_wait: backlight_therm Wait done.
2022-12-25 17:19:22.114  1302-1457  ThermalEngine           pid-1302                             D  sensor_monitor: backlight_therm Reading 34000 .
2022-12-25 17:19:22.114  1302-1457  ThermalEngine           pid-1302                             I  Sensor:backlight_therm:34000 mC
2022-12-25 17:19:22.114  1302-1457  ThermalEngine           pid-1302                             D  update_active_thresh: backlight_therm Active(1), Hi(1) 45000, Lo(0) -2147483648, desc(0) Interval(1) 2000
2022-12-25 17:19:22.114  1302-1457  ThermalEngine           pid-1302                             D  sensor_monitor: backlight_therm Sensor wait.
2022-12-25 17:19:22.114  1302-1457  ThermalEngine           pid-1302                             D  sensor_wait: backlight_therm Wait start. 2000ms
2022-12-25 17:19:22.115 22931-23058 AudioTrack              pid-22931                            V  obtainBuffer(192) returned 192 = 192 + 0 err 0
2022-12-25 17:19:22.118 22931-23058 chatty                  pid-22931                            I  uid=10213(com.inforcegames.app3dmodelling) AudioTrack identical 1 line
2022-12-25 17:19:22.123 22931-23058 AudioTrack              pid-22931                            V  obtainBuffer(192) returned 192 = 192 + 0 err 0
2022-12-25 17:19:22.126 22931-23058 AudioTrack              pid-22931                            V  obtainBuffer(192) returned 192 = 64 + 128 err 0
2022-12-25 17:19:22.126 22931-23058 AudioTrack              pid-22931                            V  obtainBuffer(128) returned 128 = 128 + 0 err 0
2022-12-25 17:19:22.131 22931-23058 AudioTrack              pid-22931                            V  obtainBuffer(192) returned 192 = 192 + 0 err 0
2022-12-25 17:19:22.202 22931-23058 chatty                  pid-22931                            I  uid=10213(com.inforcegames.app3dmodelling) AudioTrack identical 18 lines
2022-12-25 17:19:22.206 22931-23058 AudioTrack              pid-22931                            V  obtainBuffer(192) returned 192 = 192 + 0 err 0
2022-12-25 17:19:22.211 22931-23058 AudioTrack              pid-22931                            V  obtainBuffer(192) returned 192 = 128 + 64 err 0
2022-12-25 17:19:22.211 22931-23058 AudioTrack              pid-22931                            V  obtainBuffer(64) returned 64 = 64 + 0 err 0
2022-12-25 17:19:22.215 22931-23058 AudioTrack              pid-22931                            V  obtainBuffer(192) returned 192 = 192 + 0 err 0
2022-12-25 17:19:22.238 22931-23058 chatty                  pid-22931                            I  uid=10213(com.inforcegames.app3dmodelling) AudioTrack identical 6 lines
2022-12-25 17:19:22.242 22931-23058 AudioTrack              pid-22931                            V  obtainBuffer(192) returned 192 = 192 + 0 err 0
2022-12-25 17:19:22.244  2480-2727  MobileSignalController  pid-2480                             D  updateDataType mSelectedDataTypeIcon[1]=2131232497, mSelectedDataActivityIndex=6
2022-12-25 17:19:22.244  2480-2727  TelephonyIcons          pid-2480                             D  getSignalStrengthIcon: slot=1, inetCondition=1, level=5, roaming=true, signalstrength=SignalStrength: 99 0 -120 -160 -120 -160 -1 27 -88 -9 300 2147483647 0 2147483647 99 255 2147483647 gsm|lte use_rsrp_and_rssnr_for_lte_level  [-120, -115, -110, -105, -97] [-115, -105, -95, -85]
2022-12-25 17:19:22.247 22931-23058 AudioTrack              pid-22931                            V  obtainBuffer(192) returned 192 = 192 + 0 err 0
2022-12-25 17:19:22.248  2480-2727  TelephonyIcons          pid-2480                             D  null signal icon name: drawable/stat_sys_signal_null
2022-12-25 17:19:22.250  2480-2727  TelephonyIcons          pid-2480                             D  getDataTypeIcon sub=1
2022-12-25 17:19:22.252 22931-23058 AudioTrack              pid-22931                            V  obtainBuffer(192) returned 192 = 192 + 0 err 0
2022-12-25 17:19:22.254 22931-23058 AudioTrack              pid-22931                            V  obtainBuffer(192) returned 192 = 64 + 128 err 0
2022-12-25 17:19:22.254 22931-23058 AudioTrack              pid-22931                            V  obtainBuffer(128) returned 128 = 128 + 0 err 0
2022-12-25 17:19:22.258 22931-23058 AudioTrack              pid-22931                            V  obtainBuffer(192) returned 192 = 192 + 0 err 0
2022-12-25 17:19:22.262 22931-23058 AudioTrack              pid-22931                            V  obtainBuffer(192) returned 192 = 192 + 0 err 0
2022-12-25 17:19:22.263  2480-2480  SignalClusterView       pid-2480                             D  updateMobileTypeImage  0
2022-12-25 17:19:22.266  2480-2480  chatty                  pid-2480                             I  uid=1000(system) com.android.systemui identical 4 lines
2022-12-25 17:19:22.266  2480-2480  SignalClusterView       pid-2480                             D  updateMobileTypeImage  0
2022-12-25 17:19:22.267 22931-23058 AudioTrack              pid-22931                            V  obtainBuffer(192) returned 192 = 192 + 0 err 0
2022-12-25 17:19:22.268  2480-2727  MobileSignalController  pid-2480                             D  updateDataType mSelectedDataTypeIcon[1]=2131232497, mSelectedDataActivityIndex=6
2022-12-25 17:19:22.269  2480-2727  TelephonyIcons          pid-2480                             D  getSignalStrengthIcon: slot=1, inetCondition=1, level=5, roaming=true, signalstrength=SignalStrength: 99 0 -120 -160 -120 -160 -1 27 -88 -9 300 2147483647 0 2147483647 99 255 2147483647 gsm|lte use_rsrp_and_rssnr_for_lte_level  [-120, -115, -110, -105, -97] [-115, -105, -95, -85]
2022-12-25 17:19:22.270  2480-2727  TelephonyIcons          pid-2480                             D  null signal icon name: drawable/stat_sys_signal_null
2022-12-25 17:19:22.270 22931-23058 AudioTrack              pid-22931                            V  obtainBuffer(192) returned 192 = 192 + 0 err 0
2022-12-25 17:19:22.271  2480-2727  TelephonyIcons          pid-2480                             D  getDataTypeIcon sub=1
2022-12-25 17:19:22.275 22931-23058 AudioTrack              pid-22931                            V  obtainBuffer(192) returned 192 = 192 + 0 err 0
2022-12-25 17:19:22.283 22931-23058 chatty                  pid-22931                            I  uid=10213(com.inforcegames.app3dmodelling) AudioTrack identical 2 lines
2022-12-25 17:19:22.286 22931-23058 AudioTrack              pid-22931                            V  obtainBuffer(192) returned 192 = 192 + 0 err 0
2022-12-25 17:19:22.287  2480-2480  SignalClusterView       pid-2480                             D  updateMobileTypeImage  0
2022-12-25 17:19:22.289  2480-2480  chatty                  pid-2480                             I  uid=1000(system) com.android.systemui identical 4 lines
2022-12-25 17:19:22.289  2480-2480  SignalClusterView       pid-2480                             D  updateMobileTypeImage  0
2022-12-25 17:19:22.290 22931-23058 AudioTrack              pid-22931                            V  obtainBuffer(192) returned 192 = 192 + 0 err 0
2022-12-25 17:19:22.310 22931-23058 chatty                  pid-22931                            I  uid=10213(com.inforcegames.app3dmodelling) AudioTrack identical 5 lines
2022-12-25 17:19:22.315 22931-23058 AudioTrack              pid-22931                            V  obtainBuffer(192) returned 192 = 192 + 0 err 0
2022-12-25 17:19:22.318  2480-2480  BluetoothController     pid-2480                             D  fireStateChange
2022-12-25 17:19:22.319  2480-2480  PhoneStatusBarPolicy    pid-2480                             D  updateBluetooth bluetoothEnabled = false bluetoothBattery visible=false
2022-12-25 17:19:22.319  2480-2480  QSTile.BluetoothTile    pid-2480                             D  onBluetoothStateChange: enabled = false
2022-12-25 17:19:22.319  2480-2480  chatty                  pid-2480                             I  uid=1000(system) com.android.systemui identical 2 lines
2022-12-25 17:19:22.319  2480-2480  QSTile.BluetoothTile    pid-2480                             D  onBluetoothStateChange: enabled = false
2022-12-25 17:19:22.319  2480-2480  BluetoothController     pid-2480                             D  fireStateChange
2022-12-25 17:19:22.319  2480-2480  PhoneStatusBarPolicy    pid-2480                             D  updateBluetooth bluetoothEnabled = false bluetoothBattery visible=false
2022-12-25 17:19:22.319  2480-2480  QSTile.BluetoothTile    pid-2480                             D  onBluetoothStateChange: enabled = false
2022-12-25 17:19:22.319 22931-23058 AudioTrack              pid-22931                            V  obtainBuffer(192) returned 192 = 192 + 0 err 0
2022-12-25 17:19:22.319  2480-2480  QSTile.BluetoothTile    pid-2480                             D  onBluetoothStateChange: enabled = false
2022-12-25 17:19:22.319  2480-2480  chatty                  pid-2480                             I  uid=1000(system) com.android.systemui identical 3 lines
2022-12-25 17:19:22.319  2480-2480  QSTile.BluetoothTile    pid-2480                             D  onBluetoothStateChange: enabled = false
2022-12-25 17:19:22.322 22931-23058 AudioTrack              pid-22931                            V  obtainBuffer(192) returned 192 = 192 + 0 err 0
2022-12-25 17:19:22.330 22931-23058 chatty                  pid-22931                            I  uid=10213(com.inforcegames.app3dmodelling) AudioTrack identical 2 lines
2022-12-25 17:19:22.335 22931-23058 AudioTrack              pid-22931                            V  obtainBuffer(192) returned 192 = 192 + 0 err 0
2022-12-25 17:19:22.338  2480-2727  QSTile.BluetoothTile    pid-2480                             D  handleUpdateState: mTargetEnable = falsemController.getBluetoothState() = 10
2022-12-25 17:19:22.338 22931-23058 AudioTrack              pid-22931                            V  obtainBuffer(192) returned 192 = 128 + 64 err 0
2022-12-25 17:19:22.338 22931-23058 AudioTrack              pid-22931                            V  obtainBuffer(64) returned 64 = 64 + 0 err 0
2022-12-25 17:19:22.338  2480-2727  QSTile.BluetoothTile    pid-2480                             D  handleUpdateState: mTargetEnable = falsemController.getBluetoothState() = 10
2022-12-25 17:19:22.341  2480-2727  chatty                  pid-2480                             I  uid=1000(system) SysUiBg identical 13 lines
2022-12-25 17:19:22.341  2480-2727  QSTile.BluetoothTile    pid-2480                             D  handleUpdateState: mTargetEnable = falsemController.getBluetoothState() = 10
2022-12-25 17:19:22.343 22931-23058 AudioTrack              pid-22931                            V  obtainBuffer(192) returned 192 = 192 + 0 err 0
2022-12-25 17:19:22.374 22931-23058 chatty                  pid-22931                            I  uid=10213(com.inforcegames.app3dmodelling) AudioTrack identical 8 lines
2022-12-25 17:19:22.378 22931-23058 AudioTrack              pid-22931                            V  obtainBuffer(192) returned 192 = 192 + 0 err 0
2022-12-25 17:19:22.383 22931-23058 AudioTrack              pid-22931                            V  obtainBuffer(192) returned 192 = 64 + 128 err 0
2022-12-25 17:19:22.383 22931-23058 AudioTrack              pid-22931                            V  obtainBuffer(128) returned 128 = 128 + 0 err 0
2022-12-25 17:19:22.387 22931-23058 AudioTrack              pid-22931                            V  obtainBuffer(192) returned 192 = 192 + 0 err 0
2022-12-25 17:19:22.459 22931-23058 chatty                  pid-22931                            I  uid=10213(com.inforcegames.app3dmodelling) AudioTrack identical 18 lines
2022-12-25 17:19:22.462 22931-23058 AudioTrack              pid-22931                            V  obtainBuffer(192) returned 192 = 192 + 0 err 0
2022-12-25 17:19:22.467 22931-23058 AudioTrack              pid-22931                            V  obtainBuffer(192) returned 192 = 128 + 64 err 0
2022-12-25 17:19:22.467 22931-23058 AudioTrack              pid-22931                            V  obtainBuffer(64) returned 64 = 64 + 0 err 0
2022-12-25 17:19:22.470 22931-23058 AudioTrack              pid-22931                            V  obtainBuffer(192) returned 192 = 192 + 0 err 0
2022-12-25 17:19:22.502 22931-23058 chatty                  pid-22931                            I  uid=10213(com.inforcegames.app3dmodelling) AudioTrack identical 8 lines
2022-12-25 17:19:22.506 22931-23058 AudioTrack              pid-22931                            V  obtainBuffer(192) returned 192 = 192 + 0 err 0
2022-12-25 17:19:22.511 22931-23058 AudioTrack              pid-22931                            V  obtainBuffer(192) returned 192 = 64 + 128 err 0
2022-12-25 17:19:22.511 22931-23058 AudioTrack              pid-22931                            V  obtainBuffer(128) returned 128 = 128 + 0 err 0
2022-12-25 17:19:22.515 22931-23058 AudioTrack              pid-22931                            V  obtainBuffer(192) returned 192 = 192 + 0 err 0
2022-12-25 17:19:22.586 22931-23058 chatty                  pid-22931                            I  uid=10213(com.inforcegames.app3dmodelling) AudioTrack identical 18 lines
2022-12-25 17:19:22.590 22931-23058 AudioTrack              pid-22931                            V  obtainBuffer(192) returned 192 = 192 + 0 err 0
2022-12-25 17:19:22.595 22931-23058 AudioTrack              pid-22931                            V  obtainBuffer(192) returned 192 = 128 + 64 err 0
2022-12-25 17:19:22.595 22931-23058 AudioTrack              pid-22931                            V  obtainBuffer(64) returned 64 = 64 + 0 err 0
2022-12-25 17:19:22.599 22931-23058 AudioTrack              pid-22931                            V  obtainBuffer(192) returned 192 = 192 + 0 err 0
2022-12-25 17:19:22.631 22931-23058 chatty                  pid-22931                            I  uid=10213(com.inforcegames.app3dmodelling) AudioTrack identical 8 lines
2022-12-25 17:19:22.635 22931-23058 AudioTrack              pid-22931                            V  obtainBuffer(192) returned 192 = 192 + 0 err 0
2022-12-25 17:19:22.638 22931-23058 AudioTrack              pid-22931                            V  obtainBuffer(192) returned 192 = 64 + 128 err 0
2022-12-25 17:19:22.638 22931-23058 AudioTrack              pid-22931                            V  obtainBuffer(128) returned 128 = 128 + 0 err 0
2022-12-25 17:19:22.643 22931-23058 AudioTrack              pid-22931                            V  obtainBuffer(192) returned 192 = 192 + 0 err 0
2022-12-25 17:19:22.714 22931-23058 chatty                  pid-22931                            I  uid=10213(com.inforcegames.app3dmodelling) AudioTrack identical 18 lines
2022-12-25 17:19:22.719 22931-23058 AudioTrack              pid-22931                            V  obtainBuffer(192) returned 192 = 192 + 0 err 0
2022-12-25 17:19:22.722 22931-23058 AudioTrack              pid-22931                            V  obtainBuffer(192) returned 192 = 128 + 64 err 0
2022-12-25 17:19:22.722 22931-23058 AudioTrack              pid-22931                            V  obtainBuffer(64) returned 64 = 64 + 0 err 0
2022-12-25 17:19:22.726 22931-23058 AudioTrack              pid-22931                            V  obtainBuffer(192) returned 192 = 192 + 0 err 0
2022-12-25 17:19:22.731 22931-23058 chatty                  pid-22931                            I  uid=10213(com.inforcegames.app3dmodelling) AudioTrack identical 1 line
2022-12-25 17:19:22.735 22931-23058 AudioTrack              pid-22931                            V  obtainBuffer(192) returned 192 = 192 + 0 err 0
2022-12-25 17:19:22.737   688-688   audio_hw_spkr_prot      pid-688                              D  audio_extn_fbsp_get_parameters: Speaker protection disabled
2022-12-25 17:19:22.737   688-688   audio_hw_extn           pid-688                              D  audio_extn_get_parameters: returns 
2022-12-25 17:19:22.738   743-931   hash_map_utils          pid-743                              I  key: 'hifi_mode' value: ''
2022-12-25 17:19:22.739 22931-23058 AudioTrack              pid-22931                            V  obtainBuffer(192) returned 192 = 192 + 0 err 0
2022-12-25 17:19:22.740 22931-17851 AudioManager            pid-22931                            D  getStreamVolume isRestricted mode = 0
2022-12-25 17:19:22.743 22931-23058 AudioTrack              pid-22931                            V  obtainBuffer(192) returned 192 = 192 + 0 err 0
2022-12-25 17:19:22.745   688-688   audio_hw_spkr_prot      pid-688                              D  audio_extn_fbsp_get_parameters: Speaker protection disabled
2022-12-25 17:19:22.745   688-688   audio_hw_extn           pid-688                              D  audio_extn_get_parameters: returns 
2022-12-25 17:19:22.746   743-931   hash_map_utils          pid-743                              I  key: 'hifi_mode' value: ''
2022-12-25 17:19:22.747 22931-23058 AudioTrack              pid-22931                            V  obtainBuffer(192) returned 192 = 192 + 0 err 0
2022-12-25 17:19:22.758 22931-23058 chatty                  pid-22931                            I  uid=10213(com.inforcegames.app3dmodelling) AudioTrack identical 3 lines
2022-12-25 17:19:22.762 22931-23058 AudioTrack              pid-22931                            V  obtainBuffer(192) returned 192 = 192 + 0 err 0
2022-12-25 17:19:22.766 22931-23058 AudioTrack              pid-22931                            V  obtainBuffer(192) returned 192 = 64 + 128 err 0
2022-12-25 17:19:22.766 22931-23058 AudioTrack              pid-22931                            V  obtainBuffer(128) returned 128 = 128 + 0 err 0
2022-12-25 17:19:22.770 22931-23058 AudioTrack              pid-22931                            V  obtainBuffer(192) returned 192 = 192 + 0 err 0
2022-12-25 17:19:22.790 22931-23058 chatty                  pid-22931                            I  uid=10213(com.inforcegames.app3dmodelling) AudioTrack identical 5 lines
2022-12-25 17:19:22.794 22931-23058 AudioTrack              pid-22931                            V  obtainBuffer(192) returned 192 = 192 + 0 err 0
2022-12-25 17:19:22.798  1302-1463  ThermalEngine           pid-1302                             D  sensor_wait: quiet_therm Wait done.
2022-12-25 17:19:22.798 22931-23058 AudioTrack              pid-22931                            V  obtainBuffer(192) returned 192 = 192 + 0 err 0
2022-12-25 17:19:22.799  1302-1463  ThermalEngine           pid-1302                             D  sensor_monitor: quiet_therm Reading 34000 .
2022-12-25 17:19:22.799  1302-1463  ThermalEngine           pid-1302                             I  Sensor:quiet_therm:34000 mC
2022-12-25 17:19:22.799  1302-1463  ThermalEngine           pid-1302                             D  update_active_thresh: quiet_therm Active(1), Hi(1) 40000, Lo(0) -2147483648, desc(0) Interval(1) 1000
2022-12-25 17:19:22.799  1302-1463  ThermalEngine           pid-1302                             D  sensor_monitor: quiet_therm Sensor wait.
2022-12-25 17:19:22.799  1302-1463  ThermalEngine           pid-1302                             D  sensor_wait: quiet_therm Wait start. 1000ms
2022-12-25 17:19:22.803 22931-23058 AudioTrack              pid-22931                            V  obtainBuffer(192) returned 192 = 192 + 0 err 0
2022-12-25 17:19:22.806 22931-23058 AudioTrack              pid-22931                            V  obtainBuffer(192) returned 192 = 192 + 0 err 0
2022-12-25 17:19:22.809  1302-1462  ThermalEngine           pid-1302                             D  sensor_wait: msm_therm Wait done.
2022-12-25 17:19:22.810  1302-1462  ThermalEngine           pid-1302                             D  sensor_monitor: msm_therm Reading 36000 .
2022-12-25 17:19:22.810  1302-1462  ThermalEngine           pid-1302                             I  Sensor:msm_therm:36000 mC
2022-12-25 17:19:22.810  1302-1462  ThermalEngine           pid-1302                             D  update_active_thresh: msm_therm Active(1), Hi(1) 44000, Lo(0) -2147483648, desc(0) Interval(1) 1000
2022-12-25 17:19:22.810 22931-23058 AudioTrack              pid-22931                            V  obtainBuffer(192) returned 192 = 192 + 0 err 0
2022-12-25 17:19:22.810  1302-1462  ThermalEngine           pid-1302                             D  sensor_monitor: msm_therm Sensor wait.
2022-12-25 17:19:22.810  1302-1462  ThermalEngine           pid-1302                             D  sensor_wait: msm_therm Wait start. 1000ms
2022-12-25 17:19:22.814 22931-23058 AudioTrack              pid-22931                            V  obtainBuffer(192) returned 192 = 192 + 0 err 0
2022-12-25 17:19:22.842 22931-23058 chatty                  pid-22931                            I  uid=10213(com.inforcegames.app3dmodelling) AudioTrack identical 7 lines
2022-12-25 17:19:22.847 22931-23058 AudioTrack              pid-22931                            V  obtainBuffer(192) returned 192 = 192 + 0 err 0
2022-12-25 17:19:22.851 22931-23058 AudioTrack              pid-22931                            V  obtainBuffer(192) returned 192 = 128 + 64 err 0
2022-12-25 17:19:22.851 22931-23058 AudioTrack              pid-22931                            V  obtainBuffer(64) returned 64 = 64 + 0 err 0
2022-12-25 17:19:22.855 22931-23058 AudioTrack              pid-22931                            V  obtainBuffer(192) returned 192 = 192 + 0 err 0
2022-12-25 17:19:22.887 22931-23058 chatty                  pid-22931                            I  uid=10213(com.inforcegames.app3dmodelling) AudioTrack identical 8 lines
2022-12-25 17:19:22.891 22931-23058 AudioTrack              pid-22931                            V  obtainBuffer(192) returned 192 = 192 + 0 err 0
2022-12-25 17:19:22.894 22931-23058 AudioTrack              pid-22931                            V  obtainBuffer(192) returned 192 = 64 + 128 err 0
2022-12-25 17:19:22.894 22931-23058 AudioTrack              pid-22931                            V  obtainBuffer(128) returned 128 = 128 + 0 err 0
2022-12-25 17:19:22.898 22931-23058 AudioTrack              pid-22931                            V  obtainBuffer(192) returned 192 = 192 + 0 err 0
2022-12-25 17:19:22.970 22931-23058 chatty                  pid-22931                            I  uid=10213(com.inforcegames.app3dmodelling) AudioTrack identical 18 lines
2022-12-25 17:19:22.974 22931-23058 AudioTrack              pid-22931                            V  obtainBuffer(192) returned 192 = 192 + 0 err 0
2022-12-25 17:19:22.978 22931-23058 AudioTrack              pid-22931                            V  obtainBuffer(192) returned 192 = 128 + 64 err 0
2022-12-25 17:19:22.978 22931-23058 AudioTrack              pid-22931                            V  obtainBuffer(64) returned 64 = 64 + 0 err 0
2022-12-25 17:19:22.983 22931-23058 AudioTrack              pid-22931                            V  obtainBuffer(192) returned 192 = 192 + 0 err 0
2022-12-25 17:19:23.015 22931-23058 chatty                  pid-22931                            I  uid=10213(com.inforcegames.app3dmodelling) AudioTrack identical 8 lines
2022-12-25 17:19:23.018 22931-23058 AudioTrack              pid-22931                            V  obtainBuffer(192) returned 192 = 192 + 0 err 0
2022-12-25 17:19:23.023 22931-23058 AudioTrack              pid-22931                            V  obtainBuffer(192) returned 192 = 64 + 128 err 0
2022-12-25 17:19:23.023 22931-23058 AudioTrack              pid-22931                            V  obtainBuffer(128) returned 128 = 128 + 0 err 0
2022-12-25 17:19:23.026 22931-23058 AudioTrack              pid-22931                            V  obtainBuffer(192) returned 192 = 192 + 0 err 0
2022-12-25 17:19:23.098 22931-23058 chatty                  pid-22931                            I  uid=10213(com.inforcegames.app3dmodelling) AudioTrack identical 18 lines
2022-12-25 17:19:23.102 22931-23058 AudioTrack              pid-22931                            V  obtainBuffer(192) returned 192 = 192 + 0 err 0
2022-12-25 17:19:23.106 22931-23058 AudioTrack              pid-22931                            V  obtainBuffer(192) returned 192 = 128 + 64 err 0
2022-12-25 17:19:23.106 22931-23058 AudioTrack              pid-22931                            V  obtainBuffer(64) returned 64 = 64 + 0 err 0
2022-12-25 17:19:23.110 22931-23058 AudioTrack              pid-22931                            V  obtainBuffer(192) returned 192 = 192 + 0 err 0
2022-12-25 17:19:23.143 22931-23058 chatty                  pid-22931                            I  uid=10213(com.inforcegames.app3dmodelling) AudioTrack identical 8 lines
2022-12-25 17:19:23.146 22931-23058 AudioTrack              pid-22931                            V  obtainBuffer(192) returned 192 = 192 + 0 err 0
2022-12-25 17:19:23.151 22931-23058 AudioTrack              pid-22931                            V  obtainBuffer(192) returned 192 = 64 + 128 err 0
2022-12-25 17:19:23.151 22931-23058 AudioTrack              pid-22931                            V  obtainBuffer(128) returned 128 = 128 + 0 err 0
2022-12-25 17:19:23.155 22931-23058 AudioTrack              pid-22931                            V  obtainBuffer(192) returned 192 = 192 + 0 err 0
2022-12-25 17:19:23.227 22931-23058 chatty                  pid-22931                            I  uid=10213(com.inforcegames.app3dmodelling) AudioTrack identical 18 lines
2022-12-25 17:19:23.230 22931-23058 AudioTrack              pid-22931                            V  obtainBuffer(192) returned 192 = 192 + 0 err 0
2022-12-25 17:19:23.234 22931-23058 AudioTrack              pid-22931                            V  obtainBuffer(192) returned 192 = 128 + 64 err 0
2022-12-25 17:19:23.234 22931-23058 AudioTrack              pid-22931                            V  obtainBuffer(64) returned 64 = 64 + 0 err 0
2022-12-25 17:19:23.239 22931-23058 AudioTrack              pid-22931                            V  obtainBuffer(192) returned 192 = 192 + 0 err 0
2022-12-25 17:19:23.270 22931-23058 chatty                  pid-22931                            I  uid=10213(com.inforcegames.app3dmodelling) AudioTrack identical 8 lines
2022-12-25 17:19:23.275 22931-23058 AudioTrack              pid-22931                            V  obtainBuffer(192) returned 192 = 192 + 0 err 0
2022-12-25 17:19:23.278 22931-23058 AudioTrack              pid-22931                            V  obtainBuffer(192) returned 192 = 64 + 128 err 0
2022-12-25 17:19:23.278 22931-23058 AudioTrack              pid-22931                            V  obtainBuffer(128) returned 128 = 128 + 0 err 0
2022-12-25 17:19:23.280 22931-22931 Ads                     pid-22931                            I  Use RequestConfiguration.Builder().setTestDeviceIds(Arrays.asList("5A5EC914A569F7A81DB426CC1EC8BFE2")) to get test ads on this device.
2022-12-25 17:19:23.282 22931-23058 AudioTrack              pid-22931                            V  obtainBuffer(192) returned 192 = 192 + 0 err 0
2022-12-25 17:19:23.354 22931-23058 chatty                  pid-22931                            I  uid=10213(com.inforcegames.app3dmodelling) AudioTrack identical 18 lines
2022-12-25 17:19:23.359 22931-23058 AudioTrack              pid-22931                            V  obtainBuffer(192) returned 192 = 192 + 0 err 0
2022-12-25 17:19:23.362 22931-23058 AudioTrack              pid-22931                            V  obtainBuffer(192) returned 192 = 128 + 64 err 0
2022-12-25 17:19:23.362 22931-23058 AudioTrack              pid-22931                            V  obtainBuffer(64) returned 64 = 64 + 0 err 0
2022-12-25 17:19:23.366 22931-23058 AudioTrack              pid-22931                            V  obtainBuffer(192) returned 192 = 192 + 0 err 0
2022-12-25 17:19:23.398 22931-23058 chatty                  pid-22931                            I  uid=10213(com.inforcegames.app3dmodelling) AudioTrack identical 8 lines
2022-12-25 17:19:23.402 22931-23058 AudioTrack              pid-22931                            V  obtainBuffer(192) returned 192 = 192 + 0 err 0
2022-12-25 17:19:23.406 22931-23058 AudioTrack              pid-22931                            V  obtainBuffer(192) returned 192 = 64 + 128 err 0
2022-12-25 17:19:23.406 22931-23058 AudioTrack              pid-22931                            V  obtainBuffer(128) returned 128 = 128 + 0 err 0
2022-12-25 17:19:23.406 22931-19041 AudioManager            pid-22931                            I  In isSpeakerphoneOn(), calling application: com.inforcegames.app3dmodelling
2022-12-25 17:19:23.407  2280-3796  AudioService            pid-2280                             I  In isSpeakerphoneOn(), mForcedUseForCommExt: 0
2022-12-25 17:19:23.408 22931-19041 AudioManager            pid-22931                            D  getStreamVolume isRestricted mode = 0
2022-12-25 17:19:23.410 22931-23058 AudioTrack              pid-22931                            V  obtainBuffer(192) returned 192 = 192 + 0 err 0
2022-12-25 17:19:23.414 22931-23058 AudioTrack              pid-22931                            V  obtainBuffer(192) returned 192 = 192 + 0 err 0
2022-12-25 17:19:23.416 22931-22931 ConnectionStatusConfig  pid-22931                            W  Dynamic lookup for intent failed for action: com.google.android.gms.ads.service.CACHE
2022-12-25 17:19:23.417   688-688   audio_hw_spkr_prot      pid-688                              D  audio_extn_fbsp_get_parameters: Speaker protection disabled
2022-12-25 17:19:23.418   688-688   audio_hw_extn           pid-688                              D  audio_extn_get_parameters: returns 
2022-12-25 17:19:23.418 22931-23058 AudioTrack              pid-22931                            V  obtainBuffer(192) returned 192 = 192 + 0 err 0
2022-12-25 17:19:23.418   743-931   hash_map_utils          pid-743                              I  key: 'hifi_mode' value: ''
2022-12-25 17:19:23.422 22931-23058 AudioTrack              pid-22931                            V  obtainBuffer(192) returned 192 = 192 + 0 err 0
2022-12-25 17:19:23.425 22931-19041 AudioManager            pid-22931                            D  getStreamVolume isRestricted mode = 0
2022-12-25 17:19:23.426 22931-23058 AudioTrack              pid-22931                            V  obtainBuffer(192) returned 192 = 192 + 0 err 0
2022-12-25 17:19:23.426  2280-3796  CompatibilityInfo       pid-2280                             D  mCompatibilityFlags - 0
2022-12-25 17:19:23.427  2280-3796  CompatibilityInfo       pid-2280                             D  applicationDensity - 440
2022-12-25 17:19:23.427  2280-3796  CompatibilityInfo       pid-2280                             D  applicationScale - 1.0
2022-12-25 17:19:23.430 22931-23058 AudioTrack              pid-22931                            V  obtainBuffer(192) returned 192 = 192 + 0 err 0
2022-12-25 17:19:23.434 22931-23058 AudioTrack              pid-22931                            V  obtainBuffer(192) returned 192 = 192 + 0 err 0
2022-12-25 17:19:23.435 17758-17758 BoundBrokerSvc          pid-17758                            D  onBind: Intent { act=com.google.android.gms.ads.service.CACHE pkg=com.google.android.gms }
2022-12-25 17:19:23.435 17758-17758 BoundBrokerSvc          pid-17758                            D  Loading bound service for intent: Intent { act=com.google.android.gms.ads.service.CACHE pkg=com.google.android.gms }
2022-12-25 17:19:23.438 22931-23058 AudioTrack              pid-22931                            V  obtainBuffer(192) returned 192 = 192 + 0 err 0
2022-12-25 17:19:23.482 22931-23058 chatty                  pid-22931                            I  uid=10213(com.inforcegames.app3dmodelling) AudioTrack identical 11 lines
2022-12-25 17:19:23.486 22931-23058 AudioTrack              pid-22931                            V  obtainBuffer(192) returned 192 = 192 + 0 err 0
2022-12-25 17:19:23.490 22931-23058 AudioTrack              pid-22931                            V  obtainBuffer(192) returned 192 = 128 + 64 err 0
2022-12-25 17:19:23.490 22931-23058 AudioTrack              pid-22931                            V  obtainBuffer(64) returned 64 = 64 + 0 err 0
2022-12-25 17:19:23.494 22931-23058 AudioTrack              pid-22931                            V  obtainBuffer(192) returned 192 = 192 + 0 err 0
2022-12-25 17:19:23.526 22931-23058 chatty                  pid-22931                            I  uid=10213(com.inforcegames.app3dmodelling) AudioTrack identical 8 lines
2022-12-25 17:19:23.530 22931-23058 AudioTrack              pid-22931                            V  obtainBuffer(192) returned 192 = 192 + 0 err 0
2022-12-25 17:19:23.531 22931-19044 Ads                     pid-22931                            E  Couldn't create RTB adapter : 
                                                                                                    android.os.RemoteException
                                                                                                    	at com.google.android.gms.internal.ads.zzbtw.zzc(com.google.android.gms:play-services-ads-lite@@21.0.0:4)
                                                                                                    	at com.google.android.gms.internal.ads.zzbty.zzbI(com.google.android.gms:play-services-ads-lite@@21.0.0:8)
                                                                                                    	at com.google.android.gms.internal.ads.zzaqw.onTransact(com.google.android.gms:play-services-ads-base@@21.0.0:3)
                                                                                                    	at android.os.Binder.transact(Binder.java:667)
                                                                                                    	at afj.bd(:com.google.android.gms.policy_ads_fdr_dynamite@224400003@224400003057.484457631.484457631:2)
                                                                                                    	at com.google.android.gms.ads.internal.mediation.client.b.c(:com.google.android.gms.policy_ads_fdr_dynamite@224400003@224400003057.484457631.484457631:1)
                                                                                                    	at com.google.android.gms.ads.nonagon.adapter.e.b(:com.google.android.gms.policy_ads_fdr_dynamite@224400003@224400003057.484457631.484457631:1)
                                                                                                    	at com.google.android.gms.ads.nonagon.signals.ei.a(:com.google.android.gms.policy_ads_fdr_dynamite@224400003@224400003057.484457631.484457631:3)
                                                                                                    	at brk.a(:com.google.android.gms.policy_ads_fdr_dynamite@224400003@224400003057.484457631.484457631:2)
                                                                                                    	at bqt.run(:com.google.android.gms.policy_ads_fdr_dynamite@224400003@224400003057.484457631.484457631:3)
                                                                                                    	at brm.run(:com.google.android.gms.policy_ads_fdr_dynamite@224400003@224400003057.484457631.484457631:0)
                                                                                                    	at java.util.concurrent.ThreadPoolExecutor.runWorker(ThreadPoolExecutor.java:1167)
                                                                                                    	at java.util.concurrent.ThreadPoolExecutor$Worker.run(ThreadPoolExecutor.java:641)
                                                                                                    	at java.lang.Thread.run(Thread.java:764)
2022-12-25 17:19:23.534 22931-23058 AudioTrack              pid-22931                            V  obtainBuffer(192) returned 192 = 64 + 128 err 0
2022-12-25 17:19:23.534 22931-23058 AudioTrack              pid-22931                            V  obtainBuffer(128) returned 128 = 128 + 0 err 0
2022-12-25 17:19:23.539 22931-23058 AudioTrack              pid-22931                            V  obtainBuffer(192) returned 192 = 192 + 0 err 0
2022-12-25 17:19:23.543 22931-23058 chatty                  pid-22931                            I  uid=10213(com.inforcegames.app3dmodelling) AudioTrack identical 1 line
2022-12-25 17:19:23.546 22931-23058 AudioTrack              pid-22931                            V  obtainBuffer(192) returned 192 = 192 + 0 err 0
2022-12-25 17:19:23.550 22931-19059 ConnectionStatusConfig  pid-22931                            W  Dynamic lookup for intent failed for action: com.google.android.gms.ads.service.START
2022-12-25 17:19:23.550 22931-23058 AudioTrack              pid-22931                            V  obtainBuffer(192) returned 192 = 192 + 0 err 0
2022-12-25 17:19:23.555 22931-23058 chatty                  pid-22931                            I  uid=10213(com.inforcegames.app3dmodelling) AudioTrack identical 1 line
2022-12-25 17:19:23.558 22931-23058 AudioTrack              pid-22931                            V  obtainBuffer(192) returned 192 = 192 + 0 err 0
2022-12-25 17:19:23.558  2280-3822  CompatibilityInfo       pid-2280                             D  mCompatibilityFlags - 0
2022-12-25 17:19:23.559  2280-3822  CompatibilityInfo       pid-2280                             D  applicationDensity - 440
2022-12-25 17:19:23.559  2280-3822  CompatibilityInfo       pid-2280                             D  applicationScale - 1.0
2022-12-25 17:19:23.562 22931-23058 AudioTrack              pid-22931                            V  obtainBuffer(192) returned 192 = 192 + 0 err 0
2022-12-25 17:19:23.565 17758-17758 BoundBrokerSvc          pid-17758                            D  onBind: Intent { act=com.google.android.gms.ads.service.START pkg=com.google.android.gms }
2022-12-25 17:19:23.565 17758-17758 BoundBrokerSvc          pid-17758                            D  Loading bound service for intent: Intent { act=com.google.android.gms.ads.service.START pkg=com.google.android.gms }
2022-12-25 17:19:23.566 22931-23058 AudioTrack              pid-22931                            V  obtainBuffer(192) returned 192 = 192 + 0 err 0
2022-12-25 17:19:23.610 22931-23058 chatty                  pid-22931                            I  uid=10213(com.inforcegames.app3dmodelling) AudioTrack identical 11 lines
2022-12-25 17:19:23.614 22931-23058 AudioTrack              pid-22931                            V  obtainBuffer(192) returned 192 = 192 + 0 err 0
2022-12-25 17:19:23.618 22931-23058 AudioTrack              pid-22931                            V  obtainBuffer(192) returned 192 = 128 + 64 err 0
2022-12-25 17:19:23.618 22931-23058 AudioTrack              pid-22931                            V  obtainBuffer(64) returned 64 = 64 + 0 err 0
2022-12-25 17:19:23.622 22931-23058 AudioTrack              pid-22931                            V  obtainBuffer(192) returned 192 = 192 + 0 err 0
2022-12-25 17:19:23.654 22931-23058 chatty                  pid-22931                            I  uid=10213(com.inforcegames.app3dmodelling) AudioTrack identical 8 lines
2022-12-25 17:19:23.658 22931-23058 AudioTrack              pid-22931                            V  obtainBuffer(192) returned 192 = 192 + 0 err 0
2022-12-25 17:19:23.662 22931-23058 AudioTrack              pid-22931                            V  obtainBuffer(192) returned 192 = 64 + 128 err 0
2022-12-25 17:19:23.662 22931-23058 AudioTrack              pid-22931                            V  obtainBuffer(128) returned 128 = 128 + 0 err 0
2022-12-25 17:19:23.665  2280-3796  CompatibilityInfo       pid-2280                             D  mCompatibilityFlags - 0
2022-12-25 17:19:23.665  2280-3796  CompatibilityInfo       pid-2280                             D  applicationDensity - 440
2022-12-25 17:19:23.665  2280-3796  CompatibilityInfo       pid-2280                             D  applicationScale - 1.0
2022-12-25 17:19:23.666 22931-23058 AudioTrack              pid-22931                            V  obtainBuffer(192) returned 192 = 192 + 0 err 0
2022-12-25 17:19:23.674 22931-23058 chatty                  pid-22931                            I  uid=10213(com.inforcegames.app3dmodelling) AudioTrack identical 2 lines
2022-12-25 17:19:23.678 22931-23058 AudioTrack              pid-22931                            V  obtainBuffer(192) returned 192 = 192 + 0 err 0
2022-12-25 17:19:23.679  2280-3247  CompatibilityInfo       pid-2280                             D  mCompatibilityFlags - 0
2022-12-25 17:19:23.679  2280-3247  CompatibilityInfo       pid-2280                             D  applicationDensity - 440
2022-12-25 17:19:23.679  2280-3247  CompatibilityInfo       pid-2280                             D  applicationScale - 1.0
2022-12-25 17:19:23.682 22931-23058 AudioTrack              pid-22931                            V  obtainBuffer(192) returned 192 = 192 + 0 err 0
2022-12-25 17:19:23.698 22931-23058 chatty                  pid-22931                            I  uid=10213(com.inforcegames.app3dmodelling) AudioTrack identical 4 lines
2022-12-25 17:19:23.702 22931-23058 AudioTrack              pid-22931                            V  obtainBuffer(192) returned 192 = 192 + 0 err 0
2022-12-25 17:19:23.705  2280-3247  CompatibilityInfo       pid-2280                             D  mCompatibilityFlags - 0
2022-12-25 17:19:23.705  2280-3247  CompatibilityInfo       pid-2280                             D  applicationDensity - 440
2022-12-25 17:19:23.705  2280-3247  CompatibilityInfo       pid-2280                             D  applicationScale - 1.0
2022-12-25 17:19:23.706 22931-23058 AudioTrack              pid-22931                            V  obtainBuffer(192) returned 192 = 192 + 0 err 0
2022-12-25 17:19:23.726 22931-23058 chatty                  pid-22931                            I  uid=10213(com.inforcegames.app3dmodelling) AudioTrack identical 5 lines
2022-12-25 17:19:23.730 22931-23058 AudioTrack              pid-22931                            V  obtainBuffer(192) returned 192 = 192 + 0 err 0
2022-12-25 17:19:23.730  2280-3247  CompatibilityInfo       pid-2280                             D  mCompatibilityFlags - 0
2022-12-25 17:19:23.730  2280-3247  CompatibilityInfo       pid-2280                             D  applicationDensity - 440
2022-12-25 17:19:23.730  2280-3247  CompatibilityInfo       pid-2280                             D  applicationScale - 1.0
2022-12-25 17:19:23.734 22931-23058 AudioTrack              pid-22931                            V  obtainBuffer(192) returned 192 = 192 + 0 err 0
2022-12-25 17:19:23.739 22931-23058 chatty                  pid-22931                            I  uid=10213(com.inforcegames.app3dmodelling) AudioTrack identical 1 line
2022-12-25 17:19:23.742 22931-23058 AudioTrack              pid-22931                            V  obtainBuffer(192) returned 192 = 192 + 0 err 0
2022-12-25 17:19:23.746 22931-23058 AudioTrack              pid-22931                            V  obtainBuffer(192) returned 192 = 128 + 64 err 0
2022-12-25 17:19:23.746 22931-23058 AudioTrack              pid-22931                            V  obtainBuffer(64) returned 64 = 64 + 0 err 0
