2022-12-26 09:42:38.717  2280-3295  Timeline                pid-2280                             I  Timeline: App_transition_ready time:49086999
2022-12-26 09:42:38.721  2280-3295  Timeline                pid-2280                             I  Timeline: App_transition_ready time:49087002
2022-12-26 09:42:38.724 23301-23325 Adreno                  pid-23301                            I  QUALCOMM build                   : 6774a42, I60e4284429
                                                                                                    Build Date                       : 09/17/20
                                                                                                    OpenGL ES Shader Compiler Version: EV031.25.03.01
                                                                                                    Local Branch                     : 
                                                                                                    Remote Branch                    : refs/tags/AU_LINUX_ANDROID_LA.UM.7.2.R1.09.00.00.442.049
                                                                                                    Remote Branch                    : NONE
                                                                                                    Reconstruct Branch               : NOTHING
2022-12-26 09:42:38.724 23301-23325 Adreno                  pid-23301                            I  Build Config                     : S L 6.0.7 AArch64
2022-12-26 09:42:38.740  2280-3295  Timeline                pid-2280                             I  Timeline: App_transition_ready time:49087022
2022-12-26 09:42:38.741 23301-23325 Adreno                  pid-23301                            I  PFP: 0x005ff113, ME: 0x005ff066
2022-12-26 09:42:38.744  2280-3295  Timeline                pid-2280                             I  Timeline: App_transition_ready time:49087026
2022-12-26 09:42:38.746 23301-23325 ConfigStore             pid-23301                            I  android::hardware::configstore::V1_0::ISurfaceFlingerConfigs::hasWideColorDisplay retrieved: 0
2022-12-26 09:42:38.747 23301-23325 ConfigStore             pid-23301                            I  android::hardware::configstore::V1_0::ISurfaceFlingerConfigs::hasHDRDisplay retrieved: 0
2022-12-26 09:42:38.748 23301-23325 OpenGLRenderer          pid-23301                            I  Initialized EGL, version 1.4
2022-12-26 09:42:38.748 23301-23325 OpenGLRenderer          pid-23301                            D  Swap behavior 2
2022-12-26 09:42:38.756  2280-3295  Timeline                pid-2280                             I  Timeline: App_transition_ready time:49087037
2022-12-26 09:42:38.807 13316-13371 MobileSignalController  pid-13316                            D  onSignalStrengthsChanged: SignalStrength: 99 0 -120 -160 -120 -160 -1 20 -102 -9 124 2147483647 0 2147483647 99 255 2147483647 gsm|lte use_rsrp_and_rssnr_for_lte_level  [-120, -115, -110, -105, -97] [-115, -105, -95, -85]
2022-12-26 09:42:38.807 13316-13371 NetworkCon...troller(1) pid-13316                            D  4G level = 4
2022-12-26 09:42:38.966  1302-1463  ThermalEngine           pid-1302                             D  sensor_wait: quiet_therm Wait done.
2022-12-26 09:42:38.969  1302-1463  ThermalEngine           pid-1302                             D  sensor_monitor: quiet_therm Reading 30000 .
2022-12-26 09:42:38.970  1302-1463  ThermalEngine           pid-1302                             I  Sensor:quiet_therm:30000 mC
2022-12-26 09:42:38.970  1302-1463  ThermalEngine           pid-1302                             D  update_active_thresh: quiet_therm Active(1), Hi(1) 40000, Lo(0) -2147483648, desc(0) Interval(1) 1000
2022-12-26 09:42:38.970  1302-1463  ThermalEngine           pid-1302                             D  sensor_monitor: quiet_therm Sensor wait.
2022-12-26 09:42:38.970  1302-1463  ThermalEngine           pid-1302                             D  sensor_wait: quiet_therm Wait start. 1000ms
2022-12-26 09:42:38.970  1302-1462  ThermalEngine           pid-1302                             D  sensor_wait: msm_therm Wait done.
2022-12-26 09:42:38.971  1302-1462  ThermalEngine           pid-1302                             D  sensor_monitor: msm_therm Reading 31000 .
2022-12-26 09:42:38.972  1302-1462  ThermalEngine           pid-1302                             I  Sensor:msm_therm:31000 mC
2022-12-26 09:42:38.972  1302-1462  ThermalEngine           pid-1302                             D  update_active_thresh: msm_therm Active(1), Hi(1) 44000, Lo(0) -2147483648, desc(0) Interval(1) 1000
2022-12-26 09:42:38.972  1302-1462  ThermalEngine           pid-1302                             D  sensor_monitor: msm_therm Sensor wait.
2022-12-26 09:42:38.972  1302-1462  ThermalEngine           pid-1302                             D  sensor_wait: msm_therm Wait start. 1000ms
2022-12-26 09:42:38.973 13316-13316 SignalClusterView       pid-13316                            D  updateMobileTypeImage  0
2022-12-26 09:42:38.975 13316-13316 chatty                  pid-13316                            I  uid=1000(system) com.android.systemui identical 1 line
2022-12-26 09:42:38.975 13316-13316 SignalClusterView       pid-13316                            D  updateMobileTypeImage  0
2022-12-26 09:42:39.009 13316-13316 EventBus                pid-13316                            D  [13316, u0] send(AppTransitionFinishedEvent)
2022-12-26 09:42:39.009 13316-13316 EventBus                pid-13316                            D  [13316, u0]  -> ForcedResizableInfoActivityController [0x5a348f6, P1] onBusEvent(AppTransitionFinishedEvent)
2022-12-26 09:42:39.009 13316-13316 EventBus                pid-13316                            D  [13316, u0] onBusEvent(AppTransitionFinishedEvent) duration: 23 microseconds, avg: 2653
2022-12-26 09:42:39.011  2280-2339  Timeline                pid-2280                             I  Timeline: App_transition_ready time:49087293
2022-12-26 09:42:39.011  2280-2339  Timeline                pid-2280                             I  Timeline: App_transition_stopped time:49087293
2022-12-26 09:42:39.011 13316-13316 EventBus                pid-13316                            D  [13316, u0] send(AppTransitionFinishedEvent)
2022-12-26 09:42:39.011 13316-13316 EventBus                pid-13316                            D  [13316, u0]  -> ForcedResizableInfoActivityController [0x5a348f6, P1] onBusEvent(AppTransitionFinishedEvent)
2022-12-26 09:42:39.011 13316-13316 EventBus                pid-13316                            D  [13316, u0] onBusEvent(AppTransitionFinishedEvent) duration: 14 microseconds, avg: 2649
2022-12-26 09:42:39.013  2280-2280  android.display         pid-2280                             W  type=1400 audit(0.0:14335): avc: denied { write } for name="logd" dev="tmpfs" ino=464 scontext=u:r:system_server:s0 tcontext=u:object_r:logd_socket:s0 tclass=sock_file permissive=0
2022-12-26 09:42:39.024  2280-2302  ActivityManager         pid-2280                             I  Displayed android/com.android.internal.app.ChooserActivity: +976ms
2022-12-26 09:42:39.025 24985-24985 GoogleInpu...hodService pid-24985                            I  GoogleInputMethodService.onFinishInput():3227 
2022-12-26 09:42:39.027 24985-24985 GoogleInpu...hodService pid-24985                            I  GoogleInputMethodService.updateDeviceLockedStatus():2087 repeatCheckTimes = 0, unlocked = true
2022-12-26 09:42:39.027 24985-24985 GoogleInpu...hodService pid-24985                            I  GoogleInputMethodService.onStartInput():1877 onStartInput(EditorInfo{inputType=0x0(NULL) imeOptions=0x0 privateImeOptions=null actionName=UNSPECIFIED actionLabel=null actionId=0 initialSelStart=-1 initialSelEnd=-1 initialCapsMode=0x0 hintText=null label=null packageName=android fieldId=-1 fieldName=null extras=null}, false)
2022-12-26 09:42:39.028 24985-24985 GoogleInpu...hodService pid-24985                            I  GoogleInputMethodService.shouldHideHeaderOnInitialState():4008 ShouldHideHeaderOnInitialState = false
2022-12-26 09:42:39.029 24985-24985 GoogleInpu...hodService pid-24985                            I  GoogleInputMethodService.updateDeviceLockedStatus():2087 repeatCheckTimes = 2, unlocked = true
2022-12-26 09:42:39.296 23301-23301 System.err              pid-23301                            W  java.lang.NullPointerException: Attempt to invoke virtual method 'java.lang.String android.net.Uri.toString()' on a null object reference
2022-12-26 09:42:39.296 23301-23301 System.err              pid-23301                            W  	at com.android.internal.app.ResolverActivity$WPSTypeParseUtils.isDocTypeResolved(ResolverActivity.java:2734)
2022-12-26 09:42:39.296 23301-23301 System.err              pid-23301                            W  	at com.android.internal.app.ResolverActivity$ResolveListAdapter.hasSystemWps(ResolverActivity.java:2053)
2022-12-26 09:42:39.296 23301-23301 System.err              pid-23301                            W  	at com.android.internal.app.ResolverActivity$ResolveListAdapter.hasOfficalRecommendation(ResolverActivity.java:2075)
2022-12-26 09:42:39.296 23301-23301 System.err              pid-23301                            W  	at com.android.internal.app.ResolverActivity$ResolveListAdapter.customResolver(ResolverActivity.java:1947)
2022-12-26 09:42:39.296 23301-23301 System.err              pid-23301                            W  	at com.android.internal.app.ResolverActivity$ResolveListAdapter.processSortedList(ResolverActivity.java:1919)
2022-12-26 09:42:39.296 23301-23301 System.err              pid-23301                            W  	at com.android.internal.app.ResolverActivity$ResolveListAdapter.access$900(ResolverActivity.java:1633)
2022-12-26 09:42:39.296 23301-23301 System.err              pid-23301                            W  	at com.android.internal.app.ResolverActivity$ResolveListAdapter$1.onPostExecute(ResolverActivity.java:1810)
2022-12-26 09:42:39.297 23301-23301 System.err              pid-23301                            W  	at com.android.internal.app.ResolverActivity$ResolveListAdapter$1.onPostExecute(ResolverActivity.java:1800)
2022-12-26 09:42:39.297 23301-23301 System.err              pid-23301                            W  	at android.os.AsyncTask.finish(AsyncTask.java:695)
2022-12-26 09:42:39.297 23301-23301 System.err              pid-23301                            W  	at android.os.AsyncTask.access$600(AsyncTask.java:180)
2022-12-26 09:42:39.297 23301-23301 System.err              pid-23301                            W  	at android.os.AsyncTask$InternalHandler.handleMessage(AsyncTask.java:712)
2022-12-26 09:42:39.297 23301-23301 System.err              pid-23301                            W  	at android.os.Handler.dispatchMessage(Handler.java:106)
2022-12-26 09:42:39.297 23301-23301 System.err              pid-23301                            W  	at android.os.Looper.loop(Looper.java:201)
2022-12-26 09:42:39.297 23301-23301 System.err              pid-23301                            W  	at android.app.ActivityThread.main(ActivityThread.java:6810)
2022-12-26 09:42:39.297 23301-23301 System.err              pid-23301                            W  	at java.lang.reflect.Method.invoke(Native Method)
2022-12-26 09:42:39.297 23301-23301 System.err              pid-23301                            W  	at com.android.internal.os.RuntimeInit$MethodAndArgsCaller.run(RuntimeInit.java:547)
2022-12-26 09:42:39.297 23301-23301 System.err              pid-23301                            W  	at com.android.internal.os.ZygoteInit.main(ZygoteInit.java:873)
2022-12-26 09:42:39.297 23301-23301 System.err              pid-23301                            W  java.lang.NullPointerException: Attempt to invoke virtual method 'java.lang.String android.net.Uri.toString()' on a null object reference
2022-12-26 09:42:39.297 23301-23301 System.err              pid-23301                            W  	at com.android.internal.app.ResolverActivity$WPSTypeParseUtils.isDocTypeResolved(ResolverActivity.java:2734)
2022-12-26 09:42:39.297 23301-23301 System.err              pid-23301                            W  	at com.android.internal.app.ResolverActivity$ResolveListAdapter.hasSystemWps(ResolverActivity.java:2053)
2022-12-26 09:42:39.297 23301-23301 System.err              pid-23301                            W  	at com.android.internal.app.ResolverActivity$ResolveListAdapter.hasOfficalRecommendation(ResolverActivity.java:2075)
2022-12-26 09:42:39.297 23301-23301 System.err              pid-23301                            W  	at com.android.internal.app.ResolverActivity.bindOfficalRecommendView(ResolverActivity.java:1319)
2022-12-26 09:42:39.297 23301-23301 System.err              pid-23301                            W  	at com.android.internal.app.ResolverActivity.access$1100(ResolverActivity.java:118)
2022-12-26 09:42:39.297 23301-23301 System.err              pid-23301                            W  	at com.android.internal.app.ResolverActivity$ResolveListAdapter$1.onPostExecute(ResolverActivity.java:1816)
2022-12-26 09:42:39.297 23301-23301 System.err              pid-23301                            W  	at com.android.internal.app.ResolverActivity$ResolveListAdapter$1.onPostExecute(ResolverActivity.java:1800)
2022-12-26 09:42:39.298 23301-23301 System.err              pid-23301                            W  	at android.os.AsyncTask.finish(AsyncTask.java:695)
2022-12-26 09:42:39.298 23301-23301 System.err              pid-23301                            W  	at android.os.AsyncTask.access$600(AsyncTask.java:180)
2022-12-26 09:42:39.298 23301-23301 System.err              pid-23301                            W  	at android.os.AsyncTask$InternalHandler.handleMessage(AsyncTask.java:712)
2022-12-26 09:42:39.298 23301-23301 System.err              pid-23301                            W  	at android.os.Handler.dispatchMessage(Handler.java:106)
2022-12-26 09:42:39.298 23301-23301 System.err              pid-23301                            W  	at android.os.Looper.loop(Looper.java:201)
2022-12-26 09:42:39.298 23301-23301 System.err              pid-23301                            W  	at android.app.ActivityThread.main(ActivityThread.java:6810)
2022-12-26 09:42:39.298 23301-23301 System.err              pid-23301                            W  	at java.lang.reflect.Method.invoke(Native Method)
2022-12-26 09:42:39.298 23301-23301 System.err              pid-23301                            W  	at com.android.internal.os.RuntimeInit$MethodAndArgsCaller.run(RuntimeInit.java:547)
2022-12-26 09:42:39.298 23301-23301 System.err              pid-23301                            W  	at com.android.internal.os.ZygoteInit.main(ZygoteInit.java:873)
2022-12-26 09:42:39.303  2280-2302  Timeline                pid-2280                             I  Timeline: Activity_windows_visible id: ActivityRecord{67dcfe0 u0 android/com.android.internal.app.ChooserActivity t1195} time:49087584
2022-12-26 09:42:39.374 23301-23332 IconCustomizer          pid-23301                            D  Content Ratio = -1.0
2022-12-26 09:42:39.376  2820-5429  DPMJ                    pid-2820                             I  |REQ:RCVR| DPM creating socket
2022-12-26 09:42:39.377 23301-23332 IconCustomizer          pid-23301                            D  Generate customized icon for com.google.android.apps.photos.png
2022-12-26 09:42:39.905  1302-1457  ThermalEngine           pid-1302                             D  sensor_wait: backlight_therm Wait done.
2022-12-26 09:42:39.907  1302-1457  ThermalEngine           pid-1302                             D  sensor_monitor: backlight_therm Reading 27000 .
2022-12-26 09:42:39.907  1302-1457  ThermalEngine           pid-1302                             I  Sensor:backlight_therm:27000 mC
2022-12-26 09:42:39.907  1302-1457  ThermalEngine           pid-1302                             D  update_active_thresh: backlight_therm Active(1), Hi(1) 45000, Lo(0) -2147483648, desc(0) Interval(1) 2000
2022-12-26 09:42:39.907  1302-1457  ThermalEngine           pid-1302                             D  sensor_monitor: backlight_therm Sensor wait.
2022-12-26 09:42:39.907  1302-1457  ThermalEngine           pid-1302                             D  sensor_wait: backlight_therm Wait start. 2000ms
2022-12-26 09:42:39.970  1302-1463  ThermalEngine           pid-1302                             D  sensor_wait: quiet_therm Wait done.
2022-12-26 09:42:39.972  1302-1462  ThermalEngine           pid-1302                             D  sensor_wait: msm_therm Wait done.
2022-12-26 09:42:39.974  1302-1463  ThermalEngine           pid-1302                             D  sensor_monitor: quiet_therm Reading 30000 .
2022-12-26 09:42:39.975  1302-1463  ThermalEngine           pid-1302                             I  Sensor:quiet_therm:30000 mC
2022-12-26 09:42:39.975  1302-1463  ThermalEngine           pid-1302                             D  update_active_thresh: quiet_therm Active(1), Hi(1) 40000, Lo(0) -2147483648, desc(0) Interval(1) 1000
2022-12-26 09:42:39.975  1302-1463  ThermalEngine           pid-1302                             D  sensor_monitor: quiet_therm Sensor wait.
2022-12-26 09:42:39.975  1302-1463  ThermalEngine           pid-1302                             D  sensor_wait: quiet_therm Wait start. 1000ms
2022-12-26 09:42:39.977  1302-1462  ThermalEngine           pid-1302                             D  sensor_monitor: msm_therm Reading 31000 .
2022-12-26 09:42:39.977  1302-1462  ThermalEngine           pid-1302                             I  Sensor:msm_therm:31000 mC
2022-12-26 09:42:39.977  1302-1462  ThermalEngine           pid-1302                             D  update_active_thresh: msm_therm Active(1), Hi(1) 44000, Lo(0) -2147483648, desc(0) Interval(1) 1000
2022-12-26 09:42:39.977  1302-1462  ThermalEngine           pid-1302                             D  sensor_monitor: msm_therm Sensor wait.
2022-12-26 09:42:39.977  1302-1462  ThermalEngine           pid-1302                             D  sensor_wait: msm_therm Wait start. 1000ms
2022-12-26 09:42:40.172 32738-22155 NetworkScheduler        pid-32738                            W  Error inserting period=5391000 preferred_charging_state=1 preferred_network_type=1 target_class=com.google.android.gms.measurement.PackageMeasurementTaskService required_network_type=0 runtime=1672044160164 required_idleness_state=0 source=16 service_kind=0 target_package=com.google.android.gms persistence_level=1 source_version=224814000 last_runtime=0 user_id=0 job_id=-1 requires_charging=0 tag=Measurement.PackageMeasurementTaskService.UPLOAD_TASK_TAG flex_time=2695000 task_type=0 retry_strategy={"maximum_backoff_seconds":{"3600":0},"initial_backoff_seconds":{"30":0},"retry_policy":{"0":0}} [CONTEXT service_id=218 ]
                                                                                                    android.database.sqlite.SQLiteConstraintException: UNIQUE constraint failed: pending_ops.tag, pending_ops.target_class, pending_ops.target_package, pending_ops.user_id (code 2067 SQLITE_CONSTRAINT_UNIQUE)
                                                                                                    	at android.database.sqlite.SQLiteConnection.nativeExecuteForLastInsertedRowId(Native Method)
                                                                                                    	at android.database.sqlite.SQLiteConnection.executeForLastInsertedRowId(SQLiteConnection.java:796)
                                                                                                    	at android.database.sqlite.SQLiteSession.executeForLastInsertedRowId(SQLiteSession.java:788)
                                                                                                    	at android.database.sqlite.SQLiteStatement.executeInsert(SQLiteStatement.java:86)
                                                                                                    	at android.database.sqlite.SQLiteDatabase.insertWithOnConflict(SQLiteDatabase.java:1564)
                                                                                                    	at android.database.sqlite.SQLiteDatabase.insertOrThrow(SQLiteDatabase.java:1459)
                                                                                                    	at bkqd.g(:com.google.android.gms@224814028@22.48.14 (100400-493411920):53)
                                                                                                    	at bkow.n(:com.google.android.gms@224814028@22.48.14 (100400-493411920):3)
                                                                                                    	at bkow.u(:com.google.android.gms@224814028@22.48.14 (100400-493411920):20)
                                                                                                    	at bkow.h(:com.google.android.gms@224814028@22.48.14 (100400-493411920):3)
                                                                                                    	at bkkn.run(:com.google.android.gms@224814028@22.48.14 (100400-493411920):9)
                                                                                                    	at abva.c(:com.google.android.gms@224814028@22.48.14 (100400-493411920):6)
                                                                                                    	at abva.run(:com.google.android.gms@224814028@22.48.14 (100400-493411920):7)
                                                                                                    	at java.util.concurrent.ThreadPoolExecutor.runWorker(ThreadPoolExecutor.java:1167)
                                                                                                    	at java.util.concurrent.ThreadPoolExecutor$Worker.run(ThreadPoolExecutor.java:641)
                                                                                                    	at acae.run(:com.google.android.gms@224814028@22.48.14 (100400-493411920):0)
                                                                                                    	at java.lang.Thread.run(Thread.java:764)
2022-12-26 09:42:40.230  2280-3295  ActivityManager         pid-2280                             I  START u0 {act=android.intent.action.PICK typ=image/* flg=0x3000000 cmp=com.miui.gallery/.picker.PickGalleryActivity} from uid 10213
2022-12-26 09:42:40.242  2280-3295  ActivityTrigger         pid-2280                             D  activityStartTrigger: Activity is Triggerred in full screen ApplicationInfo{e71eae9 com.miui.gallery}
2022-12-26 09:42:40.242  2280-3295  ActivityTrigger         pid-2280                             E  activityStartTrigger: not whiteListedcom.miui.gallery/com.miui.gallery.picker.PickGalleryActivity/399464
2022-12-26 09:42:40.244  2280-3295  CompatibilityInfo       pid-2280                             D  mCompatibilityFlags - 0
2022-12-26 09:42:40.244  2280-3295  CompatibilityInfo       pid-2280                             D  applicationDensity - 440
2022-12-26 09:42:40.244  2280-3295  CompatibilityInfo       pid-2280                             D  applicationScale - 1.0
2022-12-26 09:42:40.244  2280-3295  ActivityTrigger         pid-2280                             D  activityResumeTrigger: The activity in ApplicationInfo{e71eae9 com.miui.gallery} is now in focus and seems to be in full-screen mode
2022-12-26 09:42:40.244  2280-3295  ActivityTrigger         pid-2280                             E  activityResumeTrigger: not whiteListedcom.miui.gallery/com.miui.gallery.picker.PickGalleryActivity/399464
2022-12-26 09:42:40.245   716-777   ANDR-PERF-MPCTL         pid-716                              E  Invalid profile no. 0, total profiles 0 only
2022-12-26 09:42:40.246  2280-3295  ActivityTrigger         pid-2280                             D  ActivityTrigger activityPauseTrigger 
2022-12-26 09:42:40.261  2280-3295  ActivityTrigger         pid-2280                             D  activityResumeTrigger: The activity in ApplicationInfo{e71eae9 com.miui.gallery} is now in focus and seems to be in full-screen mode
2022-12-26 09:42:40.261  2280-3295  ActivityTrigger         pid-2280                             E  activityResumeTrigger: not whiteListedcom.miui.gallery/com.miui.gallery.picker.PickGalleryActivity/399464
2022-12-26 09:42:40.264 21412-21412 ActivityThread          pid-21412                            W  handleWindowVisibility: no activity for token android.os.BinderProxy@679496c
2022-12-26 09:42:40.269  2280-3295  CompatibilityInfo       pid-2280                             D  mCompatibilityFlags - 0
2022-12-26 09:42:40.269  2280-3295  CompatibilityInfo       pid-2280                             D  applicationDensity - 440
2022-12-26 09:42:40.269  2280-3295  CompatibilityInfo       pid-2280                             D  applicationScale - 1.0
2022-12-26 09:42:40.270 10811-13375 ProcessMonitor          pid-10811                            I  onForegroundInfoChanged: ForegroundInfo{mForegroundPackageName='com.miui.gallery', mForegroundUid=10011, mForegroundPid=21412, mLastForegroundPackageName='android', mLastForegroundUid=1000, mLastForegroundPid=23301, mMultiWindowForegroundPackageName='null', mMultiWindowForegroundUid=-1, mFlags=0}
2022-12-26 09:42:40.270  6181-6192  GST                     pid-6181                             I  forePkg: com.miui.gallery, preForePkg: android
2022-12-26 09:42:40.271 10811-13375 GameBoosterService      pid-10811                            I  onForegroundInfoChanged: Cur=com.miui.gallery	 last=android
2022-12-26 09:42:40.272 10811-13375 GameBoosterService      pid-10811                            D  onGameStatusChange foreground:ForegroundInfo{mForegroundPackageName='com.miui.gallery', mForegroundUid=10011, mForegroundPid=21412, mLastForegroundPackageName='android', mLastForegroundUid=1000, mLastForegroundPid=23301, mMultiWindowForegroundPackageName='null', mMultiWindowForegroundUid=-1, mFlags=0}
2022-12-26 09:42:40.272 10811-13375 VideoBoxUtils           pid-10811                            I  isSupportVideoBox: false
2022-12-26 09:42:40.282  2280-3295  Timeline                pid-2280                             I  Timeline: App_transition_ready time:49088564
2022-12-26 09:42:40.285 10811-13375 VideoToolBoxService     pid-10811                            I  splitMode: onfalse
2022-12-26 09:42:40.285 10811-13375 VideoToolBoxService     pid-10811                            I  onForegroundInfoChanged: Exit Vtb
2022-12-26 09:42:40.296  2280-2300  UsbDeviceManager        pid-2280                             E  handle message = 9
2022-12-26 09:42:40.296  2280-4370  LocSvc_HID...iption_jni pid-2280                             V  battery_level_update
2022-12-26 09:42:40.296  2280-4370  LocSvc_HID...iption_jni pid-2280                             V  [battery_level_update][931] [HC] =>> [HS]
2022-12-26 09:42:40.296   713-713   LocSvc_HID...bscription pid-713                              V  [batteryLevelUpdate][777] [HS] <<<<= [HC]
2022-12-26 09:42:40.297  2280-4370  LocSvc_HID...iption_jni pid-2280                             V  Exit Result 0
2022-12-26 09:42:40.298  2853-2853  QtiCarrierConfigHelper  pid-2853                             D  WARNING, no carrier configs on phone Id: 0
2022-12-26 09:42:40.299  3526-4111  PowerCheckerService     pid-3526                             D  onBatteryChanged, mBatteryLevel = 29, status = 2, level = 29, plug = 1, scale = 100
2022-12-26 09:42:40.299 10811-10811 BatteryInfoReceiver     pid-10811                            I  ACTION_BATTERY_CHANGED
2022-12-26 09:42:40.303  2280-2733  Timeline                pid-2280                             I  Timeline: App_transition_ready time:49088585
2022-12-26 09:42:40.303 13316-13316 KeyguardUpdateMonitor   pid-13316                            D  received broadcast android.intent.action.BATTERY_CHANGED
2022-12-26 09:42:40.305 21412-21412 CrossUserPickerActivity pid-21412                            D  getContentResolver: NormalContentResolver
2022-12-26 09:42:40.308 21412-21412 CrossUserPickerActivity pid-21412                            D  getContentResolver: NormalContentResolver
2022-12-26 09:42:40.313 10811-10811 PowerNoticeUI           pid-10811                            I  handleBatteryChanged oldPlugType 1 mPlugType 1 oldBatteryLevel 29 mBatteryLevel 29 temperature 270
2022-12-26 09:42:40.327 21412-21412 CrossUserPickerActivity pid-21412                            D  getApplicationContext: NormalApplication
2022-12-26 09:42:40.362 21412-21412 <no-tag>                pid-21412                            E  setFeedbackRadius failed , e:java.lang.NoSuchMethodException: setFeedbackRadius [float]
2022-12-26 09:42:40.430 21412-21412 CrossUserPickerActivity pid-21412                            D  getContentResolver: NormalContentResolver
2022-12-26 09:42:40.441 23337-23337 linker                  pid-23337                            A  CANNOT LINK EXECUTABLE "/system/bin/dpmd": "/system/lib64/libdpmframework.so" is 32-bit instead of 64-bit
2022-12-26 09:42:40.441 21412-21412 CrossUserPickerActivity pid-21412                            D  getContentResolver: NormalContentResolver
2022-12-26 09:42:40.454  2280-6954  CompatibilityInfo       pid-2280                             D  mCompatibilityFlags - 0
2022-12-26 09:42:40.454  2280-6954  CompatibilityInfo       pid-2280                             D  applicationDensity - 440
2022-12-26 09:42:40.454  2280-6954  CompatibilityInfo       pid-2280                             D  applicationScale - 1.0
2022-12-26 09:42:40.463  2280-2368  UiModeManager           pid-2280                             V  switch night mode to 2
2022-12-26 09:42:40.465 21412-21412 CrossUserPickerActivity pid-21412                            D  getContentResolver: NormalContentResolver
2022-12-26 09:42:40.508 21412-21412 CrossUserPickerActivity pid-21412                            D  getApplicationContext: NormalApplication
2022-12-26 09:42:40.511 21412-21485 ActivityThread          pid-21412                            E  Failed to find provider info for com.xiaomi.camera.parallelservice.provider.SpecialTypesProvider
2022-12-26 09:42:40.512 21412-21485 MiuiGaller...cheManager pid-21412                            W  [ModernAsyncTask #5] - release read lock,thread:[ModernAsyncTask #5]
2022-12-26 09:42:40.521 21412-21472 MiuiGallery2_Filter     pid-21412                            W  [gallery_Right_Now_0] - Found a unrecognized column
2022-12-26 09:42:40.551  2280-2733  Timeline                pid-2280                             I  Timeline: App_transition_ready time:49088832
2022-12-26 09:42:40.555  2280-2733  Timeline                pid-2280                             I  Timeline: App_transition_ready time:49088836
2022-12-26 09:42:40.558 21412-21467 Adreno                  pid-21412                            I  QUALCOMM build                   : 6774a42, I60e4284429
                                                                                                    Build Date                       : 09/17/20
                                                                                                    OpenGL ES Shader Compiler Version: EV031.25.03.01
                                                                                                    Local Branch                     : 
                                                                                                    Remote Branch                    : refs/tags/AU_LINUX_ANDROID_LA.UM.7.2.R1.09.00.00.442.049
                                                                                                    Remote Branch                    : NONE
                                                                                                    Reconstruct Branch               : NOTHING
2022-12-26 09:42:40.558 21412-21467 Adreno                  pid-21412                            I  Build Config                     : S L 6.0.7 AArch64
2022-12-26 09:42:40.573   745-745   SurfaceFlinger          pid-745                              D  duplicate layer name: changing Surface(name=38d0a02 NavigationBar)/@0x4bd851b - animation-leash to Surface(name=38d0a02 NavigationBar)/@0x4bd851b - animation-leash#1
2022-12-26 09:42:40.574 21412-21467 Adreno                  pid-21412                            I  PFP: 0x005ff113, ME: 0x005ff066
2022-12-26 09:42:40.576 21412-21467 ConfigStore             pid-21412                            I  android::hardware::configstore::V1_0::ISurfaceFlingerConfigs::hasWideColorDisplay retrieved: 0
2022-12-26 09:42:40.576 21412-21467 ConfigStore             pid-21412                            I  android::hardware::configstore::V1_0::ISurfaceFlingerConfigs::hasHDRDisplay retrieved: 0
2022-12-26 09:42:40.577 21412-21467 OpenGLRenderer          pid-21412                            I  Initialized EGL, version 1.4
2022-12-26 09:42:40.578 21412-21467 OpenGLRenderer          pid-21412                            D  Swap behavior 2
2022-12-26 09:42:40.578  2280-6062  Timeline                pid-2280                             I  Timeline: App_transition_ready time:49088860
2022-12-26 09:42:40.588  2280-6954  Timeline                pid-2280                             I  Timeline: App_transition_ready time:49088870
2022-12-26 09:42:40.595  2280-6062  Timeline                pid-2280                             I  Timeline: App_transition_ready time:49088877
2022-12-26 09:42:40.639  2280-2294  ActivityManager         pid-2280                             V  Attempted to start a foreground service (ComponentInfo{com.miui.gallery/com.miui.gallery.scanner.core.MediaScannerService}) with a broken notification (no icon: Notification(channel=com.miui.gallery.MIN pri=0 contentView=null vibrate=null sound=null defaults=0x0 flags=0x40 color=0x00000000 vis=PRIVATE))
2022-12-26 09:42:40.643  2280-2339  Timeline                pid-2280                             I  Timeline: App_transition_ready time:49088925
2022-12-26 09:42:40.643  2280-2339  Timeline                pid-2280                             I  Timeline: App_transition_stopped time:49088925
2022-12-26 09:42:40.646 13316-13316 EventBus                pid-13316                            D  [13316, u0] send(AppTransitionFinishedEvent)
2022-12-26 09:42:40.647 13316-13316 EventBus                pid-13316                            D  [13316, u0]  -> ForcedResizableInfoActivityController [0x5a348f6, P1] onBusEvent(AppTransitionFinishedEvent)
2022-12-26 09:42:40.647 13316-13316 EventBus                pid-13316                            D  [13316, u0] onBusEvent(AppTransitionFinishedEvent) duration: 26 microseconds, avg: 2646
2022-12-26 09:42:40.647 13316-13316 EventBus                pid-13316                            D  [13316, u0] send(AppTransitionFinishedEvent)
2022-12-26 09:42:40.647 13316-13316 EventBus                pid-13316                            D  [13316, u0]  -> ForcedResizableInfoActivityController [0x5a348f6, P1] onBusEvent(AppTransitionFinishedEvent)
2022-12-26 09:42:40.647 13316-13316 EventBus                pid-13316                            D  [13316, u0] onBusEvent(AppTransitionFinishedEvent) duration: 7 microseconds, avg: 2642
2022-12-26 09:42:40.647 13316-13316 EventBus                pid-13316                            D  [13316, u0] send(AppTransitionFinishedEvent)
2022-12-26 09:42:40.647 13316-13316 EventBus                pid-13316                            D  [13316, u0]  -> ForcedResizableInfoActivityController [0x5a348f6, P1] onBusEvent(AppTransitionFinishedEvent)
2022-12-26 09:42:40.647 13316-13316 EventBus                pid-13316                            D  [13316, u0] onBusEvent(AppTransitionFinishedEvent) duration: 7 microseconds, avg: 2639
2022-12-26 09:42:40.647 13316-13316 EventBus                pid-13316                            D  [13316, u0] send(AppTransitionFinishedEvent)
2022-12-26 09:42:40.647 13316-13316 EventBus                pid-13316                            D  [13316, u0]  -> ForcedResizableInfoActivityController [0x5a348f6, P1] onBusEvent(AppTransitionFinishedEvent)
2022-12-26 09:42:40.647 13316-13316 EventBus                pid-13316                            D  [13316, u0] onBusEvent(AppTransitionFinishedEvent) duration: 11 microseconds, avg: 2635
2022-12-26 09:42:40.648 13316-13316 StatusBar               pid-13316                            D  disable<e i a s b h r c s > disable2<q i n g r >
2022-12-26 09:42:40.648 13316-13316 StatusBarClock          pid-13316                            D   isNormalMode= true clock visible=true
2022-12-26 09:42:40.649 21412-21468 MiuiGallery2_Filter     pid-21412                            W  [ModernAsyncTask #1] - Found a unrecognized column
2022-12-26 09:42:40.649 21412-21468 MiuiGaller...cheManager pid-21412                            W  [ModernAsyncTask #1] - release read lock,thread:[ModernAsyncTask #1]
2022-12-26 09:42:40.653 21412-21482 MiuiGallery2_Filter     pid-21412                            W  [ModernAsyncTask #2] - Found a unrecognized column
2022-12-26 09:42:40.654 21412-21482 MiuiGaller...cheManager pid-21412                            W  [ModernAsyncTask #2] - release read lock,thread:[ModernAsyncTask #2]
2022-12-26 09:42:40.654 21412-21483 MiuiGallery2_Filter     pid-21412                            W  [ModernAsyncTask #3] - Found a unrecognized column
2022-12-26 09:42:40.658 21412-21483 MiuiGaller...cheManager pid-21412                            W  [ModernAsyncTask #3] - release read lock,thread:[ModernAsyncTask #3]
2022-12-26 09:42:40.665 22803-23340 OpenGLRenderer          pid-22803                            I  Initialized EGL, version 1.4
2022-12-26 09:42:40.665 22803-23340 OpenGLRenderer          pid-22803                            D  Swap behavior 2
2022-12-26 09:42:40.666 21412-21412 CrossUserPickerActivity pid-21412                            D  getContentResolver: NormalContentResolver
2022-12-26 09:42:40.653  2280-2280  android.display         pid-2280                             W  type=1400 audit(0.0:14336): avc: denied { write } for name="logd" dev="tmpfs" ino=464 scontext=u:r:system_server:s0 tcontext=u:object_r:logd_socket:s0 tclass=sock_file permissive=0
2022-12-26 09:42:40.666  2280-2302  ActivityManager         pid-2280                             I  Displayed com.miui.gallery/.picker.PickGalleryActivity: +380ms
2022-12-26 09:42:40.670  2280-2302  Timeline                pid-2280                             I  Timeline: Activity_windows_visible id: ActivityRecord{522c722 u0 com.miui.gallery/.picker.PickGalleryActivity t1195} time:49088952
2022-12-26 09:42:40.675 24985-24985 GoogleInpu...hodService pid-24985                            I  GoogleInputMethodService.onFinishInput():3227 
2022-12-26 09:42:40.678 24985-24985 GoogleInpu...hodService pid-24985                            I  GoogleInputMethodService.updateDeviceLockedStatus():2087 repeatCheckTimes = 0, unlocked = true
2022-12-26 09:42:40.678 24985-24985 GoogleInpu...hodService pid-24985                            I  GoogleInputMethodService.onStartInput():1877 onStartInput(EditorInfo{inputType=0x0(NULL) imeOptions=0x0 privateImeOptions=null actionName=UNSPECIFIED actionLabel=null actionId=0 initialSelStart=-1 initialSelEnd=-1 initialCapsMode=0x0 hintText=null label=null packageName=com.miui.gallery fieldId=-1 fieldName=null extras=null}, false)
2022-12-26 09:42:40.678 24985-24985 GoogleInpu...hodService pid-24985                            I  GoogleInputMethodService.shouldHideHeaderOnInitialState():4008 ShouldHideHeaderOnInitialState = false
2022-12-26 09:42:40.679 24985-24985 GoogleInpu...hodService pid-24985                            I  GoogleInputMethodService.updateDeviceLockedStatus():2087 repeatCheckTimes = 2, unlocked = true
2022-12-26 09:42:40.691 21412-21412 CrossUserPickerActivity pid-21412                            D  getApplicationContext: NormalApplication
2022-12-26 09:42:40.770 21412-21475 MiuiGallery2_MediaItem  pid-21412                            E  [gallery_Right_Now_3] - column 'coverPath' not found
2022-12-26 09:42:40.770 21412-21475 MiuiGallery2_Filter     pid-21412                            W  [gallery_Right_Now_3] - Found a unrecognized column
2022-12-26 09:42:40.771 21412-21475 MiuiGaller...cheManager pid-21412                            W  [gallery_Right_Now_3] - release read lock,thread:[gallery_Right_Now_3]
2022-12-26 09:42:40.776 21412-23348 MiuiGaller...lTypeFlags pid-21412                            W  [eventual-scan-1] - invalid correct logic [FillSpecialTypeFlags] found, clean the dirty code soon.
2022-12-26 09:42:40.776 21412-23348 MiuiGaller...DBFileName pid-21412                            W  [eventual-scan-1] - invalid correct logic [CleanupFilePathForDBFileName] found, clean the dirty code soon.
2022-12-26 09:42:40.777 21412-23348 MiuiGaller...ecretItems pid-21412                            W  [eventual-scan-1] - invalid correct logic [RestoreSecretItems] found, clean the dirty code soon.
2022-12-26 09:42:40.777 21412-23348 MiuiGaller...ernalItems pid-21412                            W  [eventual-scan-1] - invalid correct logic [CleanInternalItems] found, clean the dirty code soon.
2022-12-26 09:42:40.777 21412-23348 MiuiGaller...romRubbish pid-21412                            W  [eventual-scan-1] - invalid correct logic [RecoveryMustVisibleAlbumsFromRubbish] found, clean the dirty code soon.
2022-12-26 09:42:40.777 21412-23348 MiuiGaller...oudSetting pid-21412                            W  [eventual-scan-1] - invalid correct logic [ResetCloudSetting] found, clean the dirty code soon.
2022-12-26 09:42:40.778 21412-23348 MiuiGaller...tatusFiles pid-21412                            W  [eventual-scan-1] - invalid correct logic [CleanInvalidTempServerStatusFiles] found, clean the dirty code soon.
2022-12-26 09:42:40.778 21412-23348 MiuiGaller...yPathAlbum pid-21412                            W  [eventual-scan-1] - invalid correct logic [CleanEmptyPathAlbum] found, clean the dirty code soon.
2022-12-26 09:42:40.779 21412-23343 MiuiGaller...cheManager pid-21412                            W  [semi-scan-1] - updated AlbumCacheItem{id=43, mName='sdcard', mCoverId=1734, mCoverPath='/storage/emulated/0/screen-recording-1672044006832.mp4', mCoverSha1='3ee8cc4219080ef0bd6ffc1d73f356546b0d5d45', mCoverSyncState=3, mCoverSize=1417671, isManualSetCover=false, mPhotoCount=6, mExtraInfo='{}', mExtraBean=null, mServerId='null', mAttributes=65, mDateTaken=1671994308000, mDateModified=1301765989, mRealDateModified=1301200477, mSortBy=null, mDirectoryPath='-1983762891', mSortPosition=1671994308066, mLocalFlag=7, mServerTag=null, mServerStatus='null', mEditColumns='null', mAlbumSize=23466441, isVirtualAlbum=false}
2022-12-26 09:42:40.783 21412-23342 MiuiGallery2_SyncUtil   pid-21412                            E  [semi-scan-0] - isGalleryCloudSyncable false
2022-12-26 09:42:40.784 13316-13316 StatusBar               pid-13316                            D  onNotificationPosted key=0|com.miui.gallery|8|null|10011 isUpdate=false
2022-12-26 09:42:40.785 13316-13316 StatusBar               pid-13316                            D  filter Notification key=0|com.miui.gallery|8|null|10011
2022-12-26 09:42:40.787 21412-21412 EpoxyAdapter            pid-21412                            D  viewTypes{-2123074282,1065473736,1067775969,}
2022-12-26 09:42:40.827 21412-21412 View                    pid-21412                            E  isRecyclable decremented below 0: unmatched pair of setIsRecyable() calls for ViewHolder{f637ece position=-1 id=-1, oldPos=-1, pLpos:-1 unbound}
2022-12-26 09:42:40.835  2280-3804  CompatibilityInfo       pid-2280                             D  mCompatibilityFlags - 0
2022-12-26 09:42:40.835  2280-3804  CompatibilityInfo       pid-2280                             D  applicationDensity - 440
2022-12-26 09:42:40.835  2280-3804  CompatibilityInfo       pid-2280                             D  applicationScale - 1.0
2022-12-26 09:42:40.847 21412-21412 View                    pid-21412                            E  isRecyclable decremented below 0: unmatched pair of setIsRecyable() calls for ViewHolder{e0ebf5 position=-1 id=-1, oldPos=-1, pLpos:-1 unbound}
2022-12-26 09:42:40.861 21412-21412 View                    pid-21412                            E  isRecyclable decremented below 0: unmatched pair of setIsRecyable() calls for VH{124e589 position=-1 id=-1, oldPos=-1, pLpos:-1 unbound no parent}
2022-12-26 09:42:40.865 21412-23343 MiuiGaller...cheManager pid-21412                            W  [semi-scan-1] - updated AlbumCacheItem{id=43, mName='sdcard', mCoverId=1734, mCoverPath='/storage/emulated/0/screen-recording-1672044006832.mp4', mCoverSha1='3ee8cc4219080ef0bd6ffc1d73f356546b0d5d45', mCoverSyncState=3, mCoverSize=1417671, isManualSetCover=false, mPhotoCount=6, mExtraInfo='{}', mExtraBean=null, mServerId='null', mAttributes=65, mDateTaken=1671994308000, mDateModified=1672044160000, mRealDateModified=1301200477, mSortBy=null, mDirectoryPath='-1983762891', mSortPosition=1671994308066, mLocalFlag=7, mServerTag=null, mServerStatus='null', mEditColumns='null', mAlbumSize=23466441, isVirtualAlbum=false}
2022-12-26 09:42:40.867 21412-21412 View                    pid-21412                            E  isRecyclable decremented below 0: unmatched pair of setIsRecyable() calls for VH{2900dbc position=-1 id=-1, oldPos=-1, pLpos:-1 unbound no parent}
2022-12-26 09:42:40.870 21412-21412 StaticLayout            pid-21412                            W  maxLineHeight should not be -1.  maxLines:1 lineCount:1
2022-12-26 09:42:40.872 21412-23344 MiuiGallery2_SyncUtil   pid-21412                            E  [semi-scan-2] - isGalleryCloudSyncable false
2022-12-26 09:42:40.875 21412-21485 MiuiGallery2_Filter     pid-21412                            W  [ModernAsyncTask #5] - Found a unrecognized column
2022-12-26 09:42:40.876 21412-21485 MiuiGaller...cheManager pid-21412                            W  [ModernAsyncTask #5] - release read lock,thread:[ModernAsyncTask #5]
2022-12-26 09:42:40.881 32738-19829 NetworkScheduler        pid-32738                            W  Error inserting period=5390000 preferred_charging_state=1 preferred_network_type=1 target_class=com.google.android.gms.measurement.PackageMeasurementTaskService required_network_type=0 runtime=1672044160874 required_idleness_state=0 source=16 service_kind=0 target_package=com.google.android.gms persistence_level=1 source_version=224814000 last_runtime=0 user_id=0 job_id=-1 requires_charging=0 tag=Measurement.PackageMeasurementTaskService.UPLOAD_TASK_TAG flex_time=2694000 task_type=0 retry_strategy={"maximum_backoff_seconds":{"3600":0},"initial_backoff_seconds":{"30":0},"retry_policy":{"0":0}} [CONTEXT service_id=218 ]
                                                                                                    android.database.sqlite.SQLiteConstraintException: UNIQUE constraint failed: pending_ops.tag, pending_ops.target_class, pending_ops.target_package, pending_ops.user_id (code 2067 SQLITE_CONSTRAINT_UNIQUE)
                                                                                                    	at android.database.sqlite.SQLiteConnection.nativeExecuteForLastInsertedRowId(Native Method)
                                                                                                    	at android.database.sqlite.SQLiteConnection.executeForLastInsertedRowId(SQLiteConnection.java:796)
                                                                                                    	at android.database.sqlite.SQLiteSession.executeForLastInsertedRowId(SQLiteSession.java:788)
                                                                                                    	at android.database.sqlite.SQLiteStatement.executeInsert(SQLiteStatement.java:86)
                                                                                                    	at android.database.sqlite.SQLiteDatabase.insertWithOnConflict(SQLiteDatabase.java:1564)
                                                                                                    	at android.database.sqlite.SQLiteDatabase.insertOrThrow(SQLiteDatabase.java:1459)
                                                                                                    	at bkqd.g(:com.google.android.gms@224814028@22.48.14 (100400-493411920):53)
                                                                                                    	at bkow.n(:com.google.android.gms@224814028@22.48.14 (100400-493411920):3)
                                                                                                    	at bkow.u(:com.google.android.gms@224814028@22.48.14 (100400-493411920):20)
                                                                                                    	at bkow.h(:com.google.android.gms@224814028@22.48.14 (100400-493411920):3)
                                                                                                    	at bkkn.run(:com.google.android.gms@224814028@22.48.14 (100400-493411920):9)
                                                                                                    	at abva.c(:com.google.android.gms@224814028@22.48.14 (100400-493411920):6)
                                                                                                    	at abva.run(:com.google.android.gms@224814028@22.48.14 (100400-493411920):7)
                                                                                                    	at java.util.concurrent.ThreadPoolExecutor.runWorker(ThreadPoolExecutor.java:1167)
                                                                                                    	at java.util.concurrent.ThreadPoolExecutor$Worker.run(ThreadPoolExecutor.java:641)
