2022-12-25 21:16:57.320 12683-12755 chatty                  pid-12683                            I  uid=10213(com.inforcegames.app3dmodelling) AudioTrack identical 8 lines
2022-12-25 21:16:57.324 12683-12755 AudioTrack              pid-12683                            V  obtainBuffer(192) returned 192 = 192 + 0 err 0
2022-12-25 21:16:57.328 12683-12755 AudioTrack              pid-12683                            V  obtainBuffer(192) returned 192 = 64 + 128 err 0
2022-12-25 21:16:57.328 12683-12755 AudioTrack              pid-12683                            V  obtainBuffer(128) returned 128 = 128 + 0 err 0
2022-12-25 21:16:57.332 12683-12755 AudioTrack              pid-12683                            V  obtainBuffer(192) returned 192 = 192 + 0 err 0
2022-12-25 21:16:57.348 12683-12755 chatty                  pid-12683                            I  uid=10213(com.inforcegames.app3dmodelling) AudioTrack identical 4 lines
2022-12-25 21:16:57.352 12683-12755 AudioTrack              pid-12683                            V  obtainBuffer(192) returned 192 = 192 + 0 err 0
2022-12-25 21:16:57.354 13316-13316 SignalClusterView       pid-13316                            D  updateMobileTypeImage  0
2022-12-25 21:16:57.355 13316-13316 chatty                  pid-13316                            I  uid=1000(system) com.android.systemui identical 1 line
2022-12-25 21:16:57.355 13316-13316 SignalClusterView       pid-13316                            D  updateMobileTypeImage  0
2022-12-25 21:16:57.356 12683-12755 AudioTrack              pid-12683                            V  obtainBuffer(192) returned 192 = 192 + 0 err 0
2022-12-25 21:16:57.404 12683-12755 chatty                  pid-12683                            I  uid=10213(com.inforcegames.app3dmodelling) AudioTrack identical 12 lines
2022-12-25 21:16:57.408 12683-12755 AudioTrack              pid-12683                            V  obtainBuffer(192) returned 192 = 192 + 0 err 0
2022-12-25 21:16:57.412 12683-12755 AudioTrack              pid-12683                            V  obtainBuffer(192) returned 192 = 128 + 64 err 0
2022-12-25 21:16:57.412 12683-12755 AudioTrack              pid-12683                            V  obtainBuffer(64) returned 64 = 64 + 0 err 0
2022-12-25 21:16:57.417 12683-12755 AudioTrack              pid-12683                            V  obtainBuffer(192) returned 192 = 192 + 0 err 0
2022-12-25 21:16:57.448 12683-12755 chatty                  pid-12683                            I  uid=10213(com.inforcegames.app3dmodelling) AudioTrack identical 8 lines
2022-12-25 21:16:57.452 12683-12755 AudioTrack              pid-12683                            V  obtainBuffer(192) returned 192 = 192 + 0 err 0
2022-12-25 21:16:57.456 12683-12755 AudioTrack              pid-12683                            V  obtainBuffer(192) returned 192 = 64 + 128 err 0
2022-12-25 21:16:57.456 12683-12755 AudioTrack              pid-12683                            V  obtainBuffer(128) returned 128 = 128 + 0 err 0
2022-12-25 21:16:57.461 12683-12755 AudioTrack              pid-12683                            V  obtainBuffer(192) returned 192 = 192 + 0 err 0
2022-12-25 21:16:57.533 12683-12755 chatty                  pid-12683                            I  uid=10213(com.inforcegames.app3dmodelling) AudioTrack identical 18 lines
2022-12-25 21:16:57.537 12683-12755 AudioTrack              pid-12683                            V  obtainBuffer(192) returned 192 = 192 + 0 err 0
2022-12-25 21:16:57.540 12683-12755 AudioTrack              pid-12683                            V  obtainBuffer(192) returned 192 = 128 + 64 err 0
2022-12-25 21:16:57.540 12683-12755 AudioTrack              pid-12683                            V  obtainBuffer(64) returned 64 = 64 + 0 err 0
2022-12-25 21:16:57.546 12683-12755 AudioTrack              pid-12683                            V  obtainBuffer(192) returned 192 = 192 + 0 err 0
2022-12-25 21:16:57.576 12683-12755 chatty                  pid-12683                            I  uid=10213(com.inforcegames.app3dmodelling) AudioTrack identical 8 lines
2022-12-25 21:16:57.580 12683-12755 AudioTrack              pid-12683                            V  obtainBuffer(192) returned 192 = 192 + 0 err 0
2022-12-25 21:16:57.584 12683-12755 AudioTrack              pid-12683                            V  obtainBuffer(192) returned 192 = 64 + 128 err 0
2022-12-25 21:16:57.584 12683-12755 AudioTrack              pid-12683                            V  obtainBuffer(128) returned 128 = 128 + 0 err 0
2022-12-25 21:16:57.589 12683-12755 AudioTrack              pid-12683                            V  obtainBuffer(192) returned 192 = 192 + 0 err 0
2022-12-25 21:16:57.597 12683-12755 chatty                  pid-12683                            I  uid=10213(com.inforcegames.app3dmodelling) AudioTrack identical 2 lines
2022-12-25 21:16:57.600 12683-12755 AudioTrack              pid-12683                            V  obtainBuffer(192) returned 192 = 192 + 0 err 0
2022-12-25 21:16:57.600  1302-1462  ThermalEngine           pid-1302                             D  sensor_wait: msm_therm Wait done.
2022-12-25 21:16:57.602  1302-1462  ThermalEngine           pid-1302                             D  sensor_monitor: msm_therm Reading 40000 .
2022-12-25 21:16:57.602  1302-1462  ThermalEngine           pid-1302                             I  Sensor:msm_therm:40000 mC
2022-12-25 21:16:57.602  1302-1462  ThermalEngine           pid-1302                             D  update_active_thresh: msm_therm Active(1), Hi(1) 44000, Lo(0) -2147483648, desc(0) Interval(1) 1000
2022-12-25 21:16:57.602  1302-1462  ThermalEngine           pid-1302                             D  sensor_monitor: msm_therm Sensor wait.
2022-12-25 21:16:57.602  1302-1462  ThermalEngine           pid-1302                             D  sensor_wait: msm_therm Wait start. 1000ms
2022-12-25 21:16:57.605 12683-12755 AudioTrack              pid-12683                            V  obtainBuffer(192) returned 192 = 192 + 0 err 0
2022-12-25 21:16:57.606  1302-1463  ThermalEngine           pid-1302                             D  sensor_wait: quiet_therm Wait done.
2022-12-25 21:16:57.607  1302-1463  ThermalEngine           pid-1302                             D  sensor_monitor: quiet_therm Reading 38000 .
2022-12-25 21:16:57.607  1302-1463  ThermalEngine           pid-1302                             I  Sensor:quiet_therm:38000 mC
2022-12-25 21:16:57.607  1302-1463  ThermalEngine           pid-1302                             D  update_active_thresh: quiet_therm Active(1), Hi(1) 40000, Lo(0) -2147483648, desc(0) Interval(1) 1000
2022-12-25 21:16:57.607  1302-1463  ThermalEngine           pid-1302                             D  sensor_monitor: quiet_therm Sensor wait.
2022-12-25 21:16:57.607  1302-1463  ThermalEngine           pid-1302                             D  sensor_wait: quiet_therm Wait start. 1000ms
2022-12-25 21:16:57.608 12683-12755 AudioTrack              pid-12683                            V  obtainBuffer(192) returned 192 = 192 + 0 err 0
2022-12-25 21:16:57.660 12683-12755 chatty                  pid-12683                            I  uid=10213(com.inforcegames.app3dmodelling) AudioTrack identical 13 lines
2022-12-25 21:16:57.664 12683-12755 AudioTrack              pid-12683                            V  obtainBuffer(192) returned 192 = 192 + 0 err 0
2022-12-25 21:16:57.668 12683-12755 AudioTrack              pid-12683                            V  obtainBuffer(192) returned 192 = 128 + 64 err 0
2022-12-25 21:16:57.668 12683-12755 AudioTrack              pid-12683                            V  obtainBuffer(64) returned 64 = 64 + 0 err 0
2022-12-25 21:16:57.672 12683-12755 AudioTrack              pid-12683                            V  obtainBuffer(192) returned 192 = 192 + 0 err 0
2022-12-25 21:16:57.704 12683-12755 chatty                  pid-12683                            I  uid=10213(com.inforcegames.app3dmodelling) AudioTrack identical 8 lines
2022-12-25 21:16:57.709 12683-12755 AudioTrack              pid-12683                            V  obtainBuffer(192) returned 192 = 192 + 0 err 0
2022-12-25 21:16:57.712 12683-12755 AudioTrack              pid-12683                            V  obtainBuffer(192) returned 192 = 64 + 128 err 0
2022-12-25 21:16:57.712 12683-12755 AudioTrack              pid-12683                            V  obtainBuffer(128) returned 128 = 128 + 0 err 0
2022-12-25 21:16:57.717 12683-12755 AudioTrack              pid-12683                            V  obtainBuffer(192) returned 192 = 192 + 0 err 0
2022-12-25 21:16:57.732 12683-12755 chatty                  pid-12683                            I  uid=10213(com.inforcegames.app3dmodelling) AudioTrack identical 4 lines
2022-12-25 21:16:57.737 12683-12755 AudioTrack              pid-12683                            V  obtainBuffer(192) returned 192 = 192 + 0 err 0
2022-12-25 21:16:57.737   688-4296  audio_hw_spkr_prot      pid-688                              D  audio_extn_fbsp_get_parameters: Speaker protection disabled
2022-12-25 21:16:57.737   688-4296  audio_hw_extn           pid-688                              D  audio_extn_get_parameters: returns 
2022-12-25 21:16:57.737   743-8567  hash_map_utils          pid-743                              I  key: 'hifi_mode' value: ''
2022-12-25 21:16:57.740 12683-12755 AudioTrack              pid-12683                            V  obtainBuffer(192) returned 192 = 192 + 0 err 0
2022-12-25 21:16:57.741 12683-18131 AudioManager            pid-12683                            D  getStreamVolume isRestricted mode = 0
2022-12-25 21:16:57.743   688-4296  audio_hw_spkr_prot      pid-688                              D  audio_extn_fbsp_get_parameters: Speaker protection disabled
2022-12-25 21:16:57.743   688-4296  audio_hw_extn           pid-688                              D  audio_extn_get_parameters: returns 
2022-12-25 21:16:57.744   743-8567  hash_map_utils          pid-743                              I  key: 'hifi_mode' value: ''
2022-12-25 21:16:57.745 12683-12755 AudioTrack              pid-12683                            V  obtainBuffer(192) returned 192 = 192 + 0 err 0
2022-12-25 21:16:57.788 12683-12755 chatty                  pid-12683                            I  uid=10213(com.inforcegames.app3dmodelling) AudioTrack identical 11 lines
2022-12-25 21:16:57.792 12683-12755 AudioTrack              pid-12683                            V  obtainBuffer(192) returned 192 = 192 + 0 err 0
2022-12-25 21:16:57.796 12683-12755 AudioTrack              pid-12683                            V  obtainBuffer(192) returned 192 = 128 + 64 err 0
2022-12-25 21:16:57.796 12683-12755 AudioTrack              pid-12683                            V  obtainBuffer(64) returned 64 = 64 + 0 err 0
2022-12-25 21:16:57.800 12683-12755 AudioTrack              pid-12683                            V  obtainBuffer(192) returned 192 = 192 + 0 err 0
2022-12-25 21:16:57.832 12683-12755 chatty                  pid-12683                            I  uid=10213(com.inforcegames.app3dmodelling) AudioTrack identical 8 lines
2022-12-25 21:16:57.837 12683-12755 AudioTrack              pid-12683                            V  obtainBuffer(192) returned 192 = 192 + 0 err 0
2022-12-25 21:16:57.840 12683-12755 AudioTrack              pid-12683                            V  obtainBuffer(192) returned 192 = 64 + 128 err 0
2022-12-25 21:16:57.840 12683-12755 AudioTrack              pid-12683                            V  obtainBuffer(128) returned 128 = 128 + 0 err 0
2022-12-25 21:16:57.845 12683-12755 AudioTrack              pid-12683                            V  obtainBuffer(192) returned 192 = 192 + 0 err 0
2022-12-25 21:16:57.917 12683-12755 chatty                  pid-12683                            I  uid=10213(com.inforcegames.app3dmodelling) AudioTrack identical 18 lines
2022-12-25 21:16:57.920 12683-12755 AudioTrack              pid-12683                            V  obtainBuffer(192) returned 192 = 192 + 0 err 0
2022-12-25 21:16:57.924 12683-12755 AudioTrack              pid-12683                            V  obtainBuffer(192) returned 192 = 128 + 64 err 0
2022-12-25 21:16:57.924 12683-12755 AudioTrack              pid-12683                            V  obtainBuffer(64) returned 64 = 64 + 0 err 0
2022-12-25 21:16:57.929 12683-12755 AudioTrack              pid-12683                            V  obtainBuffer(192) returned 192 = 192 + 0 err 0
2022-12-25 21:16:57.960 12683-12755 chatty                  pid-12683                            I  uid=10213(com.inforcegames.app3dmodelling) AudioTrack identical 8 lines
2022-12-25 21:16:57.964 12683-12755 AudioTrack              pid-12683                            V  obtainBuffer(192) returned 192 = 192 + 0 err 0
2022-12-25 21:16:57.968 12683-12755 AudioTrack              pid-12683                            V  obtainBuffer(192) returned 192 = 64 + 128 err 0
2022-12-25 21:16:57.968 12683-12755 AudioTrack              pid-12683                            V  obtainBuffer(128) returned 128 = 128 + 0 err 0
2022-12-25 21:16:57.972 12683-12755 AudioTrack              pid-12683                            V  obtainBuffer(192) returned 192 = 192 + 0 err 0
2022-12-25 21:16:58.045 12683-12755 chatty                  pid-12683                            I  uid=10213(com.inforcegames.app3dmodelling) AudioTrack identical 18 lines
2022-12-25 21:16:58.049 12683-12755 AudioTrack              pid-12683                            V  obtainBuffer(192) returned 192 = 192 + 0 err 0
2022-12-25 21:16:58.052 12683-12755 AudioTrack              pid-12683                            V  obtainBuffer(192) returned 192 = 128 + 64 err 0
2022-12-25 21:16:58.052 12683-12755 AudioTrack              pid-12683                            V  obtainBuffer(64) returned 64 = 64 + 0 err 0
2022-12-25 21:16:58.057 12683-12755 AudioTrack              pid-12683                            V  obtainBuffer(192) returned 192 = 192 + 0 err 0
2022-12-25 21:16:58.089 12683-12755 chatty                  pid-12683                            I  uid=10213(com.inforcegames.app3dmodelling) AudioTrack identical 8 lines
2022-12-25 21:16:58.092 12683-12755 AudioTrack              pid-12683                            V  obtainBuffer(192) returned 192 = 192 + 0 err 0
2022-12-25 21:16:58.097 12683-12755 AudioTrack              pid-12683                            V  obtainBuffer(192) returned 192 = 64 + 128 err 0
2022-12-25 21:16:58.097 12683-12755 AudioTrack              pid-12683                            V  obtainBuffer(128) returned 128 = 128 + 0 err 0
2022-12-25 21:16:58.103 12683-12755 AudioTrack              pid-12683                            V  obtainBuffer(192) returned 192 = 192 + 0 err 0
2022-12-25 21:16:58.174 12683-12755 chatty                  pid-12683                            I  uid=10213(com.inforcegames.app3dmodelling) AudioTrack identical 18 lines
2022-12-25 21:16:58.176 12683-12755 AudioTrack              pid-12683                            V  obtainBuffer(192) returned 192 = 192 + 0 err 0
2022-12-25 21:16:58.180 12683-12755 AudioTrack              pid-12683                            V  obtainBuffer(192) returned 192 = 128 + 64 err 0
2022-12-25 21:16:58.180 12683-12755 AudioTrack              pid-12683                            V  obtainBuffer(64) returned 64 = 64 + 0 err 0
2022-12-25 21:16:58.186 12683-12755 AudioTrack              pid-12683                            V  obtainBuffer(192) returned 192 = 192 + 0 err 0
2022-12-25 21:16:58.212 12683-12755 chatty                  pid-12683                            I  uid=10213(com.inforcegames.app3dmodelling) AudioTrack identical 7 lines
2022-12-25 21:16:58.216 12683-12755 AudioTrack              pid-12683                            V  obtainBuffer(192) returned 192 = 192 + 0 err 0
2022-12-25 21:16:58.219  1302-1457  ThermalEngine           pid-1302                             D  sensor_wait: backlight_therm Wait done.
2022-12-25 21:16:58.221  1302-1457  ThermalEngine           pid-1302                             D  sensor_monitor: backlight_therm Reading 37000 .
2022-12-25 21:16:58.221  1302-1457  ThermalEngine           pid-1302                             I  Sensor:backlight_therm:37000 mC
2022-12-25 21:16:58.221  1302-1457  ThermalEngine           pid-1302                             D  update_active_thresh: backlight_therm Active(1), Hi(1) 45000, Lo(0) -2147483648, desc(0) Interval(1) 2000
2022-12-25 21:16:58.221  1302-1457  ThermalEngine           pid-1302                             D  sensor_monitor: backlight_therm Sensor wait.
2022-12-25 21:16:58.221  1302-1457  ThermalEngine           pid-1302                             D  sensor_wait: backlight_therm Wait start. 2000ms
2022-12-25 21:16:58.221 12683-12755 AudioTrack              pid-12683                            V  obtainBuffer(192) returned 192 = 192 + 0 err 0
2022-12-25 21:16:58.225 12683-12755 AudioTrack              pid-12683                            V  obtainBuffer(192) returned 192 = 64 + 128 err 0
2022-12-25 21:16:58.226 12683-12755 AudioTrack              pid-12683                            V  obtainBuffer(128) returned 128 = 128 + 0 err 0
2022-12-25 21:16:58.229 12683-12755 AudioTrack              pid-12683                            V  obtainBuffer(192) returned 192 = 192 + 0 err 0
2022-12-25 21:16:58.265 12683-12755 chatty                  pid-12683                            I  uid=10213(com.inforcegames.app3dmodelling) AudioTrack identical 9 lines
2022-12-25 21:16:58.268 12683-12755 AudioTrack              pid-12683                            V  obtainBuffer(192) returned 192 = 192 + 0 err 0
2022-12-25 21:16:58.271  2853-2870  m.android.phon          pid-2853                             I  Background concurrent copying GC freed 4457(448KB) AllocSpace objects, 0(0B) LOS objects, 50% free, 5MB/10MB, paused 270us total 108.172ms
2022-12-25 21:16:58.272 12683-12755 AudioTrack              pid-12683                            V  obtainBuffer(192) returned 192 = 192 + 0 err 0
2022-12-25 21:16:58.300 12683-12755 chatty                  pid-12683                            I  uid=10213(com.inforcegames.app3dmodelling) AudioTrack identical 7 lines
2022-12-25 21:16:58.304 12683-12755 AudioTrack              pid-12683                            V  obtainBuffer(192) returned 192 = 192 + 0 err 0
2022-12-25 21:16:58.308 12683-12755 AudioTrack              pid-12683                            V  obtainBuffer(192) returned 192 = 128 + 64 err 0
2022-12-25 21:16:58.308 12683-12755 AudioTrack              pid-12683                            V  obtainBuffer(64) returned 64 = 64 + 0 err 0
2022-12-25 21:16:58.314 12683-12755 AudioTrack              pid-12683                            V  obtainBuffer(192) returned 192 = 192 + 0 err 0
2022-12-25 21:16:58.344 12683-12755 chatty                  pid-12683                            I  uid=10213(com.inforcegames.app3dmodelling) AudioTrack identical 8 lines
2022-12-25 21:16:58.349 12683-12755 AudioTrack              pid-12683                            V  obtainBuffer(192) returned 192 = 192 + 0 err 0
2022-12-25 21:16:58.352 12683-12755 AudioTrack              pid-12683                            V  obtainBuffer(192) returned 192 = 64 + 128 err 0
2022-12-25 21:16:58.353 12683-12755 AudioTrack              pid-12683                            V  obtainBuffer(128) returned 128 = 128 + 0 err 0
2022-12-25 21:16:58.357 12683-12755 AudioTrack              pid-12683                            V  obtainBuffer(192) returned 192 = 192 + 0 err 0
2022-12-25 21:16:58.388 12683-12755 chatty                  pid-12683                            I  uid=10213(com.inforcegames.app3dmodelling) AudioTrack identical 8 lines
2022-12-25 21:16:58.392 12683-12755 AudioTrack              pid-12683                            V  obtainBuffer(192) returned 192 = 192 + 0 err 0
2022-12-25 21:16:58.393 13316-13371 MobileSignalController  pid-13316                            D  onSignalStrengthsChanged: SignalStrength: 99 0 -120 -160 -120 -160 -1 30 -89 -12 -60 2147483647 0 2147483647 99 255 2147483647 gsm|lte use_rsrp_and_rssnr_for_lte_level  [-120, -115, -110, -105, -97] [-115, -105, -95, -85]
2022-12-25 21:16:58.393 13316-13371 NetworkCon...troller(1) pid-13316                            D  4G level = 5
2022-12-25 21:16:58.397 12683-12755 AudioTrack              pid-12683                            V  obtainBuffer(192) returned 192 = 192 + 0 err 0
2022-12-25 21:16:58.429 12683-12755 chatty                  pid-12683                            I  uid=10213(com.inforcegames.app3dmodelling) AudioTrack identical 8 lines
2022-12-25 21:16:58.432 12683-12755 AudioTrack              pid-12683                            V  obtainBuffer(192) returned 192 = 192 + 0 err 0
2022-12-25 21:16:58.436 12683-12755 AudioTrack              pid-12683                            V  obtainBuffer(192) returned 192 = 128 + 64 err 0
2022-12-25 21:16:58.436 12683-12755 AudioTrack              pid-12683                            V  obtainBuffer(64) returned 64 = 64 + 0 err 0
2022-12-25 21:16:58.440 12683-12755 AudioTrack              pid-12683                            V  obtainBuffer(192) returned 192 = 192 + 0 err 0
2022-12-25 21:16:58.472 12683-12755 chatty                  pid-12683                            I  uid=10213(com.inforcegames.app3dmodelling) AudioTrack identical 8 lines
2022-12-25 21:16:58.476 12683-12755 AudioTrack              pid-12683                            V  obtainBuffer(192) returned 192 = 192 + 0 err 0
2022-12-25 21:16:58.481 12683-12755 AudioTrack              pid-12683                            V  obtainBuffer(192) returned 192 = 64 + 128 err 0
2022-12-25 21:16:58.481 12683-12755 AudioTrack              pid-12683                            V  obtainBuffer(128) returned 128 = 128 + 0 err 0
2022-12-25 21:16:58.484 12683-12755 AudioTrack              pid-12683                            V  obtainBuffer(192) returned 192 = 192 + 0 err 0
2022-12-25 21:16:58.557 12683-12755 chatty                  pid-12683                            I  uid=10213(com.inforcegames.app3dmodelling) AudioTrack identical 18 lines
2022-12-25 21:16:58.560 12683-12755 AudioTrack              pid-12683                            V  obtainBuffer(192) returned 192 = 192 + 0 err 0
2022-12-25 21:16:58.564 12683-12755 AudioTrack              pid-12683                            V  obtainBuffer(192) returned 192 = 128 + 64 err 0
2022-12-25 21:16:58.564 12683-12755 AudioTrack              pid-12683                            V  obtainBuffer(64) returned 64 = 64 + 0 err 0
2022-12-25 21:16:58.568 12683-12755 AudioTrack              pid-12683                            V  obtainBuffer(192) returned 192 = 192 + 0 err 0
2022-12-25 21:16:58.596 12683-12755 chatty                  pid-12683                            I  uid=10213(com.inforcegames.app3dmodelling) AudioTrack identical 7 lines
2022-12-25 21:16:58.600 12683-12755 AudioTrack              pid-12683                            V  obtainBuffer(192) returned 192 = 192 + 0 err 0
2022-12-25 21:16:58.602  1302-1462  ThermalEngine           pid-1302                             D  sensor_wait: msm_therm Wait done.
2022-12-25 21:16:58.604  1302-1462  ThermalEngine           pid-1302                             D  sensor_monitor: msm_therm Reading 40000 .
2022-12-25 21:16:58.604  1302-1462  ThermalEngine           pid-1302                             I  Sensor:msm_therm:40000 mC
2022-12-25 21:16:58.604  1302-1462  ThermalEngine           pid-1302                             D  update_active_thresh: msm_therm Active(1), Hi(1) 44000, Lo(0) -2147483648, desc(0) Interval(1) 1000
2022-12-25 21:16:58.604  1302-1462  ThermalEngine           pid-1302                             D  sensor_monitor: msm_therm Sensor wait.
2022-12-25 21:16:58.604  1302-1462  ThermalEngine           pid-1302                             D  sensor_wait: msm_therm Wait start. 1000ms
2022-12-25 21:16:58.605 12683-12755 AudioTrack              pid-12683                            V  obtainBuffer(192) returned 192 = 192 + 0 err 0
2022-12-25 21:16:58.608  1302-1463  ThermalEngine           pid-1302                             D  sensor_wait: quiet_therm Wait done.
2022-12-25 21:16:58.608 12683-12755 AudioTrack              pid-12683                            V  obtainBuffer(192) returned 192 = 64 + 128 err 0
2022-12-25 21:16:58.608 12683-12755 AudioTrack              pid-12683                            V  obtainBuffer(128) returned 128 = 128 + 0 err 0
2022-12-25 21:16:58.609  1302-1463  ThermalEngine           pid-1302                             D  sensor_monitor: quiet_therm Reading 38000 .
2022-12-25 21:16:58.609  1302-1463  ThermalEngine           pid-1302                             I  Sensor:quiet_therm:38000 mC
2022-12-25 21:16:58.609  1302-1463  ThermalEngine           pid-1302                             D  update_active_thresh: quiet_therm Active(1), Hi(1) 40000, Lo(0) -2147483648, desc(0) Interval(1) 1000
2022-12-25 21:16:58.609  1302-1463  ThermalEngine           pid-1302                             D  sensor_monitor: quiet_therm Sensor wait.
2022-12-25 21:16:58.609  1302-1463  ThermalEngine           pid-1302                             D  sensor_wait: quiet_therm Wait start. 1000ms
2022-12-25 21:16:58.613 12683-12755 AudioTrack              pid-12683                            V  obtainBuffer(192) returned 192 = 192 + 0 err 0
2022-12-25 21:16:58.684 12683-12755 chatty                  pid-12683                            I  uid=10213(com.inforcegames.app3dmodelling) AudioTrack identical 18 lines
2022-12-25 21:16:58.688 12683-12755 AudioTrack              pid-12683                            V  obtainBuffer(192) returned 192 = 192 + 0 err 0
2022-12-25 21:16:58.692 12683-12755 AudioTrack              pid-12683                            V  obtainBuffer(192) returned 192 = 128 + 64 err 0
2022-12-25 21:16:58.692 12683-12755 AudioTrack              pid-12683                            V  obtainBuffer(64) returned 64 = 64 + 0 err 0
2022-12-25 21:16:58.696 12683-12755 AudioTrack              pid-12683                            V  obtainBuffer(192) returned 192 = 192 + 0 err 0
2022-12-25 21:16:58.728 12683-12755 chatty                  pid-12683                            I  uid=10213(com.inforcegames.app3dmodelling) AudioTrack identical 8 lines
2022-12-25 21:16:58.732 12683-12755 AudioTrack              pid-12683                            V  obtainBuffer(192) returned 192 = 192 + 0 err 0
2022-12-25 21:16:58.737 12683-12755 AudioTrack              pid-12683                            V  obtainBuffer(192) returned 192 = 64 + 128 err 0
2022-12-25 21:16:58.737 12683-12755 AudioTrack              pid-12683                            V  obtainBuffer(128) returned 128 = 128 + 0 err 0
2022-12-25 21:16:58.742 12683-12755 AudioTrack              pid-12683                            V  obtainBuffer(192) returned 192 = 192 + 0 err 0
2022-12-25 21:16:58.812 12683-12755 chatty                  pid-12683                            I  uid=10213(com.inforcegames.app3dmodelling) AudioTrack identical 18 lines
2022-12-25 21:16:58.816 12683-12755 AudioTrack              pid-12683                            V  obtainBuffer(192) returned 192 = 192 + 0 err 0
2022-12-25 21:16:58.820 12683-12755 AudioTrack              pid-12683                            V  obtainBuffer(192) returned 192 = 128 + 64 err 0
2022-12-25 21:16:58.820 12683-12755 AudioTrack              pid-12683                            V  obtainBuffer(64) returned 64 = 64 + 0 err 0
2022-12-25 21:16:58.824 12683-12755 AudioTrack              pid-12683                            V  obtainBuffer(192) returned 192 = 192 + 0 err 0
2022-12-25 21:16:58.856 12683-12755 chatty                  pid-12683                            I  uid=10213(com.inforcegames.app3dmodelling) AudioTrack identical 8 lines
2022-12-25 21:16:58.860 12683-12755 AudioTrack              pid-12683                            V  obtainBuffer(192) returned 192 = 192 + 0 err 0
2022-12-25 21:16:58.864 12683-12755 AudioTrack              pid-12683                            V  obtainBuffer(192) returned 192 = 64 + 128 err 0
2022-12-25 21:16:58.864 12683-12755 AudioTrack              pid-12683                            V  obtainBuffer(128) returned 128 = 128 + 0 err 0
2022-12-25 21:16:58.868 12683-12755 AudioTrack              pid-12683                            V  obtainBuffer(192) returned 192 = 192 + 0 err 0
2022-12-25 21:16:58.884 12683-12755 chatty                  pid-12683                            I  uid=10213(com.inforcegames.app3dmodelling) AudioTrack identical 4 lines
2022-12-25 21:16:58.888 12683-12755 AudioTrack              pid-12683                            V  obtainBuffer(192) returned 192 = 192 + 0 err 0
2022-12-25 21:16:58.889 17758-17758 BoundBrokerSvc          pid-17758                            D  onUnbind: Intent { act=com.google.android.gms.measurement.START pkg=com.google.android.gms }
2022-12-25 21:16:58.892 12683-12755 AudioTrack              pid-12683                            V  obtainBuffer(192) returned 192 = 192 + 0 err 0
2022-12-25 21:16:58.940 12683-12755 chatty                  pid-12683                            I  uid=10213(com.inforcegames.app3dmodelling) AudioTrack identical 12 lines
2022-12-25 21:16:58.944 12683-12755 AudioTrack              pid-12683                            V  obtainBuffer(192) returned 192 = 192 + 0 err 0
2022-12-25 21:16:58.949 12683-12755 AudioTrack              pid-12683                            V  obtainBuffer(192) returned 192 = 128 + 64 err 0
2022-12-25 21:16:58.949 12683-12755 AudioTrack              pid-12683                            V  obtainBuffer(64) returned 64 = 64 + 0 err 0
2022-12-25 21:16:58.952 12683-12755 AudioTrack              pid-12683                            V  obtainBuffer(192) returned 192 = 192 + 0 err 0
2022-12-25 21:16:58.984 12683-12755 chatty                  pid-12683                            I  uid=10213(com.inforcegames.app3dmodelling) AudioTrack identical 8 lines
2022-12-25 21:16:58.989 12683-12755 AudioTrack              pid-12683                            V  obtainBuffer(192) returned 192 = 192 + 0 err 0
2022-12-25 21:16:58.992 12683-12755 AudioTrack              pid-12683                            V  obtainBuffer(192) returned 192 = 64 + 128 err 0
2022-12-25 21:16:58.992 12683-12755 AudioTrack              pid-12683                            V  obtainBuffer(128) returned 128 = 128 + 0 err 0
2022-12-25 21:16:58.996 12683-12755 AudioTrack              pid-12683                            V  obtainBuffer(192) returned 192 = 192 + 0 err 0
2022-12-25 21:16:59.069 12683-12755 chatty                  pid-12683                            I  uid=10213(com.inforcegames.app3dmodelling) AudioTrack identical 18 lines
2022-12-25 21:16:59.072 12683-12755 AudioTrack              pid-12683                            V  obtainBuffer(192) returned 192 = 192 + 0 err 0
2022-12-25 21:16:59.076 12683-12755 AudioTrack              pid-12683                            V  obtainBuffer(192) returned 192 = 128 + 64 err 0
2022-12-25 21:16:59.076 12683-12755 AudioTrack              pid-12683                            V  obtainBuffer(64) returned 64 = 64 + 0 err 0
2022-12-25 21:16:59.080 12683-12755 AudioTrack              pid-12683                            V  obtainBuffer(192) returned 192 = 192 + 0 err 0
2022-12-25 21:16:59.112 12683-12755 chatty                  pid-12683                            I  uid=10213(com.inforcegames.app3dmodelling) AudioTrack identical 8 lines
2022-12-25 21:16:59.117 12683-12755 AudioTrack              pid-12683                            V  obtainBuffer(192) returned 192 = 192 + 0 err 0
2022-12-25 21:16:59.120 12683-12755 AudioTrack              pid-12683                            V  obtainBuffer(192) returned 192 = 64 + 128 err 0
2022-12-25 21:16:59.121 12683-12755 AudioTrack              pid-12683                            V  obtainBuffer(128) returned 128 = 128 + 0 err 0
2022-12-25 21:16:59.124 12683-12755 AudioTrack              pid-12683                            V  obtainBuffer(192) returned 192 = 192 + 0 err 0
2022-12-25 21:16:59.196 12683-12755 chatty                  pid-12683                            I  uid=10213(com.inforcegames.app3dmodelling) AudioTrack identical 18 lines
2022-12-25 21:16:59.200 12683-12755 AudioTrack              pid-12683                            V  obtainBuffer(192) returned 192 = 192 + 0 err 0
2022-12-25 21:16:59.204 12683-12755 AudioTrack              pid-12683                            V  obtainBuffer(192) returned 192 = 128 + 64 err 0
2022-12-25 21:16:59.204 12683-12755 AudioTrack              pid-12683                            V  obtainBuffer(64) returned 64 = 64 + 0 err 0
2022-12-25 21:16:59.208 12683-12755 AudioTrack              pid-12683                            V  obtainBuffer(192) returned 192 = 192 + 0 err 0
2022-12-25 21:16:59.241 12683-12755 chatty                  pid-12683                            I  uid=10213(com.inforcegames.app3dmodelling) AudioTrack identical 8 lines
2022-12-25 21:16:59.244 12683-12755 AudioTrack              pid-12683                            V  obtainBuffer(192) returned 192 = 192 + 0 err 0
2022-12-25 21:16:59.249 12683-12755 AudioTrack              pid-12683                            V  obtainBuffer(192) returned 192 = 64 + 128 err 0
2022-12-25 21:16:59.249 12683-12755 AudioTrack              pid-12683                            V  obtainBuffer(128) returned 128 = 128 + 0 err 0
2022-12-25 21:16:59.253 12683-12755 AudioTrack              pid-12683                            V  obtainBuffer(192) returned 192 = 192 + 0 err 0
2022-12-25 21:16:59.325 12683-12755 chatty                  pid-12683                            I  uid=10213(com.inforcegames.app3dmodelling) AudioTrack identical 18 lines
2022-12-25 21:16:59.328 12683-12755 AudioTrack              pid-12683                            V  obtainBuffer(192) returned 192 = 192 + 0 err 0
2022-12-25 21:16:59.332 12683-12755 AudioTrack              pid-12683                            V  obtainBuffer(192) returned 192 = 128 + 64 err 0
2022-12-25 21:16:59.332 12683-12755 AudioTrack              pid-12683                            V  obtainBuffer(64) returned 64 = 64 + 0 err 0
2022-12-25 21:16:59.336 12683-12755 AudioTrack              pid-12683                            V  obtainBuffer(192) returned 192 = 192 + 0 err 0
2022-12-25 21:16:59.368 12683-12755 chatty                  pid-12683                            I  uid=10213(com.inforcegames.app3dmodelling) AudioTrack identical 8 lines
2022-12-25 21:16:59.372 12683-12755 AudioTrack              pid-12683                            V  obtainBuffer(192) returned 192 = 192 + 0 err 0
2022-12-25 21:16:59.377 12683-12755 AudioTrack              pid-12683                            V  obtainBuffer(192) returned 192 = 64 + 128 err 0
2022-12-25 21:16:59.377 12683-12755 AudioTrack              pid-12683                            V  obtainBuffer(128) returned 128 = 128 + 0 err 0
2022-12-25 21:16:59.380 12683-12755 AudioTrack              pid-12683                            V  obtainBuffer(192) returned 192 = 192 + 0 err 0
2022-12-25 21:16:59.452 12683-12755 chatty                  pid-12683                            I  uid=10213(com.inforcegames.app3dmodelling) AudioTrack identical 18 lines
2022-12-25 21:16:59.456 12683-12755 AudioTrack              pid-12683                            V  obtainBuffer(192) returned 192 = 192 + 0 err 0
2022-12-25 21:16:59.460 12683-12755 AudioTrack              pid-12683                            V  obtainBuffer(192) returned 192 = 128 + 64 err 0
2022-12-25 21:16:59.460 12683-12755 AudioTrack              pid-12683                            V  obtainBuffer(64) returned 64 = 64 + 0 err 0
2022-12-25 21:16:59.465 12683-12755 AudioTrack              pid-12683                            V  obtainBuffer(192) returned 192 = 192 + 0 err 0
2022-12-25 21:16:59.497 12683-12755 chatty                  pid-12683                            I  uid=10213(com.inforcegames.app3dmodelling) AudioTrack identical 8 lines
2022-12-25 21:16:59.500 12683-12755 AudioTrack              pid-12683                            V  obtainBuffer(192) returned 192 = 192 + 0 err 0
2022-12-25 21:16:59.504 12683-12755 AudioTrack              pid-12683                            V  obtainBuffer(192) returned 192 = 64 + 128 err 0
2022-12-25 21:16:59.504 12683-12755 AudioTrack              pid-12683                            V  obtainBuffer(128) returned 128 = 128 + 0 err 0
2022-12-25 21:16:59.508 12683-12755 AudioTrack              pid-12683                            V  obtainBuffer(192) returned 192 = 192 + 0 err 0
2022-12-25 21:16:59.536 12683-12755 chatty                  pid-12683                            I  uid=10213(com.inforcegames.app3dmodelling) AudioTrack identical 7 lines
2022-12-25 21:16:59.540 12683-12755 AudioTrack              pid-12683                            V  obtainBuffer(192) returned 192 = 192 + 0 err 0
2022-12-25 21:16:59.544  2820-5429  DPMJ                    pid-2820                             I  |REQ:RCVR| DPM creating socket
2022-12-25 21:16:59.544 12683-12755 AudioTrack              pid-12683                            V  obtainBuffer(192) returned 192 = 192 + 0 err 0
2022-12-25 21:16:59.580 12683-12755 chatty                  pid-12683                            I  uid=10213(com.inforcegames.app3dmodelling) AudioTrack identical 9 lines
2022-12-25 21:16:59.584 12683-12755 AudioTrack              pid-12683                            V  obtainBuffer(192) returned 192 = 192 + 0 err 0
2022-12-25 21:16:59.588 12683-12755 AudioTrack              pid-12683                            V  obtainBuffer(192) returned 192 = 128 + 64 err 0
2022-12-25 21:16:59.588 12683-12755 AudioTrack              pid-12683                            V  obtainBuffer(64) returned 64 = 64 + 0 err 0
2022-12-25 21:16:59.592 12683-12755 AudioTrack              pid-12683                            V  obtainBuffer(192) returned 192 = 192 + 0 err 0
2022-12-25 21:16:59.597 12683-12755 chatty                  pid-12683                            I  uid=10213(com.inforcegames.app3dmodelling) AudioTrack identical 1 line
2022-12-25 21:16:59.600 12683-12755 AudioTrack              pid-12683                            V  obtainBuffer(192) returned 192 = 192 + 0 err 0
2022-12-25 21:16:59.604  1302-1462  ThermalEngine           pid-1302                             D  sensor_wait: msm_therm Wait done.
2022-12-25 21:16:59.604 12683-12755 AudioTrack              pid-12683                            V  obtainBuffer(192) returned 192 = 192 + 0 err 0
2022-12-25 21:16:59.605  1302-1462  ThermalEngine           pid-1302                             D  sensor_monitor: msm_therm Reading 40000 .
2022-12-25 21:16:59.605  1302-1462  ThermalEngine           pid-1302                             I  Sensor:msm_therm:40000 mC
2022-12-25 21:16:59.605  1302-1462  ThermalEngine           pid-1302                             D  update_active_thresh: msm_therm Active(1), Hi(1) 44000, Lo(0) -2147483648, desc(0) Interval(1) 1000
2022-12-25 21:16:59.605  1302-1462  ThermalEngine           pid-1302                             D  sensor_monitor: msm_therm Sensor wait.
2022-12-25 21:16:59.605  1302-1462  ThermalEngine           pid-1302                             D  sensor_wait: msm_therm Wait start. 1000ms
2022-12-25 21:16:59.608 12683-12755 AudioTrack              pid-12683                            V  obtainBuffer(192) returned 192 = 192 + 0 err 0
2022-12-25 21:16:59.610  1302-1463  ThermalEngine           pid-1302                             D  sensor_wait: quiet_therm Wait done.
2022-12-25 21:16:59.611  1302-1463  ThermalEngine           pid-1302                             D  sensor_monitor: quiet_therm Reading 38000 .
2022-12-25 21:16:59.611  1302-1463  ThermalEngine           pid-1302                             I  Sensor:quiet_therm:38000 mC
2022-12-25 21:16:59.611  1302-1463  ThermalEngine           pid-1302                             D  update_active_thresh: quiet_therm Active(1), Hi(1) 40000, Lo(0) -2147483648, desc(0) Interval(1) 1000
2022-12-25 21:16:59.611  1302-1463  ThermalEngine           pid-1302                             D  sensor_monitor: quiet_therm Sensor wait.
2022-12-25 21:16:59.611  1302-1463  ThermalEngine           pid-1302                             D  sensor_wait: quiet_therm Wait start. 1000ms
2022-12-25 21:16:59.613 12683-12755 AudioTrack              pid-12683                            V  obtainBuffer(192) returned 192 = 192 + 0 err 0
2022-12-25 21:16:59.624 12683-12755 chatty                  pid-12683                            I  uid=10213(com.inforcegames.app3dmodelling) AudioTrack identical 3 lines
2022-12-25 21:16:59.628 12683-12755 AudioTrack              pid-12683                            V  obtainBuffer(192) returned 192 = 192 + 0 err 0
2022-12-25 21:16:59.633 12683-12755 AudioTrack              pid-12683                            V  obtainBuffer(192) returned 192 = 64 + 128 err 0
2022-12-25 21:16:59.633 12683-12755 AudioTrack              pid-12683                            V  obtainBuffer(128) returned 128 = 128 + 0 err 0
2022-12-25 21:16:59.636 12683-12755 AudioTrack              pid-12683                            V  obtainBuffer(192) returned 192 = 192 + 0 err 0
2022-12-25 21:16:59.709 12683-12755 chatty                  pid-12683                            I  uid=10213(com.inforcegames.app3dmodelling) AudioTrack identical 18 lines
2022-12-25 21:16:59.712 12683-12755 AudioTrack              pid-12683                            V  obtainBuffer(192) returned 192 = 192 + 0 err 0
2022-12-25 21:16:59.716 12683-12755 AudioTrack              pid-12683                            V  obtainBuffer(192) returned 192 = 128 + 64 err 0
2022-12-25 21:16:59.716 12683-12755 AudioTrack              pid-12683                            V  obtainBuffer(64) returned 64 = 64 + 0 err 0
2022-12-25 21:16:59.720 12683-12755 AudioTrack              pid-12683                            V  obtainBuffer(192) returned 192 = 192 + 0 err 0
2022-12-25 21:16:59.752 12683-12755 chatty                  pid-12683                            I  uid=10213(com.inforcegames.app3dmodelling) AudioTrack identical 8 lines
2022-12-25 21:16:59.756 12683-12755 AudioTrack              pid-12683                            V  obtainBuffer(192) returned 192 = 192 + 0 err 0
2022-12-25 21:16:59.760 12683-12755 AudioTrack              pid-12683                            V  obtainBuffer(192) returned 192 = 64 + 128 err 0
2022-12-25 21:16:59.760 12683-12755 AudioTrack              pid-12683                            V  obtainBuffer(128) returned 128 = 128 + 0 err 0
2022-12-25 21:16:59.764 12683-12755 AudioTrack              pid-12683                            V  obtainBuffer(192) returned 192 = 192 + 0 err 0
2022-12-25 21:16:59.804 12683-12755 chatty                  pid-12683                            I  uid=10213(com.inforcegames.app3dmodelling) AudioTrack identical 10 lines
2022-12-25 21:16:59.808 12683-12755 AudioTrack              pid-12683                            V  obtainBuffer(192) returned 192 = 192 + 0 err 0
2022-12-25 21:16:59.808   688-4296  audio_hw_spkr_prot      pid-688                              D  audio_extn_fbsp_get_parameters: Speaker protection disabled
2022-12-25 21:16:59.808   688-4296  audio_hw_extn           pid-688                              D  audio_extn_get_parameters: returns 
2022-12-25 21:16:59.809   743-8567  hash_map_utils          pid-743                              I  key: 'hifi_mode' value: ''
2022-12-25 21:16:59.810 12683-18131 AudioManager            pid-12683                            D  getStreamVolume isRestricted mode = 0
2022-12-25 21:16:59.812 12683-12755 AudioTrack              pid-12683                            V  obtainBuffer(192) returned 192 = 192 + 0 err 0
2022-12-25 21:16:59.813   688-4296  audio_hw_spkr_prot      pid-688                              D  audio_extn_fbsp_get_parameters: Speaker protection disabled
2022-12-25 21:16:59.813   688-4296  audio_hw_extn           pid-688                              D  audio_extn_get_parameters: returns 
2022-12-25 21:16:59.814   743-8567  hash_map_utils          pid-743                              I  key: 'hifi_mode' value: ''
2022-12-25 21:16:59.817 12683-12755 AudioTrack              pid-12683                            V  obtainBuffer(192) returned 192 = 192 + 0 err 0
2022-12-25 21:16:59.837 12683-12755 chatty                  pid-12683                            I  uid=10213(com.inforcegames.app3dmodelling) AudioTrack identical 5 lines
2022-12-25 21:16:59.840 12683-12755 AudioTrack              pid-12683                            V  obtainBuffer(192) returned 192 = 192 + 0 err 0
2022-12-25 21:16:59.844 12683-12755 AudioTrack              pid-12683                            V  obtainBuffer(192) returned 192 = 128 + 64 err 0
2022-12-25 21:16:59.844 12683-12755 AudioTrack              pid-12683                            V  obtainBuffer(64) returned 64 = 64 + 0 err 0
2022-12-25 21:16:59.849 12683-12755 AudioTrack              pid-12683                            V  obtainBuffer(192) returned 192 = 192 + 0 err 0
2022-12-25 21:16:59.880 12683-12755 chatty                  pid-12683                            I  uid=10213(com.inforcegames.app3dmodelling) AudioTrack identical 8 lines
2022-12-25 21:16:59.884 12683-12755 AudioTrack              pid-12683                            V  obtainBuffer(192) returned 192 = 192 + 0 err 0
2022-12-25 21:16:59.888 12683-12755 AudioTrack              pid-12683                            V  obtainBuffer(192) returned 192 = 64 + 128 err 0
2022-12-25 21:16:59.888 12683-12755 AudioTrack              pid-12683                            V  obtainBuffer(128) returned 128 = 128 + 0 err 0
2022-12-25 21:16:59.892 12683-12755 AudioTrack              pid-12683                            V  obtainBuffer(192) returned 192 = 192 + 0 err 0
2022-12-25 21:16:59.965 12683-12755 chatty                  pid-12683                            I  uid=10213(com.inforcegames.app3dmodelling) AudioTrack identical 18 lines
2022-12-25 21:16:59.969 12683-12755 AudioTrack              pid-12683                            V  obtainBuffer(192) returned 192 = 192 + 0 err 0
2022-12-25 21:16:59.972 12683-12755 AudioTrack              pid-12683                            V  obtainBuffer(192) returned 192 = 128 + 64 err 0
2022-12-25 21:16:59.972 12683-12755 AudioTrack              pid-12683                            V  obtainBuffer(64) returned 64 = 64 + 0 err 0
2022-12-25 21:16:59.976 12683-12755 AudioTrack              pid-12683                            V  obtainBuffer(192) returned 192 = 192 + 0 err 0
2022-12-25 21:17:00.000 12683-12755 chatty                  pid-12683                            I  uid=10213(com.inforcegames.app3dmodelling) AudioTrack identical 6 lines
2022-12-25 21:17:00.005 12683-12755 AudioTrack              pid-12683                            V  obtainBuffer(192) returned 192 = 192 + 0 err 0
2022-12-25 21:17:00.005 13316-13316 KeyguardUpdateMonitor   pid-13316                            D  handleTimeUpdate
2022-12-25 21:17:00.008 12683-12755 AudioTrack              pid-12683                            V  obtainBuffer(192) returned 192 = 192 + 0 err 0
2022-12-25 21:17:00.012 12683-12755 AudioTrack              pid-12683                            V  obtainBuffer(192) returned 192 = 192 + 0 err 0
2022-12-25 21:17:00.016 12683-12755 AudioTrack              pid-12683                            V  obtainBuffer(192) returned 192 = 64 + 128 err 0
2022-12-25 21:17:00.016 12683-12755 AudioTrack              pid-12683                            V  obtainBuffer(128) returned 128 = 128 + 0 err 0
2022-12-25 21:17:00.020 12683-12755 AudioTrack              pid-12683                            V  obtainBuffer(192) returned 192 = 192 + 0 err 0
2022-12-25 21:17:00.092 12683-12755 chatty                  pid-12683                            I  uid=10213(com.inforcegames.app3dmodelling) AudioTrack identical 18 lines
2022-12-25 21:17:00.096 12683-12755 AudioTrack              pid-12683                            V  obtainBuffer(192) returned 192 = 192 + 0 err 0
2022-12-25 21:17:00.100 12683-12755 AudioTrack              pid-12683                            V  obtainBuffer(192) returned 192 = 128 + 64 err 0
2022-12-25 21:17:00.100 12683-12755 AudioTrack              pid-12683                            V  obtainBuffer(64) returned 64 = 64 + 0 err 0
2022-12-25 21:17:00.104 12683-12755 AudioTrack              pid-12683                            V  obtainBuffer(192) returned 192 = 192 + 0 err 0
2022-12-25 21:17:00.136 12683-12755 chatty                  pid-12683                            I  uid=10213(com.inforcegames.app3dmodelling) AudioTrack identical 8 lines
2022-12-25 21:17:00.141 12683-12755 AudioTrack              pid-12683                            V  obtainBuffer(192) returned 192 = 192 + 0 err 0
2022-12-25 21:17:00.144 12683-12755 AudioTrack              pid-12683                            V  obtainBuffer(192) returned 192 = 64 + 128 err 0
2022-12-25 21:17:00.144 12683-12755 AudioTrack              pid-12683                            V  obtainBuffer(128) returned 128 = 128 + 0 err 0
2022-12-25 21:17:00.148 12683-12755 AudioTrack              pid-12683                            V  obtainBuffer(192) returned 192 = 192 + 0 err 0
2022-12-25 21:17:00.216 12683-12755 chatty                  pid-12683                            I  uid=10213(com.inforcegames.app3dmodelling) AudioTrack identical 17 lines
2022-12-25 21:17:00.220 12683-12755 AudioTrack              pid-12683                            V  obtainBuffer(192) returned 192 = 192 + 0 err 0
2022-12-25 21:17:00.221  1302-1457  ThermalEngine           pid-1302                             D  sensor_wait: backlight_therm Wait done.
