2022-12-26 22:17:20.025  8918-9015  AudioTrack              pid-8918                             V  obtainBuffer(64) returned 64 = 64 + 0 err 0
2022-12-26 22:17:20.029  8918-9015  AudioTrack              pid-8918                             V  obtainBuffer(192) returned 192 = 192 + 0 err 0
2022-12-26 22:17:20.061  8918-9015  chatty                  pid-8918                             I  uid=10213(com.inforcegames.app3dmodelling) AudioTrack identical 8 lines
2022-12-26 22:17:20.065  8918-9015  AudioTrack              pid-8918                             V  obtainBuffer(192) returned 192 = 192 + 0 err 0
2022-12-26 22:17:20.069  8918-9015  AudioTrack              pid-8918                             V  obtainBuffer(192) returned 192 = 64 + 128 err 0
2022-12-26 22:17:20.069  8918-9015  AudioTrack              pid-8918                             V  obtainBuffer(128) returned 128 = 128 + 0 err 0
2022-12-26 22:17:20.073  8918-9015  AudioTrack              pid-8918                             V  obtainBuffer(192) returned 192 = 192 + 0 err 0
2022-12-26 22:17:20.105  8918-9015  chatty                  pid-8918                             I  uid=10213(com.inforcegames.app3dmodelling) AudioTrack identical 8 lines
2022-12-26 22:17:20.109  8918-9015  AudioTrack              pid-8918                             V  obtainBuffer(192) returned 192 = 192 + 0 err 0
2022-12-26 22:17:20.111  2820-5429  DPMJ                    pid-2820                             I  |REQ:RCVR| DPM creating socket
2022-12-26 22:17:20.115  8918-9015  AudioTrack              pid-8918                             V  obtainBuffer(192) returned 192 = 192 + 0 err 0
2022-12-26 22:17:20.117  8918-9015  chatty                  pid-8918                             I  uid=10213(com.inforcegames.app3dmodelling) AudioTrack identical 1 line
2022-12-26 22:17:20.122  8918-9015  AudioTrack              pid-8918                             V  obtainBuffer(192) returned 192 = 192 + 0 err 0
2022-12-26 22:17:20.124  1302-1463  ThermalEngine           pid-1302                             D  sensor_wait: quiet_therm Wait done.
2022-12-26 22:17:20.125  1302-1463  ThermalEngine           pid-1302                             D  sensor_monitor: quiet_therm Reading 31000 .
2022-12-26 22:17:20.125  1302-1463  ThermalEngine           pid-1302                             I  Sensor:quiet_therm:31000 mC
2022-12-26 22:17:20.125  1302-1463  ThermalEngine           pid-1302                             D  update_active_thresh: quiet_therm Active(1), Hi(1) 40000, Lo(0) -2147483648, desc(0) Interval(1) 1000
2022-12-26 22:17:20.125  1302-1463  ThermalEngine           pid-1302                             D  sensor_monitor: quiet_therm Sensor wait.
2022-12-26 22:17:20.125  1302-1463  ThermalEngine           pid-1302                             D  sensor_wait: quiet_therm Wait start. 1000ms
2022-12-26 22:17:20.125  8918-9015  AudioTrack              pid-8918                             V  obtainBuffer(192) returned 192 = 192 + 0 err 0
2022-12-26 22:17:20.130  1302-1462  ThermalEngine           pid-1302                             D  sensor_wait: msm_therm Wait done.
2022-12-26 22:17:20.130  8918-9015  AudioTrack              pid-8918                             V  obtainBuffer(192) returned 192 = 192 + 0 err 0
2022-12-26 22:17:20.133  1302-1462  ThermalEngine           pid-1302                             D  sensor_monitor: msm_therm Reading 31000 .
2022-12-26 22:17:20.133  1302-1462  ThermalEngine           pid-1302                             I  Sensor:msm_therm:31000 mC
2022-12-26 22:17:20.133  1302-1462  ThermalEngine           pid-1302                             D  update_active_thresh: msm_therm Active(1), Hi(1) 44000, Lo(0) -2147483648, desc(0) Interval(1) 1000
2022-12-26 22:17:20.133  1302-1462  ThermalEngine           pid-1302                             D  sensor_monitor: msm_therm Sensor wait.
2022-12-26 22:17:20.133  1302-1462  ThermalEngine           pid-1302                             D  sensor_wait: msm_therm Wait start. 1000ms
2022-12-26 22:17:20.133  8918-9015  AudioTrack              pid-8918                             V  obtainBuffer(192) returned 192 = 192 + 0 err 0
2022-12-26 22:17:20.137  8918-9015  chatty                  pid-8918                             I  uid=10213(com.inforcegames.app3dmodelling) AudioTrack identical 1 line
2022-12-26 22:17:20.141  8918-9015  AudioTrack              pid-8918                             V  obtainBuffer(192) returned 192 = 192 + 0 err 0
2022-12-26 22:17:20.143   688-688   audio_hw_spkr_prot      pid-688                              D  audio_extn_fbsp_get_parameters: Speaker protection disabled
2022-12-26 22:17:20.143   688-688   audio_hw_extn           pid-688                              D  audio_extn_get_parameters: returns 
2022-12-26 22:17:20.143   743-18565 hash_map_utils          pid-743                              I  key: 'hifi_mode' value: ''
2022-12-26 22:17:20.145  8918-9015  AudioTrack              pid-8918                             V  obtainBuffer(192) returned 192 = 192 + 0 err 0
2022-12-26 22:17:20.147  8918-10592 AudioManager            pid-8918                             D  getStreamVolume isRestricted mode = 0
2022-12-26 22:17:20.150  8918-9015  AudioTrack              pid-8918                             V  obtainBuffer(192) returned 192 = 192 + 0 err 0
2022-12-26 22:17:20.153  8918-9015  AudioTrack              pid-8918                             V  obtainBuffer(192) returned 192 = 128 + 64 err 0
2022-12-26 22:17:20.153  8918-9015  AudioTrack              pid-8918                             V  obtainBuffer(64) returned 64 = 64 + 0 err 0
2022-12-26 22:17:20.153   688-688   audio_hw_spkr_prot      pid-688                              D  audio_extn_fbsp_get_parameters: Speaker protection disabled
2022-12-26 22:17:20.154   688-688   audio_hw_extn           pid-688                              D  audio_extn_get_parameters: returns 
2022-12-26 22:17:20.154   743-18989 hash_map_utils          pid-743                              I  key: 'hifi_mode' value: ''
2022-12-26 22:17:20.157  8918-9015  AudioTrack              pid-8918                             V  obtainBuffer(192) returned 192 = 192 + 0 err 0
2022-12-26 22:17:20.189  8918-9015  chatty                  pid-8918                             I  uid=10213(com.inforcegames.app3dmodelling) AudioTrack identical 8 lines
2022-12-26 22:17:20.193  8918-9015  AudioTrack              pid-8918                             V  obtainBuffer(192) returned 192 = 192 + 0 err 0
2022-12-26 22:17:20.198  8918-9015  AudioTrack              pid-8918                             V  obtainBuffer(192) returned 192 = 64 + 128 err 0
2022-12-26 22:17:20.198  8918-9015  AudioTrack              pid-8918                             V  obtainBuffer(128) returned 128 = 128 + 0 err 0
2022-12-26 22:17:20.202  8918-9015  AudioTrack              pid-8918                             V  obtainBuffer(192) returned 192 = 192 + 0 err 0
2022-12-26 22:17:20.257  8918-9015  chatty                  pid-8918                             I  uid=10213(com.inforcegames.app3dmodelling) AudioTrack identical 14 lines
2022-12-26 22:17:20.261  8918-9015  AudioTrack              pid-8918                             V  obtainBuffer(192) returned 192 = 192 + 0 err 0
2022-12-26 22:17:20.264  1302-1457  ThermalEngine           pid-1302                             D  sensor_wait: backlight_therm Wait done.
2022-12-26 22:17:20.265  8918-9015  AudioTrack              pid-8918                             V  obtainBuffer(192) returned 192 = 192 + 0 err 0
2022-12-26 22:17:20.266  1302-1457  ThermalEngine           pid-1302                             D  sensor_monitor: backlight_therm Reading 28000 .
2022-12-26 22:17:20.266  1302-1457  ThermalEngine           pid-1302                             I  Sensor:backlight_therm:28000 mC
2022-12-26 22:17:20.266  1302-1457  ThermalEngine           pid-1302                             D  update_active_thresh: backlight_therm Active(1), Hi(1) 45000, Lo(0) -2147483648, desc(0) Interval(1) 2000
2022-12-26 22:17:20.266  1302-1457  ThermalEngine           pid-1302                             D  sensor_monitor: backlight_therm Sensor wait.
2022-12-26 22:17:20.266  1302-1457  ThermalEngine           pid-1302                             D  sensor_wait: backlight_therm Wait start. 2000ms
2022-12-26 22:17:20.269  8918-9015  AudioTrack              pid-8918                             V  obtainBuffer(192) returned 192 = 192 + 0 err 0
2022-12-26 22:17:20.273  8918-9015  chatty                  pid-8918                             I  uid=10213(com.inforcegames.app3dmodelling) AudioTrack identical 1 line
2022-12-26 22:17:20.277  8918-9015  AudioTrack              pid-8918                             V  obtainBuffer(192) returned 192 = 192 + 0 err 0
2022-12-26 22:17:20.281  8918-9015  AudioTrack              pid-8918                             V  obtainBuffer(192) returned 192 = 128 + 64 err 0
2022-12-26 22:17:20.281  8918-9015  AudioTrack              pid-8918                             V  obtainBuffer(64) returned 64 = 64 + 0 err 0
2022-12-26 22:17:20.285  8918-9015  AudioTrack              pid-8918                             V  obtainBuffer(192) returned 192 = 192 + 0 err 0
2022-12-26 22:17:20.318  8918-9015  chatty                  pid-8918                             I  uid=10213(com.inforcegames.app3dmodelling) AudioTrack identical 8 lines
2022-12-26 22:17:20.322  8918-9015  AudioTrack              pid-8918                             V  obtainBuffer(192) returned 192 = 192 + 0 err 0
2022-12-26 22:17:20.325  8918-9015  AudioTrack              pid-8918                             V  obtainBuffer(192) returned 192 = 64 + 128 err 0
2022-12-26 22:17:20.325  8918-9015  AudioTrack              pid-8918                             V  obtainBuffer(128) returned 128 = 128 + 0 err 0
2022-12-26 22:17:20.329  8918-9015  AudioTrack              pid-8918                             V  obtainBuffer(192) returned 192 = 192 + 0 err 0
2022-12-26 22:17:20.401  8918-9015  chatty                  pid-8918                             I  uid=10213(com.inforcegames.app3dmodelling) AudioTrack identical 18 lines
2022-12-26 22:17:20.405  8918-9015  AudioTrack              pid-8918                             V  obtainBuffer(192) returned 192 = 192 + 0 err 0
2022-12-26 22:17:20.409  8918-9015  AudioTrack              pid-8918                             V  obtainBuffer(192) returned 192 = 128 + 64 err 0
2022-12-26 22:17:20.409  8918-9015  AudioTrack              pid-8918                             V  obtainBuffer(64) returned 64 = 64 + 0 err 0
2022-12-26 22:17:20.413  8918-9015  AudioTrack              pid-8918                             V  obtainBuffer(192) returned 192 = 192 + 0 err 0
2022-12-26 22:17:20.445  8918-9015  chatty                  pid-8918                             I  uid=10213(com.inforcegames.app3dmodelling) AudioTrack identical 8 lines
2022-12-26 22:17:20.449  8918-9015  AudioTrack              pid-8918                             V  obtainBuffer(192) returned 192 = 192 + 0 err 0
2022-12-26 22:17:20.453  8918-9015  AudioTrack              pid-8918                             V  obtainBuffer(192) returned 192 = 64 + 128 err 0
2022-12-26 22:17:20.453  8918-9015  AudioTrack              pid-8918                             V  obtainBuffer(128) returned 128 = 128 + 0 err 0
2022-12-26 22:17:20.458  8918-9015  AudioTrack              pid-8918                             V  obtainBuffer(192) returned 192 = 192 + 0 err 0
2022-12-26 22:17:20.529  8918-9015  chatty                  pid-8918                             I  uid=10213(com.inforcegames.app3dmodelling) AudioTrack identical 18 lines
2022-12-26 22:17:20.533  8918-9015  AudioTrack              pid-8918                             V  obtainBuffer(192) returned 192 = 192 + 0 err 0
2022-12-26 22:17:20.537  8918-9015  AudioTrack              pid-8918                             V  obtainBuffer(192) returned 192 = 128 + 64 err 0
2022-12-26 22:17:20.538  8918-9015  AudioTrack              pid-8918                             V  obtainBuffer(64) returned 64 = 64 + 0 err 0
2022-12-26 22:17:20.542  8918-9015  AudioTrack              pid-8918                             V  obtainBuffer(192) returned 192 = 192 + 0 err 0
2022-12-26 22:17:20.574  8918-9015  chatty                  pid-8918                             I  uid=10213(com.inforcegames.app3dmodelling) AudioTrack identical 8 lines
2022-12-26 22:17:20.577  8918-9015  AudioTrack              pid-8918                             V  obtainBuffer(192) returned 192 = 192 + 0 err 0
2022-12-26 22:17:20.581  8918-9015  AudioTrack              pid-8918                             V  obtainBuffer(192) returned 192 = 64 + 128 err 0
2022-12-26 22:17:20.581  8918-9015  AudioTrack              pid-8918                             V  obtainBuffer(128) returned 128 = 128 + 0 err 0
2022-12-26 22:17:20.585  8918-9015  AudioTrack              pid-8918                             V  obtainBuffer(192) returned 192 = 192 + 0 err 0
2022-12-26 22:17:20.658  8918-9015  chatty                  pid-8918                             I  uid=10213(com.inforcegames.app3dmodelling) AudioTrack identical 18 lines
2022-12-26 22:17:20.662  8918-9015  AudioTrack              pid-8918                             V  obtainBuffer(192) returned 192 = 192 + 0 err 0
2022-12-26 22:17:20.665  8918-9015  AudioTrack              pid-8918                             V  obtainBuffer(192) returned 192 = 128 + 64 err 0
2022-12-26 22:17:20.665  8918-9015  AudioTrack              pid-8918                             V  obtainBuffer(64) returned 64 = 64 + 0 err 0
2022-12-26 22:17:20.669  8918-9015  AudioTrack              pid-8918                             V  obtainBuffer(192) returned 192 = 192 + 0 err 0
2022-12-26 22:17:20.701  8918-9015  chatty                  pid-8918                             I  uid=10213(com.inforcegames.app3dmodelling) AudioTrack identical 8 lines
2022-12-26 22:17:20.705  8918-9015  AudioTrack              pid-8918                             V  obtainBuffer(192) returned 192 = 192 + 0 err 0
2022-12-26 22:17:20.710  8918-9015  AudioTrack              pid-8918                             V  obtainBuffer(192) returned 192 = 64 + 128 err 0
2022-12-26 22:17:20.710  8918-9015  AudioTrack              pid-8918                             V  obtainBuffer(128) returned 128 = 128 + 0 err 0
2022-12-26 22:17:20.713  8918-9015  AudioTrack              pid-8918                             V  obtainBuffer(192) returned 192 = 192 + 0 err 0
2022-12-26 22:17:20.787  8918-9015  chatty                  pid-8918                             I  uid=10213(com.inforcegames.app3dmodelling) AudioTrack identical 18 lines
2022-12-26 22:17:20.790  8918-9015  AudioTrack              pid-8918                             V  obtainBuffer(192) returned 192 = 192 + 0 err 0
2022-12-26 22:17:20.794  8918-9015  AudioTrack              pid-8918                             V  obtainBuffer(192) returned 192 = 128 + 64 err 0
2022-12-26 22:17:20.794  8918-9015  AudioTrack              pid-8918                             V  obtainBuffer(64) returned 64 = 64 + 0 err 0
2022-12-26 22:17:20.797  8918-9015  AudioTrack              pid-8918                             V  obtainBuffer(192) returned 192 = 192 + 0 err 0
2022-12-26 22:17:20.829  8918-9015  chatty                  pid-8918                             I  uid=10213(com.inforcegames.app3dmodelling) AudioTrack identical 8 lines
2022-12-26 22:17:20.833  8918-9015  AudioTrack              pid-8918                             V  obtainBuffer(192) returned 192 = 192 + 0 err 0
2022-12-26 22:17:20.837  8918-9015  AudioTrack              pid-8918                             V  obtainBuffer(192) returned 192 = 64 + 128 err 0
2022-12-26 22:17:20.837  8918-9015  AudioTrack              pid-8918                             V  obtainBuffer(128) returned 128 = 128 + 0 err 0
2022-12-26 22:17:20.842  8918-9015  AudioTrack              pid-8918                             V  obtainBuffer(192) returned 192 = 192 + 0 err 0
2022-12-26 22:17:20.913 11283-11283 linker                  pid-11283                            A  CANNOT LINK EXECUTABLE "/system/bin/dpmd": "/system/lib64/libdpmframework.so" is 32-bit instead of 64-bit
2022-12-26 22:17:20.913  8918-9015  chatty                  pid-8918                             I  uid=10213(com.inforcegames.app3dmodelling) AudioTrack identical 18 lines
2022-12-26 22:17:20.917  8918-9015  AudioTrack              pid-8918                             V  obtainBuffer(192) returned 192 = 192 + 0 err 0
2022-12-26 22:17:20.920  8918-9015  AudioTrack              pid-8918                             V  obtainBuffer(192) returned 192 = 128 + 64 err 0
2022-12-26 22:17:20.920  8918-9015  AudioTrack              pid-8918                             V  obtainBuffer(64) returned 64 = 64 + 0 err 0
2022-12-26 22:17:20.925  8918-9015  AudioTrack              pid-8918                             V  obtainBuffer(192) returned 192 = 192 + 0 err 0
2022-12-26 22:17:20.958  8918-9015  chatty                  pid-8918                             I  uid=10213(com.inforcegames.app3dmodelling) AudioTrack identical 8 lines
2022-12-26 22:17:20.961  8918-9015  AudioTrack              pid-8918                             V  obtainBuffer(192) returned 192 = 192 + 0 err 0
2022-12-26 22:17:20.965  8918-9015  AudioTrack              pid-8918                             V  obtainBuffer(192) returned 192 = 64 + 128 err 0
2022-12-26 22:17:20.965  8918-9015  AudioTrack              pid-8918                             V  obtainBuffer(128) returned 128 = 128 + 0 err 0
2022-12-26 22:17:20.969  8918-9015  AudioTrack              pid-8918                             V  obtainBuffer(192) returned 192 = 192 + 0 err 0
2022-12-26 22:17:21.041  8918-9015  chatty                  pid-8918                             I  uid=10213(com.inforcegames.app3dmodelling) AudioTrack identical 18 lines
2022-12-26 22:17:21.045  8918-9015  AudioTrack              pid-8918                             V  obtainBuffer(192) returned 192 = 192 + 0 err 0
2022-12-26 22:17:21.049  8918-9015  AudioTrack              pid-8918                             V  obtainBuffer(192) returned 192 = 128 + 64 err 0
2022-12-26 22:17:21.049  8918-9015  AudioTrack              pid-8918                             V  obtainBuffer(64) returned 64 = 64 + 0 err 0
2022-12-26 22:17:21.053  8918-9015  AudioTrack              pid-8918                             V  obtainBuffer(192) returned 192 = 192 + 0 err 0
2022-12-26 22:17:21.085  8918-9015  chatty                  pid-8918                             I  uid=10213(com.inforcegames.app3dmodelling) AudioTrack identical 8 lines
2022-12-26 22:17:21.089  8918-9015  AudioTrack              pid-8918                             V  obtainBuffer(192) returned 192 = 192 + 0 err 0
2022-12-26 22:17:21.093  8918-9015  AudioTrack              pid-8918                             V  obtainBuffer(192) returned 192 = 64 + 128 err 0
2022-12-26 22:17:21.093  8918-9015  AudioTrack              pid-8918                             V  obtainBuffer(128) returned 128 = 128 + 0 err 0
2022-12-26 22:17:21.097  8918-9015  AudioTrack              pid-8918                             V  obtainBuffer(192) returned 192 = 192 + 0 err 0
2022-12-26 22:17:21.117  8918-9015  chatty                  pid-8918                             I  uid=10213(com.inforcegames.app3dmodelling) AudioTrack identical 5 lines
2022-12-26 22:17:21.121  8918-9015  AudioTrack              pid-8918                             V  obtainBuffer(192) returned 192 = 192 + 0 err 0
2022-12-26 22:17:21.125  1302-1463  ThermalEngine           pid-1302                             D  sensor_wait: quiet_therm Wait done.
2022-12-26 22:17:21.125  8918-9015  AudioTrack              pid-8918                             V  obtainBuffer(192) returned 192 = 192 + 0 err 0
2022-12-26 22:17:21.127  1302-1463  ThermalEngine           pid-1302                             D  sensor_monitor: quiet_therm Reading 31000 .
2022-12-26 22:17:21.127  1302-1463  ThermalEngine           pid-1302                             I  Sensor:quiet_therm:31000 mC
2022-12-26 22:17:21.127  1302-1463  ThermalEngine           pid-1302                             D  update_active_thresh: quiet_therm Active(1), Hi(1) 40000, Lo(0) -2147483648, desc(0) Interval(1) 1000
2022-12-26 22:17:21.127  1302-1463  ThermalEngine           pid-1302                             D  sensor_monitor: quiet_therm Sensor wait.
2022-12-26 22:17:21.127  1302-1463  ThermalEngine           pid-1302                             D  sensor_wait: quiet_therm Wait start. 1000ms
2022-12-26 22:17:21.129  8918-9015  AudioTrack              pid-8918                             V  obtainBuffer(192) returned 192 = 192 + 0 err 0
2022-12-26 22:17:21.133  8918-9015  AudioTrack              pid-8918                             V  obtainBuffer(192) returned 192 = 192 + 0 err 0
2022-12-26 22:17:21.133  1302-1462  ThermalEngine           pid-1302                             D  sensor_wait: msm_therm Wait done.
2022-12-26 22:17:21.135  1302-1462  ThermalEngine           pid-1302                             D  sensor_monitor: msm_therm Reading 31000 .
2022-12-26 22:17:21.135  1302-1462  ThermalEngine           pid-1302                             I  Sensor:msm_therm:31000 mC
2022-12-26 22:17:21.135  1302-1462  ThermalEngine           pid-1302                             D  update_active_thresh: msm_therm Active(1), Hi(1) 44000, Lo(0) -2147483648, desc(0) Interval(1) 1000
2022-12-26 22:17:21.135  1302-1462  ThermalEngine           pid-1302                             D  sensor_monitor: msm_therm Sensor wait.
2022-12-26 22:17:21.135  1302-1462  ThermalEngine           pid-1302                             D  sensor_wait: msm_therm Wait start. 1000ms
2022-12-26 22:17:21.137  8918-9015  AudioTrack              pid-8918                             V  obtainBuffer(192) returned 192 = 192 + 0 err 0
2022-12-26 22:17:21.169  8918-9015  chatty                  pid-8918                             I  uid=10213(com.inforcegames.app3dmodelling) AudioTrack identical 8 lines
2022-12-26 22:17:21.173  8918-9015  AudioTrack              pid-8918                             V  obtainBuffer(192) returned 192 = 192 + 0 err 0
2022-12-26 22:17:21.177  8918-9015  AudioTrack              pid-8918                             V  obtainBuffer(192) returned 192 = 128 + 64 err 0
2022-12-26 22:17:21.177  8918-9015  AudioTrack              pid-8918                             V  obtainBuffer(64) returned 64 = 64 + 0 err 0
2022-12-26 22:17:21.181  8918-9015  AudioTrack              pid-8918                             V  obtainBuffer(192) returned 192 = 192 + 0 err 0
2022-12-26 22:17:21.213  8918-9015  chatty                  pid-8918                             I  uid=10213(com.inforcegames.app3dmodelling) AudioTrack identical 8 lines
2022-12-26 22:17:21.217  8918-9015  AudioTrack              pid-8918                             V  obtainBuffer(192) returned 192 = 192 + 0 err 0
2022-12-26 22:17:21.221  8918-9015  AudioTrack              pid-8918                             V  obtainBuffer(192) returned 192 = 64 + 128 err 0
2022-12-26 22:17:21.221  8918-9015  AudioTrack              pid-8918                             V  obtainBuffer(128) returned 128 = 128 + 0 err 0
2022-12-26 22:17:21.225  8918-9015  AudioTrack              pid-8918                             V  obtainBuffer(192) returned 192 = 192 + 0 err 0
2022-12-26 22:17:21.297  8918-9015  chatty                  pid-8918                             I  uid=10213(com.inforcegames.app3dmodelling) AudioTrack identical 18 lines
2022-12-26 22:17:21.301  8918-9015  AudioTrack              pid-8918                             V  obtainBuffer(192) returned 192 = 192 + 0 err 0
2022-12-26 22:17:21.305  8918-9015  AudioTrack              pid-8918                             V  obtainBuffer(192) returned 192 = 128 + 64 err 0
2022-12-26 22:17:21.305  8918-9015  AudioTrack              pid-8918                             V  obtainBuffer(64) returned 64 = 64 + 0 err 0
2022-12-26 22:17:21.309  8918-9015  AudioTrack              pid-8918                             V  obtainBuffer(192) returned 192 = 192 + 0 err 0
2022-12-26 22:17:21.341  8918-9015  chatty                  pid-8918                             I  uid=10213(com.inforcegames.app3dmodelling) AudioTrack identical 8 lines
2022-12-26 22:17:21.345  8918-9015  AudioTrack              pid-8918                             V  obtainBuffer(192) returned 192 = 192 + 0 err 0
2022-12-26 22:17:21.350  8918-9015  AudioTrack              pid-8918                             V  obtainBuffer(192) returned 192 = 64 + 128 err 0
2022-12-26 22:17:21.350  8918-9015  AudioTrack              pid-8918                             V  obtainBuffer(128) returned 128 = 128 + 0 err 0
2022-12-26 22:17:21.354  8918-9015  AudioTrack              pid-8918                             V  obtainBuffer(192) returned 192 = 192 + 0 err 0
2022-12-26 22:17:21.425  8918-9015  chatty                  pid-8918                             I  uid=10213(com.inforcegames.app3dmodelling) AudioTrack identical 18 lines
2022-12-26 22:17:21.429  8918-9015  AudioTrack              pid-8918                             V  obtainBuffer(192) returned 192 = 192 + 0 err 0
2022-12-26 22:17:21.433  8918-9015  AudioTrack              pid-8918                             V  obtainBuffer(192) returned 192 = 128 + 64 err 0
2022-12-26 22:17:21.433  8918-9015  AudioTrack              pid-8918                             V  obtainBuffer(64) returned 64 = 64 + 0 err 0
2022-12-26 22:17:21.437  8918-9015  AudioTrack              pid-8918                             V  obtainBuffer(192) returned 192 = 192 + 0 err 0
2022-12-26 22:17:21.469  8918-9015  chatty                  pid-8918                             I  uid=10213(com.inforcegames.app3dmodelling) AudioTrack identical 8 lines
2022-12-26 22:17:21.473  8918-9015  AudioTrack              pid-8918                             V  obtainBuffer(192) returned 192 = 192 + 0 err 0
2022-12-26 22:17:21.477  8918-9015  AudioTrack              pid-8918                             V  obtainBuffer(192) returned 192 = 64 + 128 err 0
2022-12-26 22:17:21.477  8918-9015  AudioTrack              pid-8918                             V  obtainBuffer(128) returned 128 = 128 + 0 err 0
2022-12-26 22:17:21.481  8918-9015  AudioTrack              pid-8918                             V  obtainBuffer(192) returned 192 = 192 + 0 err 0
2022-12-26 22:17:21.553  8918-9015  chatty                  pid-8918                             I  uid=10213(com.inforcegames.app3dmodelling) AudioTrack identical 18 lines
2022-12-26 22:17:21.557  8918-9015  AudioTrack              pid-8918                             V  obtainBuffer(192) returned 192 = 192 + 0 err 0
2022-12-26 22:17:21.561  8918-9015  AudioTrack              pid-8918                             V  obtainBuffer(192) returned 192 = 128 + 64 err 0
2022-12-26 22:17:21.562  8918-9015  AudioTrack              pid-8918                             V  obtainBuffer(64) returned 64 = 64 + 0 err 0
2022-12-26 22:17:21.565  8918-9015  AudioTrack              pid-8918                             V  obtainBuffer(192) returned 192 = 192 + 0 err 0
2022-12-26 22:17:21.598  8918-9015  chatty                  pid-8918                             I  uid=10213(com.inforcegames.app3dmodelling) AudioTrack identical 8 lines
2022-12-26 22:17:21.601  8918-9015  AudioTrack              pid-8918                             V  obtainBuffer(192) returned 192 = 192 + 0 err 0
2022-12-26 22:17:21.604  8918-9015  AudioTrack              pid-8918                             V  obtainBuffer(192) returned 192 = 64 + 128 err 0
2022-12-26 22:17:21.605  8918-9015  AudioTrack              pid-8918                             V  obtainBuffer(128) returned 128 = 128 + 0 err 0
2022-12-26 22:17:21.609  8918-9015  AudioTrack              pid-8918                             V  obtainBuffer(192) returned 192 = 192 + 0 err 0
2022-12-26 22:17:21.682  8918-9015  chatty                  pid-8918                             I  uid=10213(com.inforcegames.app3dmodelling) AudioTrack identical 18 lines
2022-12-26 22:17:21.686  8918-9015  AudioTrack              pid-8918                             V  obtainBuffer(192) returned 192 = 192 + 0 err 0
2022-12-26 22:17:21.689  8918-9015  AudioTrack              pid-8918                             V  obtainBuffer(192) returned 192 = 128 + 64 err 0
2022-12-26 22:17:21.689  8918-9015  AudioTrack              pid-8918                             V  obtainBuffer(64) returned 64 = 64 + 0 err 0
2022-12-26 22:17:21.693  8918-9015  AudioTrack              pid-8918                             V  obtainBuffer(192) returned 192 = 192 + 0 err 0
2022-12-26 22:17:21.725  8918-9015  chatty                  pid-8918                             I  uid=10213(com.inforcegames.app3dmodelling) AudioTrack identical 8 lines
2022-12-26 22:17:21.729  8918-9015  AudioTrack              pid-8918                             V  obtainBuffer(192) returned 192 = 192 + 0 err 0
2022-12-26 22:17:21.733  8918-9015  AudioTrack              pid-8918                             V  obtainBuffer(192) returned 192 = 64 + 128 err 0
2022-12-26 22:17:21.733  8918-9015  AudioTrack              pid-8918                             V  obtainBuffer(128) returned 128 = 128 + 0 err 0
2022-12-26 22:17:21.737  8918-9015  AudioTrack              pid-8918                             V  obtainBuffer(192) returned 192 = 192 + 0 err 0
2022-12-26 22:17:21.809  8918-9015  chatty                  pid-8918                             I  uid=10213(com.inforcegames.app3dmodelling) AudioTrack identical 18 lines
2022-12-26 22:17:21.813  8918-9015  AudioTrack              pid-8918                             V  obtainBuffer(192) returned 192 = 192 + 0 err 0
2022-12-26 22:17:21.818  8918-9015  AudioTrack              pid-8918                             V  obtainBuffer(192) returned 192 = 128 + 64 err 0
2022-12-26 22:17:21.819  8918-9015  AudioTrack              pid-8918                             V  obtainBuffer(64) returned 64 = 64 + 0 err 0
2022-12-26 22:17:21.821  8918-9015  AudioTrack              pid-8918                             V  obtainBuffer(192) returned 192 = 192 + 0 err 0
2022-12-26 22:17:21.854  8918-9015  chatty                  pid-8918                             I  uid=10213(com.inforcegames.app3dmodelling) AudioTrack identical 8 lines
2022-12-26 22:17:21.858  8918-9015  AudioTrack              pid-8918                             V  obtainBuffer(192) returned 192 = 192 + 0 err 0
2022-12-26 22:17:21.861  8918-9015  AudioTrack              pid-8918                             V  obtainBuffer(192) returned 192 = 64 + 128 err 0
2022-12-26 22:17:21.861  8918-9015  AudioTrack              pid-8918                             V  obtainBuffer(128) returned 128 = 128 + 0 err 0
2022-12-26 22:17:21.865  8918-9015  AudioTrack              pid-8918                             V  obtainBuffer(192) returned 192 = 192 + 0 err 0
2022-12-26 22:17:21.938  8918-9015  chatty                  pid-8918                             I  uid=10213(com.inforcegames.app3dmodelling) AudioTrack identical 18 lines
2022-12-26 22:17:21.942  8918-9015  AudioTrack              pid-8918                             V  obtainBuffer(192) returned 192 = 192 + 0 err 0
2022-12-26 22:17:21.945  8918-9015  AudioTrack              pid-8918                             V  obtainBuffer(192) returned 192 = 128 + 64 err 0
2022-12-26 22:17:21.945  8918-9015  AudioTrack              pid-8918                             V  obtainBuffer(64) returned 64 = 64 + 0 err 0
2022-12-26 22:17:21.950  8918-9015  AudioTrack              pid-8918                             V  obtainBuffer(192) returned 192 = 192 + 0 err 0
2022-12-26 22:17:21.981  8918-9015  chatty                  pid-8918                             I  uid=10213(com.inforcegames.app3dmodelling) AudioTrack identical 8 lines
2022-12-26 22:17:21.985  8918-9015  AudioTrack              pid-8918                             V  obtainBuffer(192) returned 192 = 192 + 0 err 0
2022-12-26 22:17:21.990  8918-9015  AudioTrack              pid-8918                             V  obtainBuffer(192) returned 192 = 64 + 128 err 0
2022-12-26 22:17:21.990  8918-9015  AudioTrack              pid-8918                             V  obtainBuffer(128) returned 128 = 128 + 0 err 0
2022-12-26 22:17:21.993  8918-9015  AudioTrack              pid-8918                             V  obtainBuffer(192) returned 192 = 192 + 0 err 0
2022-12-26 22:17:22.065  8918-9015  chatty                  pid-8918                             I  uid=10213(com.inforcegames.app3dmodelling) AudioTrack identical 18 lines
2022-12-26 22:17:22.069  8918-9015  AudioTrack              pid-8918                             V  obtainBuffer(192) returned 192 = 192 + 0 err 0
2022-12-26 22:17:22.074  8918-9015  AudioTrack              pid-8918                             V  obtainBuffer(192) returned 192 = 128 + 64 err 0
2022-12-26 22:17:22.074  8918-9015  AudioTrack              pid-8918                             V  obtainBuffer(64) returned 64 = 64 + 0 err 0
2022-12-26 22:17:22.077  8918-9015  AudioTrack              pid-8918                             V  obtainBuffer(192) returned 192 = 192 + 0 err 0
2022-12-26 22:17:22.108  8918-9015  chatty                  pid-8918                             I  uid=10213(com.inforcegames.app3dmodelling) AudioTrack identical 8 lines
2022-12-26 22:17:22.113  8918-9015  AudioTrack              pid-8918                             V  obtainBuffer(192) returned 192 = 192 + 0 err 0
2022-12-26 22:17:22.117  8918-9015  AudioTrack              pid-8918                             V  obtainBuffer(192) returned 192 = 64 + 128 err 0
2022-12-26 22:17:22.117  8918-9015  AudioTrack              pid-8918                             V  obtainBuffer(128) returned 128 = 128 + 0 err 0
2022-12-26 22:17:22.122  8918-9015  AudioTrack              pid-8918                             V  obtainBuffer(192) returned 192 = 192 + 0 err 0
2022-12-26 22:17:22.125  8918-9015  AudioTrack              pid-8918                             V  obtainBuffer(192) returned 192 = 192 + 0 err 0
2022-12-26 22:17:22.127  1302-1463  ThermalEngine           pid-1302                             D  sensor_wait: quiet_therm Wait done.
2022-12-26 22:17:22.128  1302-1463  ThermalEngine           pid-1302                             D  sensor_monitor: quiet_therm Reading 31000 .
2022-12-26 22:17:22.128  1302-1463  ThermalEngine           pid-1302                             I  Sensor:quiet_therm:31000 mC
2022-12-26 22:17:22.128  1302-1463  ThermalEngine           pid-1302                             D  update_active_thresh: quiet_therm Active(1), Hi(1) 40000, Lo(0) -2147483648, desc(0) Interval(1) 1000
2022-12-26 22:17:22.128  1302-1463  ThermalEngine           pid-1302                             D  sensor_monitor: quiet_therm Sensor wait.
2022-12-26 22:17:22.128  1302-1463  ThermalEngine           pid-1302                             D  sensor_wait: quiet_therm Wait start. 1000ms
2022-12-26 22:17:22.129  8918-9015  AudioTrack              pid-8918                             V  obtainBuffer(192) returned 192 = 192 + 0 err 0
2022-12-26 22:17:22.133  8918-9015  AudioTrack              pid-8918                             V  obtainBuffer(192) returned 192 = 192 + 0 err 0
2022-12-26 22:17:22.135  1302-1462  ThermalEngine           pid-1302                             D  sensor_wait: msm_therm Wait done.
2022-12-26 22:17:22.137  1302-1462  ThermalEngine           pid-1302                             D  sensor_monitor: msm_therm Reading 31000 .
2022-12-26 22:17:22.137  1302-1462  ThermalEngine           pid-1302                             I  Sensor:msm_therm:31000 mC
2022-12-26 22:17:22.137  1302-1462  ThermalEngine           pid-1302                             D  update_active_thresh: msm_therm Active(1), Hi(1) 44000, Lo(0) -2147483648, desc(0) Interval(1) 1000
2022-12-26 22:17:22.137  1302-1462  ThermalEngine           pid-1302                             D  sensor_monitor: msm_therm Sensor wait.
2022-12-26 22:17:22.137  1302-1462  ThermalEngine           pid-1302                             D  sensor_wait: msm_therm Wait start. 1000ms
2022-12-26 22:17:22.137  8918-9015  AudioTrack              pid-8918                             V  obtainBuffer(192) returned 192 = 192 + 0 err 0
2022-12-26 22:17:22.193  8918-9015  chatty                  pid-8918                             I  uid=10213(com.inforcegames.app3dmodelling) AudioTrack identical 14 lines
2022-12-26 22:17:22.197  8918-9015  AudioTrack              pid-8918                             V  obtainBuffer(192) returned 192 = 192 + 0 err 0
2022-12-26 22:17:22.201  8918-9015  AudioTrack              pid-8918                             V  obtainBuffer(192) returned 192 = 128 + 64 err 0
2022-12-26 22:17:22.201  8918-9015  AudioTrack              pid-8918                             V  obtainBuffer(64) returned 64 = 64 + 0 err 0
2022-12-26 22:17:22.205  8918-9015  AudioTrack              pid-8918                             V  obtainBuffer(192) returned 192 = 192 + 0 err 0
2022-12-26 22:17:22.213  8918-9015  chatty                  pid-8918                             I  uid=10213(com.inforcegames.app3dmodelling) AudioTrack identical 2 lines
2022-12-26 22:17:22.217  8918-9015  AudioTrack              pid-8918                             V  obtainBuffer(192) returned 192 = 192 + 0 err 0
2022-12-26 22:17:22.218   688-2399  audio_hw_spkr_prot      pid-688                              D  audio_extn_fbsp_get_parameters: Speaker protection disabled
2022-12-26 22:17:22.218   688-2399  audio_hw_extn           pid-688                              D  audio_extn_get_parameters: returns 
2022-12-26 22:17:22.218   743-18565 hash_map_utils          pid-743                              I  key: 'hifi_mode' value: ''
2022-12-26 22:17:22.222  8918-9015  AudioTrack              pid-8918                             V  obtainBuffer(192) returned 192 = 192 + 0 err 0
2022-12-26 22:17:22.225  8918-9015  AudioTrack              pid-8918                             V  obtainBuffer(192) returned 192 = 192 + 0 err 0
2022-12-26 22:17:22.225  8918-10592 AudioManager            pid-8918                             D  getStreamVolume isRestricted mode = 0
2022-12-26 22:17:22.229  8918-9015  AudioTrack              pid-8918                             V  obtainBuffer(192) returned 192 = 192 + 0 err 0
2022-12-26 22:17:22.232   688-2399  audio_hw_spkr_prot      pid-688                              D  audio_extn_fbsp_get_parameters: Speaker protection disabled
2022-12-26 22:17:22.232   688-2399  audio_hw_extn           pid-688                              D  audio_extn_get_parameters: returns 
2022-12-26 22:17:22.233   743-18565 hash_map_utils          pid-743                              I  key: 'hifi_mode' value: ''
2022-12-26 22:17:22.233  8918-9015  AudioTrack              pid-8918                             V  obtainBuffer(192) returned 192 = 192 + 0 err 0
2022-12-26 22:17:22.237  8918-9015  chatty                  pid-8918                             I  uid=10213(com.inforcegames.app3dmodelling) AudioTrack identical 1 line
2022-12-26 22:17:22.241  8918-9015  AudioTrack              pid-8918                             V  obtainBuffer(192) returned 192 = 192 + 0 err 0
2022-12-26 22:17:22.245  8918-9015  AudioTrack              pid-8918                             V  obtainBuffer(192) returned 192 = 64 + 128 err 0
2022-12-26 22:17:22.245  8918-9015  AudioTrack              pid-8918                             V  obtainBuffer(128) returned 128 = 128 + 0 err 0
2022-12-26 22:17:22.249  8918-9015  AudioTrack              pid-8918                             V  obtainBuffer(192) returned 192 = 192 + 0 err 0
2022-12-26 22:17:22.261  8918-9015  chatty                  pid-8918                             I  uid=10213(com.inforcegames.app3dmodelling) AudioTrack identical 3 lines
2022-12-26 22:17:22.265  8918-9015  AudioTrack              pid-8918                             V  obtainBuffer(192) returned 192 = 192 + 0 err 0
2022-12-26 22:17:22.266  1302-1457  ThermalEngine           pid-1302                             D  sensor_wait: backlight_therm Wait done.
2022-12-26 22:17:22.267  1302-1457  ThermalEngine           pid-1302                             D  sensor_monitor: backlight_therm Reading 28000 .
2022-12-26 22:17:22.267  1302-1457  ThermalEngine           pid-1302                             I  Sensor:backlight_therm:28000 mC
2022-12-26 22:17:22.267  1302-1457  ThermalEngine           pid-1302                             D  update_active_thresh: backlight_therm Active(1), Hi(1) 45000, Lo(0) -2147483648, desc(0) Interval(1) 2000
2022-12-26 22:17:22.267  1302-1457  ThermalEngine           pid-1302                             D  sensor_monitor: backlight_therm Sensor wait.
2022-12-26 22:17:22.267  1302-1457  ThermalEngine           pid-1302                             D  sensor_wait: backlight_therm Wait start. 2000ms
2022-12-26 22:17:22.269  8918-9015  AudioTrack              pid-8918                             V  obtainBuffer(192) returned 192 = 192 + 0 err 0
2022-12-26 22:17:22.321  8918-9015  chatty                  pid-8918                             I  uid=10213(com.inforcegames.app3dmodelling) AudioTrack identical 13 lines
2022-12-26 22:17:22.327  8918-9015  AudioTrack              pid-8918                             V  obtainBuffer(192) returned 192 = 192 + 0 err 0
2022-12-26 22:17:22.330  8918-9015  AudioTrack              pid-8918                             V  obtainBuffer(192) returned 192 = 128 + 64 err 0
2022-12-26 22:17:22.330  8918-9015  AudioTrack              pid-8918                             V  obtainBuffer(64) returned 64 = 64 + 0 err 0
2022-12-26 22:17:22.333  8918-9015  AudioTrack              pid-8918                             V  obtainBuffer(192) returned 192 = 192 + 0 err 0
2022-12-26 22:17:22.365  8918-9015  chatty                  pid-8918                             I  uid=10213(com.inforcegames.app3dmodelling) AudioTrack identical 8 lines
2022-12-26 22:17:22.369  8918-9015  AudioTrack              pid-8918                             V  obtainBuffer(192) returned 192 = 192 + 0 err 0
2022-12-26 22:17:22.374  8918-9015  AudioTrack              pid-8918                             V  obtainBuffer(192) returned 192 = 64 + 128 err 0
2022-12-26 22:17:22.374  8918-9015  AudioTrack              pid-8918                             V  obtainBuffer(128) returned 128 = 128 + 0 err 0
2022-12-26 22:17:22.378  8918-9015  AudioTrack              pid-8918                             V  obtainBuffer(192) returned 192 = 192 + 0 err 0
2022-12-26 22:17:22.449  8918-9015  chatty                  pid-8918                             I  uid=10213(com.inforcegames.app3dmodelling) AudioTrack identical 18 lines
2022-12-26 22:17:22.453  8918-9015  AudioTrack              pid-8918                             V  obtainBuffer(192) returned 192 = 192 + 0 err 0
2022-12-26 22:17:22.458  8918-9015  AudioTrack              pid-8918                             V  obtainBuffer(192) returned 192 = 128 + 64 err 0
2022-12-26 22:17:22.458  8918-9015  AudioTrack              pid-8918                             V  obtainBuffer(64) returned 64 = 64 + 0 err 0
2022-12-26 22:17:22.462  8918-9015  AudioTrack              pid-8918                             V  obtainBuffer(192) returned 192 = 192 + 0 err 0
2022-12-26 22:17:22.494  8918-9015  chatty                  pid-8918                             I  uid=10213(com.inforcegames.app3dmodelling) AudioTrack identical 8 lines
2022-12-26 22:17:22.497  8918-9015  AudioTrack              pid-8918                             V  obtainBuffer(192) returned 192 = 192 + 0 err 0
2022-12-26 22:17:22.501  8918-9015  AudioTrack              pid-8918                             V  obtainBuffer(192) returned 192 = 64 + 128 err 0
2022-12-26 22:17:22.501  8918-9015  AudioTrack              pid-8918                             V  obtainBuffer(128) returned 128 = 128 + 0 err 0
2022-12-26 22:17:22.505  8918-9015  AudioTrack              pid-8918                             V  obtainBuffer(192) returned 192 = 192 + 0 err 0
2022-12-26 22:17:22.578  8918-9015  chatty                  pid-8918                             I  uid=10213(com.inforcegames.app3dmodelling) AudioTrack identical 18 lines
2022-12-26 22:17:22.581  8918-9015  AudioTrack              pid-8918                             V  obtainBuffer(192) returned 192 = 192 + 0 err 0
2022-12-26 22:17:22.585  8918-9015  AudioTrack              pid-8918                             V  obtainBuffer(192) returned 192 = 128 + 64 err 0
2022-12-26 22:17:22.585  8918-9015  AudioTrack              pid-8918                             V  obtainBuffer(64) returned 64 = 64 + 0 err 0
2022-12-26 22:17:22.589  8918-9015  AudioTrack              pid-8918                             V  obtainBuffer(192) returned 192 = 192 + 0 err 0
2022-12-26 22:17:22.621  8918-9015  chatty                  pid-8918                             I  uid=10213(com.inforcegames.app3dmodelling) AudioTrack identical 8 lines
2022-12-26 22:17:22.625  8918-9015  AudioTrack              pid-8918                             V  obtainBuffer(192) returned 192 = 192 + 0 err 0
2022-12-26 22:17:22.631  8918-9015  AudioTrack              pid-8918                             V  obtainBuffer(192) returned 192 = 64 + 128 err 0
2022-12-26 22:17:22.631  8918-9015  AudioTrack              pid-8918                             V  obtainBuffer(128) returned 128 = 128 + 0 err 0
2022-12-26 22:17:22.633  8918-9015  AudioTrack              pid-8918                             V  obtainBuffer(192) returned 192 = 192 + 0 err 0
2022-12-26 22:17:22.705  8918-9015  chatty                  pid-8918                             I  uid=10213(com.inforcegames.app3dmodelling) AudioTrack identical 18 lines
2022-12-26 22:17:22.709  8918-9015  AudioTrack              pid-8918                             V  obtainBuffer(192) returned 192 = 192 + 0 err 0
2022-12-26 22:17:22.714  8918-9015  AudioTrack              pid-8918                             V  obtainBuffer(192) returned 192 = 128 + 64 err 0
2022-12-26 22:17:22.714  8918-9015  AudioTrack              pid-8918                             V  obtainBuffer(64) returned 64 = 64 + 0 err 0
2022-12-26 22:17:22.717  8918-9015  AudioTrack              pid-8918                             V  obtainBuffer(192) returned 192 = 192 + 0 err 0
2022-12-26 22:17:22.721  8918-9015  chatty                  pid-8918                             I  uid=10213(com.inforcegames.app3dmodelling) AudioTrack identical 1 line
2022-12-26 22:17:22.725  8918-9015  AudioTrack              pid-8918                             V  obtainBuffer(192) returned 192 = 192 + 0 err 0
2022-12-26 22:17:22.729 13316-13371 MobileSignalController  pid-13316                            D  onSignalStrengthsChanged: SignalStrength: 99 0 -120 -160 -120 -160 -1 27 -89 -9 282 2147483647 0 2147483647 99 255 2147483647 gsm|lte use_rsrp_and_rssnr_for_lte_level  [-120, -115, -110, -105, -97] [-115, -105, -95, -85]
2022-12-26 22:17:22.729 13316-13371 NetworkCon...troller(1) pid-13316                            D  4G level = 5
2022-12-26 22:17:22.730  8918-9015  AudioTrack              pid-8918                             V  obtainBuffer(192) returned 192 = 192 + 0 err 0
2022-12-26 22:17:22.749  8918-9015  chatty                  pid-8918                             I  uid=10213(com.inforcegames.app3dmodelling) AudioTrack identical 5 lines
2022-12-26 22:17:22.753  8918-9015  AudioTrack              pid-8918                             V  obtainBuffer(192) returned 192 = 192 + 0 err 0
2022-12-26 22:17:22.757  8918-9015  AudioTrack              pid-8918                             V  obtainBuffer(192) returned 192 = 64 + 128 err 0
2022-12-26 22:17:22.757  8918-9015  AudioTrack              pid-8918                             V  obtainBuffer(128) returned 128 = 128 + 0 err 0
2022-12-26 22:17:22.761  8918-9015  AudioTrack              pid-8918                             V  obtainBuffer(192) returned 192 = 192 + 0 err 0
2022-12-26 22:17:22.833  8918-9015  chatty                  pid-8918                             I  uid=10213(com.inforcegames.app3dmodelling) AudioTrack identical 18 lines
2022-12-26 22:17:22.837  8918-9015  AudioTrack              pid-8918                             V  obtainBuffer(192) returned 192 = 192 + 0 err 0
2022-12-26 22:17:22.841  8918-9015  AudioTrack              pid-8918                             V  obtainBuffer(192) returned 192 = 128 + 64 err 0
2022-12-26 22:17:22.841  8918-9015  AudioTrack              pid-8918                             V  obtainBuffer(64) returned 64 = 64 + 0 err 0
2022-12-26 22:17:22.845  8918-9015  AudioTrack              pid-8918                             V  obtainBuffer(192) returned 192 = 192 + 0 err 0
2022-12-26 22:17:22.877  8918-9015  chatty                  pid-8918                             I  uid=10213(com.inforcegames.app3dmodelling) AudioTrack identical 8 lines
2022-12-26 22:17:22.882  8918-9015  AudioTrack              pid-8918                             V  obtainBuffer(192) returned 192 = 192 + 0 err 0
2022-12-26 22:17:22.885  8918-9015  AudioTrack              pid-8918                             V  obtainBuffer(192) returned 192 = 64 + 128 err 0
2022-12-26 22:17:22.885  8918-9015  AudioTrack              pid-8918                             V  obtainBuffer(128) returned 128 = 128 + 0 err 0
2022-12-26 22:17:22.889  8918-9015  AudioTrack              pid-8918                             V  obtainBuffer(192) returned 192 = 192 + 0 err 0
