2022-12-26 22:17:13.917  8918-9015  chatty                  pid-8918                             I  uid=10213(com.inforcegames.app3dmodelling) AudioTrack identical 8 lines
2022-12-26 22:17:13.921  8918-9015  AudioTrack              pid-8918                             V  obtainBuffer(192) returned 192 = 192 + 0 err 0
2022-12-26 22:17:13.925  8918-9015  AudioTrack              pid-8918                             V  obtainBuffer(192) returned 192 = 64 + 128 err 0
2022-12-26 22:17:13.925  8918-9015  AudioTrack              pid-8918                             V  obtainBuffer(128) returned 128 = 128 + 0 err 0
2022-12-26 22:17:13.929  8918-9015  AudioTrack              pid-8918                             V  obtainBuffer(192) returned 192 = 192 + 0 err 0
2022-12-26 22:17:13.930   688-688   audio_hw_spkr_prot      pid-688                              D  audio_extn_fbsp_get_parameters: Speaker protection disabled
2022-12-26 22:17:13.930   688-688   audio_hw_extn           pid-688                              D  audio_extn_get_parameters: returns 
2022-12-26 22:17:13.930   743-18989 hash_map_utils          pid-743                              I  key: 'hifi_mode' value: ''
2022-12-26 22:17:13.932  8918-10592 AudioManager            pid-8918                             D  getStreamVolume isRestricted mode = 0
2022-12-26 22:17:13.933  8918-9015  AudioTrack              pid-8918                             V  obtainBuffer(192) returned 192 = 192 + 0 err 0
2022-12-26 22:17:13.937  8918-9015  AudioTrack              pid-8918                             V  obtainBuffer(192) returned 192 = 192 + 0 err 0
2022-12-26 22:17:13.937   688-688   audio_hw_spkr_prot      pid-688                              D  audio_extn_fbsp_get_parameters: Speaker protection disabled
2022-12-26 22:17:13.937   688-688   audio_hw_extn           pid-688                              D  audio_extn_get_parameters: returns 
2022-12-26 22:17:13.937   743-18989 hash_map_utils          pid-743                              I  key: 'hifi_mode' value: ''
2022-12-26 22:17:13.941  8918-9015  AudioTrack              pid-8918                             V  obtainBuffer(192) returned 192 = 192 + 0 err 0
2022-12-26 22:17:14.001  8918-9015  chatty                  pid-8918                             I  uid=10213(com.inforcegames.app3dmodelling) AudioTrack identical 15 lines
2022-12-26 22:17:14.006  8918-9015  AudioTrack              pid-8918                             V  obtainBuffer(192) returned 192 = 192 + 0 err 0
2022-12-26 22:17:14.009  8918-9015  AudioTrack              pid-8918                             V  obtainBuffer(192) returned 192 = 128 + 64 err 0
2022-12-26 22:17:14.009  8918-9015  AudioTrack              pid-8918                             V  obtainBuffer(64) returned 64 = 64 + 0 err 0
2022-12-26 22:17:14.013  8918-9015  AudioTrack              pid-8918                             V  obtainBuffer(192) returned 192 = 192 + 0 err 0
2022-12-26 22:17:14.041  8918-9015  chatty                  pid-8918                             I  uid=10213(com.inforcegames.app3dmodelling) AudioTrack identical 7 lines
2022-12-26 22:17:14.045  8918-9015  AudioTrack              pid-8918                             V  obtainBuffer(192) returned 192 = 192 + 0 err 0
2022-12-26 22:17:14.046  2280-4370  LocSvc_HID...iption_jni pid-2280                             V  battery_level_update
2022-12-26 22:17:14.046  2853-2853  QtiCarrierConfigHelper  pid-2853                             D  WARNING, no carrier configs on phone Id: 0
2022-12-26 22:17:14.047  2280-4370  LocSvc_HID...iption_jni pid-2280                             V  [battery_level_update][931] [HC] =>> [HS]
2022-12-26 22:17:14.047   713-713   LocSvc_HID...bscription pid-713                              V  [batteryLevelUpdate][777] [HS] <<<<= [HC]
2022-12-26 22:17:14.047  2280-4370  LocSvc_HID...iption_jni pid-2280                             V  Exit Result 0
2022-12-26 22:17:14.049 13316-13316 KeyguardUpdateMonitor   pid-13316                            D  received broadcast android.intent.action.BATTERY_CHANGED
2022-12-26 22:17:14.049  8918-9015  AudioTrack              pid-8918                             V  obtainBuffer(192) returned 192 = 192 + 0 err 0
2022-12-26 22:17:14.050 10811-10811 BatteryInfoReceiver     pid-10811                            I  ACTION_BATTERY_CHANGED
2022-12-26 22:17:14.053  3526-4111  PowerCheckerService     pid-3526                             D  onBatteryChanged, mBatteryLevel = 35, status = 2, level = 35, plug = 1, scale = 100
2022-12-26 22:17:14.053  8918-9015  AudioTrack              pid-8918                             V  obtainBuffer(192) returned 192 = 64 + 128 err 0
2022-12-26 22:17:14.053  8918-9015  AudioTrack              pid-8918                             V  obtainBuffer(128) returned 128 = 128 + 0 err 0
2022-12-26 22:17:14.057  8918-9015  AudioTrack              pid-8918                             V  obtainBuffer(192) returned 192 = 192 + 0 err 0
2022-12-26 22:17:14.057 10811-10811 PowerNoticeUI           pid-10811                            I  handleBatteryChanged oldPlugType 1 mPlugType 1 oldBatteryLevel 35 mBatteryLevel 35 temperature 280
2022-12-26 22:17:14.061  8918-9015  AudioTrack              pid-8918                             V  obtainBuffer(192) returned 192 = 192 + 0 err 0
2022-12-26 22:17:14.101  8918-9015  chatty                  pid-8918                             I  uid=10213(com.inforcegames.app3dmodelling) AudioTrack identical 10 lines
2022-12-26 22:17:14.105  8918-9015  AudioTrack              pid-8918                             V  obtainBuffer(192) returned 192 = 192 + 0 err 0
2022-12-26 22:17:14.109  1302-1463  ThermalEngine           pid-1302                             D  sensor_wait: quiet_therm Wait done.
2022-12-26 22:17:14.109  8918-9015  AudioTrack              pid-8918                             V  obtainBuffer(192) returned 192 = 192 + 0 err 0
2022-12-26 22:17:14.110  1302-1463  ThermalEngine           pid-1302                             D  sensor_monitor: quiet_therm Reading 31000 .
2022-12-26 22:17:14.110  1302-1463  ThermalEngine           pid-1302                             I  Sensor:quiet_therm:31000 mC
2022-12-26 22:17:14.111  1302-1463  ThermalEngine           pid-1302                             D  update_active_thresh: quiet_therm Active(1), Hi(1) 40000, Lo(0) -2147483648, desc(0) Interval(1) 1000
2022-12-26 22:17:14.111  1302-1463  ThermalEngine           pid-1302                             D  sensor_monitor: quiet_therm Sensor wait.
2022-12-26 22:17:14.111  1302-1463  ThermalEngine           pid-1302                             D  sensor_wait: quiet_therm Wait start. 1000ms
2022-12-26 22:17:14.113  8918-9015  AudioTrack              pid-8918                             V  obtainBuffer(192) returned 192 = 192 + 0 err 0
2022-12-26 22:17:14.118  8918-9015  AudioTrack              pid-8918                             V  obtainBuffer(192) returned 192 = 192 + 0 err 0
2022-12-26 22:17:14.118  1302-1462  ThermalEngine           pid-1302                             D  sensor_wait: msm_therm Wait done.
2022-12-26 22:17:14.119  1302-1462  ThermalEngine           pid-1302                             D  sensor_monitor: msm_therm Reading 31000 .
2022-12-26 22:17:14.119  1302-1462  ThermalEngine           pid-1302                             I  Sensor:msm_therm:31000 mC
2022-12-26 22:17:14.119  1302-1462  ThermalEngine           pid-1302                             D  update_active_thresh: msm_therm Active(1), Hi(1) 44000, Lo(0) -2147483648, desc(0) Interval(1) 1000
2022-12-26 22:17:14.119  1302-1462  ThermalEngine           pid-1302                             D  sensor_monitor: msm_therm Sensor wait.
2022-12-26 22:17:14.119  1302-1462  ThermalEngine           pid-1302                             D  sensor_wait: msm_therm Wait start. 1000ms
2022-12-26 22:17:14.122  8918-9015  AudioTrack              pid-8918                             V  obtainBuffer(192) returned 192 = 192 + 0 err 0
2022-12-26 22:17:14.129  8918-9015  chatty                  pid-8918                             I  uid=10213(com.inforcegames.app3dmodelling) AudioTrack identical 2 lines
2022-12-26 22:17:14.133  8918-9015  AudioTrack              pid-8918                             V  obtainBuffer(192) returned 192 = 192 + 0 err 0
2022-12-26 22:17:14.137  8918-9015  AudioTrack              pid-8918                             V  obtainBuffer(192) returned 192 = 128 + 64 err 0
2022-12-26 22:17:14.137  8918-9015  AudioTrack              pid-8918                             V  obtainBuffer(64) returned 64 = 64 + 0 err 0
2022-12-26 22:17:14.141  8918-9015  AudioTrack              pid-8918                             V  obtainBuffer(192) returned 192 = 192 + 0 err 0
2022-12-26 22:17:14.174  8918-9015  chatty                  pid-8918                             I  uid=10213(com.inforcegames.app3dmodelling) AudioTrack identical 8 lines
2022-12-26 22:17:14.177  8918-9015  AudioTrack              pid-8918                             V  obtainBuffer(192) returned 192 = 192 + 0 err 0
2022-12-26 22:17:14.181  8918-9015  AudioTrack              pid-8918                             V  obtainBuffer(192) returned 192 = 64 + 128 err 0
2022-12-26 22:17:14.181  8918-9015  AudioTrack              pid-8918                             V  obtainBuffer(128) returned 128 = 128 + 0 err 0
2022-12-26 22:17:14.185  8918-9015  AudioTrack              pid-8918                             V  obtainBuffer(192) returned 192 = 192 + 0 err 0
2022-12-26 22:17:14.254  8918-9015  chatty                  pid-8918                             I  uid=10213(com.inforcegames.app3dmodelling) AudioTrack identical 17 lines
2022-12-26 22:17:14.258  8918-9015  AudioTrack              pid-8918                             V  obtainBuffer(192) returned 192 = 192 + 0 err 0
2022-12-26 22:17:14.260  1302-1457  ThermalEngine           pid-1302                             D  sensor_wait: backlight_therm Wait done.
2022-12-26 22:17:14.261  8918-9015  AudioTrack              pid-8918                             V  obtainBuffer(192) returned 192 = 192 + 0 err 0
2022-12-26 22:17:14.261  1302-1457  ThermalEngine           pid-1302                             D  sensor_monitor: backlight_therm Reading 28000 .
2022-12-26 22:17:14.261  1302-1457  ThermalEngine           pid-1302                             I  Sensor:backlight_therm:28000 mC
2022-12-26 22:17:14.261  1302-1457  ThermalEngine           pid-1302                             D  update_active_thresh: backlight_therm Active(1), Hi(1) 45000, Lo(0) -2147483648, desc(0) Interval(1) 2000
2022-12-26 22:17:14.261  1302-1457  ThermalEngine           pid-1302                             D  sensor_monitor: backlight_therm Sensor wait.
2022-12-26 22:17:14.261  1302-1457  ThermalEngine           pid-1302                             D  sensor_wait: backlight_therm Wait start. 2000ms
2022-12-26 22:17:14.265  8918-9015  AudioTrack              pid-8918                             V  obtainBuffer(192) returned 192 = 128 + 64 err 0
2022-12-26 22:17:14.265  8918-9015  AudioTrack              pid-8918                             V  obtainBuffer(64) returned 64 = 64 + 0 err 0
2022-12-26 22:17:14.269  8918-9015  AudioTrack              pid-8918                             V  obtainBuffer(192) returned 192 = 192 + 0 err 0
2022-12-26 22:17:14.301  8918-9015  chatty                  pid-8918                             I  uid=10213(com.inforcegames.app3dmodelling) AudioTrack identical 8 lines
2022-12-26 22:17:14.307  8918-9015  AudioTrack              pid-8918                             V  obtainBuffer(192) returned 192 = 192 + 0 err 0
2022-12-26 22:17:14.309  8918-9015  AudioTrack              pid-8918                             V  obtainBuffer(192) returned 192 = 64 + 128 err 0
2022-12-26 22:17:14.309  8918-9015  AudioTrack              pid-8918                             V  obtainBuffer(128) returned 128 = 128 + 0 err 0
2022-12-26 22:17:14.313  8918-9015  AudioTrack              pid-8918                             V  obtainBuffer(192) returned 192 = 192 + 0 err 0
2022-12-26 22:17:14.385  8918-9015  chatty                  pid-8918                             I  uid=10213(com.inforcegames.app3dmodelling) AudioTrack identical 18 lines
2022-12-26 22:17:14.390  8918-9015  AudioTrack              pid-8918                             V  obtainBuffer(192) returned 192 = 192 + 0 err 0
2022-12-26 22:17:14.393  8918-9015  AudioTrack              pid-8918                             V  obtainBuffer(192) returned 192 = 128 + 64 err 0
2022-12-26 22:17:14.393  8918-9015  AudioTrack              pid-8918                             V  obtainBuffer(64) returned 64 = 64 + 0 err 0
2022-12-26 22:17:14.397  8918-9015  AudioTrack              pid-8918                             V  obtainBuffer(192) returned 192 = 192 + 0 err 0
2022-12-26 22:17:14.429  8918-9015  chatty                  pid-8918                             I  uid=10213(com.inforcegames.app3dmodelling) AudioTrack identical 8 lines
2022-12-26 22:17:14.433  8918-9015  AudioTrack              pid-8918                             V  obtainBuffer(192) returned 192 = 192 + 0 err 0
2022-12-26 22:17:14.437  8918-9015  AudioTrack              pid-8918                             V  obtainBuffer(192) returned 192 = 64 + 128 err 0
2022-12-26 22:17:14.437  8918-9015  AudioTrack              pid-8918                             V  obtainBuffer(128) returned 128 = 128 + 0 err 0
2022-12-26 22:17:14.441  8918-9015  AudioTrack              pid-8918                             V  obtainBuffer(192) returned 192 = 192 + 0 err 0
2022-12-26 22:17:14.513  8918-9015  chatty                  pid-8918                             I  uid=10213(com.inforcegames.app3dmodelling) AudioTrack identical 18 lines
2022-12-26 22:17:14.517  8918-9015  AudioTrack              pid-8918                             V  obtainBuffer(192) returned 192 = 192 + 0 err 0
2022-12-26 22:17:14.521  8918-9015  AudioTrack              pid-8918                             V  obtainBuffer(192) returned 192 = 128 + 64 err 0
2022-12-26 22:17:14.521  8918-9015  AudioTrack              pid-8918                             V  obtainBuffer(64) returned 64 = 64 + 0 err 0
2022-12-26 22:17:14.526  8918-9015  AudioTrack              pid-8918                             V  obtainBuffer(192) returned 192 = 192 + 0 err 0
2022-12-26 22:17:14.557  8918-9015  chatty                  pid-8918                             I  uid=10213(com.inforcegames.app3dmodelling) AudioTrack identical 8 lines
2022-12-26 22:17:14.561  8918-9015  AudioTrack              pid-8918                             V  obtainBuffer(192) returned 192 = 192 + 0 err 0
2022-12-26 22:17:14.565  8918-9015  AudioTrack              pid-8918                             V  obtainBuffer(192) returned 192 = 64 + 128 err 0
2022-12-26 22:17:14.566  8918-9015  AudioTrack              pid-8918                             V  obtainBuffer(128) returned 128 = 128 + 0 err 0
2022-12-26 22:17:14.569  8918-9015  AudioTrack              pid-8918                             V  obtainBuffer(192) returned 192 = 192 + 0 err 0
2022-12-26 22:17:14.641  8918-9015  chatty                  pid-8918                             I  uid=10213(com.inforcegames.app3dmodelling) AudioTrack identical 18 lines
2022-12-26 22:17:14.645  8918-9015  AudioTrack              pid-8918                             V  obtainBuffer(192) returned 192 = 192 + 0 err 0
2022-12-26 22:17:14.649  8918-9015  AudioTrack              pid-8918                             V  obtainBuffer(192) returned 192 = 128 + 64 err 0
2022-12-26 22:17:14.649  8918-9015  AudioTrack              pid-8918                             V  obtainBuffer(64) returned 64 = 64 + 0 err 0
2022-12-26 22:17:14.654  8918-9015  AudioTrack              pid-8918                             V  obtainBuffer(192) returned 192 = 192 + 0 err 0
2022-12-26 22:17:14.685  8918-9015  chatty                  pid-8918                             I  uid=10213(com.inforcegames.app3dmodelling) AudioTrack identical 8 lines
2022-12-26 22:17:14.689  8918-9015  AudioTrack              pid-8918                             V  obtainBuffer(192) returned 192 = 192 + 0 err 0
2022-12-26 22:17:14.693  8918-9015  AudioTrack              pid-8918                             V  obtainBuffer(192) returned 192 = 64 + 128 err 0
2022-12-26 22:17:14.693  8918-9015  AudioTrack              pid-8918                             V  obtainBuffer(128) returned 128 = 128 + 0 err 0
2022-12-26 22:17:14.698  8918-9015  AudioTrack              pid-8918                             V  obtainBuffer(192) returned 192 = 192 + 0 err 0
2022-12-26 22:17:14.769  8918-9015  chatty                  pid-8918                             I  uid=10213(com.inforcegames.app3dmodelling) AudioTrack identical 18 lines
2022-12-26 22:17:14.773  8918-9015  AudioTrack              pid-8918                             V  obtainBuffer(192) returned 192 = 192 + 0 err 0
2022-12-26 22:17:14.777  8918-9015  AudioTrack              pid-8918                             V  obtainBuffer(192) returned 192 = 128 + 64 err 0
2022-12-26 22:17:14.777  8918-9015  AudioTrack              pid-8918                             V  obtainBuffer(64) returned 64 = 64 + 0 err 0
2022-12-26 22:17:14.781  8918-9015  AudioTrack              pid-8918                             V  obtainBuffer(192) returned 192 = 192 + 0 err 0
2022-12-26 22:17:14.813  8918-9015  chatty                  pid-8918                             I  uid=10213(com.inforcegames.app3dmodelling) AudioTrack identical 8 lines
2022-12-26 22:17:14.817  8918-9015  AudioTrack              pid-8918                             V  obtainBuffer(192) returned 192 = 192 + 0 err 0
2022-12-26 22:17:14.821  8918-9015  AudioTrack              pid-8918                             V  obtainBuffer(192) returned 192 = 64 + 128 err 0
2022-12-26 22:17:14.821  8918-9015  AudioTrack              pid-8918                             V  obtainBuffer(128) returned 128 = 128 + 0 err 0
2022-12-26 22:17:14.825  8918-9015  AudioTrack              pid-8918                             V  obtainBuffer(192) returned 192 = 192 + 0 err 0
2022-12-26 22:17:14.897  8918-9015  chatty                  pid-8918                             I  uid=10213(com.inforcegames.app3dmodelling) AudioTrack identical 18 lines
2022-12-26 22:17:14.901  8918-9015  AudioTrack              pid-8918                             V  obtainBuffer(192) returned 192 = 192 + 0 err 0
2022-12-26 22:17:14.905  8918-9015  AudioTrack              pid-8918                             V  obtainBuffer(192) returned 192 = 128 + 64 err 0
2022-12-26 22:17:14.905  8918-9015  AudioTrack              pid-8918                             V  obtainBuffer(64) returned 64 = 64 + 0 err 0
2022-12-26 22:17:14.910  8918-9015  AudioTrack              pid-8918                             V  obtainBuffer(192) returned 192 = 192 + 0 err 0
2022-12-26 22:17:14.941  8918-9015  chatty                  pid-8918                             I  uid=10213(com.inforcegames.app3dmodelling) AudioTrack identical 8 lines
2022-12-26 22:17:14.945  8918-9015  AudioTrack              pid-8918                             V  obtainBuffer(192) returned 192 = 192 + 0 err 0
2022-12-26 22:17:14.949  8918-9015  AudioTrack              pid-8918                             V  obtainBuffer(192) returned 192 = 64 + 128 err 0
2022-12-26 22:17:14.949  8918-9015  AudioTrack              pid-8918                             V  obtainBuffer(128) returned 128 = 128 + 0 err 0
2022-12-26 22:17:14.953  8918-9015  AudioTrack              pid-8918                             V  obtainBuffer(192) returned 192 = 192 + 0 err 0
2022-12-26 22:17:15.025  8918-9015  chatty                  pid-8918                             I  uid=10213(com.inforcegames.app3dmodelling) AudioTrack identical 18 lines
2022-12-26 22:17:15.029  8918-9015  AudioTrack              pid-8918                             V  obtainBuffer(192) returned 192 = 192 + 0 err 0
2022-12-26 22:17:15.033  8918-9015  AudioTrack              pid-8918                             V  obtainBuffer(192) returned 192 = 128 + 64 err 0
2022-12-26 22:17:15.033  8918-9015  AudioTrack              pid-8918                             V  obtainBuffer(64) returned 64 = 64 + 0 err 0
2022-12-26 22:17:15.037  8918-9015  AudioTrack              pid-8918                             V  obtainBuffer(192) returned 192 = 192 + 0 err 0
2022-12-26 22:17:15.069  8918-9015  chatty                  pid-8918                             I  uid=10213(com.inforcegames.app3dmodelling) AudioTrack identical 8 lines
2022-12-26 22:17:15.073  8918-9015  AudioTrack              pid-8918                             V  obtainBuffer(192) returned 192 = 192 + 0 err 0
2022-12-26 22:17:15.077  8918-9015  AudioTrack              pid-8918                             V  obtainBuffer(192) returned 192 = 64 + 128 err 0
2022-12-26 22:17:15.077  8918-9015  AudioTrack              pid-8918                             V  obtainBuffer(128) returned 128 = 128 + 0 err 0
2022-12-26 22:17:15.081  8918-9015  AudioTrack              pid-8918                             V  obtainBuffer(192) returned 192 = 192 + 0 err 0
2022-12-26 22:17:15.105  8918-9015  chatty                  pid-8918                             I  uid=10213(com.inforcegames.app3dmodelling) AudioTrack identical 6 lines
2022-12-26 22:17:15.109  8918-9015  AudioTrack              pid-8918                             V  obtainBuffer(192) returned 192 = 192 + 0 err 0
2022-12-26 22:17:15.111  1302-1463  ThermalEngine           pid-1302                             D  sensor_wait: quiet_therm Wait done.
2022-12-26 22:17:15.113  1302-1463  ThermalEngine           pid-1302                             D  sensor_monitor: quiet_therm Reading 31000 .
2022-12-26 22:17:15.113  1302-1463  ThermalEngine           pid-1302                             I  Sensor:quiet_therm:31000 mC
2022-12-26 22:17:15.113  1302-1463  ThermalEngine           pid-1302                             D  update_active_thresh: quiet_therm Active(1), Hi(1) 40000, Lo(0) -2147483648, desc(0) Interval(1) 1000
2022-12-26 22:17:15.113  1302-1463  ThermalEngine           pid-1302                             D  sensor_monitor: quiet_therm Sensor wait.
2022-12-26 22:17:15.113  1302-1463  ThermalEngine           pid-1302                             D  sensor_wait: quiet_therm Wait start. 1000ms
2022-12-26 22:17:15.113  8918-9015  AudioTrack              pid-8918                             V  obtainBuffer(192) returned 192 = 192 + 0 err 0
2022-12-26 22:17:15.117  8918-9015  AudioTrack              pid-8918                             V  obtainBuffer(192) returned 192 = 192 + 0 err 0
2022-12-26 22:17:15.120  1302-1462  ThermalEngine           pid-1302                             D  sensor_wait: msm_therm Wait done.
2022-12-26 22:17:15.121  8918-9015  AudioTrack              pid-8918                             V  obtainBuffer(192) returned 192 = 192 + 0 err 0
2022-12-26 22:17:15.121  1302-1462  ThermalEngine           pid-1302                             D  sensor_monitor: msm_therm Reading 31000 .
2022-12-26 22:17:15.121  1302-1462  ThermalEngine           pid-1302                             I  Sensor:msm_therm:31000 mC
2022-12-26 22:17:15.122  1302-1462  ThermalEngine           pid-1302                             D  update_active_thresh: msm_therm Active(1), Hi(1) 44000, Lo(0) -2147483648, desc(0) Interval(1) 1000
2022-12-26 22:17:15.122  1302-1462  ThermalEngine           pid-1302                             D  sensor_monitor: msm_therm Sensor wait.
2022-12-26 22:17:15.122  1302-1462  ThermalEngine           pid-1302                             D  sensor_wait: msm_therm Wait start. 1000ms
2022-12-26 22:17:15.125  8918-9015  AudioTrack              pid-8918                             V  obtainBuffer(192) returned 192 = 192 + 0 err 0
2022-12-26 22:17:15.153  8918-9015  chatty                  pid-8918                             I  uid=10213(com.inforcegames.app3dmodelling) AudioTrack identical 7 lines
2022-12-26 22:17:15.157  8918-9015  AudioTrack              pid-8918                             V  obtainBuffer(192) returned 192 = 192 + 0 err 0
2022-12-26 22:17:15.161  8918-9015  AudioTrack              pid-8918                             V  obtainBuffer(192) returned 192 = 128 + 64 err 0
2022-12-26 22:17:15.161  8918-9015  AudioTrack              pid-8918                             V  obtainBuffer(64) returned 64 = 64 + 0 err 0
2022-12-26 22:17:15.165  8918-9015  AudioTrack              pid-8918                             V  obtainBuffer(192) returned 192 = 192 + 0 err 0
2022-12-26 22:17:15.197  8918-9015  chatty                  pid-8918                             I  uid=10213(com.inforcegames.app3dmodelling) AudioTrack identical 8 lines
2022-12-26 22:17:15.201  8918-9015  AudioTrack              pid-8918                             V  obtainBuffer(192) returned 192 = 192 + 0 err 0
2022-12-26 22:17:15.205  8918-9015  AudioTrack              pid-8918                             V  obtainBuffer(192) returned 192 = 64 + 128 err 0
2022-12-26 22:17:15.205  8918-9015  AudioTrack              pid-8918                             V  obtainBuffer(128) returned 128 = 128 + 0 err 0
2022-12-26 22:17:15.209  8918-9015  AudioTrack              pid-8918                             V  obtainBuffer(192) returned 192 = 192 + 0 err 0
2022-12-26 22:17:15.281  8918-9015  chatty                  pid-8918                             I  uid=10213(com.inforcegames.app3dmodelling) AudioTrack identical 18 lines
2022-12-26 22:17:15.285  8918-9015  AudioTrack              pid-8918                             V  obtainBuffer(192) returned 192 = 192 + 0 err 0
2022-12-26 22:17:15.289  8918-9015  AudioTrack              pid-8918                             V  obtainBuffer(192) returned 192 = 128 + 64 err 0
2022-12-26 22:17:15.289  8918-9015  AudioTrack              pid-8918                             V  obtainBuffer(64) returned 64 = 64 + 0 err 0
2022-12-26 22:17:15.293  8918-9015  AudioTrack              pid-8918                             V  obtainBuffer(192) returned 192 = 192 + 0 err 0
2022-12-26 22:17:15.325  8918-9015  chatty                  pid-8918                             I  uid=10213(com.inforcegames.app3dmodelling) AudioTrack identical 8 lines
2022-12-26 22:17:15.330  8918-9015  AudioTrack              pid-8918                             V  obtainBuffer(192) returned 192 = 192 + 0 err 0
2022-12-26 22:17:15.333  8918-9015  AudioTrack              pid-8918                             V  obtainBuffer(192) returned 192 = 64 + 128 err 0
2022-12-26 22:17:15.333  8918-9015  AudioTrack              pid-8918                             V  obtainBuffer(128) returned 128 = 128 + 0 err 0
2022-12-26 22:17:15.337  8918-9015  AudioTrack              pid-8918                             V  obtainBuffer(192) returned 192 = 192 + 0 err 0
2022-12-26 22:17:15.409  8918-9015  chatty                  pid-8918                             I  uid=10213(com.inforcegames.app3dmodelling) AudioTrack identical 18 lines
2022-12-26 22:17:15.414  8918-9015  AudioTrack              pid-8918                             V  obtainBuffer(192) returned 192 = 192 + 0 err 0
2022-12-26 22:17:15.417  8918-9015  AudioTrack              pid-8918                             V  obtainBuffer(192) returned 192 = 128 + 64 err 0
2022-12-26 22:17:15.417  8918-9015  AudioTrack              pid-8918                             V  obtainBuffer(64) returned 64 = 64 + 0 err 0
2022-12-26 22:17:15.423  8918-9015  AudioTrack              pid-8918                             V  obtainBuffer(192) returned 192 = 192 + 0 err 0
2022-12-26 22:17:15.453  8918-9015  chatty                  pid-8918                             I  uid=10213(com.inforcegames.app3dmodelling) AudioTrack identical 8 lines
2022-12-26 22:17:15.457  8918-9015  AudioTrack              pid-8918                             V  obtainBuffer(192) returned 192 = 192 + 0 err 0
2022-12-26 22:17:15.461  8918-9015  AudioTrack              pid-8918                             V  obtainBuffer(192) returned 192 = 64 + 128 err 0
2022-12-26 22:17:15.461  8918-9015  AudioTrack              pid-8918                             V  obtainBuffer(128) returned 128 = 128 + 0 err 0
2022-12-26 22:17:15.465  8918-9015  AudioTrack              pid-8918                             V  obtainBuffer(192) returned 192 = 192 + 0 err 0
2022-12-26 22:17:15.538  8918-9015  chatty                  pid-8918                             I  uid=10213(com.inforcegames.app3dmodelling) AudioTrack identical 18 lines
2022-12-26 22:17:15.541  8918-9015  AudioTrack              pid-8918                             V  obtainBuffer(192) returned 192 = 192 + 0 err 0
2022-12-26 22:17:15.546  8918-9015  AudioTrack              pid-8918                             V  obtainBuffer(192) returned 192 = 128 + 64 err 0
2022-12-26 22:17:15.546  8918-9015  AudioTrack              pid-8918                             V  obtainBuffer(64) returned 64 = 64 + 0 err 0
2022-12-26 22:17:15.549  8918-9015  AudioTrack              pid-8918                             V  obtainBuffer(192) returned 192 = 192 + 0 err 0
2022-12-26 22:17:15.581  8918-9015  chatty                  pid-8918                             I  uid=10213(com.inforcegames.app3dmodelling) AudioTrack identical 8 lines
2022-12-26 22:17:15.586  8918-9015  AudioTrack              pid-8918                             V  obtainBuffer(192) returned 192 = 192 + 0 err 0
2022-12-26 22:17:15.589  8918-9015  AudioTrack              pid-8918                             V  obtainBuffer(192) returned 192 = 64 + 128 err 0
2022-12-26 22:17:15.589  8918-9015  AudioTrack              pid-8918                             V  obtainBuffer(128) returned 128 = 128 + 0 err 0
2022-12-26 22:17:15.593  8918-9015  AudioTrack              pid-8918                             V  obtainBuffer(192) returned 192 = 192 + 0 err 0
2022-12-26 22:17:15.665  8918-9015  chatty                  pid-8918                             I  uid=10213(com.inforcegames.app3dmodelling) AudioTrack identical 18 lines
2022-12-26 22:17:15.670  8918-9015  AudioTrack              pid-8918                             V  obtainBuffer(192) returned 192 = 192 + 0 err 0
2022-12-26 22:17:15.673  8918-9015  AudioTrack              pid-8918                             V  obtainBuffer(192) returned 192 = 128 + 64 err 0
2022-12-26 22:17:15.673  8918-9015  AudioTrack              pid-8918                             V  obtainBuffer(64) returned 64 = 64 + 0 err 0
2022-12-26 22:17:15.677  8918-9015  AudioTrack              pid-8918                             V  obtainBuffer(192) returned 192 = 192 + 0 err 0
2022-12-26 22:17:15.709  8918-9015  chatty                  pid-8918                             I  uid=10213(com.inforcegames.app3dmodelling) AudioTrack identical 8 lines
2022-12-26 22:17:15.713  8918-9015  AudioTrack              pid-8918                             V  obtainBuffer(192) returned 192 = 192 + 0 err 0
2022-12-26 22:17:15.717  8918-9015  AudioTrack              pid-8918                             V  obtainBuffer(192) returned 192 = 64 + 128 err 0
2022-12-26 22:17:15.718  8918-9015  AudioTrack              pid-8918                             V  obtainBuffer(128) returned 128 = 128 + 0 err 0
2022-12-26 22:17:15.721  8918-9015  AudioTrack              pid-8918                             V  obtainBuffer(192) returned 192 = 192 + 0 err 0
2022-12-26 22:17:15.793  8918-9015  chatty                  pid-8918                             I  uid=10213(com.inforcegames.app3dmodelling) AudioTrack identical 18 lines
2022-12-26 22:17:15.797  8918-9015  AudioTrack              pid-8918                             V  obtainBuffer(192) returned 192 = 192 + 0 err 0
2022-12-26 22:17:15.801  8918-9015  AudioTrack              pid-8918                             V  obtainBuffer(192) returned 192 = 128 + 64 err 0
2022-12-26 22:17:15.801  8918-9015  AudioTrack              pid-8918                             V  obtainBuffer(64) returned 64 = 64 + 0 err 0
2022-12-26 22:17:15.806  8918-9015  AudioTrack              pid-8918                             V  obtainBuffer(192) returned 192 = 192 + 0 err 0
2022-12-26 22:17:15.838  8918-9015  chatty                  pid-8918                             I  uid=10213(com.inforcegames.app3dmodelling) AudioTrack identical 8 lines
2022-12-26 22:17:15.841  8918-9015  AudioTrack              pid-8918                             V  obtainBuffer(192) returned 192 = 192 + 0 err 0
2022-12-26 22:17:15.845  8918-9015  AudioTrack              pid-8918                             V  obtainBuffer(192) returned 192 = 64 + 128 err 0
2022-12-26 22:17:15.845  8918-9015  AudioTrack              pid-8918                             V  obtainBuffer(128) returned 128 = 128 + 0 err 0
2022-12-26 22:17:15.850  8918-9015  AudioTrack              pid-8918                             V  obtainBuffer(192) returned 192 = 192 + 0 err 0
2022-12-26 22:17:15.898 11281-11281 linker                  pid-11281                            A  CANNOT LINK EXECUTABLE "/system/bin/dpmd": "/system/lib64/libdpmframework.so" is 32-bit instead of 64-bit
2022-12-26 22:17:15.922  8918-9015  chatty                  pid-8918                             I  uid=10213(com.inforcegames.app3dmodelling) AudioTrack identical 18 lines
2022-12-26 22:17:15.925  8918-9015  AudioTrack              pid-8918                             V  obtainBuffer(192) returned 192 = 192 + 0 err 0
2022-12-26 22:17:15.929  8918-9015  AudioTrack              pid-8918                             V  obtainBuffer(192) returned 192 = 128 + 64 err 0
2022-12-26 22:17:15.929  8918-9015  AudioTrack              pid-8918                             V  obtainBuffer(64) returned 64 = 64 + 0 err 0
2022-12-26 22:17:15.933  8918-9015  AudioTrack              pid-8918                             V  obtainBuffer(192) returned 192 = 192 + 0 err 0
2022-12-26 22:17:15.965  8918-9015  chatty                  pid-8918                             I  uid=10213(com.inforcegames.app3dmodelling) AudioTrack identical 8 lines
2022-12-26 22:17:15.969  8918-9015  AudioTrack              pid-8918                             V  obtainBuffer(192) returned 192 = 192 + 0 err 0
2022-12-26 22:17:15.973  8918-9015  AudioTrack              pid-8918                             V  obtainBuffer(192) returned 192 = 64 + 128 err 0
2022-12-26 22:17:15.973  8918-9015  AudioTrack              pid-8918                             V  obtainBuffer(128) returned 128 = 128 + 0 err 0
2022-12-26 22:17:15.977  8918-9015  AudioTrack              pid-8918                             V  obtainBuffer(192) returned 192 = 192 + 0 err 0
2022-12-26 22:17:15.989  8918-9015  chatty                  pid-8918                             I  uid=10213(com.inforcegames.app3dmodelling) AudioTrack identical 3 lines
2022-12-26 22:17:15.993  8918-9015  AudioTrack              pid-8918                             V  obtainBuffer(192) returned 192 = 192 + 0 err 0
2022-12-26 22:17:15.996   688-688   audio_hw_spkr_prot      pid-688                              D  audio_extn_fbsp_get_parameters: Speaker protection disabled
2022-12-26 22:17:15.996   688-688   audio_hw_extn           pid-688                              D  audio_extn_get_parameters: returns 
2022-12-26 22:17:15.996   743-18989 hash_map_utils          pid-743                              I  key: 'hifi_mode' value: ''
2022-12-26 22:17:15.997  8918-9015  AudioTrack              pid-8918                             V  obtainBuffer(192) returned 192 = 192 + 0 err 0
2022-12-26 22:17:15.999  8918-10592 AudioManager            pid-8918                             D  getStreamVolume isRestricted mode = 0
2022-12-26 22:17:16.001  8918-9015  AudioTrack              pid-8918                             V  obtainBuffer(192) returned 192 = 192 + 0 err 0
2022-12-26 22:17:16.004   688-688   audio_hw_spkr_prot      pid-688                              D  audio_extn_fbsp_get_parameters: Speaker protection disabled
2022-12-26 22:17:16.004   688-688   audio_hw_extn           pid-688                              D  audio_extn_get_parameters: returns 
2022-12-26 22:17:16.005  8918-9015  AudioTrack              pid-8918                             V  obtainBuffer(192) returned 192 = 192 + 0 err 0
2022-12-26 22:17:16.006   743-18565 hash_map_utils          pid-743                              I  key: 'hifi_mode' value: ''
2022-12-26 22:17:16.009  8918-9015  AudioTrack              pid-8918                             V  obtainBuffer(192) returned 192 = 192 + 0 err 0
2022-12-26 22:17:16.049  8918-9015  chatty                  pid-8918                             I  uid=10213(com.inforcegames.app3dmodelling) AudioTrack identical 10 lines
2022-12-26 22:17:16.054  8918-9015  AudioTrack              pid-8918                             V  obtainBuffer(192) returned 192 = 192 + 0 err 0
2022-12-26 22:17:16.058  8918-9015  AudioTrack              pid-8918                             V  obtainBuffer(192) returned 192 = 128 + 64 err 0
2022-12-26 22:17:16.058  8918-9015  AudioTrack              pid-8918                             V  obtainBuffer(64) returned 64 = 64 + 0 err 0
2022-12-26 22:17:16.061  8918-9015  AudioTrack              pid-8918                             V  obtainBuffer(192) returned 192 = 192 + 0 err 0
2022-12-26 22:17:16.093  8918-9015  chatty                  pid-8918                             I  uid=10213(com.inforcegames.app3dmodelling) AudioTrack identical 8 lines
2022-12-26 22:17:16.097  8918-9015  AudioTrack              pid-8918                             V  obtainBuffer(192) returned 192 = 192 + 0 err 0
2022-12-26 22:17:16.101  8918-9015  AudioTrack              pid-8918                             V  obtainBuffer(192) returned 192 = 64 + 128 err 0
2022-12-26 22:17:16.101  8918-9015  AudioTrack              pid-8918                             V  obtainBuffer(128) returned 128 = 128 + 0 err 0
2022-12-26 22:17:16.105  8918-9015  AudioTrack              pid-8918                             V  obtainBuffer(192) returned 192 = 192 + 0 err 0
2022-12-26 22:17:16.109  2820-5429  DPMJ                    pid-2820                             I  |REQ:RCVR| DPM creating socket
2022-12-26 22:17:16.110  8918-9015  AudioTrack              pid-8918                             V  obtainBuffer(192) returned 192 = 192 + 0 err 0
2022-12-26 22:17:16.113  8918-9015  AudioTrack              pid-8918                             V  obtainBuffer(192) returned 192 = 192 + 0 err 0
2022-12-26 22:17:16.113  1302-1463  ThermalEngine           pid-1302                             D  sensor_wait: quiet_therm Wait done.
2022-12-26 22:17:16.116  1302-1463  ThermalEngine           pid-1302                             D  sensor_monitor: quiet_therm Reading 31000 .
2022-12-26 22:17:16.116  1302-1463  ThermalEngine           pid-1302                             I  Sensor:quiet_therm:31000 mC
2022-12-26 22:17:16.116  1302-1463  ThermalEngine           pid-1302                             D  update_active_thresh: quiet_therm Active(1), Hi(1) 40000, Lo(0) -2147483648, desc(0) Interval(1) 1000
2022-12-26 22:17:16.116  1302-1463  ThermalEngine           pid-1302                             D  sensor_monitor: quiet_therm Sensor wait.
2022-12-26 22:17:16.116  1302-1463  ThermalEngine           pid-1302                             D  sensor_wait: quiet_therm Wait start. 1000ms
2022-12-26 22:17:16.117  8918-9015  AudioTrack              pid-8918                             V  obtainBuffer(192) returned 192 = 192 + 0 err 0
2022-12-26 22:17:16.121  8918-9015  AudioTrack              pid-8918                             V  obtainBuffer(192) returned 192 = 192 + 0 err 0
2022-12-26 22:17:16.122  1302-1462  ThermalEngine           pid-1302                             D  sensor_wait: msm_therm Wait done.
2022-12-26 22:17:16.124  1302-1462  ThermalEngine           pid-1302                             D  sensor_monitor: msm_therm Reading 31000 .
2022-12-26 22:17:16.124  1302-1462  ThermalEngine           pid-1302                             I  Sensor:msm_therm:31000 mC
2022-12-26 22:17:16.124  1302-1462  ThermalEngine           pid-1302                             D  update_active_thresh: msm_therm Active(1), Hi(1) 44000, Lo(0) -2147483648, desc(0) Interval(1) 1000
2022-12-26 22:17:16.124  1302-1462  ThermalEngine           pid-1302                             D  sensor_monitor: msm_therm Sensor wait.
2022-12-26 22:17:16.124  1302-1462  ThermalEngine           pid-1302                             D  sensor_wait: msm_therm Wait start. 1000ms
2022-12-26 22:17:16.126  8918-9015  AudioTrack              pid-8918                             V  obtainBuffer(192) returned 192 = 192 + 0 err 0
2022-12-26 22:17:16.177  8918-9015  chatty                  pid-8918                             I  uid=10213(com.inforcegames.app3dmodelling) AudioTrack identical 13 lines
2022-12-26 22:17:16.181  8918-9015  AudioTrack              pid-8918                             V  obtainBuffer(192) returned 192 = 192 + 0 err 0
2022-12-26 22:17:16.185  8918-9015  AudioTrack              pid-8918                             V  obtainBuffer(192) returned 192 = 128 + 64 err 0
2022-12-26 22:17:16.185  8918-9015  AudioTrack              pid-8918                             V  obtainBuffer(64) returned 64 = 64 + 0 err 0
2022-12-26 22:17:16.189  8918-9015  AudioTrack              pid-8918                             V  obtainBuffer(192) returned 192 = 192 + 0 err 0
2022-12-26 22:17:16.222  8918-9015  chatty                  pid-8918                             I  uid=10213(com.inforcegames.app3dmodelling) AudioTrack identical 8 lines
2022-12-26 22:17:16.225  8918-9015  AudioTrack              pid-8918                             V  obtainBuffer(192) returned 192 = 192 + 0 err 0
2022-12-26 22:17:16.229  8918-9015  AudioTrack              pid-8918                             V  obtainBuffer(192) returned 192 = 64 + 128 err 0
2022-12-26 22:17:16.229  8918-9015  AudioTrack              pid-8918                             V  obtainBuffer(128) returned 128 = 128 + 0 err 0
2022-12-26 22:17:16.233  8918-9015  AudioTrack              pid-8918                             V  obtainBuffer(192) returned 192 = 192 + 0 err 0
2022-12-26 22:17:16.257  8918-9015  chatty                  pid-8918                             I  uid=10213(com.inforcegames.app3dmodelling) AudioTrack identical 6 lines
2022-12-26 22:17:16.261  8918-9015  AudioTrack              pid-8918                             V  obtainBuffer(192) returned 192 = 192 + 0 err 0
2022-12-26 22:17:16.261  1302-1457  ThermalEngine           pid-1302                             D  sensor_wait: backlight_therm Wait done.
2022-12-26 22:17:16.263  1302-1457  ThermalEngine           pid-1302                             D  sensor_monitor: backlight_therm Reading 28000 .
2022-12-26 22:17:16.263  1302-1457  ThermalEngine           pid-1302                             I  Sensor:backlight_therm:28000 mC
2022-12-26 22:17:16.263  1302-1457  ThermalEngine           pid-1302                             D  update_active_thresh: backlight_therm Active(1), Hi(1) 45000, Lo(0) -2147483648, desc(0) Interval(1) 2000
2022-12-26 22:17:16.263  1302-1457  ThermalEngine           pid-1302                             D  sensor_monitor: backlight_therm Sensor wait.
2022-12-26 22:17:16.263  1302-1457  ThermalEngine           pid-1302                             D  sensor_wait: backlight_therm Wait start. 2000ms
2022-12-26 22:17:16.265  8918-9015  AudioTrack              pid-8918                             V  obtainBuffer(192) returned 192 = 192 + 0 err 0
2022-12-26 22:17:16.305  8918-9015  chatty                  pid-8918                             I  uid=10213(com.inforcegames.app3dmodelling) AudioTrack identical 10 lines
2022-12-26 22:17:16.310  8918-9015  AudioTrack              pid-8918                             V  obtainBuffer(192) returned 192 = 192 + 0 err 0
2022-12-26 22:17:16.313  8918-9015  AudioTrack              pid-8918                             V  obtainBuffer(192) returned 192 = 128 + 64 err 0
2022-12-26 22:17:16.313  8918-9015  AudioTrack              pid-8918                             V  obtainBuffer(64) returned 64 = 64 + 0 err 0
2022-12-26 22:17:16.317  8918-9015  AudioTrack              pid-8918                             V  obtainBuffer(192) returned 192 = 192 + 0 err 0
2022-12-26 22:17:16.349  8918-9015  chatty                  pid-8918                             I  uid=10213(com.inforcegames.app3dmodelling) AudioTrack identical 8 lines
2022-12-26 22:17:16.353  8918-9015  AudioTrack              pid-8918                             V  obtainBuffer(192) returned 192 = 192 + 0 err 0
2022-12-26 22:17:16.357  8918-9015  AudioTrack              pid-8918                             V  obtainBuffer(192) returned 192 = 64 + 128 err 0
2022-12-26 22:17:16.357  8918-9015  AudioTrack              pid-8918                             V  obtainBuffer(128) returned 128 = 128 + 0 err 0
2022-12-26 22:17:16.362  8918-9015  AudioTrack              pid-8918                             V  obtainBuffer(192) returned 192 = 192 + 0 err 0
2022-12-26 22:17:16.433  8918-9015  chatty                  pid-8918                             I  uid=10213(com.inforcegames.app3dmodelling) AudioTrack identical 18 lines
2022-12-26 22:17:16.437  8918-9015  AudioTrack              pid-8918                             V  obtainBuffer(192) returned 192 = 192 + 0 err 0
2022-12-26 22:17:16.441  8918-9015  AudioTrack              pid-8918                             V  obtainBuffer(192) returned 192 = 128 + 64 err 0
2022-12-26 22:17:16.441  8918-9015  AudioTrack              pid-8918                             V  obtainBuffer(64) returned 64 = 64 + 0 err 0
2022-12-26 22:17:16.446  8918-9015  AudioTrack              pid-8918                             V  obtainBuffer(192) returned 192 = 192 + 0 err 0
2022-12-26 22:17:16.478  8918-9015  chatty                  pid-8918                             I  uid=10213(com.inforcegames.app3dmodelling) AudioTrack identical 8 lines
2022-12-26 22:17:16.482  8918-9015  AudioTrack              pid-8918                             V  obtainBuffer(192) returned 192 = 192 + 0 err 0
2022-12-26 22:17:16.485  8918-9015  AudioTrack              pid-8918                             V  obtainBuffer(192) returned 192 = 64 + 128 err 0
2022-12-26 22:17:16.485  8918-9015  AudioTrack              pid-8918                             V  obtainBuffer(128) returned 128 = 128 + 0 err 0
2022-12-26 22:17:16.489  8918-9015  AudioTrack              pid-8918                             V  obtainBuffer(192) returned 192 = 192 + 0 err 0
2022-12-26 22:17:16.561  8918-9015  chatty                  pid-8918                             I  uid=10213(com.inforcegames.app3dmodelling) AudioTrack identical 18 lines
2022-12-26 22:17:16.565  8918-9015  AudioTrack              pid-8918                             V  obtainBuffer(192) returned 192 = 192 + 0 err 0
2022-12-26 22:17:16.569  8918-9015  AudioTrack              pid-8918                             V  obtainBuffer(192) returned 192 = 128 + 64 err 0
2022-12-26 22:17:16.569  8918-9015  AudioTrack              pid-8918                             V  obtainBuffer(64) returned 64 = 64 + 0 err 0
2022-12-26 22:17:16.573  8918-9015  AudioTrack              pid-8918                             V  obtainBuffer(192) returned 192 = 192 + 0 err 0
2022-12-26 22:17:16.605  8918-9015  chatty                  pid-8918                             I  uid=10213(com.inforcegames.app3dmodelling) AudioTrack identical 8 lines
2022-12-26 22:17:16.609  8918-9015  AudioTrack              pid-8918                             V  obtainBuffer(192) returned 192 = 192 + 0 err 0
2022-12-26 22:17:16.613  8918-9015  AudioTrack              pid-8918                             V  obtainBuffer(192) returned 192 = 64 + 128 err 0
2022-12-26 22:17:16.613  8918-9015  AudioTrack              pid-8918                             V  obtainBuffer(128) returned 128 = 128 + 0 err 0
2022-12-26 22:17:16.617  8918-9015  AudioTrack              pid-8918                             V  obtainBuffer(192) returned 192 = 192 + 0 err 0
2022-12-26 22:17:16.689  8918-9015  chatty                  pid-8918                             I  uid=10213(com.inforcegames.app3dmodelling) AudioTrack identical 18 lines
2022-12-26 22:17:16.693  8918-9015  AudioTrack              pid-8918                             V  obtainBuffer(192) returned 192 = 192 + 0 err 0
2022-12-26 22:17:16.697  8918-9015  AudioTrack              pid-8918                             V  obtainBuffer(192) returned 192 = 128 + 64 err 0
2022-12-26 22:17:16.697  8918-9015  AudioTrack              pid-8918                             V  obtainBuffer(64) returned 64 = 64 + 0 err 0
2022-12-26 22:17:16.701  8918-9015  AudioTrack              pid-8918                             V  obtainBuffer(192) returned 192 = 192 + 0 err 0
2022-12-26 22:17:16.733  8918-9015  chatty                  pid-8918                             I  uid=10213(com.inforcegames.app3dmodelling) AudioTrack identical 8 lines
2022-12-26 22:17:16.738  8918-9015  AudioTrack              pid-8918                             V  obtainBuffer(192) returned 192 = 192 + 0 err 0
2022-12-26 22:17:16.742  8918-9015  AudioTrack              pid-8918                             V  obtainBuffer(192) returned 192 = 64 + 128 err 0
2022-12-26 22:17:16.742  8918-9015  AudioTrack              pid-8918                             V  obtainBuffer(128) returned 128 = 128 + 0 err 0
2022-12-26 22:17:16.745  8918-9015  AudioTrack              pid-8918                             V  obtainBuffer(192) returned 192 = 192 + 0 err 0
2022-12-26 22:17:16.817  8918-9015  chatty                  pid-8918                             I  uid=10213(com.inforcegames.app3dmodelling) AudioTrack identical 18 lines
