2022-12-26 09:42:42.329 32738-22155 NetworkScheduler        pid-32738                            W  Error inserting period=5387000 preferred_charging_state=1 preferred_network_type=1 target_class=com.google.android.gms.measurement.PackageMeasurementTaskService required_network_type=0 runtime=1672044162324 required_idleness_state=0 source=16 service_kind=0 target_package=com.google.android.gms persistence_level=1 source_version=224814000 last_runtime=0 user_id=0 job_id=-1 requires_charging=0 tag=Measurement.PackageMeasurementTaskService.UPLOAD_TASK_TAG flex_time=2693000 task_type=0 retry_strategy={"maximum_backoff_seconds":{"3600":0},"initial_backoff_seconds":{"30":0},"retry_policy":{"0":0}} [CONTEXT service_id=218 ]
                                                                                                    android.database.sqlite.SQLiteConstraintException: UNIQUE constraint failed: pending_ops.tag, pending_ops.target_class, pending_ops.target_package, pending_ops.user_id (code 2067 SQLITE_CONSTRAINT_UNIQUE)
                                                                                                    	at android.database.sqlite.SQLiteConnection.nativeExecuteForLastInsertedRowId(Native Method)
                                                                                                    	at android.database.sqlite.SQLiteConnection.executeForLastInsertedRowId(SQLiteConnection.java:796)
                                                                                                    	at android.database.sqlite.SQLiteSession.executeForLastInsertedRowId(SQLiteSession.java:788)
                                                                                                    	at android.database.sqlite.SQLiteStatement.executeInsert(SQLiteStatement.java:86)
                                                                                                    	at android.database.sqlite.SQLiteDatabase.insertWithOnConflict(SQLiteDatabase.java:1564)
                                                                                                    	at android.database.sqlite.SQLiteDatabase.insertOrThrow(SQLiteDatabase.java:1459)
                                                                                                    	at bkqd.g(:com.google.android.gms@224814028@22.48.14 (100400-493411920):53)
                                                                                                    	at bkow.n(:com.google.android.gms@224814028@22.48.14 (100400-493411920):3)
                                                                                                    	at bkow.u(:com.google.android.gms@224814028@22.48.14 (100400-493411920):20)
                                                                                                    	at bkow.h(:com.google.android.gms@224814028@22.48.14 (100400-493411920):3)
                                                                                                    	at bkkn.run(:com.google.android.gms@224814028@22.48.14 (100400-493411920):9)
                                                                                                    	at abva.c(:com.google.android.gms@224814028@22.48.14 (100400-493411920):6)
                                                                                                    	at abva.run(:com.google.android.gms@224814028@22.48.14 (100400-493411920):7)
                                                                                                    	at java.util.concurrent.ThreadPoolExecutor.runWorker(ThreadPoolExecutor.java:1167)
                                                                                                    	at java.util.concurrent.ThreadPoolExecutor$Worker.run(ThreadPoolExecutor.java:641)
                                                                                                    	at acae.run(:com.google.android.gms@224814028@22.48.14 (100400-493411920):0)
                                                                                                    	at java.lang.Thread.run(Thread.java:764)
2022-12-26 09:42:42.330  2280-6954  Timeline                pid-2280                             I  Timeline: App_transition_ready time:49090611
2022-12-26 09:42:42.361 22803-22803 AudioManager            pid-22803                            D  getStreamVolume isRestricted mode = 0
2022-12-26 09:42:42.361 32738-19829 NetworkScheduler        pid-32738                            W  Error inserting period=5387000 preferred_charging_state=1 preferred_network_type=1 target_class=com.google.android.gms.measurement.PackageMeasurementTaskService required_network_type=0 runtime=1672044162358 required_idleness_state=0 source=16 service_kind=0 target_package=com.google.android.gms persistence_level=1 source_version=224814000 last_runtime=0 user_id=0 job_id=-1 requires_charging=0 tag=Measurement.PackageMeasurementTaskService.UPLOAD_TASK_TAG flex_time=2693000 task_type=0 retry_strategy={"maximum_backoff_seconds":{"3600":0},"initial_backoff_seconds":{"30":0},"retry_policy":{"0":0}} [CONTEXT service_id=218 ]
                                                                                                    android.database.sqlite.SQLiteConstraintException: UNIQUE constraint failed: pending_ops.tag, pending_ops.target_class, pending_ops.target_package, pending_ops.user_id (code 2067 SQLITE_CONSTRAINT_UNIQUE)
                                                                                                    	at android.database.sqlite.SQLiteConnection.nativeExecuteForLastInsertedRowId(Native Method)
                                                                                                    	at android.database.sqlite.SQLiteConnection.executeForLastInsertedRowId(SQLiteConnection.java:796)
                                                                                                    	at android.database.sqlite.SQLiteSession.executeForLastInsertedRowId(SQLiteSession.java:788)
                                                                                                    	at android.database.sqlite.SQLiteStatement.executeInsert(SQLiteStatement.java:86)
                                                                                                    	at android.database.sqlite.SQLiteDatabase.insertWithOnConflict(SQLiteDatabase.java:1564)
                                                                                                    	at android.database.sqlite.SQLiteDatabase.insertOrThrow(SQLiteDatabase.java:1459)
                                                                                                    	at bkqd.g(:com.google.android.gms@224814028@22.48.14 (100400-493411920):53)
                                                                                                    	at bkow.n(:com.google.android.gms@224814028@22.48.14 (100400-493411920):3)
                                                                                                    	at bkow.u(:com.google.android.gms@224814028@22.48.14 (100400-493411920):20)
                                                                                                    	at bkow.h(:com.google.android.gms@224814028@22.48.14 (100400-493411920):3)
                                                                                                    	at bkkn.run(:com.google.android.gms@224814028@22.48.14 (100400-493411920):9)
                                                                                                    	at abva.c(:com.google.android.gms@224814028@22.48.14 (100400-493411920):6)
                                                                                                    	at abva.run(:com.google.android.gms@224814028@22.48.14 (100400-493411920):7)
                                                                                                    	at java.util.concurrent.ThreadPoolExecutor.runWorker(ThreadPoolExecutor.java:1167)
                                                                                                    	at java.util.concurrent.ThreadPoolExecutor$Worker.run(ThreadPoolExecutor.java:641)
                                                                                                    	at acae.run(:com.google.android.gms@224814028@22.48.14 (100400-493411920):0)
                                                                                                    	at java.lang.Thread.run(Thread.java:764)
2022-12-26 09:42:42.362   688-4296  audio_hw_spkr_prot      pid-688                              D  audio_extn_fbsp_get_parameters: Speaker protection disabled
2022-12-26 09:42:42.362   688-4296  audio_hw_extn           pid-688                              D  audio_extn_get_parameters: returns 
2022-12-26 09:42:42.363   743-8567  hash_map_utils          pid-743                              I  key: 'hifi_mode' value: ''
2022-12-26 09:42:42.368  2280-6954  CompatibilityInfo       pid-2280                             D  mCompatibilityFlags - 0
2022-12-26 09:42:42.368  2280-6954  CompatibilityInfo       pid-2280                             D  applicationDensity - 440
2022-12-26 09:42:42.368  2280-6954  CompatibilityInfo       pid-2280                             D  applicationScale - 1.0
2022-12-26 09:42:42.370  2280-2368  UiModeManager           pid-2280                             V  switch night mode to 2
2022-12-26 09:42:42.375  2280-2336  Timeline                pid-2280                             I  Timeline: App_transition_ready time:49090657
2022-12-26 09:42:42.403  2280-2336  Timeline                pid-2280                             I  Timeline: App_transition_ready time:49090684
2022-12-26 09:42:42.405  2280-2336  Timeline                pid-2280                             I  Timeline: App_transition_ready time:49090687
2022-12-26 09:42:42.437  2280-2339  Timeline                pid-2280                             I  Timeline: App_transition_ready time:49090719
2022-12-26 09:42:42.464  2280-2339  Timeline                pid-2280                             I  Timeline: App_transition_ready time:49090746
2022-12-26 09:42:42.471 13316-13316 DeviceLevelUtils        pid-13316                            E  isLowGpuDevice:1
2022-12-26 09:42:42.484   745-745   SurfaceFlinger          pid-745                              D  duplicate layer name: changing Surface(name=6ff5ba6 com.inforcegames.app3dmodelling/com.unity3d.player.UnityPlayerActivity)/@0x351772c - animation-leash to Surface(name=6ff5ba6 com.inforcegames.app3dmodelling/com.unity3d.player.UnityPlayerActivity)/@0x351772c - animation-leash#1
2022-12-26 09:42:42.494   745-745   SurfaceFlinger          pid-745                              D  duplicate layer name: changing Surface(name=Dim Layer for - Task=1195)/@0x8445c71 - animation-leash to Surface(name=Dim Layer for - Task=1195)/@0x8445c71 - animation-leash#1
2022-12-26 09:42:42.512 24985-24985 GoogleInpu...hodService pid-24985                            I  GoogleInputMethodService.onFinishInput():3227 
2022-12-26 09:42:42.514 24985-24985 GoogleInpu...hodService pid-24985                            I  GoogleInputMethodService.updateDeviceLockedStatus():2087 repeatCheckTimes = 0, unlocked = true
2022-12-26 09:42:42.514 24985-24985 GoogleInpu...hodService pid-24985                            I  GoogleInputMethodService.onStartInput():1877 onStartInput(EditorInfo{inputType=0x0(NULL) imeOptions=0x0 privateImeOptions=null actionName=UNSPECIFIED actionLabel=null actionId=0 initialSelStart=-1 initialSelEnd=-1 initialCapsMode=0x0 hintText=null label=null packageName=com.inforcegames.app3dmodelling fieldId=2131165376 fieldName=null extras=null}, false)
2022-12-26 09:42:42.514 24985-24985 GoogleInpu...hodService pid-24985                            I  GoogleInputMethodService.shouldHideHeaderOnInitialState():4008 ShouldHideHeaderOnInitialState = false
2022-12-26 09:42:42.514 24985-24985 GoogleInpu...hodService pid-24985                            I  GoogleInputMethodService.updateDeviceLockedStatus():2087 repeatCheckTimes = 2, unlocked = true
2022-12-26 09:42:42.560 22803-22863 AudioManager            pid-22803                            D  getStreamVolume isRestricted mode = 0
2022-12-26 09:42:42.561 22873-22886 Finsky                  pid-22873                            W  [11172] hgq.a(18): com.inforcegames.app3dmodelling: No account found.
2022-12-26 09:42:42.562   688-944   audio_hw_spkr_prot      pid-688                              D  audio_extn_fbsp_get_parameters: Speaker protection disabled
2022-12-26 09:42:42.562   688-944   audio_hw_extn           pid-688                              D  audio_extn_get_parameters: returns 
2022-12-26 09:42:42.562   743-8567  hash_map_utils          pid-743                              I  key: 'hifi_mode' value: ''
2022-12-26 09:42:42.563 22873-22886 Finsky                  pid-22873                            I  [11172] hgq.a(61): Billing preferred account via installer for com.inforcegames.app3dmodelling: [dCNOmK_nSY-12vHzasLXiswzlGT5UHA7jAGYkvmCuQs]
2022-12-26 09:42:42.564 22873-22886 Finsky                  pid-22873                            W  [11172] hgq.a(18): com.inforcegames.app3dmodelling: No account found.
2022-12-26 09:42:42.565 22873-22886 Finsky                  pid-22873                            I  [11172] hgq.a(61): Billing preferred account via installer for com.inforcegames.app3dmodelling: [dCNOmK_nSY-12vHzasLXiswzlGT5UHA7jAGYkvmCuQs]
2022-12-26 09:42:42.567 22873-22886 Finsky                  pid-22873                            W  [11172] hgq.a(18): com.inforcegames.app3dmodelling: No account found.
2022-12-26 09:42:42.568 22873-22886 Finsky                  pid-22873                            I  [11172] hgq.a(61): Billing preferred account via installer for com.inforcegames.app3dmodelling: [dCNOmK_nSY-12vHzasLXiswzlGT5UHA7jAGYkvmCuQs]
2022-12-26 09:42:42.570 22873-22886 Finsky                  pid-22873                            W  [11172] hgq.a(18): com.inforcegames.app3dmodelling: No account found.
2022-12-26 09:42:42.570 22873-22886 Finsky                  pid-22873                            I  [11172] hgq.a(61): Billing preferred account via installer for com.inforcegames.app3dmodelling: [dCNOmK_nSY-12vHzasLXiswzlGT5UHA7jAGYkvmCuQs]
2022-12-26 09:42:42.571 22873-22886 Finsky                  pid-22873                            W  [11172] hgq.a(18): com.inforcegames.app3dmodelling: No account found.
2022-12-26 09:42:42.574 22873-22886 Finsky                  pid-22873                            I  [11172] hgq.a(61): Billing preferred account via installer for com.inforcegames.app3dmodelling: [dCNOmK_nSY-12vHzasLXiswzlGT5UHA7jAGYkvmCuQs]
2022-12-26 09:42:42.576 22873-22886 Finsky                  pid-22873                            W  [11172] hgq.a(18): com.inforcegames.app3dmodelling: No account found.
2022-12-26 09:42:42.577 22873-22886 Finsky                  pid-22873                            I  [11172] hgq.a(61): Billing preferred account via installer for com.inforcegames.app3dmodelling: [dCNOmK_nSY-12vHzasLXiswzlGT5UHA7jAGYkvmCuQs]
2022-12-26 09:42:42.578 22873-22886 Finsky                  pid-22873                            W  [11172] hgq.a(18): com.inforcegames.app3dmodelling: No account found.
2022-12-26 09:42:42.579 22873-22886 Finsky                  pid-22873                            I  [11172] hgq.a(61): Billing preferred account via installer for com.inforcegames.app3dmodelling: [dCNOmK_nSY-12vHzasLXiswzlGT5UHA7jAGYkvmCuQs]
2022-12-26 09:42:42.580 22873-22886 Finsky                  pid-22873                            W  [11172] hgq.a(18): com.inforcegames.app3dmodelling: No account found.
2022-12-26 09:42:42.581 22873-22886 Finsky                  pid-22873                            I  [11172] hgq.a(61): Billing preferred account via installer for com.inforcegames.app3dmodelling: [dCNOmK_nSY-12vHzasLXiswzlGT5UHA7jAGYkvmCuQs]
2022-12-26 09:42:42.583 22873-22886 Finsky                  pid-22873                            W  [11172] hgq.a(18): com.inforcegames.app3dmodelling: No account found.
2022-12-26 09:42:42.583 22873-22886 Finsky                  pid-22873                            I  [11172] hgq.a(61): Billing preferred account via installer for com.inforcegames.app3dmodelling: [dCNOmK_nSY-12vHzasLXiswzlGT5UHA7jAGYkvmCuQs]
2022-12-26 09:42:42.585 22873-22886 Finsky                  pid-22873                            W  [11172] hgq.a(18): com.inforcegames.app3dmodelling: No account found.
2022-12-26 09:42:42.586 22873-22886 Finsky                  pid-22873                            I  [11172] hgq.a(61): Billing preferred account via installer for com.inforcegames.app3dmodelling: [dCNOmK_nSY-12vHzasLXiswzlGT5UHA7jAGYkvmCuQs]
2022-12-26 09:42:42.587 22873-22886 Finsky                  pid-22873                            W  [11172] hgq.a(18): com.inforcegames.app3dmodelling: No account found.
2022-12-26 09:42:42.588 22873-22886 Finsky                  pid-22873                            I  [11172] hgq.a(61): Billing preferred account via installer for com.inforcegames.app3dmodelling: [dCNOmK_nSY-12vHzasLXiswzlGT5UHA7jAGYkvmCuQs]
2022-12-26 09:42:42.590 22873-22886 Finsky                  pid-22873                            W  [11172] hgq.a(18): com.inforcegames.app3dmodelling: No account found.
2022-12-26 09:42:42.590 22873-22886 Finsky                  pid-22873                            I  [11172] hgq.a(61): Billing preferred account via installer for com.inforcegames.app3dmodelling: [dCNOmK_nSY-12vHzasLXiswzlGT5UHA7jAGYkvmCuQs]
2022-12-26 09:42:42.592 22873-22886 Finsky                  pid-22873                            W  [11172] hgq.a(18): com.inforcegames.app3dmodelling: No account found.
2022-12-26 09:42:42.593 22873-22886 Finsky                  pid-22873                            I  [11172] hgq.a(61): Billing preferred account via installer for com.inforcegames.app3dmodelling: [dCNOmK_nSY-12vHzasLXiswzlGT5UHA7jAGYkvmCuQs]
2022-12-26 09:42:42.594 22873-22886 Finsky                  pid-22873                            W  [11172] hgq.a(18): com.inforcegames.app3dmodelling: No account found.
2022-12-26 09:42:42.595 22873-22886 Finsky                  pid-22873                            I  [11172] hgq.a(61): Billing preferred account via installer for com.inforcegames.app3dmodelling: [dCNOmK_nSY-12vHzasLXiswzlGT5UHA7jAGYkvmCuQs]
2022-12-26 09:42:42.596 22873-22885 Finsky                  pid-22873                            W  [11171] hgq.a(18): com.inforcegames.app3dmodelling: No account found.
2022-12-26 09:42:42.597 22873-22885 Finsky                  pid-22873                            I  [11171] hgq.a(61): Billing preferred account via installer for com.inforcegames.app3dmodelling: [dCNOmK_nSY-12vHzasLXiswzlGT5UHA7jAGYkvmCuQs]
2022-12-26 09:42:42.606 22873-22885 Finsky                  pid-22873                            W  [11171] hgq.a(18): com.inforcegames.app3dmodelling: No account found.
2022-12-26 09:42:42.606 22873-22885 Finsky                  pid-22873                            I  [11171] hgq.a(61): Billing preferred account via installer for com.inforcegames.app3dmodelling: [dCNOmK_nSY-12vHzasLXiswzlGT5UHA7jAGYkvmCuQs]
2022-12-26 09:42:42.608 22873-22885 Finsky                  pid-22873                            W  [11171] hgq.a(18): com.inforcegames.app3dmodelling: No account found.
2022-12-26 09:42:42.609 22873-22885 Finsky                  pid-22873                            I  [11171] hgq.a(61): Billing preferred account via installer for com.inforcegames.app3dmodelling: [dCNOmK_nSY-12vHzasLXiswzlGT5UHA7jAGYkvmCuQs]
2022-12-26 09:42:42.611 22873-22885 Finsky                  pid-22873                            W  [11171] hgq.a(18): com.inforcegames.app3dmodelling: No account found.
2022-12-26 09:42:42.612 22873-22885 Finsky                  pid-22873                            I  [11171] hgq.a(61): Billing preferred account via installer for com.inforcegames.app3dmodelling: [dCNOmK_nSY-12vHzasLXiswzlGT5UHA7jAGYkvmCuQs]
2022-12-26 09:42:42.613 22873-22885 Finsky                  pid-22873                            W  [11171] hgq.a(18): com.inforcegames.app3dmodelling: No account found.
2022-12-26 09:42:42.614 22873-22885 Finsky                  pid-22873                            I  [11171] hgq.a(61): Billing preferred account via installer for com.inforcegames.app3dmodelling: [dCNOmK_nSY-12vHzasLXiswzlGT5UHA7jAGYkvmCuQs]
2022-12-26 09:42:42.615 22873-22885 Finsky                  pid-22873                            W  [11171] hgq.a(18): com.inforcegames.app3dmodelling: No account found.
2022-12-26 09:42:42.616 22873-22885 Finsky                  pid-22873                            I  [11171] hgq.a(61): Billing preferred account via installer for com.inforcegames.app3dmodelling: [dCNOmK_nSY-12vHzasLXiswzlGT5UHA7jAGYkvmCuQs]
2022-12-26 09:42:42.617 22873-22885 Finsky                  pid-22873                            W  [11171] hgq.a(18): com.inforcegames.app3dmodelling: No account found.
2022-12-26 09:42:42.619 22873-22885 Finsky                  pid-22873                            I  [11171] hgq.a(61): Billing preferred account via installer for com.inforcegames.app3dmodelling: [dCNOmK_nSY-12vHzasLXiswzlGT5UHA7jAGYkvmCuQs]
2022-12-26 09:42:42.620 22873-22885 Finsky                  pid-22873                            W  [11171] hgq.a(18): com.inforcegames.app3dmodelling: No account found.
2022-12-26 09:42:42.621 22873-22885 Finsky                  pid-22873                            I  [11171] hgq.a(61): Billing preferred account via installer for com.inforcegames.app3dmodelling: [dCNOmK_nSY-12vHzasLXiswzlGT5UHA7jAGYkvmCuQs]
2022-12-26 09:42:42.623 22873-22885 Finsky                  pid-22873                            W  [11171] hgq.a(18): com.inforcegames.app3dmodelling: No account found.
2022-12-26 09:42:42.624 22873-22885 Finsky                  pid-22873                            I  [11171] hgq.a(61): Billing preferred account via installer for com.inforcegames.app3dmodelling: [dCNOmK_nSY-12vHzasLXiswzlGT5UHA7jAGYkvmCuQs]
2022-12-26 09:42:42.626 22873-22885 Finsky                  pid-22873                            W  [11171] hgq.a(18): com.inforcegames.app3dmodelling: No account found.
2022-12-26 09:42:42.626 22873-22885 Finsky                  pid-22873                            I  [11171] hgq.a(61): Billing preferred account via installer for com.inforcegames.app3dmodelling: [dCNOmK_nSY-12vHzasLXiswzlGT5UHA7jAGYkvmCuQs]
2022-12-26 09:42:42.628 22873-22885 Finsky                  pid-22873                            W  [11171] hgq.a(18): com.inforcegames.app3dmodelling: No account found.
2022-12-26 09:42:42.628 22873-22885 Finsky                  pid-22873                            I  [11171] hgq.a(61): Billing preferred account via installer for com.inforcegames.app3dmodelling: [dCNOmK_nSY-12vHzasLXiswzlGT5UHA7jAGYkvmCuQs]
2022-12-26 09:42:42.630 22873-22885 Finsky                  pid-22873                            W  [11171] hgq.a(18): com.inforcegames.app3dmodelling: No account found.
2022-12-26 09:42:42.630 22873-22885 Finsky                  pid-22873                            I  [11171] hgq.a(61): Billing preferred account via installer for com.inforcegames.app3dmodelling: [dCNOmK_nSY-12vHzasLXiswzlGT5UHA7jAGYkvmCuQs]
2022-12-26 09:42:42.632 22873-22885 Finsky                  pid-22873                            W  [11171] hgq.a(18): com.inforcegames.app3dmodelling: No account found.
2022-12-26 09:42:42.632 22873-22885 Finsky                  pid-22873                            I  [11171] hgq.a(61): Billing preferred account via installer for com.inforcegames.app3dmodelling: [dCNOmK_nSY-12vHzasLXiswzlGT5UHA7jAGYkvmCuQs]
2022-12-26 09:42:42.633 22873-22885 Finsky                  pid-22873                            W  [11171] hgq.a(18): com.inforcegames.app3dmodelling: No account found.
2022-12-26 09:42:42.634 22873-22885 Finsky                  pid-22873                            I  [11171] hgq.a(61): Billing preferred account via installer for com.inforcegames.app3dmodelling: [dCNOmK_nSY-12vHzasLXiswzlGT5UHA7jAGYkvmCuQs]
2022-12-26 09:42:42.634 22803-23358 BillingClient           pid-22803                            W  In-app billing API version 3 is not supported on this device.
2022-12-26 09:42:42.638   745-3136  SurfaceFlinger          pid-745                              W  Attempting to set client state on removed layer: com.inforcegames.app3dmodelling/com.unity3d.player.UnityPlayerActivity#0
2022-12-26 09:42:42.638   745-3136  SurfaceFlinger          pid-745                              W  Attempting to destroy on removed layer: com.inforcegames.app3dmodelling/com.unity3d.player.UnityPlayerActivity#0
2022-12-26 09:42:42.644 22803-22863 AudioTrack              pid-22803                            V  start: server read:912000  cumulative flushed:0  client written:912000
2022-12-26 09:42:42.644   743-930   AudioFlinger            pid-743                              V  createEffect pid 743, effectClient 0xf39204b0, priority 0, sessionId 1993, io 13, factory 0xf451c280
2022-12-26 09:42:42.644  2280-2280  MediaSessionStack       pid-2280                             D  Search one active MediaSession due to mMediaButtonSession is null or inactive
2022-12-26 09:42:42.644  2280-2280  MediaSessionStack       pid-2280                             D  Pick the one at tail as mediaButtonSession
2022-12-26 09:42:42.644  2280-2280  MediaSessionStack       pid-2280                             D  Search one active MediaSession due to mMediaButtonSession is null or inactive
2022-12-26 09:42:42.644  2280-2280  MediaSessionStack       pid-2280                             D  Pick the one at tail as mediaButtonSession
2022-12-26 09:42:42.645 22803-22803 MediaRouter             pid-22803                            V  onRestoreRoute() : route=RouteInfo{ name=, description=null, status=null, category=RouteCategory{ name= types=ROUTE_TYPE_LIVE_AUDIO ROUTE_TYPE_LIVE_VIDEO  groupable=false }, supportedTypes=ROUTE_TYPE_LIVE_AUDIO ROUTE_TYPE_LIVE_VIDEO , presentationDisplay=null }
2022-12-26 09:42:42.645 22803-22803 MediaRouter             pid-22803                            V  Selecting route: RouteInfo{ name=, description=null, status=null, category=RouteCategory{ name= types=ROUTE_TYPE_LIVE_AUDIO ROUTE_TYPE_LIVE_VIDEO  groupable=false }, supportedTypes=ROUTE_TYPE_LIVE_AUDIO ROUTE_TYPE_LIVE_VIDEO , presentationDisplay=null }
2022-12-26 09:42:42.647   686-686   AshmemAllocator         pid-686                              W  ashmem_create_region(7680) returning hidl_memory(0x7e0cc2c100, 7680)
2022-12-26 09:42:42.649   686-686   AshmemAllocator         pid-686                              W  ashmem_create_region(7680) returning hidl_memory(0x7e0cc2c100, 7680)
2022-12-26 09:42:42.650   743-930   AudioFlinger            pid-743                              V  acquiring 1993 from 743, for 743
2022-12-26 09:42:42.650   743-930   AudioFlinger            pid-743                              V   added new entry for 1993
2022-12-26 09:42:42.651   743-930   APM_AudioPolicyManager  pid-743                              V  startOutput() output 13, stream 3, session 1993
2022-12-26 09:42:42.651   743-930   APM_AudioPolicyManager  pid-743                              V  selectOutputForMusicEffects activeOnly 1 output 13 flags 0x00000006
2022-12-26 09:42:42.651   743-930   APM_AudioPolicyManager  pid-743                              V  selectOutputForMusicEffects selected output 13
2022-12-26 09:42:42.651   743-930   APM_AudioPolicyManager  pid-743                              V  getNewOutputDevice() selected device 2
2022-12-26 09:42:42.651   743-930   APM_AudioPolicyManager  pid-743                              V  setOutputDevice() device 0002 delayMs 0
2022-12-26 09:42:42.651   743-930   APM_AudioPolicyManager  pid-743                              V  setOutputDevice() prevDevice 0x0002
2022-12-26 09:42:42.651   743-930   APM_AudioPolicyManager  pid-743                              V  setOutputDevice() setting same device 0x0002 or null device
2022-12-26 09:42:42.651   743-930   AudioPolic...agerCustom pid-743                              V  checkOutputForStrategy(): policy related outputs
2022-12-26 09:42:42.651 22803-22913 AudioTrack              pid-22803                            V  obtainBuffer(192) returned 1536 = 192 + 1344 err 0
2022-12-26 09:42:42.652 22803-22913 AudioTrack              pid-22803                            V  obtainBuffer(192) returned 1344 = 192 + 1152 err 0
2022-12-26 09:42:42.652 22803-22913 AudioTrack              pid-22803                            V  obtainBuffer(192) returned 1152 = 192 + 960 err 0
2022-12-26 09:42:42.652 22803-22913 AudioTrack              pid-22803                            V  obtainBuffer(192) returned 960 = 192 + 768 err 0
2022-12-26 09:42:42.652 22803-22913 AudioTrack              pid-22803                            V  obtainBuffer(192) returned 768 = 192 + 576 err 0
2022-12-26 09:42:42.652 22803-22913 AudioTrack              pid-22803                            V  obtainBuffer(192) returned 576 = 192 + 384 err 0
2022-12-26 09:42:42.652 22803-22913 AudioTrack              pid-22803                            V  obtainBuffer(192) returned 384 = 192 + 192 err 0
2022-12-26 09:42:42.652 22803-22913 AudioTrack              pid-22803                            V  obtainBuffer(192) returned 192 = 64 + 128 err 0
2022-12-26 09:42:42.652 22803-22913 AudioTrack              pid-22803                            V  obtainBuffer(128) returned 128 = 128 + 0 err 0
2022-12-26 09:42:42.653 22803-22863 Unity                   pid-22803                            E  Purchasing failed to initialize. Reason: PurchasingUnavailable
                                                                                                    UnityEngine.Purchasing.CodelessIAPStoreListener:OnInitializeFailed(InitializationFailureReason)
                                                                                                    UnityEngine.Purchasing.Extension.UnityUtil:Update()
2022-12-26 09:42:42.654   688-16844 audio_hw_primary        pid-688                              D  start_output_stream: enter: stream(0xe7bef000)usecase(1: low-latency-playback) devices(0x2)
2022-12-26 09:42:42.654   688-16844 audio_hw_primary        pid-688                              D  select_devices for use case (low-latency-playback)
2022-12-26 09:42:42.654   688-16844 ultrasound_extn         pid-688                              D  dump_usecase_list: SDM660 enter sensor_activated:0 hw_port_enabled:0
2022-12-26 09:42:42.654   688-16844 ultrasound_extn         pid-688                              D  dump_usecase_list: SDM660 select_devices exit usecase[#0]:(1, low-latency-playback) in_dev:(0, ) out_dv:(0, )
2022-12-26 09:42:42.654   688-16844 audio_hw_primary        pid-688                              D  select_devices: out_snd_device(2: speaker) in_snd_device(0: )
2022-12-26 09:42:42.654   688-16844 ultrasound_extn         pid-688                              D  ultrasound_select_devices_pre ultrasound_enabled:0 usecase(low-latency-playback), devices:2 in_snd_device(0, ), out_snd_device(2, speaker)
2022-12-26 09:42:42.654   688-16844 ultrasound_extn         pid-688                              D  dump_usecase_list: SDM660 enter sensor_activated:0 hw_port_enabled:0
2022-12-26 09:42:42.654   688-16844 ultrasound_extn         pid-688                              D  dump_usecase_list: SDM660 select_devices_pre usecase[#0]:(1, low-latency-playback) in_dev:(0, ) out_dv:(0, )
2022-12-26 09:42:42.654   688-16844 msm8916_platform        pid-688                              I  platform_check_and_set_codec_backend_cfg:becf: afe: bitwidth 16, samplerate 48000 channels 2, backend_idx 0 usecase = 1 device (speaker)
2022-12-26 09:42:42.654   688-16844 msm8916_platform        pid-688                              D  platform_split_snd_device: snd_device(2) num devices(1) new_snd_devices(0)
2022-12-26 09:42:42.654   688-16844 msm8916_platform        pid-688                              I  platform_check_and_set_codec_backend_cfg: becf: new_snd_devices[0] is speaker
2022-12-26 09:42:42.654   688-16844 msm8916_platform        pid-688                              I  platform_check_codec_backend_cfg:becf: afe: Codec selected backend: 0 current bit width: 16 sample rate: 48000 channels: 2 usecase 1 device (speaker)
2022-12-26 09:42:42.654   688-16844 msm8916_platform        pid-688                              D  platform_check_codec_backend_cfg:becf: afe: playback on codec device not supporting native playback set default Sample Rate(48k)
2022-12-26 09:42:42.654   688-16844 msm8916_platform        pid-688                              I  platform_check_codec_backend_cfg:becf: afe: Codec selected backend: 0 updated bit width: 16 sample rate: 48000 channels: 2
2022-12-26 09:42:42.654   688-16844 audio_hw_primary        pid-688                              D  check_usecases_codec_backend:becf: force routing 0
2022-12-26 09:42:42.654   688-16844 msm8916_platform        pid-688                              E  platform_check_backends_match: Invalid snd_device = 
2022-12-26 09:42:42.654   688-16844 audio_hw_primary        pid-688                              D  check_usecases_codec_backend:becf: (85) check_usecases curr device: speaker, usecase device: backends match 0
2022-12-26 09:42:42.654   688-16844 audio_hw_primary        pid-688                              D  check_usecases_codec_backend:becf: check_usecases num.of Usecases to switch 0
2022-12-26 09:42:42.654   688-16844 msm8916_platform        pid-688                              E  platform_get_snd_device_name_extn: device_name=,snd_device=2, device_table[snd_device]=speaker
2022-12-26 09:42:42.654   688-16844 hardware_info           pid-688                              D  hw_info_append_hw_type : device_name = speaker
2022-12-26 09:42:42.654   688-16844 msm8916_platform        pid-688                              D  platform_split_snd_device: snd_device(2) num devices(0) new_snd_devices(0)
2022-12-26 09:42:42.654   688-16844 audio_hw_primary        pid-688                              D  enable_snd_device: snd_device(2: speaker)
2022-12-26 09:42:42.654   688-16844 soundtrigger            pid-688                              I  audio_extn_sound_trigger_update_device_status: device 0x2 of type 0 for Event 1, with Raise=0
2022-12-26 09:42:42.654   688-16844 audio_route             pid-688                              D  Apply path: speaker
2022-12-26 09:42:42.654   688-16844 audio_route             pid-688                              E  Path: speaker, length: 1
2022-12-26 09:42:42.654   688-16844 audio_route             pid-688                              E    id=0: ctl=Configuration
2022-12-26 09:42:42.654   688-16844 audio_route             pid-688                              E      id=0 value=0
2022-12-26 09:42:42.654   688-16844 soundtrigger            pid-688                              E  audio_extn_sound_trigger_update_stream_status: invalid input device 0x0, for event 3
2022-12-26 09:42:42.654   688-16844 soundtrigger            pid-688                              D  audio_extn_sound_trigger_update_stream_status: uc_info->id 1 of type 0 for Event 3, with Raise=0
2022-12-26 09:42:42.654   688-16844 audio_hw_utils          pid-688                              D  audio_extn_utils_send_app_type_cfg: usecase->out_snd_device speaker
2022-12-26 09:42:42.654   688-16844 msm8916_platform        pid-688                              D  platform_split_snd_device: snd_device(2) num devices(0) new_snd_devices(0)
2022-12-26 09:42:42.655 22803-22863 Unity                   pid-22803                            E  Purchasing failed to initialize. Reason: PurchasingUnavailable
                                                                                                    UnityEngine.Purchasing.CodelessIAPStoreListener:OnInitializeFailed(InitializationFailureReason)
                                                                                                    UnityEngine.Purchasing.Extension.UnityUtil:Update()
2022-12-26 09:42:42.655   688-16844 audio_hw_utils          pid-688                              D  audio_extn_btsco_get_sample_rate:Not a BT SCO device, need not update sampling rate
2022-12-26 09:42:42.655   688-16844 audio_hw_utils          pid-688                              I  send_app_type_cfg_for_device PLAYBACK app_type 69937, acdb_dev_id 15, sample_rate 48000, snd_device_be_idx 43
2022-12-26 09:42:42.655   688-16844 msm8916_platform        pid-688                              D  platform_split_snd_device: snd_device(2) num devices(1) new_snd_devices(0)
2022-12-26 09:42:42.655   688-16844 ACDB-LOADER             pid-688                              D  ACDB -> send_audio_cal, acdb_id = 15, path = 0, app id = 0x11131, sample rate = 48000
2022-12-26 09:42:42.655   688-16844 ACDB-LOADER             pid-688                              D  ACDB -> send_asm_topology
2022-12-26 09:42:42.655   688-16844 ACDB-LOADER             pid-688                              D  ACDB -> ACDB_CMD_GET_AUDPROC_STREAM_TOPOLOGY_ID
2022-12-26 09:42:42.656   688-16844 ACDB-LOADER             pid-688                              D  ACDB -> send_adm_topology
2022-12-26 09:42:42.656   688-16844 ACDB-LOADER             pid-688                              D  ACDB -> ACDB_CMD_GET_AUDPROC_COMMON_TOPOLOGY_ID
2022-12-26 09:42:42.656   688-16844 ACDB-LOADER             pid-688                              D  ACDB -> send_audtable
2022-12-26 09:42:42.656   688-16844 ACDB-LOADER             pid-688                              D  ACDB -> ACDB_CMD_GET_AUDPROC_COMMON_TABLE_SIZE
2022-12-26 09:42:42.656   688-16844 <no-tag>                pid-688                              D  ACDBFILE_MGR:Read the devices count as zero, please check the acdb file
2022-12-26 09:42:42.656   688-16844 ACDB-LOADER             pid-688                              D  ACDB -> ACDB_CMD_GET_AUDPROC_COMMON_TABLE
2022-12-26 09:42:42.656   688-16844 <no-tag>                pid-688                              D  ACDBFILE_MGR:Read the devices count as zero, please check the acdb file
2022-12-26 09:42:42.656   688-16844 ACDB-LOADER             pid-688                              D  ACDB -> AUDIO_SET_AUDPROC_CAL
2022-12-26 09:42:42.656   688-16844 ACDB-LOADER             pid-688                              D  ACDB -> send_audvoltable
2022-12-26 09:42:42.656   688-16844 ACDB-LOADER             pid-688                              D  ACDB -> ACDB_CMD_GET_AUDPROC_VOL_STEP_TABLE_SIZE
2022-12-26 09:42:42.656   688-16844 <no-tag>                pid-688                              D  ACDBFILE_MGR:Read the devices count as zero, please check the acdb file
2022-12-26 09:42:42.656   688-16844 ACDB-LOADER             pid-688                              D  ACDB -> ACDB_CMD_GET_AUDPROC_GAIN_DEP_STEP_TABLE, vol index 5
2022-12-26 09:42:42.656   688-16844 <no-tag>                pid-688                              D  ACDBFILE_MGR:Read the devices count as zero, please check the acdb file
2022-12-26 09:42:42.656   688-16844 ACDB-LOADER             pid-688                              D  ACDB -> AUDIO_SET_VOL_CAL cal type = 12
2022-12-26 09:42:42.656   688-16844 ACDB-LOADER             pid-688                              D  ACDB -> ACDB_CMD_GET_AUDPROC_STREAM_TABLE_SIZE
2022-12-26 09:42:42.656   688-16844 ACDB-LOADER             pid-688                              D  ACDB -> send_audstrmtable
2022-12-26 09:42:42.656   688-16844 ACDB-LOADER             pid-688                              D  ACDB -> ACDB_CMD_GET_AUDPROC_STREAM_TABLE_V2
2022-12-26 09:42:42.656   688-16844 ACDB-LOADER             pid-688                              D  ACDB -> audstrm_cal->cal_type.cal_data.cal_size = 16
2022-12-26 09:42:42.656   688-16844 ACDB-LOADER             pid-688                              D  ACDB -> send_afe_topology
2022-12-26 09:42:42.656   688-16844 ACDB-LOADER             pid-688                              D  ACDB -> ACDB_CMD_GET_AFE_TOPOLOGY_ID
2022-12-26 09:42:42.656   688-16844 ACDB-LOADER             pid-688                              D  ACDB -> GET_AFE_TOPOLOGY_ID for adcd_id 15, Topology Id 112fc
2022-12-26 09:42:42.656   688-16844 ACDB-LOADER             pid-688                              D  ACDB -> send_afe_cal
2022-12-26 09:42:42.656   688-16844 ACDB-LOADER             pid-688                              D  ACDB -> ACDB_CMD_GET_AFE_COMMON_TABLE_SIZE
2022-12-26 09:42:42.656   688-16844 <no-tag>                pid-688                              D  ACDBFILE_MGR:Read the devices count as zero, please check the acdb file
2022-12-26 09:42:42.656   688-16844 <no-tag>                pid-688                              D  Failed to fetch the lookup information of the device 0000000F 
2022-12-26 09:42:42.656   688-16844 ACDB-LOADER             pid-688                              E  Error: ACDB_CMD_GET_AFE_COMMON_TABLE_SIZE Returned = -19
2022-12-26 09:42:42.656   688-16844 ACDB-LOADER             pid-688                              D  ACDB -> ACDB_CMD_GET_AFE_COMMON_TABLE
2022-12-26 09:42:42.656   688-16844 <no-tag>                pid-688                              D  ACDBFILE_MGR:Read the devices count as zero, please check the acdb file
2022-12-26 09:42:42.656   688-16844 <no-tag>                pid-688                              D  Failed to fetch the lookup information of the device 0000000F 
2022-12-26 09:42:42.656   688-16844 ACDB-LOADER             pid-688                              E  Error: ACDB AFE returned = -19
2022-12-26 09:42:42.656   688-16844 ACDB-LOADER             pid-688                              D  ACDB -> AUDIO_SET_AFE_CAL
2022-12-26 09:42:42.656   688-16844 ACDB-LOADER             pid-688                              D  ACDB -> send_hw_delay : acdb_id = 15 path = 0
2022-12-26 09:42:42.656   688-16844 ACDB-LOADER             pid-688                              D  ACDB -> ACDB_AVSYNC_INFO: ACDB_CMD_GET_DEVICE_PROPERTY
2022-12-26 09:42:42.656   688-16844 audio_hw_primary        pid-688                              D  enable_audio_route: apply mixer and update path: low-latency-playback speaker
2022-12-26 09:42:42.656   688-16844 audio_route             pid-688                              D  Apply path: low-latency-playback speaker
2022-12-26 09:42:42.656   688-16844 audio_route             pid-688                              E  Path: low-latency-playback speaker, length: 1
2022-12-26 09:42:42.656   688-16844 audio_route             pid-688                              E    id=0: ctl=PRI_MI2S_RX Audio Mixer MultiMedia5
2022-12-26 09:42:42.656   688-16844 audio_route             pid-688                              E      id=0 value=1
2022-12-26 09:42:42.657   688-16844 ultrasound_extn         pid-688                              D  ultrasound_select_devices_post: enter: engine_suspended: 0, headphone_is_active: 0, headset_mic_is_active: 0
2022-12-26 09:42:42.657   688-16844 ultrasound_extn         pid-688                              D  dump_usecase_list: SDM660 enter sensor_activated:0 hw_port_enabled:0
2022-12-26 09:42:42.657   688-16844 ultrasound_extn         pid-688                              D  dump_usecase_list: SDM660 select_devices_post usecase[#0]:(1, low-latency-playback) in_dev:(0, ) out_dv:(2, speaker)
2022-12-26 09:42:42.657   688-16844 ultrasound_extn         pid-688                              D  dump_usecase_list: SDM660 enter sensor_activated:0 hw_port_enabled:0
2022-12-26 09:42:42.657   688-16844 ultrasound_extn         pid-688                              D  dump_usecase_list: SDM660 select_devices exit usecase[#0]:(1, low-latency-playback) in_dev:(0, ) out_dv:(2, speaker)
2022-12-26 09:42:42.657   688-16844 audio_hw_primary        pid-688                              D  select_devices: done
2022-12-26 09:42:42.696   688-16844 msm8916_platform        pid-688                              D  platform_set_channel_map mixer_ctl_name:Playback Channel Map13
2022-12-26 09:42:42.696   688-16844 msm8916_platform        pid-688                              D  platform_set_channel_map: set mapping(1 2 0 0 0 0 0 0) for channel:2
2022-12-26 09:42:42.697   688-16844 audio_hw_primary        pid-688                              D  start_output_stream: exit
2022-12-26 09:42:42.715 22803-22913 AudioTrack              pid-22803                            V  obtainBuffer(192) returned 192 = 192 + 0 err 0
2022-12-26 09:42:42.787 22803-22913 chatty                  pid-22803                            I  uid=10213(com.inforcegames.app3dmodelling) AudioTrack identical 18 lines
2022-12-26 09:42:42.792 22803-22913 AudioTrack              pid-22803                            V  obtainBuffer(192) returned 192 = 192 + 0 err 0
2022-12-26 09:42:42.795 22803-22913 AudioTrack              pid-22803                            V  obtainBuffer(192) returned 192 = 128 + 64 err 0
2022-12-26 09:42:42.795 22803-22913 AudioTrack              pid-22803                            V  obtainBuffer(64) returned 64 = 64 + 0 err 0
2022-12-26 09:42:42.799 22803-22913 AudioTrack              pid-22803                            V  obtainBuffer(192) returned 192 = 192 + 0 err 0
2022-12-26 09:42:42.803 22803-22913 chatty                  pid-22803                            I  uid=10213(com.inforcegames.app3dmodelling) AudioTrack identical 1 line
2022-12-26 09:42:42.807 22803-22913 AudioTrack              pid-22803                            V  obtainBuffer(192) returned 192 = 192 + 0 err 0
2022-12-26 09:42:42.810 13316-13316 DeviceLevelUtils        pid-13316                            E  isLowGpuDevice:1
2022-12-26 09:42:42.811 22803-22913 AudioTrack              pid-22803                            V  obtainBuffer(192) returned 192 = 192 + 0 err 0
2022-12-26 09:42:42.819 22803-22913 chatty                  pid-22803                            I  uid=10213(com.inforcegames.app3dmodelling) AudioTrack identical 2 lines
2022-12-26 09:42:42.823 22803-22913 AudioTrack              pid-22803                            V  obtainBuffer(192) returned 192 = 192 + 0 err 0
2022-12-26 09:42:42.825 13316-13316 StatusBar               pid-13316                            D  disable<e i a s b h r c s > disable2<q i n g r >
2022-12-26 09:42:42.825 13316-13316 StatusBarClock          pid-13316                            D   isNormalMode= true clock visible=true
2022-12-26 09:42:42.828 22803-22913 AudioTrack              pid-22803                            V  obtainBuffer(192) returned 192 = 192 + 0 err 0
2022-12-26 09:42:42.831 22803-22913 chatty                  pid-22803                            I  uid=10213(com.inforcegames.app3dmodelling) AudioTrack identical 1 line
2022-12-26 09:42:42.835 22803-22913 AudioTrack              pid-22803                            V  obtainBuffer(192) returned 192 = 192 + 0 err 0
2022-12-26 09:42:42.839 22803-22913 AudioTrack              pid-22803                            V  obtainBuffer(192) returned 192 = 64 + 128 err 0
2022-12-26 09:42:42.839 22803-22913 AudioTrack              pid-22803                            V  obtainBuffer(128) returned 128 = 128 + 0 err 0
2022-12-26 09:42:42.844 22803-22913 AudioTrack              pid-22803                            V  obtainBuffer(192) returned 192 = 192 + 0 err 0
2022-12-26 09:42:42.916 22803-22913 chatty                  pid-22803                            I  uid=10213(com.inforcegames.app3dmodelling) AudioTrack identical 18 lines
2022-12-26 09:42:42.920 22803-22913 AudioTrack              pid-22803                            V  obtainBuffer(192) returned 192 = 192 + 0 err 0
2022-12-26 09:42:42.924 22803-22913 AudioTrack              pid-22803                            V  obtainBuffer(192) returned 192 = 128 + 64 err 0
2022-12-26 09:42:42.924 22803-22913 AudioTrack              pid-22803                            V  obtainBuffer(64) returned 64 = 64 + 0 err 0
2022-12-26 09:42:42.928 22803-22913 AudioTrack              pid-22803                            V  obtainBuffer(192) returned 192 = 192 + 0 err 0
2022-12-26 09:42:42.960 22803-22913 chatty                  pid-22803                            I  uid=10213(com.inforcegames.app3dmodelling) AudioTrack identical 8 lines
2022-12-26 09:42:42.964 22803-22913 AudioTrack              pid-22803                            V  obtainBuffer(192) returned 192 = 192 + 0 err 0
2022-12-26 09:42:42.967 22803-22913 AudioTrack              pid-22803                            V  obtainBuffer(192) returned 192 = 64 + 128 err 0
2022-12-26 09:42:42.967 22803-22913 AudioTrack              pid-22803                            V  obtainBuffer(128) returned 128 = 128 + 0 err 0
2022-12-26 09:42:42.971 22803-22913 AudioTrack              pid-22803                            V  obtainBuffer(192) returned 192 = 192 + 0 err 0
2022-12-26 09:42:42.972  2280-2302  Timeline                pid-2280                             I  Timeline: Activity_windows_visible id: ActivityRecord{9414108 u0 com.inforcegames.app3dmodelling/com.unity3d.player.UnityPlayerActivity t1195} time:49091254
2022-12-26 09:42:42.973  2280-2339  Timeline                pid-2280                             I  Timeline: App_transition_stopped time:49091254
2022-12-26 09:42:42.975 22803-22913 AudioTrack              pid-22803                            V  obtainBuffer(192) returned 192 = 192 + 0 err 0
2022-12-26 09:42:42.975 13316-13316 EventBus                pid-13316                            D  [13316, u0] send(AppTransitionFinishedEvent)
2022-12-26 09:42:42.976 13316-13316 EventBus                pid-13316                            D  [13316, u0]  -> ForcedResizableInfoActivityController [0x5a348f6, P1] onBusEvent(AppTransitionFinishedEvent)
