2022-12-26 09:42:42.976 13316-13316 EventBus                pid-13316                            D  [13316, u0] onBusEvent(AppTransitionFinishedEvent) duration: 35 microseconds, avg: 2628
2022-12-26 09:42:42.976 13316-13316 EventBus                pid-13316                            D  [13316, u0] send(AppTransitionFinishedEvent)
2022-12-26 09:42:42.976 13316-13316 EventBus                pid-13316                            D  [13316, u0]  -> ForcedResizableInfoActivityController [0x5a348f6, P1] onBusEvent(AppTransitionFinishedEvent)
2022-12-26 09:42:42.976 13316-13316 EventBus                pid-13316                            D  [13316, u0] onBusEvent(AppTransitionFinishedEvent) duration: 14 microseconds, avg: 2625
2022-12-26 09:42:42.977 13316-13316 SignalClusterView       pid-13316                            D  updateMobileTypeImage  0
2022-12-26 09:42:42.978  1302-1463  ThermalEngine           pid-1302                             D  sensor_wait: quiet_therm Wait done.
2022-12-26 09:42:42.979 13316-13316 SignalClusterView       pid-13316                            D  updateMobileTypeImage  0
2022-12-26 09:42:42.979 22803-22913 AudioTrack              pid-22803                            V  obtainBuffer(192) returned 192 = 192 + 0 err 0
2022-12-26 09:42:42.979  1302-1463  ThermalEngine           pid-1302                             D  sensor_monitor: quiet_therm Reading 30000 .
2022-12-26 09:42:42.979  1302-1463  ThermalEngine           pid-1302                             I  Sensor:quiet_therm:30000 mC
2022-12-26 09:42:42.979  1302-1463  ThermalEngine           pid-1302                             D  update_active_thresh: quiet_therm Active(1), Hi(1) 40000, Lo(0) -2147483648, desc(0) Interval(1) 1000
2022-12-26 09:42:42.979  1302-1463  ThermalEngine           pid-1302                             D  sensor_monitor: quiet_therm Sensor wait.
2022-12-26 09:42:42.979  1302-1463  ThermalEngine           pid-1302                             D  sensor_wait: quiet_therm Wait start. 1000ms
2022-12-26 09:42:42.979 13316-13316 SignalClusterView       pid-13316                            D  updateMobileTypeImage  0
2022-12-26 09:42:42.980  1302-1462  ThermalEngine           pid-1302                             D  sensor_wait: msm_therm Wait done.
2022-12-26 09:42:42.981  1302-1462  ThermalEngine           pid-1302                             D  sensor_monitor: msm_therm Reading 31000 .
2022-12-26 09:42:42.981  1302-1462  ThermalEngine           pid-1302                             I  Sensor:msm_therm:31000 mC
2022-12-26 09:42:42.981  1302-1462  ThermalEngine           pid-1302                             D  update_active_thresh: msm_therm Active(1), Hi(1) 44000, Lo(0) -2147483648, desc(0) Interval(1) 1000
2022-12-26 09:42:42.981  1302-1462  ThermalEngine           pid-1302                             D  sensor_monitor: msm_therm Sensor wait.
2022-12-26 09:42:42.981  1302-1462  ThermalEngine           pid-1302                             D  sensor_wait: msm_therm Wait start. 1000ms
2022-12-26 09:42:42.983 22803-22913 AudioTrack              pid-22803                            V  obtainBuffer(192) returned 192 = 192 + 0 err 0
2022-12-26 09:42:43.019 22803-22913 chatty                  pid-22803                            I  uid=10213(com.inforcegames.app3dmodelling) AudioTrack identical 9 lines
2022-12-26 09:42:43.024 22803-22913 AudioTrack              pid-22803                            V  obtainBuffer(192) returned 192 = 192 + 0 err 0
2022-12-26 09:42:43.025 21412-21412 System.err              pid-21412                            W  android.content.pm.PackageManager$NameNotFoundException
2022-12-26 09:42:43.025 21412-21412 System.err              pid-21412                            W  	at android.app.ApplicationPackageManager.getApplicationInfoAsUser(ApplicationPackageManager.java:397)
2022-12-26 09:42:43.025 21412-21412 System.err              pid-21412                            W  	at android.app.ApplicationPackageManager.getApplicationInfo(ApplicationPackageManager.java:379)
2022-12-26 09:42:43.026 21412-21412 System.err              pid-21412                            W  	at miui.securityspace.CrossUserUtilsCompat.checkUidPermission(CrossUserUtilsCompat.java:74)
2022-12-26 09:42:43.026 21412-21412 System.err              pid-21412                            W  	at miui.securityspace.CrossUserUtils.checkUidPermission(CrossUserUtils.java:84)
2022-12-26 09:42:43.026 21412-21412 System.err              pid-21412                            W  	at com.miui.internal.CrossUserHelper.checkUidPermission(CrossUserHelper.java:14)
2022-12-26 09:42:43.026 21412-21412 System.err              pid-21412                            W  	at com.miui.security.CrossUserCompatActivity.validateCallingPackage(CrossUserCompatActivity.java:118)
2022-12-26 09:42:43.026 21412-21412 System.err              pid-21412                            W  	at com.miui.security.CrossUserCompatActivity.validateCrossUser(CrossUserCompatActivity.java:109)
2022-12-26 09:42:43.026 21412-21412 System.err              pid-21412                            W  	at com.miui.security.CrossUserCompatActivity.isCrossUserPick(CrossUserCompatActivity.java:125)
2022-12-26 09:42:43.026 21412-21412 System.err              pid-21412                            W  	at com.miui.security.CrossUserCompatActivity.getContentResolver(CrossUserCompatActivity.java:26)
2022-12-26 09:42:43.026 21412-21412 System.err              pid-21412                            W  	at android.widget.Editor.onDetachedFromWindow(Editor.java:491)
2022-12-26 09:42:43.026 21412-21412 System.err              pid-21412                            W  	at android.widget.TextView.onDetachedFromWindowInternal(TextView.java:6851)
2022-12-26 09:42:43.026 21412-21412 System.err              pid-21412                            W  	at android.view.View.dispatchDetachedFromWindow(View.java:18428)
2022-12-26 09:42:43.026 21412-21412 System.err              pid-21412                            W  	at android.view.ViewGroup.dispatchDetachedFromWindow(ViewGroup.java:3771)
2022-12-26 09:42:43.026 21412-21412 chatty                  pid-21412                            I  uid=10011(com.miui.gallery) identical 6 lines
2022-12-26 09:42:43.026 21412-21412 System.err              pid-21412                            W  	at android.view.ViewGroup.dispatchDetachedFromWindow(ViewGroup.java:3771)
2022-12-26 09:42:43.026 21412-21412 System.err              pid-21412                            W  	at android.view.ViewRootImpl.dispatchDetachedFromWindow(ViewRootImpl.java:3961)
2022-12-26 09:42:43.026 21412-21412 System.err              pid-21412                            W  	at android.view.ViewRootImpl.doDie(ViewRootImpl.java:6991)
2022-12-26 09:42:43.026 21412-21412 System.err              pid-21412                            W  	at android.view.ViewRootImpl.die(ViewRootImpl.java:6968)
2022-12-26 09:42:43.026 21412-21412 System.err              pid-21412                            W  	at android.view.WindowManagerGlobal.removeViewLocked(WindowManagerGlobal.java:502)
2022-12-26 09:42:43.026 21412-21412 System.err              pid-21412                            W  	at android.view.WindowManagerGlobal.removeView(WindowManagerGlobal.java:440)
2022-12-26 09:42:43.026 21412-21412 System.err              pid-21412                            W  	at android.view.WindowManagerImpl.removeViewImmediate(WindowManagerImpl.java:126)
2022-12-26 09:42:43.026 21412-21412 System.err              pid-21412                            W  	at android.app.ActivityThread.handleDestroyActivity(ActivityThread.java:4561)
2022-12-26 09:42:43.026 21412-21412 System.err              pid-21412                            W  	at android.app.servertransaction.DestroyActivityItem.execute(DestroyActivityItem.java:39)
2022-12-26 09:42:43.026 21412-21412 System.err              pid-21412                            W  	at android.app.servertransaction.TransactionExecutor.executeLifecycleState(TransactionExecutor.java:145)
2022-12-26 09:42:43.026 21412-21412 System.err              pid-21412                            W  	at android.app.servertransaction.TransactionExecutor.execute(TransactionExecutor.java:70)
2022-12-26 09:42:43.026 21412-21412 System.err              pid-21412                            W  	at android.app.ActivityThread$H.handleMessage(ActivityThread.java:1831)
2022-12-26 09:42:43.026 21412-21412 System.err              pid-21412                            W  	at android.os.Handler.dispatchMessage(Handler.java:106)
2022-12-26 09:42:43.026 21412-21412 System.err              pid-21412                            W  	at android.os.Looper.loop(Looper.java:201)
2022-12-26 09:42:43.026 21412-21412 System.err              pid-21412                            W  	at android.app.ActivityThread.main(ActivityThread.java:6810)
2022-12-26 09:42:43.026 21412-21412 System.err              pid-21412                            W  	at java.lang.reflect.Method.invoke(Native Method)
2022-12-26 09:42:43.026 21412-21412 System.err              pid-21412                            W  	at com.android.internal.os.RuntimeInit$MethodAndArgsCaller.run(RuntimeInit.java:547)
2022-12-26 09:42:43.026 21412-21412 System.err              pid-21412                            W  	at com.android.internal.os.ZygoteInit.main(ZygoteInit.java:873)
2022-12-26 09:42:43.026 21412-21412 CrossUserPickerActivity pid-21412                            D  getContentResolver: NormalContentResolver
2022-12-26 09:42:43.028 22803-22913 AudioTrack              pid-22803                            V  obtainBuffer(192) returned 192 = 192 + 0 err 0
2022-12-26 09:42:43.031 22803-22913 chatty                  pid-22803                            I  uid=10213(com.inforcegames.app3dmodelling) AudioTrack identical 1 line
2022-12-26 09:42:43.035 22803-22913 AudioTrack              pid-22803                            V  obtainBuffer(192) returned 192 = 192 + 0 err 0
2022-12-26 09:42:43.037 13316-13316 EventBus                pid-13316                            D  [13316, u0] send(AppTransitionFinishedEvent)
2022-12-26 09:42:43.037 13316-13316 EventBus                pid-13316                            D  [13316, u0]  -> ForcedResizableInfoActivityController [0x5a348f6, P1] onBusEvent(AppTransitionFinishedEvent)
2022-12-26 09:42:43.037 13316-13316 EventBus                pid-13316                            D  [13316, u0] onBusEvent(AppTransitionFinishedEvent) duration: 19 microseconds, avg: 2621
2022-12-26 09:42:43.040 22803-22913 AudioTrack              pid-22803                            V  obtainBuffer(192) returned 192 = 192 + 0 err 0
2022-12-26 09:42:43.044 22803-22913 chatty                  pid-22803                            I  uid=10213(com.inforcegames.app3dmodelling) AudioTrack identical 1 line
2022-12-26 09:42:43.047 22803-22913 AudioTrack              pid-22803                            V  obtainBuffer(192) returned 192 = 192 + 0 err 0
2022-12-26 09:42:43.052 22803-22913 AudioTrack              pid-22803                            V  obtainBuffer(192) returned 192 = 128 + 64 err 0
2022-12-26 09:42:43.052 22803-22913 AudioTrack              pid-22803                            V  obtainBuffer(64) returned 64 = 64 + 0 err 0
2022-12-26 09:42:43.056 22803-22913 AudioTrack              pid-22803                            V  obtainBuffer(192) returned 192 = 192 + 0 err 0
2022-12-26 09:42:43.087 22803-22913 chatty                  pid-22803                            I  uid=10213(com.inforcegames.app3dmodelling) AudioTrack identical 8 lines
2022-12-26 09:42:43.092 22803-22913 AudioTrack              pid-22803                            V  obtainBuffer(192) returned 192 = 192 + 0 err 0
2022-12-26 09:42:43.096 22803-22913 AudioTrack              pid-22803                            V  obtainBuffer(192) returned 192 = 64 + 128 err 0
2022-12-26 09:42:43.096 22803-22913 AudioTrack              pid-22803                            V  obtainBuffer(128) returned 128 = 128 + 0 err 0
2022-12-26 09:42:43.100 22803-22913 AudioTrack              pid-22803                            V  obtainBuffer(192) returned 192 = 192 + 0 err 0
2022-12-26 09:42:43.171 22803-22913 chatty                  pid-22803                            I  uid=10213(com.inforcegames.app3dmodelling) AudioTrack identical 18 lines
2022-12-26 09:42:43.175 22803-22913 AudioTrack              pid-22803                            V  obtainBuffer(192) returned 192 = 192 + 0 err 0
2022-12-26 09:42:43.179 22803-22913 AudioTrack              pid-22803                            V  obtainBuffer(192) returned 192 = 128 + 64 err 0
2022-12-26 09:42:43.179 22803-22913 AudioTrack              pid-22803                            V  obtainBuffer(64) returned 64 = 64 + 0 err 0
2022-12-26 09:42:43.184 22803-22913 AudioTrack              pid-22803                            V  obtainBuffer(192) returned 192 = 192 + 0 err 0
2022-12-26 09:42:43.216 22803-22913 chatty                  pid-22803                            I  uid=10213(com.inforcegames.app3dmodelling) AudioTrack identical 8 lines
2022-12-26 09:42:43.220 22803-22913 AudioTrack              pid-22803                            V  obtainBuffer(192) returned 192 = 192 + 0 err 0
2022-12-26 09:42:43.223 22803-22913 AudioTrack              pid-22803                            V  obtainBuffer(192) returned 192 = 64 + 128 err 0
2022-12-26 09:42:43.223 22803-22913 AudioTrack              pid-22803                            V  obtainBuffer(128) returned 128 = 128 + 0 err 0
2022-12-26 09:42:43.227 22803-22913 AudioTrack              pid-22803                            V  obtainBuffer(192) returned 192 = 192 + 0 err 0
2022-12-26 09:42:43.300 22803-22913 chatty                  pid-22803                            I  uid=10213(com.inforcegames.app3dmodelling) AudioTrack identical 18 lines
2022-12-26 09:42:43.304 22803-22913 AudioTrack              pid-22803                            V  obtainBuffer(192) returned 192 = 192 + 0 err 0
2022-12-26 09:42:43.307 22803-22913 AudioTrack              pid-22803                            V  obtainBuffer(192) returned 192 = 128 + 64 err 0
2022-12-26 09:42:43.307 22803-22913 AudioTrack              pid-22803                            V  obtainBuffer(64) returned 64 = 64 + 0 err 0
2022-12-26 09:42:43.311 22803-22913 AudioTrack              pid-22803                            V  obtainBuffer(192) returned 192 = 192 + 0 err 0
2022-12-26 09:42:43.343 22803-22913 chatty                  pid-22803                            I  uid=10213(com.inforcegames.app3dmodelling) AudioTrack identical 8 lines
2022-12-26 09:42:43.347 22803-22913 AudioTrack              pid-22803                            V  obtainBuffer(192) returned 192 = 192 + 0 err 0
2022-12-26 09:42:43.351 22803-22913 AudioTrack              pid-22803                            V  obtainBuffer(192) returned 192 = 64 + 128 err 0
2022-12-26 09:42:43.351 22803-22913 AudioTrack              pid-22803                            V  obtainBuffer(128) returned 128 = 128 + 0 err 0
2022-12-26 09:42:43.356 22803-22913 AudioTrack              pid-22803                            V  obtainBuffer(192) returned 192 = 192 + 0 err 0
2022-12-26 09:42:43.376 22803-22913 chatty                  pid-22803                            I  uid=10213(com.inforcegames.app3dmodelling) AudioTrack identical 5 lines
2022-12-26 09:42:43.379 22803-22913 AudioTrack              pid-22803                            V  obtainBuffer(192) returned 192 = 192 + 0 err 0
2022-12-26 09:42:43.381  2820-5429  DPMJ                    pid-2820                             I  |REQ:RCVR| DPM creating socket
2022-12-26 09:42:43.383 22803-22913 AudioTrack              pid-22803                            V  obtainBuffer(192) returned 192 = 192 + 0 err 0
2022-12-26 09:42:43.427 22803-22913 chatty                  pid-22803                            I  uid=10213(com.inforcegames.app3dmodelling) AudioTrack identical 11 lines
2022-12-26 09:42:43.431 22803-22913 AudioTrack              pid-22803                            V  obtainBuffer(192) returned 192 = 192 + 0 err 0
2022-12-26 09:42:43.435 22803-22913 AudioTrack              pid-22803                            V  obtainBuffer(192) returned 192 = 128 + 64 err 0
2022-12-26 09:42:43.435 22803-22913 AudioTrack              pid-22803                            V  obtainBuffer(64) returned 64 = 64 + 0 err 0
2022-12-26 09:42:43.440 22803-22913 AudioTrack              pid-22803                            V  obtainBuffer(192) returned 192 = 192 + 0 err 0
2022-12-26 09:42:43.472 22803-22913 chatty                  pid-22803                            I  uid=10213(com.inforcegames.app3dmodelling) AudioTrack identical 8 lines
2022-12-26 09:42:43.476 22803-22913 AudioTrack              pid-22803                            V  obtainBuffer(192) returned 192 = 192 + 0 err 0
2022-12-26 09:42:43.481 22803-22913 AudioTrack              pid-22803                            V  obtainBuffer(192) returned 192 = 64 + 128 err 0
2022-12-26 09:42:43.481 22803-22913 AudioTrack              pid-22803                            V  obtainBuffer(128) returned 128 = 128 + 0 err 0
2022-12-26 09:42:43.485 22803-22913 AudioTrack              pid-22803                            V  obtainBuffer(192) returned 192 = 192 + 0 err 0
2022-12-26 09:42:43.558 22803-22913 chatty                  pid-22803                            I  uid=10213(com.inforcegames.app3dmodelling) AudioTrack identical 18 lines
2022-12-26 09:42:43.560 22803-22913 AudioTrack              pid-22803                            V  obtainBuffer(192) returned 192 = 192 + 0 err 0
2022-12-26 09:42:43.564 22803-22913 AudioTrack              pid-22803                            V  obtainBuffer(192) returned 192 = 128 + 64 err 0
2022-12-26 09:42:43.564 22803-22913 AudioTrack              pid-22803                            V  obtainBuffer(64) returned 64 = 64 + 0 err 0
2022-12-26 09:42:43.569 22803-22913 AudioTrack              pid-22803                            V  obtainBuffer(192) returned 192 = 192 + 0 err 0
2022-12-26 09:42:43.600 22803-22913 chatty                  pid-22803                            I  uid=10213(com.inforcegames.app3dmodelling) AudioTrack identical 8 lines
2022-12-26 09:42:43.605 22803-22913 AudioTrack              pid-22803                            V  obtainBuffer(192) returned 192 = 192 + 0 err 0
2022-12-26 09:42:43.608 22803-22913 AudioTrack              pid-22803                            V  obtainBuffer(192) returned 192 = 64 + 128 err 0
2022-12-26 09:42:43.608 22803-22913 AudioTrack              pid-22803                            V  obtainBuffer(128) returned 128 = 128 + 0 err 0
2022-12-26 09:42:43.612 22803-22913 AudioTrack              pid-22803                            V  obtainBuffer(192) returned 192 = 192 + 0 err 0
2022-12-26 09:42:43.683 22803-22913 chatty                  pid-22803                            I  uid=10213(com.inforcegames.app3dmodelling) AudioTrack identical 18 lines
2022-12-26 09:42:43.688 22803-22913 AudioTrack              pid-22803                            V  obtainBuffer(192) returned 192 = 192 + 0 err 0
2022-12-26 09:42:43.692 22803-22913 AudioTrack              pid-22803                            V  obtainBuffer(192) returned 192 = 128 + 64 err 0
2022-12-26 09:42:43.692 22803-22913 AudioTrack              pid-22803                            V  obtainBuffer(64) returned 64 = 64 + 0 err 0
2022-12-26 09:42:43.696 22803-22913 AudioTrack              pid-22803                            V  obtainBuffer(192) returned 192 = 192 + 0 err 0
2022-12-26 09:42:43.727 22803-22913 chatty                  pid-22803                            I  uid=10213(com.inforcegames.app3dmodelling) AudioTrack identical 8 lines
2022-12-26 09:42:43.731 22803-22913 AudioTrack              pid-22803                            V  obtainBuffer(192) returned 192 = 192 + 0 err 0
2022-12-26 09:42:43.736 22803-22913 AudioTrack              pid-22803                            V  obtainBuffer(192) returned 192 = 64 + 128 err 0
2022-12-26 09:42:43.736 22803-22913 AudioTrack              pid-22803                            V  obtainBuffer(128) returned 128 = 128 + 0 err 0
2022-12-26 09:42:43.740 22803-22913 AudioTrack              pid-22803                            V  obtainBuffer(192) returned 192 = 192 + 0 err 0
2022-12-26 09:42:43.812 22803-22913 chatty                  pid-22803                            I  uid=10213(com.inforcegames.app3dmodelling) AudioTrack identical 18 lines
2022-12-26 09:42:43.815 22803-22913 AudioTrack              pid-22803                            V  obtainBuffer(192) returned 192 = 192 + 0 err 0
2022-12-26 09:42:43.820 22803-22913 AudioTrack              pid-22803                            V  obtainBuffer(192) returned 192 = 128 + 64 err 0
2022-12-26 09:42:43.820 22803-22913 AudioTrack              pid-22803                            V  obtainBuffer(64) returned 64 = 64 + 0 err 0
2022-12-26 09:42:43.824 22803-22913 AudioTrack              pid-22803                            V  obtainBuffer(192) returned 192 = 192 + 0 err 0
2022-12-26 09:42:43.856 22803-22913 chatty                  pid-22803                            I  uid=10213(com.inforcegames.app3dmodelling) AudioTrack identical 8 lines
2022-12-26 09:42:43.860 22803-22913 AudioTrack              pid-22803                            V  obtainBuffer(192) returned 192 = 192 + 0 err 0
2022-12-26 09:42:43.864 22803-22913 AudioTrack              pid-22803                            V  obtainBuffer(192) returned 192 = 64 + 128 err 0
2022-12-26 09:42:43.864 22803-22913 AudioTrack              pid-22803                            V  obtainBuffer(128) returned 128 = 128 + 0 err 0
2022-12-26 09:42:43.867 22803-22913 AudioTrack              pid-22803                            V  obtainBuffer(192) returned 192 = 192 + 0 err 0
2022-12-26 09:42:43.904 22803-22913 chatty                  pid-22803                            I  uid=10213(com.inforcegames.app3dmodelling) AudioTrack identical 9 lines
2022-12-26 09:42:43.908 22803-22913 AudioTrack              pid-22803                            V  obtainBuffer(192) returned 192 = 192 + 0 err 0
2022-12-26 09:42:43.909  1302-1457  ThermalEngine           pid-1302                             D  sensor_wait: backlight_therm Wait done.
2022-12-26 09:42:43.910  1302-1457  ThermalEngine           pid-1302                             D  sensor_monitor: backlight_therm Reading 27000 .
2022-12-26 09:42:43.910  1302-1457  ThermalEngine           pid-1302                             I  Sensor:backlight_therm:27000 mC
2022-12-26 09:42:43.910  1302-1457  ThermalEngine           pid-1302                             D  update_active_thresh: backlight_therm Active(1), Hi(1) 45000, Lo(0) -2147483648, desc(0) Interval(1) 2000
2022-12-26 09:42:43.910  1302-1457  ThermalEngine           pid-1302                             D  sensor_monitor: backlight_therm Sensor wait.
2022-12-26 09:42:43.910  1302-1457  ThermalEngine           pid-1302                             D  sensor_wait: backlight_therm Wait start. 2000ms
2022-12-26 09:42:43.911 22803-22913 AudioTrack              pid-22803                            V  obtainBuffer(192) returned 192 = 192 + 0 err 0
2022-12-26 09:42:43.940 22803-22913 chatty                  pid-22803                            I  uid=10213(com.inforcegames.app3dmodelling) AudioTrack identical 7 lines
2022-12-26 09:42:43.944 22803-22913 AudioTrack              pid-22803                            V  obtainBuffer(192) returned 192 = 192 + 0 err 0
2022-12-26 09:42:43.947 22803-22913 AudioTrack              pid-22803                            V  obtainBuffer(192) returned 192 = 128 + 64 err 0
2022-12-26 09:42:43.948 22803-22913 AudioTrack              pid-22803                            V  obtainBuffer(64) returned 64 = 64 + 0 err 0
2022-12-26 09:42:43.952 22803-22913 AudioTrack              pid-22803                            V  obtainBuffer(192) returned 192 = 192 + 0 err 0
2022-12-26 09:42:43.972 22803-22913 chatty                  pid-22803                            I  uid=10213(com.inforcegames.app3dmodelling) AudioTrack identical 5 lines
2022-12-26 09:42:43.976 22803-22913 AudioTrack              pid-22803                            V  obtainBuffer(192) returned 192 = 192 + 0 err 0
2022-12-26 09:42:43.980  1302-1463  ThermalEngine           pid-1302                             D  sensor_wait: quiet_therm Wait done.
2022-12-26 09:42:43.980 22803-22913 AudioTrack              pid-22803                            V  obtainBuffer(192) returned 192 = 192 + 0 err 0
2022-12-26 09:42:43.981  1302-1463  ThermalEngine           pid-1302                             D  sensor_monitor: quiet_therm Reading 30000 .
2022-12-26 09:42:43.981  1302-1463  ThermalEngine           pid-1302                             I  Sensor:quiet_therm:30000 mC
2022-12-26 09:42:43.981  1302-1463  ThermalEngine           pid-1302                             D  update_active_thresh: quiet_therm Active(1), Hi(1) 40000, Lo(0) -2147483648, desc(0) Interval(1) 1000
2022-12-26 09:42:43.981  1302-1463  ThermalEngine           pid-1302                             D  sensor_monitor: quiet_therm Sensor wait.
2022-12-26 09:42:43.981  1302-1463  ThermalEngine           pid-1302                             D  sensor_wait: quiet_therm Wait start. 1000ms
2022-12-26 09:42:43.981  1302-1462  ThermalEngine           pid-1302                             D  sensor_wait: msm_therm Wait done.
2022-12-26 09:42:43.982  1302-1462  ThermalEngine           pid-1302                             D  sensor_monitor: msm_therm Reading 31000 .
2022-12-26 09:42:43.983  1302-1462  ThermalEngine           pid-1302                             I  Sensor:msm_therm:31000 mC
2022-12-26 09:42:43.983  1302-1462  ThermalEngine           pid-1302                             D  update_active_thresh: msm_therm Active(1), Hi(1) 44000, Lo(0) -2147483648, desc(0) Interval(1) 1000
2022-12-26 09:42:43.983  1302-1462  ThermalEngine           pid-1302                             D  sensor_monitor: msm_therm Sensor wait.
2022-12-26 09:42:43.983  1302-1462  ThermalEngine           pid-1302                             D  sensor_wait: msm_therm Wait start. 1000ms
2022-12-26 09:42:43.984 22803-22913 AudioTrack              pid-22803                            V  obtainBuffer(192) returned 192 = 192 + 0 err 0
2022-12-26 09:42:43.988 22803-22913 AudioTrack              pid-22803                            V  obtainBuffer(192) returned 192 = 192 + 0 err 0
2022-12-26 09:42:43.992 22803-22913 AudioTrack              pid-22803                            V  obtainBuffer(192) returned 192 = 64 + 128 err 0
2022-12-26 09:42:43.992 22803-22913 AudioTrack              pid-22803                            V  obtainBuffer(128) returned 128 = 128 + 0 err 0
2022-12-26 09:42:43.996 22803-22913 AudioTrack              pid-22803                            V  obtainBuffer(192) returned 192 = 192 + 0 err 0
2022-12-26 09:42:44.067 22803-22913 chatty                  pid-22803                            I  uid=10213(com.inforcegames.app3dmodelling) AudioTrack identical 18 lines
2022-12-26 09:42:44.073 22803-22913 AudioTrack              pid-22803                            V  obtainBuffer(192) returned 192 = 192 + 0 err 0
2022-12-26 09:42:44.075 22803-22913 AudioTrack              pid-22803                            V  obtainBuffer(192) returned 192 = 128 + 64 err 0
2022-12-26 09:42:44.075 22803-22913 AudioTrack              pid-22803                            V  obtainBuffer(64) returned 64 = 64 + 0 err 0
2022-12-26 09:42:44.080 22803-22913 AudioTrack              pid-22803                            V  obtainBuffer(192) returned 192 = 192 + 0 err 0
2022-12-26 09:42:44.112 22803-22913 chatty                  pid-22803                            I  uid=10213(com.inforcegames.app3dmodelling) AudioTrack identical 8 lines
2022-12-26 09:42:44.115 22803-22913 AudioTrack              pid-22803                            V  obtainBuffer(192) returned 192 = 192 + 0 err 0
2022-12-26 09:42:44.120 22803-22913 AudioTrack              pid-22803                            V  obtainBuffer(192) returned 192 = 64 + 128 err 0
2022-12-26 09:42:44.120 22803-22913 AudioTrack              pid-22803                            V  obtainBuffer(128) returned 128 = 128 + 0 err 0
2022-12-26 09:42:44.124 22803-22913 AudioTrack              pid-22803                            V  obtainBuffer(192) returned 192 = 192 + 0 err 0
2022-12-26 09:42:44.132 22803-22913 chatty                  pid-22803                            I  uid=10213(com.inforcegames.app3dmodelling) AudioTrack identical 2 lines
2022-12-26 09:42:44.136 22803-22913 AudioTrack              pid-22803                            V  obtainBuffer(192) returned 192 = 192 + 0 err 0
2022-12-26 09:42:44.140 13316-13371 MobileSignalController  pid-13316                            D  onSignalStrengthsChanged: SignalStrength: 99 0 -120 -160 -120 -160 -1 25 -100 -14 170 2147483647 0 2147483647 99 255 2147483647 gsm|lte use_rsrp_and_rssnr_for_lte_level  [-120, -115, -110, -105, -97] [-115, -105, -95, -85]
2022-12-26 09:42:44.140 13316-13371 NetworkCon...troller(1) pid-13316                            D  4G level = 4
2022-12-26 09:42:44.141 22803-22913 AudioTrack              pid-22803                            V  obtainBuffer(192) returned 192 = 192 + 0 err 0
2022-12-26 09:42:44.197 22803-22913 chatty                  pid-22803                            I  uid=10213(com.inforcegames.app3dmodelling) AudioTrack identical 14 lines
2022-12-26 09:42:44.199 22803-22913 AudioTrack              pid-22803                            V  obtainBuffer(192) returned 192 = 192 + 0 err 0
2022-12-26 09:42:44.204 22803-22913 AudioTrack              pid-22803                            V  obtainBuffer(192) returned 192 = 128 + 64 err 0
2022-12-26 09:42:44.204 22803-22913 AudioTrack              pid-22803                            V  obtainBuffer(64) returned 64 = 64 + 0 err 0
2022-12-26 09:42:44.208 22803-22913 AudioTrack              pid-22803                            V  obtainBuffer(192) returned 192 = 192 + 0 err 0
2022-12-26 09:42:44.240 22803-22913 chatty                  pid-22803                            I  uid=10213(com.inforcegames.app3dmodelling) AudioTrack identical 8 lines
2022-12-26 09:42:44.244 22803-22913 AudioTrack              pid-22803                            V  obtainBuffer(192) returned 192 = 192 + 0 err 0
2022-12-26 09:42:44.248 22803-22913 AudioTrack              pid-22803                            V  obtainBuffer(192) returned 192 = 64 + 128 err 0
2022-12-26 09:42:44.248 22803-22913 AudioTrack              pid-22803                            V  obtainBuffer(128) returned 128 = 128 + 0 err 0
2022-12-26 09:42:44.252 22803-22913 AudioTrack              pid-22803                            V  obtainBuffer(192) returned 192 = 192 + 0 err 0
2022-12-26 09:42:44.324 22803-22913 chatty                  pid-22803                            I  uid=10213(com.inforcegames.app3dmodelling) AudioTrack identical 18 lines
2022-12-26 09:42:44.328 22803-22913 AudioTrack              pid-22803                            V  obtainBuffer(192) returned 192 = 192 + 0 err 0
2022-12-26 09:42:44.332 22803-22913 AudioTrack              pid-22803                            V  obtainBuffer(192) returned 192 = 128 + 64 err 0
2022-12-26 09:42:44.332 22803-22913 AudioTrack              pid-22803                            V  obtainBuffer(64) returned 64 = 64 + 0 err 0
2022-12-26 09:42:44.336 22803-22913 AudioTrack              pid-22803                            V  obtainBuffer(192) returned 192 = 192 + 0 err 0
2022-12-26 09:42:44.368 22803-22913 chatty                  pid-22803                            I  uid=10213(com.inforcegames.app3dmodelling) AudioTrack identical 8 lines
2022-12-26 09:42:44.372 22803-22913 AudioTrack              pid-22803                            V  obtainBuffer(192) returned 192 = 192 + 0 err 0
2022-12-26 09:42:44.376 22803-22913 AudioTrack              pid-22803                            V  obtainBuffer(192) returned 192 = 64 + 128 err 0
2022-12-26 09:42:44.376 22803-22913 AudioTrack              pid-22803                            V  obtainBuffer(128) returned 128 = 128 + 0 err 0
2022-12-26 09:42:44.380 22803-22913 AudioTrack              pid-22803                            V  obtainBuffer(192) returned 192 = 192 + 0 err 0
2022-12-26 09:42:44.451 22803-22913 chatty                  pid-22803                            I  uid=10213(com.inforcegames.app3dmodelling) AudioTrack identical 18 lines
2022-12-26 09:42:44.455 22803-22913 AudioTrack              pid-22803                            V  obtainBuffer(192) returned 192 = 192 + 0 err 0
2022-12-26 09:42:44.459 22803-22913 AudioTrack              pid-22803                            V  obtainBuffer(192) returned 192 = 128 + 64 err 0
2022-12-26 09:42:44.459 22803-22913 AudioTrack              pid-22803                            V  obtainBuffer(64) returned 64 = 64 + 0 err 0
2022-12-26 09:42:44.463 22803-22913 AudioTrack              pid-22803                            V  obtainBuffer(192) returned 192 = 192 + 0 err 0
2022-12-26 09:42:44.464 32738-19829 NetworkScheduler        pid-32738                            W  Error inserting period=5383000 preferred_charging_state=1 preferred_network_type=1 target_class=com.google.android.gms.measurement.PackageMeasurementTaskService required_network_type=0 runtime=1672044164459 required_idleness_state=0 source=16 service_kind=0 target_package=com.google.android.gms persistence_level=1 source_version=224814000 last_runtime=0 user_id=0 job_id=-1 requires_charging=0 tag=Measurement.PackageMeasurementTaskService.UPLOAD_TASK_TAG flex_time=2691000 task_type=0 retry_strategy={"maximum_backoff_seconds":{"3600":0},"initial_backoff_seconds":{"30":0},"retry_policy":{"0":0}} [CONTEXT service_id=218 ]
                                                                                                    android.database.sqlite.SQLiteConstraintException: UNIQUE constraint failed: pending_ops.tag, pending_ops.target_class, pending_ops.target_package, pending_ops.user_id (code 2067 SQLITE_CONSTRAINT_UNIQUE)
                                                                                                    	at android.database.sqlite.SQLiteConnection.nativeExecuteForLastInsertedRowId(Native Method)
                                                                                                    	at android.database.sqlite.SQLiteConnection.executeForLastInsertedRowId(SQLiteConnection.java:796)
                                                                                                    	at android.database.sqlite.SQLiteSession.executeForLastInsertedRowId(SQLiteSession.java:788)
                                                                                                    	at android.database.sqlite.SQLiteStatement.executeInsert(SQLiteStatement.java:86)
                                                                                                    	at android.database.sqlite.SQLiteDatabase.insertWithOnConflict(SQLiteDatabase.java:1564)
                                                                                                    	at android.database.sqlite.SQLiteDatabase.insertOrThrow(SQLiteDatabase.java:1459)
                                                                                                    	at bkqd.g(:com.google.android.gms@224814028@22.48.14 (100400-493411920):53)
                                                                                                    	at bkow.n(:com.google.android.gms@224814028@22.48.14 (100400-493411920):3)
                                                                                                    	at bkow.u(:com.google.android.gms@224814028@22.48.14 (100400-493411920):20)
                                                                                                    	at bkow.h(:com.google.android.gms@224814028@22.48.14 (100400-493411920):3)
                                                                                                    	at bkkn.run(:com.google.android.gms@224814028@22.48.14 (100400-493411920):9)
                                                                                                    	at abva.c(:com.google.android.gms@224814028@22.48.14 (100400-493411920):6)
                                                                                                    	at abva.run(:com.google.android.gms@224814028@22.48.14 (100400-493411920):7)
                                                                                                    	at java.util.concurrent.ThreadPoolExecutor.runWorker(ThreadPoolExecutor.java:1167)
                                                                                                    	at java.util.concurrent.ThreadPoolExecutor$Worker.run(ThreadPoolExecutor.java:641)
                                                                                                    	at acae.run(:com.google.android.gms@224814028@22.48.14 (100400-493411920):0)
                                                                                                    	at java.lang.Thread.run(Thread.java:764)
2022-12-26 09:42:44.468 22803-22913 AudioTrack              pid-22803                            V  obtainBuffer(192) returned 192 = 192 + 0 err 0
2022-12-26 09:42:44.496 22803-22913 chatty                  pid-22803                            I  uid=10213(com.inforcegames.app3dmodelling) AudioTrack identical 7 lines
2022-12-26 09:42:44.500 22803-22913 AudioTrack              pid-22803                            V  obtainBuffer(192) returned 192 = 192 + 0 err 0
2022-12-26 09:42:44.504 22803-22913 AudioTrack              pid-22803                            V  obtainBuffer(192) returned 192 = 64 + 128 err 0
2022-12-26 09:42:44.504 22803-22913 AudioTrack              pid-22803                            V  obtainBuffer(128) returned 128 = 128 + 0 err 0
2022-12-26 09:42:44.508 22803-22913 AudioTrack              pid-22803                            V  obtainBuffer(192) returned 192 = 192 + 0 err 0
2022-12-26 09:42:44.580 22803-22913 chatty                  pid-22803                            I  uid=10213(com.inforcegames.app3dmodelling) AudioTrack identical 18 lines
2022-12-26 09:42:44.585 22803-22913 AudioTrack              pid-22803                            V  obtainBuffer(192) returned 192 = 192 + 0 err 0
2022-12-26 09:42:44.588 22803-22913 AudioTrack              pid-22803                            V  obtainBuffer(192) returned 192 = 128 + 64 err 0
2022-12-26 09:42:44.588 22803-22913 AudioTrack              pid-22803                            V  obtainBuffer(64) returned 64 = 64 + 0 err 0
2022-12-26 09:42:44.592 22803-22913 AudioTrack              pid-22803                            V  obtainBuffer(192) returned 192 = 192 + 0 err 0
2022-12-26 09:42:44.624 22803-22913 chatty                  pid-22803                            I  uid=10213(com.inforcegames.app3dmodelling) AudioTrack identical 8 lines
2022-12-26 09:42:44.628 22803-22913 AudioTrack              pid-22803                            V  obtainBuffer(192) returned 192 = 192 + 0 err 0
2022-12-26 09:42:44.633 22803-22913 AudioTrack              pid-22803                            V  obtainBuffer(192) returned 192 = 64 + 128 err 0
2022-12-26 09:42:44.633 22803-22913 AudioTrack              pid-22803                            V  obtainBuffer(128) returned 128 = 128 + 0 err 0
2022-12-26 09:42:44.636 22803-22913 AudioTrack              pid-22803                            V  obtainBuffer(192) returned 192 = 192 + 0 err 0
2022-12-26 09:42:44.707 22803-22913 chatty                  pid-22803                            I  uid=10213(com.inforcegames.app3dmodelling) AudioTrack identical 18 lines
2022-12-26 09:42:44.711 22803-22913 AudioTrack              pid-22803                            V  obtainBuffer(192) returned 192 = 192 + 0 err 0
2022-12-26 09:42:44.715 22803-22913 AudioTrack              pid-22803                            V  obtainBuffer(192) returned 192 = 128 + 64 err 0
2022-12-26 09:42:44.716 22803-22913 AudioTrack              pid-22803                            V  obtainBuffer(64) returned 64 = 64 + 0 err 0
2022-12-26 09:42:44.720 22803-22913 AudioTrack              pid-22803                            V  obtainBuffer(192) returned 192 = 192 + 0 err 0
2022-12-26 09:42:44.752 22803-22913 chatty                  pid-22803                            I  uid=10213(com.inforcegames.app3dmodelling) AudioTrack identical 8 lines
2022-12-26 09:42:44.756 22803-22913 AudioTrack              pid-22803                            V  obtainBuffer(192) returned 192 = 192 + 0 err 0
2022-12-26 09:42:44.759 22803-22913 AudioTrack              pid-22803                            V  obtainBuffer(192) returned 192 = 64 + 128 err 0
2022-12-26 09:42:44.760 22803-22913 AudioTrack              pid-22803                            V  obtainBuffer(128) returned 128 = 128 + 0 err 0
2022-12-26 09:42:44.763 22803-22913 AudioTrack              pid-22803                            V  obtainBuffer(192) returned 192 = 192 + 0 err 0
2022-12-26 09:42:44.836 22803-22913 chatty                  pid-22803                            I  uid=10213(com.inforcegames.app3dmodelling) AudioTrack identical 18 lines
2022-12-26 09:42:44.840 22803-22913 AudioTrack              pid-22803                            V  obtainBuffer(192) returned 192 = 192 + 0 err 0
2022-12-26 09:42:44.843 22803-22913 AudioTrack              pid-22803                            V  obtainBuffer(192) returned 192 = 128 + 64 err 0
2022-12-26 09:42:44.843 22803-22913 AudioTrack              pid-22803                            V  obtainBuffer(64) returned 64 = 64 + 0 err 0
2022-12-26 09:42:44.847 22803-22913 AudioTrack              pid-22803                            V  obtainBuffer(192) returned 192 = 192 + 0 err 0
2022-12-26 09:42:44.880 22803-22913 chatty                  pid-22803                            I  uid=10213(com.inforcegames.app3dmodelling) AudioTrack identical 8 lines
2022-12-26 09:42:44.884 22803-22913 AudioTrack              pid-22803                            V  obtainBuffer(192) returned 192 = 192 + 0 err 0
2022-12-26 09:42:44.888 22803-22913 AudioTrack              pid-22803                            V  obtainBuffer(192) returned 192 = 64 + 128 err 0
2022-12-26 09:42:44.888 22803-22913 AudioTrack              pid-22803                            V  obtainBuffer(128) returned 128 = 128 + 0 err 0
2022-12-26 09:42:44.892 22803-22913 AudioTrack              pid-22803                            V  obtainBuffer(192) returned 192 = 192 + 0 err 0
2022-12-26 09:42:44.964 22803-22913 chatty                  pid-22803                            I  uid=10213(com.inforcegames.app3dmodelling) AudioTrack identical 18 lines
2022-12-26 09:42:44.968 22803-22913 AudioTrack              pid-22803                            V  obtainBuffer(192) returned 192 = 192 + 0 err 0
2022-12-26 09:42:44.972 22803-22913 AudioTrack              pid-22803                            V  obtainBuffer(192) returned 192 = 128 + 64 err 0
2022-12-26 09:42:44.972 22803-22913 AudioTrack              pid-22803                            V  obtainBuffer(64) returned 64 = 64 + 0 err 0
2022-12-26 09:42:44.976 22803-22913 AudioTrack              pid-22803                            V  obtainBuffer(192) returned 192 = 192 + 0 err 0
2022-12-26 09:42:44.980 22803-22913 AudioTrack              pid-22803                            V  obtainBuffer(192) returned 192 = 192 + 0 err 0
2022-12-26 09:42:44.982  1302-1463  ThermalEngine           pid-1302                             D  sensor_wait: quiet_therm Wait done.
2022-12-26 09:42:44.983  1302-1462  ThermalEngine           pid-1302                             D  sensor_wait: msm_therm Wait done.
2022-12-26 09:42:44.984 22803-22913 AudioTrack              pid-22803                            V  obtainBuffer(192) returned 192 = 192 + 0 err 0
2022-12-26 09:42:44.985  1302-1463  ThermalEngine           pid-1302                             D  sensor_monitor: quiet_therm Reading 30000 .
2022-12-26 09:42:44.985 13316-13316 SignalClusterView       pid-13316                            D  updateMobileTypeImage  0
2022-12-26 09:42:44.985  1302-1463  ThermalEngine           pid-1302                             I  Sensor:quiet_therm:30000 mC
2022-12-26 09:42:44.985  1302-1463  ThermalEngine           pid-1302                             D  update_active_thresh: quiet_therm Active(1), Hi(1) 40000, Lo(0) -2147483648, desc(0) Interval(1) 1000
2022-12-26 09:42:44.985  1302-1463  ThermalEngine           pid-1302                             D  sensor_monitor: quiet_therm Sensor wait.
2022-12-26 09:42:44.985  1302-1463  ThermalEngine           pid-1302                             D  sensor_wait: quiet_therm Wait start. 1000ms
2022-12-26 09:42:44.986  1302-1462  ThermalEngine           pid-1302                             D  sensor_monitor: msm_therm Reading 31000 .
2022-12-26 09:42:44.986  1302-1462  ThermalEngine           pid-1302                             I  Sensor:msm_therm:31000 mC
2022-12-26 09:42:44.986  1302-1462  ThermalEngine           pid-1302                             D  update_active_thresh: msm_therm Active(1), Hi(1) 44000, Lo(0) -2147483648, desc(0) Interval(1) 1000
2022-12-26 09:42:44.986  1302-1462  ThermalEngine           pid-1302                             D  sensor_monitor: msm_therm Sensor wait.
2022-12-26 09:42:44.986  1302-1462  ThermalEngine           pid-1302                             D  sensor_wait: msm_therm Wait start. 1000ms
2022-12-26 09:42:44.988 22803-22913 AudioTrack              pid-22803                            V  obtainBuffer(192) returned 192 = 192 + 0 err 0
2022-12-26 09:42:44.990 13316-13316 SignalClusterView       pid-13316                            D  updateMobileTypeImage  0
2022-12-26 09:42:44.991 13316-13316 SignalClusterView       pid-13316                            D  updateMobileTypeImage  0
2022-12-26 09:42:44.992 22803-22913 AudioTrack              pid-22803                            V  obtainBuffer(192) returned 192 = 192 + 0 err 0
2022-12-26 09:42:45.008 22803-22913 chatty                  pid-22803                            I  uid=10213(com.inforcegames.app3dmodelling) AudioTrack identical 4 lines
2022-12-26 09:42:45.012 22803-22913 AudioTrack              pid-22803                            V  obtainBuffer(192) returned 192 = 192 + 0 err 0
2022-12-26 09:42:45.015 22803-22913 AudioTrack              pid-22803                            V  obtainBuffer(192) returned 192 = 64 + 128 err 0
2022-12-26 09:42:45.016 22803-22913 AudioTrack              pid-22803                            V  obtainBuffer(128) returned 128 = 128 + 0 err 0
2022-12-26 09:42:45.020 22803-22913 AudioTrack              pid-22803                            V  obtainBuffer(192) returned 192 = 192 + 0 err 0
2022-12-26 09:42:45.092 22803-22913 chatty                  pid-22803                            I  uid=10213(com.inforcegames.app3dmodelling) AudioTrack identical 18 lines
2022-12-26 09:42:45.096 22803-22913 AudioTrack              pid-22803                            V  obtainBuffer(192) returned 192 = 192 + 0 err 0
2022-12-26 09:42:45.100 22803-22913 AudioTrack              pid-22803                            V  obtainBuffer(192) returned 192 = 128 + 64 err 0
2022-12-26 09:42:45.100 22803-22913 AudioTrack              pid-22803                            V  obtainBuffer(64) returned 64 = 64 + 0 err 0
2022-12-26 09:42:45.104 22803-22913 AudioTrack              pid-22803                            V  obtainBuffer(192) returned 192 = 192 + 0 err 0
2022-12-26 09:42:45.136 22803-22913 chatty                  pid-22803                            I  uid=10213(com.inforcegames.app3dmodelling) AudioTrack identical 8 lines
2022-12-26 09:42:45.140 22803-22913 AudioTrack              pid-22803                            V  obtainBuffer(192) returned 192 = 192 + 0 err 0
2022-12-26 09:42:45.144 22803-22913 AudioTrack              pid-22803                            V  obtainBuffer(192) returned 192 = 64 + 128 err 0
2022-12-26 09:42:45.144 22803-22913 AudioTrack              pid-22803                            V  obtainBuffer(128) returned 128 = 128 + 0 err 0
2022-12-26 09:42:45.148 22803-22913 AudioTrack              pid-22803                            V  obtainBuffer(192) returned 192 = 192 + 0 err 0
2022-12-26 09:42:45.220 22803-22913 chatty                  pid-22803                            I  uid=10213(com.inforcegames.app3dmodelling) AudioTrack identical 18 lines
2022-12-26 09:42:45.224 22803-22913 AudioTrack              pid-22803                            V  obtainBuffer(192) returned 192 = 192 + 0 err 0
2022-12-26 09:42:45.228 22803-22913 AudioTrack              pid-22803                            V  obtainBuffer(192) returned 192 = 128 + 64 err 0
2022-12-26 09:42:45.228 22803-22913 AudioTrack              pid-22803                            V  obtainBuffer(64) returned 64 = 64 + 0 err 0
2022-12-26 09:42:45.232 22803-22913 AudioTrack              pid-22803                            V  obtainBuffer(192) returned 192 = 192 + 0 err 0
2022-12-26 09:42:45.264 22803-22913 chatty                  pid-22803                            I  uid=10213(com.inforcegames.app3dmodelling) AudioTrack identical 8 lines
2022-12-26 09:42:45.268 22803-22913 AudioTrack              pid-22803                            V  obtainBuffer(192) returned 192 = 192 + 0 err 0
2022-12-26 09:42:45.272 22803-22913 AudioTrack              pid-22803                            V  obtainBuffer(192) returned 192 = 64 + 128 err 0
2022-12-26 09:42:45.272 22803-22913 AudioTrack              pid-22803                            V  obtainBuffer(128) returned 128 = 128 + 0 err 0
