2022-12-26 09:42:36.136 22803-22913 AudioTrack              pid-22803                            V  obtainBuffer(192) returned 192 = 192 + 0 err 0
2022-12-26 09:42:36.208 22803-22913 chatty                  pid-22803                            I  uid=10213(com.inforcegames.app3dmodelling) AudioTrack identical 18 lines
2022-12-26 09:42:36.212 22803-22913 AudioTrack              pid-22803                            V  obtainBuffer(192) returned 192 = 192 + 0 err 0
2022-12-26 09:42:36.217 22803-22913 AudioTrack              pid-22803                            V  obtainBuffer(192) returned 192 = 128 + 64 err 0
2022-12-26 09:42:36.217 22803-22913 AudioTrack              pid-22803                            V  obtainBuffer(64) returned 64 = 64 + 0 err 0
2022-12-26 09:42:36.221 22803-22913 AudioTrack              pid-22803                            V  obtainBuffer(192) returned 192 = 192 + 0 err 0
2022-12-26 09:42:36.253 22803-22913 chatty                  pid-22803                            I  uid=10213(com.inforcegames.app3dmodelling) AudioTrack identical 8 lines
2022-12-26 09:42:36.257 22803-22913 AudioTrack              pid-22803                            V  obtainBuffer(192) returned 192 = 192 + 0 err 0
2022-12-26 09:42:36.260 22803-22913 AudioTrack              pid-22803                            V  obtainBuffer(192) returned 192 = 64 + 128 err 0
2022-12-26 09:42:36.260 22803-22913 AudioTrack              pid-22803                            V  obtainBuffer(128) returned 128 = 128 + 0 err 0
2022-12-26 09:42:36.265 22803-22913 AudioTrack              pid-22803                            V  obtainBuffer(192) returned 192 = 192 + 0 err 0
2022-12-26 09:42:36.336 22803-22913 chatty                  pid-22803                            I  uid=10213(com.inforcegames.app3dmodelling) AudioTrack identical 18 lines
2022-12-26 09:42:36.341 22803-22913 AudioTrack              pid-22803                            V  obtainBuffer(192) returned 192 = 192 + 0 err 0
2022-12-26 09:42:36.345 22803-22913 AudioTrack              pid-22803                            V  obtainBuffer(192) returned 192 = 128 + 64 err 0
2022-12-26 09:42:36.345 22803-22913 AudioTrack              pid-22803                            V  obtainBuffer(64) returned 64 = 64 + 0 err 0
2022-12-26 09:42:36.348 22803-22913 AudioTrack              pid-22803                            V  obtainBuffer(192) returned 192 = 192 + 0 err 0
2022-12-26 09:42:36.380 22803-22913 chatty                  pid-22803                            I  uid=10213(com.inforcegames.app3dmodelling) AudioTrack identical 8 lines
2022-12-26 09:42:36.384 22803-22913 AudioTrack              pid-22803                            V  obtainBuffer(192) returned 192 = 192 + 0 err 0
2022-12-26 09:42:36.389 22803-22913 AudioTrack              pid-22803                            V  obtainBuffer(192) returned 192 = 64 + 128 err 0
2022-12-26 09:42:36.389 22803-22913 AudioTrack              pid-22803                            V  obtainBuffer(128) returned 128 = 128 + 0 err 0
2022-12-26 09:42:36.393 22803-22913 AudioTrack              pid-22803                            V  obtainBuffer(192) returned 192 = 192 + 0 err 0
2022-12-26 09:42:36.464 22803-22913 chatty                  pid-22803                            I  uid=10213(com.inforcegames.app3dmodelling) AudioTrack identical 18 lines
2022-12-26 09:42:36.468 22803-22913 AudioTrack              pid-22803                            V  obtainBuffer(192) returned 192 = 192 + 0 err 0
2022-12-26 09:42:36.472 22803-22913 AudioTrack              pid-22803                            V  obtainBuffer(192) returned 192 = 128 + 64 err 0
2022-12-26 09:42:36.472 22803-22913 AudioTrack              pid-22803                            V  obtainBuffer(64) returned 64 = 64 + 0 err 0
2022-12-26 09:42:36.477 22803-22913 AudioTrack              pid-22803                            V  obtainBuffer(192) returned 192 = 192 + 0 err 0
2022-12-26 09:42:36.509 22803-22913 chatty                  pid-22803                            I  uid=10213(com.inforcegames.app3dmodelling) AudioTrack identical 8 lines
2022-12-26 09:42:36.513 22803-22913 AudioTrack              pid-22803                            V  obtainBuffer(192) returned 192 = 192 + 0 err 0
2022-12-26 09:42:36.516 22803-22913 AudioTrack              pid-22803                            V  obtainBuffer(192) returned 192 = 64 + 128 err 0
2022-12-26 09:42:36.516 22803-22913 AudioTrack              pid-22803                            V  obtainBuffer(128) returned 128 = 128 + 0 err 0
2022-12-26 09:42:36.520 22803-22913 AudioTrack              pid-22803                            V  obtainBuffer(192) returned 192 = 192 + 0 err 0
2022-12-26 09:42:36.592 22803-22913 chatty                  pid-22803                            I  uid=10213(com.inforcegames.app3dmodelling) AudioTrack identical 18 lines
2022-12-26 09:42:36.597 22803-22913 AudioTrack              pid-22803                            V  obtainBuffer(192) returned 192 = 192 + 0 err 0
2022-12-26 09:42:36.600 22803-22913 AudioTrack              pid-22803                            V  obtainBuffer(192) returned 192 = 128 + 64 err 0
2022-12-26 09:42:36.600 22803-22913 AudioTrack              pid-22803                            V  obtainBuffer(64) returned 64 = 64 + 0 err 0
2022-12-26 09:42:36.605 22803-22913 AudioTrack              pid-22803                            V  obtainBuffer(192) returned 192 = 192 + 0 err 0
2022-12-26 09:42:36.624 22803-22913 chatty                  pid-22803                            I  uid=10213(com.inforcegames.app3dmodelling) AudioTrack identical 5 lines
2022-12-26 09:42:36.628 22803-22913 AudioTrack              pid-22803                            V  obtainBuffer(192) returned 192 = 192 + 0 err 0
2022-12-26 09:42:36.631 23252-23266 ome:webview_ap          pid-23252                            I  ProcessProfilingInfo new_methods=0 is saved saved_to_disk=0 resolve_classes_delay=8000
2022-12-26 09:42:36.632 22803-22913 AudioTrack              pid-22803                            V  obtainBuffer(192) returned 192 = 192 + 0 err 0
2022-12-26 09:42:36.636 22803-22913 chatty                  pid-22803                            I  uid=10213(com.inforcegames.app3dmodelling) AudioTrack identical 1 line
2022-12-26 09:42:36.640 22803-22913 AudioTrack              pid-22803                            V  obtainBuffer(192) returned 192 = 192 + 0 err 0
2022-12-26 09:42:36.644 22803-22913 AudioTrack              pid-22803                            V  obtainBuffer(192) returned 192 = 64 + 128 err 0
2022-12-26 09:42:36.644 22803-22913 AudioTrack              pid-22803                            V  obtainBuffer(128) returned 128 = 128 + 0 err 0
2022-12-26 09:42:36.648 22803-22913 AudioTrack              pid-22803                            V  obtainBuffer(192) returned 192 = 192 + 0 err 0
2022-12-26 09:42:36.720 22803-22913 chatty                  pid-22803                            I  uid=10213(com.inforcegames.app3dmodelling) AudioTrack identical 18 lines
2022-12-26 09:42:36.725 22803-22913 AudioTrack              pid-22803                            V  obtainBuffer(192) returned 192 = 192 + 0 err 0
2022-12-26 09:42:36.728 22803-22913 AudioTrack              pid-22803                            V  obtainBuffer(192) returned 192 = 128 + 64 err 0
2022-12-26 09:42:36.728 22803-22913 AudioTrack              pid-22803                            V  obtainBuffer(64) returned 64 = 64 + 0 err 0
2022-12-26 09:42:36.732 22803-22913 AudioTrack              pid-22803                            V  obtainBuffer(192) returned 192 = 192 + 0 err 0
2022-12-26 09:42:36.765 22803-22913 chatty                  pid-22803                            I  uid=10213(com.inforcegames.app3dmodelling) AudioTrack identical 8 lines
2022-12-26 09:42:36.768 22803-22913 AudioTrack              pid-22803                            V  obtainBuffer(192) returned 192 = 192 + 0 err 0
2022-12-26 09:42:36.773 22803-22913 AudioTrack              pid-22803                            V  obtainBuffer(192) returned 192 = 64 + 128 err 0
2022-12-26 09:42:36.773 22803-22913 AudioTrack              pid-22803                            V  obtainBuffer(128) returned 128 = 128 + 0 err 0
2022-12-26 09:42:36.777 22803-22913 AudioTrack              pid-22803                            V  obtainBuffer(192) returned 192 = 192 + 0 err 0
2022-12-26 09:42:36.848 22803-22913 chatty                  pid-22803                            I  uid=10213(com.inforcegames.app3dmodelling) AudioTrack identical 18 lines
2022-12-26 09:42:36.852 22803-22913 AudioTrack              pid-22803                            V  obtainBuffer(192) returned 192 = 192 + 0 err 0
2022-12-26 09:42:36.856 22803-22913 AudioTrack              pid-22803                            V  obtainBuffer(192) returned 192 = 128 + 64 err 0
2022-12-26 09:42:36.856 22803-22913 AudioTrack              pid-22803                            V  obtainBuffer(64) returned 64 = 64 + 0 err 0
2022-12-26 09:42:36.861 22803-22913 AudioTrack              pid-22803                            V  obtainBuffer(192) returned 192 = 192 + 0 err 0
2022-12-26 09:42:36.892 22803-22913 chatty                  pid-22803                            I  uid=10213(com.inforcegames.app3dmodelling) AudioTrack identical 8 lines
2022-12-26 09:42:36.896 22803-22913 AudioTrack              pid-22803                            V  obtainBuffer(192) returned 192 = 192 + 0 err 0
2022-12-26 09:42:36.900 22803-22913 AudioTrack              pid-22803                            V  obtainBuffer(192) returned 192 = 64 + 128 err 0
2022-12-26 09:42:36.900 22803-22913 AudioTrack              pid-22803                            V  obtainBuffer(128) returned 128 = 128 + 0 err 0
2022-12-26 09:42:36.904 22803-22913 AudioTrack              pid-22803                            V  obtainBuffer(192) returned 192 = 192 + 0 err 0
2022-12-26 09:42:36.936 22803-22913 chatty                  pid-22803                            I  uid=10213(com.inforcegames.app3dmodelling) AudioTrack identical 8 lines
2022-12-26 09:42:36.940 22803-22913 AudioTrack              pid-22803                            V  obtainBuffer(192) returned 192 = 192 + 0 err 0
2022-12-26 09:42:36.941 13316-13326 ndroid.systemu          pid-13316                            I  Background concurrent copying GC freed 6332(474KB) AllocSpace objects, 0(0B) LOS objects, 50% free, 7MB/15MB, paused 161us total 136.605ms
2022-12-26 09:42:36.944 22803-22913 AudioTrack              pid-22803                            V  obtainBuffer(192) returned 192 = 192 + 0 err 0
2022-12-26 09:42:36.956 22803-22913 chatty                  pid-22803                            I  uid=10213(com.inforcegames.app3dmodelling) AudioTrack identical 3 lines
2022-12-26 09:42:36.961 22803-22913 AudioTrack              pid-22803                            V  obtainBuffer(192) returned 192 = 192 + 0 err 0
2022-12-26 09:42:36.961  1302-1463  ThermalEngine           pid-1302                             D  sensor_wait: quiet_therm Wait done.
2022-12-26 09:42:36.963  1302-1463  ThermalEngine           pid-1302                             D  sensor_monitor: quiet_therm Reading 30000 .
2022-12-26 09:42:36.963  1302-1463  ThermalEngine           pid-1302                             I  Sensor:quiet_therm:30000 mC
2022-12-26 09:42:36.963  1302-1463  ThermalEngine           pid-1302                             D  update_active_thresh: quiet_therm Active(1), Hi(1) 40000, Lo(0) -2147483648, desc(0) Interval(1) 1000
2022-12-26 09:42:36.963  1302-1463  ThermalEngine           pid-1302                             D  sensor_monitor: quiet_therm Sensor wait.
2022-12-26 09:42:36.963  1302-1463  ThermalEngine           pid-1302                             D  sensor_wait: quiet_therm Wait start. 1000ms
2022-12-26 09:42:36.964 22803-22913 AudioTrack              pid-22803                            V  obtainBuffer(192) returned 192 = 192 + 0 err 0
2022-12-26 09:42:36.965  1302-1462  ThermalEngine           pid-1302                             D  sensor_wait: msm_therm Wait done.
2022-12-26 09:42:36.966  1302-1462  ThermalEngine           pid-1302                             D  sensor_monitor: msm_therm Reading 30000 .
2022-12-26 09:42:36.966  1302-1462  ThermalEngine           pid-1302                             I  Sensor:msm_therm:30000 mC
2022-12-26 09:42:36.966  1302-1462  ThermalEngine           pid-1302                             D  update_active_thresh: msm_therm Active(1), Hi(1) 44000, Lo(0) -2147483648, desc(0) Interval(1) 1000
2022-12-26 09:42:36.966  1302-1462  ThermalEngine           pid-1302                             D  sensor_monitor: msm_therm Sensor wait.
2022-12-26 09:42:36.966  1302-1462  ThermalEngine           pid-1302                             D  sensor_wait: msm_therm Wait start. 1000ms
2022-12-26 09:42:36.968 22803-22913 AudioTrack              pid-22803                            V  obtainBuffer(192) returned 192 = 192 + 0 err 0
2022-12-26 09:42:36.973 22803-22913 AudioTrack              pid-22803                            V  obtainBuffer(192) returned 192 = 192 + 0 err 0
2022-12-26 09:42:36.975 13316-13316 SignalClusterView       pid-13316                            D  updateMobileTypeImage  0
2022-12-26 09:42:36.978 22803-22913 AudioTrack              pid-22803                            V  obtainBuffer(192) returned 192 = 192 + 0 err 0
2022-12-26 09:42:36.979 13316-13316 SignalClusterView       pid-13316                            D  updateMobileTypeImage  0
2022-12-26 09:42:36.980 13316-13316 SignalClusterView       pid-13316                            D  updateMobileTypeImage  0
2022-12-26 09:42:36.981 22803-22913 AudioTrack              pid-22803                            V  obtainBuffer(192) returned 192 = 192 + 0 err 0
2022-12-26 09:42:36.984 22803-22913 AudioTrack              pid-22803                            V  obtainBuffer(192) returned 192 = 128 + 64 err 0
2022-12-26 09:42:36.984 22803-22913 AudioTrack              pid-22803                            V  obtainBuffer(64) returned 64 = 64 + 0 err 0
2022-12-26 09:42:36.988 22803-22913 AudioTrack              pid-22803                            V  obtainBuffer(192) returned 192 = 192 + 0 err 0
2022-12-26 09:42:37.020 22803-22913 chatty                  pid-22803                            I  uid=10213(com.inforcegames.app3dmodelling) AudioTrack identical 8 lines
2022-12-26 09:42:37.024 22803-22913 AudioTrack              pid-22803                            V  obtainBuffer(192) returned 192 = 192 + 0 err 0
2022-12-26 09:42:37.029 22803-22913 AudioTrack              pid-22803                            V  obtainBuffer(192) returned 192 = 64 + 128 err 0
2022-12-26 09:42:37.029 22803-22913 AudioTrack              pid-22803                            V  obtainBuffer(128) returned 128 = 128 + 0 err 0
2022-12-26 09:42:37.034 22803-22913 AudioTrack              pid-22803                            V  obtainBuffer(192) returned 192 = 192 + 0 err 0
2022-12-26 09:42:37.104 22803-22913 chatty                  pid-22803                            I  uid=10213(com.inforcegames.app3dmodelling) AudioTrack identical 18 lines
2022-12-26 09:42:37.109 22803-22913 AudioTrack              pid-22803                            V  obtainBuffer(192) returned 192 = 192 + 0 err 0
2022-12-26 09:42:37.112 22803-22913 AudioTrack              pid-22803                            V  obtainBuffer(192) returned 192 = 128 + 64 err 0
2022-12-26 09:42:37.112 22803-22913 AudioTrack              pid-22803                            V  obtainBuffer(64) returned 64 = 64 + 0 err 0
2022-12-26 09:42:37.116 22803-22913 AudioTrack              pid-22803                            V  obtainBuffer(192) returned 192 = 192 + 0 err 0
2022-12-26 09:42:37.148 22803-22913 chatty                  pid-22803                            I  uid=10213(com.inforcegames.app3dmodelling) AudioTrack identical 8 lines
2022-12-26 09:42:37.152 22803-22913 AudioTrack              pid-22803                            V  obtainBuffer(192) returned 192 = 192 + 0 err 0
2022-12-26 09:42:37.156 22803-22913 AudioTrack              pid-22803                            V  obtainBuffer(192) returned 192 = 64 + 128 err 0
2022-12-26 09:42:37.156 22803-22913 AudioTrack              pid-22803                            V  obtainBuffer(128) returned 128 = 128 + 0 err 0
2022-12-26 09:42:37.161 22803-22913 AudioTrack              pid-22803                            V  obtainBuffer(192) returned 192 = 192 + 0 err 0
2022-12-26 09:42:37.232 22803-22913 chatty                  pid-22803                            I  uid=10213(com.inforcegames.app3dmodelling) AudioTrack identical 18 lines
2022-12-26 09:42:37.237 22803-22913 AudioTrack              pid-22803                            V  obtainBuffer(192) returned 192 = 192 + 0 err 0
2022-12-26 09:42:37.241 22803-22913 AudioTrack              pid-22803                            V  obtainBuffer(192) returned 192 = 128 + 64 err 0
2022-12-26 09:42:37.241 22803-22913 AudioTrack              pid-22803                            V  obtainBuffer(64) returned 64 = 64 + 0 err 0
2022-12-26 09:42:37.246 22803-22913 AudioTrack              pid-22803                            V  obtainBuffer(192) returned 192 = 192 + 0 err 0
2022-12-26 09:42:37.276 22803-22913 chatty                  pid-22803                            I  uid=10213(com.inforcegames.app3dmodelling) AudioTrack identical 8 lines
2022-12-26 09:42:37.280 22803-22913 AudioTrack              pid-22803                            V  obtainBuffer(192) returned 192 = 192 + 0 err 0
2022-12-26 09:42:37.284 22803-22913 AudioTrack              pid-22803                            V  obtainBuffer(192) returned 192 = 64 + 128 err 0
2022-12-26 09:42:37.284 22803-22913 AudioTrack              pid-22803                            V  obtainBuffer(128) returned 128 = 128 + 0 err 0
2022-12-26 09:42:37.289 22803-22913 AudioTrack              pid-22803                            V  obtainBuffer(192) returned 192 = 192 + 0 err 0
2022-12-26 09:42:37.361 22803-22913 chatty                  pid-22803                            I  uid=10213(com.inforcegames.app3dmodelling) AudioTrack identical 18 lines
2022-12-26 09:42:37.364 22803-22913 AudioTrack              pid-22803                            V  obtainBuffer(192) returned 192 = 192 + 0 err 0
2022-12-26 09:42:37.369 22803-22913 AudioTrack              pid-22803                            V  obtainBuffer(192) returned 192 = 128 + 64 err 0
2022-12-26 09:42:37.369 22803-22913 AudioTrack              pid-22803                            V  obtainBuffer(64) returned 64 = 64 + 0 err 0
2022-12-26 09:42:37.372 22803-22913 AudioTrack              pid-22803                            V  obtainBuffer(192) returned 192 = 192 + 0 err 0
2022-12-26 09:42:37.404 22803-22913 chatty                  pid-22803                            I  uid=10213(com.inforcegames.app3dmodelling) AudioTrack identical 8 lines
2022-12-26 09:42:37.409 22803-22913 AudioTrack              pid-22803                            V  obtainBuffer(192) returned 192 = 192 + 0 err 0
2022-12-26 09:42:37.412 22803-22913 AudioTrack              pid-22803                            V  obtainBuffer(192) returned 192 = 64 + 128 err 0
2022-12-26 09:42:37.412 22803-22913 AudioTrack              pid-22803                            V  obtainBuffer(128) returned 128 = 128 + 0 err 0
2022-12-26 09:42:37.417 22803-22913 AudioTrack              pid-22803                            V  obtainBuffer(192) returned 192 = 192 + 0 err 0
2022-12-26 09:42:37.489 22803-22913 chatty                  pid-22803                            I  uid=10213(com.inforcegames.app3dmodelling) AudioTrack identical 18 lines
2022-12-26 09:42:37.493 22803-22913 AudioTrack              pid-22803                            V  obtainBuffer(192) returned 192 = 192 + 0 err 0
2022-12-26 09:42:37.497 22803-22913 AudioTrack              pid-22803                            V  obtainBuffer(192) returned 192 = 128 + 64 err 0
2022-12-26 09:42:37.497 22803-22913 AudioTrack              pid-22803                            V  obtainBuffer(64) returned 64 = 64 + 0 err 0
2022-12-26 09:42:37.501 22803-22913 AudioTrack              pid-22803                            V  obtainBuffer(192) returned 192 = 192 + 0 err 0
2022-12-26 09:42:37.532 22803-22913 chatty                  pid-22803                            I  uid=10213(com.inforcegames.app3dmodelling) AudioTrack identical 8 lines
2022-12-26 09:42:37.537 22803-22913 AudioTrack              pid-22803                            V  obtainBuffer(192) returned 192 = 192 + 0 err 0
2022-12-26 09:42:37.540 22803-22913 AudioTrack              pid-22803                            V  obtainBuffer(192) returned 192 = 64 + 128 err 0
2022-12-26 09:42:37.541 22803-22913 AudioTrack              pid-22803                            V  obtainBuffer(128) returned 128 = 128 + 0 err 0
2022-12-26 09:42:37.545 22803-22913 AudioTrack              pid-22803                            V  obtainBuffer(192) returned 192 = 192 + 0 err 0
2022-12-26 09:42:37.617 22803-22913 chatty                  pid-22803                            I  uid=10213(com.inforcegames.app3dmodelling) AudioTrack identical 18 lines
2022-12-26 09:42:37.620 22803-22913 AudioTrack              pid-22803                            V  obtainBuffer(192) returned 192 = 192 + 0 err 0
2022-12-26 09:42:37.624 22803-22913 AudioTrack              pid-22803                            V  obtainBuffer(192) returned 192 = 128 + 64 err 0
2022-12-26 09:42:37.624 22803-22913 AudioTrack              pid-22803                            V  obtainBuffer(64) returned 64 = 64 + 0 err 0
2022-12-26 09:42:37.629 22803-22913 AudioTrack              pid-22803                            V  obtainBuffer(192) returned 192 = 192 + 0 err 0
2022-12-26 09:42:37.660 22803-22913 chatty                  pid-22803                            I  uid=10213(com.inforcegames.app3dmodelling) AudioTrack identical 8 lines
2022-12-26 09:42:37.664 22803-22913 AudioTrack              pid-22803                            V  obtainBuffer(192) returned 192 = 192 + 0 err 0
2022-12-26 09:42:37.669 22803-22913 AudioTrack              pid-22803                            V  obtainBuffer(192) returned 192 = 64 + 128 err 0
2022-12-26 09:42:37.669 22803-22913 AudioTrack              pid-22803                            V  obtainBuffer(128) returned 128 = 128 + 0 err 0
2022-12-26 09:42:37.672 22803-22913 AudioTrack              pid-22803                            V  obtainBuffer(192) returned 192 = 192 + 0 err 0
2022-12-26 09:42:37.744 22803-22913 chatty                  pid-22803                            I  uid=10213(com.inforcegames.app3dmodelling) AudioTrack identical 18 lines
2022-12-26 09:42:37.749 22803-22913 AudioTrack              pid-22803                            V  obtainBuffer(192) returned 192 = 192 + 0 err 0
2022-12-26 09:42:37.753 22803-22913 AudioTrack              pid-22803                            V  obtainBuffer(192) returned 192 = 128 + 64 err 0
2022-12-26 09:42:37.753 22803-22913 AudioTrack              pid-22803                            V  obtainBuffer(64) returned 64 = 64 + 0 err 0
2022-12-26 09:42:37.757 22803-22913 AudioTrack              pid-22803                            V  obtainBuffer(192) returned 192 = 192 + 0 err 0
2022-12-26 09:42:37.788 22803-22913 chatty                  pid-22803                            I  uid=10213(com.inforcegames.app3dmodelling) AudioTrack identical 8 lines
2022-12-26 09:42:37.792 22803-22913 AudioTrack              pid-22803                            V  obtainBuffer(192) returned 192 = 192 + 0 err 0
2022-12-26 09:42:37.796 22803-22913 AudioTrack              pid-22803                            V  obtainBuffer(192) returned 192 = 64 + 128 err 0
2022-12-26 09:42:37.796 22803-22913 AudioTrack              pid-22803                            V  obtainBuffer(128) returned 128 = 128 + 0 err 0
2022-12-26 09:42:37.800 22803-22913 AudioTrack              pid-22803                            V  obtainBuffer(192) returned 192 = 192 + 0 err 0
2022-12-26 09:42:37.872 22803-22913 chatty                  pid-22803                            I  uid=10213(com.inforcegames.app3dmodelling) AudioTrack identical 18 lines
2022-12-26 09:42:37.876 22803-22913 AudioTrack              pid-22803                            V  obtainBuffer(192) returned 192 = 192 + 0 err 0
2022-12-26 09:42:37.880 22803-22913 AudioTrack              pid-22803                            V  obtainBuffer(192) returned 192 = 128 + 64 err 0
2022-12-26 09:42:37.880 22803-22913 AudioTrack              pid-22803                            V  obtainBuffer(64) returned 64 = 64 + 0 err 0
2022-12-26 09:42:37.884 22803-22913 AudioTrack              pid-22803                            V  obtainBuffer(192) returned 192 = 192 + 0 err 0
2022-12-26 09:42:37.896 22803-22913 chatty                  pid-22803                            I  uid=10213(com.inforcegames.app3dmodelling) AudioTrack identical 3 lines
2022-12-26 09:42:37.900 22803-22913 AudioTrack              pid-22803                            V  obtainBuffer(192) returned 192 = 192 + 0 err 0
2022-12-26 09:42:37.904  1302-1457  ThermalEngine           pid-1302                             D  sensor_wait: backlight_therm Wait done.
2022-12-26 09:42:37.904 22803-22913 AudioTrack              pid-22803                            V  obtainBuffer(192) returned 192 = 192 + 0 err 0
2022-12-26 09:42:37.905  1302-1457  ThermalEngine           pid-1302                             D  sensor_monitor: backlight_therm Reading 27000 .
2022-12-26 09:42:37.905  1302-1457  ThermalEngine           pid-1302                             I  Sensor:backlight_therm:27000 mC
2022-12-26 09:42:37.905  1302-1457  ThermalEngine           pid-1302                             D  update_active_thresh: backlight_therm Active(1), Hi(1) 45000, Lo(0) -2147483648, desc(0) Interval(1) 2000
2022-12-26 09:42:37.905  1302-1457  ThermalEngine           pid-1302                             D  sensor_monitor: backlight_therm Sensor wait.
2022-12-26 09:42:37.905  1302-1457  ThermalEngine           pid-1302                             D  sensor_wait: backlight_therm Wait start. 2000ms
2022-12-26 09:42:37.908 22803-22913 AudioTrack              pid-22803                            V  obtainBuffer(192) returned 192 = 192 + 0 err 0
2022-12-26 09:42:37.916 22803-22913 chatty                  pid-22803                            I  uid=10213(com.inforcegames.app3dmodelling) AudioTrack identical 2 lines
2022-12-26 09:42:37.920 22803-22913 AudioTrack              pid-22803                            V  obtainBuffer(192) returned 192 = 192 + 0 err 0
2022-12-26 09:42:37.924 22803-22913 AudioTrack              pid-22803                            V  obtainBuffer(192) returned 192 = 64 + 128 err 0
2022-12-26 09:42:37.924 22803-22913 AudioTrack              pid-22803                            V  obtainBuffer(128) returned 128 = 128 + 0 err 0
2022-12-26 09:42:37.928 22803-22913 AudioTrack              pid-22803                            V  obtainBuffer(192) returned 192 = 192 + 0 err 0
2022-12-26 09:42:37.950 22803-22803 Timeline                pid-22803                            I  Timeline: Activity_launch_request time:49086231 intent:Intent { act=android.intent.action.CHOOSER (has extras) }
2022-12-26 09:42:37.955  2280-6954  ActivityManager         pid-2280                             I  START u0 {act=android.intent.action.CHOOSER cmp=android/com.android.internal.app.ChooserActivity (has extras)} from uid 10213
2022-12-26 09:42:37.957 22803-22913 chatty                  pid-22803                            I  uid=10213(com.inforcegames.app3dmodelling) AudioTrack identical 7 lines
2022-12-26 09:42:37.960 22803-22913 AudioTrack              pid-22803                            V  obtainBuffer(192) returned 192 = 192 + 0 err 0
2022-12-26 09:42:37.963  1302-1463  ThermalEngine           pid-1302                             D  sensor_wait: quiet_therm Wait done.
2022-12-26 09:42:37.964 22803-22913 AudioTrack              pid-22803                            V  obtainBuffer(192) returned 192 = 192 + 0 err 0
2022-12-26 09:42:37.964  2280-6954  ActivityTrigger         pid-2280                             D  activityStartTrigger: Activity is not Triggerred in full screen ApplicationInfo{bfe41d5 android}
2022-12-26 09:42:37.965  1302-1463  ThermalEngine           pid-1302                             D  sensor_monitor: quiet_therm Reading 30000 .
2022-12-26 09:42:37.965  1302-1463  ThermalEngine           pid-1302                             I  Sensor:quiet_therm:30000 mC
2022-12-26 09:42:37.965  1302-1463  ThermalEngine           pid-1302                             D  update_active_thresh: quiet_therm Active(1), Hi(1) 40000, Lo(0) -2147483648, desc(0) Interval(1) 1000
2022-12-26 09:42:37.965  1302-1463  ThermalEngine           pid-1302                             D  sensor_monitor: quiet_therm Sensor wait.
2022-12-26 09:42:37.965  1302-1463  ThermalEngine           pid-1302                             D  sensor_wait: quiet_therm Wait start. 1000ms
2022-12-26 09:42:37.966  1302-1462  ThermalEngine           pid-1302                             D  sensor_wait: msm_therm Wait done.
2022-12-26 09:42:37.966  2280-6954  CompatibilityInfo       pid-2280                             D  mCompatibilityFlags - 0
2022-12-26 09:42:37.967  2280-6954  CompatibilityInfo       pid-2280                             D  applicationDensity - 440
2022-12-26 09:42:37.967  2280-6954  CompatibilityInfo       pid-2280                             D  applicationScale - 1.0
2022-12-26 09:42:37.968 22803-22913 AudioTrack              pid-22803                            V  obtainBuffer(192) returned 192 = 192 + 0 err 0
2022-12-26 09:42:37.970  1302-1462  ThermalEngine           pid-1302                             D  sensor_monitor: msm_therm Reading 30000 .
2022-12-26 09:42:37.970  1302-1462  ThermalEngine           pid-1302                             I  Sensor:msm_therm:30000 mC
2022-12-26 09:42:37.970  1302-1462  ThermalEngine           pid-1302                             D  update_active_thresh: msm_therm Active(1), Hi(1) 44000, Lo(0) -2147483648, desc(0) Interval(1) 1000
2022-12-26 09:42:37.970  1302-1462  ThermalEngine           pid-1302                             D  sensor_monitor: msm_therm Sensor wait.
2022-12-26 09:42:37.970  1302-1462  ThermalEngine           pid-1302                             D  sensor_wait: msm_therm Wait start. 1000ms
2022-12-26 09:42:37.972  2280-6954  ActivityTrigger         pid-2280                             D  activityResumeTrigger: Activity is not Triggerred in full screen ApplicationInfo{bfe41d5 android}
2022-12-26 09:42:37.973 22803-22913 AudioTrack              pid-22803                            V  obtainBuffer(192) returned 192 = 192 + 0 err 0
2022-12-26 09:42:37.974  2280-6954  ActivityTrigger         pid-2280                             D  ActivityTrigger activityPauseTrigger 
2022-12-26 09:42:37.976 22803-22913 AudioTrack              pid-22803                            V  obtainBuffer(192) returned 192 = 192 + 0 err 0
2022-12-26 09:42:38.000 22803-22913 chatty                  pid-22803                            I  uid=10213(com.inforcegames.app3dmodelling) AudioTrack identical 6 lines
2022-12-26 09:42:38.004 22803-22913 AudioTrack              pid-22803                            V  obtainBuffer(192) returned 192 = 192 + 0 err 0
2022-12-26 09:42:38.008 22803-22913 AudioTrack              pid-22803                            V  obtainBuffer(192) returned 192 = 128 + 64 err 0
2022-12-26 09:42:38.008 22803-22913 AudioTrack              pid-22803                            V  obtainBuffer(64) returned 64 = 64 + 0 err 0
2022-12-26 09:42:38.012 22803-22913 AudioTrack              pid-22803                            V  obtainBuffer(192) returned 192 = 192 + 0 err 0
2022-12-26 09:42:38.017 22803-22913 chatty                  pid-22803                            I  uid=10213(com.inforcegames.app3dmodelling) AudioTrack identical 1 line
2022-12-26 09:42:38.020 22803-22913 AudioTrack              pid-22803                            V  obtainBuffer(192) returned 192 = 192 + 0 err 0
2022-12-26 09:42:38.023 22803-22863 <no-tag>                pid-22803                            D  PlayerBase::stop() from IPlayer
2022-12-26 09:42:38.023 22803-22863 AudioTrack              pid-22803                            D  stop() called with 912000 frames delivered
2022-12-26 09:42:38.023 22803-22913 AudioTrack              pid-22803                            V  obtainBuffer(192) returned 0 = 0 + 0 err -4
2022-12-26 09:42:38.032  2280-6954  ActivityTrigger         pid-2280                             D  activityResumeTrigger: Activity is not Triggerred in full screen ApplicationInfo{bfe41d5 android}
2022-12-26 09:42:38.034   716-777   ANDR-PERF-MPCTL         pid-716                              E  Invalid profile no. 0, total profiles 0 only
2022-12-26 09:42:38.054  2280-2336  CompatibilityInfo       pid-2280                             D  mCompatibilityFlags - 0
2022-12-26 09:42:38.054  2280-2336  CompatibilityInfo       pid-2280                             D  applicationDensity - 440
2022-12-26 09:42:38.054  2280-2336  CompatibilityInfo       pid-2280                             D  applicationScale - 1.0
2022-12-26 09:42:38.057 17758-17758 BoundBrokerSvc          pid-17758                            D  onBind: Intent { act=com.google.android.gms.measurement.START pkg=com.google.android.gms }
2022-12-26 09:42:38.057 17758-17758 BoundBrokerSvc          pid-17758                            D  Loading bound service for intent: Intent { act=com.google.android.gms.measurement.START pkg=com.google.android.gms }
2022-12-26 09:42:38.082  2280-2296  Boost                   pid-2280                             D  hostingType=activity, hostingName=android/com.android.internal.app.ChooserActivity, callerPackage=com.inforcegames.app3dmodelling, isSystem=false, isBoostNeeded=false.
2022-12-26 09:42:38.085  2280-2296  ActivityManager         pid-2280                             I  Start proc 23301:android:ui/1000 for activity android/com.android.internal.app.ChooserActivity caller=com.inforcegames.app3dmodelling
2022-12-26 09:42:38.093  2280-6954  CompatibilityInfo       pid-2280                             D  mCompatibilityFlags - 0
2022-12-26 09:42:38.093  2280-6954  CompatibilityInfo       pid-2280                             D  applicationDensity - 440
2022-12-26 09:42:38.093  2280-6954  CompatibilityInfo       pid-2280                             D  applicationScale - 1.0
2022-12-26 09:42:38.083   702-702   memtrack@1.0-se         pid-702                              W  type=1400 audit(0.0:14331): avc: denied { read } for name="mem" dev="debugfs" ino=2433277 scontext=u:r:hal_memtrack_default:s0 tcontext=u:object_r:qti_debugfs:s0 tclass=file permissive=0
2022-12-26 09:42:38.101 23301-23301 android:ui              pid-23301                            E  Not starting debugger since process cannot load the jdwp agent.
2022-12-26 09:42:38.103   743-743   AudioOut_D              pid-743                              W  type=1400 audit(0.0:14333): avc: denied { write } for name="logd" dev="tmpfs" ino=464 scontext=u:r:audioserver:s0 tcontext=u:object_r:logd_socket:s0 tclass=sock_file permissive=0
2022-12-26 09:42:38.119  2280-2733  CompatibilityInfo       pid-2280                             D  mCompatibilityFlags - 0
2022-12-26 09:42:38.119  2280-2733  CompatibilityInfo       pid-2280                             D  applicationDensity - 440
2022-12-26 09:42:38.119  2280-2733  CompatibilityInfo       pid-2280                             D  applicationScale - 1.0
2022-12-26 09:42:38.126   743-930   AudioFlinger            pid-743                              V  releasing 1993 from 743 for 743
2022-12-26 09:42:38.126   743-930   AudioFlinger            pid-743                              V   decremented refcount to 0
2022-12-26 09:42:38.126   743-930   AudioFlinger            pid-743                              V  purging stale effects
2022-12-26 09:42:38.126   743-930   AudioFlinger            pid-743                              V   session 1993 still exists for 22803 with 1 refs
2022-12-26 09:42:38.126   743-930   AudioFlinger            pid-743                              V  updateOrphanEffectChains session 1993 index -2
2022-12-26 09:42:38.126   743-930   AudioFlinger            pid-743                              V  removeClient_l() pid 743, calling pid 743
2022-12-26 09:42:38.129  2280-2733  CompatibilityInfo       pid-2280                             D  mCompatibilityFlags - 0
2022-12-26 09:42:38.129  2280-2733  CompatibilityInfo       pid-2280                             D  applicationDensity - 440
2022-12-26 09:42:38.129   743-930   APM_AudioPolicyManager  pid-743                              V  stopOutput() output 13, stream 3, session 1993
2022-12-26 09:42:38.129   743-930   APM_AudioPolicyManager  pid-743                              V  getNewOutputDevice() selected device 0
2022-12-26 09:42:38.129   743-930   APM_AudioPolicyManager  pid-743                              V  setOutputDevice() device 0000 delayMs 96
2022-12-26 09:42:38.129   743-930   APM_AudioPolicyManager  pid-743                              V  setOutputDevice() prevDevice 0x0002
2022-12-26 09:42:38.129  2280-2733  CompatibilityInfo       pid-2280                             D  applicationScale - 1.0
2022-12-26 09:42:38.129   743-930   APM_AudioPolicyManager  pid-743                              V  setOutputDevice() setting same device 0x0000 or null device
2022-12-26 09:42:38.129   743-930   AudioPolic...agerCustom pid-743                              V  checkOutputForStrategy(): policy related outputs
2022-12-26 09:42:38.129   743-930   APM_AudioPolicyManager  pid-743                              V  selectOutputForMusicEffects selected output 13
2022-12-26 09:42:38.130 32738-21938 NetworkScheduler        pid-32738                            W  Error inserting period=5396000 preferred_charging_state=1 preferred_network_type=1 target_class=com.google.android.gms.measurement.PackageMeasurementTaskService required_network_type=0 runtime=1672044158126 required_idleness_state=0 source=16 service_kind=0 target_package=com.google.android.gms persistence_level=1 source_version=224814000 last_runtime=0 user_id=0 job_id=-1 requires_charging=0 tag=Measurement.PackageMeasurementTaskService.UPLOAD_TASK_TAG flex_time=2697000 task_type=0 retry_strategy={"maximum_backoff_seconds":{"3600":0},"initial_backoff_seconds":{"30":0},"retry_policy":{"0":0}} [CONTEXT service_id=218 ]
                                                                                                    android.database.sqlite.SQLiteConstraintException: UNIQUE constraint failed: pending_ops.tag, pending_ops.target_class, pending_ops.target_package, pending_ops.user_id (code 2067 SQLITE_CONSTRAINT_UNIQUE)
                                                                                                    	at android.database.sqlite.SQLiteConnection.nativeExecuteForLastInsertedRowId(Native Method)
                                                                                                    	at android.database.sqlite.SQLiteConnection.executeForLastInsertedRowId(SQLiteConnection.java:796)
                                                                                                    	at android.database.sqlite.SQLiteSession.executeForLastInsertedRowId(SQLiteSession.java:788)
                                                                                                    	at android.database.sqlite.SQLiteStatement.executeInsert(SQLiteStatement.java:86)
                                                                                                    	at android.database.sqlite.SQLiteDatabase.insertWithOnConflict(SQLiteDatabase.java:1564)
                                                                                                    	at android.database.sqlite.SQLiteDatabase.insertOrThrow(SQLiteDatabase.java:1459)
                                                                                                    	at bkqd.g(:com.google.android.gms@224814028@22.48.14 (100400-493411920):53)
                                                                                                    	at bkow.n(:com.google.android.gms@224814028@22.48.14 (100400-493411920):3)
                                                                                                    	at bkow.u(:com.google.android.gms@224814028@22.48.14 (100400-493411920):20)
                                                                                                    	at bkow.h(:com.google.android.gms@224814028@22.48.14 (100400-493411920):3)
                                                                                                    	at bkkn.run(:com.google.android.gms@224814028@22.48.14 (100400-493411920):9)
                                                                                                    	at abva.c(:com.google.android.gms@224814028@22.48.14 (100400-493411920):6)
                                                                                                    	at abva.run(:com.google.android.gms@224814028@22.48.14 (100400-493411920):7)
                                                                                                    	at java.util.concurrent.ThreadPoolExecutor.runWorker(ThreadPoolExecutor.java:1167)
                                                                                                    	at java.util.concurrent.ThreadPoolExecutor$Worker.run(ThreadPoolExecutor.java:641)
                                                                                                    	at acae.run(:com.google.android.gms@224814028@22.48.14 (100400-493411920):0)
                                                                                                    	at java.lang.Thread.run(Thread.java:764)
2022-12-26 09:42:38.130  6181-6192  GST                     pid-6181                             I  forePkg: android, preForePkg: com.inforcegames.app3dmodelling
2022-12-26 09:42:38.130 10811-13375 ProcessMonitor          pid-10811                            I  onForegroundInfoChanged: ForegroundInfo{mForegroundPackageName='android', mForegroundUid=1000, mForegroundPid=23301, mLastForegroundPackageName='com.inforcegames.app3dmodelling', mLastForegroundUid=10213, mLastForegroundPid=22803, mMultiWindowForegroundPackageName='null', mMultiWindowForegroundUid=-1, mFlags=1}
2022-12-26 09:42:38.131 10811-13375 GameBoosterService      pid-10811                            I  onForegroundInfoChanged: Cur=android	 last=com.inforcegames.app3dmodelling
2022-12-26 09:42:38.132 10811-13375 GameBoosterService      pid-10811                            D  onGameStatusChange foreground:ForegroundInfo{mForegroundPackageName='android', mForegroundUid=1000, mForegroundPid=23301, mLastForegroundPackageName='com.inforcegames.app3dmodelling', mLastForegroundUid=10213, mLastForegroundPid=22803, mMultiWindowForegroundPackageName='null', mMultiWindowForegroundUid=-1, mFlags=1}
2022-12-26 09:42:38.132 10811-13375 VideoBoxUtils           pid-10811                            I  isSupportVideoBox: false
2022-12-26 09:42:38.137  2280-2339  Timeline                pid-2280                             I  Timeline: App_transition_ready time:49086418
2022-12-26 09:42:38.137 10811-13375 VideoToolBoxService     pid-10811                            I  splitMode: onfalse
2022-12-26 09:42:38.137 10811-13375 VideoToolBoxService     pid-10811                            I  onForegroundInfoChanged: Exit Vtb
2022-12-26 09:42:38.207 13316-13352 RenderScript            pid-13316                            V  User-backed allocation failed stride requirement, falling back to separate allocation
2022-12-26 09:42:38.225 17758-17772 gle.android.gm          pid-17758                            I  Background concurrent copying GC freed 57093(2MB) AllocSpace objects, 19(2MB) LOS objects, 49% free, 15MB/31MB, paused 151us total 124.274ms
2022-12-26 09:42:38.281 23301-23301 Perf                    pid-23301                            I  Connecting to perf service.
2022-12-26 09:42:38.282 13316-13316 EventBus                pid-13316                            D  [13316, u0] send(TaskSnapshotChangedEvent)
2022-12-26 09:42:38.433 23301-23301 MiShareTransmissionView pid-23301                            D  initScreenView is false
2022-12-26 09:42:38.589 23301-23301 System.err              pid-23301                            W  java.lang.NullPointerException: Attempt to invoke virtual method 'java.lang.String android.net.Uri.toString()' on a null object reference
2022-12-26 09:42:38.590 23301-23301 System.err              pid-23301                            W  	at com.android.internal.app.ResolverActivity$WPSTypeParseUtils.isDocTypeResolved(ResolverActivity.java:2734)
2022-12-26 09:42:38.590 23301-23301 System.err              pid-23301                            W  	at com.android.internal.app.ResolverActivity$ResolveListAdapter.hasSystemWps(ResolverActivity.java:2053)
2022-12-26 09:42:38.590 23301-23301 System.err              pid-23301                            W  	at com.android.internal.app.ResolverActivity$ResolveListAdapter.hasOfficalRecommendation(ResolverActivity.java:2075)
2022-12-26 09:42:38.590 23301-23301 System.err              pid-23301                            W  	at com.android.internal.app.ResolverActivity.bindOfficalRecommendView(ResolverActivity.java:1319)
2022-12-26 09:42:38.590 23301-23301 System.err              pid-23301                            W  	at com.android.internal.app.ResolverActivity.configureContentView(ResolverActivity.java:1115)
2022-12-26 09:42:38.590 23301-23301 System.err              pid-23301                            W  	at com.android.internal.app.ResolverActivity.onCreate(ResolverActivity.java:404)
2022-12-26 09:42:38.590 23301-23301 System.err              pid-23301                            W  	at com.android.internal.app.ChooserActivity.onCreate(ChooserActivity.java:274)
2022-12-26 09:42:38.590 23301-23301 System.err              pid-23301                            W  	at android.app.Activity.performCreate(Activity.java:7224)
2022-12-26 09:42:38.590 23301-23301 System.err              pid-23301                            W  	at android.app.Activity.performCreate(Activity.java:7213)
2022-12-26 09:42:38.590 23301-23301 System.err              pid-23301                            W  	at android.app.Instrumentation.callActivityOnCreate(Instrumentation.java:1272)
2022-12-26 09:42:38.590 23301-23301 System.err              pid-23301                            W  	at android.app.ActivityThread.performLaunchActivity(ActivityThread.java:2926)
2022-12-26 09:42:38.590 23301-23301 System.err              pid-23301                            W  	at android.app.ActivityThread.handleLaunchActivity(ActivityThread.java:3081)
2022-12-26 09:42:38.590 23301-23301 System.err              pid-23301                            W  	at android.app.servertransaction.LaunchActivityItem.execute(LaunchActivityItem.java:78)
2022-12-26 09:42:38.590 23301-23301 System.err              pid-23301                            W  	at android.app.servertransaction.TransactionExecutor.executeCallbacks(TransactionExecutor.java:108)
2022-12-26 09:42:38.590 23301-23301 System.err              pid-23301                            W  	at android.app.servertransaction.TransactionExecutor.execute(TransactionExecutor.java:68)
2022-12-26 09:42:38.590 23301-23301 System.err              pid-23301                            W  	at android.app.ActivityThread$H.handleMessage(ActivityThread.java:1831)
2022-12-26 09:42:38.590 23301-23301 System.err              pid-23301                            W  	at android.os.Handler.dispatchMessage(Handler.java:106)
2022-12-26 09:42:38.590 23301-23301 System.err              pid-23301                            W  	at android.os.Looper.loop(Looper.java:201)
2022-12-26 09:42:38.590 23301-23301 System.err              pid-23301                            W  	at android.app.ActivityThread.main(ActivityThread.java:6810)
2022-12-26 09:42:38.590 23301-23301 System.err              pid-23301                            W  	at java.lang.reflect.Method.invoke(Native Method)
2022-12-26 09:42:38.590 23301-23301 System.err              pid-23301                            W  	at com.android.internal.os.RuntimeInit$MethodAndArgsCaller.run(RuntimeInit.java:547)
2022-12-26 09:42:38.590 23301-23301 System.err              pid-23301                            W  	at com.android.internal.os.ZygoteInit.main(ZygoteInit.java:873)
2022-12-26 09:42:38.593  2280-3295  CompatibilityInfo       pid-2280                             D  mCompatibilityFlags - 0
2022-12-26 09:42:38.593  2280-3295  CompatibilityInfo       pid-2280                             D  applicationDensity - 440
2022-12-26 09:42:38.593  2280-3295  CompatibilityInfo       pid-2280                             D  applicationScale - 1.0
2022-12-26 09:42:38.633 23301-23301 android:ui              pid-23301                            W  type=1400 audit(0.0:14334): avc: denied { read } for name="u:object_r:vendor_display_prop:s0" dev="tmpfs" ino=19705 scontext=u:r:system_app:s0 tcontext=u:object_r:vendor_display_prop:s0 tclass=file permissive=0
2022-12-26 09:42:38.645 23301-23301 libc                    pid-23301                            E  Access denied finding property "ro.vendor.display.type"
2022-12-26 09:42:38.666 23301-23322 miuisdk_anim            pid-23301                            D  logLevel = 
2022-12-26 09:42:38.688  2280-2368  UiModeManager           pid-2280                             V  switch night mode to 2
