2022-12-26 10:43:28.526 24985-24985 GoogleInpu...hodService pid-24985                            I  GoogleInputMethodService.setKeyboardViewShown():3483 setKeyboardViewShown() : type = HEADER, shownType = SHOW_MANDATORY_WITH_ANIMATION
2022-12-26 10:43:28.527 24985-24985 GoogleInpu...hodService pid-24985                            I  GoogleInputMethodService.setKeyboardViewShown():3530 setKeyboardViewShown() : shouldShow = true
2022-12-26 10:43:28.528 22803-22913 AudioTrack              pid-22803                            V  obtainBuffer(192) returned 192 = 64 + 128 err 0
2022-12-26 10:43:28.528 22803-22913 AudioTrack              pid-22803                            V  obtainBuffer(128) returned 128 = 128 + 0 err 0
2022-12-26 10:43:28.531 22803-22913 AudioTrack              pid-22803                            V  obtainBuffer(192) returned 192 = 192 + 0 err 0
2022-12-26 10:43:28.559 22803-22913 chatty                  pid-22803                            I  uid=10213(com.inforcegames.app3dmodelling) AudioTrack identical 7 lines
2022-12-26 10:43:28.564 22803-22913 AudioTrack              pid-22803                            V  obtainBuffer(192) returned 192 = 192 + 0 err 0
2022-12-26 10:43:28.566   707-707   VibratorService         pid-707                              E  zjl vibrator on 20ms
2022-12-26 10:43:28.567 22803-22913 AudioTrack              pid-22803                            V  obtainBuffer(192) returned 192 = 192 + 0 err 0
2022-12-26 10:43:28.571  1302-1463  ThermalEngine           pid-1302                             D  sensor_wait: quiet_therm Wait done.
2022-12-26 10:43:28.572 22803-22913 AudioTrack              pid-22803                            V  obtainBuffer(192) returned 192 = 192 + 0 err 0
2022-12-26 10:43:28.573  1302-1463  ThermalEngine           pid-1302                             D  sensor_monitor: quiet_therm Reading 35000 .
2022-12-26 10:43:28.573  1302-1463  ThermalEngine           pid-1302                             I  Sensor:quiet_therm:35000 mC
2022-12-26 10:43:28.573  1302-1463  ThermalEngine           pid-1302                             D  update_active_thresh: quiet_therm Active(1), Hi(1) 40000, Lo(0) -2147483648, desc(0) Interval(1) 1000
2022-12-26 10:43:28.573  1302-1463  ThermalEngine           pid-1302                             D  sensor_monitor: quiet_therm Sensor wait.
2022-12-26 10:43:28.573  1302-1463  ThermalEngine           pid-1302                             D  sensor_wait: quiet_therm Wait start. 1000ms
2022-12-26 10:43:28.576 22803-22913 AudioTrack              pid-22803                            V  obtainBuffer(192) returned 192 = 192 + 0 err 0
2022-12-26 10:43:28.583 22803-22913 chatty                  pid-22803                            I  uid=10213(com.inforcegames.app3dmodelling) AudioTrack identical 2 lines
2022-12-26 10:43:28.588 22803-22913 AudioTrack              pid-22803                            V  obtainBuffer(192) returned 192 = 192 + 0 err 0
2022-12-26 10:43:28.588  1302-1462  ThermalEngine           pid-1302                             D  sensor_wait: msm_therm Wait done.
2022-12-26 10:43:28.589  1302-1462  ThermalEngine           pid-1302                             D  sensor_monitor: msm_therm Reading 36000 .
2022-12-26 10:43:28.589  1302-1462  ThermalEngine           pid-1302                             I  Sensor:msm_therm:36000 mC
2022-12-26 10:43:28.589  1302-1462  ThermalEngine           pid-1302                             D  update_active_thresh: msm_therm Active(1), Hi(1) 44000, Lo(0) -2147483648, desc(0) Interval(1) 1000
2022-12-26 10:43:28.589  1302-1462  ThermalEngine           pid-1302                             D  sensor_monitor: msm_therm Sensor wait.
2022-12-26 10:43:28.589  1302-1462  ThermalEngine           pid-1302                             D  sensor_wait: msm_therm Wait start. 1000ms
2022-12-26 10:43:28.591 22803-22913 AudioTrack              pid-22803                            V  obtainBuffer(192) returned 192 = 192 + 0 err 0
2022-12-26 10:43:28.603 22803-22913 chatty                  pid-22803                            I  uid=10213(com.inforcegames.app3dmodelling) AudioTrack identical 3 lines
2022-12-26 10:43:28.607 22803-22913 AudioTrack              pid-22803                            V  obtainBuffer(192) returned 192 = 192 + 0 err 0
2022-12-26 10:43:28.612 22803-22913 AudioTrack              pid-22803                            V  obtainBuffer(192) returned 192 = 128 + 64 err 0
2022-12-26 10:43:28.612 22803-22913 AudioTrack              pid-22803                            V  obtainBuffer(64) returned 64 = 64 + 0 err 0
2022-12-26 10:43:28.615 22803-22913 AudioTrack              pid-22803                            V  obtainBuffer(192) returned 192 = 192 + 0 err 0
2022-12-26 10:43:28.648 22803-22913 chatty                  pid-22803                            I  uid=10213(com.inforcegames.app3dmodelling) AudioTrack identical 8 lines
2022-12-26 10:43:28.651 22803-22913 AudioTrack              pid-22803                            V  obtainBuffer(192) returned 192 = 192 + 0 err 0
2022-12-26 10:43:28.655 22803-22913 AudioTrack              pid-22803                            V  obtainBuffer(192) returned 192 = 64 + 128 err 0
2022-12-26 10:43:28.655 22803-22913 AudioTrack              pid-22803                            V  obtainBuffer(128) returned 128 = 128 + 0 err 0
2022-12-26 10:43:28.660 22803-22913 AudioTrack              pid-22803                            V  obtainBuffer(192) returned 192 = 192 + 0 err 0
2022-12-26 10:43:28.679 22803-22913 chatty                  pid-22803                            I  uid=10213(com.inforcegames.app3dmodelling) AudioTrack identical 5 lines
2022-12-26 10:43:28.683 22803-22913 AudioTrack              pid-22803                            V  obtainBuffer(192) returned 192 = 192 + 0 err 0
2022-12-26 10:43:28.684 24985-24985 GoogleInpu...hodService pid-24985                            I  GoogleInputMethodService.setKeyboardViewShown():3483 setKeyboardViewShown() : type = HEADER, shownType = SHOW_MANDATORY_WITH_ANIMATION
2022-12-26 10:43:28.684 24985-24985 GoogleInpu...hodService pid-24985                            I  GoogleInputMethodService.setKeyboardViewShown():3530 setKeyboardViewShown() : shouldShow = true
2022-12-26 10:43:28.687 22803-22913 AudioTrack              pid-22803                            V  obtainBuffer(192) returned 192 = 192 + 0 err 0
2022-12-26 10:43:28.732 22803-22913 chatty                  pid-22803                            I  uid=10213(com.inforcegames.app3dmodelling) AudioTrack identical 11 lines
2022-12-26 10:43:28.735 22803-22913 AudioTrack              pid-22803                            V  obtainBuffer(192) returned 192 = 192 + 0 err 0
2022-12-26 10:43:28.739 22803-22913 AudioTrack              pid-22803                            V  obtainBuffer(192) returned 192 = 128 + 64 err 0
2022-12-26 10:43:28.739 22803-22913 AudioTrack              pid-22803                            V  obtainBuffer(64) returned 64 = 64 + 0 err 0
2022-12-26 10:43:28.744 22803-22913 AudioTrack              pid-22803                            V  obtainBuffer(192) returned 192 = 192 + 0 err 0
2022-12-26 10:43:28.776 22803-22913 chatty                  pid-22803                            I  uid=10213(com.inforcegames.app3dmodelling) AudioTrack identical 8 lines
2022-12-26 10:43:28.779 22803-22913 AudioTrack              pid-22803                            V  obtainBuffer(192) returned 192 = 192 + 0 err 0
2022-12-26 10:43:28.784 22803-22913 AudioTrack              pid-22803                            V  obtainBuffer(192) returned 192 = 64 + 128 err 0
2022-12-26 10:43:28.784 22803-22913 AudioTrack              pid-22803                            V  obtainBuffer(128) returned 128 = 128 + 0 err 0
2022-12-26 10:43:28.787 22803-22913 AudioTrack              pid-22803                            V  obtainBuffer(192) returned 192 = 192 + 0 err 0
2022-12-26 10:43:28.859 22803-22913 chatty                  pid-22803                            I  uid=10213(com.inforcegames.app3dmodelling) AudioTrack identical 18 lines
2022-12-26 10:43:28.865 22803-22913 AudioTrack              pid-22803                            V  obtainBuffer(192) returned 192 = 192 + 0 err 0
2022-12-26 10:43:28.867 22803-22913 AudioTrack              pid-22803                            V  obtainBuffer(192) returned 192 = 128 + 64 err 0
2022-12-26 10:43:28.867 22803-22913 AudioTrack              pid-22803                            V  obtainBuffer(64) returned 64 = 64 + 0 err 0
2022-12-26 10:43:28.871 22803-22913 AudioTrack              pid-22803                            V  obtainBuffer(192) returned 192 = 192 + 0 err 0
2022-12-26 10:43:28.903 22803-22913 chatty                  pid-22803                            I  uid=10213(com.inforcegames.app3dmodelling) AudioTrack identical 8 lines
2022-12-26 10:43:28.908 22803-22913 AudioTrack              pid-22803                            V  obtainBuffer(192) returned 192 = 192 + 0 err 0
2022-12-26 10:43:28.911 22803-22913 AudioTrack              pid-22803                            V  obtainBuffer(192) returned 192 = 64 + 128 err 0
2022-12-26 10:43:28.912 22803-22913 AudioTrack              pid-22803                            V  obtainBuffer(128) returned 128 = 128 + 0 err 0
2022-12-26 10:43:28.917 22803-22913 AudioTrack              pid-22803                            V  obtainBuffer(192) returned 192 = 192 + 0 err 0
2022-12-26 10:43:28.987 22803-22913 chatty                  pid-22803                            I  uid=10213(com.inforcegames.app3dmodelling) AudioTrack identical 18 lines
2022-12-26 10:43:28.991 22803-22913 AudioTrack              pid-22803                            V  obtainBuffer(192) returned 192 = 192 + 0 err 0
2022-12-26 10:43:28.996 22803-22913 AudioTrack              pid-22803                            V  obtainBuffer(192) returned 192 = 128 + 64 err 0
2022-12-26 10:43:28.996 22803-22913 AudioTrack              pid-22803                            V  obtainBuffer(64) returned 64 = 64 + 0 err 0
2022-12-26 10:43:29.001 22803-22913 AudioTrack              pid-22803                            V  obtainBuffer(192) returned 192 = 192 + 0 err 0
2022-12-26 10:43:29.032 22803-22913 chatty                  pid-22803                            I  uid=10213(com.inforcegames.app3dmodelling) AudioTrack identical 8 lines
2022-12-26 10:43:29.036 22803-22913 AudioTrack              pid-22803                            V  obtainBuffer(192) returned 192 = 192 + 0 err 0
2022-12-26 10:43:29.040 22803-22913 AudioTrack              pid-22803                            V  obtainBuffer(192) returned 192 = 64 + 128 err 0
2022-12-26 10:43:29.040 22803-22913 AudioTrack              pid-22803                            V  obtainBuffer(128) returned 128 = 128 + 0 err 0
2022-12-26 10:43:29.044 22803-22913 AudioTrack              pid-22803                            V  obtainBuffer(192) returned 192 = 192 + 0 err 0
2022-12-26 10:43:29.084 22803-22913 chatty                  pid-22803                            I  uid=10213(com.inforcegames.app3dmodelling) AudioTrack identical 10 lines
2022-12-26 10:43:29.088 22803-22913 AudioTrack              pid-22803                            V  obtainBuffer(192) returned 192 = 192 + 0 err 0
2022-12-26 10:43:29.091   688-944   audio_hw_spkr_prot      pid-688                              D  audio_extn_fbsp_get_parameters: Speaker protection disabled
2022-12-26 10:43:29.091   688-944   audio_hw_extn           pid-688                              D  audio_extn_get_parameters: returns 
2022-12-26 10:43:29.092 22803-22913 AudioTrack              pid-22803                            V  obtainBuffer(192) returned 192 = 192 + 0 err 0
2022-12-26 10:43:29.092   743-11875 hash_map_utils          pid-743                              I  key: 'hifi_mode' value: ''
2022-12-26 10:43:29.094 22803-24497 AudioManager            pid-22803                            D  getStreamVolume isRestricted mode = 0
2022-12-26 10:43:29.095 22803-22913 AudioTrack              pid-22803                            V  obtainBuffer(192) returned 192 = 192 + 0 err 0
2022-12-26 10:43:29.097   688-944   audio_hw_spkr_prot      pid-688                              D  audio_extn_fbsp_get_parameters: Speaker protection disabled
2022-12-26 10:43:29.097   688-944   audio_hw_extn           pid-688                              D  audio_extn_get_parameters: returns 
2022-12-26 10:43:29.097   743-11875 hash_map_utils          pid-743                              I  key: 'hifi_mode' value: ''
2022-12-26 10:43:29.100 22803-22913 AudioTrack              pid-22803                            V  obtainBuffer(192) returned 192 = 192 + 0 err 0
2022-12-26 10:43:29.116 22803-22913 chatty                  pid-22803                            I  uid=10213(com.inforcegames.app3dmodelling) AudioTrack identical 4 lines
2022-12-26 10:43:29.119 22803-22913 AudioTrack              pid-22803                            V  obtainBuffer(192) returned 192 = 192 + 0 err 0
2022-12-26 10:43:29.124 22803-22913 AudioTrack              pid-22803                            V  obtainBuffer(192) returned 192 = 128 + 64 err 0
2022-12-26 10:43:29.124 22803-22913 AudioTrack              pid-22803                            V  obtainBuffer(64) returned 64 = 64 + 0 err 0
2022-12-26 10:43:29.127 22803-22913 AudioTrack              pid-22803                            V  obtainBuffer(192) returned 192 = 192 + 0 err 0
2022-12-26 10:43:29.155 22803-22913 chatty                  pid-22803                            I  uid=10213(com.inforcegames.app3dmodelling) AudioTrack identical 7 lines
2022-12-26 10:43:29.160 22803-22913 AudioTrack              pid-22803                            V  obtainBuffer(192) returned 192 = 192 + 0 err 0
2022-12-26 10:43:29.161 13316-13316 SignalClusterView       pid-13316                            D  updateMobileTypeImage  0
2022-12-26 10:43:29.163 22803-22913 AudioTrack              pid-22803                            V  obtainBuffer(192) returned 192 = 192 + 0 err 0
2022-12-26 10:43:29.164 13316-13316 SignalClusterView       pid-13316                            D  updateMobileTypeImage  0
2022-12-26 10:43:29.165 13316-13316 SignalClusterView       pid-13316                            D  updateMobileTypeImage  0
2022-12-26 10:43:29.167 22803-22913 AudioTrack              pid-22803                            V  obtainBuffer(192) returned 192 = 64 + 128 err 0
2022-12-26 10:43:29.168 22803-22913 AudioTrack              pid-22803                            V  obtainBuffer(128) returned 128 = 128 + 0 err 0
2022-12-26 10:43:29.172 22803-22913 AudioTrack              pid-22803                            V  obtainBuffer(192) returned 192 = 192 + 0 err 0
2022-12-26 10:43:29.243 22803-22913 chatty                  pid-22803                            I  uid=10213(com.inforcegames.app3dmodelling) AudioTrack identical 18 lines
2022-12-26 10:43:29.248 22803-22913 AudioTrack              pid-22803                            V  obtainBuffer(192) returned 192 = 192 + 0 err 0
2022-12-26 10:43:29.253 22803-22913 AudioTrack              pid-22803                            V  obtainBuffer(192) returned 192 = 128 + 64 err 0
2022-12-26 10:43:29.253 22803-22913 AudioTrack              pid-22803                            V  obtainBuffer(64) returned 64 = 64 + 0 err 0
2022-12-26 10:43:29.255 22803-22913 AudioTrack              pid-22803                            V  obtainBuffer(192) returned 192 = 192 + 0 err 0
2022-12-26 10:43:29.288 22803-22913 chatty                  pid-22803                            I  uid=10213(com.inforcegames.app3dmodelling) AudioTrack identical 8 lines
2022-12-26 10:43:29.291 22803-22913 AudioTrack              pid-22803                            V  obtainBuffer(192) returned 192 = 192 + 0 err 0
2022-12-26 10:43:29.295 22803-22913 AudioTrack              pid-22803                            V  obtainBuffer(192) returned 192 = 64 + 128 err 0
2022-12-26 10:43:29.295 22803-22913 AudioTrack              pid-22803                            V  obtainBuffer(128) returned 128 = 128 + 0 err 0
2022-12-26 10:43:29.301 22803-22913 AudioTrack              pid-22803                            V  obtainBuffer(192) returned 192 = 192 + 0 err 0
2022-12-26 10:43:29.343 22803-22913 chatty                  pid-22803                            I  uid=10213(com.inforcegames.app3dmodelling) AudioTrack identical 11 lines
2022-12-26 10:43:29.347 22803-22913 AudioTrack              pid-22803                            V  obtainBuffer(192) returned 192 = 192 + 0 err 0
2022-12-26 10:43:29.352 13316-13371 MobileSignalController  pid-13316                            D  onSignalStrengthsChanged: SignalStrength: 99 0 -120 -160 -120 -160 -1 24 -100 -14 168 2147483647 0 2147483647 99 255 2147483647 gsm|lte use_rsrp_and_rssnr_for_lte_level  [-120, -115, -110, -105, -97] [-115, -105, -95, -85]
2022-12-26 10:43:29.352 13316-13371 NetworkCon...troller(1) pid-13316                            D  4G level = 4
2022-12-26 10:43:29.352 22803-22913 AudioTrack              pid-22803                            V  obtainBuffer(192) returned 192 = 192 + 0 err 0
2022-12-26 10:43:29.371 22803-22913 chatty                  pid-22803                            I  uid=10213(com.inforcegames.app3dmodelling) AudioTrack identical 5 lines
2022-12-26 10:43:29.375 22803-22913 AudioTrack              pid-22803                            V  obtainBuffer(192) returned 192 = 192 + 0 err 0
2022-12-26 10:43:29.379 22803-22913 AudioTrack              pid-22803                            V  obtainBuffer(192) returned 192 = 128 + 64 err 0
2022-12-26 10:43:29.379 22803-22913 AudioTrack              pid-22803                            V  obtainBuffer(64) returned 64 = 64 + 0 err 0
2022-12-26 10:43:29.384 22803-22913 AudioTrack              pid-22803                            V  obtainBuffer(192) returned 192 = 192 + 0 err 0
2022-12-26 10:43:29.417  2280-5858  WindowManager           pid-2280                             I  input method visible height changed 831
2022-12-26 10:43:29.416 22803-22913 chatty                  pid-22803                            I  uid=10213(com.inforcegames.app3dmodelling) AudioTrack identical 8 lines
2022-12-26 10:43:29.420 22803-22913 AudioTrack              pid-22803                            V  obtainBuffer(192) returned 192 = 192 + 0 err 0
2022-12-26 10:43:29.423 22803-22913 AudioTrack              pid-22803                            V  obtainBuffer(192) returned 192 = 64 + 128 err 0
2022-12-26 10:43:29.423 22803-22913 AudioTrack              pid-22803                            V  obtainBuffer(128) returned 128 = 128 + 0 err 0
2022-12-26 10:43:29.424 22803-22803 IInputConnectionWrapper pid-22803                            W  getTextBeforeCursor on inactive InputConnection
2022-12-26 10:43:29.425 22803-22803 IInputConnectionWrapper pid-22803                            W  getTextAfterCursor on inactive InputConnection
2022-12-26 10:43:29.426 22803-22803 IInputConnectionWrapper pid-22803                            W  getSelectedText on inactive InputConnection
2022-12-26 10:43:29.428 22803-22913 AudioTrack              pid-22803                            V  obtainBuffer(192) returned 192 = 192 + 0 err 0
2022-12-26 10:43:29.431 22803-22913 chatty                  pid-22803                            I  uid=10213(com.inforcegames.app3dmodelling) AudioTrack identical 1 line
2022-12-26 10:43:29.435 22803-22913 AudioTrack              pid-22803                            V  obtainBuffer(192) returned 192 = 192 + 0 err 0
2022-12-26 10:43:29.438 24985-24985 GoogleInpu...hodService pid-24985                            I  GoogleInputMethodService.onFinishInputView():2241 
2022-12-26 10:43:29.439 22803-22913 AudioTrack              pid-22803                            V  obtainBuffer(192) returned 192 = 192 + 0 err 0
2022-12-26 10:43:29.447 22803-22913 chatty                  pid-22803                            I  uid=10213(com.inforcegames.app3dmodelling) AudioTrack identical 2 lines
2022-12-26 10:43:29.451 22803-22913 AudioTrack              pid-22803                            V  obtainBuffer(192) returned 192 = 192 + 0 err 0
2022-12-26 10:43:29.453 24985-24985 KeyboardWrapper         pid-24985                            I  KeyboardWrapper.consumeEvent():275 Skip consuming an event as current keyboard is deactivated (state=0, keyboard existence=true)
2022-12-26 10:43:29.453 24985-24985 VoiceInput...gerWrapper pid-24985                            I  VoiceInputManagerWrapper.shutdown():77 shutdown()
2022-12-26 10:43:29.454 24985-24985 AndroidIME              pid-24985                            I  AbstractIme.onDeactivate():207 LatinIme.onDeactivate()
2022-12-26 10:43:29.455 22803-22913 AudioTrack              pid-22803                            V  obtainBuffer(192) returned 192 = 192 + 0 err 0
2022-12-26 10:43:29.459 22803-22913 AudioTrack              pid-22803                            V  obtainBuffer(192) returned 192 = 192 + 0 err 0
2022-12-26 10:43:29.462 24985-25019 native                  pid-24985                            E  E0000 00:00:1672047809.462252   25019 input_actions_processor_jni.cc:125] Fail to process input actions request:No processor registered
2022-12-26 10:43:29.463 22803-22913 AudioTrack              pid-22803                            V  obtainBuffer(192) returned 192 = 192 + 0 err 0
2022-12-26 10:43:29.467 22803-22913 AudioTrack              pid-22803                            V  obtainBuffer(192) returned 192 = 192 + 0 err 0
2022-12-26 10:43:29.468 24985-24985 GoogleInpu...hodService pid-24985                            I  GoogleInputMethodService.onFinishInput():3227 
2022-12-26 10:43:29.469 24985-24985 GoogleInpu...hodService pid-24985                            I  GoogleInputMethodService.updateDeviceLockedStatus():2087 repeatCheckTimes = 0, unlocked = true
2022-12-26 10:43:29.471 22803-22913 AudioTrack              pid-22803                            V  obtainBuffer(192) returned 192 = 192 + 0 err 0
2022-12-26 10:43:29.472 24985-24985 GoogleInpu...hodService pid-24985                            I  GoogleInputMethodService.onStartInput():1877 onStartInput(EditorInfo{inputType=0x0(NULL) imeOptions=0x0 privateImeOptions=null actionName=UNSPECIFIED actionLabel=null actionId=0 initialSelStart=-1 initialSelEnd=-1 initialCapsMode=0x0 hintText=null label=null packageName=com.inforcegames.app3dmodelling fieldId=2131165376 fieldName=null extras=null}, false)
2022-12-26 10:43:29.472 24985-24985 GoogleInpu...hodService pid-24985                            I  GoogleInputMethodService.shouldHideHeaderOnInitialState():4008 ShouldHideHeaderOnInitialState = false
2022-12-26 10:43:29.473 24985-24985 GoogleInpu...hodService pid-24985                            I  GoogleInputMethodService.updateDeviceLockedStatus():2087 repeatCheckTimes = 2, unlocked = true
2022-12-26 10:43:29.475 22803-22913 AudioTrack              pid-22803                            V  obtainBuffer(192) returned 192 = 192 + 0 err 0
2022-12-26 10:43:29.487 29397-29397 linker                  pid-29397                            A  CANNOT LINK EXECUTABLE "/system/bin/dpmd": "/system/lib64/libdpmframework.so" is 32-bit instead of 64-bit
2022-12-26 10:43:29.491  2280-6825  WindowManager           pid-2280                             I  input method visible height changed 0
2022-12-26 10:43:29.487 22803-22913 chatty                  pid-22803                            I  uid=10213(com.inforcegames.app3dmodelling) AudioTrack identical 3 lines
2022-12-26 10:43:29.491 22803-22913 AudioTrack              pid-22803                            V  obtainBuffer(192) returned 192 = 192 + 0 err 0
2022-12-26 10:43:29.493 13316-13316 StatusBar               pid-13316                            D  disable<e i a s b h r c s > disable2<q i n g r >
2022-12-26 10:43:29.495 22803-22913 AudioTrack              pid-22803                            V  obtainBuffer(192) returned 192 = 192 + 0 err 0
2022-12-26 10:43:29.497 13316-13316 PhoneStatu...ionBarView pid-13316                            D  setDisabledFlags back:false home:false recent:false
2022-12-26 10:43:29.497 13316-13316 StatusBarClock          pid-13316                            D   isNormalMode= true clock visible=true
2022-12-26 10:43:29.499 22803-22913 AudioTrack              pid-22803                            V  obtainBuffer(192) returned 192 = 192 + 0 err 0
2022-12-26 10:43:29.503 22803-22913 AudioTrack              pid-22803                            V  obtainBuffer(192) returned 192 = 192 + 0 err 0
2022-12-26 10:43:29.507 22803-22913 AudioTrack              pid-22803                            V  obtainBuffer(192) returned 192 = 128 + 64 err 0
2022-12-26 10:43:29.507 22803-22913 AudioTrack              pid-22803                            V  obtainBuffer(64) returned 64 = 64 + 0 err 0
2022-12-26 10:43:29.511 22803-22913 AudioTrack              pid-22803                            V  obtainBuffer(192) returned 192 = 192 + 0 err 0
2022-12-26 10:43:29.512 13316-13316 PhoneStatu...ionBarView pid-13316                            D  onDraw
2022-12-26 10:43:29.515 22803-22913 AudioTrack              pid-22803                            V  obtainBuffer(192) returned 192 = 192 + 0 err 0
2022-12-26 10:43:29.519 22803-22913 AudioTrack              pid-22803                            V  obtainBuffer(192) returned 192 = 192 + 0 err 0
2022-12-26 10:43:29.520   688-944   audio_hw_spkr_prot      pid-688                              D  audio_extn_fbsp_get_parameters: Speaker protection disabled
2022-12-26 10:43:29.520   688-944   audio_hw_extn           pid-688                              D  audio_extn_get_parameters: returns 
2022-12-26 10:43:29.521   743-11875 hash_map_utils          pid-743                              I  key: 'hifi_mode' value: ''
2022-12-26 10:43:29.522 22803-29357 AudioManager            pid-22803                            D  getStreamVolume isRestricted mode = 0
2022-12-26 10:43:29.524 22803-22913 AudioTrack              pid-22803                            V  obtainBuffer(192) returned 192 = 192 + 0 err 0
2022-12-26 10:43:29.525   688-944   audio_hw_spkr_prot      pid-688                              D  audio_extn_fbsp_get_parameters: Speaker protection disabled
2022-12-26 10:43:29.525   688-944   audio_hw_extn           pid-688                              D  audio_extn_get_parameters: returns 
2022-12-26 10:43:29.525   743-11875 hash_map_utils          pid-743                              I  key: 'hifi_mode' value: ''
2022-12-26 10:43:29.527 22803-22913 AudioTrack              pid-22803                            V  obtainBuffer(192) returned 192 = 192 + 0 err 0
2022-12-26 10:43:29.539 22803-22913 chatty                  pid-22803                            I  uid=10213(com.inforcegames.app3dmodelling) AudioTrack identical 3 lines
2022-12-26 10:43:29.543 22803-22913 AudioTrack              pid-22803                            V  obtainBuffer(192) returned 192 = 192 + 0 err 0
2022-12-26 10:43:29.546   688-944   audio_hw_spkr_prot      pid-688                              D  audio_extn_fbsp_get_parameters: Speaker protection disabled
2022-12-26 10:43:29.546   688-944   audio_hw_extn           pid-688                              D  audio_extn_get_parameters: returns 
2022-12-26 10:43:29.546   743-11875 hash_map_utils          pid-743                              I  key: 'hifi_mode' value: ''
2022-12-26 10:43:29.547 22803-22913 AudioTrack              pid-22803                            V  obtainBuffer(192) returned 192 = 192 + 0 err 0
2022-12-26 10:43:29.548 22803-29356 AudioManager            pid-22803                            D  getStreamVolume isRestricted mode = 0
2022-12-26 10:43:29.549   688-944   audio_hw_spkr_prot      pid-688                              D  audio_extn_fbsp_get_parameters: Speaker protection disabled
2022-12-26 10:43:29.549   688-944   audio_hw_extn           pid-688                              D  audio_extn_get_parameters: returns 
2022-12-26 10:43:29.550   743-18565 hash_map_utils          pid-743                              I  key: 'hifi_mode' value: ''
2022-12-26 10:43:29.551 22803-22913 AudioTrack              pid-22803                            V  obtainBuffer(192) returned 192 = 64 + 128 err 0
2022-12-26 10:43:29.551 22803-22913 AudioTrack              pid-22803                            V  obtainBuffer(128) returned 128 = 128 + 0 err 0
2022-12-26 10:43:29.555 22803-22913 AudioTrack              pid-22803                            V  obtainBuffer(192) returned 192 = 192 + 0 err 0
2022-12-26 10:43:29.559 22803-22913 chatty                  pid-22803                            I  uid=10213(com.inforcegames.app3dmodelling) AudioTrack identical 1 line
2022-12-26 10:43:29.563 22803-22913 AudioTrack              pid-22803                            V  obtainBuffer(192) returned 192 = 192 + 0 err 0
2022-12-26 10:43:29.567   745-983   SurfaceFlinger          pid-745                              W  Attempting to set client state on removed layer: com.inforcegames.app3dmodelling/com.unity3d.player.UnityPlayerActivity#1
2022-12-26 10:43:29.567   745-983   SurfaceFlinger          pid-745                              W  Attempting to destroy on removed layer: com.inforcegames.app3dmodelling/com.unity3d.player.UnityPlayerActivity#1
2022-12-26 10:43:29.567 22803-22913 AudioTrack              pid-22803                            V  obtainBuffer(192) returned 192 = 192 + 0 err 0
2022-12-26 10:43:29.571 22803-22913 AudioTrack              pid-22803                            V  obtainBuffer(192) returned 192 = 192 + 0 err 0
2022-12-26 10:43:29.573  1302-1463  ThermalEngine           pid-1302                             D  sensor_wait: quiet_therm Wait done.
2022-12-26 10:43:29.574  1302-1463  ThermalEngine           pid-1302                             D  sensor_monitor: quiet_therm Reading 35000 .
2022-12-26 10:43:29.574  1302-1463  ThermalEngine           pid-1302                             I  Sensor:quiet_therm:35000 mC
2022-12-26 10:43:29.574  1302-1463  ThermalEngine           pid-1302                             D  update_active_thresh: quiet_therm Active(1), Hi(1) 40000, Lo(0) -2147483648, desc(0) Interval(1) 1000
2022-12-26 10:43:29.574  1302-1463  ThermalEngine           pid-1302                             D  sensor_monitor: quiet_therm Sensor wait.
2022-12-26 10:43:29.574  1302-1463  ThermalEngine           pid-1302                             D  sensor_wait: quiet_therm Wait start. 1000ms
2022-12-26 10:43:29.575 22803-22913 AudioTrack              pid-22803                            V  obtainBuffer(192) returned 192 = 192 + 0 err 0
2022-12-26 10:43:29.583 22803-22913 chatty                  pid-22803                            I  uid=10213(com.inforcegames.app3dmodelling) AudioTrack identical 2 lines
2022-12-26 10:43:29.587 22803-22913 AudioTrack              pid-22803                            V  obtainBuffer(192) returned 192 = 192 + 0 err 0
2022-12-26 10:43:29.589  1302-1462  ThermalEngine           pid-1302                             D  sensor_wait: msm_therm Wait done.
2022-12-26 10:43:29.590  1302-1462  ThermalEngine           pid-1302                             D  sensor_monitor: msm_therm Reading 36000 .
2022-12-26 10:43:29.590  1302-1462  ThermalEngine           pid-1302                             I  Sensor:msm_therm:36000 mC
2022-12-26 10:43:29.590  1302-1462  ThermalEngine           pid-1302                             D  update_active_thresh: msm_therm Active(1), Hi(1) 44000, Lo(0) -2147483648, desc(0) Interval(1) 1000
2022-12-26 10:43:29.590  1302-1462  ThermalEngine           pid-1302                             D  sensor_monitor: msm_therm Sensor wait.
2022-12-26 10:43:29.590  1302-1462  ThermalEngine           pid-1302                             D  sensor_wait: msm_therm Wait start. 1000ms
2022-12-26 10:43:29.592 22803-22913 AudioTrack              pid-22803                            V  obtainBuffer(192) returned 192 = 192 + 0 err 0
2022-12-26 10:43:29.627 22803-22913 chatty                  pid-22803                            I  uid=10213(com.inforcegames.app3dmodelling) AudioTrack identical 9 lines
2022-12-26 10:43:29.631 22803-22913 AudioTrack              pid-22803                            V  obtainBuffer(192) returned 192 = 192 + 0 err 0
2022-12-26 10:43:29.635 22803-22913 AudioTrack              pid-22803                            V  obtainBuffer(192) returned 192 = 128 + 64 err 0
2022-12-26 10:43:29.635 22803-22913 AudioTrack              pid-22803                            V  obtainBuffer(64) returned 64 = 64 + 0 err 0
2022-12-26 10:43:29.640 22803-22913 AudioTrack              pid-22803                            V  obtainBuffer(192) returned 192 = 192 + 0 err 0
2022-12-26 10:43:29.671 22803-22913 chatty                  pid-22803                            I  uid=10213(com.inforcegames.app3dmodelling) AudioTrack identical 8 lines
2022-12-26 10:43:29.675 22803-22913 AudioTrack              pid-22803                            V  obtainBuffer(192) returned 192 = 192 + 0 err 0
2022-12-26 10:43:29.679 22803-22913 AudioTrack              pid-22803                            V  obtainBuffer(192) returned 192 = 64 + 128 err 0
2022-12-26 10:43:29.679 22803-22913 AudioTrack              pid-22803                            V  obtainBuffer(128) returned 128 = 128 + 0 err 0
2022-12-26 10:43:29.683 22803-22913 AudioTrack              pid-22803                            V  obtainBuffer(192) returned 192 = 192 + 0 err 0
2022-12-26 10:43:29.755 22803-22913 chatty                  pid-22803                            I  uid=10213(com.inforcegames.app3dmodelling) AudioTrack identical 18 lines
2022-12-26 10:43:29.760 22803-22913 AudioTrack              pid-22803                            V  obtainBuffer(192) returned 192 = 192 + 0 err 0
2022-12-26 10:43:29.763 22803-22913 AudioTrack              pid-22803                            V  obtainBuffer(192) returned 192 = 128 + 64 err 0
2022-12-26 10:43:29.763 22803-22913 AudioTrack              pid-22803                            V  obtainBuffer(64) returned 64 = 64 + 0 err 0
2022-12-26 10:43:29.767 22803-22913 AudioTrack              pid-22803                            V  obtainBuffer(192) returned 192 = 192 + 0 err 0
2022-12-26 10:43:29.799 22803-22913 chatty                  pid-22803                            I  uid=10213(com.inforcegames.app3dmodelling) AudioTrack identical 8 lines
2022-12-26 10:43:29.803 22803-22913 AudioTrack              pid-22803                            V  obtainBuffer(192) returned 192 = 192 + 0 err 0
2022-12-26 10:43:29.807 22803-22913 AudioTrack              pid-22803                            V  obtainBuffer(192) returned 192 = 64 + 128 err 0
2022-12-26 10:43:29.808 22803-22913 AudioTrack              pid-22803                            V  obtainBuffer(128) returned 128 = 128 + 0 err 0
2022-12-26 10:43:29.812 22803-22913 AudioTrack              pid-22803                            V  obtainBuffer(192) returned 192 = 192 + 0 err 0
2022-12-26 10:43:29.884 22803-22913 chatty                  pid-22803                            I  uid=10213(com.inforcegames.app3dmodelling) AudioTrack identical 18 lines
2022-12-26 10:43:29.887 22803-22913 AudioTrack              pid-22803                            V  obtainBuffer(192) returned 192 = 192 + 0 err 0
2022-12-26 10:43:29.893 22803-22913 AudioTrack              pid-22803                            V  obtainBuffer(192) returned 192 = 128 + 64 err 0
2022-12-26 10:43:29.893 22803-22913 AudioTrack              pid-22803                            V  obtainBuffer(64) returned 64 = 64 + 0 err 0
2022-12-26 10:43:29.895 22803-22913 AudioTrack              pid-22803                            V  obtainBuffer(192) returned 192 = 192 + 0 err 0
2022-12-26 10:43:29.927 22803-22913 chatty                  pid-22803                            I  uid=10213(com.inforcegames.app3dmodelling) AudioTrack identical 8 lines
2022-12-26 10:43:29.931 22803-22913 AudioTrack              pid-22803                            V  obtainBuffer(192) returned 192 = 192 + 0 err 0
2022-12-26 10:43:29.935 22803-22913 AudioTrack              pid-22803                            V  obtainBuffer(192) returned 192 = 64 + 128 err 0
2022-12-26 10:43:29.935 22803-22913 AudioTrack              pid-22803                            V  obtainBuffer(128) returned 128 = 128 + 0 err 0
2022-12-26 10:43:29.939 22803-22913 AudioTrack              pid-22803                            V  obtainBuffer(192) returned 192 = 192 + 0 err 0
2022-12-26 10:43:30.003 22803-22913 chatty                  pid-22803                            I  uid=10213(com.inforcegames.app3dmodelling) AudioTrack identical 16 lines
2022-12-26 10:43:30.007 22803-22913 AudioTrack              pid-22803                            V  obtainBuffer(192) returned 192 = 192 + 0 err 0
2022-12-26 10:43:30.008  1302-1457  ThermalEngine           pid-1302                             D  sensor_wait: backlight_therm Wait done.
2022-12-26 10:43:30.009  1302-1457  ThermalEngine           pid-1302                             D  sensor_monitor: backlight_therm Reading 32000 .
2022-12-26 10:43:30.009  1302-1457  ThermalEngine           pid-1302                             I  Sensor:backlight_therm:32000 mC
2022-12-26 10:43:30.009  1302-1457  ThermalEngine           pid-1302                             D  update_active_thresh: backlight_therm Active(1), Hi(1) 45000, Lo(0) -2147483648, desc(0) Interval(1) 2000
2022-12-26 10:43:30.009  1302-1457  ThermalEngine           pid-1302                             D  sensor_monitor: backlight_therm Sensor wait.
2022-12-26 10:43:30.009  1302-1457  ThermalEngine           pid-1302                             D  sensor_wait: backlight_therm Wait start. 2000ms
2022-12-26 10:43:30.011 22803-22913 AudioTrack              pid-22803                            V  obtainBuffer(192) returned 192 = 192 + 0 err 0
2022-12-26 10:43:30.016 22803-22913 AudioTrack              pid-22803                            V  obtainBuffer(192) returned 192 = 192 + 0 err 0
2022-12-26 10:43:30.019 22803-22913 AudioTrack              pid-22803                            V  obtainBuffer(192) returned 192 = 128 + 64 err 0
2022-12-26 10:43:30.019 22803-22913 AudioTrack              pid-22803                            V  obtainBuffer(64) returned 64 = 64 + 0 err 0
2022-12-26 10:43:30.023 22803-22913 AudioTrack              pid-22803                            V  obtainBuffer(192) returned 192 = 192 + 0 err 0
2022-12-26 10:43:30.055 22803-22913 chatty                  pid-22803                            I  uid=10213(com.inforcegames.app3dmodelling) AudioTrack identical 8 lines
2022-12-26 10:43:30.060 22803-22913 AudioTrack              pid-22803                            V  obtainBuffer(192) returned 192 = 192 + 0 err 0
2022-12-26 10:43:30.063 22803-22913 AudioTrack              pid-22803                            V  obtainBuffer(192) returned 192 = 64 + 128 err 0
2022-12-26 10:43:30.063 22803-22913 AudioTrack              pid-22803                            V  obtainBuffer(128) returned 128 = 128 + 0 err 0
2022-12-26 10:43:30.067 22803-22913 AudioTrack              pid-22803                            V  obtainBuffer(192) returned 192 = 192 + 0 err 0
2022-12-26 10:43:30.139 22803-22913 chatty                  pid-22803                            I  uid=10213(com.inforcegames.app3dmodelling) AudioTrack identical 18 lines
2022-12-26 10:43:30.144 22803-22913 AudioTrack              pid-22803                            V  obtainBuffer(192) returned 192 = 192 + 0 err 0
2022-12-26 10:43:30.148 22803-22913 AudioTrack              pid-22803                            V  obtainBuffer(192) returned 192 = 128 + 64 err 0
2022-12-26 10:43:30.148 22803-22913 AudioTrack              pid-22803                            V  obtainBuffer(64) returned 64 = 64 + 0 err 0
2022-12-26 10:43:30.152 22803-22913 AudioTrack              pid-22803                            V  obtainBuffer(192) returned 192 = 192 + 0 err 0
2022-12-26 10:43:30.156 22803-22913 chatty                  pid-22803                            I  uid=10213(com.inforcegames.app3dmodelling) AudioTrack identical 1 line
2022-12-26 10:43:30.160 22803-22913 AudioTrack              pid-22803                            V  obtainBuffer(192) returned 192 = 192 + 0 err 0
2022-12-26 10:43:30.161 13316-13316 SignalClusterView       pid-13316                            D  updateMobileTypeImage  0
2022-12-26 10:43:30.162 13316-13316 SignalClusterView       pid-13316                            D  updateMobileTypeImage  0
2022-12-26 10:43:30.163 22803-22913 AudioTrack              pid-22803                            V  obtainBuffer(192) returned 192 = 192 + 0 err 0
2022-12-26 10:43:30.163 13316-13316 SignalClusterView       pid-13316                            D  updateMobileTypeImage  0
2022-12-26 10:43:30.168 22803-22913 AudioTrack              pid-22803                            V  obtainBuffer(192) returned 192 = 192 + 0 err 0
2022-12-26 10:43:30.185 22803-22913 chatty                  pid-22803                            I  uid=10213(com.inforcegames.app3dmodelling) AudioTrack identical 4 lines
2022-12-26 10:43:30.188 22803-22913 AudioTrack              pid-22803                            V  obtainBuffer(192) returned 192 = 192 + 0 err 0
2022-12-26 10:43:30.191 22803-22913 AudioTrack              pid-22803                            V  obtainBuffer(192) returned 192 = 64 + 128 err 0
2022-12-26 10:43:30.191 22803-22913 AudioTrack              pid-22803                            V  obtainBuffer(128) returned 128 = 128 + 0 err 0
2022-12-26 10:43:30.196 22803-22913 AudioTrack              pid-22803                            V  obtainBuffer(192) returned 192 = 192 + 0 err 0
2022-12-26 10:43:30.269 22803-22913 chatty                  pid-22803                            I  uid=10213(com.inforcegames.app3dmodelling) AudioTrack identical 18 lines
2022-12-26 10:43:30.271 22803-22913 AudioTrack              pid-22803                            V  obtainBuffer(192) returned 192 = 192 + 0 err 0
2022-12-26 10:43:30.275 22803-22913 AudioTrack              pid-22803                            V  obtainBuffer(192) returned 192 = 128 + 64 err 0
2022-12-26 10:43:30.275 22803-22913 AudioTrack              pid-22803                            V  obtainBuffer(64) returned 64 = 64 + 0 err 0
2022-12-26 10:43:30.279 22803-22913 AudioTrack              pid-22803                            V  obtainBuffer(192) returned 192 = 192 + 0 err 0
2022-12-26 10:43:30.312 22803-22913 chatty                  pid-22803                            I  uid=10213(com.inforcegames.app3dmodelling) AudioTrack identical 8 lines
2022-12-26 10:43:30.316 22803-22913 AudioTrack              pid-22803                            V  obtainBuffer(192) returned 192 = 192 + 0 err 0
2022-12-26 10:43:30.321 22803-22913 AudioTrack              pid-22803                            V  obtainBuffer(192) returned 192 = 64 + 128 err 0
2022-12-26 10:43:30.321 22803-22913 AudioTrack              pid-22803                            V  obtainBuffer(128) returned 128 = 128 + 0 err 0
2022-12-26 10:43:30.324 22803-22913 AudioTrack              pid-22803                            V  obtainBuffer(192) returned 192 = 192 + 0 err 0
2022-12-26 10:43:30.396 22803-22913 chatty                  pid-22803                            I  uid=10213(com.inforcegames.app3dmodelling) AudioTrack identical 18 lines
2022-12-26 10:43:30.400 22803-22913 AudioTrack              pid-22803                            V  obtainBuffer(192) returned 192 = 192 + 0 err 0
2022-12-26 10:43:30.405 22803-22913 AudioTrack              pid-22803                            V  obtainBuffer(192) returned 192 = 128 + 64 err 0
2022-12-26 10:43:30.405 22803-22913 AudioTrack              pid-22803                            V  obtainBuffer(64) returned 64 = 64 + 0 err 0
2022-12-26 10:43:30.407 22803-22913 AudioTrack              pid-22803                            V  obtainBuffer(192) returned 192 = 192 + 0 err 0
2022-12-26 10:43:30.440 22803-22913 chatty                  pid-22803                            I  uid=10213(com.inforcegames.app3dmodelling) AudioTrack identical 8 lines
2022-12-26 10:43:30.443 22803-22913 AudioTrack              pid-22803                            V  obtainBuffer(192) returned 192 = 192 + 0 err 0
2022-12-26 10:43:30.447 22803-22913 AudioTrack              pid-22803                            V  obtainBuffer(192) returned 192 = 64 + 128 err 0
2022-12-26 10:43:30.447 22803-22913 AudioTrack              pid-22803                            V  obtainBuffer(128) returned 128 = 128 + 0 err 0
2022-12-26 10:43:30.452 22803-22913 AudioTrack              pid-22803                            V  obtainBuffer(192) returned 192 = 192 + 0 err 0
2022-12-26 10:43:30.524 22803-22913 chatty                  pid-22803                            I  uid=10213(com.inforcegames.app3dmodelling) AudioTrack identical 18 lines
2022-12-26 10:43:30.528 22803-22913 AudioTrack              pid-22803                            V  obtainBuffer(192) returned 192 = 192 + 0 err 0
2022-12-26 10:43:30.531 22803-22913 AudioTrack              pid-22803                            V  obtainBuffer(192) returned 192 = 128 + 64 err 0
2022-12-26 10:43:30.531 22803-22913 AudioTrack              pid-22803                            V  obtainBuffer(64) returned 64 = 64 + 0 err 0
2022-12-26 10:43:30.536 22803-22913 AudioTrack              pid-22803                            V  obtainBuffer(192) returned 192 = 192 + 0 err 0
2022-12-26 10:43:30.568 22803-22913 chatty                  pid-22803                            I  uid=10213(com.inforcegames.app3dmodelling) AudioTrack identical 8 lines
2022-12-26 10:43:30.573 22803-22913 AudioTrack              pid-22803                            V  obtainBuffer(192) returned 192 = 192 + 0 err 0
2022-12-26 10:43:30.574  1302-1463  ThermalEngine           pid-1302                             D  sensor_wait: quiet_therm Wait done.
2022-12-26 10:43:30.575 22803-22913 AudioTrack              pid-22803                            V  obtainBuffer(192) returned 192 = 64 + 128 err 0
2022-12-26 10:43:30.576 22803-22913 AudioTrack              pid-22803                            V  obtainBuffer(128) returned 128 = 128 + 0 err 0
2022-12-26 10:43:30.576  1302-1463  ThermalEngine           pid-1302                             D  sensor_monitor: quiet_therm Reading 35000 .
2022-12-26 10:43:30.576  1302-1463  ThermalEngine           pid-1302                             I  Sensor:quiet_therm:35000 mC
2022-12-26 10:43:30.576  1302-1463  ThermalEngine           pid-1302                             D  update_active_thresh: quiet_therm Active(1), Hi(1) 40000, Lo(0) -2147483648, desc(0) Interval(1) 1000
2022-12-26 10:43:30.576  1302-1463  ThermalEngine           pid-1302                             D  sensor_monitor: quiet_therm Sensor wait.
2022-12-26 10:43:30.576  1302-1463  ThermalEngine           pid-1302                             D  sensor_wait: quiet_therm Wait start. 1000ms
2022-12-26 10:43:30.579 22803-22913 AudioTrack              pid-22803                            V  obtainBuffer(192) returned 192 = 192 + 0 err 0
2022-12-26 10:43:30.584 22803-22913 chatty                  pid-22803                            I  uid=10213(com.inforcegames.app3dmodelling) AudioTrack identical 1 line
2022-12-26 10:43:30.589 22803-22913 AudioTrack              pid-22803                            V  obtainBuffer(192) returned 192 = 192 + 0 err 0
2022-12-26 10:43:30.590  1302-1462  ThermalEngine           pid-1302                             D  sensor_wait: msm_therm Wait done.
2022-12-26 10:43:30.592 22803-22913 AudioTrack              pid-22803                            V  obtainBuffer(192) returned 192 = 192 + 0 err 0
2022-12-26 10:43:30.592  1302-1462  ThermalEngine           pid-1302                             D  sensor_monitor: msm_therm Reading 37000 .
2022-12-26 10:43:30.592  1302-1462  ThermalEngine           pid-1302                             I  Sensor:msm_therm:37000 mC
2022-12-26 10:43:30.592  1302-1462  ThermalEngine           pid-1302                             D  update_active_thresh: msm_therm Active(1), Hi(1) 44000, Lo(0) -2147483648, desc(0) Interval(1) 1000
2022-12-26 10:43:30.592  1302-1462  ThermalEngine           pid-1302                             D  sensor_monitor: msm_therm Sensor wait.
2022-12-26 10:43:30.592  1302-1462  ThermalEngine           pid-1302                             D  sensor_wait: msm_therm Wait start. 1000ms
2022-12-26 10:43:30.596 22803-22913 AudioTrack              pid-22803                            V  obtainBuffer(192) returned 192 = 192 + 0 err 0
2022-12-26 10:43:30.652 22803-22913 chatty                  pid-22803                            I  uid=10213(com.inforcegames.app3dmodelling) AudioTrack identical 14 lines
2022-12-26 10:43:30.655 22803-22913 AudioTrack              pid-22803                            V  obtainBuffer(192) returned 192 = 192 + 0 err 0
2022-12-26 10:43:30.660 22803-22913 AudioTrack              pid-22803                            V  obtainBuffer(192) returned 192 = 128 + 64 err 0
2022-12-26 10:43:30.660 22803-22913 AudioTrack              pid-22803                            V  obtainBuffer(64) returned 64 = 64 + 0 err 0
2022-12-26 10:43:30.664 22803-22913 AudioTrack              pid-22803                            V  obtainBuffer(192) returned 192 = 192 + 0 err 0
2022-12-26 10:43:30.696 22803-22913 chatty                  pid-22803                            I  uid=10213(com.inforcegames.app3dmodelling) AudioTrack identical 8 lines
2022-12-26 10:43:30.700 22803-22913 AudioTrack              pid-22803                            V  obtainBuffer(192) returned 192 = 192 + 0 err 0
