2022-12-25 17:19:11.250 22931-23058 AudioTrack              pid-22931                            V  obtainBuffer(192) returned 192 = 192 + 0 err 0
2022-12-25 17:19:11.322 22931-23058 chatty                  pid-22931                            I  uid=10213(com.inforcegames.app3dmodelling) AudioTrack identical 18 lines
2022-12-25 17:19:11.327 22931-23058 AudioTrack              pid-22931                            V  obtainBuffer(192) returned 192 = 192 + 0 err 0
2022-12-25 17:19:11.331 22931-23058 AudioTrack              pid-22931                            V  obtainBuffer(192) returned 192 = 128 + 64 err 0
2022-12-25 17:19:11.331 22931-23058 AudioTrack              pid-22931                            V  obtainBuffer(64) returned 64 = 64 + 0 err 0
2022-12-25 17:19:11.334 22931-23058 AudioTrack              pid-22931                            V  obtainBuffer(192) returned 192 = 192 + 0 err 0
2022-12-25 17:19:11.367 22931-23058 chatty                  pid-22931                            I  uid=10213(com.inforcegames.app3dmodelling) AudioTrack identical 8 lines
2022-12-25 17:19:11.370 22931-23058 AudioTrack              pid-22931                            V  obtainBuffer(192) returned 192 = 192 + 0 err 0
2022-12-25 17:19:11.374 22931-23058 AudioTrack              pid-22931                            V  obtainBuffer(192) returned 192 = 64 + 128 err 0
2022-12-25 17:19:11.374 22931-23058 AudioTrack              pid-22931                            V  obtainBuffer(128) returned 128 = 128 + 0 err 0
2022-12-25 17:19:11.379 22931-23058 AudioTrack              pid-22931                            V  obtainBuffer(192) returned 192 = 192 + 0 err 0
2022-12-25 17:19:11.450 22931-23058 chatty                  pid-22931                            I  uid=10213(com.inforcegames.app3dmodelling) AudioTrack identical 18 lines
2022-12-25 17:19:11.454 22931-23058 AudioTrack              pid-22931                            V  obtainBuffer(192) returned 192 = 192 + 0 err 0
2022-12-25 17:19:11.459 22931-23058 AudioTrack              pid-22931                            V  obtainBuffer(192) returned 192 = 128 + 64 err 0
2022-12-25 17:19:11.459 22931-23058 AudioTrack              pid-22931                            V  obtainBuffer(64) returned 64 = 64 + 0 err 0
2022-12-25 17:19:11.462 22931-23058 AudioTrack              pid-22931                            V  obtainBuffer(192) returned 192 = 192 + 0 err 0
2022-12-25 17:19:11.495 22931-23058 chatty                  pid-22931                            I  uid=10213(com.inforcegames.app3dmodelling) AudioTrack identical 8 lines
2022-12-25 17:19:11.499 22931-23058 AudioTrack              pid-22931                            V  obtainBuffer(192) returned 192 = 192 + 0 err 0
2022-12-25 17:19:11.502 22931-23058 AudioTrack              pid-22931                            V  obtainBuffer(192) returned 192 = 64 + 128 err 0
2022-12-25 17:19:11.502 22931-23058 AudioTrack              pid-22931                            V  obtainBuffer(128) returned 128 = 128 + 0 err 0
2022-12-25 17:19:11.503  2480-2480  SignalClusterView       pid-2480                             D  updateMobileTypeImage  0
2022-12-25 17:19:11.504  2480-2480  chatty                  pid-2480                             I  uid=1000(system) com.android.systemui identical 1 line
2022-12-25 17:19:11.504  2480-2480  SignalClusterView       pid-2480                             D  updateMobileTypeImage  0
2022-12-25 17:19:11.506 22931-23058 AudioTrack              pid-22931                            V  obtainBuffer(192) returned 192 = 192 + 0 err 0
2022-12-25 17:19:11.578 22931-23058 chatty                  pid-22931                            I  uid=10213(com.inforcegames.app3dmodelling) AudioTrack identical 18 lines
2022-12-25 17:19:11.582 22931-23058 AudioTrack              pid-22931                            V  obtainBuffer(192) returned 192 = 192 + 0 err 0
2022-12-25 17:19:11.586 22931-23058 AudioTrack              pid-22931                            V  obtainBuffer(192) returned 192 = 128 + 64 err 0
2022-12-25 17:19:11.586 22931-23058 AudioTrack              pid-22931                            V  obtainBuffer(64) returned 64 = 64 + 0 err 0
2022-12-25 17:19:11.591 22931-23058 AudioTrack              pid-22931                            V  obtainBuffer(192) returned 192 = 192 + 0 err 0
2022-12-25 17:19:11.622 22931-23058 chatty                  pid-22931                            I  uid=10213(com.inforcegames.app3dmodelling) AudioTrack identical 8 lines
2022-12-25 17:19:11.627 22931-23058 AudioTrack              pid-22931                            V  obtainBuffer(192) returned 192 = 192 + 0 err 0
2022-12-25 17:19:11.630 22931-23058 AudioTrack              pid-22931                            V  obtainBuffer(192) returned 192 = 64 + 128 err 0
2022-12-25 17:19:11.631 22931-23058 AudioTrack              pid-22931                            V  obtainBuffer(128) returned 128 = 128 + 0 err 0
2022-12-25 17:19:11.635 22931-23058 AudioTrack              pid-22931                            V  obtainBuffer(192) returned 192 = 192 + 0 err 0
2022-12-25 17:19:11.706 22931-23058 chatty                  pid-22931                            I  uid=10213(com.inforcegames.app3dmodelling) AudioTrack identical 18 lines
2022-12-25 17:19:11.711 22931-23058 AudioTrack              pid-22931                            V  obtainBuffer(192) returned 192 = 192 + 0 err 0
2022-12-25 17:19:11.715 22931-23058 AudioTrack              pid-22931                            V  obtainBuffer(192) returned 192 = 128 + 64 err 0
2022-12-25 17:19:11.715 22931-23058 AudioTrack              pid-22931                            V  obtainBuffer(64) returned 64 = 64 + 0 err 0
2022-12-25 17:19:11.720 22931-23058 AudioTrack              pid-22931                            V  obtainBuffer(192) returned 192 = 192 + 0 err 0
2022-12-25 17:19:11.751 22931-23058 chatty                  pid-22931                            I  uid=10213(com.inforcegames.app3dmodelling) AudioTrack identical 8 lines
2022-12-25 17:19:11.754 22931-23058 AudioTrack              pid-22931                            V  obtainBuffer(192) returned 192 = 192 + 0 err 0
2022-12-25 17:19:11.759 22931-23058 AudioTrack              pid-22931                            V  obtainBuffer(192) returned 192 = 64 + 128 err 0
2022-12-25 17:19:11.759 22931-23058 AudioTrack              pid-22931                            V  obtainBuffer(128) returned 128 = 128 + 0 err 0
2022-12-25 17:19:11.762 22931-23058 AudioTrack              pid-22931                            V  obtainBuffer(192) returned 192 = 192 + 0 err 0
2022-12-25 17:19:11.770 22931-23058 chatty                  pid-22931                            I  uid=10213(com.inforcegames.app3dmodelling) AudioTrack identical 2 lines
2022-12-25 17:19:11.775 22931-23058 AudioTrack              pid-22931                            V  obtainBuffer(192) returned 192 = 192 + 0 err 0
2022-12-25 17:19:11.775  1302-1463  ThermalEngine           pid-1302                             D  sensor_wait: quiet_therm Wait done.
2022-12-25 17:19:11.776  1302-1463  ThermalEngine           pid-1302                             D  sensor_monitor: quiet_therm Reading 34000 .
2022-12-25 17:19:11.776  1302-1463  ThermalEngine           pid-1302                             I  Sensor:quiet_therm:34000 mC
2022-12-25 17:19:11.777  1302-1463  ThermalEngine           pid-1302                             D  update_active_thresh: quiet_therm Active(1), Hi(1) 40000, Lo(0) -2147483648, desc(0) Interval(1) 1000
2022-12-25 17:19:11.779  1302-1463  ThermalEngine           pid-1302                             D  sensor_monitor: quiet_therm Sensor wait.
2022-12-25 17:19:11.779  1302-1463  ThermalEngine           pid-1302                             D  sensor_wait: quiet_therm Wait start. 1000ms
2022-12-25 17:19:11.779 22931-23058 AudioTrack              pid-22931                            V  obtainBuffer(192) returned 192 = 192 + 0 err 0
2022-12-25 17:19:11.787 22931-23058 chatty                  pid-22931                            I  uid=10213(com.inforcegames.app3dmodelling) AudioTrack identical 2 lines
2022-12-25 17:19:11.790 22931-23058 AudioTrack              pid-22931                            V  obtainBuffer(192) returned 192 = 192 + 0 err 0
2022-12-25 17:19:11.791  1302-1462  ThermalEngine           pid-1302                             D  sensor_wait: msm_therm Wait done.
2022-12-25 17:19:11.792  1302-1462  ThermalEngine           pid-1302                             D  sensor_monitor: msm_therm Reading 36000 .
2022-12-25 17:19:11.793  1302-1462  ThermalEngine           pid-1302                             I  Sensor:msm_therm:36000 mC
2022-12-25 17:19:11.793  1302-1462  ThermalEngine           pid-1302                             D  update_active_thresh: msm_therm Active(1), Hi(1) 44000, Lo(0) -2147483648, desc(0) Interval(1) 1000
2022-12-25 17:19:11.793  1302-1462  ThermalEngine           pid-1302                             D  sensor_monitor: msm_therm Sensor wait.
2022-12-25 17:19:11.793  1302-1462  ThermalEngine           pid-1302                             D  sensor_wait: msm_therm Wait start. 1000ms
2022-12-25 17:19:11.795 22931-23058 AudioTrack              pid-22931                            V  obtainBuffer(192) returned 192 = 192 + 0 err 0
2022-12-25 17:19:11.835 22931-23058 chatty                  pid-22931                            I  uid=10213(com.inforcegames.app3dmodelling) AudioTrack identical 10 lines
2022-12-25 17:19:11.838 22931-23058 AudioTrack              pid-22931                            V  obtainBuffer(192) returned 192 = 192 + 0 err 0
2022-12-25 17:19:11.843 22931-23058 AudioTrack              pid-22931                            V  obtainBuffer(192) returned 192 = 128 + 64 err 0
2022-12-25 17:19:11.843 22931-23058 AudioTrack              pid-22931                            V  obtainBuffer(64) returned 64 = 64 + 0 err 0
2022-12-25 17:19:11.847 22931-23058 AudioTrack              pid-22931                            V  obtainBuffer(192) returned 192 = 192 + 0 err 0
2022-12-25 17:19:11.879 22931-23058 chatty                  pid-22931                            I  uid=10213(com.inforcegames.app3dmodelling) AudioTrack identical 8 lines
2022-12-25 17:19:11.882 22931-23058 AudioTrack              pid-22931                            V  obtainBuffer(192) returned 192 = 192 + 0 err 0
2022-12-25 17:19:11.887 22931-23058 AudioTrack              pid-22931                            V  obtainBuffer(192) returned 192 = 64 + 128 err 0
2022-12-25 17:19:11.887 22931-23058 AudioTrack              pid-22931                            V  obtainBuffer(128) returned 128 = 128 + 0 err 0
2022-12-25 17:19:11.890 22931-23058 AudioTrack              pid-22931                            V  obtainBuffer(192) returned 192 = 192 + 0 err 0
2022-12-25 17:19:11.963 22931-23058 chatty                  pid-22931                            I  uid=10213(com.inforcegames.app3dmodelling) AudioTrack identical 18 lines
2022-12-25 17:19:11.966 22931-23058 AudioTrack              pid-22931                            V  obtainBuffer(192) returned 192 = 192 + 0 err 0
2022-12-25 17:19:11.971 22931-23058 AudioTrack              pid-22931                            V  obtainBuffer(192) returned 192 = 128 + 64 err 0
2022-12-25 17:19:11.971 22931-23058 AudioTrack              pid-22931                            V  obtainBuffer(64) returned 64 = 64 + 0 err 0
2022-12-25 17:19:11.974 22931-23058 AudioTrack              pid-22931                            V  obtainBuffer(192) returned 192 = 192 + 0 err 0
2022-12-25 17:19:12.006 22931-23058 chatty                  pid-22931                            I  uid=10213(com.inforcegames.app3dmodelling) AudioTrack identical 8 lines
2022-12-25 17:19:12.011 22931-23058 AudioTrack              pid-22931                            V  obtainBuffer(192) returned 192 = 192 + 0 err 0
2022-12-25 17:19:12.015 22931-23058 AudioTrack              pid-22931                            V  obtainBuffer(192) returned 192 = 64 + 128 err 0
2022-12-25 17:19:12.015 22931-23058 AudioTrack              pid-22931                            V  obtainBuffer(128) returned 128 = 128 + 0 err 0
2022-12-25 17:19:12.019 22931-23058 AudioTrack              pid-22931                            V  obtainBuffer(192) returned 192 = 192 + 0 err 0
2022-12-25 17:19:12.091 22931-23058 chatty                  pid-22931                            I  uid=10213(com.inforcegames.app3dmodelling) AudioTrack identical 18 lines
2022-12-25 17:19:12.095 22931-23058 AudioTrack              pid-22931                            V  obtainBuffer(192) returned 192 = 192 + 0 err 0
2022-12-25 17:19:12.098 22931-23058 AudioTrack              pid-22931                            V  obtainBuffer(192) returned 192 = 128 + 64 err 0
2022-12-25 17:19:12.099 22931-23058 AudioTrack              pid-22931                            V  obtainBuffer(64) returned 64 = 64 + 0 err 0
2022-12-25 17:19:12.102  1302-1457  ThermalEngine           pid-1302                             D  sensor_wait: backlight_therm Wait done.
2022-12-25 17:19:12.103  1302-1457  ThermalEngine           pid-1302                             D  sensor_monitor: backlight_therm Reading 34000 .
2022-12-25 17:19:12.103  1302-1457  ThermalEngine           pid-1302                             I  Sensor:backlight_therm:34000 mC
2022-12-25 17:19:12.103  1302-1457  ThermalEngine           pid-1302                             D  update_active_thresh: backlight_therm Active(1), Hi(1) 45000, Lo(0) -2147483648, desc(0) Interval(1) 2000
2022-12-25 17:19:12.103  1302-1457  ThermalEngine           pid-1302                             D  sensor_monitor: backlight_therm Sensor wait.
2022-12-25 17:19:12.103  1302-1457  ThermalEngine           pid-1302                             D  sensor_wait: backlight_therm Wait start. 2000ms
2022-12-25 17:19:12.103 22931-23058 AudioTrack              pid-22931                            V  obtainBuffer(192) returned 192 = 192 + 0 err 0
2022-12-25 17:19:12.134 22931-23058 chatty                  pid-22931                            I  uid=10213(com.inforcegames.app3dmodelling) AudioTrack identical 8 lines
2022-12-25 17:19:12.138 22931-23058 AudioTrack              pid-22931                            V  obtainBuffer(192) returned 192 = 192 + 0 err 0
2022-12-25 17:19:12.142 22931-23058 AudioTrack              pid-22931                            V  obtainBuffer(192) returned 192 = 64 + 128 err 0
2022-12-25 17:19:12.142 22931-23058 AudioTrack              pid-22931                            V  obtainBuffer(128) returned 128 = 128 + 0 err 0
2022-12-25 17:19:12.147 22931-23058 AudioTrack              pid-22931                            V  obtainBuffer(192) returned 192 = 192 + 0 err 0
2022-12-25 17:19:12.219 22931-23058 chatty                  pid-22931                            I  uid=10213(com.inforcegames.app3dmodelling) AudioTrack identical 18 lines
2022-12-25 17:19:12.223 22931-23058 AudioTrack              pid-22931                            V  obtainBuffer(192) returned 192 = 192 + 0 err 0
2022-12-25 17:19:12.227 22931-23058 AudioTrack              pid-22931                            V  obtainBuffer(192) returned 192 = 128 + 64 err 0
2022-12-25 17:19:12.227 22931-23058 AudioTrack              pid-22931                            V  obtainBuffer(64) returned 64 = 64 + 0 err 0
2022-12-25 17:19:12.231 22931-23058 AudioTrack              pid-22931                            V  obtainBuffer(192) returned 192 = 192 + 0 err 0
2022-12-25 17:19:12.262 22931-23058 chatty                  pid-22931                            I  uid=10213(com.inforcegames.app3dmodelling) AudioTrack identical 8 lines
2022-12-25 17:19:12.267 22931-23058 AudioTrack              pid-22931                            V  obtainBuffer(192) returned 192 = 192 + 0 err 0
2022-12-25 17:19:12.271 22931-23058 AudioTrack              pid-22931                            V  obtainBuffer(192) returned 192 = 64 + 128 err 0
2022-12-25 17:19:12.271 22931-23058 AudioTrack              pid-22931                            V  obtainBuffer(128) returned 128 = 128 + 0 err 0
2022-12-25 17:19:12.274 22931-23058 AudioTrack              pid-22931                            V  obtainBuffer(192) returned 192 = 192 + 0 err 0
2022-12-25 17:19:12.346 22931-23058 chatty                  pid-22931                            I  uid=10213(com.inforcegames.app3dmodelling) AudioTrack identical 18 lines
2022-12-25 17:19:12.350 22931-23058 AudioTrack              pid-22931                            V  obtainBuffer(192) returned 192 = 192 + 0 err 0
2022-12-25 17:19:12.356 22931-23058 AudioTrack              pid-22931                            V  obtainBuffer(192) returned 192 = 128 + 64 err 0
2022-12-25 17:19:12.356 22931-23058 AudioTrack              pid-22931                            V  obtainBuffer(64) returned 64 = 64 + 0 err 0
2022-12-25 17:19:12.358 22931-23058 AudioTrack              pid-22931                            V  obtainBuffer(192) returned 192 = 192 + 0 err 0
2022-12-25 17:19:12.390 22931-23058 chatty                  pid-22931                            I  uid=10213(com.inforcegames.app3dmodelling) AudioTrack identical 8 lines
2022-12-25 17:19:12.394 22931-23058 AudioTrack              pid-22931                            V  obtainBuffer(192) returned 192 = 192 + 0 err 0
2022-12-25 17:19:12.398 22931-23058 AudioTrack              pid-22931                            V  obtainBuffer(192) returned 192 = 64 + 128 err 0
2022-12-25 17:19:12.398 22931-23058 AudioTrack              pid-22931                            V  obtainBuffer(128) returned 128 = 128 + 0 err 0
2022-12-25 17:19:12.398   688-688   audio_hw_spkr_prot      pid-688                              D  audio_extn_fbsp_get_parameters: Speaker protection disabled
2022-12-25 17:19:12.398   688-688   audio_hw_extn           pid-688                              D  audio_extn_get_parameters: returns 
2022-12-25 17:19:12.399   743-931   hash_map_utils          pid-743                              I  key: 'hifi_mode' value: ''
2022-12-25 17:19:12.400 22931-17851 AudioManager            pid-22931                            D  getStreamVolume isRestricted mode = 0
2022-12-25 17:19:12.403 22931-23058 AudioTrack              pid-22931                            V  obtainBuffer(192) returned 192 = 192 + 0 err 0
2022-12-25 17:19:12.403   688-688   audio_hw_spkr_prot      pid-688                              D  audio_extn_fbsp_get_parameters: Speaker protection disabled
2022-12-25 17:19:12.403   688-688   audio_hw_extn           pid-688                              D  audio_extn_get_parameters: returns 
2022-12-25 17:19:12.403   743-931   hash_map_utils          pid-743                              I  key: 'hifi_mode' value: ''
2022-12-25 17:19:12.406 22931-23058 AudioTrack              pid-22931                            V  obtainBuffer(192) returned 192 = 192 + 0 err 0
2022-12-25 17:19:12.474 22931-23058 chatty                  pid-22931                            I  uid=10213(com.inforcegames.app3dmodelling) AudioTrack identical 17 lines
2022-12-25 17:19:12.478 22931-23058 AudioTrack              pid-22931                            V  obtainBuffer(192) returned 192 = 192 + 0 err 0
2022-12-25 17:19:12.482 22931-23058 AudioTrack              pid-22931                            V  obtainBuffer(192) returned 192 = 128 + 64 err 0
2022-12-25 17:19:12.482 22931-23058 AudioTrack              pid-22931                            V  obtainBuffer(64) returned 64 = 64 + 0 err 0
2022-12-25 17:19:12.486 22931-23058 AudioTrack              pid-22931                            V  obtainBuffer(192) returned 192 = 192 + 0 err 0
2022-12-25 17:19:12.519 22931-23058 chatty                  pid-22931                            I  uid=10213(com.inforcegames.app3dmodelling) AudioTrack identical 8 lines
2022-12-25 17:19:12.522 22931-23058 AudioTrack              pid-22931                            V  obtainBuffer(192) returned 192 = 192 + 0 err 0
2022-12-25 17:19:12.526 22931-23058 AudioTrack              pid-22931                            V  obtainBuffer(192) returned 192 = 64 + 128 err 0
2022-12-25 17:19:12.527 22931-23058 AudioTrack              pid-22931                            V  obtainBuffer(128) returned 128 = 128 + 0 err 0
2022-12-25 17:19:12.531 22931-23058 AudioTrack              pid-22931                            V  obtainBuffer(192) returned 192 = 192 + 0 err 0
2022-12-25 17:19:12.602 22931-23058 chatty                  pid-22931                            I  uid=10213(com.inforcegames.app3dmodelling) AudioTrack identical 18 lines
2022-12-25 17:19:12.606 22931-23058 AudioTrack              pid-22931                            V  obtainBuffer(192) returned 192 = 192 + 0 err 0
2022-12-25 17:19:12.611 22931-23058 AudioTrack              pid-22931                            V  obtainBuffer(192) returned 192 = 128 + 64 err 0
2022-12-25 17:19:12.611 22931-23058 AudioTrack              pid-22931                            V  obtainBuffer(64) returned 64 = 64 + 0 err 0
2022-12-25 17:19:12.615 22931-23058 AudioTrack              pid-22931                            V  obtainBuffer(192) returned 192 = 192 + 0 err 0
2022-12-25 17:19:12.646 22931-23058 chatty                  pid-22931                            I  uid=10213(com.inforcegames.app3dmodelling) AudioTrack identical 8 lines
2022-12-25 17:19:12.650 22931-23058 AudioTrack              pid-22931                            V  obtainBuffer(192) returned 192 = 192 + 0 err 0
2022-12-25 17:19:12.655 22931-23058 AudioTrack              pid-22931                            V  obtainBuffer(192) returned 192 = 64 + 128 err 0
2022-12-25 17:19:12.655 22931-23058 AudioTrack              pid-22931                            V  obtainBuffer(128) returned 128 = 128 + 0 err 0
2022-12-25 17:19:12.659 22931-23058 AudioTrack              pid-22931                            V  obtainBuffer(192) returned 192 = 192 + 0 err 0
2022-12-25 17:19:12.730 22931-23058 chatty                  pid-22931                            I  uid=10213(com.inforcegames.app3dmodelling) AudioTrack identical 18 lines
2022-12-25 17:19:12.734 22931-23058 AudioTrack              pid-22931                            V  obtainBuffer(192) returned 192 = 192 + 0 err 0
2022-12-25 17:19:12.739 22931-23058 AudioTrack              pid-22931                            V  obtainBuffer(192) returned 192 = 128 + 64 err 0
2022-12-25 17:19:12.739 22931-23058 AudioTrack              pid-22931                            V  obtainBuffer(64) returned 64 = 64 + 0 err 0
2022-12-25 17:19:12.742 22931-23058 AudioTrack              pid-22931                            V  obtainBuffer(192) returned 192 = 192 + 0 err 0
2022-12-25 17:19:12.775 22931-23058 chatty                  pid-22931                            I  uid=10213(com.inforcegames.app3dmodelling) AudioTrack identical 8 lines
2022-12-25 17:19:12.778 22931-23058 AudioTrack              pid-22931                            V  obtainBuffer(192) returned 192 = 192 + 0 err 0
2022-12-25 17:19:12.779  1302-1463  ThermalEngine           pid-1302                             D  sensor_wait: quiet_therm Wait done.
2022-12-25 17:19:12.781  1302-1463  ThermalEngine           pid-1302                             D  sensor_monitor: quiet_therm Reading 34000 .
2022-12-25 17:19:12.781  1302-1463  ThermalEngine           pid-1302                             I  Sensor:quiet_therm:34000 mC
2022-12-25 17:19:12.781  1302-1463  ThermalEngine           pid-1302                             D  update_active_thresh: quiet_therm Active(1), Hi(1) 40000, Lo(0) -2147483648, desc(0) Interval(1) 1000
2022-12-25 17:19:12.781  1302-1463  ThermalEngine           pid-1302                             D  sensor_monitor: quiet_therm Sensor wait.
2022-12-25 17:19:12.781  1302-1463  ThermalEngine           pid-1302                             D  sensor_wait: quiet_therm Wait start. 1000ms
2022-12-25 17:19:12.782 22931-23058 AudioTrack              pid-22931                            V  obtainBuffer(192) returned 192 = 64 + 128 err 0
2022-12-25 17:19:12.782 22931-23058 AudioTrack              pid-22931                            V  obtainBuffer(128) returned 128 = 128 + 0 err 0
2022-12-25 17:19:12.786 22931-23058 AudioTrack              pid-22931                            V  obtainBuffer(192) returned 192 = 192 + 0 err 0
2022-12-25 17:19:12.790 22931-23058 AudioTrack              pid-22931                            V  obtainBuffer(192) returned 192 = 192 + 0 err 0
2022-12-25 17:19:12.793  1302-1462  ThermalEngine           pid-1302                             D  sensor_wait: msm_therm Wait done.
2022-12-25 17:19:12.794  1302-1462  ThermalEngine           pid-1302                             D  sensor_monitor: msm_therm Reading 36000 .
2022-12-25 17:19:12.794  1302-1462  ThermalEngine           pid-1302                             I  Sensor:msm_therm:36000 mC
2022-12-25 17:19:12.794  1302-1462  ThermalEngine           pid-1302                             D  update_active_thresh: msm_therm Active(1), Hi(1) 44000, Lo(0) -2147483648, desc(0) Interval(1) 1000
2022-12-25 17:19:12.794  1302-1462  ThermalEngine           pid-1302                             D  sensor_monitor: msm_therm Sensor wait.
2022-12-25 17:19:12.794  1302-1462  ThermalEngine           pid-1302                             D  sensor_wait: msm_therm Wait start. 1000ms
2022-12-25 17:19:12.795 22931-23058 AudioTrack              pid-22931                            V  obtainBuffer(192) returned 192 = 192 + 0 err 0
2022-12-25 17:19:12.859 22931-23058 chatty                  pid-22931                            I  uid=10213(com.inforcegames.app3dmodelling) AudioTrack identical 16 lines
2022-12-25 17:19:12.863 22931-23058 AudioTrack              pid-22931                            V  obtainBuffer(192) returned 192 = 192 + 0 err 0
2022-12-25 17:19:12.867 22931-23058 AudioTrack              pid-22931                            V  obtainBuffer(192) returned 192 = 128 + 64 err 0
2022-12-25 17:19:12.867 22931-23058 AudioTrack              pid-22931                            V  obtainBuffer(64) returned 64 = 64 + 0 err 0
2022-12-25 17:19:12.871 22931-23058 AudioTrack              pid-22931                            V  obtainBuffer(192) returned 192 = 192 + 0 err 0
2022-12-25 17:19:12.902 22931-23058 chatty                  pid-22931                            I  uid=10213(com.inforcegames.app3dmodelling) AudioTrack identical 8 lines
2022-12-25 17:19:12.907 22931-23058 AudioTrack              pid-22931                            V  obtainBuffer(192) returned 192 = 192 + 0 err 0
2022-12-25 17:19:12.911 22931-23058 AudioTrack              pid-22931                            V  obtainBuffer(192) returned 192 = 64 + 128 err 0
2022-12-25 17:19:12.911 22931-23058 AudioTrack              pid-22931                            V  obtainBuffer(128) returned 128 = 128 + 0 err 0
2022-12-25 17:19:12.915 22931-23058 AudioTrack              pid-22931                            V  obtainBuffer(192) returned 192 = 192 + 0 err 0
2022-12-25 17:19:12.987 22931-23058 chatty                  pid-22931                            I  uid=10213(com.inforcegames.app3dmodelling) AudioTrack identical 18 lines
2022-12-25 17:19:12.990 22931-23058 AudioTrack              pid-22931                            V  obtainBuffer(192) returned 192 = 192 + 0 err 0
2022-12-25 17:19:12.994 22931-23058 AudioTrack              pid-22931                            V  obtainBuffer(192) returned 192 = 128 + 64 err 0
2022-12-25 17:19:12.994 22931-23058 AudioTrack              pid-22931                            V  obtainBuffer(64) returned 64 = 64 + 0 err 0
2022-12-25 17:19:12.999 22931-23058 AudioTrack              pid-22931                            V  obtainBuffer(192) returned 192 = 192 + 0 err 0
2022-12-25 17:19:13.031 22931-23058 chatty                  pid-22931                            I  uid=10213(com.inforcegames.app3dmodelling) AudioTrack identical 8 lines
2022-12-25 17:19:13.034 22931-23058 AudioTrack              pid-22931                            V  obtainBuffer(192) returned 192 = 192 + 0 err 0
2022-12-25 17:19:13.038 22931-23058 AudioTrack              pid-22931                            V  obtainBuffer(192) returned 192 = 64 + 128 err 0
2022-12-25 17:19:13.039 22931-23058 AudioTrack              pid-22931                            V  obtainBuffer(128) returned 128 = 128 + 0 err 0
2022-12-25 17:19:13.043 22931-23058 AudioTrack              pid-22931                            V  obtainBuffer(192) returned 192 = 192 + 0 err 0
2022-12-25 17:19:13.115 22931-23058 chatty                  pid-22931                            I  uid=10213(com.inforcegames.app3dmodelling) AudioTrack identical 18 lines
2022-12-25 17:19:13.118 22931-23058 AudioTrack              pid-22931                            V  obtainBuffer(192) returned 192 = 192 + 0 err 0
2022-12-25 17:19:13.123 22931-23058 AudioTrack              pid-22931                            V  obtainBuffer(192) returned 192 = 128 + 64 err 0
2022-12-25 17:19:13.123 22931-23058 AudioTrack              pid-22931                            V  obtainBuffer(64) returned 64 = 64 + 0 err 0
2022-12-25 17:19:13.127 22931-23058 AudioTrack              pid-22931                            V  obtainBuffer(192) returned 192 = 192 + 0 err 0
2022-12-25 17:19:13.159 22931-23058 chatty                  pid-22931                            I  uid=10213(com.inforcegames.app3dmodelling) AudioTrack identical 8 lines
2022-12-25 17:19:13.162 22931-23058 AudioTrack              pid-22931                            V  obtainBuffer(192) returned 192 = 192 + 0 err 0
2022-12-25 17:19:13.166 22931-23058 AudioTrack              pid-22931                            V  obtainBuffer(192) returned 192 = 64 + 128 err 0
2022-12-25 17:19:13.167 22931-23058 AudioTrack              pid-22931                            V  obtainBuffer(128) returned 128 = 128 + 0 err 0
2022-12-25 17:19:13.170 22931-23058 AudioTrack              pid-22931                            V  obtainBuffer(192) returned 192 = 192 + 0 err 0
2022-12-25 17:19:13.172  2820-5429  DPMJ                    pid-2820                             I  |REQ:RCVR| DPM creating socket
2022-12-25 17:19:13.174 22931-23058 AudioTrack              pid-22931                            V  obtainBuffer(192) returned 192 = 192 + 0 err 0
2022-12-25 17:19:13.243 22931-23058 chatty                  pid-22931                            I  uid=10213(com.inforcegames.app3dmodelling) AudioTrack identical 17 lines
2022-12-25 17:19:13.247 22931-23058 AudioTrack              pid-22931                            V  obtainBuffer(192) returned 192 = 192 + 0 err 0
2022-12-25 17:19:13.251 22931-23058 AudioTrack              pid-22931                            V  obtainBuffer(192) returned 192 = 128 + 64 err 0
2022-12-25 17:19:13.252 22931-23058 AudioTrack              pid-22931                            V  obtainBuffer(64) returned 64 = 64 + 0 err 0
2022-12-25 17:19:13.254 22931-23058 AudioTrack              pid-22931                            V  obtainBuffer(192) returned 192 = 192 + 0 err 0
2022-12-25 17:19:13.286 22931-23058 chatty                  pid-22931                            I  uid=10213(com.inforcegames.app3dmodelling) AudioTrack identical 8 lines
2022-12-25 17:19:13.290 22931-23058 AudioTrack              pid-22931                            V  obtainBuffer(192) returned 192 = 192 + 0 err 0
2022-12-25 17:19:13.295 22931-23058 AudioTrack              pid-22931                            V  obtainBuffer(192) returned 192 = 64 + 128 err 0
2022-12-25 17:19:13.295 22931-23058 AudioTrack              pid-22931                            V  obtainBuffer(128) returned 128 = 128 + 0 err 0
2022-12-25 17:19:13.298 22931-23058 AudioTrack              pid-22931                            V  obtainBuffer(192) returned 192 = 192 + 0 err 0
2022-12-25 17:19:13.370 22931-23058 chatty                  pid-22931                            I  uid=10213(com.inforcegames.app3dmodelling) AudioTrack identical 18 lines
2022-12-25 17:19:13.374 22931-23058 AudioTrack              pid-22931                            V  obtainBuffer(192) returned 192 = 192 + 0 err 0
2022-12-25 17:19:13.379 22931-23058 AudioTrack              pid-22931                            V  obtainBuffer(192) returned 192 = 128 + 64 err 0
2022-12-25 17:19:13.379 22931-23058 AudioTrack              pid-22931                            V  obtainBuffer(64) returned 64 = 64 + 0 err 0
2022-12-25 17:19:13.383 22931-23058 AudioTrack              pid-22931                            V  obtainBuffer(192) returned 192 = 192 + 0 err 0
2022-12-25 17:19:13.414 22931-23058 chatty                  pid-22931                            I  uid=10213(com.inforcegames.app3dmodelling) AudioTrack identical 8 lines
2022-12-25 17:19:13.419 22931-23058 AudioTrack              pid-22931                            V  obtainBuffer(192) returned 192 = 192 + 0 err 0
2022-12-25 17:19:13.422 22931-23058 AudioTrack              pid-22931                            V  obtainBuffer(192) returned 192 = 64 + 128 err 0
2022-12-25 17:19:13.422 22931-23058 AudioTrack              pid-22931                            V  obtainBuffer(128) returned 128 = 128 + 0 err 0
2022-12-25 17:19:13.426 22931-23058 AudioTrack              pid-22931                            V  obtainBuffer(192) returned 192 = 192 + 0 err 0
2022-12-25 17:19:13.499 22931-23058 chatty                  pid-22931                            I  uid=10213(com.inforcegames.app3dmodelling) AudioTrack identical 18 lines
2022-12-25 17:19:13.502 22931-23058 AudioTrack              pid-22931                            V  obtainBuffer(192) returned 192 = 192 + 0 err 0
2022-12-25 17:19:13.506 22931-23058 AudioTrack              pid-22931                            V  obtainBuffer(192) returned 192 = 128 + 64 err 0
2022-12-25 17:19:13.506 22931-23058 AudioTrack              pid-22931                            V  obtainBuffer(64) returned 64 = 64 + 0 err 0
2022-12-25 17:19:13.510 22931-23058 AudioTrack              pid-22931                            V  obtainBuffer(192) returned 192 = 192 + 0 err 0
2022-12-25 17:19:13.542 22931-23058 chatty                  pid-22931                            I  uid=10213(com.inforcegames.app3dmodelling) AudioTrack identical 8 lines
2022-12-25 17:19:13.547 22931-23058 AudioTrack              pid-22931                            V  obtainBuffer(192) returned 192 = 192 + 0 err 0
2022-12-25 17:19:13.551 22931-23058 AudioTrack              pid-22931                            V  obtainBuffer(192) returned 192 = 64 + 128 err 0
2022-12-25 17:19:13.551 22931-23058 AudioTrack              pid-22931                            V  obtainBuffer(128) returned 128 = 128 + 0 err 0
2022-12-25 17:19:13.555 22931-23058 AudioTrack              pid-22931                            V  obtainBuffer(192) returned 192 = 192 + 0 err 0
2022-12-25 17:19:13.626 22931-23058 chatty                  pid-22931                            I  uid=10213(com.inforcegames.app3dmodelling) AudioTrack identical 18 lines
2022-12-25 17:19:13.631 22931-23058 AudioTrack              pid-22931                            V  obtainBuffer(192) returned 192 = 192 + 0 err 0
2022-12-25 17:19:13.634 22931-23058 AudioTrack              pid-22931                            V  obtainBuffer(192) returned 192 = 128 + 64 err 0
2022-12-25 17:19:13.634 22931-23058 AudioTrack              pid-22931                            V  obtainBuffer(64) returned 64 = 64 + 0 err 0
2022-12-25 17:19:13.639 22931-23058 AudioTrack              pid-22931                            V  obtainBuffer(192) returned 192 = 192 + 0 err 0
2022-12-25 17:19:13.671 22931-23058 chatty                  pid-22931                            I  uid=10213(com.inforcegames.app3dmodelling) AudioTrack identical 8 lines
2022-12-25 17:19:13.674 22931-23058 AudioTrack              pid-22931                            V  obtainBuffer(192) returned 192 = 192 + 0 err 0
2022-12-25 17:19:13.679 22931-23058 AudioTrack              pid-22931                            V  obtainBuffer(192) returned 192 = 64 + 128 err 0
2022-12-25 17:19:13.680 22931-23058 AudioTrack              pid-22931                            V  obtainBuffer(128) returned 128 = 128 + 0 err 0
2022-12-25 17:19:13.682 22931-23058 AudioTrack              pid-22931                            V  obtainBuffer(192) returned 192 = 192 + 0 err 0
2022-12-25 17:19:13.754 22931-23058 chatty                  pid-22931                            I  uid=10213(com.inforcegames.app3dmodelling) AudioTrack identical 18 lines
2022-12-25 17:19:13.758 22931-23058 AudioTrack              pid-22931                            V  obtainBuffer(192) returned 192 = 192 + 0 err 0
2022-12-25 17:19:13.763 22931-23058 AudioTrack              pid-22931                            V  obtainBuffer(192) returned 192 = 128 + 64 err 0
2022-12-25 17:19:13.763 22931-23058 AudioTrack              pid-22931                            V  obtainBuffer(64) returned 64 = 64 + 0 err 0
2022-12-25 17:19:13.766 22931-23058 AudioTrack              pid-22931                            V  obtainBuffer(192) returned 192 = 192 + 0 err 0
2022-12-25 17:19:13.774 22931-23058 chatty                  pid-22931                            I  uid=10213(com.inforcegames.app3dmodelling) AudioTrack identical 2 lines
2022-12-25 17:19:13.779 22931-23058 AudioTrack              pid-22931                            V  obtainBuffer(192) returned 192 = 192 + 0 err 0
2022-12-25 17:19:13.781  1302-1463  ThermalEngine           pid-1302                             D  sensor_wait: quiet_therm Wait done.
2022-12-25 17:19:13.782 22931-23058 AudioTrack              pid-22931                            V  obtainBuffer(192) returned 192 = 192 + 0 err 0
2022-12-25 17:19:13.783  1302-1463  ThermalEngine           pid-1302                             D  sensor_monitor: quiet_therm Reading 34000 .
2022-12-25 17:19:13.783  1302-1463  ThermalEngine           pid-1302                             I  Sensor:quiet_therm:34000 mC
2022-12-25 17:19:13.783  1302-1463  ThermalEngine           pid-1302                             D  update_active_thresh: quiet_therm Active(1), Hi(1) 40000, Lo(0) -2147483648, desc(0) Interval(1) 1000
2022-12-25 17:19:13.783  1302-1463  ThermalEngine           pid-1302                             D  sensor_monitor: quiet_therm Sensor wait.
2022-12-25 17:19:13.783  1302-1463  ThermalEngine           pid-1302                             D  sensor_wait: quiet_therm Wait start. 1000ms
2022-12-25 17:19:13.787 22931-23058 AudioTrack              pid-22931                            V  obtainBuffer(192) returned 192 = 192 + 0 err 0
2022-12-25 17:19:13.790 22931-23058 chatty                  pid-22931                            I  uid=10213(com.inforcegames.app3dmodelling) AudioTrack identical 1 line
2022-12-25 17:19:13.795 22931-23058 AudioTrack              pid-22931                            V  obtainBuffer(192) returned 192 = 192 + 0 err 0
2022-12-25 17:19:13.795  1302-1462  ThermalEngine           pid-1302                             D  sensor_wait: msm_therm Wait done.
2022-12-25 17:19:13.796  1302-1462  ThermalEngine           pid-1302                             D  sensor_monitor: msm_therm Reading 36000 .
2022-12-25 17:19:13.796  1302-1462  ThermalEngine           pid-1302                             I  Sensor:msm_therm:36000 mC
2022-12-25 17:19:13.796  1302-1462  ThermalEngine           pid-1302                             D  update_active_thresh: msm_therm Active(1), Hi(1) 44000, Lo(0) -2147483648, desc(0) Interval(1) 1000
2022-12-25 17:19:13.796  1302-1462  ThermalEngine           pid-1302                             D  sensor_monitor: msm_therm Sensor wait.
2022-12-25 17:19:13.796  1302-1462  ThermalEngine           pid-1302                             D  sensor_wait: msm_therm Wait start. 1000ms
2022-12-25 17:19:13.798 22931-23058 AudioTrack              pid-22931                            V  obtainBuffer(192) returned 192 = 192 + 0 err 0
2022-12-25 17:19:13.803 22931-23058 AudioTrack              pid-22931                            V  obtainBuffer(192) returned 192 = 192 + 0 err 0
2022-12-25 17:19:13.806 22931-23058 AudioTrack              pid-22931                            V  obtainBuffer(192) returned 192 = 64 + 128 err 0
2022-12-25 17:19:13.807 22931-23058 AudioTrack              pid-22931                            V  obtainBuffer(128) returned 128 = 128 + 0 err 0
2022-12-25 17:19:13.811 22931-23058 AudioTrack              pid-22931                            V  obtainBuffer(192) returned 192 = 192 + 0 err 0
2022-12-25 17:19:13.882 22931-23058 chatty                  pid-22931                            I  uid=10213(com.inforcegames.app3dmodelling) AudioTrack identical 18 lines
2022-12-25 17:19:13.887 22931-23058 AudioTrack              pid-22931                            V  obtainBuffer(192) returned 192 = 192 + 0 err 0
2022-12-25 17:19:13.891 22931-23058 AudioTrack              pid-22931                            V  obtainBuffer(192) returned 192 = 128 + 64 err 0
2022-12-25 17:19:13.891 22931-23058 AudioTrack              pid-22931                            V  obtainBuffer(64) returned 64 = 64 + 0 err 0
2022-12-25 17:19:13.895 22931-23058 AudioTrack              pid-22931                            V  obtainBuffer(192) returned 192 = 192 + 0 err 0
2022-12-25 17:19:13.926 22931-23058 chatty                  pid-22931                            I  uid=10213(com.inforcegames.app3dmodelling) AudioTrack identical 8 lines
2022-12-25 17:19:13.930 22931-23058 AudioTrack              pid-22931                            V  obtainBuffer(192) returned 192 = 192 + 0 err 0
2022-12-25 17:19:13.934 22931-23058 AudioTrack              pid-22931                            V  obtainBuffer(192) returned 192 = 64 + 128 err 0
2022-12-25 17:19:13.934 22931-23058 AudioTrack              pid-22931                            V  obtainBuffer(128) returned 128 = 128 + 0 err 0
2022-12-25 17:19:13.938 22931-23058 AudioTrack              pid-22931                            V  obtainBuffer(192) returned 192 = 192 + 0 err 0
2022-12-25 17:19:13.942 22931-23058 chatty                  pid-22931                            I  uid=10213(com.inforcegames.app3dmodelling) AudioTrack identical 1 line
2022-12-25 17:19:13.946 22931-23058 AudioTrack              pid-22931                            V  obtainBuffer(192) returned 192 = 192 + 0 err 0
2022-12-25 17:19:13.948  2480-2727  MobileSignalController  pid-2480                             D  updateDataType mSelectedDataTypeIcon[1]=2131232497, mSelectedDataActivityIndex=6
2022-12-25 17:19:13.949  2480-2727  TelephonyIcons          pid-2480                             D  getSignalStrengthIcon: slot=1, inetCondition=1, level=5, roaming=true, signalstrength=SignalStrength: 99 0 -120 -160 -120 -160 -1 27 -88 -9 248 2147483647 0 2147483647 99 255 2147483647 gsm|lte use_rsrp_and_rssnr_for_lte_level  [-120, -115, -110, -105, -97] [-115, -105, -95, -85]
2022-12-25 17:19:13.950 22931-23058 AudioTrack              pid-22931                            V  obtainBuffer(192) returned 192 = 192 + 0 err 0
2022-12-25 17:19:13.958 22931-23058 chatty                  pid-22931                            I  uid=10213(com.inforcegames.app3dmodelling) AudioTrack identical 2 lines
2022-12-25 17:19:13.962 22931-23058 AudioTrack              pid-22931                            V  obtainBuffer(192) returned 192 = 192 + 0 err 0
2022-12-25 17:19:13.964  2480-2727  TelephonyIcons          pid-2480                             D  null signal icon name: drawable/stat_sys_signal_null
2022-12-25 17:19:13.965  2480-2727  TelephonyIcons          pid-2480                             D  getDataTypeIcon sub=1
2022-12-25 17:19:13.966 22931-23058 AudioTrack              pid-22931                            V  obtainBuffer(192) returned 192 = 192 + 0 err 0
2022-12-25 17:19:13.970 22931-23058 AudioTrack              pid-22931                            V  obtainBuffer(192) returned 192 = 192 + 0 err 0
2022-12-25 17:19:13.972  2480-2480  SignalClusterView       pid-2480                             D  updateMobileTypeImage  0
2022-12-25 17:19:13.973  2480-2480  chatty                  pid-2480                             I  uid=1000(system) com.android.systemui identical 1 line
2022-12-25 17:19:13.973  2480-2480  SignalClusterView       pid-2480                             D  updateMobileTypeImage  0
2022-12-25 17:19:13.975 22931-23058 AudioTrack              pid-22931                            V  obtainBuffer(192) returned 192 = 192 + 0 err 0
2022-12-25 17:19:13.975  2480-2480  SignalClusterView       pid-2480                             D  updateMobileTypeImage  0
2022-12-25 17:19:13.976  2480-2480  chatty                  pid-2480                             I  uid=1000(system) com.android.systemui identical 1 line
2022-12-25 17:19:13.976  2480-2480  SignalClusterView       pid-2480                             D  updateMobileTypeImage  0
2022-12-25 17:19:13.978 22931-23058 AudioTrack              pid-22931                            V  obtainBuffer(192) returned 192 = 192 + 0 err 0
2022-12-25 17:19:14.007 22931-23058 chatty                  pid-22931                            I  uid=10213(com.inforcegames.app3dmodelling) AudioTrack identical 7 lines
2022-12-25 17:19:14.010 22931-23058 AudioTrack              pid-22931                            V  obtainBuffer(192) returned 192 = 192 + 0 err 0
2022-12-25 17:19:14.013  2480-2727  MobileSignalController  pid-2480                             D  updateDataType mSelectedDataTypeIcon[1]=2131232497, mSelectedDataActivityIndex=6
2022-12-25 17:19:14.013  2480-2727  TelephonyIcons          pid-2480                             D  getSignalStrengthIcon: slot=1, inetCondition=1, level=5, roaming=true, signalstrength=SignalStrength: 99 0 -120 -160 -120 -160 -1 27 -88 -9 248 2147483647 0 2147483647 99 255 2147483647 gsm|lte use_rsrp_and_rssnr_for_lte_level  [-120, -115, -110, -105, -97] [-115, -105, -95, -85]
2022-12-25 17:19:14.014 22931-23058 AudioTrack              pid-22931                            V  obtainBuffer(192) returned 192 = 192 + 0 err 0
2022-12-25 17:19:14.015  2480-2727  TelephonyIcons          pid-2480                             D  null signal icon name: drawable/stat_sys_signal_null
2022-12-25 17:19:14.015  2480-2727  TelephonyIcons          pid-2480                             D  getDataTypeIcon sub=1
2022-12-25 17:19:14.018 22931-23058 AudioTrack              pid-22931                            V  obtainBuffer(192) returned 192 = 128 + 64 err 0
2022-12-25 17:19:14.019 22931-23058 AudioTrack              pid-22931                            V  obtainBuffer(64) returned 64 = 64 + 0 err 0
2022-12-25 17:19:14.021  2480-2480  SignalClusterView       pid-2480                             D  updateMobileTypeImage  0
2022-12-25 17:19:14.022  2480-2480  SignalClusterView       pid-2480                             D  updateMobileTypeImage  0
2022-12-25 17:19:14.022 22931-23058 AudioTrack              pid-22931                            V  obtainBuffer(192) returned 192 = 192 + 0 err 0
2022-12-25 17:19:14.022  2480-2480  SignalClusterView       pid-2480                             D  updateMobileTypeImage  0
2022-12-25 17:19:14.024  2480-2480  chatty                  pid-2480                             I  uid=1000(system) com.android.systemui identical 2 lines
2022-12-25 17:19:14.025  2480-2480  SignalClusterView       pid-2480                             D  updateMobileTypeImage  0
2022-12-25 17:19:14.027 22931-23058 AudioTrack              pid-22931                            V  obtainBuffer(192) returned 192 = 192 + 0 err 0
2022-12-25 17:19:14.054 22931-23058 chatty                  pid-22931                            I  uid=10213(com.inforcegames.app3dmodelling) AudioTrack identical 7 lines
2022-12-25 17:19:14.058 22931-23058 AudioTrack              pid-22931                            V  obtainBuffer(192) returned 192 = 192 + 0 err 0
2022-12-25 17:19:14.062 22931-23058 AudioTrack              pid-22931                            V  obtainBuffer(192) returned 192 = 64 + 128 err 0
2022-12-25 17:19:14.062 22931-23058 AudioTrack              pid-22931                            V  obtainBuffer(128) returned 128 = 128 + 0 err 0
2022-12-25 17:19:14.066 22931-23058 AudioTrack              pid-22931                            V  obtainBuffer(192) returned 192 = 192 + 0 err 0
2022-12-25 17:19:14.098 22931-23058 chatty                  pid-22931                            I  uid=10213(com.inforcegames.app3dmodelling) AudioTrack identical 8 lines
2022-12-25 17:19:14.102 22931-23058 AudioTrack              pid-22931                            V  obtainBuffer(192) returned 192 = 192 + 0 err 0
2022-12-25 17:19:14.103  1302-1457  ThermalEngine           pid-1302                             D  sensor_wait: backlight_therm Wait done.
2022-12-25 17:19:14.105  1302-1457  ThermalEngine           pid-1302                             D  sensor_monitor: backlight_therm Reading 34000 .
2022-12-25 17:19:14.105  1302-1457  ThermalEngine           pid-1302                             I  Sensor:backlight_therm:34000 mC
2022-12-25 17:19:14.105  1302-1457  ThermalEngine           pid-1302                             D  update_active_thresh: backlight_therm Active(1), Hi(1) 45000, Lo(0) -2147483648, desc(0) Interval(1) 2000
2022-12-25 17:19:14.105  1302-1457  ThermalEngine           pid-1302                             D  sensor_monitor: backlight_therm Sensor wait.
2022-12-25 17:19:14.105  1302-1457  ThermalEngine           pid-1302                             D  sensor_wait: backlight_therm Wait start. 2000ms
2022-12-25 17:19:14.107 22931-23058 AudioTrack              pid-22931                            V  obtainBuffer(192) returned 192 = 192 + 0 err 0
