2022-12-26 10:43:30.704 22803-22913 AudioTrack              pid-22803                            V  obtainBuffer(192) returned 192 = 64 + 128 err 0
2022-12-26 10:43:30.704 22803-22913 AudioTrack              pid-22803                            V  obtainBuffer(128) returned 128 = 128 + 0 err 0
2022-12-26 10:43:30.708 22803-22913 AudioTrack              pid-22803                            V  obtainBuffer(192) returned 192 = 192 + 0 err 0
2022-12-26 10:43:30.779 22803-22913 chatty                  pid-22803                            I  uid=10213(com.inforcegames.app3dmodelling) AudioTrack identical 18 lines
2022-12-26 10:43:30.784 22803-22913 AudioTrack              pid-22803                            V  obtainBuffer(192) returned 192 = 192 + 0 err 0
2022-12-26 10:43:30.788 22803-22913 AudioTrack              pid-22803                            V  obtainBuffer(192) returned 192 = 128 + 64 err 0
2022-12-26 10:43:30.788 22803-22913 AudioTrack              pid-22803                            V  obtainBuffer(64) returned 64 = 64 + 0 err 0
2022-12-26 10:43:30.792 22803-22913 AudioTrack              pid-22803                            V  obtainBuffer(192) returned 192 = 192 + 0 err 0
2022-12-26 10:43:30.824 22803-22913 chatty                  pid-22803                            I  uid=10213(com.inforcegames.app3dmodelling) AudioTrack identical 8 lines
2022-12-26 10:43:30.828 22803-22913 AudioTrack              pid-22803                            V  obtainBuffer(192) returned 192 = 192 + 0 err 0
2022-12-26 10:43:30.832 22803-22913 AudioTrack              pid-22803                            V  obtainBuffer(192) returned 192 = 64 + 128 err 0
2022-12-26 10:43:30.832 22803-22913 AudioTrack              pid-22803                            V  obtainBuffer(128) returned 128 = 128 + 0 err 0
2022-12-26 10:43:30.836 22803-22913 AudioTrack              pid-22803                            V  obtainBuffer(192) returned 192 = 192 + 0 err 0
2022-12-26 10:43:30.908 22803-22913 chatty                  pid-22803                            I  uid=10213(com.inforcegames.app3dmodelling) AudioTrack identical 18 lines
2022-12-26 10:43:30.913 22803-22913 AudioTrack              pid-22803                            V  obtainBuffer(192) returned 192 = 192 + 0 err 0
2022-12-26 10:43:30.916 22803-22913 AudioTrack              pid-22803                            V  obtainBuffer(192) returned 192 = 128 + 64 err 0
2022-12-26 10:43:30.916 22803-22913 AudioTrack              pid-22803                            V  obtainBuffer(64) returned 64 = 64 + 0 err 0
2022-12-26 10:43:30.920 22803-22913 AudioTrack              pid-22803                            V  obtainBuffer(192) returned 192 = 192 + 0 err 0
2022-12-26 10:43:30.952 22803-22913 chatty                  pid-22803                            I  uid=10213(com.inforcegames.app3dmodelling) AudioTrack identical 8 lines
2022-12-26 10:43:30.955 22803-22913 AudioTrack              pid-22803                            V  obtainBuffer(192) returned 192 = 192 + 0 err 0
2022-12-26 10:43:30.961 22803-22913 AudioTrack              pid-22803                            V  obtainBuffer(192) returned 192 = 64 + 128 err 0
2022-12-26 10:43:30.961 22803-22913 AudioTrack              pid-22803                            V  obtainBuffer(128) returned 128 = 128 + 0 err 0
2022-12-26 10:43:30.964 22803-22913 AudioTrack              pid-22803                            V  obtainBuffer(192) returned 192 = 192 + 0 err 0
2022-12-26 10:43:31.036 22803-22913 chatty                  pid-22803                            I  uid=10213(com.inforcegames.app3dmodelling) AudioTrack identical 18 lines
2022-12-26 10:43:31.039 22803-22913 AudioTrack              pid-22803                            V  obtainBuffer(192) returned 192 = 192 + 0 err 0
2022-12-26 10:43:31.045 22803-22913 AudioTrack              pid-22803                            V  obtainBuffer(192) returned 192 = 128 + 64 err 0
2022-12-26 10:43:31.045 22803-22913 AudioTrack              pid-22803                            V  obtainBuffer(64) returned 64 = 64 + 0 err 0
2022-12-26 10:43:31.047 22803-22913 AudioTrack              pid-22803                            V  obtainBuffer(192) returned 192 = 192 + 0 err 0
2022-12-26 10:43:31.079 22803-22913 chatty                  pid-22803                            I  uid=10213(com.inforcegames.app3dmodelling) AudioTrack identical 8 lines
2022-12-26 10:43:31.084 22803-22913 AudioTrack              pid-22803                            V  obtainBuffer(192) returned 192 = 192 + 0 err 0
2022-12-26 10:43:31.087 22803-22913 AudioTrack              pid-22803                            V  obtainBuffer(192) returned 192 = 64 + 128 err 0
2022-12-26 10:43:31.087 22803-22913 AudioTrack              pid-22803                            V  obtainBuffer(128) returned 128 = 128 + 0 err 0
2022-12-26 10:43:31.092 22803-22913 AudioTrack              pid-22803                            V  obtainBuffer(192) returned 192 = 192 + 0 err 0
2022-12-26 10:43:31.163 22803-22913 chatty                  pid-22803                            I  uid=10213(com.inforcegames.app3dmodelling) AudioTrack identical 18 lines
2022-12-26 10:43:31.167 22803-22913 AudioTrack              pid-22803                            V  obtainBuffer(192) returned 192 = 192 + 0 err 0
2022-12-26 10:43:31.171 22803-22913 AudioTrack              pid-22803                            V  obtainBuffer(192) returned 192 = 128 + 64 err 0
2022-12-26 10:43:31.171 22803-22913 AudioTrack              pid-22803                            V  obtainBuffer(64) returned 64 = 64 + 0 err 0
2022-12-26 10:43:31.175 22803-22913 AudioTrack              pid-22803                            V  obtainBuffer(192) returned 192 = 192 + 0 err 0
2022-12-26 10:43:31.207 22803-22913 chatty                  pid-22803                            I  uid=10213(com.inforcegames.app3dmodelling) AudioTrack identical 8 lines
2022-12-26 10:43:31.211 22803-22913 AudioTrack              pid-22803                            V  obtainBuffer(192) returned 192 = 192 + 0 err 0
2022-12-26 10:43:31.216 22803-22913 AudioTrack              pid-22803                            V  obtainBuffer(192) returned 192 = 64 + 128 err 0
2022-12-26 10:43:31.217 22803-22913 AudioTrack              pid-22803                            V  obtainBuffer(128) returned 128 = 128 + 0 err 0
2022-12-26 10:43:31.220 22803-22913 AudioTrack              pid-22803                            V  obtainBuffer(192) returned 192 = 192 + 0 err 0
2022-12-26 10:43:31.291 22803-22913 chatty                  pid-22803                            I  uid=10213(com.inforcegames.app3dmodelling) AudioTrack identical 18 lines
2022-12-26 10:43:31.295 22803-22913 AudioTrack              pid-22803                            V  obtainBuffer(192) returned 192 = 192 + 0 err 0
2022-12-26 10:43:31.300 22803-22913 AudioTrack              pid-22803                            V  obtainBuffer(192) returned 192 = 128 + 64 err 0
2022-12-26 10:43:31.300 22803-22913 AudioTrack              pid-22803                            V  obtainBuffer(64) returned 64 = 64 + 0 err 0
2022-12-26 10:43:31.304 22803-22913 AudioTrack              pid-22803                            V  obtainBuffer(192) returned 192 = 192 + 0 err 0
2022-12-26 10:43:31.336 22803-22913 chatty                  pid-22803                            I  uid=10213(com.inforcegames.app3dmodelling) AudioTrack identical 8 lines
2022-12-26 10:43:31.339 22803-22913 AudioTrack              pid-22803                            V  obtainBuffer(192) returned 192 = 192 + 0 err 0
2022-12-26 10:43:31.343 22803-22913 AudioTrack              pid-22803                            V  obtainBuffer(192) returned 192 = 64 + 128 err 0
2022-12-26 10:43:31.343 22803-22913 AudioTrack              pid-22803                            V  obtainBuffer(128) returned 128 = 128 + 0 err 0
2022-12-26 10:43:31.347 22803-22913 AudioTrack              pid-22803                            V  obtainBuffer(192) returned 192 = 192 + 0 err 0
2022-12-26 10:43:31.420 22803-22913 chatty                  pid-22803                            I  uid=10213(com.inforcegames.app3dmodelling) AudioTrack identical 18 lines
2022-12-26 10:43:31.424 22803-22913 AudioTrack              pid-22803                            V  obtainBuffer(192) returned 192 = 192 + 0 err 0
2022-12-26 10:43:31.428 22803-22913 AudioTrack              pid-22803                            V  obtainBuffer(192) returned 192 = 128 + 64 err 0
2022-12-26 10:43:31.428 22803-22913 AudioTrack              pid-22803                            V  obtainBuffer(64) returned 64 = 64 + 0 err 0
2022-12-26 10:43:31.431 22803-22913 AudioTrack              pid-22803                            V  obtainBuffer(192) returned 192 = 192 + 0 err 0
2022-12-26 10:43:31.464 22803-22913 chatty                  pid-22803                            I  uid=10213(com.inforcegames.app3dmodelling) AudioTrack identical 8 lines
2022-12-26 10:43:31.467 22803-22913 AudioTrack              pid-22803                            V  obtainBuffer(192) returned 192 = 192 + 0 err 0
2022-12-26 10:43:31.472 22803-22913 AudioTrack              pid-22803                            V  obtainBuffer(192) returned 192 = 64 + 128 err 0
2022-12-26 10:43:31.472 22803-22913 AudioTrack              pid-22803                            V  obtainBuffer(128) returned 128 = 128 + 0 err 0
2022-12-26 10:43:31.476 22803-22913 AudioTrack              pid-22803                            V  obtainBuffer(192) returned 192 = 192 + 0 err 0
2022-12-26 10:43:31.549 22803-22913 chatty                  pid-22803                            I  uid=10213(com.inforcegames.app3dmodelling) AudioTrack identical 18 lines
2022-12-26 10:43:31.551 22803-22913 AudioTrack              pid-22803                            V  obtainBuffer(192) returned 192 = 192 + 0 err 0
2022-12-26 10:43:31.555 22803-22913 AudioTrack              pid-22803                            V  obtainBuffer(192) returned 192 = 128 + 64 err 0
2022-12-26 10:43:31.555 22803-22913 AudioTrack              pid-22803                            V  obtainBuffer(64) returned 64 = 64 + 0 err 0
2022-12-26 10:43:31.560 22803-22913 AudioTrack              pid-22803                            V  obtainBuffer(192) returned 192 = 192 + 0 err 0
2022-12-26 10:43:31.571 22803-22913 chatty                  pid-22803                            I  uid=10213(com.inforcegames.app3dmodelling) AudioTrack identical 3 lines
2022-12-26 10:43:31.576 22803-22913 AudioTrack              pid-22803                            V  obtainBuffer(192) returned 192 = 192 + 0 err 0
2022-12-26 10:43:31.576  1302-1463  ThermalEngine           pid-1302                             D  sensor_wait: quiet_therm Wait done.
2022-12-26 10:43:31.578  1302-1463  ThermalEngine           pid-1302                             D  sensor_monitor: quiet_therm Reading 35000 .
2022-12-26 10:43:31.578  1302-1463  ThermalEngine           pid-1302                             I  Sensor:quiet_therm:35000 mC
2022-12-26 10:43:31.578  1302-1463  ThermalEngine           pid-1302                             D  update_active_thresh: quiet_therm Active(1), Hi(1) 40000, Lo(0) -2147483648, desc(0) Interval(1) 1000
2022-12-26 10:43:31.578  1302-1463  ThermalEngine           pid-1302                             D  sensor_monitor: quiet_therm Sensor wait.
2022-12-26 10:43:31.578  1302-1463  ThermalEngine           pid-1302                             D  sensor_wait: quiet_therm Wait start. 1000ms
2022-12-26 10:43:31.580 22803-22913 AudioTrack              pid-22803                            V  obtainBuffer(192) returned 192 = 192 + 0 err 0
2022-12-26 10:43:31.588 22803-22913 chatty                  pid-22803                            I  uid=10213(com.inforcegames.app3dmodelling) AudioTrack identical 2 lines
2022-12-26 10:43:31.591 22803-22913 AudioTrack              pid-22803                            V  obtainBuffer(192) returned 192 = 192 + 0 err 0
2022-12-26 10:43:31.592  1302-1462  ThermalEngine           pid-1302                             D  sensor_wait: msm_therm Wait done.
2022-12-26 10:43:31.593  1302-1462  ThermalEngine           pid-1302                             D  sensor_monitor: msm_therm Reading 36000 .
2022-12-26 10:43:31.593  1302-1462  ThermalEngine           pid-1302                             I  Sensor:msm_therm:36000 mC
2022-12-26 10:43:31.593  1302-1462  ThermalEngine           pid-1302                             D  update_active_thresh: msm_therm Active(1), Hi(1) 44000, Lo(0) -2147483648, desc(0) Interval(1) 1000
2022-12-26 10:43:31.593  1302-1462  ThermalEngine           pid-1302                             D  sensor_monitor: msm_therm Sensor wait.
2022-12-26 10:43:31.593  1302-1462  ThermalEngine           pid-1302                             D  sensor_wait: msm_therm Wait start. 1000ms
2022-12-26 10:43:31.597 22803-22913 AudioTrack              pid-22803                            V  obtainBuffer(192) returned 192 = 192 + 0 err 0
2022-12-26 10:43:31.599 22803-22913 AudioTrack              pid-22803                            V  obtainBuffer(192) returned 192 = 64 + 128 err 0
2022-12-26 10:43:31.600 22803-22913 AudioTrack              pid-22803                            V  obtainBuffer(128) returned 128 = 128 + 0 err 0
2022-12-26 10:43:31.604 22803-22913 AudioTrack              pid-22803                            V  obtainBuffer(192) returned 192 = 192 + 0 err 0
2022-12-26 10:43:31.607 22803-22913 chatty                  pid-22803                            I  uid=10213(com.inforcegames.app3dmodelling) AudioTrack identical 1 line
2022-12-26 10:43:31.611 22803-22913 AudioTrack              pid-22803                            V  obtainBuffer(192) returned 192 = 192 + 0 err 0
2022-12-26 10:43:31.614   688-944   audio_hw_spkr_prot      pid-688                              D  audio_extn_fbsp_get_parameters: Speaker protection disabled
2022-12-26 10:43:31.615 22803-22913 AudioTrack              pid-22803                            V  obtainBuffer(192) returned 192 = 192 + 0 err 0
2022-12-26 10:43:31.616   688-944   audio_hw_extn           pid-688                              D  audio_extn_get_parameters: returns 
2022-12-26 10:43:31.617   743-18565 hash_map_utils          pid-743                              I  key: 'hifi_mode' value: ''
2022-12-26 10:43:31.619 22803-22913 AudioTrack              pid-22803                            V  obtainBuffer(192) returned 192 = 192 + 0 err 0
2022-12-26 10:43:31.621 22803-24497 AudioManager            pid-22803                            D  getStreamVolume isRestricted mode = 0
2022-12-26 10:43:31.624 22803-22913 AudioTrack              pid-22803                            V  obtainBuffer(192) returned 192 = 192 + 0 err 0
2022-12-26 10:43:31.624   688-944   audio_hw_spkr_prot      pid-688                              D  audio_extn_fbsp_get_parameters: Speaker protection disabled
2022-12-26 10:43:31.624   688-944   audio_hw_extn           pid-688                              D  audio_extn_get_parameters: returns 
2022-12-26 10:43:31.625   743-18565 hash_map_utils          pid-743                              I  key: 'hifi_mode' value: ''
2022-12-26 10:43:31.627 22803-22913 AudioTrack              pid-22803                            V  obtainBuffer(192) returned 192 = 192 + 0 err 0
2022-12-26 10:43:31.675 22803-22913 chatty                  pid-22803                            I  uid=10213(com.inforcegames.app3dmodelling) AudioTrack identical 12 lines
2022-12-26 10:43:31.680 22803-22913 AudioTrack              pid-22803                            V  obtainBuffer(192) returned 192 = 192 + 0 err 0
2022-12-26 10:43:31.683 22803-22913 AudioTrack              pid-22803                            V  obtainBuffer(192) returned 192 = 128 + 64 err 0
2022-12-26 10:43:31.684 22803-22913 AudioTrack              pid-22803                            V  obtainBuffer(64) returned 64 = 64 + 0 err 0
2022-12-26 10:43:31.688 22803-22913 AudioTrack              pid-22803                            V  obtainBuffer(192) returned 192 = 192 + 0 err 0
2022-12-26 10:43:31.720 22803-22913 chatty                  pid-22803                            I  uid=10213(com.inforcegames.app3dmodelling) AudioTrack identical 8 lines
2022-12-26 10:43:31.724 22803-22913 AudioTrack              pid-22803                            V  obtainBuffer(192) returned 192 = 192 + 0 err 0
2022-12-26 10:43:31.728 22803-22913 AudioTrack              pid-22803                            V  obtainBuffer(192) returned 192 = 64 + 128 err 0
2022-12-26 10:43:31.728 22803-22913 AudioTrack              pid-22803                            V  obtainBuffer(128) returned 128 = 128 + 0 err 0
2022-12-26 10:43:31.728 17758-17758 BoundBrokerSvc          pid-17758                            D  onUnbind: Intent { act=com.google.android.gms.ads.service.CACHE pkg=com.google.android.gms }
2022-12-26 10:43:31.731 22803-22913 AudioTrack              pid-22803                            V  obtainBuffer(192) returned 192 = 192 + 0 err 0
2022-12-26 10:43:31.804 22803-22913 chatty                  pid-22803                            I  uid=10213(com.inforcegames.app3dmodelling) AudioTrack identical 18 lines
2022-12-26 10:43:31.807 22803-22913 AudioTrack              pid-22803                            V  obtainBuffer(192) returned 192 = 192 + 0 err 0
2022-12-26 10:43:31.811 22803-22913 AudioTrack              pid-22803                            V  obtainBuffer(192) returned 192 = 128 + 64 err 0
2022-12-26 10:43:31.811 22803-22913 AudioTrack              pid-22803                            V  obtainBuffer(64) returned 64 = 64 + 0 err 0
2022-12-26 10:43:31.816 22803-22913 AudioTrack              pid-22803                            V  obtainBuffer(192) returned 192 = 192 + 0 err 0
2022-12-26 10:43:31.848 22803-22913 chatty                  pid-22803                            I  uid=10213(com.inforcegames.app3dmodelling) AudioTrack identical 8 lines
2022-12-26 10:43:31.852 22803-22913 AudioTrack              pid-22803                            V  obtainBuffer(192) returned 192 = 192 + 0 err 0
2022-12-26 10:43:31.856 22803-22913 AudioTrack              pid-22803                            V  obtainBuffer(192) returned 192 = 64 + 128 err 0
2022-12-26 10:43:31.856 22803-22913 AudioTrack              pid-22803                            V  obtainBuffer(128) returned 128 = 128 + 0 err 0
2022-12-26 10:43:31.860 22803-22913 AudioTrack              pid-22803                            V  obtainBuffer(192) returned 192 = 192 + 0 err 0
2022-12-26 10:43:31.933 22803-22913 chatty                  pid-22803                            I  uid=10213(com.inforcegames.app3dmodelling) AudioTrack identical 18 lines
2022-12-26 10:43:31.936 22803-22913 AudioTrack              pid-22803                            V  obtainBuffer(192) returned 192 = 192 + 0 err 0
2022-12-26 10:43:31.941 22803-22913 AudioTrack              pid-22803                            V  obtainBuffer(192) returned 192 = 128 + 64 err 0
2022-12-26 10:43:31.941 22803-22913 AudioTrack              pid-22803                            V  obtainBuffer(64) returned 64 = 64 + 0 err 0
2022-12-26 10:43:31.943 22803-22913 AudioTrack              pid-22803                            V  obtainBuffer(192) returned 192 = 192 + 0 err 0
2022-12-26 10:43:31.975 22803-22913 chatty                  pid-22803                            I  uid=10213(com.inforcegames.app3dmodelling) AudioTrack identical 8 lines
2022-12-26 10:43:31.979 22803-22913 AudioTrack              pid-22803                            V  obtainBuffer(192) returned 192 = 192 + 0 err 0
2022-12-26 10:43:31.984 22803-22913 AudioTrack              pid-22803                            V  obtainBuffer(192) returned 192 = 64 + 128 err 0
2022-12-26 10:43:31.984 22803-22913 AudioTrack              pid-22803                            V  obtainBuffer(128) returned 128 = 128 + 0 err 0
2022-12-26 10:43:31.989 22803-22913 AudioTrack              pid-22803                            V  obtainBuffer(192) returned 192 = 192 + 0 err 0
2022-12-26 10:43:32.003 22803-22913 chatty                  pid-22803                            I  uid=10213(com.inforcegames.app3dmodelling) AudioTrack identical 4 lines
2022-12-26 10:43:32.008 22803-22913 AudioTrack              pid-22803                            V  obtainBuffer(192) returned 192 = 192 + 0 err 0
2022-12-26 10:43:32.009  1302-1457  ThermalEngine           pid-1302                             D  sensor_wait: backlight_therm Wait done.
2022-12-26 10:43:32.011  1302-1457  ThermalEngine           pid-1302                             D  sensor_monitor: backlight_therm Reading 32000 .
2022-12-26 10:43:32.011  1302-1457  ThermalEngine           pid-1302                             I  Sensor:backlight_therm:32000 mC
2022-12-26 10:43:32.011  1302-1457  ThermalEngine           pid-1302                             D  update_active_thresh: backlight_therm Active(1), Hi(1) 45000, Lo(0) -2147483648, desc(0) Interval(1) 2000
2022-12-26 10:43:32.011  1302-1457  ThermalEngine           pid-1302                             D  sensor_monitor: backlight_therm Sensor wait.
2022-12-26 10:43:32.011  1302-1457  ThermalEngine           pid-1302                             D  sensor_wait: backlight_therm Wait start. 2000ms
2022-12-26 10:43:32.012 22803-22913 AudioTrack              pid-22803                            V  obtainBuffer(192) returned 192 = 192 + 0 err 0
2022-12-26 10:43:32.059 22803-22913 chatty                  pid-22803                            I  uid=10213(com.inforcegames.app3dmodelling) AudioTrack identical 12 lines
2022-12-26 10:43:32.063 22803-22913 AudioTrack              pid-22803                            V  obtainBuffer(192) returned 192 = 192 + 0 err 0
2022-12-26 10:43:32.067 22803-22913 AudioTrack              pid-22803                            V  obtainBuffer(192) returned 192 = 128 + 64 err 0
2022-12-26 10:43:32.068 22803-22913 AudioTrack              pid-22803                            V  obtainBuffer(64) returned 64 = 64 + 0 err 0
2022-12-26 10:43:32.072 22803-22913 AudioTrack              pid-22803                            V  obtainBuffer(192) returned 192 = 192 + 0 err 0
2022-12-26 10:43:32.104 22803-22913 chatty                  pid-22803                            I  uid=10213(com.inforcegames.app3dmodelling) AudioTrack identical 8 lines
2022-12-26 10:43:32.108 22803-22913 AudioTrack              pid-22803                            V  obtainBuffer(192) returned 192 = 192 + 0 err 0
2022-12-26 10:43:32.111 22803-22913 AudioTrack              pid-22803                            V  obtainBuffer(192) returned 192 = 64 + 128 err 0
2022-12-26 10:43:32.111 22803-22913 AudioTrack              pid-22803                            V  obtainBuffer(128) returned 128 = 128 + 0 err 0
2022-12-26 10:43:32.116 22803-22913 AudioTrack              pid-22803                            V  obtainBuffer(192) returned 192 = 192 + 0 err 0
2022-12-26 10:43:32.187 22803-22913 chatty                  pid-22803                            I  uid=10213(com.inforcegames.app3dmodelling) AudioTrack identical 18 lines
2022-12-26 10:43:32.192 22803-22913 AudioTrack              pid-22803                            V  obtainBuffer(192) returned 192 = 192 + 0 err 0
2022-12-26 10:43:32.196 22803-22913 AudioTrack              pid-22803                            V  obtainBuffer(192) returned 192 = 128 + 64 err 0
2022-12-26 10:43:32.196 22803-22913 AudioTrack              pid-22803                            V  obtainBuffer(64) returned 64 = 64 + 0 err 0
2022-12-26 10:43:32.200 22803-22913 AudioTrack              pid-22803                            V  obtainBuffer(192) returned 192 = 192 + 0 err 0
2022-12-26 10:43:32.231 22803-22913 chatty                  pid-22803                            I  uid=10213(com.inforcegames.app3dmodelling) AudioTrack identical 8 lines
2022-12-26 10:43:32.236 22803-22913 AudioTrack              pid-22803                            V  obtainBuffer(192) returned 192 = 192 + 0 err 0
2022-12-26 10:43:32.240 22803-22913 AudioTrack              pid-22803                            V  obtainBuffer(192) returned 192 = 64 + 128 err 0
2022-12-26 10:43:32.240 22803-22913 AudioTrack              pid-22803                            V  obtainBuffer(128) returned 128 = 128 + 0 err 0
2022-12-26 10:43:32.244 22803-22913 AudioTrack              pid-22803                            V  obtainBuffer(192) returned 192 = 192 + 0 err 0
2022-12-26 10:43:32.283 22803-22913 chatty                  pid-22803                            I  uid=10213(com.inforcegames.app3dmodelling) AudioTrack identical 10 lines
2022-12-26 10:43:32.287 22803-22913 AudioTrack              pid-22803                            V  obtainBuffer(192) returned 192 = 192 + 0 err 0
2022-12-26 10:43:32.289  2820-5429  DPMJ                    pid-2820                             I  |REQ:RCVR| DPM creating socket
2022-12-26 10:43:32.291 22803-22913 AudioTrack              pid-22803                            V  obtainBuffer(192) returned 192 = 192 + 0 err 0
2022-12-26 10:43:32.316 22803-22913 chatty                  pid-22803                            I  uid=10213(com.inforcegames.app3dmodelling) AudioTrack identical 6 lines
2022-12-26 10:43:32.320 22803-22913 AudioTrack              pid-22803                            V  obtainBuffer(192) returned 192 = 192 + 0 err 0
2022-12-26 10:43:32.324 22803-22913 AudioTrack              pid-22803                            V  obtainBuffer(192) returned 192 = 128 + 64 err 0
2022-12-26 10:43:32.324 22803-22913 AudioTrack              pid-22803                            V  obtainBuffer(64) returned 64 = 64 + 0 err 0
2022-12-26 10:43:32.328 22803-22913 AudioTrack              pid-22803                            V  obtainBuffer(192) returned 192 = 192 + 0 err 0
2022-12-26 10:43:32.359 22803-22913 chatty                  pid-22803                            I  uid=10213(com.inforcegames.app3dmodelling) AudioTrack identical 8 lines
2022-12-26 10:43:32.363 22803-22913 AudioTrack              pid-22803                            V  obtainBuffer(192) returned 192 = 192 + 0 err 0
2022-12-26 10:43:32.368 22803-22913 AudioTrack              pid-22803                            V  obtainBuffer(192) returned 192 = 64 + 128 err 0
2022-12-26 10:43:32.368 22803-22913 AudioTrack              pid-22803                            V  obtainBuffer(128) returned 128 = 128 + 0 err 0
2022-12-26 10:43:32.371 22803-22913 AudioTrack              pid-22803                            V  obtainBuffer(192) returned 192 = 192 + 0 err 0
2022-12-26 10:43:32.419  1352-1492  storaged                pid-1352                             E  getDiskStats failed with result NOT_SUPPORTED and size 0
2022-12-26 10:43:32.443 22803-22913 chatty                  pid-22803                            I  uid=10213(com.inforcegames.app3dmodelling) AudioTrack identical 18 lines
2022-12-26 10:43:32.447 22803-22913 AudioTrack              pid-22803                            V  obtainBuffer(192) returned 192 = 192 + 0 err 0
2022-12-26 10:43:32.451 22803-22913 AudioTrack              pid-22803                            V  obtainBuffer(192) returned 192 = 128 + 64 err 0
2022-12-26 10:43:32.451 22803-22913 AudioTrack              pid-22803                            V  obtainBuffer(64) returned 64 = 64 + 0 err 0
2022-12-26 10:43:32.456 22803-22913 AudioTrack              pid-22803                            V  obtainBuffer(192) returned 192 = 192 + 0 err 0
2022-12-26 10:43:32.487 22803-22913 chatty                  pid-22803                            I  uid=10213(com.inforcegames.app3dmodelling) AudioTrack identical 8 lines
2022-12-26 10:43:32.492 22803-22913 AudioTrack              pid-22803                            V  obtainBuffer(192) returned 192 = 192 + 0 err 0
2022-12-26 10:43:32.495 22803-22913 AudioTrack              pid-22803                            V  obtainBuffer(192) returned 192 = 64 + 128 err 0
2022-12-26 10:43:32.495 22803-22913 AudioTrack              pid-22803                            V  obtainBuffer(128) returned 128 = 128 + 0 err 0
2022-12-26 10:43:32.499 22803-22913 AudioTrack              pid-22803                            V  obtainBuffer(192) returned 192 = 192 + 0 err 0
2022-12-26 10:43:32.573 22803-22913 chatty                  pid-22803                            I  uid=10213(com.inforcegames.app3dmodelling) AudioTrack identical 18 lines
2022-12-26 10:43:32.576 22803-22913 AudioTrack              pid-22803                            V  obtainBuffer(192) returned 192 = 192 + 0 err 0
2022-12-26 10:43:32.578  1302-1463  ThermalEngine           pid-1302                             D  sensor_wait: quiet_therm Wait done.
2022-12-26 10:43:32.579 22803-22913 AudioTrack              pid-22803                            V  obtainBuffer(192) returned 192 = 128 + 64 err 0
2022-12-26 10:43:32.580 22803-22913 AudioTrack              pid-22803                            V  obtainBuffer(64) returned 64 = 64 + 0 err 0
2022-12-26 10:43:32.580  1302-1463  ThermalEngine           pid-1302                             D  sensor_monitor: quiet_therm Reading 35000 .
2022-12-26 10:43:32.580  1302-1463  ThermalEngine           pid-1302                             I  Sensor:quiet_therm:35000 mC
2022-12-26 10:43:32.580  1302-1463  ThermalEngine           pid-1302                             D  update_active_thresh: quiet_therm Active(1), Hi(1) 40000, Lo(0) -2147483648, desc(0) Interval(1) 1000
2022-12-26 10:43:32.580  1302-1463  ThermalEngine           pid-1302                             D  sensor_monitor: quiet_therm Sensor wait.
2022-12-26 10:43:32.580  1302-1463  ThermalEngine           pid-1302                             D  sensor_wait: quiet_therm Wait start. 1000ms
2022-12-26 10:43:32.583 22803-22913 AudioTrack              pid-22803                            V  obtainBuffer(192) returned 192 = 192 + 0 err 0
2022-12-26 10:43:32.587 22803-22913 chatty                  pid-22803                            I  uid=10213(com.inforcegames.app3dmodelling) AudioTrack identical 1 line
2022-12-26 10:43:32.591 22803-22913 AudioTrack              pid-22803                            V  obtainBuffer(192) returned 192 = 192 + 0 err 0
2022-12-26 10:43:32.593  1302-1462  ThermalEngine           pid-1302                             D  sensor_wait: msm_therm Wait done.
2022-12-26 10:43:32.595  1302-1462  ThermalEngine           pid-1302                             D  sensor_monitor: msm_therm Reading 36000 .
2022-12-26 10:43:32.595  1302-1462  ThermalEngine           pid-1302                             I  Sensor:msm_therm:36000 mC
2022-12-26 10:43:32.595  1302-1462  ThermalEngine           pid-1302                             D  update_active_thresh: msm_therm Active(1), Hi(1) 44000, Lo(0) -2147483648, desc(0) Interval(1) 1000
2022-12-26 10:43:32.595  1302-1462  ThermalEngine           pid-1302                             D  sensor_monitor: msm_therm Sensor wait.
2022-12-26 10:43:32.595  1302-1462  ThermalEngine           pid-1302                             D  sensor_wait: msm_therm Wait start. 1000ms
2022-12-26 10:43:32.595 22803-22913 AudioTrack              pid-22803                            V  obtainBuffer(192) returned 192 = 192 + 0 err 0
2022-12-26 10:43:32.616 22803-22913 chatty                  pid-22803                            I  uid=10213(com.inforcegames.app3dmodelling) AudioTrack identical 5 lines
2022-12-26 10:43:32.619 22803-22913 AudioTrack              pid-22803                            V  obtainBuffer(192) returned 192 = 192 + 0 err 0
2022-12-26 10:43:32.623 22803-22913 AudioTrack              pid-22803                            V  obtainBuffer(192) returned 192 = 64 + 128 err 0
2022-12-26 10:43:32.623 22803-22913 AudioTrack              pid-22803                            V  obtainBuffer(128) returned 128 = 128 + 0 err 0
2022-12-26 10:43:32.628 22803-22913 AudioTrack              pid-22803                            V  obtainBuffer(192) returned 192 = 192 + 0 err 0
2022-12-26 10:43:32.696 22803-22913 chatty                  pid-22803                            I  uid=10213(com.inforcegames.app3dmodelling) AudioTrack identical 17 lines
2022-12-26 10:43:32.699 22803-22913 AudioTrack              pid-22803                            V  obtainBuffer(192) returned 192 = 192 + 0 err 0
2022-12-26 10:43:32.702   745-745   SurfaceFlinger          pid-745                              D  duplicate layer name: changing com.inforcegames.app3dmodelling/com.unity3d.player.UnityPlayerActivity to com.inforcegames.app3dmodelling/com.unity3d.player.UnityPlayerActivity#1
2022-12-26 10:43:32.703 22803-22913 AudioTrack              pid-22803                            V  obtainBuffer(192) returned 192 = 192 + 0 err 0
2022-12-26 10:43:32.707 22803-22913 AudioTrack              pid-22803                            V  obtainBuffer(192) returned 192 = 128 + 64 err 0
2022-12-26 10:43:32.708 22803-22913 AudioTrack              pid-22803                            V  obtainBuffer(64) returned 64 = 64 + 0 err 0
2022-12-26 10:43:32.712 22803-22913 AudioTrack              pid-22803                            V  obtainBuffer(192) returned 192 = 192 + 0 err 0
2022-12-26 10:43:32.744 22803-22913 chatty                  pid-22803                            I  uid=10213(com.inforcegames.app3dmodelling) AudioTrack identical 8 lines
2022-12-26 10:43:32.747 22803-22913 AudioTrack              pid-22803                            V  obtainBuffer(192) returned 192 = 192 + 0 err 0
2022-12-26 10:43:32.751 22803-22913 AudioTrack              pid-22803                            V  obtainBuffer(192) returned 192 = 64 + 128 err 0
2022-12-26 10:43:32.751 22803-22913 AudioTrack              pid-22803                            V  obtainBuffer(128) returned 128 = 128 + 0 err 0
2022-12-26 10:43:32.755 22803-22913 AudioTrack              pid-22803                            V  obtainBuffer(192) returned 192 = 192 + 0 err 0
2022-12-26 10:43:32.763 22803-22913 chatty                  pid-22803                            I  uid=10213(com.inforcegames.app3dmodelling) AudioTrack identical 2 lines
2022-12-26 10:43:32.767 22803-22913 AudioTrack              pid-22803                            V  obtainBuffer(192) returned 192 = 192 + 0 err 0
2022-12-26 10:43:32.767 24985-24985 GoogleInpu...hodService pid-24985                            I  GoogleInputMethodService.onFinishInput():3227 
2022-12-26 10:43:32.768 24985-24985 GoogleInpu...hodService pid-24985                            I  GoogleInputMethodService.updateDeviceLockedStatus():2087 repeatCheckTimes = 0, unlocked = true
2022-12-26 10:43:32.769 24985-24985 GoogleInpu...hodService pid-24985                            I  GoogleInputMethodService.onStartInput():1877 onStartInput(EditorInfo{inputType=0x80001(Normal) imeOptions=0x2000006 privateImeOptions=null actionName=DONE actionLabel=null actionId=0 initialSelStart=20 initialSelEnd=20 initialCapsMode=0x0 hintText=empty label=null packageName=com.inforcegames.app3dmodelling fieldId=1057292289 fieldName=null extras=null}, false)
2022-12-26 10:43:32.769 24985-24985 GoogleInpu...hodService pid-24985                            I  GoogleInputMethodService.shouldHideHeaderOnInitialState():4008 ShouldHideHeaderOnInitialState = false
2022-12-26 10:43:32.769 22803-22803 .app3dmodellin          pid-22803                            E  No package ID 3f found for ID 0x3f050003.
2022-12-26 10:43:32.769 22803-22803 .app3dmodellin          pid-22803                            E  No package ID 3f found for ID 0x3f050001.
2022-12-26 10:43:32.770 22803-22803 .app3dmodellin          pid-22803                            E  No package ID 3f found for ID 0x3f050003.
2022-12-26 10:43:32.770 22803-22803 .app3dmodellin          pid-22803                            E  No package ID 3f found for ID 0x3f050002.
2022-12-26 10:43:32.770 22803-22803 .app3dmodellin          pid-22803                            E  No package ID 3f found for ID 0x3f050003.
2022-12-26 10:43:32.770 24985-24985 GoogleInpu...hodService pid-24985                            I  GoogleInputMethodService.updateDeviceLockedStatus():2087 repeatCheckTimes = 2, unlocked = true
2022-12-26 10:43:32.771 22803-22913 AudioTrack              pid-22803                            V  obtainBuffer(192) returned 192 = 192 + 0 err 0
2022-12-26 10:43:32.772 22803-22803 AssistStructure         pid-22803                            I  Flattened final assist data: 1988 bytes, containing 2 windows, 6 views
2022-12-26 10:43:32.774  2280-2300  CompatibilityInfo       pid-2280                             D  mCompatibilityFlags - 0
2022-12-26 10:43:32.774  2280-2300  CompatibilityInfo       pid-2280                             D  applicationDensity - 440
2022-12-26 10:43:32.774  2280-2300  CompatibilityInfo       pid-2280                             D  applicationScale - 1.0
2022-12-26 10:43:32.775 22803-22913 AudioTrack              pid-22803                            V  obtainBuffer(192) returned 192 = 192 + 0 err 0
2022-12-26 10:43:32.777 24985-24985 GoogleInpu...hodService pid-24985                            I  GoogleInputMethodService.onStartInputView():1995 onStartInputView(EditorInfo{inputType=0x80001(Normal) imeOptions=0x2000006 privateImeOptions=null actionName=DONE actionLabel=null actionId=0 initialSelStart=20 initialSelEnd=20 initialCapsMode=0x0 hintText=empty label=null packageName=com.inforcegames.app3dmodelling fieldId=1057292289 fieldName=null extras=null}, false)
2022-12-26 10:43:32.779 22803-22913 AudioTrack              pid-22803                            V  obtainBuffer(192) returned 192 = 192 + 0 err 0
2022-12-26 10:43:32.783 22803-22913 AudioTrack              pid-22803                            V  obtainBuffer(192) returned 192 = 192 + 0 err 0
2022-12-26 10:43:32.784 24985-25019 DeviceModeUtil          pid-24985                            I  DeviceModeUtil.getDeviceMode():122 Get device mode phone by ui mode:14 and smallestScreenWidthDp:392
2022-12-26 10:43:32.785 24985-24985 GoogleInpu...hodService pid-24985                            I  GoogleInputMethodService.updateDeviceLockedStatus():2087 repeatCheckTimes = 2, unlocked = true
2022-12-26 10:43:32.787 22803-22913 AudioTrack              pid-22803                            V  obtainBuffer(192) returned 192 = 192 + 0 err 0
2022-12-26 10:43:32.791   688-944   audio_hw_spkr_prot      pid-688                              D  audio_extn_fbsp_get_parameters: Speaker protection disabled
2022-12-26 10:43:32.791 24985-24985 ModuleManager           pid-24985                            W  ModuleManager.loadModule():450 Module erj is not available
2022-12-26 10:43:32.791   688-944   audio_hw_extn           pid-688                              D  audio_extn_get_parameters: returns 
2022-12-26 10:43:32.791 22803-22913 AudioTrack              pid-22803                            V  obtainBuffer(192) returned 192 = 192 + 0 err 0
2022-12-26 10:43:32.792   743-18565 hash_map_utils          pid-743                              I  key: 'hifi_mode' value: ''
2022-12-26 10:43:32.795 22803-29357 AudioManager            pid-22803                            D  getStreamVolume isRestricted mode = 0
2022-12-26 10:43:32.796 22803-22913 AudioTrack              pid-22803                            V  obtainBuffer(192) returned 192 = 192 + 0 err 0
2022-12-26 10:43:32.800 22803-22913 AudioTrack              pid-22803                            V  obtainBuffer(192) returned 192 = 192 + 0 err 0
2022-12-26 10:43:32.802   688-944   audio_hw_spkr_prot      pid-688                              D  audio_extn_fbsp_get_parameters: Speaker protection disabled
2022-12-26 10:43:32.802   688-944   audio_hw_extn           pid-688                              D  audio_extn_get_parameters: returns 
2022-12-26 10:43:32.803 22803-22913 AudioTrack              pid-22803                            V  obtainBuffer(192) returned 192 = 192 + 0 err 0
2022-12-26 10:43:32.803   743-18565 hash_map_utils          pid-743                              I  key: 'hifi_mode' value: ''
2022-12-26 10:43:32.804  2280-2290  AssistStructure         pid-2280                             I  Flattened final assist data: 1812 bytes, containing 2 windows, 6 views
2022-12-26 10:43:32.808 22803-22913 AudioTrack              pid-22803                            V  obtainBuffer(192) returned 192 = 192 + 0 err 0
2022-12-26 10:43:32.808 32738-32738 sul                     pid-32738                            W  Pending fill request while another request in the same session was triggered. [CONTEXT service_id=177 ]
2022-12-26 10:43:32.812 22803-22913 AudioTrack              pid-22803                            V  obtainBuffer(192) returned 192 = 192 + 0 err 0
2022-12-26 10:43:32.827 22803-22913 chatty                  pid-22803                            I  uid=10213(com.inforcegames.app3dmodelling) AudioTrack identical 4 lines
2022-12-26 10:43:32.831 22803-22913 AudioTrack              pid-22803                            V  obtainBuffer(192) returned 192 = 192 + 0 err 0
2022-12-26 10:43:32.835 22803-22913 AudioTrack              pid-22803                            V  obtainBuffer(192) returned 192 = 128 + 64 err 0
2022-12-26 10:43:32.835 22803-22913 AudioTrack              pid-22803                            V  obtainBuffer(64) returned 64 = 64 + 0 err 0
2022-12-26 10:43:32.840 22803-22913 AudioTrack              pid-22803                            V  obtainBuffer(192) returned 192 = 192 + 0 err 0
2022-12-26 10:43:32.860 22803-22913 chatty                  pid-22803                            I  uid=10213(com.inforcegames.app3dmodelling) AudioTrack identical 5 lines
2022-12-26 10:43:32.863 22803-22913 AudioTrack              pid-22803                            V  obtainBuffer(192) returned 192 = 192 + 0 err 0
2022-12-26 10:43:32.865   688-944   audio_hw_spkr_prot      pid-688                              D  audio_extn_fbsp_get_parameters: Speaker protection disabled
2022-12-26 10:43:32.865   688-944   audio_hw_extn           pid-688                              D  audio_extn_get_parameters: returns 
2022-12-26 10:43:32.866   743-18565 hash_map_utils          pid-743                              I  key: 'hifi_mode' value: ''
2022-12-26 10:43:32.867 22803-22913 AudioTrack              pid-22803                            V  obtainBuffer(192) returned 192 = 192 + 0 err 0
2022-12-26 10:43:32.868 22803-29356 AudioManager            pid-22803                            D  getStreamVolume isRestricted mode = 0
2022-12-26 10:43:32.871   688-944   audio_hw_spkr_prot      pid-688                              D  audio_extn_fbsp_get_parameters: Speaker protection disabled
2022-12-26 10:43:32.871   688-944   audio_hw_extn           pid-688                              D  audio_extn_get_parameters: returns 
2022-12-26 10:43:32.872   743-18565 hash_map_utils          pid-743                              I  key: 'hifi_mode' value: ''
2022-12-26 10:43:32.872 22803-22913 AudioTrack              pid-22803                            V  obtainBuffer(192) returned 192 = 192 + 0 err 0
2022-12-26 10:43:32.876 22803-22913 AudioTrack              pid-22803                            V  obtainBuffer(192) returned 192 = 192 + 0 err 0
2022-12-26 10:43:32.879 22803-22913 AudioTrack              pid-22803                            V  obtainBuffer(192) returned 192 = 64 + 128 err 0
2022-12-26 10:43:32.879 22803-22913 AudioTrack              pid-22803                            V  obtainBuffer(128) returned 128 = 128 + 0 err 0
2022-12-26 10:43:32.883 22803-22913 AudioTrack              pid-22803                            V  obtainBuffer(192) returned 192 = 192 + 0 err 0
2022-12-26 10:43:32.904 22803-22913 chatty                  pid-22803                            I  uid=10213(com.inforcegames.app3dmodelling) AudioTrack identical 5 lines
2022-12-26 10:43:32.908 22803-22913 AudioTrack              pid-22803                            V  obtainBuffer(192) returned 192 = 192 + 0 err 0
2022-12-26 10:43:32.908 24985-24985 InputConnectionWrapper  pid-24985                            W  InputConnectionWrapper.recordDuration():1451 IPC IC_GET_SURROUNDING_TEXT took 116 ms
2022-12-26 10:43:32.910 24985-24985 KeyboardViewUtil        pid-24985                            I  KeyboardViewUtil.getKeyboardHeightRatio():189 systemKeyboardHeightRatio:1.000000; userKeyboardHeightRatio:1.000000.
2022-12-26 10:43:32.912 22803-22913 AudioTrack              pid-22803                            V  obtainBuffer(192) returned 192 = 192 + 0 err 0
2022-12-26 10:43:32.912 24985-24985 AndroidIME              pid-24985                            I  AbstractIme.onActivate():86 LatinIme.onActivate() : EditorInfo = inputType=0x80001(Normal) imeOptions=0x2000006 privateImeOptions=null actionName=DONE actionLabel=null actionId=0 initialSelStart=20 initialSelEnd=20 initialCapsMode=0x0 hintText=empty label=null packageName=com.inforcegames.app3dmodelling fieldId=1057292289 fieldName=null extras=null, IncognitoMode = false, DeviceLocked = false
2022-12-26 10:43:32.915 22803-22913 AudioTrack              pid-22803                            V  obtainBuffer(192) returned 192 = 192 + 0 err 0
2022-12-26 10:43:32.920 22803-22913 AudioTrack              pid-22803                            V  obtainBuffer(192) returned 192 = 192 + 0 err 0
2022-12-26 10:43:32.920 24985-24985 Delight5Facilitator     pid-24985                            I  Delight5Facilitator.initializeForIme():777 initializeForIme() : Locale = [en_GB], layout = qwerty
2022-12-26 10:43:32.922 24985-24985 VoiceInput...gerWrapper pid-24985                            I  VoiceInputManagerWrapper.cancelShutdown():55 cancelShutdown()
2022-12-26 10:43:32.922 24985-24985 VoiceInput...gerWrapper pid-24985                            I  VoiceInputManagerWrapper.syncLanguagePacks():67 syncLanguagePacks()
2022-12-26 10:43:32.923 24985-27405 SpeechFactory           pid-24985                            I  SpeechRecognitionFactory.maybeScheduleAutoPackDownloadForFallback():205 maybeScheduleAutoPackDownloadForFallback()
2022-12-26 10:43:32.923 24985-24985 LatinIme                pid-24985                            I  LatinIme.updateEnableInlineSuggestionsOnDecoderSideFlags():1003 inline flag updated to:false
2022-12-26 10:43:32.924 22803-22913 AudioTrack              pid-22803                            V  obtainBuffer(192) returned 192 = 192 + 0 err 0
2022-12-26 10:43:32.925 13316-13371 MobileSignalController  pid-13316                            D  onSignalStrengthsChanged: SignalStrength: 99 0 -120 -160 -120 -160 -1 21 -99 -9 138 2147483647 0 2147483647 99 255 2147483647 gsm|lte use_rsrp_and_rssnr_for_lte_level  [-120, -115, -110, -105, -97] [-115, -105, -95, -85]
2022-12-26 10:43:32.925 13316-13371 NetworkCon...troller(1) pid-13316                            D  4G level = 4
2022-12-26 10:43:32.927 22803-22913 AudioTrack              pid-22803                            V  obtainBuffer(192) returned 192 = 192 + 0 err 0
2022-12-26 10:43:32.931 22803-22913 chatty                  pid-22803                            I  uid=10213(com.inforcegames.app3dmodelling) AudioTrack identical 1 line
2022-12-26 10:43:32.936 22803-22913 AudioTrack              pid-22803                            V  obtainBuffer(192) returned 192 = 192 + 0 err 0
2022-12-26 10:43:32.939 24985-24985 KeyboardWrapper         pid-24985                            I  KeyboardWrapper.consumeEvent():275 Skip consuming an event as current keyboard is deactivated (state=0, keyboard existence=true)
2022-12-26 10:43:32.940 22803-22913 AudioTrack              pid-22803                            V  obtainBuffer(192) returned 192 = 192 + 0 err 0
2022-12-26 10:43:32.943 22803-22913 chatty                  pid-22803                            I  uid=10213(com.inforcegames.app3dmodelling) AudioTrack identical 1 line
2022-12-26 10:43:32.947 22803-22913 AudioTrack              pid-22803                            V  obtainBuffer(192) returned 192 = 192 + 0 err 0
2022-12-26 10:43:32.950 24985-24985 KeyboardViewUtil        pid-24985                            I  KeyboardViewUtil.calculateMaxKeyboardBodyHeight():40 leave 344 height for app when screen height:2150, header height:121 and isFullscreenMode:false, so the max keyboard body height is:1685
2022-12-26 10:43:32.952 22803-22913 AudioTrack              pid-22803                            V  obtainBuffer(192) returned 192 = 192 + 0 err 0
2022-12-26 10:43:32.953 24985-24985 DeviceModeUtil          pid-24985                            I  DeviceModeUtil.getDeviceMode():122 Get device mode phone by ui mode:14 and smallestScreenWidthDp:392
2022-12-26 10:43:32.954 24985-24985 DeviceModeUtil          pid-24985                            I  DeviceModeUtil.getDeviceMode():122 Get device mode phone by ui mode:14 and smallestScreenWidthDp:392
2022-12-26 10:43:32.955 24985-24985 GoogleInpu...hodService pid-24985                            I  GoogleInputMethodService.setKeyboardViewShown():3483 setKeyboardViewShown() : type = HEADER, shownType = SHOW_OPTIONAL
2022-12-26 10:43:32.955 24985-24985 GoogleInpu...hodService pid-24985                            I  GoogleInputMethodService.setKeyboardViewShown():3530 setKeyboardViewShown() : shouldShow = true
2022-12-26 10:43:32.955 22803-22913 AudioTrack              pid-22803                            V  obtainBuffer(192) returned 192 = 192 + 0 err 0
2022-12-26 10:43:32.956 24985-24985 GoogleInpu...hodService pid-24985                            I  GoogleInputMethodService.setKeyboardViewShown():3483 setKeyboardViewShown() : type = BODY, shownType = SHOW_MANDATORY
2022-12-26 10:43:32.956 24985-24985 GoogleInpu...hodService pid-24985                            I  GoogleInputMethodService.setKeyboardViewShown():3530 setKeyboardViewShown() : shouldShow = true
