2022-12-25 21:16:51.144 12683-12755 AudioTrack              pid-12683                            V  obtainBuffer(192) returned 192 = 192 + 0 err 0
2022-12-25 21:16:51.176 12683-12755 chatty                  pid-12683                            I  uid=10213(com.inforcegames.app3dmodelling) AudioTrack identical 8 lines
2022-12-25 21:16:51.180 12683-12755 AudioTrack              pid-12683                            V  obtainBuffer(192) returned 192 = 192 + 0 err 0
2022-12-25 21:16:51.185 12683-12755 AudioTrack              pid-12683                            V  obtainBuffer(192) returned 192 = 64 + 128 err 0
2022-12-25 21:16:51.185 12683-12755 AudioTrack              pid-12683                            V  obtainBuffer(128) returned 128 = 128 + 0 err 0
2022-12-25 21:16:51.188 12683-12755 AudioTrack              pid-12683                            V  obtainBuffer(192) returned 192 = 192 + 0 err 0
2022-12-25 21:16:51.260 12683-12755 chatty                  pid-12683                            I  uid=10213(com.inforcegames.app3dmodelling) AudioTrack identical 18 lines
2022-12-25 21:16:51.264 12683-12755 AudioTrack              pid-12683                            V  obtainBuffer(192) returned 192 = 192 + 0 err 0
2022-12-25 21:16:51.268 12683-12755 AudioTrack              pid-12683                            V  obtainBuffer(192) returned 192 = 128 + 64 err 0
2022-12-25 21:16:51.268 12683-12755 AudioTrack              pid-12683                            V  obtainBuffer(64) returned 64 = 64 + 0 err 0
2022-12-25 21:16:51.273 12683-12755 AudioTrack              pid-12683                            V  obtainBuffer(192) returned 192 = 192 + 0 err 0
2022-12-25 21:16:51.305 12683-12755 chatty                  pid-12683                            I  uid=10213(com.inforcegames.app3dmodelling) AudioTrack identical 8 lines
2022-12-25 21:16:51.308 12683-12755 AudioTrack              pid-12683                            V  obtainBuffer(192) returned 192 = 192 + 0 err 0
2022-12-25 21:16:51.312 12683-12755 AudioTrack              pid-12683                            V  obtainBuffer(192) returned 192 = 64 + 128 err 0
2022-12-25 21:16:51.312 12683-12755 AudioTrack              pid-12683                            V  obtainBuffer(128) returned 128 = 128 + 0 err 0
2022-12-25 21:16:51.316 12683-12755 AudioTrack              pid-12683                            V  obtainBuffer(192) returned 192 = 192 + 0 err 0
2022-12-25 21:16:51.388 12683-12755 chatty                  pid-12683                            I  uid=10213(com.inforcegames.app3dmodelling) AudioTrack identical 18 lines
2022-12-25 21:16:51.392 12683-12755 AudioTrack              pid-12683                            V  obtainBuffer(192) returned 192 = 192 + 0 err 0
2022-12-25 21:16:51.396 12683-12755 AudioTrack              pid-12683                            V  obtainBuffer(192) returned 192 = 128 + 64 err 0
2022-12-25 21:16:51.396 12683-12755 AudioTrack              pid-12683                            V  obtainBuffer(64) returned 64 = 64 + 0 err 0
2022-12-25 21:16:51.400 12683-12755 AudioTrack              pid-12683                            V  obtainBuffer(192) returned 192 = 192 + 0 err 0
2022-12-25 21:16:51.432 12683-12755 chatty                  pid-12683                            I  uid=10213(com.inforcegames.app3dmodelling) AudioTrack identical 8 lines
2022-12-25 21:16:51.436 12683-12755 AudioTrack              pid-12683                            V  obtainBuffer(192) returned 192 = 192 + 0 err 0
2022-12-25 21:16:51.440 12683-12755 AudioTrack              pid-12683                            V  obtainBuffer(192) returned 192 = 64 + 128 err 0
2022-12-25 21:16:51.440 12683-12755 AudioTrack              pid-12683                            V  obtainBuffer(128) returned 128 = 128 + 0 err 0
2022-12-25 21:16:51.445 12683-12755 AudioTrack              pid-12683                            V  obtainBuffer(192) returned 192 = 192 + 0 err 0
2022-12-25 21:16:51.512 12683-12755 chatty                  pid-12683                            I  uid=10213(com.inforcegames.app3dmodelling) AudioTrack identical 17 lines
2022-12-25 21:16:51.516 12683-12755 AudioTrack              pid-12683                            V  obtainBuffer(192) returned 192 = 192 + 0 err 0
2022-12-25 21:16:51.518   688-4296  audio_hw_spkr_prot      pid-688                              D  audio_extn_fbsp_get_parameters: Speaker protection disabled
2022-12-25 21:16:51.519   688-4296  audio_hw_extn           pid-688                              D  audio_extn_get_parameters: returns 
2022-12-25 21:16:51.519   743-18989 hash_map_utils          pid-743                              I  key: 'hifi_mode' value: ''
2022-12-25 21:16:51.520 12683-12755 AudioTrack              pid-12683                            V  obtainBuffer(192) returned 192 = 192 + 0 err 0
2022-12-25 21:16:51.524 12683-18131 AudioManager            pid-12683                            D  getStreamVolume isRestricted mode = 0
2022-12-25 21:16:51.525 12683-12755 AudioTrack              pid-12683                            V  obtainBuffer(192) returned 192 = 128 + 64 err 0
2022-12-25 21:16:51.525 12683-12755 AudioTrack              pid-12683                            V  obtainBuffer(64) returned 64 = 64 + 0 err 0
2022-12-25 21:16:51.527   688-4296  audio_hw_spkr_prot      pid-688                              D  audio_extn_fbsp_get_parameters: Speaker protection disabled
2022-12-25 21:16:51.527   688-4296  audio_hw_extn           pid-688                              D  audio_extn_get_parameters: returns 
2022-12-25 21:16:51.528   743-18989 hash_map_utils          pid-743                              I  key: 'hifi_mode' value: ''
2022-12-25 21:16:51.529 12683-12755 AudioTrack              pid-12683                            V  obtainBuffer(192) returned 192 = 192 + 0 err 0
2022-12-25 21:16:51.532 12683-12755 chatty                  pid-12683                            I  uid=10213(com.inforcegames.app3dmodelling) AudioTrack identical 1 line
2022-12-25 21:16:51.536 12683-12755 AudioTrack              pid-12683                            V  obtainBuffer(192) returned 192 = 192 + 0 err 0
2022-12-25 21:16:51.540  2820-5429  DPMJ                    pid-2820                             I  |REQ:RCVR| DPM creating socket
2022-12-25 21:16:51.541 12683-12755 AudioTrack              pid-12683                            V  obtainBuffer(192) returned 192 = 192 + 0 err 0
2022-12-25 21:16:51.560 12683-12755 chatty                  pid-12683                            I  uid=10213(com.inforcegames.app3dmodelling) AudioTrack identical 5 lines
2022-12-25 21:16:51.564 12683-12755 AudioTrack              pid-12683                            V  obtainBuffer(192) returned 192 = 192 + 0 err 0
2022-12-25 21:16:51.568 12683-12755 AudioTrack              pid-12683                            V  obtainBuffer(192) returned 192 = 64 + 128 err 0
2022-12-25 21:16:51.568 12683-12755 AudioTrack              pid-12683                            V  obtainBuffer(128) returned 128 = 128 + 0 err 0
2022-12-25 21:16:51.572 12683-12755 AudioTrack              pid-12683                            V  obtainBuffer(192) returned 192 = 192 + 0 err 0
2022-12-25 21:16:51.584 12683-12755 chatty                  pid-12683                            I  uid=10213(com.inforcegames.app3dmodelling) AudioTrack identical 3 lines
2022-12-25 21:16:51.588 12683-12755 AudioTrack              pid-12683                            V  obtainBuffer(192) returned 192 = 192 + 0 err 0
2022-12-25 21:16:51.589  1302-1462  ThermalEngine           pid-1302                             D  sensor_wait: msm_therm Wait done.
2022-12-25 21:16:51.590  1302-1462  ThermalEngine           pid-1302                             D  sensor_monitor: msm_therm Reading 40000 .
2022-12-25 21:16:51.590  1302-1462  ThermalEngine           pid-1302                             I  Sensor:msm_therm:40000 mC
2022-12-25 21:16:51.590  1302-1462  ThermalEngine           pid-1302                             D  update_active_thresh: msm_therm Active(1), Hi(1) 44000, Lo(0) -2147483648, desc(0) Interval(1) 1000
2022-12-25 21:16:51.590  1302-1462  ThermalEngine           pid-1302                             D  sensor_monitor: msm_therm Sensor wait.
2022-12-25 21:16:51.590  1302-1462  ThermalEngine           pid-1302                             D  sensor_wait: msm_therm Wait start. 1000ms
2022-12-25 21:16:51.592  1302-1463  ThermalEngine           pid-1302                             D  sensor_wait: quiet_therm Wait done.
2022-12-25 21:16:51.593 12683-12755 AudioTrack              pid-12683                            V  obtainBuffer(192) returned 192 = 192 + 0 err 0
2022-12-25 21:16:51.593  1302-1463  ThermalEngine           pid-1302                             D  sensor_monitor: quiet_therm Reading 38000 .
2022-12-25 21:16:51.593  1302-1463  ThermalEngine           pid-1302                             I  Sensor:quiet_therm:38000 mC
2022-12-25 21:16:51.593  1302-1463  ThermalEngine           pid-1302                             D  update_active_thresh: quiet_therm Active(1), Hi(1) 40000, Lo(0) -2147483648, desc(0) Interval(1) 1000
2022-12-25 21:16:51.593  1302-1463  ThermalEngine           pid-1302                             D  sensor_monitor: quiet_therm Sensor wait.
2022-12-25 21:16:51.593  1302-1463  ThermalEngine           pid-1302                             D  sensor_wait: quiet_therm Wait start. 1000ms
2022-12-25 21:16:51.596 12683-12755 AudioTrack              pid-12683                            V  obtainBuffer(192) returned 192 = 192 + 0 err 0
2022-12-25 21:16:51.644 12683-12755 chatty                  pid-12683                            I  uid=10213(com.inforcegames.app3dmodelling) AudioTrack identical 12 lines
2022-12-25 21:16:51.648 12683-12755 AudioTrack              pid-12683                            V  obtainBuffer(192) returned 192 = 192 + 0 err 0
2022-12-25 21:16:51.652 12683-12755 AudioTrack              pid-12683                            V  obtainBuffer(192) returned 192 = 128 + 64 err 0
2022-12-25 21:16:51.652 12683-12755 AudioTrack              pid-12683                            V  obtainBuffer(64) returned 64 = 64 + 0 err 0
2022-12-25 21:16:51.656 12683-12755 AudioTrack              pid-12683                            V  obtainBuffer(192) returned 192 = 192 + 0 err 0
2022-12-25 21:16:51.688 12683-12755 chatty                  pid-12683                            I  uid=10213(com.inforcegames.app3dmodelling) AudioTrack identical 8 lines
2022-12-25 21:16:51.692 12683-12755 AudioTrack              pid-12683                            V  obtainBuffer(192) returned 192 = 192 + 0 err 0
2022-12-25 21:16:51.697 12683-12755 AudioTrack              pid-12683                            V  obtainBuffer(192) returned 192 = 64 + 128 err 0
2022-12-25 21:16:51.697 12683-12755 AudioTrack              pid-12683                            V  obtainBuffer(128) returned 128 = 128 + 0 err 0
2022-12-25 21:16:51.700 12683-12755 AudioTrack              pid-12683                            V  obtainBuffer(192) returned 192 = 192 + 0 err 0
2022-12-25 21:16:51.773 12683-12755 chatty                  pid-12683                            I  uid=10213(com.inforcegames.app3dmodelling) AudioTrack identical 18 lines
2022-12-25 21:16:51.777 12683-12755 AudioTrack              pid-12683                            V  obtainBuffer(192) returned 192 = 192 + 0 err 0
2022-12-25 21:16:51.781 12683-12755 AudioTrack              pid-12683                            V  obtainBuffer(192) returned 192 = 128 + 64 err 0
2022-12-25 21:16:51.781 12683-12755 AudioTrack              pid-12683                            V  obtainBuffer(64) returned 64 = 64 + 0 err 0
2022-12-25 21:16:51.784 12683-12755 AudioTrack              pid-12683                            V  obtainBuffer(192) returned 192 = 192 + 0 err 0
2022-12-25 21:16:51.816 12683-12755 chatty                  pid-12683                            I  uid=10213(com.inforcegames.app3dmodelling) AudioTrack identical 8 lines
2022-12-25 21:16:51.821 12683-12755 AudioTrack              pid-12683                            V  obtainBuffer(192) returned 192 = 192 + 0 err 0
2022-12-25 21:16:51.825 12683-12755 AudioTrack              pid-12683                            V  obtainBuffer(192) returned 192 = 64 + 128 err 0
2022-12-25 21:16:51.825 12683-12755 AudioTrack              pid-12683                            V  obtainBuffer(128) returned 128 = 128 + 0 err 0
2022-12-25 21:16:51.828 12683-12755 AudioTrack              pid-12683                            V  obtainBuffer(192) returned 192 = 192 + 0 err 0
2022-12-25 21:16:51.900 12683-12755 chatty                  pid-12683                            I  uid=10213(com.inforcegames.app3dmodelling) AudioTrack identical 18 lines
2022-12-25 21:16:51.904 12683-12755 AudioTrack              pid-12683                            V  obtainBuffer(192) returned 192 = 192 + 0 err 0
2022-12-25 21:16:51.908 12683-12755 AudioTrack              pid-12683                            V  obtainBuffer(192) returned 192 = 128 + 64 err 0
2022-12-25 21:16:51.908 12683-12755 AudioTrack              pid-12683                            V  obtainBuffer(64) returned 64 = 64 + 0 err 0
2022-12-25 21:16:51.912 12683-12755 AudioTrack              pid-12683                            V  obtainBuffer(192) returned 192 = 192 + 0 err 0
2022-12-25 21:16:51.944 12683-12755 chatty                  pid-12683                            I  uid=10213(com.inforcegames.app3dmodelling) AudioTrack identical 8 lines
2022-12-25 21:16:51.948 12683-12755 AudioTrack              pid-12683                            V  obtainBuffer(192) returned 192 = 192 + 0 err 0
2022-12-25 21:16:51.953 12683-12755 AudioTrack              pid-12683                            V  obtainBuffer(192) returned 192 = 64 + 128 err 0
2022-12-25 21:16:51.953 12683-12755 AudioTrack              pid-12683                            V  obtainBuffer(128) returned 128 = 128 + 0 err 0
2022-12-25 21:16:51.956 12683-12755 AudioTrack              pid-12683                            V  obtainBuffer(192) returned 192 = 192 + 0 err 0
2022-12-25 21:16:52.028 12683-12755 chatty                  pid-12683                            I  uid=10213(com.inforcegames.app3dmodelling) AudioTrack identical 18 lines
2022-12-25 21:16:52.032 12683-12755 AudioTrack              pid-12683                            V  obtainBuffer(192) returned 192 = 192 + 0 err 0
2022-12-25 21:16:52.036 12683-12755 AudioTrack              pid-12683                            V  obtainBuffer(192) returned 192 = 128 + 64 err 0
2022-12-25 21:16:52.037 12683-12755 AudioTrack              pid-12683                            V  obtainBuffer(64) returned 64 = 64 + 0 err 0
2022-12-25 21:16:52.040 12683-12755 AudioTrack              pid-12683                            V  obtainBuffer(192) returned 192 = 192 + 0 err 0
2022-12-25 21:16:52.072 12683-12755 chatty                  pid-12683                            I  uid=10213(com.inforcegames.app3dmodelling) AudioTrack identical 8 lines
2022-12-25 21:16:52.076 12683-12755 AudioTrack              pid-12683                            V  obtainBuffer(192) returned 192 = 192 + 0 err 0
2022-12-25 21:16:52.080 12683-12755 AudioTrack              pid-12683                            V  obtainBuffer(192) returned 192 = 64 + 128 err 0
2022-12-25 21:16:52.080 12683-12755 AudioTrack              pid-12683                            V  obtainBuffer(128) returned 128 = 128 + 0 err 0
2022-12-25 21:16:52.084 12683-12755 AudioTrack              pid-12683                            V  obtainBuffer(192) returned 192 = 192 + 0 err 0
2022-12-25 21:16:52.156 12683-12755 chatty                  pid-12683                            I  uid=10213(com.inforcegames.app3dmodelling) AudioTrack identical 18 lines
2022-12-25 21:16:52.161 12683-12755 AudioTrack              pid-12683                            V  obtainBuffer(192) returned 192 = 192 + 0 err 0
2022-12-25 21:16:52.165 12683-12755 AudioTrack              pid-12683                            V  obtainBuffer(192) returned 192 = 128 + 64 err 0
2022-12-25 21:16:52.165 12683-12755 AudioTrack              pid-12683                            V  obtainBuffer(64) returned 64 = 64 + 0 err 0
2022-12-25 21:16:52.168 12683-12755 AudioTrack              pid-12683                            V  obtainBuffer(192) returned 192 = 192 + 0 err 0
2022-12-25 21:16:52.200 12683-12755 chatty                  pid-12683                            I  uid=10213(com.inforcegames.app3dmodelling) AudioTrack identical 8 lines
2022-12-25 21:16:52.204 12683-12755 AudioTrack              pid-12683                            V  obtainBuffer(192) returned 192 = 192 + 0 err 0
2022-12-25 21:16:52.208 12683-12755 AudioTrack              pid-12683                            V  obtainBuffer(192) returned 192 = 64 + 128 err 0
2022-12-25 21:16:52.208 12683-12755 AudioTrack              pid-12683                            V  obtainBuffer(128) returned 128 = 128 + 0 err 0
2022-12-25 21:16:52.212 12683-12755 AudioTrack              pid-12683                            V  obtainBuffer(192) returned 192 = 192 + 0 err 0
2022-12-25 21:16:52.213  1302-1457  ThermalEngine           pid-1302                             D  sensor_wait: backlight_therm Wait done.
2022-12-25 21:16:52.216  1302-1457  ThermalEngine           pid-1302                             D  sensor_monitor: backlight_therm Reading 37000 .
2022-12-25 21:16:52.216  1302-1457  ThermalEngine           pid-1302                             I  Sensor:backlight_therm:37000 mC
2022-12-25 21:16:52.216  1302-1457  ThermalEngine           pid-1302                             D  update_active_thresh: backlight_therm Active(1), Hi(1) 45000, Lo(0) -2147483648, desc(0) Interval(1) 2000
2022-12-25 21:16:52.216  1302-1457  ThermalEngine           pid-1302                             D  sensor_monitor: backlight_therm Sensor wait.
2022-12-25 21:16:52.216  1302-1457  ThermalEngine           pid-1302                             D  sensor_wait: backlight_therm Wait start. 2000ms
2022-12-25 21:16:52.216 12683-12755 AudioTrack              pid-12683                            V  obtainBuffer(192) returned 192 = 192 + 0 err 0
2022-12-25 21:16:52.285 12683-12755 chatty                  pid-12683                            I  uid=10213(com.inforcegames.app3dmodelling) AudioTrack identical 17 lines
2022-12-25 21:16:52.288 12683-12755 AudioTrack              pid-12683                            V  obtainBuffer(192) returned 192 = 192 + 0 err 0
2022-12-25 21:16:52.292 12683-12755 AudioTrack              pid-12683                            V  obtainBuffer(192) returned 192 = 128 + 64 err 0
2022-12-25 21:16:52.292 12683-12755 AudioTrack              pid-12683                            V  obtainBuffer(64) returned 64 = 64 + 0 err 0
2022-12-25 21:16:52.296 12683-12755 AudioTrack              pid-12683                            V  obtainBuffer(192) returned 192 = 192 + 0 err 0
2022-12-25 21:16:52.328 12683-12755 chatty                  pid-12683                            I  uid=10213(com.inforcegames.app3dmodelling) AudioTrack identical 8 lines
2022-12-25 21:16:52.332 12683-12755 AudioTrack              pid-12683                            V  obtainBuffer(192) returned 192 = 192 + 0 err 0
2022-12-25 21:16:52.336 12683-12755 AudioTrack              pid-12683                            V  obtainBuffer(192) returned 192 = 64 + 128 err 0
2022-12-25 21:16:52.336 12683-12755 AudioTrack              pid-12683                            V  obtainBuffer(128) returned 128 = 128 + 0 err 0
2022-12-25 21:16:52.340 12683-12755 AudioTrack              pid-12683                            V  obtainBuffer(192) returned 192 = 192 + 0 err 0
2022-12-25 21:16:52.412 12683-12755 chatty                  pid-12683                            I  uid=10213(com.inforcegames.app3dmodelling) AudioTrack identical 18 lines
2022-12-25 21:16:52.416 12683-12755 AudioTrack              pid-12683                            V  obtainBuffer(192) returned 192 = 192 + 0 err 0
2022-12-25 21:16:52.420 12683-12755 AudioTrack              pid-12683                            V  obtainBuffer(192) returned 192 = 128 + 64 err 0
2022-12-25 21:16:52.421 12683-12755 AudioTrack              pid-12683                            V  obtainBuffer(64) returned 64 = 64 + 0 err 0
2022-12-25 21:16:52.424 12683-12755 AudioTrack              pid-12683                            V  obtainBuffer(192) returned 192 = 192 + 0 err 0
2022-12-25 21:16:52.456 12683-12755 chatty                  pid-12683                            I  uid=10213(com.inforcegames.app3dmodelling) AudioTrack identical 8 lines
2022-12-25 21:16:52.460 12683-12755 AudioTrack              pid-12683                            V  obtainBuffer(192) returned 192 = 192 + 0 err 0
2022-12-25 21:16:52.464 12683-12755 AudioTrack              pid-12683                            V  obtainBuffer(192) returned 192 = 64 + 128 err 0
2022-12-25 21:16:52.465 12683-12755 AudioTrack              pid-12683                            V  obtainBuffer(128) returned 128 = 128 + 0 err 0
2022-12-25 21:16:52.468 12683-12755 AudioTrack              pid-12683                            V  obtainBuffer(192) returned 192 = 192 + 0 err 0
2022-12-25 21:16:52.540 12683-12755 chatty                  pid-12683                            I  uid=10213(com.inforcegames.app3dmodelling) AudioTrack identical 18 lines
2022-12-25 21:16:52.545 12683-12755 AudioTrack              pid-12683                            V  obtainBuffer(192) returned 192 = 192 + 0 err 0
2022-12-25 21:16:52.548 12683-12755 AudioTrack              pid-12683                            V  obtainBuffer(192) returned 192 = 128 + 64 err 0
2022-12-25 21:16:52.549 12683-12755 AudioTrack              pid-12683                            V  obtainBuffer(64) returned 64 = 64 + 0 err 0
2022-12-25 21:16:52.552 12683-12755 AudioTrack              pid-12683                            V  obtainBuffer(192) returned 192 = 192 + 0 err 0
2022-12-25 21:16:52.584 12683-12755 chatty                  pid-12683                            I  uid=10213(com.inforcegames.app3dmodelling) AudioTrack identical 8 lines
2022-12-25 21:16:52.588 12683-12755 AudioTrack              pid-12683                            V  obtainBuffer(192) returned 192 = 192 + 0 err 0
2022-12-25 21:16:52.591  1302-1462  ThermalEngine           pid-1302                             D  sensor_wait: msm_therm Wait done.
2022-12-25 21:16:52.592  1302-1462  ThermalEngine           pid-1302                             D  sensor_monitor: msm_therm Reading 40000 .
2022-12-25 21:16:52.592  1302-1462  ThermalEngine           pid-1302                             I  Sensor:msm_therm:40000 mC
2022-12-25 21:16:52.592  1302-1462  ThermalEngine           pid-1302                             D  update_active_thresh: msm_therm Active(1), Hi(1) 44000, Lo(0) -2147483648, desc(0) Interval(1) 1000
2022-12-25 21:16:52.592  1302-1462  ThermalEngine           pid-1302                             D  sensor_monitor: msm_therm Sensor wait.
2022-12-25 21:16:52.592  1302-1462  ThermalEngine           pid-1302                             D  sensor_wait: msm_therm Wait start. 1000ms
2022-12-25 21:16:52.592 12683-12755 AudioTrack              pid-12683                            V  obtainBuffer(192) returned 192 = 64 + 128 err 0
2022-12-25 21:16:52.593 12683-12755 AudioTrack              pid-12683                            V  obtainBuffer(128) returned 128 = 128 + 0 err 0
2022-12-25 21:16:52.593  1302-1463  ThermalEngine           pid-1302                             D  sensor_wait: quiet_therm Wait done.
2022-12-25 21:16:52.595  1302-1463  ThermalEngine           pid-1302                             D  sensor_monitor: quiet_therm Reading 38000 .
2022-12-25 21:16:52.595  1302-1463  ThermalEngine           pid-1302                             I  Sensor:quiet_therm:38000 mC
2022-12-25 21:16:52.595  1302-1463  ThermalEngine           pid-1302                             D  update_active_thresh: quiet_therm Active(1), Hi(1) 40000, Lo(0) -2147483648, desc(0) Interval(1) 1000
2022-12-25 21:16:52.595  1302-1463  ThermalEngine           pid-1302                             D  sensor_monitor: quiet_therm Sensor wait.
2022-12-25 21:16:52.595  1302-1463  ThermalEngine           pid-1302                             D  sensor_wait: quiet_therm Wait start. 1000ms
2022-12-25 21:16:52.597 12683-12755 AudioTrack              pid-12683                            V  obtainBuffer(192) returned 192 = 192 + 0 err 0
2022-12-25 21:16:52.668 12683-12755 chatty                  pid-12683                            I  uid=10213(com.inforcegames.app3dmodelling) AudioTrack identical 18 lines
2022-12-25 21:16:52.673 12683-12755 AudioTrack              pid-12683                            V  obtainBuffer(192) returned 192 = 192 + 0 err 0
2022-12-25 21:16:52.676 12683-12755 AudioTrack              pid-12683                            V  obtainBuffer(192) returned 192 = 128 + 64 err 0
2022-12-25 21:16:52.676 12683-12755 AudioTrack              pid-12683                            V  obtainBuffer(64) returned 64 = 64 + 0 err 0
2022-12-25 21:16:52.681 12683-12755 AudioTrack              pid-12683                            V  obtainBuffer(192) returned 192 = 192 + 0 err 0
2022-12-25 21:16:52.712 12683-12755 chatty                  pid-12683                            I  uid=10213(com.inforcegames.app3dmodelling) AudioTrack identical 8 lines
2022-12-25 21:16:52.717 12683-12755 AudioTrack              pid-12683                            V  obtainBuffer(192) returned 192 = 192 + 0 err 0
2022-12-25 21:16:52.721 12683-12755 AudioTrack              pid-12683                            V  obtainBuffer(192) returned 192 = 64 + 128 err 0
2022-12-25 21:16:52.721 12683-12755 AudioTrack              pid-12683                            V  obtainBuffer(128) returned 128 = 128 + 0 err 0
2022-12-25 21:16:52.724 12683-12755 AudioTrack              pid-12683                            V  obtainBuffer(192) returned 192 = 192 + 0 err 0
2022-12-25 21:16:52.796 12683-12755 chatty                  pid-12683                            I  uid=10213(com.inforcegames.app3dmodelling) AudioTrack identical 18 lines
2022-12-25 21:16:52.800 12683-12755 AudioTrack              pid-12683                            V  obtainBuffer(192) returned 192 = 192 + 0 err 0
2022-12-25 21:16:52.804 12683-12755 AudioTrack              pid-12683                            V  obtainBuffer(192) returned 192 = 128 + 64 err 0
2022-12-25 21:16:52.804 12683-12755 AudioTrack              pid-12683                            V  obtainBuffer(64) returned 64 = 64 + 0 err 0
2022-12-25 21:16:52.808 12683-12755 AudioTrack              pid-12683                            V  obtainBuffer(192) returned 192 = 192 + 0 err 0
2022-12-25 21:16:52.836 12683-12755 chatty                  pid-12683                            I  uid=10213(com.inforcegames.app3dmodelling) AudioTrack identical 7 lines
2022-12-25 21:16:52.840 12683-12755 AudioTrack              pid-12683                            V  obtainBuffer(192) returned 192 = 192 + 0 err 0
2022-12-25 21:16:52.843 19385-19421 A                       pid-19385                            E  (REDACTED) Trace %s timed out after %d ms. Complete trace: %s
                                                                                                    com.google.apps.tiktok.tracing.fo: 
                                                                                                    	at tk_trace.StartupAfterPackageReplaced(Started After:135373)
                                                                                                    	at tk_trace.AfterPackageReplaced(Started After:0)
                                                                                                    	at tk_trace.Startup Listeners(Started After:0)
                                                                                                    	at tk_trace.Application.onCreate(Started After:0)
                                                                                                    	at tk_trace.Application creation(Started After)
2022-12-25 21:16:52.845 12683-12755 AudioTrack              pid-12683                            V  obtainBuffer(192) returned 192 = 192 + 0 err 0
2022-12-25 21:16:52.849 12683-12755 AudioTrack              pid-12683                            V  obtainBuffer(192) returned 192 = 64 + 128 err 0
2022-12-25 21:16:52.849 12683-12755 AudioTrack              pid-12683                            V  obtainBuffer(128) returned 128 = 128 + 0 err 0
2022-12-25 21:16:52.852 12683-12755 AudioTrack              pid-12683                            V  obtainBuffer(192) returned 192 = 192 + 0 err 0
2022-12-25 21:16:52.924 12683-12755 chatty                  pid-12683                            I  uid=10213(com.inforcegames.app3dmodelling) AudioTrack identical 18 lines
2022-12-25 21:16:52.928 12683-12755 AudioTrack              pid-12683                            V  obtainBuffer(192) returned 192 = 192 + 0 err 0
2022-12-25 21:16:52.932 12683-12755 AudioTrack              pid-12683                            V  obtainBuffer(192) returned 192 = 128 + 64 err 0
2022-12-25 21:16:52.932 12683-12755 AudioTrack              pid-12683                            V  obtainBuffer(64) returned 64 = 64 + 0 err 0
2022-12-25 21:16:52.936 12683-12755 AudioTrack              pid-12683                            V  obtainBuffer(192) returned 192 = 192 + 0 err 0
2022-12-25 21:16:52.968 12683-12755 chatty                  pid-12683                            I  uid=10213(com.inforcegames.app3dmodelling) AudioTrack identical 8 lines
2022-12-25 21:16:52.972 12683-12755 AudioTrack              pid-12683                            V  obtainBuffer(192) returned 192 = 192 + 0 err 0
2022-12-25 21:16:52.976 12683-12755 AudioTrack              pid-12683                            V  obtainBuffer(192) returned 192 = 64 + 128 err 0
2022-12-25 21:16:52.976 12683-12755 AudioTrack              pid-12683                            V  obtainBuffer(128) returned 128 = 128 + 0 err 0
2022-12-25 21:16:52.980 12683-12755 AudioTrack              pid-12683                            V  obtainBuffer(192) returned 192 = 192 + 0 err 0
2022-12-25 21:16:53.053 12683-12755 chatty                  pid-12683                            I  uid=10213(com.inforcegames.app3dmodelling) AudioTrack identical 18 lines
2022-12-25 21:16:53.057 12683-12755 AudioTrack              pid-12683                            V  obtainBuffer(192) returned 192 = 192 + 0 err 0
2022-12-25 21:16:53.060 12683-12755 AudioTrack              pid-12683                            V  obtainBuffer(192) returned 192 = 128 + 64 err 0
2022-12-25 21:16:53.060 12683-12755 AudioTrack              pid-12683                            V  obtainBuffer(64) returned 64 = 64 + 0 err 0
2022-12-25 21:16:53.065 12683-12755 AudioTrack              pid-12683                            V  obtainBuffer(192) returned 192 = 192 + 0 err 0
2022-12-25 21:16:53.096 12683-12755 chatty                  pid-12683                            I  uid=10213(com.inforcegames.app3dmodelling) AudioTrack identical 8 lines
2022-12-25 21:16:53.100 12683-12755 AudioTrack              pid-12683                            V  obtainBuffer(192) returned 192 = 192 + 0 err 0
2022-12-25 21:16:53.105 12683-12755 AudioTrack              pid-12683                            V  obtainBuffer(192) returned 192 = 64 + 128 err 0
2022-12-25 21:16:53.105 12683-12755 AudioTrack              pid-12683                            V  obtainBuffer(128) returned 128 = 128 + 0 err 0
2022-12-25 21:16:53.108 12683-12755 AudioTrack              pid-12683                            V  obtainBuffer(192) returned 192 = 192 + 0 err 0
2022-12-25 21:16:53.180 12683-12755 chatty                  pid-12683                            I  uid=10213(com.inforcegames.app3dmodelling) AudioTrack identical 18 lines
2022-12-25 21:16:53.184 12683-12755 AudioTrack              pid-12683                            V  obtainBuffer(192) returned 192 = 192 + 0 err 0
2022-12-25 21:16:53.188 12683-12755 AudioTrack              pid-12683                            V  obtainBuffer(192) returned 192 = 128 + 64 err 0
2022-12-25 21:16:53.188 12683-12755 AudioTrack              pid-12683                            V  obtainBuffer(64) returned 64 = 64 + 0 err 0
2022-12-25 21:16:53.192 12683-12755 AudioTrack              pid-12683                            V  obtainBuffer(192) returned 192 = 192 + 0 err 0
2022-12-25 21:16:53.224 12683-12755 chatty                  pid-12683                            I  uid=10213(com.inforcegames.app3dmodelling) AudioTrack identical 8 lines
2022-12-25 21:16:53.228 12683-12755 AudioTrack              pid-12683                            V  obtainBuffer(192) returned 192 = 192 + 0 err 0
2022-12-25 21:16:53.232 12683-12755 AudioTrack              pid-12683                            V  obtainBuffer(192) returned 192 = 64 + 128 err 0
2022-12-25 21:16:53.232 12683-12755 AudioTrack              pid-12683                            V  obtainBuffer(128) returned 128 = 128 + 0 err 0
2022-12-25 21:16:53.237 12683-12755 AudioTrack              pid-12683                            V  obtainBuffer(192) returned 192 = 192 + 0 err 0
2022-12-25 21:16:53.252 12683-12755 chatty                  pid-12683                            I  uid=10213(com.inforcegames.app3dmodelling) AudioTrack identical 4 lines
2022-12-25 21:16:53.256 12683-12755 AudioTrack              pid-12683                            V  obtainBuffer(192) returned 192 = 192 + 0 err 0
2022-12-25 21:16:53.259 19385-19385 A                       pid-19385                            I  Trimming objects from memory, since app is in the background.
2022-12-25 21:16:53.260 12683-12755 AudioTrack              pid-12683                            V  obtainBuffer(192) returned 192 = 192 + 0 err 0
2022-12-25 21:16:53.308 12683-12755 chatty                  pid-12683                            I  uid=10213(com.inforcegames.app3dmodelling) AudioTrack identical 12 lines
2022-12-25 21:16:53.312 12683-12755 AudioTrack              pid-12683                            V  obtainBuffer(192) returned 192 = 192 + 0 err 0
2022-12-25 21:16:53.316 12683-12755 AudioTrack              pid-12683                            V  obtainBuffer(192) returned 192 = 128 + 64 err 0
2022-12-25 21:16:53.316 12683-12755 AudioTrack              pid-12683                            V  obtainBuffer(64) returned 64 = 64 + 0 err 0
2022-12-25 21:16:53.320 12683-12755 AudioTrack              pid-12683                            V  obtainBuffer(192) returned 192 = 192 + 0 err 0
2022-12-25 21:16:53.352 12683-12755 chatty                  pid-12683                            I  uid=10213(com.inforcegames.app3dmodelling) AudioTrack identical 8 lines
2022-12-25 21:16:53.356 12683-12755 AudioTrack              pid-12683                            V  obtainBuffer(192) returned 192 = 192 + 0 err 0
2022-12-25 21:16:53.360 12683-12755 AudioTrack              pid-12683                            V  obtainBuffer(192) returned 192 = 64 + 128 err 0
2022-12-25 21:16:53.360 12683-12755 AudioTrack              pid-12683                            V  obtainBuffer(128) returned 128 = 128 + 0 err 0
2022-12-25 21:16:53.364 12683-12755 AudioTrack              pid-12683                            V  obtainBuffer(192) returned 192 = 192 + 0 err 0
2022-12-25 21:16:53.437 12683-12755 chatty                  pid-12683                            I  uid=10213(com.inforcegames.app3dmodelling) AudioTrack identical 18 lines
2022-12-25 21:16:53.440 12683-12755 AudioTrack              pid-12683                            V  obtainBuffer(192) returned 192 = 192 + 0 err 0
2022-12-25 21:16:53.444 12683-12755 AudioTrack              pid-12683                            V  obtainBuffer(192) returned 192 = 128 + 64 err 0
2022-12-25 21:16:53.444 12683-12755 AudioTrack              pid-12683                            V  obtainBuffer(64) returned 64 = 64 + 0 err 0
2022-12-25 21:16:53.449 12683-12755 AudioTrack              pid-12683                            V  obtainBuffer(192) returned 192 = 192 + 0 err 0
2022-12-25 21:16:53.480 12683-12755 chatty                  pid-12683                            I  uid=10213(com.inforcegames.app3dmodelling) AudioTrack identical 8 lines
2022-12-25 21:16:53.485 12683-12755 AudioTrack              pid-12683                            V  obtainBuffer(192) returned 192 = 192 + 0 err 0
2022-12-25 21:16:53.489 12683-12755 AudioTrack              pid-12683                            V  obtainBuffer(192) returned 192 = 64 + 128 err 0
2022-12-25 21:16:53.489 12683-12755 AudioTrack              pid-12683                            V  obtainBuffer(128) returned 128 = 128 + 0 err 0
2022-12-25 21:16:53.493 12683-12755 AudioTrack              pid-12683                            V  obtainBuffer(192) returned 192 = 192 + 0 err 0
2022-12-25 21:16:53.564 12683-12755 chatty                  pid-12683                            I  uid=10213(com.inforcegames.app3dmodelling) AudioTrack identical 18 lines
2022-12-25 21:16:53.568 12683-12755 AudioTrack              pid-12683                            V  obtainBuffer(192) returned 192 = 192 + 0 err 0
2022-12-25 21:16:53.573 12683-12755 AudioTrack              pid-12683                            V  obtainBuffer(192) returned 192 = 128 + 64 err 0
2022-12-25 21:16:53.573 12683-12755 AudioTrack              pid-12683                            V  obtainBuffer(64) returned 64 = 64 + 0 err 0
2022-12-25 21:16:53.576 12683-12755 AudioTrack              pid-12683                            V  obtainBuffer(192) returned 192 = 192 + 0 err 0
2022-12-25 21:16:53.585 12683-12755 chatty                  pid-12683                            I  uid=10213(com.inforcegames.app3dmodelling) AudioTrack identical 2 lines
2022-12-25 21:16:53.588 12683-12755 AudioTrack              pid-12683                            V  obtainBuffer(192) returned 192 = 192 + 0 err 0
2022-12-25 21:16:53.590   688-4296  audio_hw_spkr_prot      pid-688                              D  audio_extn_fbsp_get_parameters: Speaker protection disabled
2022-12-25 21:16:53.590   688-4296  audio_hw_extn           pid-688                              D  audio_extn_get_parameters: returns 
2022-12-25 21:16:53.591   743-18989 hash_map_utils          pid-743                              I  key: 'hifi_mode' value: ''
2022-12-25 21:16:53.592  1302-1462  ThermalEngine           pid-1302                             D  sensor_wait: msm_therm Wait done.
2022-12-25 21:16:53.592 12683-12755 AudioTrack              pid-12683                            V  obtainBuffer(192) returned 192 = 192 + 0 err 0
2022-12-25 21:16:53.594  1302-1462  ThermalEngine           pid-1302                             D  sensor_monitor: msm_therm Reading 40000 .
2022-12-25 21:16:53.594  1302-1462  ThermalEngine           pid-1302                             I  Sensor:msm_therm:40000 mC
2022-12-25 21:16:53.594  1302-1462  ThermalEngine           pid-1302                             D  update_active_thresh: msm_therm Active(1), Hi(1) 44000, Lo(0) -2147483648, desc(0) Interval(1) 1000
2022-12-25 21:16:53.594  1302-1462  ThermalEngine           pid-1302                             D  sensor_monitor: msm_therm Sensor wait.
2022-12-25 21:16:53.594  1302-1462  ThermalEngine           pid-1302                             D  sensor_wait: msm_therm Wait start. 1000ms
2022-12-25 21:16:53.595  1302-1463  ThermalEngine           pid-1302                             D  sensor_wait: quiet_therm Wait done.
2022-12-25 21:16:53.595 12683-18131 AudioManager            pid-12683                            D  getStreamVolume isRestricted mode = 0
2022-12-25 21:16:53.596  1302-1463  ThermalEngine           pid-1302                             D  sensor_monitor: quiet_therm Reading 38000 .
2022-12-25 21:16:53.596  1302-1463  ThermalEngine           pid-1302                             I  Sensor:quiet_therm:38000 mC
2022-12-25 21:16:53.596  1302-1463  ThermalEngine           pid-1302                             D  update_active_thresh: quiet_therm Active(1), Hi(1) 40000, Lo(0) -2147483648, desc(0) Interval(1) 1000
2022-12-25 21:16:53.596  1302-1463  ThermalEngine           pid-1302                             D  sensor_monitor: quiet_therm Sensor wait.
2022-12-25 21:16:53.596  1302-1463  ThermalEngine           pid-1302                             D  sensor_wait: quiet_therm Wait start. 1000ms
2022-12-25 21:16:53.596 12683-12755 AudioTrack              pid-12683                            V  obtainBuffer(192) returned 192 = 192 + 0 err 0
2022-12-25 21:16:53.601 12683-12755 chatty                  pid-12683                            I  uid=10213(com.inforcegames.app3dmodelling) AudioTrack identical 1 line
2022-12-25 21:16:53.604 12683-12755 AudioTrack              pid-12683                            V  obtainBuffer(192) returned 192 = 192 + 0 err 0
2022-12-25 21:16:53.605   688-4296  audio_hw_spkr_prot      pid-688                              D  audio_extn_fbsp_get_parameters: Speaker protection disabled
2022-12-25 21:16:53.605   688-4296  audio_hw_extn           pid-688                              D  audio_extn_get_parameters: returns 
2022-12-25 21:16:53.606   743-8567  hash_map_utils          pid-743                              I  key: 'hifi_mode' value: ''
2022-12-25 21:16:53.609 12683-12755 AudioTrack              pid-12683                            V  obtainBuffer(192) returned 192 = 192 + 0 err 0
2022-12-25 21:16:53.612 12683-12755 AudioTrack              pid-12683                            V  obtainBuffer(192) returned 192 = 192 + 0 err 0
2022-12-25 21:16:53.616 12683-12755 AudioTrack              pid-12683                            V  obtainBuffer(192) returned 192 = 64 + 128 err 0
2022-12-25 21:16:53.616 12683-12755 AudioTrack              pid-12683                            V  obtainBuffer(128) returned 128 = 128 + 0 err 0
2022-12-25 21:16:53.620 12683-12755 AudioTrack              pid-12683                            V  obtainBuffer(192) returned 192 = 192 + 0 err 0
2022-12-25 21:16:53.692 12683-12755 chatty                  pid-12683                            I  uid=10213(com.inforcegames.app3dmodelling) AudioTrack identical 18 lines
2022-12-25 21:16:53.696 12683-12755 AudioTrack              pid-12683                            V  obtainBuffer(192) returned 192 = 192 + 0 err 0
2022-12-25 21:16:53.701 12683-12755 AudioTrack              pid-12683                            V  obtainBuffer(192) returned 192 = 128 + 64 err 0
2022-12-25 21:16:53.701 12683-12755 AudioTrack              pid-12683                            V  obtainBuffer(64) returned 64 = 64 + 0 err 0
2022-12-25 21:16:53.704 12683-12755 AudioTrack              pid-12683                            V  obtainBuffer(192) returned 192 = 192 + 0 err 0
2022-12-25 21:16:53.736 12683-12755 chatty                  pid-12683                            I  uid=10213(com.inforcegames.app3dmodelling) AudioTrack identical 8 lines
2022-12-25 21:16:53.740 12683-12755 AudioTrack              pid-12683                            V  obtainBuffer(192) returned 192 = 192 + 0 err 0
2022-12-25 21:16:53.744 12683-12755 AudioTrack              pid-12683                            V  obtainBuffer(192) returned 192 = 64 + 128 err 0
2022-12-25 21:16:53.744 12683-12755 AudioTrack              pid-12683                            V  obtainBuffer(128) returned 128 = 128 + 0 err 0
2022-12-25 21:16:53.749 12683-12755 AudioTrack              pid-12683                            V  obtainBuffer(192) returned 192 = 192 + 0 err 0
2022-12-25 21:16:53.820 12683-12755 chatty                  pid-12683                            I  uid=10213(com.inforcegames.app3dmodelling) AudioTrack identical 18 lines
2022-12-25 21:16:53.824 12683-12755 AudioTrack              pid-12683                            V  obtainBuffer(192) returned 192 = 192 + 0 err 0
2022-12-25 21:16:53.828 12683-12755 AudioTrack              pid-12683                            V  obtainBuffer(192) returned 192 = 128 + 64 err 0
2022-12-25 21:16:53.828 12683-12755 AudioTrack              pid-12683                            V  obtainBuffer(64) returned 64 = 64 + 0 err 0
2022-12-25 21:16:53.833 12683-12755 AudioTrack              pid-12683                            V  obtainBuffer(192) returned 192 = 192 + 0 err 0
2022-12-25 21:16:53.864 12683-12755 chatty                  pid-12683                            I  uid=10213(com.inforcegames.app3dmodelling) AudioTrack identical 8 lines
2022-12-25 21:16:53.868 12683-12755 AudioTrack              pid-12683                            V  obtainBuffer(192) returned 192 = 192 + 0 err 0
2022-12-25 21:16:53.872 12683-12755 AudioTrack              pid-12683                            V  obtainBuffer(192) returned 192 = 64 + 128 err 0
2022-12-25 21:16:53.873 12683-12755 AudioTrack              pid-12683                            V  obtainBuffer(128) returned 128 = 128 + 0 err 0
2022-12-25 21:16:53.876 12683-12755 AudioTrack              pid-12683                            V  obtainBuffer(192) returned 192 = 192 + 0 err 0
2022-12-25 21:16:53.948 12683-12755 chatty                  pid-12683                            I  uid=10213(com.inforcegames.app3dmodelling) AudioTrack identical 18 lines
2022-12-25 21:16:53.952 12683-12755 AudioTrack              pid-12683                            V  obtainBuffer(192) returned 192 = 192 + 0 err 0
2022-12-25 21:16:53.956 12683-12755 AudioTrack              pid-12683                            V  obtainBuffer(192) returned 192 = 128 + 64 err 0
2022-12-25 21:16:53.956 12683-12755 AudioTrack              pid-12683                            V  obtainBuffer(64) returned 64 = 64 + 0 err 0
2022-12-25 21:16:53.961 12683-12755 AudioTrack              pid-12683                            V  obtainBuffer(192) returned 192 = 192 + 0 err 0
2022-12-25 21:16:53.992 12683-12755 chatty                  pid-12683                            I  uid=10213(com.inforcegames.app3dmodelling) AudioTrack identical 8 lines
2022-12-25 21:16:53.996 12683-12755 AudioTrack              pid-12683                            V  obtainBuffer(192) returned 192 = 192 + 0 err 0
2022-12-25 21:16:54.000 12683-12755 AudioTrack              pid-12683                            V  obtainBuffer(192) returned 192 = 64 + 128 err 0
2022-12-25 21:16:54.001 12683-12755 AudioTrack              pid-12683                            V  obtainBuffer(128) returned 128 = 128 + 0 err 0
2022-12-25 21:16:54.005 12683-12755 AudioTrack              pid-12683                            V  obtainBuffer(192) returned 192 = 192 + 0 err 0
2022-12-25 21:16:54.076 12683-12755 chatty                  pid-12683                            I  uid=10213(com.inforcegames.app3dmodelling) AudioTrack identical 18 lines
2022-12-25 21:16:54.081 12683-12755 AudioTrack              pid-12683                            V  obtainBuffer(192) returned 192 = 192 + 0 err 0
2022-12-25 21:16:54.085 12683-12755 AudioTrack              pid-12683                            V  obtainBuffer(192) returned 192 = 128 + 64 err 0
2022-12-25 21:16:54.085 12683-12755 AudioTrack              pid-12683                            V  obtainBuffer(64) returned 64 = 64 + 0 err 0
2022-12-25 21:16:54.089 12683-12755 AudioTrack              pid-12683                            V  obtainBuffer(192) returned 192 = 192 + 0 err 0
2022-12-25 21:16:54.120 12683-12755 chatty                  pid-12683                            I  uid=10213(com.inforcegames.app3dmodelling) AudioTrack identical 8 lines
2022-12-25 21:16:54.124 12683-12755 AudioTrack              pid-12683                            V  obtainBuffer(192) returned 192 = 192 + 0 err 0
2022-12-25 21:16:54.128 12683-12755 AudioTrack              pid-12683                            V  obtainBuffer(192) returned 192 = 64 + 128 err 0
2022-12-25 21:16:54.128 12683-12755 AudioTrack              pid-12683                            V  obtainBuffer(128) returned 128 = 128 + 0 err 0
2022-12-25 21:16:54.132 12683-12755 AudioTrack              pid-12683                            V  obtainBuffer(192) returned 192 = 192 + 0 err 0
2022-12-25 21:16:54.204 12683-12755 chatty                  pid-12683                            I  uid=10213(com.inforcegames.app3dmodelling) AudioTrack identical 18 lines
2022-12-25 21:16:54.208 12683-12755 AudioTrack              pid-12683                            V  obtainBuffer(192) returned 192 = 192 + 0 err 0
2022-12-25 21:16:54.212 12683-12755 AudioTrack              pid-12683                            V  obtainBuffer(192) returned 192 = 128 + 64 err 0
2022-12-25 21:16:54.212 12683-12755 AudioTrack              pid-12683                            V  obtainBuffer(64) returned 64 = 64 + 0 err 0
2022-12-25 21:16:54.216 12683-12755 AudioTrack              pid-12683                            V  obtainBuffer(192) returned 192 = 192 + 0 err 0
2022-12-25 21:16:54.216  1302-1457  ThermalEngine           pid-1302                             D  sensor_wait: backlight_therm Wait done.
2022-12-25 21:16:54.218  1302-1457  ThermalEngine           pid-1302                             D  sensor_monitor: backlight_therm Reading 37000 .
2022-12-25 21:16:54.218  1302-1457  ThermalEngine           pid-1302                             I  Sensor:backlight_therm:37000 mC
2022-12-25 21:16:54.218  1302-1457  ThermalEngine           pid-1302                             D  update_active_thresh: backlight_therm Active(1), Hi(1) 45000, Lo(0) -2147483648, desc(0) Interval(1) 2000
2022-12-25 21:16:54.218  1302-1457  ThermalEngine           pid-1302                             D  sensor_monitor: backlight_therm Sensor wait.
